========== HNSW Search Test ==========

Timestamp: Wed Dec  3 14:38:55 2025

Command line arguments:
  argv[0]: ./hng
  argv[1]: --base
  argv[2]: data_o/glove/base.txt
  argv[3]: --query
  argv[4]: data_o/glove/query.txt
  argv[5]: --truth
  argv[6]: data_o/glove/truth.txt
  argv[7]: --k
  argv[8]: 10
  argv[9]: --m
  argv[10]: 40
  argv[11]: --max_layer
  argv[12]: 17
  argv[13]: --efc
  argv[14]: 648
  argv[15]: --efs
  argv[16]: 888
  argv[17]: --threads
  argv[18]: 32
  argv[19]: --ablate_csr
  argv[20]: 0
  argv[21]: --ablate_prefetch
  argv[22]: 0
  argv[23]: --ablate_simd
  argv[24]: 0
  argv[25]: --ablate_pruning
  argv[26]: 0
  argv[27]: --ablate_heap
  argv[28]: 1
  argv[29]: --ablate_flat_index
  argv[30]: 0

Configuration:
  Base file: data_o/glove/base.txt
  Query file: data_o/glove/query.txt
  Truth file: data_o/glove/truth.txt
  K: 10
  M: 40
  Max layer: 17
  EFC: 648
  EFS: 888
  Threads: 32
  Debug: -1

HNSW parameters set.

Ablation flags: csr=0, prefetch=0, simd=0, pruning=0, heap=1

Loading base vectors...
Loaded base from binary cache: data_o/glove/base.txt.bin
✓ Base loaded in 2133.564791 ms

Loading query vectors...
Loaded queries from binary cache: data_o/glove/query.txt.bin
✓ Queries loaded in 71.799574 ms

Loading ground truth...
Loaded truth from binary cache: data_o/glove/truth.txt.bin
✓ Truth loaded in 70.755610 ms

Data Summary:
  Dimension d=100, Base vectors=1183514, Queries=10000


Building HNSW index...
✓ Index built.
  build_time(local)=3724.152615 ms
  build_time(internal)=3719.388224 ms


========== GRAPH QUALITY ==========

  num_nodes: 1183514

  max_level (entry point): 3

  actual_max_layer: 3

  avg_degree_l0: 53.592711

  avg_degree_upper: 0.210526


  Layer Distribution:

    L0: 1183514 nodes (100.00%)

    L1: 29501 nodes (2.49%)

    L2: 762 nodes (0.06%)

    L3: 23 nodes (0.00%)



Executing queries...

  Processed 1000 queries

  Processed 2000 queries

  Processed 3000 queries

  Processed 4000 queries

  Processed 5000 queries

  Processed 6000 queries

  Processed 7000 queries

  Processed 8000 queries

  Processed 9000 queries

  Processed 10000 queries


========== RESULTS ==========

Total queries: 10000

Average recall@10: 0.993140

Average query time: 2.895684 ms

Total query time: 28956.838343 ms


========== DISTANCE STATISTICS ==========

Total queries reported by index: 10000

Total distance computations: 346132320

Average distance ops per query: 34613.232000

Last query distance ops: 26797


========== PERFORMANCE SUMMARY ==========

Data loading time: 2276.119975 ms

Index build time: 3719.388224 ms

Query execution time: 28956.838343 ms

Total elapsed time: 34957.110933 ms


========== EFFICIENCY METRICS ==========

Queries per second: 345.341569

Distance ops per second: 11953387.862998


========== END OF LOG ==========

Log saved to: Log/run_20251203_143855_890.log

