timestamp_start: 2025-11-25T06:57:40.281443
timestamp_end: 2025-11-25T07:04:07.581138
duration_s: 387.299695
cmd: ./hn --k 10 --m 13 --efc 270 --efs 192
returncode: 0

=== STDOUT ===
[cache] loaded base vectors from data_o/sift/base.txt.bin
Building index...
[Timing] Parallel Build: 369576 ms for 1000000 points.
Index built in 370 seconds
Loading queries and ground truth...
Loaded 1000 ground truth entries
Running queries...
Processed 50 queries
Processed 100 queries
Processed 150 queries
Processed 200 queries
Processed 250 queries
Processed 300 queries
Processed 350 queries
Processed 400 queries
Processed 450 queries
Processed 500 queries
Processed 550 queries
Processed 600 queries
Processed 650 queries
Processed 700 queries
Processed 750 queries
Processed 800 queries
Processed 850 queries
Processed 900 queries
Processed 950 queries
Processed 1000 queries
=== Results ===
Total queries: 1000
Average recall@10: 0.9948
Average query time: 3.73 ms
Index build time: 370 seconds

=== STDERR ===
<empty stderr>
