========== HNSW Search Test ==========

Timestamp: Sun Dec  7 20:40:11 2025

Command line arguments:
  argv[0]: ./hng3
  argv[1]: --m
  argv[2]: 50
  argv[3]: --max_layer
  argv[4]: 15
  argv[5]: --efc
  argv[6]: 1386
  argv[7]: --efs
  argv[8]: 470

Configuration:
  Base file: data_o/glove/base.txt
  Query file: data_o/glove/query.txt
  Truth file: data_o/glove/truth.txt
  K: 10
  M: 50
  Max layer: 15
  EFC: 1386
  EFS: 470
  Threads: -1
  Debug: -1

HNSW parameters set.

Ablation flags: csr=0, prefetch=0, simd=0, pruning=0, heap=0

Loading base vectors...
✓ Base loaded in 2120.676671 ms

Loading query vectors...
✓ Queries loaded in 67.629896 ms

Loading ground truth...
✓ Truth loaded in 68.075453 ms

Data Summary:
  Dimension d=100, Base vectors=1183514, Queries=10000


Building HNSW index...
✓ Index built.
  build_time(local)=4312.029847 ms
  build_time(internal)=4306.947462 ms

Executing queries...

  Processed 1000 queries

  Processed 2000 queries

  Processed 3000 queries

  Processed 4000 queries

  Processed 5000 queries

  Processed 6000 queries

  Processed 7000 queries

  Processed 8000 queries

  Processed 9000 queries

  Processed 10000 queries


========== RESULTS ==========

Total queries: 10000

Average recall@10: 0.990980

Average query time: 1.977964 ms

Total query time: 19779.635011 ms


========== DISTANCE STATISTICS ==========

Total queries reported by index: 10000

Total distance computations: 295249792

Average distance ops per query: 29524.979200

Last query distance ops: 27203


========== PERFORMANCE SUMMARY ==========

Data loading time: 2256.382020 ms

Index build time: 4306.947462 ms

Query execution time: 19779.635011 ms

Total elapsed time: 26348.046878 ms


========== EFFICIENCY METRICS ==========

Queries per second: 505.570502

Distance ops per second: 14926958.552865


========== END OF LOG ==========

Log saved to: Log/run_20251207_204011_366.log

