========== HNSW Search Test ==========

Timestamp: Thu Dec  4 02:19:35 2025

Command line arguments:
  argv[0]: ./hng1
  argv[1]: --m
  argv[2]: 59
  argv[3]: --max_layer
  argv[4]: 3
  argv[5]: --efc
  argv[6]: 462
  argv[7]: --efs
  argv[8]: 560

Configuration:
  Base file: data_o/glove/base.txt
  Query file: data_o/glove/query.txt
  Truth file: data_o/glove/truth.txt
  K: 10
  M: 59
  Max layer: 3
  EFC: 462
  EFS: 560
  Threads: -1
  Debug: -1

HNSW parameters set.

Ablation flags: csr=0, prefetch=0, simd=0, pruning=0, heap=0

Loading base vectors...
✓ Base loaded in 3807.393621 ms

Loading query vectors...
✓ Queries loaded in 69.248109 ms

Loading ground truth...
✓ Truth loaded in 67.925298 ms

Data Summary:
  Dimension d=100, Base vectors=1183514, Queries=10000


Building HNSW index...
✓ Index built.
  build_time(local)=3631.316670 ms
  build_time(internal)=3626.360783 ms


========== GRAPH QUALITY ==========

  num_nodes: 1183514

  max_level (entry point): 3

  actual_max_layer: 3

  avg_degree_l0: 49.484386

  avg_degree_upper: 0.114550


  Layer Distribution:

    L0: 1183514 nodes (100.00%)

    L1: 20176 nodes (1.70%)

    L2: 333 nodes (0.03%)

    L3: 6 nodes (0.00%)



Executing queries...

  Processed 1000 queries

  Processed 2000 queries

  Processed 3000 queries

  Processed 4000 queries

  Processed 5000 queries

  Processed 6000 queries

  Processed 7000 queries

  Processed 8000 queries

  Processed 9000 queries

  Processed 10000 queries


========== RESULTS ==========

Total queries: 10000

Average recall@10: 0.984390

Average query time: 1.653534 ms

Total query time: 16535.342629 ms


========== DISTANCE STATISTICS ==========

Total queries reported by index: 10000

Total distance computations: 226354870

Average distance ops per query: 22635.487000

Last query distance ops: 17542


========== PERFORMANCE SUMMARY ==========

Data loading time: 3944.567028 ms

Index build time: 3626.360783 ms

Query execution time: 16535.342629 ms

Total elapsed time: 24111.226327 ms


========== EFFICIENCY METRICS ==========

Queries per second: 604.765213

Distance ops per second: 13689155.107256


========== END OF LOG ==========

Log saved to: Log/run_20251204_021935_447.log

