========== HNSW Search Test ==========

Timestamp: Sun Dec  7 20:40:36 2025

Command line arguments:
  argv[0]: ./hng3
  argv[1]: --m
  argv[2]: 50
  argv[3]: --max_layer
  argv[4]: 15
  argv[5]: --efc
  argv[6]: 1386
  argv[7]: --efs
  argv[8]: 455

Configuration:
  Base file: data_o/glove/base.txt
  Query file: data_o/glove/query.txt
  Truth file: data_o/glove/truth.txt
  K: 10
  M: 50
  Max layer: 15
  EFC: 1386
  EFS: 455
  Threads: -1
  Debug: -1

HNSW parameters set.

Ablation flags: csr=0, prefetch=0, simd=0, pruning=0, heap=0

Loading base vectors...
✓ Base loaded in 2132.983804 ms

Loading query vectors...
✓ Queries loaded in 67.400798 ms

Loading ground truth...
✓ Truth loaded in 71.320117 ms

Data Summary:
  Dimension d=100, Base vectors=1183514, Queries=10000


Building HNSW index...
✓ Index built.
  build_time(local)=4246.776064 ms
  build_time(internal)=4241.633993 ms

Executing queries...

  Processed 1000 queries

  Processed 2000 queries

  Processed 3000 queries

  Processed 4000 queries

  Processed 5000 queries

  Processed 6000 queries

  Processed 7000 queries

  Processed 8000 queries

  Processed 9000 queries

  Processed 10000 queries


========== RESULTS ==========

Total queries: 10000

Average recall@10: 0.990430

Average query time: 2.304421 ms

Total query time: 23044.214044 ms


========== DISTANCE STATISTICS ==========

Total queries reported by index: 10000

Total distance computations: 287055509

Average distance ops per query: 28705.550900

Last query distance ops: 26563


========== PERFORMANCE SUMMARY ==========

Data loading time: 2271.704719 ms

Index build time: 4241.633993 ms

Query execution time: 23044.214044 ms

Total elapsed time: 29562.694827 ms


========== EFFICIENCY METRICS ==========

Queries per second: 433.948408

Distance ops per second: 12456728.116303


========== END OF LOG ==========

Log saved to: Log/run_20251207_204036_931.log

