========== HNSW Search Test ==========

Timestamp: Thu Dec  4 09:59:45 2025

Command line arguments:
  argv[0]: ./hng1
  argv[1]: --m
  argv[2]: 52
  argv[3]: --max_layer
  argv[4]: 4
  argv[5]: --efc
  argv[6]: 605
  argv[7]: --efs
  argv[8]: 643

Configuration:
  Base file: data_o/glove/base.txt
  Query file: data_o/glove/query.txt
  Truth file: data_o/glove/truth.txt
  K: 10
  M: 52
  Max layer: 4
  EFC: 605
  EFS: 643
  Threads: -1
  Debug: -1

HNSW parameters set.

Ablation flags: csr=0, prefetch=0, simd=0, pruning=0, heap=0

Loading base vectors...
✓ Base loaded in 2066.029239 ms

Loading query vectors...
✓ Queries loaded in 66.528214 ms

Loading ground truth...
✓ Truth loaded in 65.886070 ms

Data Summary:
  Dimension d=100, Base vectors=1183514, Queries=10000


Building HNSW index...
✓ Index built.
  build_time(local)=3576.721449 ms
  build_time(internal)=3571.811996 ms


========== GRAPH QUALITY ==========

  num_nodes: 1183514

  max_level (entry point): 4

  actual_max_layer: 4

  avg_degree_l0: 54.973988

  avg_degree_upper: 0.138854


  Layer Distribution:

    L0: 1183514 nodes (100.00%)

    L1: 22966 nodes (1.94%)

    L2: 438 nodes (0.04%)

    L3: 8 nodes (0.00%)

    L4: 1 nodes (0.00%)



Executing queries...

  Processed 1000 queries

  Processed 2000 queries

  Processed 3000 queries

  Processed 4000 queries

  Processed 5000 queries

  Processed 6000 queries

  Processed 7000 queries

  Processed 8000 queries

  Processed 9000 queries

  Processed 10000 queries


========== RESULTS ==========

Total queries: 10000

Average recall@10: 0.990020

Average query time: 1.968873 ms

Total query time: 19688.734838 ms


========== DISTANCE STATISTICS ==========

Total queries reported by index: 10000

Total distance computations: 277126780

Average distance ops per query: 27712.678000

Last query distance ops: 21352


========== PERFORMANCE SUMMARY ==========

Data loading time: 2198.443523 ms

Index build time: 3571.811996 ms

Query execution time: 19688.734838 ms

Total elapsed time: 25463.899810 ms


========== EFFICIENCY METRICS ==========

Queries per second: 507.904651

Distance ops per second: 14075398.052755


========== END OF LOG ==========

Log saved to: Log/run_20251204_095945_574.log

