========== HNSW Search Test ==========

Timestamp: Wed Dec  3 20:39:44 2025

Command line arguments:
  argv[0]: ./hng1

Configuration:
  Base file: data_o/glove/base.txt
  Query file: data_o/glove/query.txt
  Truth file: data_o/glove/truth.txt
  K: 10
  M: -1
  Max layer: -1
  EFC: -1
  EFS: -1
  Threads: -1
  Debug: -1

Ablation flags: csr=0, prefetch=0, simd=0, pruning=0, heap=0

Loading base vectors...
✓ Base loaded in 2326.669799 ms

Loading query vectors...
✓ Queries loaded in 70.691302 ms

Loading ground truth...
✓ Truth loaded in 70.177249 ms

Data Summary:
  Dimension d=100, Base vectors=1183514, Queries=10000


Building HNSW index...
✓ Index built.
  build_time(local)=3802.205486 ms
  build_time(internal)=3797.438849 ms


========== GRAPH QUALITY ==========

  num_nodes: 1183514

  max_level (entry point): 4

  actual_max_layer: 4

  avg_degree_l0: 56.285950

  avg_degree_upper: 0.165520


  Layer Distribution:

    L0: 1183514 nodes (100.00%)

    L1: 23228 nodes (1.96%)

    L2: 465 nodes (0.04%)

    L3: 7 nodes (0.00%)

    L4: 1 nodes (0.00%)



Executing queries...

  Processed 1000 queries

  Processed 2000 queries

  Processed 3000 queries

  Processed 4000 queries

  Processed 5000 queries

  Processed 6000 queries

  Processed 7000 queries

  Processed 8000 queries

  Processed 9000 queries

  Processed 10000 queries


========== RESULTS ==========

Total queries: 10000

Average recall@10: 0.980890

Average query time: 1.488397 ms

Total query time: 14883.968246 ms


========== DISTANCE STATISTICS ==========

Total queries reported by index: 10000

Total distance computations: 198449228

Average distance ops per query: 19844.922800

Last query distance ops: 15986


========== PERFORMANCE SUMMARY ==========

Data loading time: 2467.538350 ms

Index build time: 3797.438849 ms

Query execution time: 14883.968246 ms

Total elapsed time: 21153.712082 ms


========== EFFICIENCY METRICS ==========

Queries per second: 671.863836

Distance ops per second: 13333085.956652


========== END OF LOG ==========

Log saved to: Log/run_20251203_203944_305.log

