========== HNSW Search Test ==========

Timestamp: Sat Dec  6 06:52:25 2025

Command line arguments:
  argv[0]: ./hng1
  argv[1]: --m
  argv[2]: 80
  argv[3]: --max_layer
  argv[4]: 11
  argv[5]: --efc
  argv[6]: 1301
  argv[7]: --efs
  argv[8]: 260

Configuration:
  Base file: data_o/glove/base.txt
  Query file: data_o/glove/query.txt
  Truth file: data_o/glove/truth.txt
  K: 10
  M: 80
  Max layer: 11
  EFC: 1301
  EFS: 260
  Threads: -1
  Debug: -1

HNSW parameters set.

Ablation flags: csr=0, prefetch=0, simd=0, pruning=0, heap=0

Loading base vectors...
✓ Base loaded in 2176.800694 ms

Loading query vectors...
✓ Queries loaded in 67.846273 ms

Loading ground truth...
✓ Truth loaded in 69.781908 ms

Data Summary:
  Dimension d=100, Base vectors=1183514, Queries=10000


Building HNSW index...
✓ Index built.
  build_time(local)=4106.462878 ms
  build_time(internal)=4101.653118 ms


========== GRAPH QUALITY ==========

  num_nodes: 1183514

  max_level (entry point): 3

  actual_max_layer: 3

  avg_degree_l0: 71.575383

  avg_degree_upper: 0.103061


  Layer Distribution:

    L0: 1183514 nodes (100.00%)

    L1: 14840 nodes (1.25%)

    L2: 186 nodes (0.02%)

    L3: 4 nodes (0.00%)



Executing queries...

  Processed 1000 queries

  Processed 2000 queries

  Processed 3000 queries

  Processed 4000 queries

  Processed 5000 queries

  Processed 6000 queries

  Processed 7000 queries

  Processed 8000 queries

  Processed 9000 queries

  Processed 10000 queries


========== RESULTS ==========

Total queries: 10000

Average recall@10: 0.972850

Average query time: 1.082084 ms

Total query time: 10820.840798 ms


========== DISTANCE STATISTICS ==========

Total queries reported by index: 10000

Total distance computations: 163203437

Average distance ops per query: 16320.343700

Last query distance ops: 13375


========== PERFORMANCE SUMMARY ==========

Data loading time: 2314.428875 ms

Index build time: 4101.653118 ms

Query execution time: 10820.840798 ms

Total elapsed time: 17241.732551 ms


========== EFFICIENCY METRICS ==========

Queries per second: 924.142605

Distance ops per second: 15082324.936355


========== END OF LOG ==========

Log saved to: Log/run_20251206_065225_246.log

