========== HNSW Search Test ==========

Timestamp: Sun Dec  7 02:31:14 2025

Command line arguments:
  argv[0]: ./hng2
  argv[1]: --m
  argv[2]: 80
  argv[3]: --max_layer
  argv[4]: 7
  argv[5]: --efc
  argv[6]: 1000
  argv[7]: --efs
  argv[8]: 500

Configuration:
  Base file: data_o/glove/base.txt
  Query file: data_o/glove/query.txt
  Truth file: data_o/glove/truth.txt
  K: 10
  M: 80
  Max layer: 7
  EFC: 1000
  EFS: 500
  Threads: -1
  Debug: -1

HNSW parameters set.

Ablation flags: csr=0, prefetch=0, simd=0, pruning=0, heap=0

Loading base vectors...
✓ Base loaded in 2596.415602 ms

Loading query vectors...
✓ Queries loaded in 66.861881 ms

Loading ground truth...
✓ Truth loaded in 66.911835 ms

Data Summary:
  Dimension d=100, Base vectors=1183514, Queries=10000


Building HNSW index...
✓ Index built.
  build_time(local)=3843448.060706 ms
  build_time(internal)=3871044.111133 ms


========== GRAPH QUALITY ==========

  num_nodes: 1183514

  max_level (entry point): 3

  actual_max_layer: 3

  avg_degree_l0: 91.449963

  avg_degree_upper: 0.128239


  Layer Distribution:

    L0: 1183514 nodes (100.00%)

    L1: 14838 nodes (1.25%)

    L2: 171 nodes (0.01%)

    L3: 2 nodes (0.00%)



Executing queries...

  Processed 1000 queries

  Processed 2000 queries

  Processed 3000 queries

  Processed 4000 queries

  Processed 5000 queries

  Processed 6000 queries

  Processed 7000 queries

  Processed 8000 queries

  Processed 9000 queries

  Processed 10000 queries


========== RESULTS ==========

Total queries: 10000

Average recall@10: 0.994000

Average query time: 3.209690 ms

Total query time: 32096.898472 ms


========== DISTANCE STATISTICS ==========

Total queries reported by index: 10000

Total distance computations: 383433197

Average distance ops per query: 38343.319700

Last query distance ops: 37347


========== PERFORMANCE SUMMARY ==========

Data loading time: 2730.189318 ms

Index build time: 3871044.111133 ms

Query execution time: 32096.898472 ms

Total elapsed time: 3878275.148496 ms


========== EFFICIENCY METRICS ==========

Queries per second: 311.556583

Distance ops per second: 11946113.651277


========== END OF LOG ==========

Log saved to: Log/run_20251207_023114_853.log

