========== HNSW Search Test ==========

Timestamp: Thu Dec  4 00:14:02 2025

Command line arguments:
  argv[0]: ./hng1
  argv[1]: --m
  argv[2]: 39
  argv[3]: --max_layer
  argv[4]: 12
  argv[5]: --efc
  argv[6]: 400
  argv[7]: --efs
  argv[8]: 1040

Configuration:
  Base file: data_o/glove/base.txt
  Query file: data_o/glove/query.txt
  Truth file: data_o/glove/truth.txt
  K: 10
  M: 39
  Max layer: 12
  EFC: 400
  EFS: 1040
  Threads: -1
  Debug: -1

HNSW parameters set.

Ablation flags: csr=0, prefetch=0, simd=0, pruning=0, heap=0

Loading base vectors...
✓ Base loaded in 3107.601856 ms

Loading query vectors...
✓ Queries loaded in 71.426049 ms

Loading ground truth...
✓ Truth loaded in 70.030178 ms

Data Summary:
  Dimension d=100, Base vectors=1183514, Queries=10000


Building HNSW index...
✓ Index built.
  build_time(local)=3572.690123 ms
  build_time(internal)=3567.167790 ms


========== GRAPH QUALITY ==========

  num_nodes: 1183514

  max_level (entry point): 4

  actual_max_layer: 4

  avg_degree_l0: 44.621976

  avg_degree_upper: 0.149544


  Layer Distribution:

    L0: 1183514 nodes (100.00%)

    L1: 30122 nodes (2.55%)

    L2: 774 nodes (0.07%)

    L3: 16 nodes (0.00%)

    L4: 2 nodes (0.00%)



Executing queries...

  Processed 1000 queries

  Processed 2000 queries

