========== HNSW Search Test ==========

Timestamp: Thu Dec  4 11:19:26 2025

Command line arguments:
  argv[0]: ./hng1
  argv[1]: --m
  argv[2]: 43
  argv[3]: --max_layer
  argv[4]: 10
  argv[5]: --efc
  argv[6]: 735
  argv[7]: --efs
  argv[8]: 380

Configuration:
  Base file: data_o/glove/base.txt
  Query file: data_o/glove/query.txt
  Truth file: data_o/glove/truth.txt
  K: 10
  M: 43
  Max layer: 10
  EFC: 735
  EFS: 380
  Threads: -1
  Debug: -1

HNSW parameters set.

Ablation flags: csr=0, prefetch=0, simd=0, pruning=0, heap=0

Loading base vectors...
✓ Base loaded in 2097.445888 ms

Loading query vectors...
✓ Queries loaded in 68.116610 ms

Loading ground truth...
✓ Truth loaded in 67.226637 ms

Data Summary:
  Dimension d=100, Base vectors=1183514, Queries=10000


Building HNSW index...
✓ Index built.
  build_time(local)=3919.612759 ms
  build_time(internal)=3914.005925 ms


========== GRAPH QUALITY ==========

  num_nodes: 1183514

  max_level (entry point): 4

  actual_max_layer: 4

  avg_degree_l0: 56.845631

  avg_degree_upper: 0.141073


  Layer Distribution:

    L0: 1183514 nodes (100.00%)

    L1: 27546 nodes (2.33%)

    L2: 625 nodes (0.05%)

    L3: 12 nodes (0.00%)

    L4: 1 nodes (0.00%)



Executing queries...

  Processed 1000 queries

  Processed 2000 queries

  Processed 3000 queries

  Processed 4000 queries

  Processed 5000 queries

  Processed 6000 queries

  Processed 7000 queries

  Processed 8000 queries

  Processed 9000 queries

  Processed 10000 queries


========== RESULTS ==========

Total queries: 10000

Average recall@10: 0.976420

Average query time: 1.222344 ms

Total query time: 12223.440552 ms


========== DISTANCE STATISTICS ==========

Total queries reported by index: 10000

Total distance computations: 173923995

Average distance ops per query: 17392.399500

Last query distance ops: 14683


========== PERFORMANCE SUMMARY ==========

Data loading time: 2232.789135 ms

Index build time: 3914.005925 ms

Query execution time: 12223.440552 ms

Total elapsed time: 18375.842446 ms


========== EFFICIENCY METRICS ==========

Queries per second: 818.100269

Distance ops per second: 14228726.704246


========== END OF LOG ==========

Log saved to: Log/run_20251204_111926_994.log

