========== HNSW Search Test ==========

Timestamp: Sat Dec  6 22:56:14 2025

Command line arguments:
  argv[0]: ./hng2

Configuration:
  Base file: data_o/glove/base.txt
  Query file: data_o/glove/query.txt
  Truth file: data_o/glove/truth.txt
  K: 10
  M: -1
  Max layer: -1
  EFC: -1
  EFS: -1
  Threads: -1
  Debug: -1

Ablation flags: csr=0, prefetch=0, simd=0, pruning=0, heap=0

Loading base vectors...
✓ Base loaded in 2184.812324 ms

Loading query vectors...
✓ Queries loaded in 69.749308 ms

Loading ground truth...
✓ Truth loaded in 69.624241 ms

Data Summary:
  Dimension d=100, Base vectors=1183514, Queries=10000


Building HNSW index...
✓ Index built.
  build_time(local)=42228.564480 ms
  build_time(internal)=42223.614695 ms


========== GRAPH QUALITY ==========

  num_nodes: 1183514

  max_level (entry point): 4

  actual_max_layer: 4

  avg_degree_l0: 23.917294

  avg_degree_upper: 0.059339


  Layer Distribution:

    L0: 1183514 nodes (100.00%)

    L1: 14627 nodes (1.24%)

    L2: 200 nodes (0.02%)

    L3: 2 nodes (0.00%)

    L4: 1 nodes (0.00%)



Executing queries...

  Processed 1000 queries

  Processed 2000 queries

  Processed 3000 queries

  Processed 4000 queries

  Processed 5000 queries

  Processed 6000 queries

  Processed 7000 queries

  Processed 8000 queries

  Processed 9000 queries

  Processed 10000 queries


========== RESULTS ==========

Total queries: 10000

Average recall@10: 0.926020

Average query time: 1.964789 ms

Total query time: 19647.893431 ms


========== DISTANCE STATISTICS ==========

Total queries reported by index: 10000

Total distance computations: 285730479

Average distance ops per query: 28573.047900

Last query distance ops: 22896


========== PERFORMANCE SUMMARY ==========

Data loading time: 2324.185873 ms

Index build time: 42223.614695 ms

Query execution time: 19647.893431 ms

Total elapsed time: 64200.643784 ms


========== EFFICIENCY METRICS ==========

Queries per second: 508.960415

Distance ops per second: 14542550.324972


========== END OF LOG ==========

Log saved to: Log/run_20251206_225614_698.log

