========== HNSW Search Test ==========

Timestamp: Sat Dec  6 06:53:00 2025

Command line arguments:
  argv[0]: ./hng1
  argv[1]: --m
  argv[2]: 80
  argv[3]: --max_layer
  argv[4]: 11
  argv[5]: --efc
  argv[6]: 1301
  argv[7]: --efs
  argv[8]: 305

Configuration:
  Base file: data_o/glove/base.txt
  Query file: data_o/glove/query.txt
  Truth file: data_o/glove/truth.txt
  K: 10
  M: 80
  Max layer: 11
  EFC: 1301
  EFS: 305
  Threads: -1
  Debug: -1

HNSW parameters set.

Ablation flags: csr=0, prefetch=0, simd=0, pruning=0, heap=0

Loading base vectors...
✓ Base loaded in 2155.834372 ms

Loading query vectors...
✓ Queries loaded in 70.843158 ms

Loading ground truth...
✓ Truth loaded in 68.478582 ms

Data Summary:
  Dimension d=100, Base vectors=1183514, Queries=10000


Building HNSW index...
✓ Index built.
  build_time(local)=4068.649986 ms
  build_time(internal)=4063.845824 ms


========== GRAPH QUALITY ==========

  num_nodes: 1183514

  max_level (entry point): 3

  actual_max_layer: 3

  avg_degree_l0: 71.575383

  avg_degree_upper: 0.103061


  Layer Distribution:

    L0: 1183514 nodes (100.00%)

    L1: 14840 nodes (1.25%)

    L2: 186 nodes (0.02%)

    L3: 4 nodes (0.00%)



Executing queries...

  Processed 1000 queries

  Processed 2000 queries

  Processed 3000 queries

  Processed 4000 queries

  Processed 5000 queries

  Processed 6000 queries

  Processed 7000 queries

  Processed 8000 queries

  Processed 9000 queries

  Processed 10000 queries


========== RESULTS ==========

Total queries: 10000

Average recall@10: 0.978660

Average query time: 1.257899 ms

Total query time: 12578.991263 ms


========== DISTANCE STATISTICS ==========

Total queries reported by index: 10000

Total distance computations: 188019144

Average distance ops per query: 18801.914400

Last query distance ops: 15053


========== PERFORMANCE SUMMARY ==========

Data loading time: 2295.156112 ms

Index build time: 4063.845824 ms

Query execution time: 12578.991263 ms

Total elapsed time: 18942.797361 ms


========== EFFICIENCY METRICS ==========

Queries per second: 794.976305

Distance ops per second: 14947076.444281


========== END OF LOG ==========

Log saved to: Log/run_20251206_065300_191.log

