========== HNSW Search Test ==========

Timestamp: Thu Dec  4 07:13:05 2025

Command line arguments:
  argv[0]: ./hng1
  argv[1]: --m
  argv[2]: 50
  argv[3]: --max_layer
  argv[4]: 5
  argv[5]: --efc
  argv[6]: 630
  argv[7]: --efs
  argv[8]: 2000

Configuration:
  Base file: data_o/glove/base.txt
  Query file: data_o/glove/query.txt
  Truth file: data_o/glove/truth.txt
  K: 10
  M: 50
  Max layer: 5
  EFC: 630
  EFS: 2000
  Threads: -1
  Debug: -1

HNSW parameters set.

Ablation flags: csr=0, prefetch=0, simd=0, pruning=0, heap=0

Loading base vectors...
✓ Base loaded in 2058.369067 ms

Loading query vectors...
✓ Queries loaded in 71.477645 ms

Loading ground truth...
✓ Truth loaded in 64.754510 ms

Data Summary:
  Dimension d=100, Base vectors=1183514, Queries=10000


Building HNSW index...
✓ Index built.
  build_time(local)=728074.693139 ms
  build_time(internal)=713742.315778 ms


========== GRAPH QUALITY ==========

  num_nodes: 1183514

  max_level (entry point): 3

  actual_max_layer: 3

  avg_degree_l0: 55.584567

  avg_degree_upper: 0.182471


  Layer Distribution:

    L0: 1183514 nodes (100.00%)

    L1: 23578 nodes (1.99%)

    L2: 485 nodes (0.04%)

    L3: 12 nodes (0.00%)



Executing queries...

  Processed 1000 queries

  Processed 2000 queries

  Processed 3000 queries

  Processed 4000 queries

  Processed 5000 queries

  Processed 6000 queries

  Processed 7000 queries

  Processed 8000 queries

  Processed 9000 queries

  Processed 10000 queries


========== RESULTS ==========

Total queries: 10000

Average recall@10: 0.998820

Average query time: 6.037107 ms

Total query time: 60371.073663 ms


========== DISTANCE STATISTICS ==========

Total queries reported by index: 10000

Total distance computations: 739737812

Average distance ops per query: 73973.781200

Last query distance ops: 50884


========== PERFORMANCE SUMMARY ==========

Data loading time: 2194.601222 ms

Index build time: 713742.315778 ms

Query execution time: 60371.073663 ms

Total elapsed time: 790640.368024 ms


========== EFFICIENCY METRICS ==========

Queries per second: 165.642242

Distance ops per second: 12253182.975167


========== END OF LOG ==========

Log saved to: Log/run_20251204_071305_972.log

