========== HNSW Search Test ==========

Timestamp: Sun Dec  7 15:20:32 2025

Command line arguments:
  argv[0]: ./hng3
  argv[1]: --m
  argv[2]: 59
  argv[3]: --max_layer
  argv[4]: 7
  argv[5]: --efc
  argv[6]: 763
  argv[7]: --efs
  argv[8]: 400

Configuration:
  Base file: data_o/glove/base.txt
  Query file: data_o/glove/query.txt
  Truth file: data_o/glove/truth.txt
  K: 10
  M: 59
  Max layer: 7
  EFC: 763
  EFS: 400
  Threads: -1
  Debug: -1

HNSW parameters set.

Ablation flags: csr=0, prefetch=0, simd=0, pruning=0, heap=0

Loading base vectors...
✓ Base loaded in 2090.774907 ms

Loading query vectors...
✓ Queries loaded in 65.693206 ms

Loading ground truth...
✓ Truth loaded in 67.003374 ms

Data Summary:
  Dimension d=100, Base vectors=1183514, Queries=10000


Building HNSW index...
✓ Index built.
  build_time(local)=4181.931505 ms
  build_time(internal)=4177.406694 ms

Executing queries...

  Processed 1000 queries

  Processed 2000 queries

  Processed 3000 queries

  Processed 4000 queries

  Processed 5000 queries

  Processed 6000 queries

  Processed 7000 queries

  Processed 8000 queries

  Processed 9000 queries

  Processed 10000 queries


========== RESULTS ==========

Total queries: 10000

Average recall@10: 0.988480

Average query time: 2.057618 ms

Total query time: 20576.179720 ms


========== DISTANCE STATISTICS ==========

Total queries reported by index: 10000

Total distance computations: 262921266

Average distance ops per query: 26292.126600

Last query distance ops: 26151


========== PERFORMANCE SUMMARY ==========

Data loading time: 2223.471487 ms

Index build time: 4177.406694 ms

Query execution time: 20576.179720 ms

Total elapsed time: 26981.582712 ms


========== EFFICIENCY METRICS ==========

Queries per second: 485.998865

Distance ops per second: 12777943.698870


========== END OF LOG ==========

Log saved to: Log/run_20251207_152032_739.log

