========== HNSW Search Test ==========

Timestamp: Sat Dec  6 23:00:13 2025

Command line arguments:
  argv[0]: ./hng2

Configuration:
  Base file: data_o/glove/base.txt
  Query file: data_o/glove/query.txt
  Truth file: data_o/glove/truth.txt
  K: 10
  M: -1
  Max layer: -1
  EFC: -1
  EFS: -1
  Threads: -1
  Debug: -1

Ablation flags: csr=0, prefetch=0, simd=0, pruning=0, heap=0

Loading base vectors...
✓ Base loaded in 2187.409172 ms

Loading query vectors...
✓ Queries loaded in 66.270903 ms

Loading ground truth...
✓ Truth loaded in 75.799642 ms

Data Summary:
  Dimension d=100, Base vectors=1183514, Queries=10000


Building HNSW index...
✓ Index built.
  build_time(local)=57129.836398 ms
  build_time(internal)=57124.749375 ms


========== GRAPH QUALITY ==========

  num_nodes: 1183514

  max_level (entry point): 4

  actual_max_layer: 4

  avg_degree_l0: 7.201474

  avg_degree_upper: 0.025489


  Layer Distribution:

    L0: 1183514 nodes (100.00%)

    L1: 14627 nodes (1.24%)

    L2: 200 nodes (0.02%)

    L3: 2 nodes (0.00%)

    L4: 1 nodes (0.00%)



Executing queries...

  Processed 1000 queries

  Processed 2000 queries

  Processed 3000 queries

  Processed 4000 queries

  Processed 5000 queries

  Processed 6000 queries

  Processed 7000 queries

  Processed 8000 queries

  Processed 9000 queries

  Processed 10000 queries


========== RESULTS ==========

Total queries: 10000

Average recall@10: 0.815180

Average query time: 1.588745 ms

Total query time: 15887.447509 ms


========== DISTANCE STATISTICS ==========

Total queries reported by index: 10000

Total distance computations: 112254821

Average distance ops per query: 11225.482100

Last query distance ops: 10695


========== PERFORMANCE SUMMARY ==========

Data loading time: 2329.479717 ms

Index build time: 57124.749375 ms

Query execution time: 15887.447509 ms

Total elapsed time: 75346.763624 ms


========== EFFICIENCY METRICS ==========

Queries per second: 629.427729

Distance ops per second: 7065629.701461


========== END OF LOG ==========

Log saved to: Log/run_20251206_230013_783.log

