========== HNSW Search Test ==========

Timestamp: Thu Dec  4 06:34:41 2025

Command line arguments:
  argv[0]: ./hng1
  argv[1]: --m
  argv[2]: 56
  argv[3]: --max_layer
  argv[4]: 11
  argv[5]: --efc
  argv[6]: 541
  argv[7]: --efs
  argv[8]: 673

Configuration:
  Base file: data_o/glove/base.txt
  Query file: data_o/glove/query.txt
  Truth file: data_o/glove/truth.txt
  K: 10
  M: 56
  Max layer: 11
  EFC: 541
  EFS: 673
  Threads: -1
  Debug: -1

HNSW parameters set.

Ablation flags: csr=0, prefetch=0, simd=0, pruning=0, heap=0

Loading base vectors...
✓ Base loaded in 2189.641105 ms

Loading query vectors...
✓ Queries loaded in 68.881458 ms

Loading ground truth...
✓ Truth loaded in 68.203115 ms

Data Summary:
  Dimension d=100, Base vectors=1183514, Queries=10000


Building HNSW index...
✓ Index built.
  build_time(local)=3660.278502 ms
  build_time(internal)=3655.580068 ms


========== GRAPH QUALITY ==========

  num_nodes: 1183514

  max_level (entry point): 3

  actual_max_layer: 3

  avg_degree_l0: 52.848949

  avg_degree_upper: 0.173348


  Layer Distribution:

    L0: 1183514 nodes (100.00%)

    L1: 20962 nodes (1.77%)

    L2: 410 nodes (0.03%)

    L3: 7 nodes (0.00%)



Executing queries...

  Processed 1000 queries

  Processed 2000 queries

  Processed 3000 queries

  Processed 4000 queries

  Processed 5000 queries

  Processed 6000 queries

  Processed 7000 queries

  Processed 8000 queries

  Processed 9000 queries

  Processed 10000 queries


========== RESULTS ==========

Total queries: 10000

Average recall@10: 0.989940

Average query time: 2.020794 ms

Total query time: 20207.944307 ms


========== DISTANCE STATISTICS ==========

Total queries reported by index: 10000

Total distance computations: 280392372

Average distance ops per query: 28039.237200

Last query distance ops: 21068


========== PERFORMANCE SUMMARY ==========

Data loading time: 2326.725678 ms

Index build time: 3655.580068 ms

Query execution time: 20207.944307 ms

Total elapsed time: 26194.948487 ms


========== EFFICIENCY METRICS ==========

Queries per second: 494.854887

Distance ops per second: 13875353.560969


========== END OF LOG ==========

Log saved to: Log/run_20251204_063441_708.log

