========== HNSW Search Test ==========

========== HNSW Search Test ==========

Timestamp: Thu Dec  4 15:04:48 2025

Command line arguments:
Timestamp: Thu Dec  4 15:04:48 2025

  argv[0]: ./hng1
Command line arguments:
  argv[1]: --base
  argv[0]: ./hng1
  argv[2]: data_o/glove/base.txt
  argv[1]: --base
  argv[3]: --query
  argv[2]: data_o/glove/base.txt
  argv[4]: data_o/glove/query.txt
  argv[3]: --query
  argv[5]: --truth
  argv[4]: data_o/glove/query.txt
  argv[6]: data_o/glove/truth.txt
  argv[5]: --truth
  argv[7]: --k
  argv[6]: data_o/glove/truth.txt
  argv[8]: 10
  argv[7]: --k
  argv[9]: --m
  argv[8]: 10
  argv[10]: 43
  argv[9]: --m
  argv[11]: --max_layer
  argv[10]: 43
  argv[12]: 10
  argv[11]: --max_layer
  argv[13]: --efc
  argv[12]: 10
  argv[14]: 735
  argv[13]: --efc
  argv[15]: --efs
  argv[14]: 735
  argv[16]: 660
  argv[15]: --efs
  argv[17]: --threads
  argv[16]: 660
  argv[18]: 32
  argv[17]: --threads
  argv[19]: --ablate_csr
  argv[18]: 32
  argv[20]: 0
  argv[19]: --ablate_csr
  argv[21]: --ablate_prefetch
  argv[20]: 1
  argv[22]: 0
  argv[21]: --ablate_prefetch
  argv[23]: --ablate_simd
  argv[22]: 1
  argv[24]: 0
  argv[23]: --ablate_simd
  argv[25]: --ablate_pruning
  argv[24]: 1
  argv[26]: 0
  argv[25]: --ablate_pruning
  argv[27]: --ablate_heap
  argv[26]: 1
  argv[27]: --ablate_heap
  argv[28]: 0
  argv[28]: 1
  argv[29]: --ablate_flat_index
  argv[29]: --ablate_flat_index
  argv[30]: 1
  argv[30]: 1
  argv[31]: --ablate_reorder
  argv[31]: --ablate_reorder
  argv[32]: 0
  argv[32]: 1

Configuration:

Configuration:
  Base file: data_o/glove/base.txt
  Base file: data_o/glove/base.txt
  Query file: data_o/glove/query.txt
  Query file: data_o/glove/query.txt
  Truth file: data_o/glove/truth.txt
  Truth file: data_o/glove/truth.txt
  K: 10
  K: 10
  M: 43
  M: 43
  Max layer: 10
  Max layer: 10
  EFC: 735
  EFC: 735
  EFS: 660
  EFS: 660
  Threads: 32
  Threads: 32
  Debug: -1
  Debug: -1


HNSW parameters set.

HNSW parameters set.

Ablation flags: csr=0, prefetch=0, simd=0, pruning=0, heap=0

Ablation flags: csr=1, prefetch=1, simd=1, pruning=1, heap=1

Loading base vectors...
Loading base vectors...
✓ Base loaded in 9546.904808 ms

Loading query vectors...
✓ Base loaded in 9552.136603 ms

Loading query vectors...
✓ Queries loaded in 288.840109 ms

Loading ground truth...
✓ Queries loaded in 286.173224 ms

Loading ground truth...
✓ Truth loaded in 309.601081 ms

Data Summary:
  Dimension d=100, Base vectors=1183514, Queries=10000


Building HNSW index...
✓ Truth loaded in 311.444086 ms

Data Summary:
  Dimension d=100, Base vectors=1183514, Queries=10000


Building HNSW index...
✓ Index built.
  build_time(local)=15072.029278 ms
  build_time(internal)=15059.257802 ms


========== GRAPH QUALITY ==========

  num_nodes: 1183514

  max_level (entry point): 4

  actual_max_layer: 4

  avg_degree_l0: 56.845631

  avg_degree_upper: 0.141073


  Layer Distribution:

    L0: 1183514 nodes (100.00%)

    L1: 27546 nodes (2.33%)

    L2: 625 nodes (0.05%)

    L3: 12 nodes (0.00%)

    L4: 1 nodes (0.00%)



Executing queries...

✓ Index built.
  build_time(local)=20297.590739 ms
  build_time(internal)=15054.829602 ms


========== GRAPH QUALITY ==========

  num_nodes: 0

  max_level (entry point): 0

  actual_max_layer: 0

  avg_degree_l0: 0.000000

  avg_degree_upper: 0.000000


  Layer Distribution:

    L0: 0 nodes (0.00%)



Executing queries...

  Processed 1000 queries

  Processed 2000 queries

  Processed 1000 queries

  Processed 3000 queries

  Processed 4000 queries

  Processed 5000 queries

  Processed 2000 queries

  Processed 6000 queries

  Processed 7000 queries

  Processed 3000 queries

  Processed 8000 queries

  Processed 9000 queries

  Processed 10000 queries


========== RESULTS ==========

Total queries: 10000

Average recall@10: 0.990380

Average query time: 12.648109 ms

Total query time: 126481.089457 ms


========== DISTANCE STATISTICS ==========

Total queries reported by index: 10000

Total distance computations: 283226977

Average distance ops per query: 28322.697700

Last query distance ops: 22469


========== PERFORMANCE SUMMARY ==========

Data loading time: 10145.345998 ms

Index build time: 15059.257802 ms

Query execution time: 126481.089457 ms

Total elapsed time: 151698.464733 ms


========== EFFICIENCY METRICS ==========

Queries per second: 79.063203

Distance ops per second: 2239283.186253


========== END OF LOG ==========

Log saved to: Log/run_20251204_150448_000.log

  Processed 4000 queries

  Processed 5000 queries

  Processed 6000 queries

  Processed 7000 queries

  Processed 8000 queries

  Processed 9000 queries

  Processed 10000 queries


========== RESULTS ==========

Total queries: 10000

Average recall@10: 0.000000

Average query time: 29.169475 ms

Total query time: 291694.751936 ms


========== DISTANCE STATISTICS ==========

Total queries reported by index: 10000

Total distance computations: 283422547

Average distance ops per query: 28342.254700

Last query distance ops: 22705


========== PERFORMANCE SUMMARY ==========

Data loading time: 10149.753913 ms

Index build time: 15054.829602 ms

Query execution time: 291694.751936 ms

Total elapsed time: 322142.096588 ms


========== EFFICIENCY METRICS ==========

Queries per second: 34.282413

Distance ops per second: 971640.885271


========== END OF LOG ==========

Log saved to: Log/run_20251204_150448_000.log

