========== HNSW Search Test ==========

Timestamp: Sat Dec  6 09:35:32 2025

Command line arguments:
  argv[0]: ./hng1
  argv[1]: --m
  argv[2]: 67
  argv[3]: --max_layer
  argv[4]: 6
  argv[5]: --efc
  argv[6]: 985
  argv[7]: --efs
  argv[8]: 358

Configuration:
  Base file: data_o/glove/base.txt
  Query file: data_o/glove/query.txt
  Truth file: data_o/glove/truth.txt
  K: 10
  M: 67
  Max layer: 6
  EFC: 985
  EFS: 358
  Threads: -1
  Debug: -1

HNSW parameters set.

Ablation flags: csr=0, prefetch=0, simd=0, pruning=0, heap=0

Loading base vectors...
✓ Base loaded in 2212.526422 ms

Loading query vectors...
✓ Queries loaded in 67.923375 ms

Loading ground truth...
✓ Truth loaded in 68.757139 ms

Data Summary:
  Dimension d=100, Base vectors=1183514, Queries=10000


Building HNSW index...
✓ Index built.
  build_time(local)=3971.744528 ms
  build_time(internal)=3966.745646 ms


========== GRAPH QUALITY ==========

  num_nodes: 1183514

  max_level (entry point): 3

  actual_max_layer: 3

  avg_degree_l0: 65.869713

  avg_degree_upper: 0.106636


  Layer Distribution:

    L0: 1183514 nodes (100.00%)

    L1: 17554 nodes (1.48%)

    L2: 268 nodes (0.02%)

    L3: 5 nodes (0.00%)



Executing queries...

  Processed 1000 queries

  Processed 2000 queries

  Processed 3000 queries

  Processed 4000 queries

  Processed 5000 queries

  Processed 6000 queries

  Processed 7000 queries

  Processed 8000 queries

  Processed 9000 queries

  Processed 10000 queries


========== RESULTS ==========

Total queries: 10000

Average recall@10: 0.979630

Average query time: 1.361692 ms

Total query time: 13616.924719 ms


========== DISTANCE STATISTICS ==========

Total queries reported by index: 10000

Total distance computations: 198459602

Average distance ops per query: 19845.960200

Last query distance ops: 15790


========== PERFORMANCE SUMMARY ==========

Data loading time: 2349.206936 ms

Index build time: 3966.745646 ms

Query execution time: 13616.924719 ms

Total elapsed time: 19937.876183 ms


========== EFFICIENCY METRICS ==========

Queries per second: 734.380207

Distance ops per second: 14574480.368764


========== END OF LOG ==========

Log saved to: Log/run_20251206_093532_542.log

