========== HNSW Search Test ==========

========== HNSW Search Test ==========

Timestamp: Thu Dec  4 20:31:09 2025

Command line arguments:
Timestamp: Thu Dec  4 20:31:09 2025

  argv[0]: ./hng1
Command line arguments:
  argv[1]: --base
  argv[0]: ./hng1
  argv[2]: data_o/glove/base.txt
  argv[1]: --base
  argv[3]: --query
  argv[2]: data_o/glove/base.txt
  argv[4]: data_o/glove/query.txt
  argv[3]: --query
  argv[5]: --truth
  argv[4]: data_o/glove/query.txt
  argv[6]: data_o/glove/truth.txt
  argv[5]: --truth
  argv[7]: --k
  argv[6]: data_o/glove/truth.txt
  argv[8]: 10
  argv[7]: --k
  argv[9]: --m
  argv[8]: 10
  argv[10]: 59
  argv[9]: --m
  argv[11]: --max_layer
  argv[10]: 59
  argv[12]: 5
  argv[11]: --max_layer
  argv[13]: --efc
  argv[12]: 5
  argv[14]: 763
  argv[13]: --efc
  argv[15]: --efs
  argv[14]: 763
  argv[16]: 425
  argv[15]: --efs
  argv[17]: --threads
  argv[16]: 425
  argv[18]: 32
  argv[17]: --threads
  argv[19]: --ablate_csr
  argv[18]: 32
  argv[20]: 0
  argv[19]: --ablate_csr
  argv[21]: --ablate_prefetch
  argv[20]: 1
  argv[22]: 0
  argv[21]: --ablate_prefetch
  argv[23]: --ablate_simd
  argv[22]: 0
  argv[24]: 0
  argv[23]: --ablate_simd
  argv[25]: --ablate_pruning
  argv[24]: 0
  argv[26]: 0
  argv[25]: --ablate_pruning
  argv[27]: --ablate_heap
  argv[26]: 0
  argv[28]: 0
  argv[27]: --ablate_heap
  argv[29]: --ablate_flat_index
  argv[28]: 0
  argv[30]: 0
  argv[29]: --ablate_flat_index
  argv[31]: --ablate_reorder
  argv[30]: 0
  argv[32]: 0
  argv[31]: --ablate_reorder

Configuration:
  argv[32]: 0
  Base file: data_o/glove/base.txt

Configuration:
  Query file: data_o/glove/query.txt
  Base file: data_o/glove/base.txt
  Truth file: data_o/glove/truth.txt
  Query file: data_o/glove/query.txt
  K: 10
  Truth file: data_o/glove/truth.txt
  M: 59
  K: 10
  Max layer: 5
  M: 59
  EFC: 763
  Max layer: 5
  EFS: 425
  EFC: 763
  Threads: 32
  EFS: 425
  Debug: -1
  Threads: 32

  Debug: -1
HNSW parameters set.


Ablation flags: csr=0, prefetch=0, simd=0, pruning=0, heap=0

HNSW parameters set.

Loading base vectors...
Ablation flags: csr=1, prefetch=0, simd=0, pruning=0, heap=0

Loading base vectors...
✓ Base loaded in 17390.723818 ms

Loading query vectors...
✓ Base loaded in 17422.566397 ms

Loading query vectors...
✓ Queries loaded in 244.000579 ms

Loading ground truth...
✓ Queries loaded in 223.068453 ms

Loading ground truth...
✓ Truth loaded in 223.727558 ms

Data Summary:
  Dimension d=100, Base vectors=1183514, Queries=10000


Building HNSW index...
✓ Truth loaded in 228.135716 ms

Data Summary:
  Dimension d=100, Base vectors=1183514, Queries=10000


Building HNSW index...
✓ Index built.
  build_time(local)=30914.958146 ms
  build_time(internal)=30905.735203 ms


========== GRAPH QUALITY ==========

  num_nodes: 1183514

  max_level (entry point): 3

  actual_max_layer: 3

  avg_degree_l0: 60.350342

  avg_degree_upper: 0.146105


  Layer Distribution:

    L0: 1183514 nodes (100.00%)

    L1: 20263 nodes (1.71%)

    L2: 320 nodes (0.03%)

    L3: 5 nodes (0.00%)



Executing queries...

✓ Index built.
  build_time(local)=38344.277537 ms
  build_time(internal)=30939.691181 ms


========== GRAPH QUALITY ==========

  num_nodes: 0

  max_level (entry point): 0

  actual_max_layer: 0

  avg_degree_l0: 0.000000

  avg_degree_upper: 0.000000


  Layer Distribution:

    L0: 0 nodes (0.00%)



Executing queries...

  Processed 1000 queries

  Processed 1000 queries

  Processed 2000 queries

  Processed 3000 queries

  Processed 2000 queries

  Processed 4000 queries

  Processed 5000 queries

  Processed 6000 queries

  Processed 3000 queries

  Processed 7000 queries

  Processed 8000 queries

  Processed 4000 queries

  Processed 9000 queries

  Processed 10000 queries


========== RESULTS ==========

Total queries: 10000

Average recall@10: 0.982750

Average query time: 11.267754 ms

Total query time: 112677.537404 ms


========== DISTANCE STATISTICS ==========

Total queries reported by index: 10000

Total distance computations: 210934299

Average distance ops per query: 21093.429900

Last query distance ops: 16854


========== PERFORMANCE SUMMARY ==========

Data loading time: 17858.451955 ms

Index build time: 30905.735203 ms

Query execution time: 112677.537404 ms

Total elapsed time: 161450.947505 ms


========== EFFICIENCY METRICS ==========

Queries per second: 88.748833

Distance ops per second: 1872017.296968


========== END OF LOG ==========

Log saved to: Log/run_20251204_203109_519.log

  Processed 5000 queries

  Processed 6000 queries

  Processed 7000 queries

