========== HNSW Search Test ==========

Timestamp: Sun Dec  7 17:26:15 2025

Command line arguments:
  argv[0]: ./hng3
  argv[1]: --m
  argv[2]: 20
  argv[3]: --max_layer
  argv[4]: 10
  argv[5]: --efc
  argv[6]: 1326
  argv[7]: --efs
  argv[8]: 1640

Configuration:
  Base file: data_o/glove/base.txt
  Query file: data_o/glove/query.txt
  Truth file: data_o/glove/truth.txt
  K: 10
  M: 20
  Max layer: 10
  EFC: 1326
  EFS: 1640
  Threads: -1
  Debug: -1

HNSW parameters set.

Ablation flags: csr=0, prefetch=0, simd=0, pruning=0, heap=0

Loading base vectors...
✓ Base loaded in 2046.762528 ms

Loading query vectors...
✓ Queries loaded in 65.394005 ms

Loading ground truth...
✓ Truth loaded in 70.829983 ms

Data Summary:
  Dimension d=100, Base vectors=1183514, Queries=10000


Building HNSW index...
✓ Index built.
  build_time(local)=3215.741627 ms
  build_time(internal)=3210.555668 ms

Executing queries...

  Processed 1000 queries

  Processed 2000 queries

  Processed 3000 queries

  Processed 4000 queries

  Processed 5000 queries

  Processed 6000 queries

  Processed 7000 queries

  Processed 8000 queries

  Processed 9000 queries

  Processed 10000 queries


========== RESULTS ==========

Total queries: 10000

Average recall@10: 0.989300

Average query time: 3.210155 ms

Total query time: 32101.550016 ms


========== DISTANCE STATISTICS ==========

Total queries reported by index: 10000

Total distance computations: 375996097

Average distance ops per query: 37599.609700

Last query distance ops: 30412


========== PERFORMANCE SUMMARY ==========

Data loading time: 2182.986516 ms

Index build time: 3210.555668 ms

Query execution time: 32101.550016 ms

Total elapsed time: 37500.278159 ms


========== EFFICIENCY METRICS ==========

Queries per second: 311.511438

Distance ops per second: 11712708.477086


========== END OF LOG ==========

Log saved to: Log/run_20251207_172615_529.log

