========== HNSW Search Test ==========

Timestamp: Thu Dec  4 11:28:22 2025

Command line arguments:
  argv[0]: ./hng1
  argv[1]: --base
  argv[2]: data_o/glove/base.txt
  argv[3]: --query
  argv[4]: data_o/glove/query.txt
  argv[5]: --truth
  argv[6]: data_o/glove/truth.txt
  argv[7]: --k
  argv[8]: 10
  argv[9]: --m
  argv[10]: 51
  argv[11]: --max_layer
  argv[12]: 7
  argv[13]: --efc
  argv[14]: 648
  argv[15]: --efs
  argv[16]: 648
  argv[17]: --threads
  argv[18]: 32
  argv[19]: --ablate_csr
  argv[20]: 0
  argv[21]: --ablate_prefetch
  argv[22]: 0
  argv[23]: --ablate_simd
  argv[24]: 1
  argv[25]: --ablate_pruning
  argv[26]: 0
  argv[27]: --ablate_heap
  argv[28]: 0
  argv[29]: --ablate_flat_index
  argv[30]: 0
  argv[31]: --ablate_reorder
  argv[32]: 0

Configuration:
  Base file: data_o/glove/base.txt
  Query file: data_o/glove/query.txt
  Truth file: data_o/glove/truth.txt
  K: 10
  M: 51
  Max layer: 7
  EFC: 648
  EFS: 648
  Threads: 32
  Debug: -1

HNSW parameters set.

Ablation flags: csr=0, prefetch=0, simd=1, pruning=0, heap=0

Loading base vectors...
✓ Base loaded in 2291.186464 ms

Loading query vectors...
✓ Queries loaded in 70.067148 ms

Loading ground truth...
✓ Truth loaded in 69.693742 ms

Data Summary:
  Dimension d=100, Base vectors=1183514, Queries=10000


Building HNSW index...
✓ Index built.
  build_time(local)=3887.936187 ms
  build_time(internal)=3883.180392 ms


========== GRAPH QUALITY ==========

  num_nodes: 1183514

  max_level (entry point): 3

  actual_max_layer: 3

  avg_degree_l0: 56.289028

  avg_degree_upper: 0.162640


  Layer Distribution:

    L0: 1183514 nodes (100.00%)

    L1: 23143 nodes (1.96%)

    L2: 444 nodes (0.04%)

    L3: 5 nodes (0.00%)



Executing queries...

  Processed 1000 queries

  Processed 2000 queries

  Processed 3000 queries

  Processed 4000 queries

  Processed 5000 queries

  Processed 6000 queries

  Processed 7000 queries

  Processed 8000 queries

  Processed 9000 queries

  Processed 10000 queries


========== RESULTS ==========

Total queries: 10000

Average recall@10: 0.990140

Average query time: 1.987184 ms

Total query time: 19871.841074 ms


========== DISTANCE STATISTICS ==========

Total queries reported by index: 10000

Total distance computations: 283703342

Average distance ops per query: 28370.334200

Last query distance ops: 21937


========== PERFORMANCE SUMMARY ==========

Data loading time: 2430.947354 ms

Index build time: 3883.180392 ms

Query execution time: 19871.841074 ms

Total elapsed time: 26190.724615 ms


========== EFFICIENCY METRICS ==========

Queries per second: 503.224636

Distance ops per second: 14276651.113680


========== END OF LOG ==========

Log saved to: Log/run_20251204_112822_494.log

