========== HNSW Search Test ==========

Timestamp: Sun Dec  7 10:30:27 2025

Command line arguments:
  argv[0]: ./hng2
  argv[1]: --m
  argv[2]: 64
  argv[3]: --max_layer
  argv[4]: 7
  argv[5]: --efc
  argv[6]: 1300
  argv[7]: --efs
  argv[8]: 1000

Configuration:
  Base file: data_o/glove/base.txt
  Query file: data_o/glove/query.txt
  Truth file: data_o/glove/truth.txt
  K: 10
  M: 64
  Max layer: 7
  EFC: 1300
  EFS: 1000
  Threads: -1
  Debug: -1

HNSW parameters set.

Ablation flags: csr=0, prefetch=0, simd=0, pruning=0, heap=0

Loading base vectors...
✓ Base loaded in 3478.594247 ms

Loading query vectors...
✓ Queries loaded in 56.802026 ms

Loading ground truth...
✓ Truth loaded in 55.722260 ms

Data Summary:
  Dimension d=100, Base vectors=1183514, Queries=10000


Building HNSW index...
✓ Index built.
  build_time(local)=4251.398562 ms
  build_time(internal)=4246.721484 ms


========== GRAPH QUALITY ==========

  num_nodes: 1183514

  max_level (entry point): 3

  actual_max_layer: 3

  avg_degree_l0: 91.460638

  avg_degree_upper: 0.127515


  Layer Distribution:

    L0: 1183514 nodes (100.00%)

    L1: 18522 nodes (1.57%)

    L2: 265 nodes (0.02%)

    L3: 3 nodes (0.00%)



Executing queries...

  Processed 1000 queries

  Processed 2000 queries

  Processed 3000 queries

  Processed 4000 queries

  Processed 5000 queries

  Processed 6000 queries

  Processed 7000 queries

  Processed 8000 queries

  Processed 9000 queries

  Processed 10000 queries


========== RESULTS ==========

Total queries: 10000

Average recall@10: 0.998870

Average query time: 5.520670 ms

Total query time: 55206.703920 ms


========== DISTANCE STATISTICS ==========

Total queries reported by index: 10000

Total distance computations: 656750059

Average distance ops per query: 65675.006000

Last query distance ops: 57425


========== PERFORMANCE SUMMARY ==========

Data loading time: 3591.118533 ms

Index build time: 4246.721484 ms

Query execution time: 55206.703920 ms

Total elapsed time: 63049.221015 ms


========== EFFICIENCY METRICS ==========

Queries per second: 181.137422

Distance ops per second: 11896201.246713


========== END OF LOG ==========

Log saved to: Log/run_20251207_103027_327.log

