========== HNSW Search Test ==========

Timestamp: Thu Dec  4 13:53:36 2025

Command line arguments:
  argv[0]: ./hng1
  argv[1]: --base
  argv[2]: data_o/glove/base.txt
  argv[3]: --query
  argv[4]: data_o/glove/query.txt
  argv[5]: --truth
  argv[6]: data_o/glove/truth.txt
  argv[7]: --k
  argv[8]: 10
  argv[9]: --m
  argv[10]: 43
  argv[11]: --max_layer
  argv[12]: 10
  argv[13]: --efc
  argv[14]: 735
  argv[15]: --efs
  argv[16]: 600
  argv[17]: --threads
  argv[18]: 32
  argv[19]: --ablate_csr
  argv[20]: 0
  argv[21]: --ablate_prefetch
  argv[22]: 0
  argv[23]: --ablate_simd
  argv[24]: 1
  argv[25]: --ablate_pruning
  argv[26]: 0
  argv[27]: --ablate_heap
  argv[28]: 0
  argv[29]: --ablate_flat_index
  argv[30]: 0
  argv[31]: --ablate_reorder
  argv[32]: 0

Configuration:
  Base file: data_o/glove/base.txt
  Query file: data_o/glove/query.txt
  Truth file: data_o/glove/truth.txt
  K: 10
  M: 43
  Max layer: 10
  EFC: 735
  EFS: 600
  Threads: 32
  Debug: -1

HNSW parameters set.

Ablation flags: csr=0, prefetch=0, simd=1, pruning=0, heap=0

Loading base vectors...
✓ Base loaded in 2294.483984 ms

Loading query vectors...
✓ Queries loaded in 67.695391 ms

Loading ground truth...
✓ Truth loaded in 67.951565 ms

Data Summary:
  Dimension d=100, Base vectors=1183514, Queries=10000


Building HNSW index...
✓ Index built.
  build_time(local)=3782.528893 ms
  build_time(internal)=3777.626082 ms


========== GRAPH QUALITY ==========

  num_nodes: 1183514

  max_level (entry point): 4

  actual_max_layer: 4

  avg_degree_l0: 56.845631

  avg_degree_upper: 0.141073


  Layer Distribution:

    L0: 1183514 nodes (100.00%)

    L1: 27546 nodes (2.33%)

    L2: 625 nodes (0.05%)

    L3: 12 nodes (0.00%)

    L4: 1 nodes (0.00%)



Executing queries...

  Processed 1000 queries

  Processed 2000 queries

  Processed 3000 queries

  Processed 4000 queries

  Processed 5000 queries

  Processed 6000 queries

  Processed 7000 queries

  Processed 8000 queries

  Processed 9000 queries

  Processed 10000 queries


========== RESULTS ==========

Total queries: 10000

Average recall@10: 0.988320

Average query time: 2.301195 ms

Total query time: 23011.949740 ms


========== DISTANCE STATISTICS ==========

Total queries reported by index: 10000

Total distance computations: 260424051

Average distance ops per query: 26042.405100

Last query distance ops: 20858


========== PERFORMANCE SUMMARY ==========

Data loading time: 2430.130940 ms

Index build time: 3777.626082 ms

Query execution time: 23011.949740 ms

Total elapsed time: 29224.609573 ms


========== EFFICIENCY METRICS ==========

Queries per second: 434.556833

Distance ops per second: 11316905.083767


========== END OF LOG ==========

Log saved to: Log/run_20251204_135336_857.log

