========== HNSW Search Test ==========

Timestamp: Sun Dec  7 15:31:48 2025

Command line arguments:
  argv[0]: ./hng3
  argv[1]: --m
  argv[2]: 59
  argv[3]: --max_layer
  argv[4]: 7
  argv[5]: --efc
  argv[6]: 763
  argv[7]: --efs
  argv[8]: 435

Configuration:
  Base file: data_o/glove/base.txt
  Query file: data_o/glove/query.txt
  Truth file: data_o/glove/truth.txt
  K: 10
  M: 59
  Max layer: 7
  EFC: 763
  EFS: 435
  Threads: -1
  Debug: -1

HNSW parameters set.

Ablation flags: csr=0, prefetch=0, simd=0, pruning=0, heap=0

Loading base vectors...
✓ Base loaded in 2078.922006 ms

Loading query vectors...
✓ Queries loaded in 70.607425 ms

Loading ground truth...
✓ Truth loaded in 67.322298 ms

Data Summary:
  Dimension d=100, Base vectors=1183514, Queries=10000


Building HNSW index...
✓ Index built.
  build_time(local)=4319.261544 ms
  build_time(internal)=4314.344776 ms

Executing queries...

  Processed 1000 queries

  Processed 2000 queries

  Processed 3000 queries

  Processed 4000 queries

  Processed 5000 queries

  Processed 6000 queries

  Processed 7000 queries

  Processed 8000 queries

  Processed 9000 queries

  Processed 10000 queries


========== RESULTS ==========

Total queries: 10000

Average recall@10: 0.989950

Average query time: 1.870225 ms

Total query time: 18702.254148 ms


========== DISTANCE STATISTICS ==========

Total queries reported by index: 10000

Total distance computations: 282898347

Average distance ops per query: 28289.834700

Last query distance ops: 27964


========== PERFORMANCE SUMMARY ==========

Data loading time: 2216.851729 ms

Index build time: 4314.344776 ms

Query execution time: 18702.254148 ms

Total elapsed time: 25238.367421 ms


========== EFFICIENCY METRICS ==========

Queries per second: 534.694905

Distance ops per second: 15126430.469894


========== END OF LOG ==========

Log saved to: Log/run_20251207_153148_090.log

