========== HNSW Search Test ==========

Timestamp: Thu Dec  4 14:37:36 2025

Command line arguments:
  argv[0]: ./hng1
  argv[1]: --m
  argv[2]: 34
  argv[3]: --max_layer
  argv[4]: 7
  argv[5]: --efc
  argv[6]: 445
  argv[7]: --efs
  argv[8]: 925

Configuration:
  Base file: data_o/glove/base.txt
  Query file: data_o/glove/query.txt
  Truth file: data_o/glove/truth.txt
  K: 10
  M: 34
  Max layer: 7
  EFC: 445
  EFS: 925
  Threads: -1
  Debug: -1

HNSW parameters set.

Ablation flags: csr=0, prefetch=0, simd=0, pruning=0, heap=0

Loading base vectors...
✓ Base loaded in 2244.587693 ms

Loading query vectors...
✓ Queries loaded in 76.793177 ms

Loading ground truth...
✓ Truth loaded in 70.907827 ms

Data Summary:
  Dimension d=100, Base vectors=1183514, Queries=10000


Building HNSW index...
✓ Index built.
  build_time(local)=3345.426112 ms
  build_time(internal)=3341.078891 ms


========== GRAPH QUALITY ==========

  num_nodes: 1183514

  max_level (entry point): 4

  actual_max_layer: 4

  avg_degree_l0: 44.902996

  avg_degree_upper: 0.185868


  Layer Distribution:

    L0: 1183514 nodes (100.00%)

    L1: 34698 nodes (2.93%)

    L2: 1051 nodes (0.09%)

    L3: 28 nodes (0.00%)

    L4: 1 nodes (0.00%)



Executing queries...

  Processed 1000 queries

  Processed 2000 queries

  Processed 3000 queries

  Processed 4000 queries

  Processed 5000 queries

  Processed 6000 queries

  Processed 7000 queries

  Processed 8000 queries

  Processed 9000 queries

  Processed 10000 queries


========== RESULTS ==========

Total queries: 10000

Average recall@10: 0.989980

Average query time: 2.716428 ms

Total query time: 27164.284063 ms


========== DISTANCE STATISTICS ==========

Total queries reported by index: 10000

Total distance computations: 302067894

Average distance ops per query: 30206.789400

Last query distance ops: 23961


========== PERFORMANCE SUMMARY ==========

Data loading time: 2392.288697 ms

Index build time: 3341.078891 ms

Query execution time: 27164.284063 ms

Total elapsed time: 32901.998872 ms


========== EFFICIENCY METRICS ==========

Queries per second: 368.130446

Distance ops per second: 11120038.845840


========== END OF LOG ==========

Log saved to: Log/run_20251204_143736_715.log

