========== HNSW Search Test ==========

Timestamp: Wed Dec  3 14:18:59 2025

Command line arguments:
  argv[0]: ./hng
  argv[1]: --base
  argv[2]: data_o/glove/base.txt
  argv[3]: --query
  argv[4]: data_o/glove/query.txt
  argv[5]: --truth
  argv[6]: data_o/glove/truth.txt
  argv[7]: --k
  argv[8]: 10
  argv[9]: --m
  argv[10]: 40
  argv[11]: --max_layer
  argv[12]: 17
  argv[13]: --efc
  argv[14]: 648
  argv[15]: --efs
  argv[16]: 888
  argv[17]: --threads
  argv[18]: 32
  argv[19]: --ablate_csr
  argv[20]: 1
  argv[21]: --ablate_prefetch
  argv[22]: 0
  argv[23]: --ablate_simd
  argv[24]: 0
  argv[25]: --ablate_pruning
  argv[26]: 0
  argv[27]: --ablate_heap
  argv[28]: 0

Configuration:
  Base file: data_o/glove/base.txt
  Query file: data_o/glove/query.txt
  Truth file: data_o/glove/truth.txt
  K: 10
  M: 40
  Max layer: 17
  EFC: 648
  EFS: 888
  Threads: 32
  Debug: -1

HNSW parameters set.

Ablation flags: csr=1, prefetch=0, simd=0, pruning=0, heap=0

Loading base vectors...
✓ Base loaded in 2127.199847 ms

Loading query vectors...
✓ Queries loaded in 67.481678 ms

Loading ground truth...
✓ Truth loaded in 68.556742 ms

Data Summary:
  Dimension d=100, Base vectors=1183514, Queries=10000


Building HNSW index...
✓ Index built.
  build_time(local)=4833.012854 ms
  build_time(internal)=3775.382607 ms


========== GRAPH QUALITY ==========

  num_nodes: 0

  max_level (entry point): 0

  actual_max_layer: 0

  avg_degree_l0: 0.000000

  avg_degree_upper: 0.000000


  Layer Distribution:

    L0: 0 nodes (0.00%)



Executing queries...

  Processed 1000 queries

  Processed 2000 queries

  Processed 3000 queries

  Processed 4000 queries

  Processed 5000 queries

  Processed 6000 queries

  Processed 7000 queries

  Processed 8000 queries

  Processed 9000 queries

  Processed 10000 queries


========== RESULTS ==========

Total queries: 10000

Average recall@10: 0.993140

Average query time: 4.827849 ms

Total query time: 48278.485476 ms


========== DISTANCE STATISTICS ==========

Total queries reported by index: 10000

Total distance computations: 346132371

Average distance ops per query: 34613.237100

Last query distance ops: 26797


========== PERFORMANCE SUMMARY ==========

Data loading time: 2263.238267 ms

Index build time: 3775.382607 ms

Query execution time: 48278.485476 ms

Total elapsed time: 55374.736597 ms


========== EFFICIENCY METRICS ==========

Queries per second: 207.131601

Distance ops per second: 7169495.223127


========== END OF LOG ==========

Log saved to: Log/run_20251203_141859_589.log

