========== HNSW Search Test ==========

Timestamp: Thu Dec  4 06:53:22 2025

Command line arguments:
  argv[0]: ./hng1
  argv[1]: --m
  argv[2]: 57
  argv[3]: --max_layer
  argv[4]: 10
  argv[5]: --efc
  argv[6]: 607
  argv[7]: --efs
  argv[8]: 637

Configuration:
  Base file: data_o/glove/base.txt
  Query file: data_o/glove/query.txt
  Truth file: data_o/glove/truth.txt
  K: 10
  M: 57
  Max layer: 10
  EFC: 607
  EFS: 637
  Threads: -1
  Debug: -1

HNSW parameters set.

Ablation flags: csr=0, prefetch=0, simd=0, pruning=0, heap=0

Loading base vectors...
✓ Base loaded in 2061.400107 ms

Loading query vectors...
✓ Queries loaded in 68.602228 ms

Loading ground truth...
✓ Truth loaded in 64.820156 ms

Data Summary:
  Dimension d=100, Base vectors=1183514, Queries=10000


Building HNSW index...
✓ Index built.
  build_time(local)=3676.460336 ms
  build_time(internal)=3671.900333 ms


========== GRAPH QUALITY ==========

  num_nodes: 1183514

  max_level (entry point): 4

  actual_max_layer: 4

  avg_degree_l0: 55.390063

  avg_degree_upper: 0.121430


  Layer Distribution:

    L0: 1183514 nodes (100.00%)

    L1: 20752 nodes (1.75%)

    L2: 385 nodes (0.03%)

    L3: 10 nodes (0.00%)

    L4: 1 nodes (0.00%)



Executing queries...

  Processed 1000 queries

  Processed 2000 queries

  Processed 3000 queries

  Processed 4000 queries

  Processed 5000 queries

  Processed 6000 queries

  Processed 7000 queries

  Processed 8000 queries

  Processed 9000 queries

  Processed 10000 queries


========== RESULTS ==========

Total queries: 10000

Average recall@10: 0.989900

Average query time: 1.995300 ms

Total query time: 19952.997827 ms


========== DISTANCE STATISTICS ==========

Total queries reported by index: 10000

Total distance computations: 278673858

Average distance ops per query: 27867.385800

Last query distance ops: 21085


========== PERFORMANCE SUMMARY ==========

Data loading time: 2194.822491 ms

Index build time: 3671.900333 ms

Query execution time: 19952.997827 ms

Total elapsed time: 25824.280654 ms


========== EFFICIENCY METRICS ==========

Queries per second: 501.177822

Distance ops per second: 13966515.729426


========== END OF LOG ==========

Log saved to: Log/run_20251204_065322_780.log

