========== HNSW Search Test ==========

Timestamp: Thu Dec  4 07:29:16 2025

Command line arguments:
  argv[0]: ./hng1
  argv[1]: --m
  argv[2]: 50
  argv[3]: --max_layer
  argv[4]: 5
  argv[5]: --efc
  argv[6]: 630
  argv[7]: --efs
  argv[8]: 635

Configuration:
  Base file: data_o/glove/base.txt
  Query file: data_o/glove/query.txt
  Truth file: data_o/glove/truth.txt
  K: 10
  M: 50
  Max layer: 5
  EFC: 630
  EFS: 635
  Threads: -1
  Debug: -1

HNSW parameters set.

Ablation flags: csr=0, prefetch=0, simd=0, pruning=0, heap=0

Loading base vectors...
✓ Base loaded in 2072.487306 ms

Loading query vectors...
✓ Queries loaded in 66.661611 ms

Loading ground truth...
✓ Truth loaded in 65.274938 ms

Data Summary:
  Dimension d=100, Base vectors=1183514, Queries=10000


Building HNSW index...
✓ Index built.
  build_time(local)=3667.615034 ms
  build_time(internal)=3662.510121 ms


========== GRAPH QUALITY ==========

  num_nodes: 1183514

  max_level (entry point): 3

  actual_max_layer: 3

  avg_degree_l0: 55.584567

  avg_degree_upper: 0.182471


  Layer Distribution:

    L0: 1183514 nodes (100.00%)

    L1: 23578 nodes (1.99%)

    L2: 485 nodes (0.04%)

    L3: 12 nodes (0.00%)



Executing queries...

  Processed 1000 queries

  Processed 2000 queries

  Processed 3000 queries

  Processed 4000 queries

  Processed 5000 queries

  Processed 6000 queries

  Processed 7000 queries

  Processed 8000 queries

  Processed 9000 queries

  Processed 10000 queries


========== RESULTS ==========

Total queries: 10000

Average recall@10: 0.989630

Average query time: 1.982839 ms

Total query time: 19828.389882 ms


========== DISTANCE STATISTICS ==========

Total queries reported by index: 10000

Total distance computations: 275088422

Average distance ops per query: 27508.842200

Last query distance ops: 21106


========== PERFORMANCE SUMMARY ==========

Data loading time: 2204.423855 ms

Index build time: 3662.510121 ms

Query execution time: 19828.389882 ms

Total elapsed time: 25700.428771 ms


========== EFFICIENCY METRICS ==========

Queries per second: 504.327384

Distance ops per second: 13873462.426201


========== END OF LOG ==========

Log saved to: Log/run_20251204_072916_983.log

