========== HNSW Search Test ==========

Timestamp: Fri Dec  5 17:05:50 2025

Command line arguments:
  argv[0]: ./hng

Configuration:
  Base file: data_o/glove/base.txt
  Query file: data_o/glove/query.txt
  Truth file: data_o/glove/truth.txt
  K: 10
  M: -1
  Max layer: -1
  EFC: -1
  EFS: -1
  Threads: -1
  Debug: -1

Ablation flags: csr=0, prefetch=0, simd=0, pruning=0, heap=0

Loading base vectors...
✓ Base loaded in 2310.846386 ms

Loading query vectors...
✓ Queries loaded in 68.081072 ms

Loading ground truth...
✓ Truth loaded in 71.462603 ms

Data Summary:
  Dimension d=100, Base vectors=1183514, Queries=10000


Building HNSW index...
✓ Index built.
  build_time(local)=44524.314944 ms
  build_time(internal)=44519.437355 ms


========== GRAPH QUALITY ==========

  num_nodes: 1183514

  max_level (entry point): 3

  actual_max_layer: 3

  avg_degree_l0: 7.227280

  avg_degree_upper: 0.041567


  Layer Distribution:

    L0: 1183514 nodes (100.00%)

    L1: 24894 nodes (2.10%)

    L2: 505 nodes (0.04%)

    L3: 6 nodes (0.00%)



Executing queries...

  Processed 1000 queries

  Processed 2000 queries

  Processed 3000 queries

  Processed 4000 queries

  Processed 5000 queries

  Processed 6000 queries

  Processed 7000 queries

  Processed 8000 queries

  Processed 9000 queries

  Processed 10000 queries


========== RESULTS ==========

Total queries: 10000

Average recall@10: 0.814520

Average query time: 1.587610 ms

Total query time: 15876.100444 ms


========== DISTANCE STATISTICS ==========

Total queries reported by index: 10000

Total distance computations: 111701344

Average distance ops per query: 11170.134400

Last query distance ops: 10830


========== PERFORMANCE SUMMARY ==========

Data loading time: 2450.390061 ms

Index build time: 44519.437355 ms

Query execution time: 15876.100444 ms

Total elapsed time: 62850.805449 ms


========== EFFICIENCY METRICS ==========

Queries per second: 629.877597

Distance ops per second: 7035817.415870


========== END OF LOG ==========

Log saved to: Log/run_20251205_170550_379.log

