========== HNSW Search Test ==========

Timestamp: Fri Dec  5 13:17:58 2025

Command line arguments:
  argv[0]: ./hng

Configuration:
  Base file: data_o/glove/base.txt
  Query file: data_o/glove/query.txt
  Truth file: data_o/glove/truth.txt
  K: 10
  M: -1
  Max layer: -1
  EFC: -1
  EFS: -1
  Threads: -1
  Debug: -1

Ablation flags: csr=0, prefetch=0, simd=0, pruning=0, heap=0

Loading base vectors...
✓ Base loaded in 2183.953426 ms

Loading query vectors...
✓ Queries loaded in 68.695277 ms

Loading ground truth...
✓ Truth loaded in 67.819953 ms

Data Summary:
  Dimension d=100, Base vectors=1183514, Queries=10000


Building HNSW index...
✓ Index built.
  build_time(local)=911002.859427 ms
  build_time(internal)=910998.081115 ms


========== GRAPH QUALITY ==========

  num_nodes: 1183514

  max_level (entry point): 3

  actual_max_layer: 3

  avg_degree_l0: 51.707451

  avg_degree_upper: 0.116857


  Layer Distribution:

    L0: 1183514 nodes (100.00%)

    L1: 20088 nodes (1.70%)

    L2: 305 nodes (0.03%)

    L3: 8 nodes (0.00%)



Executing queries...

  Processed 1000 queries

  Processed 2000 queries

  Processed 3000 queries

  Processed 4000 queries

  Processed 5000 queries

  Processed 6000 queries

  Processed 7000 queries

  Processed 8000 queries

  Processed 9000 queries

  Processed 10000 queries


========== RESULTS ==========

Total queries: 10000

Average recall@10: 0.976310

Average query time: 1.510932 ms

Total query time: 15109.320666 ms


========== DISTANCE STATISTICS ==========

Total queries reported by index: 10000

Total distance computations: 174738234

Average distance ops per query: 17473.823400

Last query distance ops: 15435


========== PERFORMANCE SUMMARY ==========

Data loading time: 2320.468656 ms

Index build time: 910998.081115 ms

Query execution time: 15109.320666 ms

Total elapsed time: 928432.648749 ms


========== EFFICIENCY METRICS ==========

Queries per second: 661.843125

Distance ops per second: 11564929.877569


========== END OF LOG ==========

Log saved to: Log/run_20251205_131758_991.log

