========== HNSW Search Test ==========

========== HNSW Search Test ==========

Timestamp: Thu Dec  4 20:51:43 2025

========== HNSW Search Test ==========

Command line arguments:
Timestamp: Thu Dec  4 20:51:43 2025

  argv[0]: ./hng1
Timestamp: Thu Dec  4 20:51:43 2025

Command line arguments:
  argv[1]: --base
Command line arguments:
  argv[0]: ./hng1
  argv[2]: data_o/glove/base.txt
  argv[0]: ./hng1
  argv[1]: --base
  argv[3]: --query
  argv[1]: --base
  argv[2]: data_o/glove/base.txt
  argv[4]: data_o/glove/query.txt
  argv[2]: data_o/glove/base.txt
  argv[3]: --query
  argv[5]: --truth
  argv[3]: --query
  argv[4]: data_o/glove/query.txt
  argv[6]: data_o/glove/truth.txt
  argv[4]: data_o/glove/query.txt
  argv[5]: --truth
  argv[7]: --k
  argv[5]: --truth
  argv[6]: data_o/glove/truth.txt
  argv[8]: 10
  argv[6]: data_o/glove/truth.txt
  argv[7]: --k
  argv[9]: --m
  argv[7]: --k
  argv[8]: 10
  argv[10]: 59
  argv[8]: 10
  argv[9]: --m
  argv[11]: --max_layer
  argv[9]: --m
  argv[10]: 59
  argv[12]: 5
  argv[10]: 59
  argv[11]: --max_layer
  argv[13]: --efc
  argv[11]: --max_layer
  argv[12]: 5
  argv[14]: 763
  argv[12]: 5
  argv[13]: --efc
  argv[15]: --efs
  argv[13]: --efc
  argv[14]: 763
  argv[16]: 425
  argv[14]: 763
  argv[15]: --efs
  argv[17]: --threads
  argv[15]: --efs
  argv[16]: 425
  argv[18]: 32
  argv[16]: 425
  argv[17]: --threads
  argv[19]: --ablate_csr
  argv[17]: --threads
  argv[18]: 32
  argv[20]: 0
  argv[18]: 32
  argv[19]: --ablate_csr
  argv[21]: --ablate_prefetch
  argv[19]: --ablate_csr
  argv[20]: 0
  argv[22]: 0
  argv[20]: 0
  argv[21]: --ablate_prefetch
  argv[23]: --ablate_simd
  argv[21]: --ablate_prefetch
  argv[22]: 0
  argv[24]: 0
  argv[22]: 0
  argv[23]: --ablate_simd
  argv[25]: --ablate_pruning
  argv[23]: --ablate_simd
  argv[24]: 0
  argv[26]: 1
  argv[24]: 0
  argv[25]: --ablate_pruning
  argv[27]: --ablate_heap
  argv[25]: --ablate_pruning
  argv[26]: 0
  argv[28]: 0
  argv[26]: 0
  argv[27]: --ablate_heap
  argv[29]: --ablate_flat_index
  argv[27]: --ablate_heap
  argv[28]: 0
  argv[30]: 0
  argv[28]: 0
  argv[29]: --ablate_flat_index
  argv[31]: --ablate_reorder
  argv[29]: --ablate_flat_index
  argv[30]: 1
  argv[32]: 0
  argv[30]: 0
  argv[31]: --ablate_reorder

Configuration:
  argv[31]: --ablate_reorder
  argv[32]: 0
  Base file: data_o/glove/base.txt
  argv[32]: 1

Configuration:
  Query file: data_o/glove/query.txt

Configuration:
  Base file: data_o/glove/base.txt
  Truth file: data_o/glove/truth.txt
  Base file: data_o/glove/base.txt
  Query file: data_o/glove/query.txt
  K: 10
  Query file: data_o/glove/query.txt
  Truth file: data_o/glove/truth.txt
  M: 59
  Truth file: data_o/glove/truth.txt
  K: 10
  Max layer: 5
  K: 10
  M: 59
  EFC: 763
  M: 59
  Max layer: 5
  EFS: 425
  Max layer: 5
  EFC: 763
  Threads: 32
  EFC: 763
  EFS: 425
  Debug: -1
  EFS: 425
  Threads: 32

  Threads: 32
  Debug: -1
HNSW parameters set.

  Debug: -1

Ablation flags: csr=0, prefetch=0, simd=0, pruning=1, heap=0


HNSW parameters set.

Loading base vectors...
HNSW parameters set.

Ablation flags: csr=0, prefetch=0, simd=0, pruning=0, heap=0

Ablation flags: csr=0, prefetch=0, simd=0, pruning=0, heap=0

Loading base vectors...
Loading base vectors...
✓ Base loaded in 10671.574069 ms

✓ Base loaded in 10671.291775 ms

Loading query vectors...
Loading query vectors...
✓ Base loaded in 10672.173406 ms

Loading query vectors...
✓ Queries loaded in 146.149760 ms

✓ Queries loaded in 146.137997 ms

✓ Queries loaded in 145.261039 ms

Loading ground truth...
Loading ground truth...
Loading ground truth...
✓ Truth loaded in 143.956001 ms

Data Summary:
  Dimension d=100, Base vectors=1183514, Queries=10000


✓ Truth loaded in 143.961040 ms

✓ Truth loaded in 144.270617 ms

Building HNSW index...
Data Summary:
  Dimension d=100, Base vectors=1183514, Queries=10000


Data Summary:
  Dimension d=100, Base vectors=1183514, Queries=10000


Building HNSW index...
Building HNSW index...
✓ Index built.
  build_time(local)=18863.590259 ms
  build_time(internal)=18852.219776 ms


========== GRAPH QUALITY ==========

  num_nodes: 1183514

  max_level (entry point): 3

  actual_max_layer: 3

  avg_degree_l0: 60.350342

  avg_degree_upper: 0.146105


  Layer Distribution:

    L0: 1183514 nodes (100.00%)

    L1: 20263 nodes (1.71%)

    L2: 320 nodes (0.03%)

    L3: 5 nodes (0.00%)



Executing queries...

✓ Index built.
  build_time(local)=18924.324343 ms
  build_time(internal)=18912.172261 ms


========== GRAPH QUALITY ==========

✓ Index built.
  build_time(local)=18957.055326 ms
  build_time(internal)=18942.389829 ms


========== GRAPH QUALITY ==========

  num_nodes: 1183514

  max_level (entry point): 3

  actual_max_layer: 3

  avg_degree_l0: 60.350342

  avg_degree_upper: 0.146105


  Layer Distribution:

    L0: 1183514 nodes (100.00%)

    L1: 20263 nodes (1.71%)

    L2: 320 nodes (0.03%)

    L3: 5 nodes (0.00%)



Executing queries...

  num_nodes: 1183514

  max_level (entry point): 3

  actual_max_layer: 3

  avg_degree_l0: 60.350342

  avg_degree_upper: 0.146105


  Layer Distribution:

    L0: 1183514 nodes (100.00%)

    L1: 20263 nodes (1.71%)

    L2: 320 nodes (0.03%)

    L3: 5 nodes (0.00%)



Executing queries...

  Processed 1000 queries

  Processed 1000 queries

  Processed 1000 queries

  Processed 2000 queries

  Processed 2000 queries

  Processed 2000 queries

  Processed 3000 queries

  Processed 3000 queries

  Processed 3000 queries

  Processed 4000 queries

  Processed 4000 queries

  Processed 4000 queries

  Processed 5000 queries

  Processed 5000 queries

  Processed 5000 queries

  Processed 6000 queries

  Processed 6000 queries

  Processed 6000 queries

  Processed 7000 queries

  Processed 7000 queries

  Processed 7000 queries

  Processed 8000 queries

  Processed 8000 queries

  Processed 8000 queries

  Processed 9000 queries

  Processed 9000 queries

  Processed 9000 queries

  Processed 10000 queries


========== RESULTS ==========

Total queries: 10000

Average recall@10: 0.982750

Average query time: 6.444162 ms

Total query time: 64441.615901 ms


========== DISTANCE STATISTICS ==========

Total queries reported by index: 10000

Total distance computations: 210934299

Average distance ops per query: 21093.429900

Last query distance ops: 16854


========== PERFORMANCE SUMMARY ==========

Data loading time: 10961.679830 ms

Index build time: 18852.219776 ms

Query execution time: 64441.615901 ms

Total elapsed time: 94266.885990 ms


========== EFFICIENCY METRICS ==========

Queries per second: 155.179225

Distance ops per second: 3273262.100132


========== END OF LOG ==========

Log saved to: Log/run_20251204_205143_681.log

  Processed 10000 queries


========== RESULTS ==========

Total queries: 10000

Average recall@10: 0.982750

Average query time: 6.497299 ms

Total query time: 64972.991618 ms


========== DISTANCE STATISTICS ==========

Total queries reported by index: 10000

Total distance computations: 210934299

Average distance ops per query: 21093.429900

Last query distance ops: 16854


========== PERFORMANCE SUMMARY ==========

Data loading time: 10961.700389 ms

Index build time: 18942.389829 ms

Query execution time: 64972.991618 ms

Total elapsed time: 94891.747333 ms


========== EFFICIENCY METRICS ==========

Queries per second: 153.910106

Distance ops per second: 3246492.023026


========== END OF LOG ==========

Log saved to: Log/run_20251204_205143_681.log

  Processed 10000 queries


========== RESULTS ==========

Total queries: 10000

Average recall@10: 0.982750

Average query time: 6.600572 ms

Total query time: 66005.719643 ms


========== DISTANCE STATISTICS ==========

Total queries reported by index: 10000

Total distance computations: 210934299

Average distance ops per query: 21093.429900

Last query distance ops: 16854


========== PERFORMANCE SUMMARY ==========

Data loading time: 10961.395485 ms

Index build time: 18912.172261 ms

Query execution time: 66005.719643 ms

Total elapsed time: 95891.439471 ms


========== EFFICIENCY METRICS ==========

Queries per second: 151.502022

Distance ops per second: 3195697.284127


========== END OF LOG ==========

Log saved to: Log/run_20251204_205143_681.log

