========== HNSW Search Test ==========

Timestamp: Sun Dec  7 17:02:09 2025

Command line arguments:
  argv[0]: ./hng3
  argv[1]: --m
  argv[2]: 52
  argv[3]: --max_layer
  argv[4]: 12
  argv[5]: --efc
  argv[6]: 957
  argv[7]: --efs
  argv[8]: 590

Configuration:
  Base file: data_o/glove/base.txt
  Query file: data_o/glove/query.txt
  Truth file: data_o/glove/truth.txt
  K: 10
  M: 52
  Max layer: 12
  EFC: 957
  EFS: 590
  Threads: -1
  Debug: -1

HNSW parameters set.

Ablation flags: csr=0, prefetch=0, simd=0, pruning=0, heap=0

Loading base vectors...
✓ Base loaded in 4112.895152 ms

Loading query vectors...
✓ Queries loaded in 72.114215 ms

Loading ground truth...
✓ Truth loaded in 69.772452 ms

Data Summary:
  Dimension d=100, Base vectors=1183514, Queries=10000


Building HNSW index...
✓ Index built.
  build_time(local)=4408.024836 ms
  build_time(internal)=4402.324847 ms

Executing queries...

  Processed 1000 queries

  Processed 2000 queries

  Processed 3000 queries

  Processed 4000 queries

  Processed 5000 queries

  Processed 6000 queries

  Processed 7000 queries

  Processed 8000 queries

  Processed 9000 queries

  Processed 10000 queries


========== RESULTS ==========

Total queries: 10000

Average recall@10: 0.990810

Average query time: 2.006012 ms

Total query time: 20060.122637 ms


========== DISTANCE STATISTICS ==========

Total queries reported by index: 10000

Total distance computations: 292460715

Average distance ops per query: 29246.071500

Last query distance ops: 22791


========== PERFORMANCE SUMMARY ==========

Data loading time: 4254.781819 ms

Index build time: 4402.324847 ms

Query execution time: 20060.122637 ms

Total elapsed time: 28722.929292 ms


========== EFFICIENCY METRICS ==========

Queries per second: 498.501439

Distance ops per second: 14579208.726300


========== END OF LOG ==========

Log saved to: Log/run_20251207_170209_984.log

