========== HNSW Search Test ==========

Timestamp: Thu Dec  4 04:07:20 2025

Command line arguments:
  argv[0]: ./hng1
  argv[1]: --m
  argv[2]: 49
  argv[3]: --max_layer
  argv[4]: 7
  argv[5]: --efc
  argv[6]: 616
  argv[7]: --efs
  argv[8]: 650

Configuration:
  Base file: data_o/glove/base.txt
  Query file: data_o/glove/query.txt
  Truth file: data_o/glove/truth.txt
  K: 10
  M: 49
  Max layer: 7
  EFC: 616
  EFS: 650
  Threads: -1
  Debug: -1

HNSW parameters set.

Ablation flags: csr=0, prefetch=0, simd=0, pruning=0, heap=0

Loading base vectors...
✓ Base loaded in 3916.658893 ms

Loading query vectors...
✓ Queries loaded in 73.930982 ms

Loading ground truth...
✓ Truth loaded in 71.235022 ms

Data Summary:
  Dimension d=100, Base vectors=1183514, Queries=10000


Building HNSW index...
✓ Index built.
  build_time(local)=3871.489630 ms
  build_time(internal)=3866.116359 ms


========== GRAPH QUALITY ==========

  num_nodes: 1183514

  max_level (entry point): 3

  actual_max_layer: 3

  avg_degree_l0: 54.992221

  avg_degree_upper: 0.200839


  Layer Distribution:

    L0: 1183514 nodes (100.00%)

    L1: 24277 nodes (2.05%)

    L2: 500 nodes (0.04%)

    L3: 9 nodes (0.00%)



Executing queries...

  Processed 1000 queries

  Processed 2000 queries

  Processed 3000 queries

  Processed 4000 queries

  Processed 5000 queries

  Processed 6000 queries

  Processed 7000 queries

  Processed 8000 queries

  Processed 9000 queries

  Processed 10000 queries


========== RESULTS ==========

Total queries: 10000

Average recall@10: 0.989920

Average query time: 2.028128 ms

Total query time: 20281.275235 ms


========== DISTANCE STATISTICS ==========

Total queries reported by index: 10000

Total distance computations: 277489702

Average distance ops per query: 27748.970200

Last query distance ops: 21309


========== PERFORMANCE SUMMARY ==========

Data loading time: 4061.824897 ms

Index build time: 3866.116359 ms

Query execution time: 20281.275235 ms

Total elapsed time: 28214.589762 ms


========== EFFICIENCY METRICS ==========

Queries per second: 493.065642

Distance ops per second: 13682063.814268


========== END OF LOG ==========

Log saved to: Log/run_20251204_040720_618.log

