========== HNSW Search Test ==========

========== HNSW Search Test ==========

========== HNSW Search Test ==========

Timestamp: Fri Dec  5 23:02:00 2025

========== HNSW Search Test ==========

Command line arguments:
Timestamp: Fri Dec  5 23:02:00 2025

  argv[0]: ./hng1
Command line arguments:
Timestamp: Fri Dec  5 23:02:00 2025

Timestamp: Fri Dec  5 23:02:00 2025

  argv[1]: --base
  argv[0]: ./hng1
Command line arguments:
Command line arguments:
  argv[2]: data_o/glove/base.txt
  argv[1]: --base
  argv[0]: ./hng1
  argv[0]: ./hng1
  argv[3]: --query
  argv[2]: data_o/glove/base.txt
  argv[4]: data_o/glove/query.txt
  argv[1]: --base
  argv[1]: --base
  argv[3]: --query
  argv[5]: --truth
  argv[2]: data_o/glove/base.txt
  argv[2]: data_o/glove/base.txt
  argv[4]: data_o/glove/query.txt
  argv[6]: data_o/glove/truth.txt
  argv[3]: --query
  argv[3]: --query
  argv[5]: --truth
  argv[7]: --k
  argv[4]: data_o/glove/query.txt
  argv[4]: data_o/glove/query.txt
  argv[6]: data_o/glove/truth.txt
  argv[8]: 10
  argv[5]: --truth
  argv[5]: --truth
  argv[7]: --k
  argv[9]: --m
  argv[6]: data_o/glove/truth.txt
  argv[6]: data_o/glove/truth.txt
  argv[8]: 10
  argv[10]: 59
  argv[7]: --k
  argv[7]: --k
  argv[9]: --m
  argv[11]: --max_layer
  argv[8]: 10
  argv[8]: 10
  argv[10]: 59
  argv[12]: 5
  argv[9]: --m
  argv[9]: --m
  argv[11]: --max_layer
  argv[13]: --efc
  argv[10]: 59
  argv[10]: 59
  argv[12]: 5
  argv[14]: 763
  argv[11]: --max_layer
  argv[11]: --max_layer
  argv[13]: --efc
  argv[15]: --efs
  argv[12]: 5
  argv[12]: 5
  argv[14]: 763
  argv[16]: 65
  argv[13]: --efc
  argv[13]: --efc
  argv[15]: --efs
  argv[17]: --threads
  argv[14]: 763
  argv[14]: 763
  argv[16]: 105
  argv[18]: 32
  argv[15]: --efs
  argv[15]: --efs
  argv[17]: --threads
  argv[19]: --ablate_csr
  argv[16]: 35
  argv[16]: 25
  argv[18]: 32
  argv[20]: 0
  argv[17]: --threads
  argv[17]: --threads
  argv[19]: --ablate_csr
  argv[21]: --ablate_prefetch
  argv[18]: 32
  argv[18]: 32
  argv[20]: 0
  argv[22]: 0
  argv[19]: --ablate_csr
  argv[19]: --ablate_csr
  argv[21]: --ablate_prefetch
  argv[23]: --ablate_simd
  argv[20]: 0
  argv[20]: 0
  argv[22]: 0
  argv[24]: 0
  argv[21]: --ablate_prefetch
  argv[21]: --ablate_prefetch
  argv[23]: --ablate_simd
  argv[25]: --ablate_pruning
  argv[22]: 0
  argv[22]: 0
  argv[24]: 0
  argv[26]: 0
  argv[23]: --ablate_simd
  argv[23]: --ablate_simd
  argv[25]: --ablate_pruning
  argv[27]: --ablate_heap
  argv[24]: 0
  argv[24]: 0
  argv[26]: 0
  argv[28]: 0
  argv[25]: --ablate_pruning
  argv[25]: --ablate_pruning
  argv[27]: --ablate_heap
  argv[29]: --ablate_flat_index
  argv[26]: 0
  argv[26]: 0
  argv[28]: 0
  argv[30]: 0
  argv[27]: --ablate_heap
  argv[27]: --ablate_heap
  argv[29]: --ablate_flat_index
  argv[31]: --ablate_reorder
  argv[28]: 0
  argv[28]: 0
  argv[30]: 0
  argv[32]: 0
  argv[29]: --ablate_flat_index
  argv[29]: --ablate_flat_index
  argv[31]: --ablate_reorder

Configuration:
  argv[30]: 0
  argv[30]: 0
  argv[32]: 0
  Base file: data_o/glove/base.txt
  argv[31]: --ablate_reorder
  argv[31]: --ablate_reorder

Configuration:
  Query file: data_o/glove/query.txt
  argv[32]: 0
  argv[32]: 0
  Base file: data_o/glove/base.txt
  Truth file: data_o/glove/truth.txt

Configuration:

Configuration:
  Query file: data_o/glove/query.txt
  K: 10
  Base file: data_o/glove/base.txt
  Base file: data_o/glove/base.txt
  Truth file: data_o/glove/truth.txt
  M: 59
  Query file: data_o/glove/query.txt
  Query file: data_o/glove/query.txt
  K: 10
  Max layer: 5
  Truth file: data_o/glove/truth.txt
  Truth file: data_o/glove/truth.txt
  M: 59
  EFC: 763
  K: 10
  K: 10
  Max layer: 5
  EFS: 65
  M: 59
  M: 59
  EFC: 763
  Threads: 32
  Max layer: 5
  Max layer: 5
  EFS: 105
  Debug: -1
  EFC: 763
  EFC: 763
  Threads: 32

  EFS: 25
  EFS: 35
  Debug: -1
HNSW parameters set.

  Threads: 32
  Threads: 32

Ablation flags: csr=0, prefetch=0, simd=0, pruning=0, heap=0

  Debug: -1
  Debug: -1
HNSW parameters set.

Loading base vectors...


Ablation flags: csr=0, prefetch=0, simd=0, pruning=0, heap=0

HNSW parameters set.

HNSW parameters set.

Loading base vectors...
Ablation flags: csr=0, prefetch=0, simd=0, pruning=0, heap=0

Ablation flags: csr=0, prefetch=0, simd=0, pruning=0, heap=0

Loading base vectors...
Loading base vectors...
✓ Base loaded in 16277.461235 ms

Loading query vectors...
✓ Base loaded in 16279.273543 ms

✓ Base loaded in 16278.880074 ms

Loading query vectors...
Loading query vectors...
✓ Base loaded in 16280.083004 ms

Loading query vectors...
✓ Queries loaded in 214.000903 ms

Loading ground truth...
✓ Queries loaded in 213.277760 ms

Loading ground truth...
✓ Queries loaded in 213.441891 ms

Loading ground truth...
✓ Queries loaded in 212.953737 ms

Loading ground truth...
✓ Truth loaded in 216.395977 ms

Data Summary:
  Dimension d=100, Base vectors=1183514, Queries=10000


Building HNSW index...
✓ Truth loaded in 216.586647 ms

✓ Truth loaded in 216.360344 ms

Data Summary:
  Dimension d=100, Base vectors=1183514, Queries=10000


Data Summary:
  Dimension d=100, Base vectors=1183514, Queries=10000


Building HNSW index...
Building HNSW index...
✓ Truth loaded in 216.417346 ms

Data Summary:
  Dimension d=100, Base vectors=1183514, Queries=10000


Building HNSW index...
