========== HNSW Search Test ==========

Timestamp: Thu Dec  4 00:26:12 2025

Command line arguments:
  argv[0]: ./hng1
  argv[1]: --m
  argv[2]: 20
  argv[3]: --max_layer
  argv[4]: 10
  argv[5]: --efc
  argv[6]: 612
  argv[7]: --efs
  argv[8]: 1805

Configuration:
  Base file: data_o/glove/base.txt
  Query file: data_o/glove/query.txt
  Truth file: data_o/glove/truth.txt
  K: 10
  M: 20
  Max layer: 10
  EFC: 612
  EFS: 1805
  Threads: -1
  Debug: -1

HNSW parameters set.

Ablation flags: csr=0, prefetch=0, simd=0, pruning=0, heap=0

Loading base vectors...
✓ Base loaded in 2366.179367 ms

Loading query vectors...
✓ Queries loaded in 81.967688 ms

Loading ground truth...
✓ Truth loaded in 91.127967 ms

Data Summary:
  Dimension d=100, Base vectors=1183514, Queries=10000


Building HNSW index...
✓ Index built.
  build_time(local)=3626.681576 ms
  build_time(internal)=3621.486061 ms


========== GRAPH QUALITY ==========

  num_nodes: 1183514

  max_level (entry point): 5

  actual_max_layer: 5

  avg_degree_l0: 35.180181

  avg_degree_upper: 0.164917


  Layer Distribution:

    L0: 1183514 nodes (100.00%)

    L1: 58929 nodes (4.98%)

    L2: 2947 nodes (0.25%)

    L3: 143 nodes (0.01%)

    L4: 5 nodes (0.00%)

    L5: 1 nodes (0.00%)



Executing queries...

  Processed 1000 queries

  Processed 2000 queries

  Processed 3000 queries

  Processed 4000 queries

  Processed 5000 queries

  Processed 6000 queries

  Processed 7000 queries

  Processed 8000 queries

  Processed 9000 queries

  Processed 10000 queries


========== RESULTS ==========

Total queries: 10000

Average recall@10: 0.990030

Average query time: 3.597603 ms

Total query time: 35976.029493 ms


========== DISTANCE STATISTICS ==========

Total queries reported by index: 10000

Total distance computations: 392144407

Average distance ops per query: 39214.440800

Last query distance ops: 31949


========== PERFORMANCE SUMMARY ==========

Data loading time: 2539.275022 ms

Index build time: 3621.486061 ms

Query execution time: 35976.029493 ms

Total elapsed time: 42141.986091 ms


========== EFFICIENCY METRICS ==========

Queries per second: 277.962859

Distance ops per second: 10900158.064311


========== END OF LOG ==========

Log saved to: Log/run_20251204_002612_502.log

