========== HNSW Search Test ==========

Timestamp: Thu Dec  4 15:13:53 2025

Command line arguments:
  argv[0]: ./hng1
  argv[1]: --base
  argv[2]: data_o/glove/base.txt
  argv[3]: --query
  argv[4]: data_o/glove/query.txt
  argv[5]: --truth
  argv[6]: data_o/glove/truth.txt
  argv[7]: --k
  argv[8]: 10
  argv[9]: --m
  argv[10]: 43
  argv[11]: --max_layer
  argv[12]: 10
  argv[13]: --efc
  argv[14]: 735
  argv[15]: --efs
  argv[16]: 800
  argv[17]: --threads
  argv[18]: 32
  argv[19]: --ablate_csr
  argv[20]: 0
  argv[21]: --ablate_prefetch
  argv[22]: 1
  argv[23]: --ablate_simd
  argv[24]: 0
  argv[25]: --ablate_pruning
  argv[26]: 0
  argv[27]: --ablate_heap
  argv[28]: 0
  argv[29]: --ablate_flat_index
  argv[30]: 0
  argv[31]: --ablate_reorder
  argv[32]: 0

Configuration:
  Base file: data_o/glove/base.txt
  Query file: data_o/glove/query.txt
  Truth file: data_o/glove/truth.txt
  K: 10
  M: 43
  Max layer: 10
  EFC: 735
  EFS: 800
  Threads: 32
  Debug: -1

HNSW parameters set.

Ablation flags: csr=0, prefetch=1, simd=0, pruning=0, heap=0

Loading base vectors...
✓ Base loaded in 8536.351307 ms

Loading query vectors...
✓ Queries loaded in 207.870731 ms

Loading ground truth...
✓ Truth loaded in 221.586152 ms

Data Summary:
  Dimension d=100, Base vectors=1183514, Queries=10000


Building HNSW index...
✓ Index built.
  build_time(local)=13607.636175 ms
  build_time(internal)=13567.308230 ms


========== GRAPH QUALITY ==========

  num_nodes: 1183514

  max_level (entry point): 4

  actual_max_layer: 4

  avg_degree_l0: 56.845631

  avg_degree_upper: 0.141073


  Layer Distribution:

    L0: 1183514 nodes (100.00%)

    L1: 27546 nodes (2.33%)

    L2: 625 nodes (0.05%)

    L3: 12 nodes (0.00%)

    L4: 1 nodes (0.00%)



Executing queries...

  Processed 1000 queries

  Processed 2000 queries

  Processed 3000 queries

  Processed 4000 queries

  Processed 5000 queries

  Processed 6000 queries

  Processed 7000 queries

  Processed 8000 queries

  Processed 9000 queries

  Processed 10000 queries


========== RESULTS ==========

Total queries: 10000

Average recall@10: 0.993170

Average query time: 17.339180 ms

Total query time: 173391.795036 ms


========== DISTANCE STATISTICS ==========

Total queries reported by index: 10000

Total distance computations: 335184299

Average distance ops per query: 33518.429900

Last query distance ops: 25938


========== PERFORMANCE SUMMARY ==========

Data loading time: 8965.808190 ms

Index build time: 13567.308230 ms

Query execution time: 173391.795036 ms

Total elapsed time: 195965.239401 ms


========== EFFICIENCY METRICS ==========

Queries per second: 57.672856

Distance ops per second: 1933103.575809


========== END OF LOG ==========

Log saved to: Log/run_20251204_151353_476.log

