========== HNSW Search Test ==========

Timestamp: Thu Dec  4 04:05:56 2025

Command line arguments:
  argv[0]: ./hng1
  argv[1]: --m
  argv[2]: 49
  argv[3]: --max_layer
  argv[4]: 7
  argv[5]: --efc
  argv[6]: 616
  argv[7]: --efs
  argv[8]: 800

Configuration:
  Base file: data_o/glove/base.txt
  Query file: data_o/glove/query.txt
  Truth file: data_o/glove/truth.txt
  K: 10
  M: 49
  Max layer: 7
  EFC: 616
  EFS: 800
  Threads: -1
  Debug: -1

HNSW parameters set.

Ablation flags: csr=0, prefetch=0, simd=0, pruning=0, heap=0

Loading base vectors...
✓ Base loaded in 2706.654512 ms

Loading query vectors...
✓ Queries loaded in 71.416878 ms

Loading ground truth...
✓ Truth loaded in 68.743311 ms

Data Summary:
  Dimension d=100, Base vectors=1183514, Queries=10000


Building HNSW index...
✓ Index built.
  build_time(local)=3743.823326 ms
  build_time(internal)=3739.154406 ms


========== GRAPH QUALITY ==========

  num_nodes: 1183514

  max_level (entry point): 3

  actual_max_layer: 3

  avg_degree_l0: 54.992221

  avg_degree_upper: 0.200839


  Layer Distribution:

    L0: 1183514 nodes (100.00%)

    L1: 24277 nodes (2.05%)

    L2: 500 nodes (0.04%)

    L3: 9 nodes (0.00%)



Executing queries...

  Processed 1000 queries

  Processed 2000 queries

  Processed 3000 queries

  Processed 4000 queries

  Processed 5000 queries

  Processed 6000 queries

  Processed 7000 queries

  Processed 8000 queries

  Processed 9000 queries

  Processed 10000 queries


========== RESULTS ==========

Total queries: 10000

Average recall@10: 0.992930

Average query time: 2.472822 ms

Total query time: 24728.223384 ms


========== DISTANCE STATISTICS ==========

Total queries reported by index: 10000

Total distance computations: 332828883

Average distance ops per query: 33282.888300

Last query distance ops: 25043


========== PERFORMANCE SUMMARY ==========

Data loading time: 2846.814701 ms

Index build time: 3739.154406 ms

Query execution time: 24728.223384 ms

Total elapsed time: 31318.861411 ms


========== EFFICIENCY METRICS ==========

Queries per second: 404.396217

Distance ops per second: 13459474.133324


========== END OF LOG ==========

Log saved to: Log/run_20251204_040556_926.log

