========== HNSW Search Test ==========

Timestamp: Sat Dec  6 07:53:29 2025

Command line arguments:
  argv[0]: ./hng1
  argv[1]: --m
  argv[2]: 55
  argv[3]: --max_layer
  argv[4]: 11
  argv[5]: --efc
  argv[6]: 1286
  argv[7]: --efs
  argv[8]: 337

Configuration:
  Base file: data_o/glove/base.txt
  Query file: data_o/glove/query.txt
  Truth file: data_o/glove/truth.txt
  K: 10
  M: 55
  Max layer: 11
  EFC: 1286
  EFS: 337
  Threads: -1
  Debug: -1

HNSW parameters set.

Ablation flags: csr=0, prefetch=0, simd=0, pruning=0, heap=0

Loading base vectors...
✓ Base loaded in 2163.462108 ms

Loading query vectors...
✓ Queries loaded in 67.915492 ms

Loading ground truth...
✓ Truth loaded in 69.919729 ms

Data Summary:
  Dimension d=100, Base vectors=1183514, Queries=10000


Building HNSW index...
✓ Index built.
  build_time(local)=4030.930711 ms
  build_time(internal)=2822.415842 ms


========== GRAPH QUALITY ==========

  num_nodes: 1183514

  max_level (entry point): 3

  actual_max_layer: 3

  avg_degree_l0: 69.588677

  avg_degree_upper: 0.174998


  Layer Distribution:

    L0: 1183514 nodes (100.00%)

    L1: 21631 nodes (1.83%)

    L2: 407 nodes (0.03%)

    L3: 8 nodes (0.00%)



Executing queries...

  Processed 1000 queries

  Processed 2000 queries

  Processed 3000 queries

  Processed 4000 queries

  Processed 5000 queries

  Processed 6000 queries

  Processed 7000 queries

  Processed 8000 queries

  Processed 9000 queries

  Processed 10000 queries


========== RESULTS ==========

Total queries: 10000

Average recall@10: 0.979930

Average query time: 1.339487 ms

Total query time: 13394.871930 ms


========== DISTANCE STATISTICS ==========

Total queries reported by index: 10000

Total distance computations: 193905701

Average distance ops per query: 19390.570100

Last query distance ops: 15955


========== PERFORMANCE SUMMARY ==========

Data loading time: 2301.297329 ms

Index build time: 2822.415842 ms

Query execution time: 13394.871930 ms

Total elapsed time: 19727.099970 ms


========== EFFICIENCY METRICS ==========

Queries per second: 746.554357

Distance ops per second: 14476114.591713


========== END OF LOG ==========

Log saved to: Log/run_20251206_075329_832.log

