========== HNSW Search Test ==========

Timestamp: Fri Dec  5 23:04:04 2025

Command line arguments:
  argv[0]: ./hng1
  argv[1]: --base
  argv[2]: data_o/glove/base.txt
  argv[3]: --query
  argv[4]: data_o/glove/query.txt
  argv[5]: --truth
========== HNSW Search Test ==========

  argv[6]: data_o/glove/truth.txt
  argv[7]: --k
Timestamp: Fri Dec  5 23:04:04 2025

  argv[8]: 10
Command line arguments:
  argv[9]: --m
  argv[0]: ./hng1
  argv[10]: 59
  argv[1]: --base
  argv[11]: --max_layer
  argv[2]: data_o/glove/base.txt
  argv[12]: 5
  argv[3]: --query
  argv[13]: --efc
  argv[4]: data_o/glove/query.txt
  argv[14]: 763
  argv[5]: --truth
  argv[15]: --efs
  argv[6]: data_o/glove/truth.txt
  argv[16]: 125
  argv[7]: --k
  argv[17]: --threads
  argv[8]: 10
  argv[18]: 32
  argv[9]: --m
  argv[19]: --ablate_csr
  argv[10]: 59
  argv[20]: 0
  argv[11]: --max_layer
  argv[21]: --ablate_prefetch
  argv[12]: 5
  argv[22]: 0
  argv[13]: --efc
  argv[23]: --ablate_simd
  argv[14]: 763
  argv[24]: 0
  argv[15]: --efs
  argv[25]: --ablate_pruning
  argv[16]: 85
  argv[26]: 0
  argv[17]: --threads
  argv[27]: --ablate_heap
  argv[18]: 32
  argv[28]: 0
  argv[19]: --ablate_csr
  argv[29]: --ablate_flat_index
  argv[20]: 0
  argv[30]: 0
  argv[21]: --ablate_prefetch
  argv[31]: --ablate_reorder
  argv[22]: 0
  argv[32]: 0
  argv[23]: --ablate_simd

Configuration:
  argv[24]: 0
  Base file: data_o/glove/base.txt
  argv[25]: --ablate_pruning
  Query file: data_o/glove/query.txt
  argv[26]: 0
  Truth file: data_o/glove/truth.txt
  argv[27]: --ablate_heap
  K: 10
  argv[28]: 0
  M: 59
  argv[29]: --ablate_flat_index
  Max layer: 5
  argv[30]: 0
  EFC: 763
  argv[31]: --ablate_reorder
  EFS: 125
  argv[32]: 0
  Threads: 32

Configuration:
  Debug: -1
  Base file: data_o/glove/base.txt

  Query file: data_o/glove/query.txt
HNSW parameters set.

  Truth file: data_o/glove/truth.txt
Ablation flags: csr=0, prefetch=0, simd=0, pruning=0, heap=0

  K: 10
Loading base vectors...
  M: 59
  Max layer: 5
  EFC: 763
  EFS: 85
  Threads: 32
  Debug: -1

HNSW parameters set.

Ablation flags: csr=0, prefetch=0, simd=0, pruning=0, heap=0

Loading base vectors...
✓ Base loaded in 14411.335715 ms

Loading query vectors...
✓ Base loaded in 14411.197724 ms

Loading query vectors...
✓ Queries loaded in 247.158397 ms

✓ Queries loaded in 245.532838 ms

Loading ground truth...
Loading ground truth...
✓ Truth loaded in 172.870196 ms

✓ Truth loaded in 173.052541 ms

Data Summary:
  Dimension d=100, Base vectors=1183514, Queries=10000


Data Summary:
  Dimension d=100, Base vectors=1183514, Queries=10000


Building HNSW index...
Building HNSW index...
