========== HNSW Search Test ==========

Timestamp: Thu Dec  4 05:39:17 2025

Command line arguments:
  argv[0]: ./hng1
  argv[1]: --m
  argv[2]: 62
  argv[3]: --max_layer
  argv[4]: 7
  argv[5]: --efc
  argv[6]: 479
  argv[7]: --efs
  argv[8]: 560

Configuration:
  Base file: data_o/glove/base.txt
  Query file: data_o/glove/query.txt
  Truth file: data_o/glove/truth.txt
  K: 10
  M: 62
  Max layer: 7
  EFC: 479
  EFS: 560
  Threads: -1
  Debug: -1

HNSW parameters set.

Ablation flags: csr=0, prefetch=0, simd=0, pruning=0, heap=0

Loading base vectors...
✓ Base loaded in 2211.268958 ms

Loading query vectors...
✓ Queries loaded in 69.636211 ms

Loading ground truth...
✓ Truth loaded in 66.854020 ms

Data Summary:
  Dimension d=100, Base vectors=1183514, Queries=10000


Building HNSW index...
✓ Index built.
  build_time(local)=3709.596227 ms
  build_time(internal)=3704.605497 ms


========== GRAPH QUALITY ==========

  num_nodes: 1183514

  max_level (entry point): 3

  actual_max_layer: 3

  avg_degree_l0: 50.345257

  avg_degree_upper: 0.138491


  Layer Distribution:

    L0: 1183514 nodes (100.00%)

    L1: 19170 nodes (1.62%)

    L2: 357 nodes (0.03%)

    L3: 5 nodes (0.00%)



Executing queries...

  Processed 1000 queries

  Processed 2000 queries

  Processed 3000 queries

  Processed 4000 queries

  Processed 5000 queries

  Processed 6000 queries

  Processed 7000 queries

  Processed 8000 queries

  Processed 9000 queries

  Processed 10000 queries


========== RESULTS ==========

Total queries: 10000

Average recall@10: 0.985200

Average query time: 1.640757 ms

Total query time: 16407.574152 ms


========== DISTANCE STATISTICS ==========

Total queries reported by index: 10000

Total distance computations: 230197788

Average distance ops per query: 23019.778800

Last query distance ops: 17971


========== PERFORMANCE SUMMARY ==========

Data loading time: 2347.759189 ms

Index build time: 3704.605497 ms

Query execution time: 16407.574152 ms

Total elapsed time: 22464.929568 ms


========== EFFICIENCY METRICS ==========

Queries per second: 609.474619

Distance ops per second: 14029970.906573


========== END OF LOG ==========

Log saved to: Log/run_20251204_053917_180.log

