========== HNSW Search Test ==========

========== HNSW Search Test ==========

Timestamp: Thu Dec  4 14:57:42 2025

Timestamp: Thu Dec  4 14:57:42 2025

Command line arguments:
Command line arguments:
  argv[0]: ./hng1
  argv[0]: ./hng1
  argv[1]: --base
  argv[1]: --base
  argv[2]: data_o/glove/base.txt
  argv[2]: data_o/glove/base.txt
  argv[3]: --query
  argv[4]: data_o/glove/query.txt
  argv[3]: --query
  argv[5]: --truth
  argv[4]: data_o/glove/query.txt
  argv[6]: data_o/glove/truth.txt
  argv[5]: --truth
  argv[7]: --k
  argv[6]: data_o/glove/truth.txt
  argv[8]: 10
  argv[7]: --k
  argv[9]: --m
  argv[8]: 10
  argv[10]: 43
  argv[9]: --m
  argv[11]: --max_layer
  argv[10]: 43
  argv[12]: 10
  argv[11]: --max_layer
  argv[13]: --efc
  argv[12]: 10
  argv[14]: 735
  argv[13]: --efc
  argv[15]: --efs
  argv[14]: 735
  argv[16]: 500
  argv[15]: --efs
  argv[17]: --threads
  argv[16]: 500
  argv[18]: 32
  argv[17]: --threads
  argv[19]: --ablate_csr
  argv[18]: 32
  argv[19]: --ablate_csr
  argv[20]: 0
  argv[20]: 0
  argv[21]: --ablate_prefetch
  argv[21]: --ablate_prefetch
  argv[22]: 0
  argv[22]: 0
  argv[23]: --ablate_simd
  argv[23]: --ablate_simd
  argv[24]: 0
  argv[24]: 0
  argv[25]: --ablate_pruning
  argv[25]: --ablate_pruning
  argv[26]: 0
  argv[26]: 0
  argv[27]: --ablate_heap
  argv[27]: --ablate_heap
  argv[28]: 0
  argv[28]: 0
  argv[29]: --ablate_flat_index
  argv[29]: --ablate_flat_index
  argv[30]: 1
  argv[30]: 0
  argv[31]: --ablate_reorder
  argv[31]: --ablate_reorder
  argv[32]: 0
  argv[32]: 1

Configuration:

Configuration:
  Base file: data_o/glove/base.txt
  Base file: data_o/glove/base.txt
  Query file: data_o/glove/query.txt
  Query file: data_o/glove/query.txt
  Truth file: data_o/glove/truth.txt
  Truth file: data_o/glove/truth.txt
  K: 10
  K: 10
  M: 43
  M: 43
  Max layer: 10
  Max layer: 10
  EFC: 735
  EFC: 735
  EFS: 500
  EFS: 500
  Threads: 32
  Threads: 32
  Debug: -1
  Debug: -1


HNSW parameters set.

HNSW parameters set.

Ablation flags: csr=0, prefetch=0, simd=0, pruning=0, heap=0

Ablation flags: csr=0, prefetch=0, simd=0, pruning=0, heap=0

Loading base vectors...
Loading base vectors...
✓ Base loaded in 10293.760073 ms

Loading query vectors...
✓ Base loaded in 10339.519560 ms

Loading query vectors...
✓ Queries loaded in 263.808908 ms

Loading ground truth...
✓ Queries loaded in 255.170308 ms

Loading ground truth...
✓ Truth loaded in 264.634341 ms

Data Summary:
  Dimension d=100, Base vectors=1183514, Queries=10000


Building HNSW index...
✓ Truth loaded in 272.045847 ms

Data Summary:
  Dimension d=100, Base vectors=1183514, Queries=10000


Building HNSW index...
✓ Index built.
  build_time(local)=22200.246875 ms
  build_time(internal)=22188.266593 ms


========== GRAPH QUALITY ==========

  num_nodes: 1183514

  max_level (entry point): 4

  actual_max_layer: 4

  avg_degree_l0: 56.845631

  avg_degree_upper: 0.141073


  Layer Distribution:

    L0: 1183514 nodes (100.00%)

    L1: 27546 nodes (2.33%)

    L2: 625 nodes (0.05%)

    L3: 12 nodes (0.00%)

    L4: 1 nodes (0.00%)



Executing queries...

✓ Index built.
  build_time(local)=22210.588480 ms
  build_time(internal)=22200.905175 ms


========== GRAPH QUALITY ==========

  num_nodes: 1183514

  max_level (entry point): 4

  actual_max_layer: 4

  avg_degree_l0: 56.845631

  avg_degree_upper: 0.141073


  Layer Distribution:

    L0: 1183514 nodes (100.00%)

    L1: 27546 nodes (2.33%)

    L2: 625 nodes (0.05%)

    L3: 12 nodes (0.00%)

    L4: 1 nodes (0.00%)



Executing queries...

  Processed 1000 queries

  Processed 1000 queries

  Processed 2000 queries

  Processed 2000 queries

  Processed 3000 queries

  Processed 3000 queries

  Processed 4000 queries

  Processed 4000 queries

  Processed 5000 queries

  Processed 5000 queries

  Processed 6000 queries

  Processed 6000 queries

  Processed 7000 queries

  Processed 7000 queries

  Processed 8000 queries

  Processed 8000 queries

  Processed 9000 queries

  Processed 9000 queries

  Processed 10000 queries


========== RESULTS ==========

Total queries: 10000

Average recall@10: 0.984620

Average query time: 9.721514 ms

Total query time: 97215.143039 ms


========== DISTANCE STATISTICS ==========

Total queries reported by index: 10000

Total distance computations: 221748475

Average distance ops per query: 22174.847500

Last query distance ops: 18210


========== PERFORMANCE SUMMARY ==========

Data loading time: 10822.203322 ms

Index build time: 22188.266593 ms

Query execution time: 97215.143039 ms

Total elapsed time: 130237.593236 ms


========== EFFICIENCY METRICS ==========

Queries per second: 102.864633

Distance ops per second: 2281007.547467


========== END OF LOG ==========

Log saved to: Log/run_20251204_145742_697.log

  Processed 10000 queries


========== RESULTS ==========

Total queries: 10000

Average recall@10: 0.984620

Average query time: 10.898478 ms

Total query time: 108984.775486 ms


========== DISTANCE STATISTICS ==========

Total queries reported by index: 10000

Total distance computations: 221748475

Average distance ops per query: 22174.847500

Last query distance ops: 18210


========== PERFORMANCE SUMMARY ==========

Data loading time: 10866.735715 ms

Index build time: 22200.905175 ms

Query execution time: 108984.775486 ms

Total elapsed time: 142062.099681 ms


========== EFFICIENCY METRICS ==========

Queries per second: 91.755935

Distance ops per second: 2034673.870833


========== END OF LOG ==========

Log saved to: Log/run_20251204_145742_697.log

