========== HNSW Search Test ==========

Timestamp: Thu Dec  4 03:49:47 2025

Command line arguments:
  argv[0]: ./hng1
  argv[1]: --m
  argv[2]: 54
  argv[3]: --max_layer
  argv[4]: 8
  argv[5]: --efc
  argv[6]: 767
  argv[7]: --efs
  argv[8]: 605

Configuration:
  Base file: data_o/glove/base.txt
  Query file: data_o/glove/query.txt
  Truth file: data_o/glove/truth.txt
  K: 10
  M: 54
  Max layer: 8
  EFC: 767
  EFS: 605
  Threads: -1
  Debug: -1

HNSW parameters set.

Ablation flags: csr=0, prefetch=0, simd=0, pruning=0, heap=0

Loading base vectors...
✓ Base loaded in 2104.310335 ms

Loading query vectors...
✓ Queries loaded in 67.659704 ms

Loading ground truth...
✓ Truth loaded in 70.079000 ms

Data Summary:
  Dimension d=100, Base vectors=1183514, Queries=10000


Building HNSW index...
✓ Index built.
  build_time(local)=3864.921915 ms
  build_time(internal)=3860.007621 ms


========== GRAPH QUALITY ==========

  num_nodes: 1183514

  max_level (entry point): 3

  actual_max_layer: 3

  avg_degree_l0: 60.057630

  avg_degree_upper: 0.160550


  Layer Distribution:

    L0: 1183514 nodes (100.00%)

    L1: 21764 nodes (1.84%)

    L2: 413 nodes (0.03%)

    L3: 3 nodes (0.00%)



Executing queries...

  Processed 1000 queries

  Processed 2000 queries

  Processed 3000 queries

  Processed 4000 queries

  Processed 5000 queries

  Processed 6000 queries

  Processed 7000 queries

  Processed 8000 queries

  Processed 9000 queries

  Processed 10000 queries


========== RESULTS ==========

Total queries: 10000

Average recall@10: 0.989980

Average query time: 2.010983 ms

Total query time: 20109.829584 ms


========== DISTANCE STATISTICS ==========

Total queries reported by index: 10000

Total distance computations: 284372562

Average distance ops per query: 28437.256200

Last query distance ops: 21860


========== PERFORMANCE SUMMARY ==========

Data loading time: 2242.049039 ms

Index build time: 3860.007621 ms

Query execution time: 20109.829584 ms

Total elapsed time: 26216.800538 ms


========== EFFICIENCY METRICS ==========

Queries per second: 497.269256

Distance ops per second: 14140973.239587


========== END OF LOG ==========

Log saved to: Log/run_20251204_034947_161.log

