========== HNSW Search Test ==========

Timestamp: Sat Dec  6 15:35:58 2025

Command line arguments:
  argv[0]: ./hng1
  argv[1]: --base
  argv[2]: data_o/glove/base.txt
  argv[3]: --query
  argv[4]: data_o/glove/query.txt
  argv[5]: --truth
  argv[6]: data_o/glove/truth.txt
  argv[7]: --k
  argv[8]: 10
  argv[9]: --m
  argv[10]: 80
  argv[11]: --max_layer
  argv[12]: 11
  argv[13]: --efc
  argv[14]: 1301
  argv[15]: --efs
  argv[16]: 1020
  argv[17]: --threads
  argv[18]: 32
  argv[19]: --ablate_csr
  argv[20]: 0
  argv[21]: --ablate_prefetch
  argv[22]: 1
  argv[23]: --ablate_simd
  argv[24]: 0
  argv[25]: --ablate_pruning
  argv[26]: 0
  argv[27]: --ablate_heap
  argv[28]: 0
  argv[29]: --ablate_flat_index
  argv[30]: 0
  argv[31]: --ablate_reorder
  argv[32]: 0

Configuration:
  Base file: data_o/glove/base.txt
  Query file: data_o/glove/query.txt
  Truth file: data_o/glove/truth.txt
  K: 10
  M: 80
  Max layer: 11
  EFC: 1301
  EFS: 1020
  Threads: 32
  Debug: -1

HNSW parameters set.

Ablation flags: csr=0, prefetch=1, simd=0, pruning=0, heap=0

Loading base vectors...
✓ Base loaded in 2227.427250 ms

Loading query vectors...
✓ Queries loaded in 78.551209 ms

Loading ground truth...
✓ Truth loaded in 77.409959 ms

Data Summary:
  Dimension d=100, Base vectors=1183514, Queries=10000


Building HNSW index...
✓ Index built.
  build_time(local)=4360.151716 ms
  build_time(internal)=4354.638727 ms


========== GRAPH QUALITY ==========

  num_nodes: 1183514

  max_level (entry point): 3

  actual_max_layer: 3

  avg_degree_l0: 71.575383

  avg_degree_upper: 0.103061


  Layer Distribution:

    L0: 1183514 nodes (100.00%)

    L1: 14840 nodes (1.25%)

    L2: 186 nodes (0.02%)

    L3: 4 nodes (0.00%)



Executing queries...

  Processed 1000 queries

  Processed 2000 queries

  Processed 3000 queries

  Processed 4000 queries

  Processed 5000 queries

  Processed 6000 queries

  Processed 7000 queries

  Processed 8000 queries

  Processed 9000 queries

  Processed 10000 queries


========== RESULTS ==========

Total queries: 10000

Average recall@10: 0.997940

Average query time: 5.048029 ms

Total query time: 50480.285179 ms


========== DISTANCE STATISTICS ==========

Total queries reported by index: 10000

Total distance computations: 540201619

Average distance ops per query: 54020.161900

Last query distance ops: 38297


========== PERFORMANCE SUMMARY ==========

Data loading time: 2383.388418 ms

Index build time: 4354.638727 ms

Query execution time: 50480.285179 ms

Total elapsed time: 57223.825313 ms


========== EFFICIENCY METRICS ==========

Queries per second: 198.097138

Distance ops per second: 10701239.445944


========== END OF LOG ==========

Log saved to: Log/run_20251206_153558_375.log

