========== HNSW Search Test ==========

Timestamp: Sat Dec  6 07:17:22 2025

Command line arguments:
  argv[0]: ./hng1
  argv[1]: --m
  argv[2]: 51
  argv[3]: --max_layer
  argv[4]: 10
  argv[5]: --efc
  argv[6]: 944
  argv[7]: --efs
  argv[8]: 380

Configuration:
  Base file: data_o/glove/base.txt
  Query file: data_o/glove/query.txt
  Truth file: data_o/glove/truth.txt
  K: 10
  M: 51
  Max layer: 10
  EFC: 944
  EFS: 380
  Threads: -1
  Debug: -1

HNSW parameters set.

Ablation flags: csr=0, prefetch=0, simd=0, pruning=0, heap=0

Loading base vectors...
✓ Base loaded in 2191.533299 ms

Loading query vectors...
✓ Queries loaded in 73.067423 ms

Loading ground truth...
✓ Truth loaded in 71.310207 ms

Data Summary:
  Dimension d=100, Base vectors=1183514, Queries=10000


Building HNSW index...
✓ Index built.
  build_time(local)=3874.117256 ms
  build_time(internal)=3869.094279 ms


========== GRAPH QUALITY ==========

  num_nodes: 1183514

  max_level (entry point): 3

  actual_max_layer: 3

  avg_degree_l0: 63.505055

  avg_degree_upper: 0.180803


  Layer Distribution:

    L0: 1183514 nodes (100.00%)

    L1: 23191 nodes (1.96%)

    L2: 438 nodes (0.04%)

    L3: 10 nodes (0.00%)



Executing queries...

  Processed 1000 queries

  Processed 2000 queries

  Processed 3000 queries

  Processed 4000 queries

  Processed 5000 queries

  Processed 6000 queries

  Processed 7000 queries

  Processed 8000 queries

  Processed 9000 queries

  Processed 10000 queries


========== RESULTS ==========

Total queries: 10000

Average recall@10: 0.980930

Average query time: 1.376420 ms

Total query time: 13764.204565 ms


========== DISTANCE STATISTICS ==========

Total queries reported by index: 10000

Total distance computations: 196533147

Average distance ops per query: 19653.314700

Last query distance ops: 16154


========== PERFORMANCE SUMMARY ==========

Data loading time: 2335.910929 ms

Index build time: 3869.094279 ms

Query execution time: 13764.204565 ms

Total elapsed time: 19974.232750 ms


========== EFFICIENCY METRICS ==========

Queries per second: 726.522187

Distance ops per second: 14278569.173532


========== END OF LOG ==========

Log saved to: Log/run_20251206_071722_418.log

