========== HNSW Search Test ==========

Timestamp: Sat Dec  6 07:18:00 2025

Command line arguments:
  argv[0]: ./hng1
  argv[1]: --m
  argv[2]: 51
  argv[3]: --max_layer
  argv[4]: 10
  argv[5]: --efc
  argv[6]: 944
  argv[7]: --efs
  argv[8]: 365

Configuration:
  Base file: data_o/glove/base.txt
  Query file: data_o/glove/query.txt
  Truth file: data_o/glove/truth.txt
  K: 10
  M: 51
  Max layer: 10
  EFC: 944
  EFS: 365
  Threads: -1
  Debug: -1

HNSW parameters set.

Ablation flags: csr=0, prefetch=0, simd=0, pruning=0, heap=0

Loading base vectors...
✓ Base loaded in 2184.773416 ms

Loading query vectors...
✓ Queries loaded in 73.799707 ms

Loading ground truth...
✓ Truth loaded in 77.734435 ms

Data Summary:
  Dimension d=100, Base vectors=1183514, Queries=10000


Building HNSW index...
✓ Index built.
  build_time(local)=3941.297554 ms
  build_time(internal)=3936.304903 ms


========== GRAPH QUALITY ==========

  num_nodes: 1183514

  max_level (entry point): 3

  actual_max_layer: 3

  avg_degree_l0: 63.505055

  avg_degree_upper: 0.180803


  Layer Distribution:

    L0: 1183514 nodes (100.00%)

    L1: 23191 nodes (1.96%)

    L2: 438 nodes (0.04%)

    L3: 10 nodes (0.00%)



Executing queries...

  Processed 1000 queries

  Processed 2000 queries

  Processed 3000 queries

  Processed 4000 queries

  Processed 5000 queries

  Processed 6000 queries

  Processed 7000 queries

  Processed 8000 queries

  Processed 9000 queries

  Processed 10000 queries


========== RESULTS ==========

Total queries: 10000

Average recall@10: 0.979840

Average query time: 1.307410 ms

Total query time: 13074.102286 ms


========== DISTANCE STATISTICS ==========

Total queries reported by index: 10000

Total distance computations: 189637524

Average distance ops per query: 18963.752400

Last query distance ops: 15670


========== PERFORMANCE SUMMARY ==========

Data loading time: 2336.307558 ms

Index build time: 3936.304903 ms

Query execution time: 13074.102286 ms

Total elapsed time: 19351.707398 ms


========== EFFICIENCY METRICS ==========

Queries per second: 764.870871

Distance ops per second: 14504821.811213


========== END OF LOG ==========

Log saved to: Log/run_20251206_071800_512.log

