========== HNSW Search Test ==========

Timestamp: Thu Dec  4 01:15:06 2025

Command line arguments:
  argv[0]: ./hng1
  argv[1]: --m
  argv[2]: 38
  argv[3]: --max_layer
  argv[4]: 10
  argv[5]: --efc
  argv[6]: 393
  argv[7]: --efs
  argv[8]: 800

Configuration:
  Base file: data_o/glove/base.txt
  Query file: data_o/glove/query.txt
  Truth file: data_o/glove/truth.txt
  K: 10
  M: 38
  Max layer: 10
  EFC: 393
  EFS: 800
  Threads: -1
  Debug: -1

HNSW parameters set.

Ablation flags: csr=0, prefetch=0, simd=0, pruning=0, heap=0

Loading base vectors...
✓ Base loaded in 2297.923231 ms

Loading query vectors...
✓ Queries loaded in 71.096904 ms

Loading ground truth...
✓ Truth loaded in 68.173275 ms

Data Summary:
  Dimension d=100, Base vectors=1183514, Queries=10000


Building HNSW index...
✓ Index built.
  build_time(local)=3622.777239 ms
  build_time(internal)=3617.522822 ms


========== GRAPH QUALITY ==========

  num_nodes: 1183514

  max_level (entry point): 3

  actual_max_layer: 3

  avg_degree_l0: 44.056857

  avg_degree_upper: 0.195303


  Layer Distribution:

    L0: 1183514 nodes (100.00%)

    L1: 30815 nodes (2.60%)

    L2: 762 nodes (0.06%)

    L3: 15 nodes (0.00%)



Executing queries...

  Processed 1000 queries

  Processed 2000 queries

  Processed 3000 queries

  Processed 4000 queries

  Processed 5000 queries

  Processed 6000 queries

  Processed 7000 queries

  Processed 8000 queries

  Processed 9000 queries

  Processed 10000 queries


========== RESULTS ==========

Total queries: 10000

Average recall@10: 0.987540

Average query time: 2.052562 ms

Total query time: 20525.618884 ms


========== DISTANCE STATISTICS ==========

Total queries reported by index: 10000

Total distance computations: 268126593

Average distance ops per query: 26812.659300

Last query distance ops: 21222


========== PERFORMANCE SUMMARY ==========

Data loading time: 2437.193410 ms

Index build time: 3617.522822 ms

Query execution time: 20525.618884 ms

Total elapsed time: 26585.589533 ms


========== EFFICIENCY METRICS ==========

Queries per second: 487.196028

Distance ops per second: 13063021.120840


========== END OF LOG ==========

Log saved to: Log/run_20251204_011506_896.log

