========== HNSW Search Test ==========

Timestamp: Sun Dec  7 10:19:17 2025

Command line arguments:
  argv[0]: ./hng2
  argv[1]: --m
  argv[2]: 40
  argv[3]: --max_layer
  argv[4]: 7
  argv[5]: --efc
  argv[6]: 1300
  argv[7]: --efs
  argv[8]: 1000

Configuration:
  Base file: data_o/glove/base.txt
  Query file: data_o/glove/query.txt
  Truth file: data_o/glove/truth.txt
  K: 10
  M: 40
  Max layer: 7
  EFC: 1300
  EFS: 1000
  Threads: -1
  Debug: -1

HNSW parameters set.

Ablation flags: csr=0, prefetch=0, simd=0, pruning=0, heap=0

Loading base vectors...
✓ Base loaded in 2023.362258 ms

Loading query vectors...
✓ Queries loaded in 67.355862 ms

Loading ground truth...
✓ Truth loaded in 67.925992 ms

Data Summary:
  Dimension d=100, Base vectors=1183514, Queries=10000


Building HNSW index...
✓ Index built.
  build_time(local)=3962.784280 ms
  build_time(internal)=3957.998845 ms


========== GRAPH QUALITY ==========

  num_nodes: 1183514

  max_level (entry point): 4

  actual_max_layer: 4

  avg_degree_l0: 70.480194

  avg_degree_upper: 0.177697


  Layer Distribution:

    L0: 1183514 nodes (100.00%)

    L1: 29537 nodes (2.50%)

    L2: 750 nodes (0.06%)

    L3: 22 nodes (0.00%)

    L4: 1 nodes (0.00%)



Executing queries...

  Processed 1000 queries

  Processed 2000 queries

  Processed 3000 queries

  Processed 4000 queries

  Processed 5000 queries

  Processed 6000 queries

  Processed 7000 queries

  Processed 8000 queries

  Processed 9000 queries

  Processed 10000 queries


========== RESULTS ==========

Total queries: 10000

Average recall@10: 0.997050

Average query time: 4.119226 ms

Total query time: 41192.255473 ms


========== DISTANCE STATISTICS ==========

Total queries reported by index: 10000

Total distance computations: 470320019

Average distance ops per query: 47032.001900

Last query distance ops: 39167


========== PERFORMANCE SUMMARY ==========

Data loading time: 2158.644112 ms

Index build time: 3957.998845 ms

Query execution time: 41192.255473 ms

Total elapsed time: 47313.683865 ms


========== EFFICIENCY METRICS ==========

Queries per second: 242.764080

Distance ops per second: 11417680.668355


========== END OF LOG ==========

Log saved to: Log/run_20251207_101917_514.log

