========== HNSW Search Test ==========

Timestamp: Sat Dec  6 12:38:21 2025

Command line arguments:
  argv[0]: ./hng2

Configuration:
  Base file: data_o/glove/base.txt
  Query file: data_o/glove/query.txt
  Truth file: data_o/glove/truth.txt
  K: 10
  M: -1
  Max layer: -1
  EFC: -1
  EFS: -1
  Threads: -1
  Debug: -1

Ablation flags: csr=0, prefetch=0, simd=0, pruning=0, heap=0

Loading base vectors...
✓ Base loaded in 2311.151887 ms

Loading query vectors...
✓ Queries loaded in 70.569861 ms

Loading ground truth...
✓ Truth loaded in 69.446096 ms

Data Summary:
  Dimension d=100, Base vectors=1183514, Queries=10000


Building HNSW index...
✓ Index built.
  build_time(local)=4112.808827 ms
  build_time(internal)=4107.793014 ms


========== GRAPH QUALITY ==========

  num_nodes: 1183514

  max_level (entry point): 3

  actual_max_layer: 3

  avg_degree_l0: 71.575383

  avg_degree_upper: 0.103061


  Layer Distribution:

    L0: 1183514 nodes (100.00%)

    L1: 14840 nodes (1.25%)

    L2: 186 nodes (0.02%)

    L3: 4 nodes (0.00%)



Executing queries...

  Processed 1000 queries

  Processed 2000 queries

  Processed 3000 queries

  Processed 4000 queries

  Processed 5000 queries

  Processed 6000 queries

  Processed 7000 queries

  Processed 8000 queries

  Processed 9000 queries

  Processed 10000 queries


========== RESULTS ==========

Total queries: 10000

Average recall@10: 0.980000

Average query time: 1.376751 ms

Total query time: 13767.507510 ms


========== DISTANCE STATISTICS ==========

Total queries reported by index: 10000

Total distance computations: 195087712

Average distance ops per query: 19508.771200

Last query distance ops: 15497


========== PERFORMANCE SUMMARY ==========

Data loading time: 2451.167844 ms

Index build time: 4107.793014 ms

Query execution time: 13767.507510 ms

Total elapsed time: 20331.484181 ms


========== EFFICIENCY METRICS ==========

Queries per second: 726.347888

Distance ops per second: 14170154.754468


========== END OF LOG ==========

Log saved to: Log/run_20251206_123821_060.log

