========== HNSW Search Test ==========

Timestamp: Sun Dec  7 17:03:28 2025

Command line arguments:
  argv[0]: ./hng3
  argv[1]: --m
  argv[2]: 52
  argv[3]: --max_layer
  argv[4]: 12
  argv[5]: --efc
  argv[6]: 957
  argv[7]: --efs
  argv[8]: 564

Configuration:
  Base file: data_o/glove/base.txt
  Query file: data_o/glove/query.txt
  Truth file: data_o/glove/truth.txt
  K: 10
  M: 52
  Max layer: 12
  EFC: 957
  EFS: 564
  Threads: -1
  Debug: -1

HNSW parameters set.

Ablation flags: csr=0, prefetch=0, simd=0, pruning=0, heap=0

Loading base vectors...
✓ Base loaded in 2225.267521 ms

Loading query vectors...
✓ Queries loaded in 67.195473 ms

Loading ground truth...
✓ Truth loaded in 68.813368 ms

Data Summary:
  Dimension d=100, Base vectors=1183514, Queries=10000


Building HNSW index...
✓ Index built.
  build_time(local)=3823.457979 ms
  build_time(internal)=3817.755314 ms

Executing queries...

  Processed 1000 queries

  Processed 2000 queries

  Processed 3000 queries

  Processed 4000 queries

  Processed 5000 queries

  Processed 6000 queries

  Processed 7000 queries

  Processed 8000 queries

  Processed 9000 queries

  Processed 10000 queries


========== RESULTS ==========

Total queries: 10000

Average recall@10: 0.989960

Average query time: 1.884765 ms

Total query time: 18847.647353 ms


========== DISTANCE STATISTICS ==========

Total queries reported by index: 10000

Total distance computations: 281108265

Average distance ops per query: 28110.826500

Last query distance ops: 22069


========== PERFORMANCE SUMMARY ==========

Data loading time: 2361.276362 ms

Index build time: 3817.755314 ms

Query execution time: 18847.647353 ms

Total elapsed time: 25032.381694 ms


========== EFFICIENCY METRICS ==========

Queries per second: 530.570199

Distance ops per second: 14914766.800073


========== END OF LOG ==========

Log saved to: Log/run_20251207_170328_666.log

