========== HNSW Search Test ==========

Timestamp: Sun Dec  7 19:34:59 2025

Command line arguments:
  argv[0]: ./hng3
  argv[1]: --m
  argv[2]: 50
  argv[3]: --max_layer
  argv[4]: 15
  argv[5]: --efc
  argv[6]: 1386
  argv[7]: --efs
  argv[8]: 2000

Configuration:
  Base file: data_o/glove/base.txt
  Query file: data_o/glove/query.txt
  Truth file: data_o/glove/truth.txt
  K: 10
  M: 50
  Max layer: 15
  EFC: 1386
  EFS: 2000
  Threads: -1
  Debug: -1

HNSW parameters set.

Ablation flags: csr=0, prefetch=0, simd=0, pruning=0, heap=0

Loading base vectors...
✓ Base loaded in 2804.750539 ms

Loading query vectors...
✓ Queries loaded in 68.288040 ms

Loading ground truth...
✓ Truth loaded in 76.018543 ms

Data Summary:
  Dimension d=100, Base vectors=1183514, Queries=10000


Building HNSW index...
✓ Index built.
  build_time(local)=3775633.885808 ms
  build_time(internal)=3648687.345458 ms

Executing queries...

  Processed 1000 queries

  Processed 2000 queries

  Processed 3000 queries

  Processed 4000 queries

  Processed 5000 queries

  Processed 6000 queries

  Processed 7000 queries

  Processed 8000 queries

  Processed 9000 queries

  Processed 10000 queries


========== RESULTS ==========

Total queries: 10000

Average recall@10: 0.999790

Average query time: 8.142091 ms

Total query time: 81420.910281 ms


========== DISTANCE STATISTICS ==========

Total queries reported by index: 10000

Total distance computations: 1001017491

Average distance ops per query: 100101.749100

Last query distance ops: 79031


========== PERFORMANCE SUMMARY ==========

Data loading time: 2949.057122 ms

Index build time: 3648687.345458 ms

Query execution time: 81420.910281 ms

Total elapsed time: 3860003.853211 ms


========== EFFICIENCY METRICS ==========

Queries per second: 122.818573

Distance ops per second: 12294353.963193


========== END OF LOG ==========

Log saved to: Log/run_20251207_193459_800.log

