========== HNSW Search Test ==========

Timestamp: Sat Dec  6 08:19:05 2025

Command line arguments:
  argv[0]: ./hng1
  argv[1]: --m
  argv[2]: 82
  argv[3]: --max_layer
  argv[4]: 13
  argv[5]: --efc
  argv[6]: 985
  argv[7]: --efs
  argv[8]: 440

Configuration:
  Base file: data_o/glove/base.txt
  Query file: data_o/glove/query.txt
  Truth file: data_o/glove/truth.txt
  K: 10
  M: 82
  Max layer: 13
  EFC: 985
  EFS: 440
  Threads: -1
  Debug: -1

HNSW parameters set.

Ablation flags: csr=0, prefetch=0, simd=0, pruning=0, heap=0

Loading base vectors...
✓ Base loaded in 2177.798970 ms

Loading query vectors...
✓ Queries loaded in 70.527751 ms

Loading ground truth...
✓ Truth loaded in 68.894745 ms

Data Summary:
  Dimension d=100, Base vectors=1183514, Queries=10000


Building HNSW index...
✓ Index built.
  build_time(local)=4792.434384 ms
  build_time(internal)=4785.495039 ms


========== GRAPH QUALITY ==========

  num_nodes: 1183514

  max_level (entry point): 2

  actual_max_layer: 2

  avg_degree_l0: 66.098379

  avg_degree_upper: 0.122681


  Layer Distribution:

    L0: 1183514 nodes (100.00%)

    L1: 14480 nodes (1.22%)

    L2: 184 nodes (0.02%)



Executing queries...

  Processed 1000 queries

  Processed 2000 queries

  Processed 3000 queries

  Processed 4000 queries

  Processed 5000 queries

  Processed 6000 queries

  Processed 7000 queries

  Processed 8000 queries

  Processed 9000 queries

  Processed 10000 queries


========== RESULTS ==========

Total queries: 10000

Average recall@10: 0.986330

Average query time: 1.762362 ms

Total query time: 17623.624339 ms


========== DISTANCE STATISTICS ==========

Total queries reported by index: 10000

Total distance computations: 240270400

Average distance ops per query: 24027.040100

Last query distance ops: 18940


========== PERFORMANCE SUMMARY ==========

Data loading time: 2317.221466 ms

Index build time: 4785.495039 ms

Query execution time: 17623.624339 ms

Total elapsed time: 24733.280189 ms


========== EFFICIENCY METRICS ==========

Queries per second: 567.420175

Distance ops per second: 13633427.289317


========== END OF LOG ==========

Log saved to: Log/run_20251206_081905_611.log

