========== HNSW Search Test ==========

Timestamp: Thu Dec  4 18:55:40 2025

Command line arguments:
  argv[0]: ./hng1
  argv[1]: --m
  argv[2]: 41
  argv[3]: --max_layer
  argv[4]: 8
  argv[5]: --efc
  argv[6]: 93
  argv[7]: --efs
  argv[8]: 2000

Configuration:
  Base file: data_o/glove/base.txt
  Query file: data_o/glove/query.txt
  Truth file: data_o/glove/truth.txt
  K: 10
  M: 41
  Max layer: 8
  EFC: 93
  EFS: 2000
  Threads: -1
  Debug: -1

HNSW parameters set.

Ablation flags: csr=0, prefetch=0, simd=0, pruning=0, heap=0

Loading base vectors...
✓ Base loaded in 2217.475808 ms

Loading query vectors...
✓ Queries loaded in 71.046779 ms

Loading ground truth...
✓ Truth loaded in 69.849013 ms

Data Summary:
  Dimension d=100, Base vectors=1183514, Queries=10000


Building HNSW index...
✓ Index built.
  build_time(local)=4339.393528 ms
  build_time(internal)=4334.143038 ms


========== GRAPH QUALITY ==========

  num_nodes: 1183514

  max_level (entry point): 3

  actual_max_layer: 3

  avg_degree_l0: 20.017152

  avg_degree_upper: 0.116904


  Layer Distribution:

    L0: 1183514 nodes (100.00%)

    L1: 28805 nodes (2.43%)

    L2: 697 nodes (0.06%)

    L3: 18 nodes (0.00%)



Executing queries...

  Processed 1000 queries

  Processed 2000 queries

  Processed 3000 queries

  Processed 4000 queries

  Processed 5000 queries

  Processed 6000 queries

  Processed 7000 queries

  Processed 8000 queries

  Processed 9000 queries

  Processed 10000 queries


========== RESULTS ==========

Total queries: 10000

Average recall@10: 0.978250

Average query time: 3.110146 ms

Total query time: 31101.455801 ms


========== DISTANCE STATISTICS ==========

Total queries reported by index: 10000

Total distance computations: 324873130

Average distance ops per query: 32487.313000

Last query distance ops: 26668


========== PERFORMANCE SUMMARY ==========

Data loading time: 2358.371600 ms

Index build time: 4334.143038 ms

Query execution time: 31101.455801 ms

Total elapsed time: 37799.220929 ms


========== EFFICIENCY METRICS ==========

Queries per second: 321.528358

Distance ops per second: 10445592.388944


========== END OF LOG ==========

Log saved to: Log/run_20251204_185540_668.log

