========== HNSW Search Test ==========

Timestamp: Sun Dec  7 17:27:33 2025

Command line arguments:
  argv[0]: ./hng3
  argv[1]: --m
  argv[2]: 20
  argv[3]: --max_layer
  argv[4]: 10
  argv[5]: --efc
  argv[6]: 1326
  argv[7]: --efs
  argv[8]: 1730

Configuration:
  Base file: data_o/glove/base.txt
  Query file: data_o/glove/query.txt
  Truth file: data_o/glove/truth.txt
  K: 10
  M: 20
  Max layer: 10
  EFC: 1326
  EFS: 1730
  Threads: -1
  Debug: -1

HNSW parameters set.

Ablation flags: csr=0, prefetch=0, simd=0, pruning=0, heap=0

Loading base vectors...
✓ Base loaded in 3883.519961 ms

Loading query vectors...
✓ Queries loaded in 68.719480 ms

Loading ground truth...
✓ Truth loaded in 69.975139 ms

Data Summary:
  Dimension d=100, Base vectors=1183514, Queries=10000


Building HNSW index...
✓ Index built.
  build_time(local)=3836.630377 ms
  build_time(internal)=3831.316701 ms

Executing queries...

  Processed 1000 queries

  Processed 2000 queries

  Processed 3000 queries

  Processed 4000 queries

  Processed 5000 queries

  Processed 6000 queries

  Processed 7000 queries

  Processed 8000 queries

  Processed 9000 queries

  Processed 10000 queries


========== RESULTS ==========

Total queries: 10000

Average recall@10: 0.989930

Average query time: 3.356064 ms

Total query time: 33560.638786 ms


========== DISTANCE STATISTICS ==========

Total queries reported by index: 10000

Total distance computations: 393664135

Average distance ops per query: 39366.413500

Last query distance ops: 31693


========== PERFORMANCE SUMMARY ==========

Data loading time: 4022.214580 ms

Index build time: 3831.316701 ms

Query execution time: 33560.638786 ms

Total elapsed time: 41419.483743 ms


========== EFFICIENCY METRICS ==========

Queries per second: 297.968107

Distance ops per second: 11729935.699681


========== END OF LOG ==========

Log saved to: Log/run_20251207_172733_631.log

