========== HNSW Search Test ==========

Timestamp: Sun Dec  7 20:39:44 2025

Command line arguments:
  argv[0]: ./hng3
  argv[1]: --m
  argv[2]: 50
  argv[3]: --max_layer
  argv[4]: 15
  argv[5]: --efc
  argv[6]: 1386
  argv[7]: --efs
  argv[8]: 500

Configuration:
  Base file: data_o/glove/base.txt
  Query file: data_o/glove/query.txt
  Truth file: data_o/glove/truth.txt
  K: 10
  M: 50
  Max layer: 15
  EFC: 1386
  EFS: 500
  Threads: -1
  Debug: -1

HNSW parameters set.

Ablation flags: csr=0, prefetch=0, simd=0, pruning=0, heap=0

Loading base vectors...
✓ Base loaded in 2095.628347 ms

Loading query vectors...
✓ Queries loaded in 66.634146 ms

Loading ground truth...
✓ Truth loaded in 66.446773 ms

Data Summary:
  Dimension d=100, Base vectors=1183514, Queries=10000


Building HNSW index...
✓ Index built.
  build_time(local)=4264.945441 ms
  build_time(internal)=3202.310395 ms

Executing queries...

  Processed 1000 queries

  Processed 2000 queries

  Processed 3000 queries

  Processed 4000 queries

  Processed 5000 queries

  Processed 6000 queries

  Processed 7000 queries

  Processed 8000 queries

  Processed 9000 queries

  Processed 10000 queries


========== RESULTS ==========

Total queries: 10000

Average recall@10: 0.992150

Average query time: 2.126410 ms

Total query time: 21264.098092 ms


========== DISTANCE STATISTICS ==========

Total queries reported by index: 10000

Total distance computations: 311585858

Average distance ops per query: 31158.585800

Last query distance ops: 28642


========== PERFORMANCE SUMMARY ==========

Data loading time: 2228.709266 ms

Index build time: 3202.310395 ms

Query execution time: 21264.098092 ms

Total elapsed time: 27757.752799 ms


========== EFFICIENCY METRICS ==========

Queries per second: 470.276235

Distance ops per second: 14653142.430585


========== END OF LOG ==========

Log saved to: Log/run_20251207_203944_444.log

