========== HNSW Search Test ==========

Timestamp: Sun Dec  7 17:24:32 2025

Command line arguments:
  argv[0]: ./hng3
  argv[1]: --m
  argv[2]: 20
  argv[3]: --max_layer
  argv[4]: 10
  argv[5]: --efc
  argv[6]: 1326
  argv[7]: --efs
  argv[8]: 1040

Configuration:
  Base file: data_o/glove/base.txt
  Query file: data_o/glove/query.txt
  Truth file: data_o/glove/truth.txt
  K: 10
  M: 20
  Max layer: 10
  EFC: 1326
  EFS: 1040
  Threads: -1
  Debug: -1

HNSW parameters set.

Ablation flags: csr=0, prefetch=0, simd=0, pruning=0, heap=0

Loading base vectors...
✓ Base loaded in 4162.663822 ms

Loading query vectors...
✓ Queries loaded in 73.023472 ms

Loading ground truth...
✓ Truth loaded in 72.119862 ms

Data Summary:
  Dimension d=100, Base vectors=1183514, Queries=10000


Building HNSW index...
✓ Index built.
  build_time(local)=3498.009458 ms
  build_time(internal)=2875.506581 ms

Executing queries...

  Processed 1000 queries

  Processed 2000 queries

  Processed 3000 queries

  Processed 4000 queries

  Processed 5000 queries

  Processed 6000 queries

  Processed 7000 queries

  Processed 8000 queries

  Processed 9000 queries

  Processed 10000 queries


========== RESULTS ==========

Total queries: 10000

Average recall@10: 0.981180

Average query time: 2.075874 ms

Total query time: 20758.736819 ms


========== DISTANCE STATISTICS ==========

Total queries reported by index: 10000

Total distance computations: 253838298

Average distance ops per query: 25383.829800

Last query distance ops: 21481


========== PERFORMANCE SUMMARY ==========

Data loading time: 4307.807156 ms

Index build time: 2875.506581 ms

Query execution time: 20758.736819 ms

Total elapsed time: 28564.553433 ms


========== EFFICIENCY METRICS ==========

Queries per second: 481.724880

Distance ops per second: 12228022.360574


========== END OF LOG ==========

Log saved to: Log/run_20251207_172432_683.log

