========== HNSW Search Test ==========

========== HNSW Search Test ==========

Timestamp: Thu Dec  4 14:55:14 2025

Command line arguments:
Timestamp: Thu Dec  4 14:55:14 2025

  argv[0]: ./hng1
Command line arguments:
  argv[1]: --base
  argv[0]: ./hng1
  argv[2]: data_o/glove/base.txt
  argv[1]: --base
  argv[3]: --query
  argv[2]: data_o/glove/base.txt
  argv[4]: data_o/glove/query.txt
  argv[3]: --query
  argv[5]: --truth
  argv[4]: data_o/glove/query.txt
  argv[6]: data_o/glove/truth.txt
  argv[5]: --truth
  argv[7]: --k
  argv[6]: data_o/glove/truth.txt
  argv[8]: 10
  argv[7]: --k
  argv[9]: --m
  argv[8]: 10
  argv[10]: 43
  argv[9]: --m
  argv[11]: --max_layer
  argv[10]: 43
  argv[12]: 10
  argv[11]: --max_layer
  argv[13]: --efc
  argv[12]: 10
  argv[14]: 735
  argv[13]: --efc
  argv[15]: --efs
  argv[14]: 735
  argv[16]: 425
  argv[15]: --efs
  argv[17]: --threads
  argv[16]: 500
  argv[18]: 32
  argv[17]: --threads
  argv[19]: --ablate_csr
  argv[18]: 32
  argv[20]: 0
  argv[19]: --ablate_csr
  argv[21]: --ablate_prefetch
  argv[20]: 0
  argv[22]: 1
  argv[21]: --ablate_prefetch
  argv[23]: --ablate_simd
  argv[22]: 0
  argv[24]: 0
  argv[23]: --ablate_simd
  argv[25]: --ablate_pruning
  argv[24]: 0
  argv[26]: 0
  argv[25]: --ablate_pruning
  argv[27]: --ablate_heap
  argv[26]: 1
  argv[28]: 0
  argv[27]: --ablate_heap
  argv[29]: --ablate_flat_index
  argv[28]: 0
  argv[30]: 0
  argv[29]: --ablate_flat_index
  argv[31]: --ablate_reorder
  argv[30]: 0
  argv[32]: 0
  argv[31]: --ablate_reorder

Configuration:
  argv[32]: 0
  Base file: data_o/glove/base.txt

Configuration:
  Query file: data_o/glove/query.txt
  Base file: data_o/glove/base.txt
  Truth file: data_o/glove/truth.txt
  Query file: data_o/glove/query.txt
  K: 10
  Truth file: data_o/glove/truth.txt
  M: 43
  K: 10
  Max layer: 10
  M: 43
  EFC: 735
  Max layer: 10
  EFS: 425
  EFC: 735
  Threads: 32
  EFS: 500
  Debug: -1
  Threads: 32

  Debug: -1
HNSW parameters set.


Ablation flags: csr=0, prefetch=1, simd=0, pruning=0, heap=0

HNSW parameters set.

Loading base vectors...
Ablation flags: csr=0, prefetch=0, simd=0, pruning=1, heap=0

Loading base vectors...
✓ Base loaded in 16996.542993 ms

Loading query vectors...
✓ Base loaded in 17002.092270 ms

Loading query vectors...
✓ Queries loaded in 223.527334 ms

Loading ground truth...
✓ Queries loaded in 222.253555 ms

Loading ground truth...
✓ Truth loaded in 225.764806 ms

Data Summary:
  Dimension d=100, Base vectors=1183514, Queries=10000


Building HNSW index...
✓ Truth loaded in 225.011902 ms

Data Summary:
  Dimension d=100, Base vectors=1183514, Queries=10000


Building HNSW index...
✓ Index built.
  build_time(local)=27819.745895 ms
  build_time(internal)=27809.785109 ms


========== GRAPH QUALITY ==========

  num_nodes: 1183514

  max_level (entry point): 4

  actual_max_layer: 4

  avg_degree_l0: 56.845631

  avg_degree_upper: 0.141073


  Layer Distribution:

    L0: 1183514 nodes (100.00%)

    L1: 27546 nodes (2.33%)

    L2: 625 nodes (0.05%)

    L3: 12 nodes (0.00%)

    L4: 1 nodes (0.00%)



Executing queries...

✓ Index built.
  build_time(local)=27951.444659 ms
  build_time(internal)=27937.550578 ms


========== GRAPH QUALITY ==========

  num_nodes: 1183514

  max_level (entry point): 4

  actual_max_layer: 4

  avg_degree_l0: 56.845631

  avg_degree_upper: 0.141073


  Layer Distribution:

    L0: 1183514 nodes (100.00%)

    L1: 27546 nodes (2.33%)

    L2: 625 nodes (0.05%)

    L3: 12 nodes (0.00%)

    L4: 1 nodes (0.00%)



Executing queries...

  Processed 1000 queries

  Processed 1000 queries

  Processed 2000 queries

  Processed 2000 queries

  Processed 3000 queries

  Processed 3000 queries

  Processed 4000 queries

  Processed 4000 queries

  Processed 5000 queries

  Processed 5000 queries

  Processed 6000 queries

  Processed 6000 queries

  Processed 7000 queries

  Processed 7000 queries

  Processed 8000 queries

  Processed 8000 queries

  Processed 9000 queries

  Processed 9000 queries

  Processed 10000 queries


========== RESULTS ==========

Total queries: 10000

Average recall@10: 0.984620

Average query time: 11.808228 ms

Total query time: 118082.275647 ms


========== DISTANCE STATISTICS ==========

Total queries reported by index: 10000

Total distance computations: 221748475

Average distance ops per query: 22174.847500

Last query distance ops: 18210


========== PERFORMANCE SUMMARY ==========

Data loading time: 17445.835133 ms

Index build time: 27937.550578 ms

Query execution time: 118082.275647 ms

Total elapsed time: 163479.555439 ms


========== EFFICIENCY METRICS ==========

Queries per second: 84.686715

Distance ops per second: 1877914.985843


========== END OF LOG ==========

Log saved to: Log/run_20251204_145514_743.log

  Processed 10000 queries


========== RESULTS ==========

Total queries: 10000

Average recall@10: 0.980000

Average query time: 11.839347 ms

Total query time: 118393.472744 ms


========== DISTANCE STATISTICS ==========

Total queries reported by index: 10000

Total distance computations: 192065459

Average distance ops per query: 19206.545900

Last query distance ops: 16068


========== PERFORMANCE SUMMARY ==========

Data loading time: 17449.357727 ms

Index build time: 27809.785109 ms

Query execution time: 118393.472744 ms

Total elapsed time: 163662.576366 ms


========== EFFICIENCY METRICS ==========

Queries per second: 84.464116

Distance ops per second: 1622263.918344


========== END OF LOG ==========

Log saved to: Log/run_20251204_145514_743.log

