========== HNSW Search Test ==========

Timestamp: Fri Dec  5 14:05:59 2025

Command line arguments:
  argv[0]: ./hng

Configuration:
  Base file: data_o/glove/base.txt
  Query file: data_o/glove/query.txt
  Truth file: data_o/glove/truth.txt
  K: 10
  M: -1
  Max layer: -1
  EFC: -1
  EFS: -1
  Threads: -1
  Debug: -1

Ablation flags: csr=0, prefetch=0, simd=0, pruning=0, heap=0

Loading base vectors...
✓ Base loaded in 2437.411479 ms

Loading query vectors...
✓ Queries loaded in 84.778202 ms

Loading ground truth...
✓ Truth loaded in 83.203164 ms

Data Summary:
  Dimension d=100, Base vectors=1183514, Queries=10000


Building HNSW index...
✓ Index built.
  build_time(local)=762197.750197 ms
  build_time(internal)=762192.834741 ms


========== GRAPH QUALITY ==========

  num_nodes: 1183514

  max_level (entry point): 4

  actual_max_layer: 4

  avg_degree_l0: 50.449064

  avg_degree_upper: 0.176095


  Layer Distribution:

    L0: 1183514 nodes (100.00%)

    L1: 36825 nodes (3.11%)

    L2: 1166 nodes (0.10%)

    L3: 49 nodes (0.00%)

    L4: 2 nodes (0.00%)



Executing queries...

  Processed 1000 queries

  Processed 2000 queries

  Processed 3000 queries

  Processed 4000 queries

  Processed 5000 queries

  Processed 6000 queries

  Processed 7000 queries

  Processed 8000 queries

  Processed 9000 queries

  Processed 10000 queries


========== RESULTS ==========

Total queries: 10000

Average recall@10: 0.979010

Average query time: 1.627773 ms

Total query time: 16277.725824 ms


========== DISTANCE STATISTICS ==========

Total queries reported by index: 10000

Total distance computations: 189755442

Average distance ops per query: 18975.544200

Last query distance ops: 16737


========== PERFORMANCE SUMMARY ==========

Data loading time: 2605.392845 ms

Index build time: 762192.834741 ms

Query execution time: 16277.725824 ms

Total elapsed time: 781080.868866 ms


========== EFFICIENCY METRICS ==========

Queries per second: 614.336432

Distance ops per second: 11657368.114668


========== END OF LOG ==========

Log saved to: Log/run_20251205_140559_702.log

