========== HNSW Search Test ==========

Timestamp: Sun Dec  7 18:26:59 2025

Command line arguments:
  argv[0]: ./hng3
  argv[1]: --m
  argv[2]: 51
  argv[3]: --max_layer
  argv[4]: 9
  argv[5]: --efc
  argv[6]: 1153
  argv[7]: --efs
  argv[8]: 444

Configuration:
  Base file: data_o/glove/base.txt
  Query file: data_o/glove/query.txt
  Truth file: data_o/glove/truth.txt
  K: 10
  M: 51
  Max layer: 9
  EFC: 1153
  EFS: 444
  Threads: -1
  Debug: -1

HNSW parameters set.

Ablation flags: csr=0, prefetch=0, simd=0, pruning=0, heap=0

Loading base vectors...
✓ Base loaded in 2115.464685 ms

Loading query vectors...
✓ Queries loaded in 71.216978 ms

Loading ground truth...
✓ Truth loaded in 69.051027 ms

Data Summary:
  Dimension d=100, Base vectors=1183514, Queries=10000


Building HNSW index...
✓ Index built.
  build_time(local)=4244.482648 ms
  build_time(internal)=4239.603030 ms

Executing queries...

  Processed 1000 queries

  Processed 2000 queries

  Processed 3000 queries

  Processed 4000 queries

  Processed 5000 queries

  Processed 6000 queries

  Processed 7000 queries

  Processed 8000 queries

  Processed 9000 queries

  Processed 10000 queries


========== RESULTS ==========

Total queries: 10000

Average recall@10: 0.989850

Average query time: 1.815874 ms

Total query time: 18158.736717 ms


========== DISTANCE STATISTICS ==========

Total queries reported by index: 10000

Total distance computations: 279910235

Average distance ops per query: 27991.023500

Last query distance ops: 26205


========== PERFORMANCE SUMMARY ==========

Data loading time: 2255.732690 ms

Index build time: 4239.603030 ms

Query execution time: 18158.736717 ms

Total elapsed time: 24658.952055 ms


========== EFFICIENCY METRICS ==========

Queries per second: 550.699102

Distance ops per second: 15414631.500106


========== END OF LOG ==========

Log saved to: Log/run_20251207_182659_888.log

