========== HNSW Search Test ==========

Timestamp: Fri Dec  5 22:16:51 2025

Command line arguments:
  argv[0]: ./basic
  argv[1]: --base
  argv[2]: data_o/glove/base.txt
  argv[3]: --query
  argv[4]: data_o/glove/query.txt
  argv[5]: --truth
  argv[6]: data_o/glove/truth.txt
  argv[7]: --k
  argv[8]: 10
  argv[9]: --m
  argv[10]: 59
  argv[11]: --max_layer
  argv[12]: 7
  argv[13]: --efc
  argv[14]: 763
  argv[15]: --efs
  argv[16]: 875
  argv[17]: --threads
  argv[18]: 16
  argv[19]: --debug
  argv[20]: 1

Configuration:
  Base file: data_o/glove/base.txt
  Query file: data_o/glove/query.txt
  Truth file: data_o/glove/truth.txt
  K: 10
  M: 59
  Max layer: 7
  EFC: 763
  EFS: 875
  Threads: 16
  Debug: 1

HNSW parameters set.

Ablation flags: csr=0, prefetch=0, simd=0, pruning=0, heap=0

Loading base vectors...
✓ Base loaded in 2434.299686 ms

Loading query vectors...
✓ Queries loaded in 80.090111 ms

Loading ground truth...
✓ Truth loaded in 70.809039 ms

Data Summary:
  Dimension d=100, Base vectors=1183514, Queries=10000


Building HNSW index...
✓ Index built.
  build_time(local)=10535.708104 ms
  build_time(internal)=10532.369630 ms

Executing queries...

  Processed 1000 queries

  Processed 2000 queries

  Processed 3000 queries

  Processed 4000 queries

  Processed 5000 queries

  Processed 6000 queries

  Processed 7000 queries

  Processed 8000 queries

  Processed 9000 queries

  Processed 10000 queries


========== RESULTS ==========

Total queries: 10000

Average recall@10: 0.995470

Average query time: 8.961903 ms

Total query time: 89619.029913 ms


========== DISTANCE STATISTICS ==========

Total queries reported by index: 10000

Total distance computations: 397696403

Average distance ops per query: 39769.640300

Last query distance ops: 28981


========== PERFORMANCE SUMMARY ==========

Data loading time: 2585.198836 ms

Index build time: 10532.369630 ms

Query execution time: 89619.029913 ms

Total elapsed time: 102739.936853 ms


========== EFFICIENCY METRICS ==========

Queries per second: 111.583444

Distance ops per second: 4437633.428816


========== END OF LOG ==========

Log saved to: Log/run_20251205_221651_922.log

