========== HNSW Search Test ==========

Timestamp: Wed Dec  3 23:30:05 2025

Command line arguments:
  argv[0]: ./hng1
  argv[1]: --m
  argv[2]: 33
  argv[3]: --max_layer
  argv[4]: 5
  argv[5]: --efc
  argv[6]: 511
  argv[7]: --efs
  argv[8]: 897

Configuration:
  Base file: data_o/glove/base.txt
  Query file: data_o/glove/query.txt
  Truth file: data_o/glove/truth.txt
  K: 10
  M: 33
  Max layer: 5
  EFC: 511
  EFS: 897
  Threads: -1
  Debug: -1

HNSW parameters set.

Ablation flags: csr=0, prefetch=0, simd=0, pruning=0, heap=0

Loading base vectors...
✓ Base loaded in 2092.837250 ms

Loading query vectors...
✓ Queries loaded in 68.662650 ms

Loading ground truth...
✓ Truth loaded in 65.832039 ms

Data Summary:
  Dimension d=100, Base vectors=1183514, Queries=10000


Building HNSW index...
✓ Index built.
  build_time(local)=3692.396131 ms
  build_time(internal)=3685.864418 ms


========== GRAPH QUALITY ==========

  num_nodes: 1183514

  max_level (entry point): 3

  actual_max_layer: 3

  avg_degree_l0: 46.501089

  avg_degree_upper: 0.227541


  Layer Distribution:

    L0: 1183514 nodes (100.00%)

    L1: 35675 nodes (3.01%)

    L2: 1119 nodes (0.09%)

    L3: 39 nodes (0.00%)



Executing queries...

  Processed 1000 queries

  Processed 2000 queries

  Processed 3000 queries

  Processed 4000 queries

  Processed 5000 queries

  Processed 6000 queries

  Processed 7000 queries

  Processed 8000 queries

  Processed 9000 queries

  Processed 10000 queries


========== RESULTS ==========

Total queries: 10000

Average recall@10: 0.990030

Average query time: 2.716318 ms

Total query time: 27163.180976 ms


========== DISTANCE STATISTICS ==========

Total queries reported by index: 10000

Total distance computations: 299882154

Average distance ops per query: 29988.215400

Last query distance ops: 24144


========== PERFORMANCE SUMMARY ==========

Data loading time: 2227.331939 ms

Index build time: 3685.864418 ms

Query execution time: 27163.180976 ms

Total elapsed time: 33082.909046 ms


========== EFFICIENCY METRICS ==========

Queries per second: 368.145395

Distance ops per second: 11040023.414966


========== END OF LOG ==========

Log saved to: Log/run_20251203_233005_534.log

