========== HNSW Search Test ==========

Timestamp: Sun Dec  7 10:03:14 2025

Command line arguments:
  argv[0]: ./hng2
  argv[1]: --m
  argv[2]: 32
  argv[3]: --max_layer
  argv[4]: 7
  argv[5]: --efc
  argv[6]: 600
  argv[7]: --efs
  argv[8]: 250

Configuration:
  Base file: data_o/glove/base.txt
  Query file: data_o/glove/query.txt
  Truth file: data_o/glove/truth.txt
  K: 10
  M: 32
  Max layer: 7
  EFC: 600
  EFS: 250
  Threads: -1
  Debug: -1

HNSW parameters set.

Ablation flags: csr=0, prefetch=0, simd=0, pruning=0, heap=0

Loading base vectors...
✓ Base loaded in 2074.988757 ms

Loading query vectors...
✓ Queries loaded in 66.032752 ms

Loading ground truth...
✓ Truth loaded in 66.290525 ms

Data Summary:
  Dimension d=100, Base vectors=1183514, Queries=10000


Building HNSW index...
✓ Index built.
  build_time(local)=3732.198033 ms
  build_time(internal)=3726.860422 ms


========== GRAPH QUALITY ==========

  num_nodes: 1183514

  max_level (entry point): 3

  actual_max_layer: 3

  avg_degree_l0: 54.803053

  avg_degree_upper: 0.263814


  Layer Distribution:

    L0: 1183514 nodes (100.00%)

    L1: 37028 nodes (3.13%)

    L2: 1175 nodes (0.10%)

    L3: 36 nodes (0.00%)



Executing queries...

  Processed 1000 queries

  Processed 2000 queries

  Processed 3000 queries

  Processed 4000 queries

  Processed 5000 queries

  Processed 6000 queries

  Processed 7000 queries

  Processed 8000 queries

  Processed 9000 queries

  Processed 10000 queries


========== RESULTS ==========

Total queries: 10000

Average recall@10: 0.955810

Average query time: 0.914772 ms

Total query time: 9147.721169 ms


========== DISTANCE STATISTICS ==========

Total queries reported by index: 10000

Total distance computations: 110160989

Average distance ops per query: 11016.098900

Last query distance ops: 10602


========== PERFORMANCE SUMMARY ==========

Data loading time: 2207.312034 ms

Index build time: 3726.860422 ms

Query execution time: 9147.721169 ms

Total elapsed time: 15087.231236 ms


========== EFFICIENCY METRICS ==========

Queries per second: 1093.168431

Distance ops per second: 12042451.553215


========== END OF LOG ==========

Log saved to: Log/run_20251207_100314_191.log

