========== HNSW Search Test ==========

Timestamp: Sun Dec  7 21:40:27 2025

Command line arguments:
  argv[0]: ./hng3
  argv[1]: --m
  argv[2]: 50
  argv[3]: --max_layer
  argv[4]: 8
  argv[5]: --efc
  argv[6]: 1222
  argv[7]: --efs
  argv[8]: 454

Configuration:
  Base file: data_o/glove/base.txt
  Query file: data_o/glove/query.txt
  Truth file: data_o/glove/truth.txt
  K: 10
  M: 50
  Max layer: 8
  EFC: 1222
  EFS: 454
  Threads: -1
  Debug: -1

HNSW parameters set.

Ablation flags: csr=0, prefetch=0, simd=0, pruning=0, heap=0

Loading base vectors...
✓ Base loaded in 2122.877908 ms

Loading query vectors...
✓ Queries loaded in 68.440420 ms

Loading ground truth...
✓ Truth loaded in 67.833696 ms

Data Summary:
  Dimension d=100, Base vectors=1183514, Queries=10000


Building HNSW index...
✓ Index built.
  build_time(local)=4283.863690 ms
  build_time(internal)=3286.974007 ms

Executing queries...

  Processed 1000 queries

  Processed 2000 queries

  Processed 3000 queries

  Processed 4000 queries

  Processed 5000 queries

  Processed 6000 queries

  Processed 7000 queries

  Processed 8000 queries

  Processed 9000 queries

  Processed 10000 queries


========== RESULTS ==========

Total queries: 10000

Average recall@10: 0.990010

Average query time: 1.918585 ms

Total query time: 19185.848753 ms


========== DISTANCE STATISTICS ==========

Total queries reported by index: 10000

Total distance computations: 283277882

Average distance ops per query: 28327.788200

Last query distance ops: 26441


========== PERFORMANCE SUMMARY ==========

Data loading time: 2259.152024 ms

Index build time: 3286.974007 ms

Query execution time: 19185.848753 ms

Total elapsed time: 25728.864467 ms


========== EFFICIENCY METRICS ==========

Queries per second: 521.217494

Distance ops per second: 14764938.765386


========== END OF LOG ==========

Log saved to: Log/run_20251207_214027_371.log

