========== HNSW Search Test ==========

Timestamp: Sun Dec  7 21:36:05 2025

Command line arguments:
  argv[0]: ./hng3
  argv[1]: --m
  argv[2]: 50
  argv[3]: --max_layer
  argv[4]: 8
  argv[5]: --efc
  argv[6]: 1222
  argv[7]: --efs
  argv[8]: 1040

Configuration:
  Base file: data_o/glove/base.txt
  Query file: data_o/glove/query.txt
  Truth file: data_o/glove/truth.txt
  K: 10
  M: 50
  Max layer: 8
  EFC: 1222
  EFS: 1040
  Threads: -1
  Debug: -1

HNSW parameters set.

Ablation flags: csr=0, prefetch=0, simd=0, pruning=0, heap=0

Loading base vectors...
✓ Base loaded in 4289.194815 ms

Loading query vectors...
✓ Queries loaded in 90.773078 ms

Loading ground truth...
✓ Truth loaded in 90.653240 ms

Data Summary:
  Dimension d=100, Base vectors=1183514, Queries=10000


Building HNSW index...
✓ Index built.
  build_time(local)=5033.671428 ms
  build_time(internal)=5028.050473 ms

Executing queries...

  Processed 1000 queries

  Processed 2000 queries

  Processed 3000 queries

  Processed 4000 queries

  Processed 5000 queries

  Processed 6000 queries

  Processed 7000 queries

  Processed 8000 queries

  Processed 9000 queries

  Processed 10000 queries


========== RESULTS ==========

Total queries: 10000

Average recall@10: 0.998370

Average query time: 4.312493 ms

Total query time: 43124.934287 ms


========== DISTANCE STATISTICS ==========

Total queries reported by index: 10000

Total distance computations: 576696650

Average distance ops per query: 57669.665000

Last query distance ops: 48976


========== PERFORMANCE SUMMARY ==========

Data loading time: 4470.621133 ms

Index build time: 5028.050473 ms

Query execution time: 43124.934287 ms

Total elapsed time: 52629.226848 ms


========== EFFICIENCY METRICS ==========

Queries per second: 231.884411

Distance ops per second: 13372696.319072


========== END OF LOG ==========

Log saved to: Log/run_20251207_213605_876.log

