========== HNSW Search Test ==========

Timestamp: Sun Dec  7 17:30:09 2025

Command line arguments:
  argv[0]: ./hng3
  argv[1]: --m
  argv[2]: 20
  argv[3]: --max_layer
  argv[4]: 10
  argv[5]: --efc
  argv[6]: 1326
  argv[7]: --efs
  argv[8]: 1725

Configuration:
  Base file: data_o/glove/base.txt
  Query file: data_o/glove/query.txt
  Truth file: data_o/glove/truth.txt
  K: 10
  M: 20
  Max layer: 10
  EFC: 1326
  EFS: 1725
  Threads: -1
  Debug: -1

HNSW parameters set.

Ablation flags: csr=0, prefetch=0, simd=0, pruning=0, heap=0

Loading base vectors...
✓ Base loaded in 2040.475078 ms

Loading query vectors...
✓ Queries loaded in 65.909900 ms

Loading ground truth...
✓ Truth loaded in 66.214790 ms

Data Summary:
  Dimension d=100, Base vectors=1183514, Queries=10000


Building HNSW index...
✓ Index built.
  build_time(local)=3179.258494 ms
  build_time(internal)=2483.193608 ms

Executing queries...

  Processed 1000 queries

  Processed 2000 queries

  Processed 3000 queries

  Processed 4000 queries

  Processed 5000 queries

  Processed 6000 queries

  Processed 7000 queries

  Processed 8000 queries

  Processed 9000 queries

  Processed 10000 queries


========== RESULTS ==========

Total queries: 10000

Average recall@10: 0.989890

Average query time: 3.595353 ms

Total query time: 35953.530020 ms


========== DISTANCE STATISTICS ==========

Total queries reported by index: 10000

Total distance computations: 392683494

Average distance ops per query: 39268.349400

Last query distance ops: 31620


========== PERFORMANCE SUMMARY ==========

Data loading time: 2172.599768 ms

Index build time: 2483.193608 ms

Query execution time: 35953.530020 ms

Total elapsed time: 41305.388282 ms


========== EFFICIENCY METRICS ==========

Queries per second: 278.136806

Distance ops per second: 10921973.274434


========== END OF LOG ==========

Log saved to: Log/run_20251207_173009_380.log

