========== HNSW Search Test ==========

Timestamp: Sun Dec  7 20:42:49 2025

Command line arguments:
  argv[0]: ./hng3
  argv[1]: --m
  argv[2]: 50
  argv[3]: --max_layer
  argv[4]: 8
  argv[5]: --efc
  argv[6]: 1222
  argv[7]: --efs
  argv[8]: 2000

Configuration:
  Base file: data_o/glove/base.txt
  Query file: data_o/glove/query.txt
  Truth file: data_o/glove/truth.txt
  K: 10
  M: 50
  Max layer: 8
  EFC: 1222
  EFS: 2000
  Threads: -1
  Debug: -1

HNSW parameters set.

Ablation flags: csr=0, prefetch=0, simd=0, pruning=0, heap=0

Loading base vectors...
✓ Base loaded in 2129.891639 ms

Loading query vectors...
✓ Queries loaded in 66.749445 ms

Loading ground truth...
✓ Truth loaded in 66.601019 ms

Data Summary:
  Dimension d=100, Base vectors=1183514, Queries=10000


Building HNSW index...
✓ Index built.
  build_time(local)=3209220.117855 ms
  build_time(internal)=3095622.142686 ms

Executing queries...

  Processed 1000 queries

  Processed 2000 queries

  Processed 3000 queries

  Processed 4000 queries

  Processed 5000 queries

  Processed 6000 queries

  Processed 7000 queries

  Processed 8000 queries

  Processed 9000 queries

  Processed 10000 queries


========== RESULTS ==========

Total queries: 10000

Average recall@10: 0.999740

Average query time: 8.190058 ms

Total query time: 81900.579004 ms


========== DISTANCE STATISTICS ==========

Total queries reported by index: 10000

Total distance computations: 990271741

Average distance ops per query: 99027.174100

Last query distance ops: 78157


========== PERFORMANCE SUMMARY ==========

Data loading time: 2263.242103 ms

Index build time: 3095622.142686 ms

Query execution time: 81900.579004 ms

Total elapsed time: 3293383.938962 ms


========== EFFICIENCY METRICS ==========

Queries per second: 122.099259

Distance ops per second: 12091144.568729


========== END OF LOG ==========

Log saved to: Log/run_20251207_204249_395.log

