========== HNSW Search Test ==========

Timestamp: Sun Dec  7 20:38:25 2025

Command line arguments:
  argv[0]: ./hng3
  argv[1]: --m
  argv[2]: 50
  argv[3]: --max_layer
  argv[4]: 15
  argv[5]: --efc
  argv[6]: 1386
  argv[7]: --efs
  argv[8]: 560

Configuration:
  Base file: data_o/glove/base.txt
  Query file: data_o/glove/query.txt
  Truth file: data_o/glove/truth.txt
  K: 10
  M: 50
  Max layer: 15
  EFC: 1386
  EFS: 560
  Threads: -1
  Debug: -1

HNSW parameters set.

Ablation flags: csr=0, prefetch=0, simd=0, pruning=0, heap=0

Loading base vectors...
✓ Base loaded in 4372.359043 ms

Loading query vectors...
✓ Queries loaded in 81.817600 ms

Loading ground truth...
✓ Truth loaded in 87.567289 ms

Data Summary:
  Dimension d=100, Base vectors=1183514, Queries=10000


Building HNSW index...
✓ Index built.
  build_time(local)=5568.091449 ms
  build_time(internal)=5562.352111 ms

Executing queries...

  Processed 1000 queries

  Processed 2000 queries

  Processed 3000 queries

  Processed 4000 queries

  Processed 5000 queries

  Processed 6000 queries

  Processed 7000 queries

  Processed 8000 queries

  Processed 9000 queries

  Processed 10000 queries


========== RESULTS ==========

Total queries: 10000

Average recall@10: 0.993800

Average query time: 2.368787 ms

Total query time: 23687.872725 ms


========== DISTANCE STATISTICS ==========

Total queries reported by index: 10000

Total distance computations: 343730916

Average distance ops per query: 34373.091600

Last query distance ops: 31181


========== PERFORMANCE SUMMARY ==========

Data loading time: 4541.743932 ms

Index build time: 5562.352111 ms

Query execution time: 23687.872725 ms

Total elapsed time: 33797.708106 ms


========== EFFICIENCY METRICS ==========

Queries per second: 422.156946

Distance ops per second: 14510839.364534


========== END OF LOG ==========

Log saved to: Log/run_20251207_203825_461.log

