========== HNSW Search Test ==========

Timestamp: Fri Dec  5 22:09:19 2025

Command line arguments:
  argv[0]: ./basic
  argv[1]: --base
  argv[2]: data_o/glove/base.txt
  argv[3]: --query
  argv[4]: data_o/glove/query.txt
========== HNSW Search Test ==========

  argv[5]: --truth
  argv[6]: data_o/glove/truth.txt
Timestamp: Fri Dec  5 22:09:19 2025

  argv[7]: --k
Command line arguments:
  argv[8]: 10
  argv[0]: ./basic
  argv[9]: --m
  argv[1]: --base
  argv[10]: 59
  argv[2]: data_o/glove/base.txt
  argv[11]: --max_layer
  argv[3]: --query
  argv[12]: 7
  argv[4]: data_o/glove/query.txt
  argv[13]: --efc
  argv[5]: --truth
  argv[14]: 763
  argv[6]: data_o/glove/truth.txt
  argv[15]: --efs
  argv[7]: --k
  argv[16]: 100
  argv[8]: 10
  argv[17]: --threads
  argv[9]: --m
  argv[18]: 16
  argv[10]: 59
  argv[19]: --debug
  argv[11]: --max_layer
  argv[20]: 1
  argv[12]: 7

Configuration:
  argv[13]: --efc
  Base file: data_o/glove/base.txt
  argv[14]: 763
  Query file: data_o/glove/query.txt
  argv[15]: --efs
  Truth file: data_o/glove/truth.txt
  argv[16]: 125
  K: 10
  argv[17]: --threads
  M: 59
  argv[18]: 16
  Max layer: 7
  argv[19]: --debug
  EFC: 763
  argv[20]: 1
  EFS: 100

Configuration:
  Threads: 16
  Base file: data_o/glove/base.txt
  Debug: 1
  Query file: data_o/glove/query.txt

  Truth file: data_o/glove/truth.txt
HNSW parameters set.

  K: 10
Ablation flags: csr=0, prefetch=0, simd=0, pruning=0, heap=0

  M: 59
Loading base vectors...
  Max layer: 7
  EFC: 763
  EFS: 125
  Threads: 16
  Debug: 1

HNSW parameters set.

Ablation flags: csr=0, prefetch=0, simd=0, pruning=0, heap=0

Loading base vectors...
✓ Base loaded in 4416.150064 ms

Loading query vectors...
✓ Base loaded in 4415.571118 ms

Loading query vectors...
✓ Queries loaded in 84.929121 ms

✓ Queries loaded in 85.526462 ms

Loading ground truth...
Loading ground truth...
✓ Truth loaded in 83.407221 ms

Data Summary:
  Dimension d=100, Base vectors=1183514, Queries=10000


✓ Truth loaded in 83.563387 ms

Building HNSW index...
Data Summary:
  Dimension d=100, Base vectors=1183514, Queries=10000


Building HNSW index...
✓ Index built.
  build_time(local)=11320.002884 ms
  build_time(internal)=11314.606647 ms

Executing queries...

✓ Index built.
  build_time(local)=11324.324409 ms
  build_time(internal)=11318.889257 ms

Executing queries...

  Processed 1000 queries

  Processed 1000 queries

  Processed 2000 queries

  Processed 2000 queries

  Processed 3000 queries

  Processed 3000 queries

  Processed 4000 queries

  Processed 4000 queries

  Processed 5000 queries

  Processed 5000 queries

  Processed 6000 queries

  Processed 6000 queries

  Processed 7000 queries

  Processed 8000 queries

  Processed 7000 queries

  Processed 9000 queries

  Processed 8000 queries

  Processed 10000 queries


========== RESULTS ==========

Total queries: 10000

Average recall@10: 0.903460

Average query time: 0.962252 ms

Total query time: 9622.517141 ms


========== DISTANCE STATISTICS ==========

Total queries reported by index: 10000

Total distance computations: 59133742

Average distance ops per query: 5913.374200

Last query distance ops: 5358


========== PERFORMANCE SUMMARY ==========

Data loading time: 4585.239913 ms

Index build time: 11318.889257 ms

Query execution time: 9622.517141 ms

Total elapsed time: 25532.081463 ms


========== EFFICIENCY METRICS ==========

Queries per second: 1039.229118

Distance ops per second: 6145350.653421


========== END OF LOG ==========

Log saved to: Log/run_20251205_220919_965.log

  Processed 9000 queries

  Processed 10000 queries


========== RESULTS ==========

Total queries: 10000

Average recall@10: 0.921410

Average query time: 1.083101 ms

Total query time: 10831.006707 ms


========== DISTANCE STATISTICS ==========

Total queries reported by index: 10000

Total distance computations: 71644891

Average distance ops per query: 7164.489100

Last query distance ops: 6252


========== PERFORMANCE SUMMARY ==========

Data loading time: 4583.907460 ms

Index build time: 11314.606647 ms

Query execution time: 10831.006707 ms

Total elapsed time: 26734.917051 ms


========== EFFICIENCY METRICS ==========

Queries per second: 923.275211

Distance ops per second: 6614795.183692


========== END OF LOG ==========

Log saved to: Log/run_20251205_220919_965.log

