========== HNSW Search Test ==========

Timestamp: Sat Dec  6 08:21:08 2025

Command line arguments:
  argv[0]: ./hng1
  argv[1]: --m
  argv[2]: 82
  argv[3]: --max_layer
  argv[4]: 13
  argv[5]: --efc
  argv[6]: 985
  argv[7]: --efs
  argv[8]: 349

Configuration:
  Base file: data_o/glove/base.txt
  Query file: data_o/glove/query.txt
  Truth file: data_o/glove/truth.txt
  K: 10
  M: 82
  Max layer: 13
  EFC: 985
  EFS: 349
  Threads: -1
  Debug: -1

HNSW parameters set.

Ablation flags: csr=0, prefetch=0, simd=0, pruning=0, heap=0

Loading base vectors...
✓ Base loaded in 2174.624750 ms

Loading query vectors...
✓ Queries loaded in 69.664383 ms

Loading ground truth...
✓ Truth loaded in 69.719892 ms

Data Summary:
  Dimension d=100, Base vectors=1183514, Queries=10000


Building HNSW index...
✓ Index built.
  build_time(local)=3929.853847 ms
  build_time(internal)=3925.115587 ms


========== GRAPH QUALITY ==========

  num_nodes: 1183514

  max_level (entry point): 2

  actual_max_layer: 2

  avg_degree_l0: 66.098379

  avg_degree_upper: 0.122681


  Layer Distribution:

    L0: 1183514 nodes (100.00%)

    L1: 14480 nodes (1.22%)

    L2: 184 nodes (0.02%)



Executing queries...

  Processed 1000 queries

  Processed 2000 queries

  Processed 3000 queries

  Processed 4000 queries

  Processed 5000 queries

  Processed 6000 queries

  Processed 7000 queries

  Processed 8000 queries

  Processed 9000 queries

  Processed 10000 queries


========== RESULTS ==========

Total queries: 10000

Average recall@10: 0.980100

Average query time: 1.335618 ms

Total query time: 13356.177412 ms


========== DISTANCE STATISTICS ==========

Total queries reported by index: 10000

Total distance computations: 195771002

Average distance ops per query: 19577.100300

Last query distance ops: 15643


========== PERFORMANCE SUMMARY ==========

Data loading time: 2314.009025 ms

Index build time: 3925.115587 ms

Query execution time: 13356.177412 ms

Total elapsed time: 19600.040284 ms


========== EFFICIENCY METRICS ==========

Queries per second: 748.717218

Distance ops per second: 14657712.080412


========== END OF LOG ==========

Log saved to: Log/run_20251206_082108_395.log

