========== HNSW Search Test ==========

Timestamp: Thu Dec  4 02:03:42 2025

Command line arguments:
  argv[0]: ./hng1
  argv[1]: --m
  argv[2]: 57
  argv[3]: --max_layer
  argv[4]: 10
  argv[5]: --efc
  argv[6]: 757
  argv[7]: --efs
  argv[8]: 605

Configuration:
  Base file: data_o/glove/base.txt
  Query file: data_o/glove/query.txt
  Truth file: data_o/glove/truth.txt
  K: 10
  M: 57
  Max layer: 10
  EFC: 757
  EFS: 605
  Threads: -1
  Debug: -1

HNSW parameters set.

Ablation flags: csr=0, prefetch=0, simd=0, pruning=0, heap=0

Loading base vectors...
✓ Base loaded in 3799.551040 ms

Loading query vectors...
✓ Queries loaded in 67.561540 ms

Loading ground truth...
✓ Truth loaded in 68.707346 ms

Data Summary:
  Dimension d=100, Base vectors=1183514, Queries=10000


Building HNSW index...
✓ Index built.
  build_time(local)=3934.232387 ms
  build_time(internal)=3928.942212 ms


========== GRAPH QUALITY ==========

  num_nodes: 1183514

  max_level (entry point): 3

  actual_max_layer: 3

  avg_degree_l0: 60.061442

  avg_degree_upper: 0.162462


  Layer Distribution:

    L0: 1183514 nodes (100.00%)

    L1: 20701 nodes (1.75%)

    L2: 385 nodes (0.03%)

    L3: 2 nodes (0.00%)



Executing queries...

  Processed 1000 queries

  Processed 2000 queries

  Processed 3000 queries

  Processed 4000 queries

  Processed 5000 queries

  Processed 6000 queries

  Processed 7000 queries

  Processed 8000 queries

  Processed 9000 queries

  Processed 10000 queries


========== RESULTS ==========

Total queries: 10000

Average recall@10: 0.990290

Average query time: 2.012000 ms

Total query time: 20120.004210 ms


========== DISTANCE STATISTICS ==========

Total queries reported by index: 10000

Total distance computations: 286126560

Average distance ops per query: 28612.656000

Last query distance ops: 21813


========== PERFORMANCE SUMMARY ==========

Data loading time: 3935.819926 ms

Index build time: 3928.942212 ms

Query execution time: 20120.004210 ms

Total elapsed time: 27990.056523 ms


========== EFFICIENCY METRICS ==========

Queries per second: 497.017789

Distance ops per second: 14220999.012405


========== END OF LOG ==========

Log saved to: Log/run_20251204_020342_230.log

