========== HNSW Search Test ==========

Timestamp: Sun Dec  7 16:06:57 2025

Command line arguments:
  argv[0]: ./hng3
  argv[1]: --m
  argv[2]: 41
  argv[3]: --max_layer
  argv[4]: 5
  argv[5]: --efc
  argv[6]: 1183
  argv[7]: --efs
  argv[8]: 2000

Configuration:
  Base file: data_o/glove/base.txt
  Query file: data_o/glove/query.txt
  Truth file: data_o/glove/truth.txt
  K: 10
  M: 41
  Max layer: 5
  EFC: 1183
  EFS: 2000
  Threads: -1
  Debug: -1

HNSW parameters set.

Ablation flags: csr=0, prefetch=0, simd=0, pruning=0, heap=0

Loading base vectors...
✓ Base loaded in 2776.260531 ms

Loading query vectors...
✓ Queries loaded in 67.915518 ms

Loading ground truth...
✓ Truth loaded in 66.913413 ms

Data Summary:
  Dimension d=100, Base vectors=1183514, Queries=10000


Building HNSW index...
