========== HNSW Search Test ==========

Timestamp: Sun Dec  7 17:31:31 2025

Command line arguments:
  argv[0]: ./hng3
  argv[1]: --m
  argv[2]: 51
  argv[3]: --max_layer
  argv[4]: 9
  argv[5]: --efc
  argv[6]: 1153
  argv[7]: --efs
  argv[8]: 2000

Configuration:
  Base file: data_o/glove/base.txt
  Query file: data_o/glove/query.txt
  Truth file: data_o/glove/truth.txt
  K: 10
  M: 51
  Max layer: 9
  EFC: 1153
  EFS: 2000
  Threads: -1
  Debug: -1

HNSW parameters set.

Ablation flags: csr=0, prefetch=0, simd=0, pruning=0, heap=0

Loading base vectors...
✓ Base loaded in 2080.474378 ms

Loading query vectors...
✓ Queries loaded in 66.904959 ms

Loading ground truth...
✓ Truth loaded in 66.229105 ms

Data Summary:
  Dimension d=100, Base vectors=1183514, Queries=10000


Building HNSW index...
✓ Index built.
  build_time(local)=3089146.264138 ms
  build_time(internal)=2998607.200656 ms

Executing queries...

  Processed 1000 queries

  Processed 2000 queries

  Processed 3000 queries

  Processed 4000 queries

  Processed 5000 queries

  Processed 6000 queries

  Processed 7000 queries

  Processed 8000 queries

  Processed 9000 queries

  Processed 10000 queries


========== RESULTS ==========

Total queries: 10000

Average recall@10: 0.999770

Average query time: 7.897830 ms

Total query time: 78978.302696 ms


========== DISTANCE STATISTICS ==========

Total queries reported by index: 10000

Total distance computations: 997765205

Average distance ops per query: 99776.520500

Last query distance ops: 78867


========== PERFORMANCE SUMMARY ==========

Data loading time: 2213.608442 ms

Index build time: 2998607.200656 ms

Query execution time: 78978.302696 ms

Total elapsed time: 3170338.175276 ms


========== EFFICIENCY METRICS ==========

Queries per second: 126.617054

Distance ops per second: 12633409.062240


========== END OF LOG ==========

Log saved to: Log/run_20251207_173131_001.log

