========== HNSW Search Test ==========

Timestamp: Thu Dec  4 04:22:35 2025

Command line arguments:
  argv[0]: ./hng1
  argv[1]: --m
  argv[2]: 43
  argv[3]: --max_layer
  argv[4]: 4
  argv[5]: --efc
  argv[6]: 586
  argv[7]: --efs
  argv[8]: 800

Configuration:
  Base file: data_o/glove/base.txt
  Query file: data_o/glove/query.txt
  Truth file: data_o/glove/truth.txt
  K: 10
  M: 43
  Max layer: 4
  EFC: 586
  EFS: 800
  Threads: -1
  Debug: -1

HNSW parameters set.

Ablation flags: csr=0, prefetch=0, simd=0, pruning=0, heap=0

Loading base vectors...
✓ Base loaded in 2349.103181 ms

Loading query vectors...
✓ Queries loaded in 73.931410 ms

Loading ground truth...
✓ Truth loaded in 68.544812 ms

Data Summary:
  Dimension d=100, Base vectors=1183514, Queries=10000


Building HNSW index...
✓ Index built.
  build_time(local)=3725.689545 ms
  build_time(internal)=3721.076240 ms


========== GRAPH QUALITY ==========

  num_nodes: 1183514

  max_level (entry point): 4

  actual_max_layer: 4

  avg_degree_l0: 52.836718

  avg_degree_upper: 0.180933


  Layer Distribution:

    L0: 1183514 nodes (100.00%)

    L1: 27610 nodes (2.33%)

    L2: 616 nodes (0.05%)

    L3: 10 nodes (0.00%)

    L4: 1 nodes (0.00%)



Executing queries...

  Processed 1000 queries

  Processed 2000 queries

  Processed 3000 queries

  Processed 4000 queries

  Processed 5000 queries

  Processed 6000 queries

  Processed 7000 queries

  Processed 8000 queries

  Processed 9000 queries

  Processed 10000 queries


========== RESULTS ==========

Total queries: 10000

Average recall@10: 0.991980

Average query time: 2.319593 ms

Total query time: 23195.930862 ms


========== DISTANCE STATISTICS ==========

Total queries reported by index: 10000

Total distance computations: 316219069

Average distance ops per query: 31621.906900

Last query distance ops: 24332


========== PERFORMANCE SUMMARY ==========

Data loading time: 2491.579403 ms

Index build time: 3721.076240 ms

Query execution time: 23195.930862 ms

Total elapsed time: 29413.199810 ms


========== EFFICIENCY METRICS ==========

Queries per second: 431.110097

Distance ops per second: 13632523.345637


========== END OF LOG ==========

Log saved to: Log/run_20251204_042235_845.log

