========== HNSW Search Test ==========

Timestamp: Sun Dec  7 21:37:26 2025

Command line arguments:
  argv[0]: ./hng3
  argv[1]: --m
  argv[2]: 50
  argv[3]: --max_layer
  argv[4]: 8
  argv[5]: --efc
  argv[6]: 1222
  argv[7]: --efs
  argv[8]: 320

Configuration:
  Base file: data_o/glove/base.txt
  Query file: data_o/glove/query.txt
  Truth file: data_o/glove/truth.txt
  K: 10
  M: 50
  Max layer: 8
  EFC: 1222
  EFS: 320
  Threads: -1
  Debug: -1

HNSW parameters set.

Ablation flags: csr=0, prefetch=0, simd=0, pruning=0, heap=0

Loading base vectors...
✓ Base loaded in 2332.575679 ms

Loading query vectors...
✓ Queries loaded in 67.174636 ms

Loading ground truth...
✓ Truth loaded in 67.579466 ms

Data Summary:
  Dimension d=100, Base vectors=1183514, Queries=10000


Building HNSW index...
✓ Index built.
  build_time(local)=4327.456103 ms
  build_time(internal)=4322.585725 ms

Executing queries...

  Processed 1000 queries

  Processed 2000 queries

  Processed 3000 queries

  Processed 4000 queries

  Processed 5000 queries

  Processed 6000 queries

  Processed 7000 queries

  Processed 8000 queries

  Processed 9000 queries

  Processed 10000 queries


========== RESULTS ==========

Total queries: 10000

Average recall@10: 0.982400

Average query time: 1.343018 ms

Total query time: 13430.181885 ms


========== DISTANCE STATISTICS ==========

Total queries reported by index: 10000

Total distance computations: 208677016

Average distance ops per query: 20867.701600

Last query distance ops: 20038


========== PERFORMANCE SUMMARY ==========

Data loading time: 2467.329781 ms

Index build time: 4322.585725 ms

Query execution time: 13430.181885 ms

Total elapsed time: 20224.967769 ms


========== EFFICIENCY METRICS ==========

Queries per second: 744.591554

Distance ops per second: 15537914.362356


========== END OF LOG ==========

Log saved to: Log/run_20251207_213726_699.log

