========== HNSW Search Test ==========

Timestamp: Sun Dec  7 10:29:30 2025

Command line arguments:
  argv[0]: ./hng2
  argv[1]: --m
  argv[2]: 64
  argv[3]: --max_layer
  argv[4]: 7
  argv[5]: --efc
  argv[6]: 1300
  argv[7]: --efs
  argv[8]: 800

Configuration:
  Base file: data_o/glove/base.txt
  Query file: data_o/glove/query.txt
  Truth file: data_o/glove/truth.txt
  K: 10
  M: 64
  Max layer: 7
  EFC: 1300
  EFS: 800
  Threads: -1
  Debug: -1

HNSW parameters set.

Ablation flags: csr=0, prefetch=0, simd=0, pruning=0, heap=0

Loading base vectors...
✓ Base loaded in 2021.594114 ms

Loading query vectors...
✓ Queries loaded in 62.114523 ms

Loading ground truth...
✓ Truth loaded in 62.573769 ms

Data Summary:
  Dimension d=100, Base vectors=1183514, Queries=10000


Building HNSW index...
✓ Index built.
  build_time(local)=4410.302032 ms
  build_time(internal)=4405.501321 ms


========== GRAPH QUALITY ==========

  num_nodes: 1183514

  max_level (entry point): 3

  actual_max_layer: 3

  avg_degree_l0: 91.460638

  avg_degree_upper: 0.127515


  Layer Distribution:

    L0: 1183514 nodes (100.00%)

    L1: 18522 nodes (1.57%)

    L2: 265 nodes (0.02%)

    L3: 3 nodes (0.00%)



Executing queries...

  Processed 1000 queries

  Processed 2000 queries

  Processed 3000 queries

  Processed 4000 queries

  Processed 5000 queries

  Processed 6000 queries

  Processed 7000 queries

  Processed 8000 queries

  Processed 9000 queries

  Processed 10000 queries


========== RESULTS ==========

Total queries: 10000

Average recall@10: 0.998100

Average query time: 4.848573 ms

Total query time: 48485.730206 ms


========== DISTANCE STATISTICS ==========

Total queries reported by index: 10000

Total distance computations: 544233657

Average distance ops per query: 54423.365700

Last query distance ops: 48925


========== PERFORMANCE SUMMARY ==========

Data loading time: 2146.282406 ms

Index build time: 4405.501321 ms

Query execution time: 48485.730206 ms

Total elapsed time: 55042.314644 ms


========== EFFICIENCY METRICS ==========

Queries per second: 206.246249

Distance ops per second: 11224615.050402


========== END OF LOG ==========

Log saved to: Log/run_20251207_102930_793.log

