========== HNSW Search Test ==========

Timestamp: Sun Dec  7 17:02:38 2025

Command line arguments:
  argv[0]: ./hng3
  argv[1]: --m
  argv[2]: 52
  argv[3]: --max_layer
  argv[4]: 12
  argv[5]: --efc
  argv[6]: 957
  argv[7]: --efs
  argv[8]: 575

Configuration:
  Base file: data_o/glove/base.txt
  Query file: data_o/glove/query.txt
  Truth file: data_o/glove/truth.txt
  K: 10
  M: 52
  Max layer: 12
  EFC: 957
  EFS: 575
  Threads: -1
  Debug: -1

HNSW parameters set.

Ablation flags: csr=0, prefetch=0, simd=0, pruning=0, heap=0

Loading base vectors...
✓ Base loaded in 2324.940613 ms

Loading query vectors...
✓ Queries loaded in 74.129239 ms

Loading ground truth...
✓ Truth loaded in 68.600712 ms

Data Summary:
  Dimension d=100, Base vectors=1183514, Queries=10000


Building HNSW index...
✓ Index built.
  build_time(local)=3810.999087 ms
  build_time(internal)=3805.478487 ms

Executing queries...

  Processed 1000 queries

  Processed 2000 queries

  Processed 3000 queries

  Processed 4000 queries

  Processed 5000 queries

  Processed 6000 queries

  Processed 7000 queries

  Processed 8000 queries

  Processed 9000 queries

  Processed 10000 queries


========== RESULTS ==========

Total queries: 10000

Average recall@10: 0.990320

Average query time: 1.941621 ms

Total query time: 19416.207015 ms


========== DISTANCE STATISTICS ==========

Total queries reported by index: 10000

Total distance computations: 285922164

Average distance ops per query: 28592.216400

Last query distance ops: 22340


========== PERFORMANCE SUMMARY ==========

Data loading time: 2467.670564 ms

Index build time: 3805.478487 ms

Query execution time: 19416.207015 ms

Total elapsed time: 25694.876666 ms


========== EFFICIENCY METRICS ==========

Queries per second: 515.033652

Distance ops per second: 14725953.621071


========== END OF LOG ==========

Log saved to: Log/run_20251207_170238_241.log

