========== HNSW Search Test ==========

Timestamp: Sun Dec  7 10:04:22 2025

Command line arguments:
  argv[0]: ./hng2
  argv[1]: --m
  argv[2]: 32
  argv[3]: --max_layer
  argv[4]: 7
  argv[5]: --efc
  argv[6]: 600
  argv[7]: --efs
  argv[8]: 800

Configuration:
  Base file: data_o/glove/base.txt
  Query file: data_o/glove/query.txt
  Truth file: data_o/glove/truth.txt
  K: 10
  M: 32
  Max layer: 7
  EFC: 600
  EFS: 800
  Threads: -1
  Debug: -1

HNSW parameters set.

Ablation flags: csr=0, prefetch=0, simd=0, pruning=0, heap=0

Loading base vectors...
✓ Base loaded in 2086.971346 ms

Loading query vectors...
✓ Queries loaded in 66.986979 ms

Loading ground truth...
✓ Truth loaded in 67.060127 ms

Data Summary:
  Dimension d=100, Base vectors=1183514, Queries=10000


Building HNSW index...
✓ Index built.
  build_time(local)=3851.990014 ms
  build_time(internal)=3846.527046 ms


========== GRAPH QUALITY ==========

  num_nodes: 1183514

  max_level (entry point): 3

  actual_max_layer: 3

  avg_degree_l0: 54.803053

  avg_degree_upper: 0.263814


  Layer Distribution:

    L0: 1183514 nodes (100.00%)

    L1: 37028 nodes (3.13%)

    L2: 1175 nodes (0.10%)

    L3: 36 nodes (0.00%)



Executing queries...

  Processed 1000 queries

  Processed 2000 queries

  Processed 3000 queries

  Processed 4000 queries

  Processed 5000 queries

  Processed 6000 queries

  Processed 7000 queries

  Processed 8000 queries

  Processed 9000 queries

  Processed 10000 queries


========== RESULTS ==========

Total queries: 10000

Average recall@10: 0.990630

Average query time: 2.683924 ms

Total query time: 26839.235573 ms


========== DISTANCE STATISTICS ==========

Total queries reported by index: 10000

Total distance computations: 302663682

Average distance ops per query: 30266.368200

Last query distance ops: 26267


========== PERFORMANCE SUMMARY ==========

Data loading time: 2221.018452 ms

Index build time: 3846.527046 ms

Query execution time: 26839.235573 ms

Total elapsed time: 32912.244039 ms


========== EFFICIENCY METRICS ==========

Queries per second: 372.588853

Distance ops per second: 11276911.414887


========== END OF LOG ==========

Log saved to: Log/run_20251207_100422_421.log

