========== HNSW Search Test ==========

Timestamp: Thu Dec  4 02:18:53 2025

Command line arguments:
  argv[0]: ./hng1
  argv[1]: --m
  argv[2]: 59
  argv[3]: --max_layer
  argv[4]: 3
  argv[5]: --efc
  argv[6]: 462
  argv[7]: --efs
  argv[8]: 1040

Configuration:
  Base file: data_o/glove/base.txt
  Query file: data_o/glove/query.txt
  Truth file: data_o/glove/truth.txt
  K: 10
  M: 59
  Max layer: 3
  EFC: 462
  EFS: 1040
  Threads: -1
  Debug: -1

HNSW parameters set.

Ablation flags: csr=0, prefetch=0, simd=0, pruning=0, heap=0

Loading base vectors...
✓ Base loaded in 3784.934769 ms

Loading query vectors...
✓ Queries loaded in 70.722032 ms

Loading ground truth...
✓ Truth loaded in 73.571751 ms

Data Summary:
  Dimension d=100, Base vectors=1183514, Queries=10000


Building HNSW index...
✓ Index built.
  build_time(local)=3753.920060 ms
  build_time(internal)=3748.173982 ms


========== GRAPH QUALITY ==========

  num_nodes: 1183514

  max_level (entry point): 3

  actual_max_layer: 3

  avg_degree_l0: 49.484386

  avg_degree_upper: 0.114550


  Layer Distribution:

    L0: 1183514 nodes (100.00%)

    L1: 20176 nodes (1.70%)

    L2: 333 nodes (0.03%)

    L3: 6 nodes (0.00%)



Executing queries...

  Processed 1000 queries

  Processed 2000 queries

  Processed 3000 queries

  Processed 4000 queries

  Processed 5000 queries

  Processed 6000 queries

  Processed 7000 queries

  Processed 8000 queries

  Processed 9000 queries

  Processed 10000 queries


========== RESULTS ==========

Total queries: 10000

Average recall@10: 0.994300

Average query time: 3.377183 ms

Total query time: 33771.825371 ms


========== DISTANCE STATISTICS ==========

Total queries reported by index: 10000

Total distance computations: 388869036

Average distance ops per query: 38886.903600

Last query distance ops: 28205


========== PERFORMANCE SUMMARY ==========

Data loading time: 3929.228552 ms

Index build time: 3748.173982 ms

Query execution time: 33771.825371 ms

Total elapsed time: 41454.973983 ms


========== EFFICIENCY METRICS ==========

Queries per second: 296.104812

Distance ops per second: 11514599.277003


========== END OF LOG ==========

Log saved to: Log/run_20251204_021853_620.log

