========== HNSW Search Test ==========

Timestamp: Thu Dec  4 05:24:49 2025

Command line arguments:
  argv[0]: ./hng1
  argv[1]: --m
  argv[2]: 35
  argv[3]: --max_layer
  argv[4]: 12
  argv[5]: --efc
  argv[6]: 528
  argv[7]: --efs
  argv[8]: 800

Configuration:
  Base file: data_o/glove/base.txt
  Query file: data_o/glove/query.txt
  Truth file: data_o/glove/truth.txt
  K: 10
  M: 35
  Max layer: 12
  EFC: 528
  EFS: 800
  Threads: -1
  Debug: -1

HNSW parameters set.

Ablation flags: csr=0, prefetch=0, simd=0, pruning=0, heap=0

Loading base vectors...
✓ Base loaded in 2171.831212 ms

Loading query vectors...
✓ Queries loaded in 68.177695 ms

Loading ground truth...
✓ Truth loaded in 69.594193 ms

Data Summary:
  Dimension d=100, Base vectors=1183514, Queries=10000


Building HNSW index...
✓ Index built.
  build_time(local)=3580.734985 ms
  build_time(internal)=3575.979823 ms


========== GRAPH QUALITY ==========

  num_nodes: 1183514

  max_level (entry point): 3

  actual_max_layer: 3

  avg_degree_l0: 48.061129

  avg_degree_upper: 0.262896


  Layer Distribution:

    L0: 1183514 nodes (100.00%)

    L1: 33514 nodes (2.83%)

    L2: 967 nodes (0.08%)

    L3: 27 nodes (0.00%)



Executing queries...

  Processed 1000 queries

  Processed 2000 queries

  Processed 3000 queries

  Processed 4000 queries

  Processed 5000 queries

  Processed 6000 queries

  Processed 7000 queries

  Processed 8000 queries

  Processed 9000 queries

  Processed 10000 queries


========== RESULTS ==========

Total queries: 10000

Average recall@10: 0.988900

Average query time: 2.134527 ms

Total query time: 21345.267027 ms


========== DISTANCE STATISTICS ==========

Total queries reported by index: 10000

Total distance computations: 281734594

Average distance ops per query: 28173.459400

Last query distance ops: 22853


========== PERFORMANCE SUMMARY ==========

Data loading time: 2309.603100 ms

Index build time: 3575.979823 ms

Query execution time: 21345.267027 ms

Total elapsed time: 27235.605112 ms


========== EFFICIENCY METRICS ==========

Queries per second: 468.487932

Distance ops per second: 13198925.721736


========== END OF LOG ==========

Log saved to: Log/run_20251204_052449_168.log

