========== HNSW Search Test ==========

Timestamp: Sun Dec  7 10:21:55 2025

Command line arguments:
  argv[0]: ./hng2
  argv[1]: --m
  argv[2]: 64
  argv[3]: --max_layer
  argv[4]: 7
  argv[5]: --efc
  argv[6]: 600
  argv[7]: --efs
  argv[8]: 800

Configuration:
  Base file: data_o/glove/base.txt
  Query file: data_o/glove/query.txt
  Truth file: data_o/glove/truth.txt
  K: 10
  M: 64
  Max layer: 7
  EFC: 600
  EFS: 800
  Threads: -1
  Debug: -1

HNSW parameters set.

Ablation flags: csr=0, prefetch=0, simd=0, pruning=0, heap=0

Loading base vectors...
✓ Base loaded in 2103.531618 ms

Loading query vectors...
✓ Queries loaded in 80.157083 ms

Loading ground truth...
✓ Truth loaded in 76.917116 ms

Data Summary:
  Dimension d=100, Base vectors=1183514, Queries=10000


Building HNSW index...
✓ Index built.
  build_time(local)=4292.461293 ms
  build_time(internal)=4287.770901 ms


========== GRAPH QUALITY ==========

  num_nodes: 1183514

  max_level (entry point): 4

  actual_max_layer: 4

  avg_degree_l0: 75.967228

  avg_degree_upper: 0.130254


  Layer Distribution:

    L0: 1183514 nodes (100.00%)

    L1: 18263 nodes (1.54%)

    L2: 286 nodes (0.02%)

    L3: 6 nodes (0.00%)

    L4: 1 nodes (0.00%)



Executing queries...

  Processed 1000 queries

  Processed 2000 queries

  Processed 3000 queries

  Processed 4000 queries

  Processed 5000 queries

  Processed 6000 queries

  Processed 7000 queries

  Processed 8000 queries

  Processed 9000 queries

  Processed 10000 queries


========== RESULTS ==========

Total queries: 10000

Average recall@10: 0.996850

Average query time: 3.942568 ms

Total query time: 39425.683407 ms


========== DISTANCE STATISTICS ==========

Total queries reported by index: 10000

Total distance computations: 472437198

Average distance ops per query: 47243.719800

Last query distance ops: 42837


========== PERFORMANCE SUMMARY ==========

Data loading time: 2260.605817 ms

Index build time: 4287.770901 ms

Query execution time: 39425.683407 ms

Total elapsed time: 45978.750517 ms


========== EFFICIENCY METRICS ==========

Queries per second: 253.641767

Distance ops per second: 11982980.564292


========== END OF LOG ==========

Log saved to: Log/run_20251207_102155_395.log

