========== HNSW Search Test ==========

Timestamp: Thu Dec  4 05:28:14 2025

Command line arguments:
  argv[0]: ./hng1
  argv[1]: --m
  argv[2]: 35
  argv[3]: --max_layer
  argv[4]: 12
  argv[5]: --efc
  argv[6]: 528
  argv[7]: --efs
  argv[8]: 851

Configuration:
  Base file: data_o/glove/base.txt
  Query file: data_o/glove/query.txt
  Truth file: data_o/glove/truth.txt
  K: 10
  M: 35
  Max layer: 12
  EFC: 528
  EFS: 851
  Threads: -1
  Debug: -1

HNSW parameters set.

Ablation flags: csr=0, prefetch=0, simd=0, pruning=0, heap=0

Loading base vectors...
✓ Base loaded in 2091.652221 ms

Loading query vectors...
✓ Queries loaded in 67.277211 ms

Loading ground truth...
✓ Truth loaded in 69.732075 ms

Data Summary:
  Dimension d=100, Base vectors=1183514, Queries=10000


Building HNSW index...
✓ Index built.
  build_time(local)=3502.910623 ms
  build_time(internal)=3498.097620 ms


========== GRAPH QUALITY ==========

  num_nodes: 1183514

  max_level (entry point): 3

  actual_max_layer: 3

  avg_degree_l0: 48.061129

  avg_degree_upper: 0.262896


  Layer Distribution:

    L0: 1183514 nodes (100.00%)

    L1: 33514 nodes (2.83%)

    L2: 967 nodes (0.08%)

    L3: 27 nodes (0.00%)



Executing queries...

  Processed 1000 queries

  Processed 2000 queries

  Processed 3000 queries

  Processed 4000 queries

  Processed 5000 queries

  Processed 6000 queries

  Processed 7000 queries

  Processed 8000 queries

  Processed 9000 queries

  Processed 10000 queries


========== RESULTS ==========

Total queries: 10000

Average recall@10: 0.989920

Average query time: 2.226619 ms

Total query time: 22266.192887 ms


========== DISTANCE STATISTICS ==========

Total queries reported by index: 10000

Total distance computations: 297416182

Average distance ops per query: 29741.618200

Last query distance ops: 24033


========== PERFORMANCE SUMMARY ==========

Data loading time: 2228.661507 ms

Index build time: 3498.097620 ms

Query execution time: 22266.192887 ms

Total elapsed time: 27997.765017 ms


========== EFFICIENCY METRICS ==========

Queries per second: 449.111352

Distance ops per second: 13357298.371993


========== END OF LOG ==========

Log saved to: Log/run_20251204_052814_176.log

