========== HNSW Search Test ==========

Timestamp: Sat Dec  6 00:12:48 2025

Command line arguments:
  argv[0]: ./basic
  argv[1]: --m
  argv[2]: 59
  argv[3]: --max_layer
  argv[4]: 7
  argv[5]: --efc
  argv[6]: 763
  argv[7]: --efs
  argv[8]: 500

Configuration:
  Base file: data_o/glove/base.txt
  Query file: data_o/glove/query.txt
  Truth file: data_o/glove/truth.txt
  K: 10
  M: 59
  Max layer: 7
  EFC: 763
  EFS: 500
  Threads: -1
  Debug: -1

HNSW parameters set.

Ablation flags: csr=0, prefetch=0, simd=0, pruning=0, heap=0

Loading base vectors...
✓ Base loaded in 2290.709371 ms

Loading query vectors...
✓ Queries loaded in 69.229968 ms

Loading ground truth...
✓ Truth loaded in 72.893403 ms

Data Summary:
  Dimension d=100, Base vectors=1183514, Queries=10000


Building HNSW index...
✓ Index built.
  build_time(local)=8124.600936 ms
  build_time(internal)=7418.946355 ms

Executing queries...

  Processed 1000 queries

  Processed 2000 queries

  Processed 3000 queries

  Processed 4000 queries

  Processed 5000 queries

  Processed 6000 queries

  Processed 7000 queries

  Processed 8000 queries

  Processed 9000 queries

  Processed 10000 queries


========== RESULTS ==========

Total queries: 10000

Average recall@10: 0.000000

Average query time: 0.149518 ms

Total query time: 1495.180717 ms


========== DISTANCE STATISTICS ==========

Total queries reported by index: 10000

Total distance computations: 6734768

Average distance ops per query: 673.476800

Last query distance ops: 705


========== PERFORMANCE SUMMARY ==========

Data loading time: 2432.832742 ms

Index build time: 7418.946355 ms

Query execution time: 1495.180717 ms

Total elapsed time: 12052.614395 ms


========== EFFICIENCY METRICS ==========

Queries per second: 6688.154740

Distance ops per second: 4504317.052398


========== END OF LOG ==========

Log saved to: Log/run_20251206_001248_486.log

