========== HNSW Search Test ==========

Timestamp: Sun Dec  7 21:36:57 2025

Command line arguments:
  argv[0]: ./hng3
  argv[1]: --m
  argv[2]: 50
  argv[3]: --max_layer
  argv[4]: 8
  argv[5]: --efc
  argv[6]: 1222
  argv[7]: --efs
  argv[8]: 560

Configuration:
  Base file: data_o/glove/base.txt
  Query file: data_o/glove/query.txt
  Truth file: data_o/glove/truth.txt
  K: 10
  M: 50
  Max layer: 8
  EFC: 1222
  EFS: 560
  Threads: -1
  Debug: -1

HNSW parameters set.

Ablation flags: csr=0, prefetch=0, simd=0, pruning=0, heap=0

Loading base vectors...
✓ Base loaded in 2079.937855 ms

Loading query vectors...
✓ Queries loaded in 67.705606 ms

Loading ground truth...
✓ Truth loaded in 66.244275 ms

Data Summary:
  Dimension d=100, Base vectors=1183514, Queries=10000


Building HNSW index...
✓ Index built.
  build_time(local)=4495.157123 ms
  build_time(internal)=4490.322763 ms

Executing queries...

  Processed 1000 queries

  Processed 2000 queries

  Processed 3000 queries

  Processed 4000 queries

  Processed 5000 queries

  Processed 6000 queries

  Processed 7000 queries

  Processed 8000 queries

  Processed 9000 queries

  Processed 10000 queries


========== RESULTS ==========

Total queries: 10000

Average recall@10: 0.993640

Average query time: 2.333616 ms

Total query time: 23336.156569 ms


========== DISTANCE STATISTICS ==========

Total queries reported by index: 10000

Total distance computations: 339846576

Average distance ops per query: 33984.657600

Last query distance ops: 31012


========== PERFORMANCE SUMMARY ==========

Data loading time: 2213.887736 ms

Index build time: 4490.322763 ms

Query execution time: 23336.156569 ms

Total elapsed time: 30045.201428 ms


========== EFFICIENCY METRICS ==========

Queries per second: 428.519579

Distance ops per second: 14563091.184067


========== END OF LOG ==========

Log saved to: Log/run_20251207_213657_165.log

