========== HNSW Search Test ==========

Timestamp: Sun Dec  7 10:14:29 2025

Command line arguments:
  argv[0]: ./hng2
  argv[1]: --m
  argv[2]: 40
  argv[3]: --max_layer
  argv[4]: 7
  argv[5]: --efc
  argv[6]: 1000
  argv[7]: --efs
  argv[8]: 500

Configuration:
  Base file: data_o/glove/base.txt
  Query file: data_o/glove/query.txt
  Truth file: data_o/glove/truth.txt
  K: 10
  M: 40
  Max layer: 7
  EFC: 1000
  EFS: 500
  Threads: -1
  Debug: -1

HNSW parameters set.

Ablation flags: csr=0, prefetch=0, simd=0, pruning=0, heap=0

Loading base vectors...
✓ Base loaded in 2192.100022 ms

Loading query vectors...
✓ Queries loaded in 78.239456 ms

Loading ground truth...
✓ Truth loaded in 81.691537 ms

Data Summary:
  Dimension d=100, Base vectors=1183514, Queries=10000


Building HNSW index...
✓ Index built.
  build_time(local)=4162.859922 ms
  build_time(internal)=4157.592490 ms


========== GRAPH QUALITY ==========

  num_nodes: 1183514

  max_level (entry point): 3

  actual_max_layer: 3

  avg_degree_l0: 68.584057

  avg_degree_upper: 0.207124


  Layer Distribution:

    L0: 1183514 nodes (100.00%)

    L1: 29384 nodes (2.48%)

    L2: 726 nodes (0.06%)

    L3: 12 nodes (0.00%)



Executing queries...

  Processed 1000 queries

  Processed 2000 queries

  Processed 3000 queries

  Processed 4000 queries

  Processed 5000 queries

  Processed 6000 queries

  Processed 7000 queries

  Processed 8000 queries

  Processed 9000 queries

  Processed 10000 queries


========== RESULTS ==========

Total queries: 10000

Average recall@10: 0.988660

Average query time: 2.093953 ms

Total query time: 20939.527050 ms


========== DISTANCE STATISTICS ==========

Total queries reported by index: 10000

Total distance computations: 254149818

Average distance ops per query: 25414.981800

Last query distance ops: 23069


========== PERFORMANCE SUMMARY ==========

Data loading time: 2352.031015 ms

Index build time: 4157.592490 ms

Query execution time: 20939.527050 ms

Total elapsed time: 27454.417987 ms


========== EFFICIENCY METRICS ==========

Queries per second: 477.565705

Distance ops per second: 12137323.703307


========== END OF LOG ==========

Log saved to: Log/run_20251207_101429_119.log

