========== HNSW Search Test ==========

Timestamp: Thu Dec  4 22:18:20 2025

Command line arguments:
  argv[0]: ./hng1
  argv[1]: --base
  argv[2]: data_o/glove/base.txt
  argv[3]: --query
  argv[4]: data_o/glove/query.txt
  argv[5]: --truth
  argv[6]: data_o/glove/truth.txt
  argv[7]: --k
  argv[8]: 10
  argv[9]: --m
  argv[10]: 59
  argv[11]: --max_layer
  argv[12]: 5
  argv[13]: --efc
  argv[14]: 763
  argv[15]: --efs
  argv[16]: 375
  argv[17]: --threads
  argv[18]: 32
  argv[19]: --ablate_csr
  argv[20]: 1
  argv[21]: --ablate_prefetch
  argv[22]: 0
  argv[23]: --ablate_simd
  argv[24]: 0
  argv[25]: --ablate_pruning
  argv[26]: 0
  argv[27]: --ablate_heap
  argv[28]: 0
  argv[29]: --ablate_flat_index
  argv[30]: 0
  argv[31]: --ablate_reorder
  argv[32]: 0

Configuration:
  Base file: data_o/glove/base.txt
  Query file: data_o/glove/query.txt
  Truth file: data_o/glove/truth.txt
  K: 10
  M: 59
  Max layer: 5
  EFC: 763
  EFS: 375
  Threads: 32
  Debug: -1

HNSW parameters set.

Ablation flags: csr=1, prefetch=0, simd=0, pruning=0, heap=0

Loading base vectors...
✓ Base loaded in 2253.849287 ms

Loading query vectors...
✓ Queries loaded in 74.529876 ms

Loading ground truth...
✓ Truth loaded in 75.768518 ms

Data Summary:
  Dimension d=100, Base vectors=1183514, Queries=10000


Building HNSW index...
✓ Index built.
  build_time(local)=5354.188144 ms
  build_time(internal)=4063.010826 ms


========== GRAPH QUALITY ==========

  num_nodes: 0

  max_level (entry point): 0

  actual_max_layer: 0

  avg_degree_l0: 0.000000

  avg_degree_upper: 0.000000


  Layer Distribution:

    L0: 0 nodes (0.00%)



Executing queries...

  Processed 1000 queries

  Processed 2000 queries

  Processed 3000 queries

  Processed 4000 queries

  Processed 5000 queries

  Processed 6000 queries

  Processed 7000 queries

  Processed 8000 queries

  Processed 9000 queries

  Processed 10000 queries


========== RESULTS ==========

Total queries: 10000

Average recall@10: 0.000000

Average query time: 2.200269 ms

Total query time: 22002.690743 ms


========== DISTANCE STATISTICS ==========

Total queries reported by index: 10000

Total distance computations: 188749815

Average distance ops per query: 18874.981500

Last query distance ops: 15048


========== PERFORMANCE SUMMARY ==========

Data loading time: 2404.147681 ms

Index build time: 4063.010826 ms

Query execution time: 22002.690743 ms

Total elapsed time: 29761.026568 ms


========== EFFICIENCY METRICS ==========

Queries per second: 454.489867

Distance ops per second: 8578487.840631


========== END OF LOG ==========

Log saved to: Log/run_20251204_221820_156.log

