========== HNSW Search Test ==========

Timestamp: Sun Dec  7 21:37:47 2025

Command line arguments:
  argv[0]: ./hng3
  argv[1]: --m
  argv[2]: 50
  argv[3]: --max_layer
  argv[4]: 8
  argv[5]: --efc
  argv[6]: 1222
  argv[7]: --efs
  argv[8]: 440

Configuration:
  Base file: data_o/glove/base.txt
  Query file: data_o/glove/query.txt
  Truth file: data_o/glove/truth.txt
  K: 10
  M: 50
  Max layer: 8
  EFC: 1222
  EFS: 440
  Threads: -1
  Debug: -1

HNSW parameters set.

Ablation flags: csr=0, prefetch=0, simd=0, pruning=0, heap=0

Loading base vectors...
✓ Base loaded in 2063.031888 ms

Loading query vectors...
✓ Queries loaded in 65.930387 ms

Loading ground truth...
✓ Truth loaded in 66.668433 ms

Data Summary:
  Dimension d=100, Base vectors=1183514, Queries=10000


Building HNSW index...
✓ Index built.
  build_time(local)=4254.179386 ms
  build_time(internal)=3352.366839 ms

Executing queries...

  Processed 1000 queries

  Processed 2000 queries

  Processed 3000 queries

  Processed 4000 queries

  Processed 5000 queries

  Processed 6000 queries

  Processed 7000 queries

  Processed 8000 queries

  Processed 9000 queries

  Processed 10000 queries


========== RESULTS ==========

Total queries: 10000

Average recall@10: 0.989420

Average query time: 2.216296 ms

Total query time: 22162.957571 ms


========== DISTANCE STATISTICS ==========

Total queries reported by index: 10000

Total distance computations: 275655052

Average distance ops per query: 27565.505200

Last query distance ops: 25801


========== PERFORMANCE SUMMARY ==========

Data loading time: 2195.630708 ms

Index build time: 3352.366839 ms

Query execution time: 22162.957571 ms

Total elapsed time: 28612.767665 ms


========== EFFICIENCY METRICS ==========

Queries per second: 451.203318

Distance ops per second: 12437647.417630


========== END OF LOG ==========

Log saved to: Log/run_20251207_213747_163.log

