========== HNSW Search Test ==========

Timestamp: Sun Dec  7 10:15:31 2025

Command line arguments:
  argv[0]: ./hng2
  argv[1]: --m
  argv[2]: 40
  argv[3]: --max_layer
  argv[4]: 7
  argv[5]: --efc
  argv[6]: 1000
  argv[7]: --efs
  argv[8]: 800

Configuration:
  Base file: data_o/glove/base.txt
  Query file: data_o/glove/query.txt
  Truth file: data_o/glove/truth.txt
  K: 10
  M: 40
  Max layer: 7
  EFC: 1000
  EFS: 800
  Threads: -1
  Debug: -1

HNSW parameters set.

Ablation flags: csr=0, prefetch=0, simd=0, pruning=0, heap=0

Loading base vectors...
✓ Base loaded in 2023.915897 ms

Loading query vectors...
✓ Queries loaded in 65.845579 ms

Loading ground truth...
✓ Truth loaded in 66.193428 ms

Data Summary:
  Dimension d=100, Base vectors=1183514, Queries=10000


Building HNSW index...
✓ Index built.
  build_time(local)=3985.193812 ms
  build_time(internal)=3980.517487 ms


========== GRAPH QUALITY ==========

  num_nodes: 1183514

  max_level (entry point): 3

  actual_max_layer: 3

  avg_degree_l0: 68.584057

  avg_degree_upper: 0.207124


  Layer Distribution:

    L0: 1183514 nodes (100.00%)

    L1: 29384 nodes (2.48%)

    L2: 726 nodes (0.06%)

    L3: 12 nodes (0.00%)



Executing queries...

  Processed 1000 queries

  Processed 2000 queries

  Processed 3000 queries

  Processed 4000 queries

  Processed 5000 queries

  Processed 6000 queries

  Processed 7000 queries

  Processed 8000 queries

  Processed 9000 queries

  Processed 10000 queries


========== RESULTS ==========

Total queries: 10000

Average recall@10: 0.995320

Average query time: 3.276426 ms

Total query time: 32764.260594 ms


========== DISTANCE STATISTICS ==========

Total queries reported by index: 10000

Total distance computations: 381429502

Average distance ops per query: 38142.950300

Last query distance ops: 32831


========== PERFORMANCE SUMMARY ==========

Data loading time: 2155.954904 ms

Index build time: 3980.517487 ms

Query execution time: 32764.260594 ms

Total elapsed time: 38905.409310 ms


========== EFFICIENCY METRICS ==========

Queries per second: 305.210611

Distance ops per second: 11641633.172392


========== END OF LOG ==========

Log saved to: Log/run_20251207_101531_236.log

