========== HNSW Search Test ==========

Timestamp: Sun Dec  7 18:23:07 2025

Command line arguments:
  argv[0]: ./hng3
  argv[1]: --m
  argv[2]: 51
  argv[3]: --max_layer
  argv[4]: 9
  argv[5]: --efc
  argv[6]: 1153
  argv[7]: --efs
  argv[8]: 1040

Configuration:
  Base file: data_o/glove/base.txt
  Query file: data_o/glove/query.txt
  Truth file: data_o/glove/truth.txt
  K: 10
  M: 51
  Max layer: 9
  EFC: 1153
  EFS: 1040
  Threads: -1
  Debug: -1

HNSW parameters set.

Ablation flags: csr=0, prefetch=0, simd=0, pruning=0, heap=0

Loading base vectors...
✓ Base loaded in 3893.801065 ms

Loading query vectors...
✓ Queries loaded in 69.909369 ms

Loading ground truth...
✓ Truth loaded in 71.378457 ms

Data Summary:
  Dimension d=100, Base vectors=1183514, Queries=10000


Building HNSW index...
✓ Index built.
  build_time(local)=4795.638978 ms
  build_time(internal)=4790.313182 ms

Executing queries...

  Processed 1000 queries

  Processed 2000 queries

  Processed 3000 queries

  Processed 4000 queries

  Processed 5000 queries

  Processed 6000 queries

  Processed 7000 queries

  Processed 8000 queries

  Processed 9000 queries

  Processed 10000 queries


========== RESULTS ==========

Total queries: 10000

Average recall@10: 0.998420

Average query time: 4.212643 ms

Total query time: 42126.425583 ms


========== DISTANCE STATISTICS ==========

Total queries reported by index: 10000

Total distance computations: 581138787

Average distance ops per query: 58113.878700

Last query distance ops: 49491


========== PERFORMANCE SUMMARY ==========

Data loading time: 4035.088891 ms

Index build time: 4790.313182 ms

Query execution time: 42126.425583 ms

Total elapsed time: 50957.153452 ms


========== EFFICIENCY METRICS ==========

Queries per second: 237.380691

Distance ops per second: 13795112.662835


========== END OF LOG ==========

Log saved to: Log/run_20251207_182307_280.log

