========== HNSW Search Test ==========

Timestamp: Sat Dec  6 04:36:23 2025

Command line arguments:
  argv[0]: ./hng1
  argv[1]: --m
  argv[2]: 52
  argv[3]: --max_layer
  argv[4]: 12
  argv[5]: --efc
  argv[6]: 957
  argv[7]: --efs
  argv[8]: 566

Configuration:
  Base file: data_o/glove/base.txt
  Query file: data_o/glove/query.txt
  Truth file: data_o/glove/truth.txt
  K: 10
  M: 52
  Max layer: 12
  EFC: 957
  EFS: 566
  Threads: -1
  Debug: -1

HNSW parameters set.

Ablation flags: csr=0, prefetch=0, simd=0, pruning=0, heap=0

Loading base vectors...
✓ Base loaded in 2499.512368 ms

Loading query vectors...
✓ Queries loaded in 76.991834 ms

Loading ground truth...
✓ Truth loaded in 76.520517 ms

Data Summary:
  Dimension d=100, Base vectors=1183514, Queries=10000


Building HNSW index...
✓ Index built.
  build_time(local)=4261.033896 ms
  build_time(internal)=4255.263527 ms


========== GRAPH QUALITY ==========

  num_nodes: 1183514

  max_level (entry point): 3

  actual_max_layer: 3

  avg_degree_l0: 63.965117

  avg_degree_upper: 0.159536


  Layer Distribution:

    L0: 1183514 nodes (100.00%)

    L1: 22900 nodes (1.93%)

    L2: 443 nodes (0.04%)

    L3: 6 nodes (0.00%)



Executing queries...

  Processed 1000 queries

  Processed 2000 queries

  Processed 3000 queries

  Processed 4000 queries

  Processed 5000 queries

  Processed 6000 queries

  Processed 7000 queries

  Processed 8000 queries

  Processed 9000 queries

  Processed 10000 queries


========== RESULTS ==========

Total queries: 10000

Average recall@10: 0.990050

Average query time: 3.045073 ms

Total query time: 30450.733709 ms


========== DISTANCE STATISTICS ==========

Total queries reported by index: 10000

Total distance computations: 281989783

Average distance ops per query: 28198.978300

Last query distance ops: 22094


========== PERFORMANCE SUMMARY ==========

Data loading time: 2653.024719 ms

Index build time: 4255.263527 ms

Query execution time: 30450.733709 ms

Total elapsed time: 37364.792324 ms


========== EFFICIENCY METRICS ==========

Queries per second: 328.399312

Distance ops per second: 9260525.072887


========== END OF LOG ==========

Log saved to: Log/run_20251206_043623_121.log

