========== HNSW Search Test ==========

Timestamp: Fri Dec  5 15:38:56 2025

Command line arguments:
  argv[0]: ./hng

Configuration:
  Base file: data_o/glove/base.txt
  Query file: data_o/glove/query.txt
  Truth file: data_o/glove/truth.txt
  K: 10
  M: -1
  Max layer: -1
  EFC: -1
  EFS: -1
  Threads: -1
  Debug: -1

Ablation flags: csr=0, prefetch=0, simd=0, pruning=0, heap=0

Loading base vectors...
✓ Base loaded in 2201.022105 ms

Loading query vectors...
✓ Queries loaded in 69.930253 ms

Loading ground truth...
✓ Truth loaded in 74.223737 ms

Data Summary:
  Dimension d=100, Base vectors=1183514, Queries=10000


Building HNSW index...
✓ Index built.
  build_time(local)=1205431.795527 ms
  build_time(internal)=1205426.537303 ms


========== GRAPH QUALITY ==========

  num_nodes: 1183514

  max_level (entry point): 3

  actual_max_layer: 3

  avg_degree_l0: 15.952933

  avg_degree_upper: 0.094902


  Layer Distribution:

    L0: 1183514 nodes (100.00%)

    L1: 24967 nodes (2.11%)

    L2: 519 nodes (0.04%)

    L3: 14 nodes (0.00%)



Executing queries...

  Processed 1000 queries

  Processed 2000 queries

  Processed 3000 queries

  Processed 4000 queries

  Processed 5000 queries

  Processed 6000 queries

  Processed 7000 queries

  Processed 8000 queries

  Processed 9000 queries

  Processed 10000 queries


========== RESULTS ==========

Total queries: 10000

Average recall@10: 0.874800

Average query time: 0.630771 ms

Total query time: 6307.709615 ms


========== DISTANCE STATISTICS ==========

Total queries reported by index: 10000

Total distance computations: 55126924

Average distance ops per query: 5512.692400

Last query distance ops: 5040


========== PERFORMANCE SUMMARY ==========

Data loading time: 2345.176095 ms

Index build time: 1205426.537303 ms

Query execution time: 6307.709615 ms

Total elapsed time: 1214084.681237 ms


========== EFFICIENCY METRICS ==========

Queries per second: 1585.361504

Distance ops per second: 8739610.312578


========== END OF LOG ==========

Log saved to: Log/run_20251205_153856_540.log

