========== HNSW Search Test ==========

Timestamp: Thu Dec  4 06:16:40 2025

Command line arguments:
  argv[0]: ./hng1
  argv[1]: --m
  argv[2]: 45
  argv[3]: --max_layer
  argv[4]: 5
  argv[5]: --efc
  argv[6]: 623
  argv[7]: --efs
  argv[8]: 680

Configuration:
  Base file: data_o/glove/base.txt
  Query file: data_o/glove/query.txt
  Truth file: data_o/glove/truth.txt
  K: 10
  M: 45
  Max layer: 5
  EFC: 623
  EFS: 680
  Threads: -1
  Debug: -1

HNSW parameters set.

Ablation flags: csr=0, prefetch=0, simd=0, pruning=0, heap=0

Loading base vectors...
✓ Base loaded in 2105.131174 ms

Loading query vectors...
✓ Queries loaded in 69.124971 ms

Loading ground truth...
✓ Truth loaded in 67.392796 ms

Data Summary:
  Dimension d=100, Base vectors=1183514, Queries=10000


Building HNSW index...
✓ Index built.
  build_time(local)=3744.458297 ms
  build_time(internal)=3739.583798 ms


========== GRAPH QUALITY ==========

  num_nodes: 1183514

  max_level (entry point): 4

  actual_max_layer: 4

  avg_degree_l0: 54.477525

  avg_degree_upper: 0.147550


  Layer Distribution:

    L0: 1183514 nodes (100.00%)

    L1: 26354 nodes (2.23%)

    L2: 568 nodes (0.05%)

    L3: 17 nodes (0.00%)

    L4: 1 nodes (0.00%)



Executing queries...

  Processed 1000 queries

  Processed 2000 queries

  Processed 3000 queries

  Processed 4000 queries

  Processed 5000 queries

  Processed 6000 queries

  Processed 7000 queries

  Processed 8000 queries

  Processed 9000 queries

  Processed 10000 queries


========== RESULTS ==========

Total queries: 10000

Average recall@10: 0.990250

Average query time: 2.036547 ms

Total query time: 20365.466087 ms


========== DISTANCE STATISTICS ==========

Total queries reported by index: 10000

Total distance computations: 283219845

Average distance ops per query: 28321.984500

Last query distance ops: 21998


========== PERFORMANCE SUMMARY ==========

Data loading time: 2241.648941 ms

Index build time: 3739.583798 ms

Query execution time: 20365.466087 ms

Total elapsed time: 26351.573325 ms


========== EFFICIENCY METRICS ==========

Queries per second: 491.027309

Distance ops per second: 13906867.821738


========== END OF LOG ==========

Log saved to: Log/run_20251204_061640_889.log

