========== HNSW Search Test ==========

========== HNSW Search Test ==========

========== HNSW Search Test ==========

========== HNSW Search Test ==========

Timestamp: Thu Dec  4 20:33:46 2025

Command line arguments:
Timestamp: Thu Dec  4 20:33:46 2025

Timestamp: Thu Dec  4 20:33:46 2025

Timestamp: Thu Dec  4 20:33:46 2025

  argv[0]: ./hng1
Command line arguments:
Command line arguments:
Command line arguments:
  argv[1]: --base
  argv[0]: ./hng1
  argv[0]: ./hng1
  argv[0]: ./hng1
  argv[2]: data_o/glove/base.txt
  argv[1]: --base
  argv[1]: --base
  argv[1]: --base
  argv[2]: data_o/glove/base.txt
  argv[3]: --query
  argv[2]: data_o/glove/base.txt
  argv[3]: --query
  argv[3]: --query
  argv[4]: data_o/glove/query.txt
  argv[2]: data_o/glove/base.txt
  argv[4]: data_o/glove/query.txt
  argv[4]: data_o/glove/query.txt
  argv[5]: --truth
  argv[3]: --query
  argv[5]: --truth
  argv[5]: --truth
  argv[6]: data_o/glove/truth.txt
  argv[4]: data_o/glove/query.txt
  argv[6]: data_o/glove/truth.txt
  argv[6]: data_o/glove/truth.txt
  argv[7]: --k
  argv[5]: --truth
  argv[7]: --k
  argv[7]: --k
  argv[8]: 10
  argv[6]: data_o/glove/truth.txt
  argv[8]: 10
  argv[8]: 10
  argv[9]: --m
  argv[7]: --k
  argv[9]: --m
  argv[9]: --m
  argv[10]: 59
  argv[8]: 10
  argv[10]: 59
  argv[10]: 59
  argv[11]: --max_layer
  argv[9]: --m
  argv[11]: --max_layer
  argv[11]: --max_layer
  argv[12]: 5
  argv[10]: 59
  argv[12]: 5
  argv[12]: 5
  argv[13]: --efc
  argv[11]: --max_layer
  argv[13]: --efc
  argv[13]: --efc
  argv[14]: 763
  argv[12]: 5
  argv[14]: 763
  argv[14]: 763
  argv[15]: --efs
  argv[13]: --efc
  argv[15]: --efs
  argv[15]: --efs
  argv[16]: 500
  argv[14]: 763
  argv[16]: 500
  argv[16]: 500
  argv[17]: --threads
  argv[15]: --efs
  argv[17]: --threads
  argv[17]: --threads
  argv[18]: 32
  argv[16]: 500
  argv[18]: 32
  argv[18]: 32
  argv[19]: --ablate_csr
  argv[19]: --ablate_csr
  argv[19]: --ablate_csr
  argv[17]: --threads
  argv[20]: 0
  argv[20]: 1
  argv[20]: 0
  argv[18]: 32
  argv[21]: --ablate_prefetch
  argv[21]: --ablate_prefetch
  argv[21]: --ablate_prefetch
  argv[19]: --ablate_csr
  argv[22]: 0
  argv[22]: 1
  argv[20]: 0
  argv[22]: 0
  argv[23]: --ablate_simd
  argv[23]: --ablate_simd
  argv[21]: --ablate_prefetch
  argv[23]: --ablate_simd
  argv[24]: 0
  argv[24]: 1
  argv[22]: 0
  argv[24]: 0
  argv[25]: --ablate_pruning
  argv[25]: --ablate_pruning
  argv[23]: --ablate_simd
  argv[25]: --ablate_pruning
  argv[26]: 0
  argv[26]: 1
  argv[24]: 0
  argv[26]: 0
  argv[27]: --ablate_heap
  argv[27]: --ablate_heap
  argv[25]: --ablate_pruning
  argv[27]: --ablate_heap
  argv[28]: 0
  argv[28]: 1
  argv[26]: 0
  argv[28]: 0
  argv[29]: --ablate_flat_index
  argv[29]: --ablate_flat_index
  argv[27]: --ablate_heap
  argv[29]: --ablate_flat_index
  argv[30]: 0
  argv[30]: 1
  argv[28]: 0
  argv[30]: 1
  argv[31]: --ablate_reorder
  argv[31]: --ablate_reorder
  argv[31]: --ablate_reorder
  argv[29]: --ablate_flat_index
  argv[32]: 1
  argv[32]: 1
  argv[32]: 0
  argv[30]: 1

Configuration:

Configuration:

Configuration:
  argv[31]: --ablate_reorder
  Base file: data_o/glove/base.txt
  Base file: data_o/glove/base.txt
  Base file: data_o/glove/base.txt
  argv[32]: 0
  Query file: data_o/glove/query.txt
  Query file: data_o/glove/query.txt
  Query file: data_o/glove/query.txt

Configuration:
  Truth file: data_o/glove/truth.txt
  Truth file: data_o/glove/truth.txt
  Truth file: data_o/glove/truth.txt
  Base file: data_o/glove/base.txt
  K: 10
  K: 10
  K: 10
  Query file: data_o/glove/query.txt
  M: 59
  M: 59
  M: 59
  Truth file: data_o/glove/truth.txt
  Max layer: 5
  Max layer: 5
  Max layer: 5
  K: 10
  EFC: 763
  EFC: 763
  EFC: 763
  M: 59
  EFS: 500
  EFS: 500
  EFS: 500
  Max layer: 5
  Threads: 32
  Threads: 32
  Threads: 32
  EFC: 763
  Debug: -1
  Debug: -1
  Debug: -1
  EFS: 500



  Threads: 32
HNSW parameters set.

HNSW parameters set.

HNSW parameters set.

  Debug: -1
Ablation flags: csr=0, prefetch=0, simd=0, pruning=0, heap=0

Ablation flags: csr=0, prefetch=0, simd=0, pruning=0, heap=0

Ablation flags: csr=1, prefetch=1, simd=1, pruning=1, heap=1


Loading base vectors...
Loading base vectors...
Loading base vectors...
HNSW parameters set.

Ablation flags: csr=0, prefetch=0, simd=0, pruning=0, heap=0

Loading base vectors...
✓ Base loaded in 13083.389169 ms

✓ Base loaded in 13083.427230 ms

✓ Base loaded in 13082.915554 ms

Loading query vectors...
Loading query vectors...
Loading query vectors...
✓ Base loaded in 13095.839577 ms

Loading query vectors...
✓ Queries loaded in 517.689621 ms

Loading ground truth...
✓ Queries loaded in 525.033612 ms

Loading ground truth...
✓ Queries loaded in 530.853218 ms

Loading ground truth...
✓ Queries loaded in 526.967820 ms

Loading ground truth...
✓ Truth loaded in 501.259961 ms

Data Summary:
  Dimension d=100, Base vectors=1183514, Queries=10000


✓ Truth loaded in 495.234041 ms

Building HNSW index...
Data Summary:
  Dimension d=100, Base vectors=1183514, Queries=10000


Building HNSW index...
✓ Truth loaded in 502.808556 ms

Data Summary:
  Dimension d=100, Base vectors=1183514, Queries=10000


Building HNSW index...
✓ Truth loaded in 515.369674 ms

Data Summary:
  Dimension d=100, Base vectors=1183514, Queries=10000


Building HNSW index...
✓ Index built.
  build_time(local)=27215.542284 ms
  build_time(internal)=27200.722695 ms


========== GRAPH QUALITY ==========

✓ Index built.
  build_time(local)=27228.961027 ms
  build_time(internal)=27214.370952 ms


========== GRAPH QUALITY ==========

✓ Index built.
  build_time(local)=27271.548103 ms
  build_time(internal)=27251.477342 ms


========== GRAPH QUALITY ==========

  num_nodes: 1183514

  max_level (entry point): 3

  actual_max_layer: 3

  avg_degree_l0: 60.350342

  avg_degree_upper: 0.146105


  Layer Distribution:

    L0: 1183514 nodes (100.00%)

    L1: 20263 nodes (1.71%)

    L2: 320 nodes (0.03%)

    L3: 5 nodes (0.00%)



Executing queries...

  num_nodes: 1183514

  max_level (entry point): 3

  actual_max_layer: 3

  avg_degree_l0: 60.350342

  avg_degree_upper: 0.146105


  Layer Distribution:

    L0: 1183514 nodes (100.00%)

  num_nodes: 1183514

    L1: 20263 nodes (1.71%)

  max_level (entry point): 3

    L2: 320 nodes (0.03%)

  actual_max_layer: 3

    L3: 5 nodes (0.00%)

  avg_degree_l0: 60.350342



  avg_degree_upper: 0.146105

Executing queries...


  Layer Distribution:

    L0: 1183514 nodes (100.00%)

    L1: 20263 nodes (1.71%)

    L2: 320 nodes (0.03%)

    L3: 5 nodes (0.00%)



Executing queries...

