========== HNSW Search Test ==========

Timestamp: Sun Dec  7 16:58:11 2025

Command line arguments:
  argv[0]: ./hng3
  argv[1]: --m
  argv[2]: 52
  argv[3]: --max_layer
  argv[4]: 12
  argv[5]: --efc
  argv[6]: 957
  argv[7]: --efs
  argv[8]: 2000

Configuration:
  Base file: data_o/glove/base.txt
  Query file: data_o/glove/query.txt
  Truth file: data_o/glove/truth.txt
  K: 10
  M: 52
  Max layer: 12
  EFC: 957
  EFS: 2000
  Threads: -1
  Debug: -1

HNSW parameters set.

Ablation flags: csr=0, prefetch=0, simd=0, pruning=0, heap=0

Loading base vectors...
