========== HNSW Search Test ==========

Timestamp: Thu Dec  4 05:12:58 2025

Command line arguments:
  argv[0]: ./hng1
  argv[1]: --m
  argv[2]: 47
  argv[3]: --max_layer
  argv[4]: 8
  argv[5]: --efc
  argv[6]: 510
  argv[7]: --efs
  argv[8]: 729

Configuration:
  Base file: data_o/glove/base.txt
  Query file: data_o/glove/query.txt
  Truth file: data_o/glove/truth.txt
  K: 10
  M: 47
  Max layer: 8
  EFC: 510
  EFS: 729
  Threads: -1
  Debug: -1

HNSW parameters set.

Ablation flags: csr=0, prefetch=0, simd=0, pruning=0, heap=0

Loading base vectors...
✓ Base loaded in 2077.197507 ms

Loading query vectors...
✓ Queries loaded in 67.927101 ms

Loading ground truth...
✓ Truth loaded in 68.115356 ms

Data Summary:
  Dimension d=100, Base vectors=1183514, Queries=10000


Building HNSW index...
✓ Index built.
  build_time(local)=3630.713393 ms
  build_time(internal)=3626.027942 ms


========== GRAPH QUALITY ==========

  num_nodes: 1183514

  max_level (entry point): 3

  actual_max_layer: 3

  avg_degree_l0: 50.852004

  avg_degree_upper: 0.198602


  Layer Distribution:

    L0: 1183514 nodes (100.00%)

    L1: 25029 nodes (2.11%)

    L2: 555 nodes (0.05%)

    L3: 15 nodes (0.00%)



Executing queries...

  Processed 1000 queries

  Processed 2000 queries

  Processed 3000 queries

  Processed 4000 queries

  Processed 5000 queries

  Processed 6000 queries

  Processed 7000 queries

  Processed 8000 queries

  Processed 9000 queries

  Processed 10000 queries


========== RESULTS ==========

Total queries: 10000

Average recall@10: 0.990030

Average query time: 2.089536 ms

Total query time: 20895.359937 ms


========== DISTANCE STATISTICS ==========

Total queries reported by index: 10000

Total distance computations: 286317959

Average distance ops per query: 28631.795900

Last query distance ops: 22213


========== PERFORMANCE SUMMARY ==========

Data loading time: 2213.239964 ms

Index build time: 3626.027942 ms

Query execution time: 20895.359937 ms

Total elapsed time: 26739.313294 ms


========== EFFICIENCY METRICS ==========

Queries per second: 478.575149

Distance ops per second: 13702465.995477


========== END OF LOG ==========

Log saved to: Log/run_20251204_051258_881.log

