========== HNSW Search Test ==========

Timestamp: Thu Dec  4 09:21:29 2025

Command line arguments:
  argv[0]: ./hng1
  argv[1]: --m
  argv[2]: 63
  argv[3]: --max_layer
  argv[4]: 3
  argv[5]: --efc
  argv[6]: 661
  argv[7]: --efs
  argv[8]: 616

Configuration:
  Base file: data_o/glove/base.txt
  Query file: data_o/glove/query.txt
  Truth file: data_o/glove/truth.txt
  K: 10
  M: 63
  Max layer: 3
  EFC: 661
  EFS: 616
  Threads: -1
  Debug: -1

HNSW parameters set.

Ablation flags: csr=0, prefetch=0, simd=0, pruning=0, heap=0

Loading base vectors...
✓ Base loaded in 2191.097405 ms

Loading query vectors...
✓ Queries loaded in 72.600118 ms

Loading ground truth...
✓ Truth loaded in 68.769903 ms

Data Summary:
  Dimension d=100, Base vectors=1183514, Queries=10000


Building HNSW index...
✓ Index built.
  build_time(local)=3697.487539 ms
  build_time(internal)=3692.288918 ms


========== GRAPH QUALITY ==========

  num_nodes: 1183514

  max_level (entry point): 3

  actual_max_layer: 3

  avg_degree_l0: 57.447374

  avg_degree_upper: 0.129794


  Layer Distribution:

    L0: 1183514 nodes (100.00%)

    L1: 18751 nodes (1.58%)

    L2: 307 nodes (0.03%)

    L3: 3 nodes (0.00%)



Executing queries...

  Processed 1000 queries

  Processed 2000 queries

  Processed 3000 queries

  Processed 4000 queries

  Processed 5000 queries

  Processed 6000 queries

  Processed 7000 queries

  Processed 8000 queries

  Processed 9000 queries

  Processed 10000 queries


========== RESULTS ==========

Total queries: 10000

Average recall@10: 0.989980

Average query time: 2.006643 ms

Total query time: 20066.427440 ms


========== DISTANCE STATISTICS ==========

Total queries reported by index: 10000

Total distance computations: 281184204

Average distance ops per query: 28118.420400

Last query distance ops: 21220


========== PERFORMANCE SUMMARY ==========

Data loading time: 2332.467426 ms

Index build time: 3692.288918 ms

Query execution time: 20066.427440 ms

Total elapsed time: 26096.382405 ms


========== EFFICIENCY METRICS ==========

Queries per second: 498.344811

Distance ops per second: 14012668.913824


========== END OF LOG ==========

Log saved to: Log/run_20251204_092129_679.log

