========== HNSW Search Test ==========

Timestamp: Thu Dec  4 14:46:38 2025

========== HNSW Search Test ==========

========== HNSW Search Test ==========

Command line arguments:
  argv[0]: ./hng1
Timestamp: Thu Dec  4 14:46:38 2025

Timestamp: Thu Dec  4 14:46:38 2025

  argv[1]: --base
Command line arguments:
Command line arguments:
  argv[2]: data_o/glove/base.txt
  argv[0]: ./hng1
  argv[0]: ./hng1
  argv[3]: --query
  argv[1]: --base
  argv[1]: --base
  argv[4]: data_o/glove/query.txt
  argv[2]: data_o/glove/base.txt
  argv[2]: data_o/glove/base.txt
  argv[5]: --truth
  argv[3]: --query
  argv[3]: --query
  argv[6]: data_o/glove/truth.txt
  argv[4]: data_o/glove/query.txt
  argv[4]: data_o/glove/query.txt
  argv[7]: --k
  argv[5]: --truth
  argv[5]: --truth
  argv[8]: 10
  argv[6]: data_o/glove/truth.txt
  argv[6]: data_o/glove/truth.txt
  argv[9]: --m
  argv[7]: --k
  argv[7]: --k
  argv[10]: 43
  argv[8]: 10
  argv[8]: 10
  argv[11]: --max_layer
  argv[9]: --m
  argv[9]: --m
  argv[12]: 10
  argv[10]: 43
  argv[10]: 43
  argv[13]: --efc
  argv[11]: --max_layer
  argv[11]: --max_layer
  argv[14]: 735
  argv[12]: 10
  argv[12]: 10
  argv[15]: --efs
  argv[13]: --efc
  argv[13]: --efc
  argv[16]: 425
  argv[14]: 735
  argv[14]: 735
  argv[17]: --threads
  argv[15]: --efs
  argv[15]: --efs
  argv[18]: 32
  argv[16]: 425
  argv[16]: 425
  argv[19]: --ablate_csr
  argv[17]: --threads
  argv[17]: --threads
  argv[20]: 1
  argv[18]: 32
  argv[18]: 32
  argv[21]: --ablate_prefetch
  argv[19]: --ablate_csr
  argv[19]: --ablate_csr
  argv[22]: 1
  argv[20]: 0
  argv[20]: 0
  argv[23]: --ablate_simd
  argv[21]: --ablate_prefetch
  argv[21]: --ablate_prefetch
  argv[24]: 1
  argv[22]: 0
  argv[22]: 0
  argv[25]: --ablate_pruning
  argv[23]: --ablate_simd
  argv[23]: --ablate_simd
  argv[26]: 1
  argv[24]: 0
  argv[24]: 0
  argv[27]: --ablate_heap
  argv[25]: --ablate_pruning
  argv[25]: --ablate_pruning
  argv[28]: 1
  argv[26]: 0
  argv[26]: 0
  argv[29]: --ablate_flat_index
  argv[27]: --ablate_heap
  argv[27]: --ablate_heap
  argv[30]: 1
  argv[28]: 0
  argv[28]: 0
  argv[29]: --ablate_flat_index
  argv[31]: --ablate_reorder
  argv[29]: --ablate_flat_index
  argv[30]: 0
  argv[32]: 1
  argv[30]: 1
  argv[31]: --ablate_reorder

Configuration:
  argv[31]: --ablate_reorder
  argv[32]: 1
  Base file: data_o/glove/base.txt
  argv[32]: 0

Configuration:
  Query file: data_o/glove/query.txt

Configuration:
  Base file: data_o/glove/base.txt
  Truth file: data_o/glove/truth.txt
  Base file: data_o/glove/base.txt
  Query file: data_o/glove/query.txt
  K: 10
  Query file: data_o/glove/query.txt
  Truth file: data_o/glove/truth.txt
  M: 43
  Truth file: data_o/glove/truth.txt
  K: 10
  Max layer: 10
  K: 10
  M: 43
  EFC: 735
  M: 43
  Max layer: 10
  EFS: 425
  Max layer: 10
  EFC: 735
  Threads: 32
  EFC: 735
  EFS: 425
  Debug: -1
  EFS: 425
  Threads: 32

  Threads: 32
  Debug: -1
HNSW parameters set.

  Debug: -1

Ablation flags: csr=1, prefetch=1, simd=1, pruning=1, heap=1


HNSW parameters set.

Loading base vectors...
HNSW parameters set.

Ablation flags: csr=0, prefetch=0, simd=0, pruning=0, heap=0

Ablation flags: csr=0, prefetch=0, simd=0, pruning=0, heap=0

Loading base vectors...
Loading base vectors...
