========== HNSW Search Test ==========

Timestamp: Wed Dec  3 18:16:39 2025

Command line arguments:
  argv[0]: ./hng1

Configuration:
  Base file: data_o/glove/base.txt
  Query file: data_o/glove/query.txt
  Truth file: data_o/glove/truth.txt
  K: 10
  M: -1
  Max layer: -1
  EFC: -1
  EFS: -1
  Threads: -1
  Debug: -1

Ablation flags: csr=0, prefetch=0, simd=0, pruning=0, heap=0

Loading base vectors...
✓ Base loaded in 2215.630056 ms

Loading query vectors...
✓ Queries loaded in 65.848806 ms

Loading ground truth...
✓ Truth loaded in 66.562886 ms

Data Summary:
  Dimension d=100, Base vectors=1183514, Queries=10000


Building HNSW index...
✓ Index built.
  build_time(local)=3695.426177 ms
  build_time(internal)=3690.555706 ms


========== GRAPH QUALITY ==========

  num_nodes: 1183514

  max_level (entry point): 3

  actual_max_layer: 3

  avg_degree_l0: 56.281985

  avg_degree_upper: 0.187310


  Layer Distribution:

    L0: 1183514 nodes (100.00%)

    L1: 23213 nodes (1.96%)

    L2: 435 nodes (0.04%)

    L3: 8 nodes (0.00%)



Executing queries...

  Processed 1000 queries

  Processed 2000 queries

  Processed 3000 queries

  Processed 4000 queries

  Processed 5000 queries

  Processed 6000 queries

  Processed 7000 queries

  Processed 8000 queries

  Processed 9000 queries

  Processed 10000 queries


========== RESULTS ==========

Total queries: 10000

Average recall@10: 0.980690

Average query time: 1.434841 ms

Total query time: 14348.408615 ms


========== DISTANCE STATISTICS ==========

Total queries reported by index: 10000

Total distance computations: 198992305

Average distance ops per query: 19899.230500

Last query distance ops: 16168


========== PERFORMANCE SUMMARY ==========

Data loading time: 2348.041748 ms

Index build time: 3690.555706 ms

Query execution time: 14348.408615 ms

Total elapsed time: 20391.876540 ms


========== EFFICIENCY METRICS ==========

Queries per second: 696.941401

Distance ops per second: 13868597.580360


========== END OF LOG ==========

Log saved to: Log/run_20251203_181639_466.log

