========== HNSW Search Test ==========

Timestamp: Sun Dec  7 20:37:30 2025

Command line arguments:
  argv[0]: ./hng3
  argv[1]: --m
  argv[2]: 50
  argv[3]: --max_layer
  argv[4]: 15
  argv[5]: --efc
  argv[6]: 1386
  argv[7]: --efs
  argv[8]: 1040

Configuration:
  Base file: data_o/glove/base.txt
  Query file: data_o/glove/query.txt
  Truth file: data_o/glove/truth.txt
  K: 10
  M: 50
  Max layer: 15
  EFC: 1386
  EFS: 1040
  Threads: -1
  Debug: -1

HNSW parameters set.

Ablation flags: csr=0, prefetch=0, simd=0, pruning=0, heap=0

Loading base vectors...
✓ Base loaded in 3021.816413 ms

Loading query vectors...
✓ Queries loaded in 72.725312 ms

Loading ground truth...
✓ Truth loaded in 72.645889 ms

Data Summary:
  Dimension d=100, Base vectors=1183514, Queries=10000


Building HNSW index...
✓ Index built.
  build_time(local)=5054.340678 ms
  build_time(internal)=5049.418264 ms

Executing queries...

  Processed 1000 queries

  Processed 2000 queries

  Processed 3000 queries

  Processed 4000 queries

  Processed 5000 queries

  Processed 6000 queries

  Processed 7000 queries

  Processed 8000 queries

  Processed 9000 queries

  Processed 10000 queries


========== RESULTS ==========

Total queries: 10000

Average recall@10: 0.998470

Average query time: 4.858202 ms

Total query time: 48582.019195 ms


========== DISTANCE STATISTICS ==========

Total queries reported by index: 10000

Total distance computations: 583214402

Average distance ops per query: 58321.440200

Last query distance ops: 49323


========== PERFORMANCE SUMMARY ==========

Data loading time: 3167.187614 ms

Index build time: 5049.418264 ms

Query execution time: 48582.019195 ms

Total elapsed time: 56803.547487 ms


========== EFFICIENCY METRICS ==========

Queries per second: 205.837472

Distance ops per second: 12004737.795255


========== END OF LOG ==========

Log saved to: Log/run_20251207_203730_225.log

