========== HNSW Search Test ==========

Timestamp: Sun Dec  7 17:01:39 2025

Command line arguments:
  argv[0]: ./hng3
  argv[1]: --m
  argv[2]: 52
  argv[3]: --max_layer
  argv[4]: 12
  argv[5]: --efc
  argv[6]: 957
  argv[7]: --efs
  argv[8]: 620

Configuration:
  Base file: data_o/glove/base.txt
  Query file: data_o/glove/query.txt
  Truth file: data_o/glove/truth.txt
  K: 10
  M: 52
  Max layer: 12
  EFC: 957
  EFS: 620
  Threads: -1
  Debug: -1

HNSW parameters set.

Ablation flags: csr=0, prefetch=0, simd=0, pruning=0, heap=0

Loading base vectors...
✓ Base loaded in 2070.862031 ms

Loading query vectors...
✓ Queries loaded in 67.118646 ms

Loading ground truth...
✓ Truth loaded in 67.514653 ms

Data Summary:
  Dimension d=100, Base vectors=1183514, Queries=10000


Building HNSW index...
✓ Index built.
  build_time(local)=3822.010344 ms
  build_time(internal)=3816.405916 ms

Executing queries...

  Processed 1000 queries

  Processed 2000 queries

  Processed 3000 queries

  Processed 4000 queries

  Processed 5000 queries

  Processed 6000 queries

  Processed 7000 queries

  Processed 8000 queries

  Processed 9000 queries

  Processed 10000 queries


========== RESULTS ==========

Total queries: 10000

Average recall@10: 0.991460

Average query time: 2.450917 ms

Total query time: 24509.168868 ms


========== DISTANCE STATISTICS ==========

Total queries reported by index: 10000

Total distance computations: 305470622

Average distance ops per query: 30547.062200

Last query distance ops: 23747


========== PERFORMANCE SUMMARY ==========

Data loading time: 2205.495330 ms

Index build time: 3816.405916 ms

Query execution time: 24509.168868 ms

Total elapsed time: 30536.674542 ms


========== EFFICIENCY METRICS ==========

Queries per second: 408.010572

Distance ops per second: 12463524.309828


========== END OF LOG ==========

Log saved to: Log/run_20251207_170139_575.log

