========== HNSW Search Test ==========

Timestamp: Thu Dec  4 07:30:08 2025

Command line arguments:
  argv[0]: ./hng1
  argv[1]: --m
  argv[2]: 50
  argv[3]: --max_layer
  argv[4]: 5
  argv[5]: --efc
  argv[6]: 630
  argv[7]: --efs
  argv[8]: 647

Configuration:
  Base file: data_o/glove/base.txt
  Query file: data_o/glove/query.txt
  Truth file: data_o/glove/truth.txt
  K: 10
  M: 50
  Max layer: 5
  EFC: 630
  EFS: 647
  Threads: -1
  Debug: -1

HNSW parameters set.

Ablation flags: csr=0, prefetch=0, simd=0, pruning=0, heap=0

Loading base vectors...
✓ Base loaded in 2075.278709 ms

Loading query vectors...
✓ Queries loaded in 65.606305 ms

Loading ground truth...
✓ Truth loaded in 65.802447 ms

Data Summary:
  Dimension d=100, Base vectors=1183514, Queries=10000


Building HNSW index...
✓ Index built.
  build_time(local)=3677.999423 ms
  build_time(internal)=3673.267675 ms


========== GRAPH QUALITY ==========

  num_nodes: 1183514

  max_level (entry point): 3

  actual_max_layer: 3

  avg_degree_l0: 55.584567

  avg_degree_upper: 0.182471


  Layer Distribution:

    L0: 1183514 nodes (100.00%)

    L1: 23578 nodes (1.99%)

    L2: 485 nodes (0.04%)

    L3: 12 nodes (0.00%)



Executing queries...

  Processed 1000 queries

  Processed 2000 queries

  Processed 3000 queries

  Processed 4000 queries

  Processed 5000 queries

  Processed 6000 queries

  Processed 7000 queries

  Processed 8000 queries

  Processed 9000 queries

  Processed 10000 queries


========== RESULTS ==========

Total queries: 10000

Average recall@10: 0.990030

Average query time: 2.019392 ms

Total query time: 20193.917194 ms


========== DISTANCE STATISTICS ==========

Total queries reported by index: 10000

Total distance computations: 279662599

Average distance ops per query: 27966.259900

Last query distance ops: 21433


========== PERFORMANCE SUMMARY ==========

Data loading time: 2206.687461 ms

Index build time: 3673.267675 ms

Query execution time: 20193.917194 ms

Total elapsed time: 26078.604078 ms


========== EFFICIENCY METRICS ==========

Queries per second: 495.198624

Distance ops per second: 13848853.410328


========== END OF LOG ==========

Log saved to: Log/run_20251204_073008_804.log

