========== HNSW Search Test ==========

Timestamp: Sat Dec  6 09:32:38 2025

Command line arguments:
  argv[0]: ./hng1
  argv[1]: --m
  argv[2]: 67
  argv[3]: --max_layer
  argv[4]: 6
  argv[5]: --efc
  argv[6]: 985
  argv[7]: --efs
  argv[8]: 1040

Configuration:
  Base file: data_o/glove/base.txt
  Query file: data_o/glove/query.txt
  Truth file: data_o/glove/truth.txt
  K: 10
  M: 67
  Max layer: 6
  EFC: 985
  EFS: 1040
  Threads: -1
  Debug: -1

HNSW parameters set.

Ablation flags: csr=0, prefetch=0, simd=0, pruning=0, heap=0

Loading base vectors...
✓ Base loaded in 4360.578431 ms

Loading query vectors...
✓ Queries loaded in 102.619899 ms

Loading ground truth...
✓ Truth loaded in 90.728937 ms

Data Summary:
  Dimension d=100, Base vectors=1183514, Queries=10000


Building HNSW index...
✓ Index built.
  build_time(local)=4211.705507 ms
  build_time(internal)=4206.681868 ms


========== GRAPH QUALITY ==========

  num_nodes: 1183514

  max_level (entry point): 3

  actual_max_layer: 3

  avg_degree_l0: 65.869713

  avg_degree_upper: 0.106636


  Layer Distribution:

    L0: 1183514 nodes (100.00%)

    L1: 17554 nodes (1.48%)

    L2: 268 nodes (0.02%)

    L3: 5 nodes (0.00%)



Executing queries...

  Processed 1000 queries

  Processed 2000 queries

  Processed 3000 queries

  Processed 4000 queries

  Processed 5000 queries

  Processed 6000 queries

  Processed 7000 queries

  Processed 8000 queries

  Processed 9000 queries

  Processed 10000 queries


========== RESULTS ==========

Total queries: 10000

Average recall@10: 0.996560

Average query time: 3.808906 ms

Total query time: 38089.059566 ms


========== DISTANCE STATISTICS ==========

Total queries reported by index: 10000

Total distance computations: 504091844

Average distance ops per query: 50409.184400

Last query distance ops: 35899


========== PERFORMANCE SUMMARY ==========

Data loading time: 4553.927267 ms

Index build time: 4206.681868 ms

Query execution time: 38089.059566 ms

Total elapsed time: 46854.692340 ms


========== EFFICIENCY METRICS ==========

Queries per second: 262.542581

Distance ops per second: 13234557.370116


========== END OF LOG ==========

Log saved to: Log/run_20251206_093238_241.log

