========== HNSW Search Test ==========

Timestamp: Thu Dec  4 06:33:20 2025

Command line arguments:
  argv[0]: ./hng1
  argv[1]: --m
  argv[2]: 56
  argv[3]: --max_layer
  argv[4]: 11
  argv[5]: --efc
  argv[6]: 541
  argv[7]: --efs
  argv[8]: 620

Configuration:
  Base file: data_o/glove/base.txt
  Query file: data_o/glove/query.txt
  Truth file: data_o/glove/truth.txt
  K: 10
  M: 56
  Max layer: 11
  EFC: 541
  EFS: 620
  Threads: -1
  Debug: -1

HNSW parameters set.

Ablation flags: csr=0, prefetch=0, simd=0, pruning=0, heap=0

Loading base vectors...
✓ Base loaded in 2109.081048 ms

Loading query vectors...
✓ Queries loaded in 68.078025 ms

Loading ground truth...
✓ Truth loaded in 67.651921 ms

Data Summary:
  Dimension d=100, Base vectors=1183514, Queries=10000


Building HNSW index...
✓ Index built.
  build_time(local)=3666.142770 ms
  build_time(internal)=3661.415791 ms


========== GRAPH QUALITY ==========

  num_nodes: 1183514

  max_level (entry point): 3

  actual_max_layer: 3

  avg_degree_l0: 52.848949

  avg_degree_upper: 0.173348


  Layer Distribution:

    L0: 1183514 nodes (100.00%)

    L1: 20962 nodes (1.77%)

    L2: 410 nodes (0.03%)

    L3: 7 nodes (0.00%)



Executing queries...

  Processed 1000 queries

  Processed 2000 queries

  Processed 3000 queries

  Processed 4000 queries

  Processed 5000 queries

  Processed 6000 queries

  Processed 7000 queries

  Processed 8000 queries

  Processed 9000 queries

  Processed 10000 queries


========== RESULTS ==========

Total queries: 10000

Average recall@10: 0.988290

Average query time: 2.152000 ms

Total query time: 21519.995242 ms


========== DISTANCE STATISTICS ==========

Total queries reported by index: 10000

Total distance computations: 260880747

Average distance ops per query: 26088.074800

Last query distance ops: 19912


========== PERFORMANCE SUMMARY ==========

Data loading time: 2244.810994 ms

Index build time: 3661.415791 ms

Query execution time: 21519.995242 ms

Total elapsed time: 27430.949006 ms


========== EFFICIENCY METRICS ==========

Queries per second: 464.684118

Distance ops per second: 12122714.018581


========== END OF LOG ==========

Log saved to: Log/run_20251204_063320_484.log

