========== HNSW Search Test ==========

Timestamp: Fri Dec  5 19:46:28 2025

Command line arguments:
  argv[0]: ./hng

Configuration:
  Base file: data_o/glove/base.txt
  Query file: data_o/glove/query.txt
  Truth file: data_o/glove/truth.txt
  K: 10
  M: -1
  Max layer: -1
  EFC: -1
  EFS: -1
  Threads: -1
  Debug: -1

Ablation flags: csr=0, prefetch=0, simd=0, pruning=0, heap=0

Loading base vectors...
✓ Base loaded in 2305.091653 ms

Loading query vectors...
✓ Queries loaded in 66.513682 ms

Loading ground truth...
✓ Truth loaded in 72.126322 ms

Data Summary:
  Dimension d=100, Base vectors=1183514, Queries=10000


Building HNSW index...
✓ Index built.
  build_time(local)=3937.259368 ms
  build_time(internal)=3931.055484 ms


========== GRAPH QUALITY ==========

  num_nodes: 1183514

  max_level (entry point): 3

  actual_max_layer: 3

  avg_degree_l0: 55.054337

  avg_degree_upper: 0.242525


  Layer Distribution:

    L0: 1183514 nodes (100.00%)

    L1: 37061 nodes (3.13%)

    L2: 1133 nodes (0.10%)

    L3: 33 nodes (0.00%)



Executing queries...

  Processed 1000 queries

  Processed 2000 queries

  Processed 3000 queries

  Processed 4000 queries

  Processed 5000 queries

  Processed 6000 queries

  Processed 7000 queries

  Processed 8000 queries

  Processed 9000 queries

  Processed 10000 queries


========== RESULTS ==========

Total queries: 10000

Average recall@10: 0.979800

Average query time: 1.463080 ms

Total query time: 14630.797162 ms


========== DISTANCE STATISTICS ==========

Total queries reported by index: 10000

Total distance computations: 194218641

Average distance ops per query: 19421.864100

Last query distance ops: 17667


========== PERFORMANCE SUMMARY ==========

Data loading time: 2443.731657 ms

Index build time: 3931.055484 ms

Query execution time: 14630.797162 ms

Total elapsed time: 21011.788187 ms


========== EFFICIENCY METRICS ==========

Queries per second: 683.489757

Distance ops per second: 13274645.178216


========== END OF LOG ==========

Log saved to: Log/run_20251205_194628_228.log

