========== HNSW Search Test ==========

Timestamp: Thu Dec  4 10:19:10 2025

Command line arguments:
  argv[0]: ./hng1
  argv[1]: --m
  argv[2]: 55
  argv[3]: --max_layer
  argv[4]: 6
  argv[5]: --efc
  argv[6]: 692
  argv[7]: --efs
  argv[8]: 680

Configuration:
  Base file: data_o/glove/base.txt
  Query file: data_o/glove/query.txt
  Truth file: data_o/glove/truth.txt
  K: 10
  M: 55
  Max layer: 6
  EFC: 692
  EFS: 680
  Threads: -1
  Debug: -1

HNSW parameters set.

Ablation flags: csr=0, prefetch=0, simd=0, pruning=0, heap=0

Loading base vectors...
✓ Base loaded in 2148.230767 ms

Loading query vectors...
✓ Queries loaded in 68.641493 ms

Loading ground truth...
✓ Truth loaded in 65.565786 ms

Data Summary:
  Dimension d=100, Base vectors=1183514, Queries=10000


Building HNSW index...
✓ Index built.
  build_time(local)=3693.023365 ms
  build_time(internal)=3688.396324 ms


========== GRAPH QUALITY ==========

  num_nodes: 1183514

  max_level (entry point): 3

  actual_max_layer: 3

  avg_degree_l0: 58.045576

  avg_degree_upper: 0.154970


  Layer Distribution:

    L0: 1183514 nodes (100.00%)

    L1: 21646 nodes (1.83%)

    L2: 388 nodes (0.03%)

    L3: 9 nodes (0.00%)



Executing queries...

  Processed 1000 queries

  Processed 2000 queries

  Processed 3000 queries

  Processed 4000 queries

  Processed 5000 queries

  Processed 6000 queries

  Processed 7000 queries

  Processed 8000 queries

  Processed 9000 queries

  Processed 10000 queries


========== RESULTS ==========

Total queries: 10000

Average recall@10: 0.991800

Average query time: 2.209059 ms

Total query time: 22090.588696 ms


========== DISTANCE STATISTICS ==========

Total queries reported by index: 10000

Total distance computations: 306447427

Average distance ops per query: 30644.742700

Last query distance ops: 23018


========== PERFORMANCE SUMMARY ==========

Data loading time: 2282.438046 ms

Index build time: 3688.396324 ms

Query execution time: 22090.588696 ms

Total elapsed time: 28066.050107 ms


========== EFFICIENCY METRICS ==========

Queries per second: 452.681463

Distance ops per second: 13872306.945604


========== END OF LOG ==========

Log saved to: Log/run_20251204_101910_474.log

