========== HNSW Search Test ==========

Timestamp: Thu Dec  4 13:59:55 2025

Command line arguments:
  argv[0]: ./hng1
  argv[1]: --m
  argv[2]: 38
  argv[3]: --max_layer
  argv[4]: 10
  argv[5]: --efc
  argv[6]: 393
  argv[7]: --efs
  argv[8]: 922

Configuration:
  Base file: data_o/glove/base.txt
  Query file: data_o/glove/query.txt
  Truth file: data_o/glove/truth.txt
  K: 10
  M: 38
  Max layer: 10
  EFC: 393
  EFS: 922
  Threads: -1
  Debug: -1

HNSW parameters set.

Ablation flags: csr=0, prefetch=0, simd=0, pruning=0, heap=0

Loading base vectors...
✓ Base loaded in 2215.941728 ms

Loading query vectors...
✓ Queries loaded in 67.721989 ms

Loading ground truth...
✓ Truth loaded in 71.709670 ms

Data Summary:
  Dimension d=100, Base vectors=1183514, Queries=10000


Building HNSW index...
✓ Index built.
  build_time(local)=3444.338795 ms
  build_time(internal)=3441.103748 ms


========== GRAPH QUALITY ==========

  num_nodes: 1183514

  max_level (entry point): 3

  actual_max_layer: 3

  avg_degree_l0: 44.056857

  avg_degree_upper: 0.195303


  Layer Distribution:

    L0: 1183514 nodes (100.00%)

    L1: 30815 nodes (2.60%)

    L2: 762 nodes (0.06%)

    L3: 15 nodes (0.00%)



Executing queries...

  Processed 1000 queries

  Processed 2000 queries

  Processed 3000 queries

  Processed 4000 queries

  Processed 5000 queries

  Processed 6000 queries

  Processed 7000 queries

  Processed 8000 queries

  Processed 9000 queries

  Processed 10000 queries


========== RESULTS ==========

Total queries: 10000

Average recall@10: 0.989980

Average query time: 2.940425 ms

Total query time: 29404.250724 ms


========== DISTANCE STATISTICS ==========

Total queries reported by index: 10000

Total distance computations: 303567608

Average distance ops per query: 30356.760800

Last query distance ops: 23575


========== PERFORMANCE SUMMARY ==========

Data loading time: 2355.373387 ms

Index build time: 3441.103748 ms

Query execution time: 29404.250724 ms

Total elapsed time: 35203.962906 ms


========== EFFICIENCY METRICS ==========

Queries per second: 340.086884

Distance ops per second: 10323936.183561


========== END OF LOG ==========

Log saved to: Log/run_20251204_135955_995.log

