========== HNSW Search Test ==========

Timestamp: Sat Dec  6 00:11:28 2025

Command line arguments:
  argv[0]: ./basic
  argv[1]: --m
  argv[2]: 59
  argv[3]: --max_layer
  argv[4]: 7
  argv[5]: --efc
  argv[6]: 763
  argv[7]: --efs
  argv[8]: 500

Configuration:
  Base file: data_o/glove/base.txt
  Query file: data_o/glove/query.txt
  Truth file: data_o/glove/truth.txt
  K: 10
  M: 59
  Max layer: 7
  EFC: 763
  EFS: 500
  Threads: -1
  Debug: -1

HNSW parameters set.

Ablation flags: csr=0, prefetch=0, simd=0, pruning=0, heap=0

Loading base vectors...
✓ Base loaded in 2221.857420 ms

Loading query vectors...
✓ Queries loaded in 68.589917 ms

Loading ground truth...
✓ Truth loaded in 68.225498 ms

Data Summary:
  Dimension d=100, Base vectors=1183514, Queries=10000


Building HNSW index...
✓ Index built.
  build_time(local)=7710.532533 ms
  build_time(internal)=7705.717897 ms

Executing queries...

