========== HNSW Search Test ==========

Timestamp: Sat Dec  6 03:37:30 2025

Command line arguments:
  argv[0]: ./basic
  argv[1]: --base
  argv[2]: data_o/glove/base.txt
  argv[3]: --query
  argv[4]: data_o/glove/query.txt
  argv[5]: --truth
  argv[6]: data_o/glove/truth.txt
  argv[7]: --k
  argv[8]: 10
  argv[9]: --m
  argv[10]: 59
  argv[11]: --max_layer
  argv[12]: 7
  argv[13]: --efc
  argv[14]: 763
  argv[15]: --efs
  argv[16]: 40000
  argv[17]: --threads
  argv[18]: 32
  argv[19]: --debug
  argv[20]: 1

Configuration:
  Base file: data_o/glove/base.txt
  Query file: data_o/glove/query.txt
  Truth file: data_o/glove/truth.txt
  K: 10
  M: 59
  Max layer: 7
  EFC: 763
  EFS: 40000
  Threads: 32
  Debug: 1

HNSW parameters set.

Ablation flags: csr=0, prefetch=0, simd=0, pruning=0, heap=0

Loading base vectors...
✓ Base loaded in 4950.734798 ms

Loading query vectors...
✓ Queries loaded in 291.768020 ms

Loading ground truth...
✓ Truth loaded in 204.928326 ms

Data Summary:
  Dimension d=100, Base vectors=1183514, Queries=10000


Building HNSW index...
✓ Index built.
  build_time(local)=53800.219730 ms
  build_time(internal)=51849.361458 ms

Executing queries...

  Processed 1000 queries

  Processed 2000 queries

  Processed 3000 queries

  Processed 4000 queries

  Processed 5000 queries

  Processed 6000 queries

  Processed 7000 queries

  Processed 8000 queries

  Processed 9000 queries

  Processed 10000 queries


========== RESULTS ==========

Total queries: 10000

Average recall@10: 0.990760

Average query time: 12.323541 ms

Total query time: 123235.411942 ms


========== DISTANCE STATISTICS ==========

Total queries reported by index: 10000

Total distance computations: 403705225

Average distance ops per query: 40370.522500

Last query distance ops: 40475


========== PERFORMANCE SUMMARY ==========

Data loading time: 5447.431144 ms

Index build time: 51849.361458 ms

Query execution time: 123235.411942 ms

Total elapsed time: 182483.062816 ms


========== EFFICIENCY METRICS ==========

Queries per second: 81.145507

Distance ops per second: 3275886.521887


========== END OF LOG ==========

Log saved to: Log/run_20251206_033730_954.log

