========== HNSW Search Test ==========

Timestamp: Sat Dec  6 10:44:32 2025

Command line arguments:
  argv[0]: ./hng1
  argv[1]: --m
  argv[2]: 44
  argv[3]: --max_layer
  argv[4]: 4
  argv[5]: --efc
  argv[6]: 1409
  argv[7]: --efs
  argv[8]: 369

Configuration:
  Base file: data_o/glove/base.txt
  Query file: data_o/glove/query.txt
  Truth file: data_o/glove/truth.txt
  K: 10
  M: 44
  Max layer: 4
  EFC: 1409
  EFS: 369
  Threads: -1
  Debug: -1

HNSW parameters set.

Ablation flags: csr=0, prefetch=0, simd=0, pruning=0, heap=0

Loading base vectors...
✓ Base loaded in 2191.861267 ms

Loading query vectors...
✓ Queries loaded in 71.982640 ms

Loading ground truth...
✓ Truth loaded in 74.840962 ms

Data Summary:
  Dimension d=100, Base vectors=1183514, Queries=10000


Building HNSW index...
✓ Index built.
  build_time(local)=3895.449061 ms
  build_time(internal)=3890.367152 ms


========== GRAPH QUALITY ==========

  num_nodes: 1183514

  max_level (entry point): 3

  actual_max_layer: 3

  avg_degree_l0: 66.069076

  avg_degree_upper: 0.185795


  Layer Distribution:

    L0: 1183514 nodes (100.00%)

    L1: 26670 nodes (2.25%)

    L2: 635 nodes (0.05%)

    L3: 10 nodes (0.00%)



Executing queries...

  Processed 1000 queries

  Processed 2000 queries

  Processed 3000 queries

  Processed 4000 queries

  Processed 5000 queries

  Processed 6000 queries

  Processed 7000 queries

  Processed 8000 queries

  Processed 9000 queries

  Processed 10000 queries


========== RESULTS ==========

Total queries: 10000

Average recall@10: 0.980150

Average query time: 1.380656 ms

Total query time: 13806.556240 ms


========== DISTANCE STATISTICS ==========

Total queries reported by index: 10000

Total distance computations: 193778491

Average distance ops per query: 19377.849100

Last query distance ops: 16857


========== PERFORMANCE SUMMARY ==========

Data loading time: 2338.684869 ms

Index build time: 3890.367152 ms

Query execution time: 13806.556240 ms

Total elapsed time: 20040.690170 ms


========== EFFICIENCY METRICS ==========

Queries per second: 724.293577

Distance ops per second: 14035251.632017


========== END OF LOG ==========

Log saved to: Log/run_20251206_104432_537.log

