========== HNSW Search Test ==========

Timestamp: Thu Dec  4 02:02:45 2025

Command line arguments:
  argv[0]: ./hng1
  argv[1]: --m
  argv[2]: 57
  argv[3]: --max_layer
  argv[4]: 10
  argv[5]: --efc
  argv[6]: 757
  argv[7]: --efs
  argv[8]: 620

Configuration:
  Base file: data_o/glove/base.txt
  Query file: data_o/glove/query.txt
  Truth file: data_o/glove/truth.txt
  K: 10
  M: 57
  Max layer: 10
  EFC: 757
  EFS: 620
  Threads: -1
  Debug: -1

HNSW parameters set.

Ablation flags: csr=0, prefetch=0, simd=0, pruning=0, heap=0

Loading base vectors...
✓ Base loaded in 2073.629661 ms

Loading query vectors...
✓ Queries loaded in 70.264030 ms

Loading ground truth...
✓ Truth loaded in 67.962197 ms

Data Summary:
  Dimension d=100, Base vectors=1183514, Queries=10000


Building HNSW index...
✓ Index built.
  build_time(local)=3853.596099 ms
  build_time(internal)=3848.275147 ms


========== GRAPH QUALITY ==========

  num_nodes: 1183514

  max_level (entry point): 3

  actual_max_layer: 3

  avg_degree_l0: 60.061442

  avg_degree_upper: 0.162462


  Layer Distribution:

    L0: 1183514 nodes (100.00%)

    L1: 20701 nodes (1.75%)

    L2: 385 nodes (0.03%)

    L3: 2 nodes (0.00%)



Executing queries...

  Processed 1000 queries

  Processed 2000 queries

  Processed 3000 queries

  Processed 4000 queries

  Processed 5000 queries

  Processed 6000 queries

  Processed 7000 queries

  Processed 8000 queries

  Processed 9000 queries

  Processed 10000 queries


========== RESULTS ==========

Total queries: 10000

Average recall@10: 0.990700

Average query time: 2.069094 ms

Total query time: 20690.944929 ms


========== DISTANCE STATISTICS ==========

Total queries reported by index: 10000

Total distance computations: 292336433

Average distance ops per query: 29233.643300

Last query distance ops: 22273


========== PERFORMANCE SUMMARY ==========

Data loading time: 2211.855888 ms

Index build time: 3848.275147 ms

Query execution time: 20690.944929 ms

Total elapsed time: 26756.396916 ms


========== EFFICIENCY METRICS ==========

Queries per second: 483.303205

Distance ops per second: 14128713.502604


========== END OF LOG ==========

Log saved to: Log/run_20251204_020245_663.log

