========== HNSW Search Test ==========

Timestamp: Thu Dec  4 03:48:22 2025

Command line arguments:
  argv[0]: ./hng1
  argv[1]: --m
  argv[2]: 54
  argv[3]: --max_layer
  argv[4]: 8
  argv[5]: --efc
  argv[6]: 767
  argv[7]: --efs
  argv[8]: 680

Configuration:
  Base file: data_o/glove/base.txt
  Query file: data_o/glove/query.txt
  Truth file: data_o/glove/truth.txt
  K: 10
  M: 54
  Max layer: 8
  EFC: 767
  EFS: 680
  Threads: -1
  Debug: -1

HNSW parameters set.

Ablation flags: csr=0, prefetch=0, simd=0, pruning=0, heap=0

Loading base vectors...
✓ Base loaded in 3766.070765 ms

Loading query vectors...
✓ Queries loaded in 73.798323 ms

Loading ground truth...
✓ Truth loaded in 70.399745 ms

Data Summary:
  Dimension d=100, Base vectors=1183514, Queries=10000


Building HNSW index...
✓ Index built.
  build_time(local)=3894.019168 ms
  build_time(internal)=3888.622412 ms


========== GRAPH QUALITY ==========

  num_nodes: 1183514

  max_level (entry point): 3

  actual_max_layer: 3

  avg_degree_l0: 60.057630

  avg_degree_upper: 0.160550


  Layer Distribution:

    L0: 1183514 nodes (100.00%)

    L1: 21764 nodes (1.84%)

    L2: 413 nodes (0.03%)

    L3: 3 nodes (0.00%)



Executing queries...

  Processed 1000 queries

  Processed 2000 queries

  Processed 3000 queries

  Processed 4000 queries

  Processed 5000 queries

  Processed 6000 queries

  Processed 7000 queries

  Processed 8000 queries

  Processed 9000 queries

  Processed 10000 queries


========== RESULTS ==========

Total queries: 10000

Average recall@10: 0.992140

Average query time: 2.276587 ms

Total query time: 22765.871676 ms


========== DISTANCE STATISTICS ==========

Total queries reported by index: 10000

Total distance computations: 315079763

Average distance ops per query: 31507.976300

Last query distance ops: 23737


========== PERFORMANCE SUMMARY ==========

Data loading time: 3910.268833 ms

Index build time: 3888.622412 ms

Query execution time: 22765.871676 ms

Total elapsed time: 30570.159677 ms


========== EFFICIENCY METRICS ==========

Queries per second: 439.253991

Distance ops per second: 13840004.348797


========== END OF LOG ==========

Log saved to: Log/run_20251204_034822_551.log

