========== HNSW Search Test ==========

Timestamp: Sun Dec  7 10:28:48 2025

Command line arguments:
  argv[0]: ./hng2
  argv[1]: --m
  argv[2]: 64
  argv[3]: --max_layer
  argv[4]: 7
  argv[5]: --efc
  argv[6]: 1300
  argv[7]: --efs
  argv[8]: 600

Configuration:
  Base file: data_o/glove/base.txt
  Query file: data_o/glove/query.txt
  Truth file: data_o/glove/truth.txt
  K: 10
  M: 64
  Max layer: 7
  EFC: 1300
  EFS: 600
  Threads: -1
  Debug: -1

HNSW parameters set.

Ablation flags: csr=0, prefetch=0, simd=0, pruning=0, heap=0

Loading base vectors...
✓ Base loaded in 2027.423496 ms

Loading query vectors...
✓ Queries loaded in 64.071484 ms

Loading ground truth...
✓ Truth loaded in 63.334003 ms

Data Summary:
  Dimension d=100, Base vectors=1183514, Queries=10000


Building HNSW index...
✓ Index built.
  build_time(local)=4460.782415 ms
  build_time(internal)=4456.150211 ms


========== GRAPH QUALITY ==========

  num_nodes: 1183514

  max_level (entry point): 3

  actual_max_layer: 3

  avg_degree_l0: 91.460638

  avg_degree_upper: 0.127515


  Layer Distribution:

    L0: 1183514 nodes (100.00%)

    L1: 18522 nodes (1.57%)

    L2: 265 nodes (0.02%)

    L3: 3 nodes (0.00%)



Executing queries...

  Processed 1000 queries

  Processed 2000 queries

  Processed 3000 queries

  Processed 4000 queries

  Processed 5000 queries

  Processed 6000 queries

  Processed 7000 queries

  Processed 8000 queries

  Processed 9000 queries

  Processed 10000 queries


========== RESULTS ==========

Total queries: 10000

Average recall@10: 0.996120

Average query time: 3.423762 ms

Total query time: 34237.615427 ms


========== DISTANCE STATISTICS ==========

Total queries reported by index: 10000

Total distance computations: 425722675

Average distance ops per query: 42572.267500

Last query distance ops: 39625


========== PERFORMANCE SUMMARY ==========

Data loading time: 2154.828983 ms

Index build time: 4456.150211 ms

Query execution time: 34237.615427 ms

Total elapsed time: 40853.226825 ms


========== EFFICIENCY METRICS ==========

Queries per second: 292.076416

Distance ops per second: 12434355.304554


========== END OF LOG ==========

Log saved to: Log/run_20251207_102848_721.log

