========== HNSW Search Test ==========

Timestamp: Thu Dec  4 01:40:31 2025

Command line arguments:
  argv[0]: ./hng1
  argv[1]: --m
  argv[2]: 56
  argv[3]: --max_layer
  argv[4]: 13
  argv[5]: --efc
  argv[6]: 416
  argv[7]: --efs
  argv[8]: 680

Configuration:
  Base file: data_o/glove/base.txt
  Query file: data_o/glove/query.txt
  Truth file: data_o/glove/truth.txt
  K: 10
  M: 56
  Max layer: 13
  EFC: 416
  EFS: 680
  Threads: -1
  Debug: -1

HNSW parameters set.

Ablation flags: csr=0, prefetch=0, simd=0, pruning=0, heap=0

Loading base vectors...
✓ Base loaded in 2074.657113 ms

Loading query vectors...
✓ Queries loaded in 67.903626 ms

Loading ground truth...
✓ Truth loaded in 68.954362 ms

Data Summary:
  Dimension d=100, Base vectors=1183514, Queries=10000


Building HNSW index...
✓ Index built.
  build_time(local)=3547.668795 ms
  build_time(internal)=3543.063405 ms


========== GRAPH QUALITY ==========

  num_nodes: 1183514

  max_level (entry point): 3

  actual_max_layer: 3

  avg_degree_l0: 47.104209

  avg_degree_upper: 0.136393


  Layer Distribution:

    L0: 1183514 nodes (100.00%)

    L1: 21152 nodes (1.79%)

    L2: 369 nodes (0.03%)

    L3: 5 nodes (0.00%)



Executing queries...

  Processed 1000 queries

  Processed 2000 queries

  Processed 3000 queries

  Processed 4000 queries

  Processed 5000 queries

  Processed 6000 queries

  Processed 7000 queries

  Processed 8000 queries

  Processed 9000 queries

  Processed 10000 queries


========== RESULTS ==========

Total queries: 10000

Average recall@10: 0.987380

Average query time: 1.884436 ms

Total query time: 18844.362429 ms


========== DISTANCE STATISTICS ==========

Total queries reported by index: 10000

Total distance computations: 256595043

Average distance ops per query: 25659.504300

Last query distance ops: 19586


========== PERFORMANCE SUMMARY ==========

Data loading time: 2211.515101 ms

Index build time: 3543.063405 ms

Query execution time: 18844.362429 ms

Total elapsed time: 24603.546325 ms


========== EFFICIENCY METRICS ==========

Queries per second: 530.662687

Distance ops per second: 13616541.497054


========== END OF LOG ==========

Log saved to: Log/run_20251204_014031_895.log

