========== HNSW Search Test ==========

Timestamp: Fri Dec  5 22:11:50 2025

Command line arguments:
  argv[0]: ./basic
  argv[1]: --base
  argv[2]: data_o/glove/base.txt
  argv[3]: --query
  argv[4]: data_o/glove/query.txt
  argv[5]: --truth
  argv[6]: data_o/glove/truth.txt
  argv[7]: --k
  argv[8]: 10
  argv[9]: --m
  argv[10]: 59
  argv[11]: --max_layer
  argv[12]: 7
  argv[13]: --efc
  argv[14]: 763
  argv[15]: --efs
  argv[16]: 525
  argv[17]: --threads
  argv[18]: 16
  argv[19]: --debug
  argv[20]: 1

Configuration:
  Base file: data_o/glove/base.txt
  Query file: data_o/glove/query.txt
  Truth file: data_o/glove/truth.txt
  K: 10
  M: 59
  Max layer: 7
  EFC: 763
  EFS: 525
  Threads: 16
  Debug: 1

HNSW parameters set.

Ablation flags: csr=0, prefetch=0, simd=0, pruning=0, heap=0

Loading base vectors...
✓ Base loaded in 2369.226362 ms

Loading query vectors...
✓ Queries loaded in 149.313490 ms

Loading ground truth...
✓ Truth loaded in 146.970760 ms

Data Summary:
  Dimension d=100, Base vectors=1183514, Queries=10000


Building HNSW index...
✓ Index built.
  build_time(local)=8586.789572 ms
  build_time(internal)=8582.044406 ms

Executing queries...

  Processed 1000 queries

  Processed 2000 queries

  Processed 3000 queries

  Processed 4000 queries

  Processed 5000 queries

  Processed 6000 queries

  Processed 7000 queries

  Processed 8000 queries

  Processed 9000 queries

  Processed 10000 queries


========== RESULTS ==========

Total queries: 10000

Average recall@10: 0.987820

Average query time: 5.369720 ms

Total query time: 53697.202820 ms


========== DISTANCE STATISTICS ==========

Total queries reported by index: 10000

Total distance computations: 254318497

Average distance ops per query: 25431.849700

Last query distance ops: 19741


========== PERFORMANCE SUMMARY ==========

Data loading time: 2665.510612 ms

Index build time: 8582.044406 ms

Query execution time: 53697.202820 ms

Total elapsed time: 64949.503004 ms


========== EFFICIENCY METRICS ==========

Queries per second: 186.229440

Distance ops per second: 4736159.122711


========== END OF LOG ==========

Log saved to: Log/run_20251205_221150_616.log

