========== HNSW Search Test ==========

Timestamp: Sun Dec  7 15:23:58 2025

Command line arguments:
  argv[0]: ./hng3
  argv[1]: --m
  argv[2]: 59
  argv[3]: --max_layer
  argv[4]: 7
  argv[5]: --efc
  argv[6]: 763
  argv[7]: --efs
  argv[8]: 438

Configuration:
  Base file: data_o/glove/base.txt
  Query file: data_o/glove/query.txt
  Truth file: data_o/glove/truth.txt
  K: 10
  M: 59
  Max layer: 7
  EFC: 763
  EFS: 438
  Threads: -1
  Debug: -1

HNSW parameters set.

Ablation flags: csr=0, prefetch=0, simd=0, pruning=0, heap=0

Loading base vectors...
✓ Base loaded in 2894.131763 ms

Loading query vectors...
✓ Queries loaded in 68.142575 ms

Loading ground truth...
✓ Truth loaded in 67.754060 ms

Data Summary:
  Dimension d=100, Base vectors=1183514, Queries=10000


Building HNSW index...
✓ Index built.
  build_time(local)=4347.567531 ms
  build_time(internal)=4341.818408 ms

Executing queries...

  Processed 1000 queries

  Processed 2000 queries

  Processed 3000 queries

  Processed 4000 queries

  Processed 5000 queries

  Processed 6000 queries

  Processed 7000 queries

  Processed 8000 queries

  Processed 9000 queries

  Processed 10000 queries


========== RESULTS ==========

Total queries: 10000

Average recall@10: 0.990040

Average query time: 1.858798 ms

Total query time: 18587.983395 ms


========== DISTANCE STATISTICS ==========

Total queries reported by index: 10000

Total distance computations: 284604046

Average distance ops per query: 28460.404600

Last query distance ops: 28067


========== PERFORMANCE SUMMARY ==========

Data loading time: 3030.028398 ms

Index build time: 4341.818408 ms

Query execution time: 18587.983395 ms

Total elapsed time: 25965.579324 ms


========== EFFICIENCY METRICS ==========

Queries per second: 537.981974

Distance ops per second: 15311184.648280


========== END OF LOG ==========

Log saved to: Log/run_20251207_152358_278.log

