========== HNSW Search Test ==========

Timestamp: Sun Dec  7 18:26:35 2025

Command line arguments:
  argv[0]: ./hng3
  argv[1]: --m
  argv[2]: 51
  argv[3]: --max_layer
  argv[4]: 9
  argv[5]: --efc
  argv[6]: 1153
  argv[7]: --efs
  argv[8]: 448

Configuration:
  Base file: data_o/glove/base.txt
  Query file: data_o/glove/query.txt
  Truth file: data_o/glove/truth.txt
  K: 10
  M: 51
  Max layer: 9
  EFC: 1153
  EFS: 448
  Threads: -1
  Debug: -1

HNSW parameters set.

Ablation flags: csr=0, prefetch=0, simd=0, pruning=0, heap=0

Loading base vectors...
✓ Base loaded in 2089.035776 ms

Loading query vectors...
✓ Queries loaded in 68.002819 ms

Loading ground truth...
✓ Truth loaded in 68.748175 ms

Data Summary:
  Dimension d=100, Base vectors=1183514, Queries=10000


Building HNSW index...
✓ Index built.
  build_time(local)=4232.578621 ms
  build_time(internal)=4227.733514 ms

Executing queries...

  Processed 1000 queries

  Processed 2000 queries

  Processed 3000 queries

  Processed 4000 queries

  Processed 5000 queries

  Processed 6000 queries

  Processed 7000 queries

  Processed 8000 queries

  Processed 9000 queries

  Processed 10000 queries


========== RESULTS ==========

Total queries: 10000

Average recall@10: 0.989990

Average query time: 1.851266 ms

Total query time: 18512.662047 ms


========== DISTANCE STATISTICS ==========

Total queries reported by index: 10000

Total distance computations: 282098095

Average distance ops per query: 28209.809500

Last query distance ops: 26394


========== PERFORMANCE SUMMARY ==========

Data loading time: 2225.786770 ms

Index build time: 4227.733514 ms

Query execution time: 18512.662047 ms

Total elapsed time: 24971.027438 ms


========== EFFICIENCY METRICS ==========

Queries per second: 540.170829

Distance ops per second: 15238116.176043


========== END OF LOG ==========

Log saved to: Log/run_20251207_182635_521.log

