========== HNSW Search Test ==========

Timestamp: Wed Dec  3 23:09:41 2025

Command line arguments:
  argv[0]: ./hng1
  argv[1]: --m
  argv[2]: 51
  argv[3]: --max_layer
  argv[4]: 7
  argv[5]: --efc
  argv[6]: 603
  argv[7]: --efs
  argv[8]: 1040

Configuration:
  Base file: data_o/glove/base.txt
  Query file: data_o/glove/query.txt
  Truth file: data_o/glove/truth.txt
  K: 10
  M: 51
  Max layer: 7
  EFC: 603
  EFS: 1040
  Threads: -1
  Debug: -1

HNSW parameters set.

Ablation flags: csr=0, prefetch=0, simd=0, pruning=0, heap=0

Loading base vectors...
✓ Base loaded in 3160.945585 ms

Loading query vectors...
✓ Queries loaded in 83.044866 ms

Loading ground truth...
✓ Truth loaded in 88.685603 ms

Data Summary:
  Dimension d=100, Base vectors=1183514, Queries=10000


Building HNSW index...
✓ Index built.
  build_time(local)=4039.188506 ms
  build_time(internal)=4034.453161 ms


========== GRAPH QUALITY ==========

  num_nodes: 1183514

  max_level (entry point): 4

  actual_max_layer: 4

  avg_degree_l0: 54.802905

  avg_degree_upper: 0.159217


  Layer Distribution:

    L0: 1183514 nodes (100.00%)

    L1: 23243 nodes (1.96%)

    L2: 457 nodes (0.04%)

    L3: 15 nodes (0.00%)

    L4: 1 nodes (0.00%)



Executing queries...

  Processed 1000 queries

  Processed 2000 queries

  Processed 3000 queries

  Processed 4000 queries

  Processed 5000 queries

  Processed 6000 queries

  Processed 7000 queries

  Processed 8000 queries

  Processed 9000 queries

  Processed 10000 queries


========== RESULTS ==========

Total queries: 10000

Average recall@10: 0.995550

Average query time: 3.413354 ms

Total query time: 34133.539145 ms


========== DISTANCE STATISTICS ==========

Total queries reported by index: 10000

Total distance computations: 419067215

Average distance ops per query: 41906.721500

Last query distance ops: 30608


========== PERFORMANCE SUMMARY ==========

Data loading time: 3332.676054 ms

Index build time: 4034.453161 ms

Query execution time: 34133.539145 ms

Total elapsed time: 41505.403705 ms


========== EFFICIENCY METRICS ==========

Queries per second: 292.966984

Distance ops per second: 12277285.786856


========== END OF LOG ==========

Log saved to: Log/run_20251203_230941_189.log

