========== HNSW Search Test ==========

Timestamp: Sat Dec  6 08:18:21 2025

Command line arguments:
  argv[0]: ./hng1
  argv[1]: --m
  argv[2]: 82
  argv[3]: --max_layer
  argv[4]: 13
  argv[5]: --efc
  argv[6]: 985
  argv[7]: --efs
  argv[8]: 560

Configuration:
  Base file: data_o/glove/base.txt
  Query file: data_o/glove/query.txt
  Truth file: data_o/glove/truth.txt
  K: 10
  M: 82
  Max layer: 13
  EFC: 985
  EFS: 560
  Threads: -1
  Debug: -1

HNSW parameters set.

Ablation flags: csr=0, prefetch=0, simd=0, pruning=0, heap=0

Loading base vectors...
✓ Base loaded in 2534.436107 ms

Loading query vectors...
✓ Queries loaded in 84.096906 ms

Loading ground truth...
✓ Truth loaded in 83.311704 ms

Data Summary:
  Dimension d=100, Base vectors=1183514, Queries=10000


Building HNSW index...
✓ Index built.
  build_time(local)=3976.529284 ms
  build_time(internal)=3971.262838 ms


========== GRAPH QUALITY ==========

  num_nodes: 1183514

  max_level (entry point): 2

  actual_max_layer: 2

  avg_degree_l0: 66.098379

  avg_degree_upper: 0.122681


  Layer Distribution:

    L0: 1183514 nodes (100.00%)

    L1: 14480 nodes (1.22%)

    L2: 184 nodes (0.02%)



Executing queries...

  Processed 1000 queries

  Processed 2000 queries

  Processed 3000 queries

  Processed 4000 queries

  Processed 5000 queries

  Processed 6000 queries

  Processed 7000 queries

  Processed 8000 queries

  Processed 9000 queries

  Processed 10000 queries


========== RESULTS ==========

Total queries: 10000

Average recall@10: 0.991110

Average query time: 2.123122 ms

Total query time: 21231.219346 ms


========== DISTANCE STATISTICS ==========

Total queries reported by index: 10000

Total distance computations: 297021117

Average distance ops per query: 29702.111700

Last query distance ops: 22525


========== PERFORMANCE SUMMARY ==========

Data loading time: 2701.844717 ms

Index build time: 3971.262838 ms

Query execution time: 21231.219346 ms

Total elapsed time: 27909.593347 ms


========== EFFICIENCY METRICS ==========

Queries per second: 471.004507

Distance ops per second: 13989828.476618


========== END OF LOG ==========

Log saved to: Log/run_20251206_081821_006.log

