========== HNSW Search Test ==========

Timestamp: Fri Dec  5 15:15:55 2025

Command line arguments:
  argv[0]: ./hng

Configuration:
  Base file: data_o/glove/base.txt
  Query file: data_o/glove/query.txt
  Truth file: data_o/glove/truth.txt
  K: 10
  M: -1
  Max layer: -1
  EFC: -1
  EFS: -1
  Threads: -1
  Debug: -1

Ablation flags: csr=0, prefetch=0, simd=0, pruning=0, heap=0

Loading base vectors...
✓ Base loaded in 2364.690784 ms

Loading query vectors...
✓ Queries loaded in 68.814568 ms

Loading ground truth...
✓ Truth loaded in 69.811042 ms

Data Summary:
  Dimension d=100, Base vectors=1183514, Queries=10000


Building HNSW index...
✓ Index built.
  build_time(local)=24391.513272 ms
  build_time(internal)=24386.555647 ms


========== GRAPH QUALITY ==========

  num_nodes: 1183514

  max_level (entry point): 4

  actual_max_layer: 4

  avg_degree_l0: 43.897329

  avg_degree_upper: 0.208199


  Layer Distribution:

    L0: 1183514 nodes (100.00%)

    L1: 49434 nodes (4.18%)

    L2: 2096 nodes (0.18%)

    L3: 79 nodes (0.01%)

    L4: 5 nodes (0.00%)



Executing queries...

  Processed 1000 queries

  Processed 2000 queries

  Processed 3000 queries

  Processed 4000 queries

  Processed 5000 queries

  Processed 6000 queries

  Processed 7000 queries

  Processed 8000 queries

  Processed 9000 queries

  Processed 10000 queries


========== RESULTS ==========

Total queries: 10000

Average recall@10: 0.971300

Average query time: 1.469869 ms

Total query time: 14698.685533 ms


========== DISTANCE STATISTICS ==========

Total queries reported by index: 10000

Total distance computations: 160560445

Average distance ops per query: 16056.044500

Last query distance ops: 14673


========== PERFORMANCE SUMMARY ==========

Data loading time: 2503.316394 ms

Index build time: 24386.555647 ms

Query execution time: 14698.685533 ms

Total elapsed time: 41593.515199 ms


========== EFFICIENCY METRICS ==========

Queries per second: 680.332944

Distance ops per second: 10923456.021937


========== END OF LOG ==========

Log saved to: Log/run_20251205_151555_925.log

