========== HNSW Search Test ==========

Timestamp: Sat Dec  6 11:08:02 2025

Command line arguments:
  argv[0]: ./hng

Configuration:
  Base file: data_o/glove/base.txt
  Query file: data_o/glove/query.txt
  Truth file: data_o/glove/truth.txt
  K: 10
  M: -1
  Max layer: -1
  EFC: -1
  EFS: -1
  Threads: -1
  Debug: -1

Ablation flags: csr=0, prefetch=0, simd=0, pruning=0, heap=0

Loading base vectors...
✓ Base loaded in 2342.545817 ms

Loading query vectors...
✓ Queries loaded in 73.306511 ms

Loading ground truth...
✓ Truth loaded in 75.857157 ms

Data Summary:
  Dimension d=100, Base vectors=1183514, Queries=10000


Building HNSW index...
✓ Index built.
  build_time(local)=4411.978565 ms
  build_time(internal)=4406.034312 ms


========== GRAPH QUALITY ==========

  num_nodes: 1183514

  max_level (entry point): 3

  actual_max_layer: 3

  avg_degree_l0: 71.575383

  avg_degree_upper: 0.103061


  Layer Distribution:

    L0: 1183514 nodes (100.00%)

    L1: 14840 nodes (1.25%)

    L2: 186 nodes (0.02%)

    L3: 4 nodes (0.00%)



Executing queries...

  Processed 1000 queries

  Processed 2000 queries

  Processed 3000 queries

  Processed 4000 queries

  Processed 5000 queries

  Processed 6000 queries

  Processed 7000 queries

  Processed 8000 queries

  Processed 9000 queries

  Processed 10000 queries


========== RESULTS ==========

Total queries: 10000

Average recall@10: 0.980000

Average query time: 1.354591 ms

Total query time: 13545.914092 ms


========== DISTANCE STATISTICS ==========

Total queries reported by index: 10000

Total distance computations: 195087712

Average distance ops per query: 19508.771200

Last query distance ops: 15497


========== PERFORMANCE SUMMARY ==========

Data loading time: 2491.709485 ms

Index build time: 4406.034312 ms

Query execution time: 13545.914092 ms

Total elapsed time: 20449.602142 ms


========== EFFICIENCY METRICS ==========

Queries per second: 738.229988

Distance ops per second: 14401959.932347


========== END OF LOG ==========

Log saved to: Log/run_20251206_110802_382.log

