========== HNSW Search Test ==========

Timestamp: Fri Dec  5 17:19:08 2025

Command line arguments:
  argv[0]: ./hng

Configuration:
  Base file: data_o/glove/base.txt
  Query file: data_o/glove/query.txt
  Truth file: data_o/glove/truth.txt
  K: 10
  M: -1
  Max layer: -1
  EFC: -1
  EFS: -1
  Threads: -1
  Debug: -1

Ablation flags: csr=0, prefetch=0, simd=0, pruning=0, heap=0

Loading base vectors...
✓ Base loaded in 2305.111644 ms

Loading query vectors...
✓ Queries loaded in 68.370275 ms

Loading ground truth...
✓ Truth loaded in 73.864124 ms

Data Summary:
  Dimension d=100, Base vectors=1183514, Queries=10000


Building HNSW index...
✓ Index built.
  build_time(local)=2388375.799181 ms
  build_time(internal)=2388370.823134 ms


========== GRAPH QUALITY ==========

  num_nodes: 1183514

  max_level (entry point): 3

  actual_max_layer: 3

  avg_degree_l0: 10.919940

  avg_degree_upper: 0.039025


  Layer Distribution:

    L0: 1183514 nodes (100.00%)

    L1: 18531 nodes (1.57%)

    L2: 298 nodes (0.03%)

    L3: 5 nodes (0.00%)



Executing queries...

  Processed 1000 queries

  Processed 2000 queries

  Processed 3000 queries

  Processed 4000 queries

  Processed 5000 queries

  Processed 6000 queries

  Processed 7000 queries

  Processed 8000 queries

  Processed 9000 queries

  Processed 10000 queries


========== RESULTS ==========

Total queries: 10000

Average recall@10: 0.915080

Average query time: 1.985899 ms

Total query time: 19858.993556 ms


========== DISTANCE STATISTICS ==========

Total queries reported by index: 10000

Total distance computations: 173432524

Average distance ops per query: 17343.252400

Last query distance ops: 16169


========== PERFORMANCE SUMMARY ==========

Data loading time: 2447.346043 ms

Index build time: 2388370.823134 ms

Query execution time: 19858.993556 ms

Total elapsed time: 2410682.138780 ms


========== EFFICIENCY METRICS ==========

Queries per second: 503.550191

Distance ops per second: 8733198.060161


========== END OF LOG ==========

Log saved to: Log/run_20251205_171908_352.log

