========== HNSW Search Test ==========

Timestamp: Sun Dec  7 15:29:14 2025

Command line arguments:
  argv[0]: ./hng3
  argv[1]: --m
  argv[2]: 59
  argv[3]: --max_layer
  argv[4]: 7
  argv[5]: --efc
  argv[6]: 763
  argv[7]: --efs
  argv[8]: 440

Configuration:
  Base file: data_o/glove/base.txt
  Query file: data_o/glove/query.txt
  Truth file: data_o/glove/truth.txt
  K: 10
  M: 59
  Max layer: 7
  EFC: 763
  EFS: 440
  Threads: -1
  Debug: -1

HNSW parameters set.

Ablation flags: csr=0, prefetch=0, simd=0, pruning=0, heap=0

Loading base vectors...
✓ Base loaded in 2145.082638 ms

Loading query vectors...
✓ Queries loaded in 66.855045 ms

Loading ground truth...
✓ Truth loaded in 68.743837 ms

Data Summary:
  Dimension d=100, Base vectors=1183514, Queries=10000


Building HNSW index...
✓ Index built.
  build_time(local)=4327.497137 ms
  build_time(internal)=4322.041842 ms

Executing queries...

  Processed 1000 queries

  Processed 2000 queries

  Processed 3000 queries

  Processed 4000 queries

  Processed 5000 queries

  Processed 6000 queries

  Processed 7000 queries

  Processed 8000 queries

  Processed 9000 queries

  Processed 10000 queries


========== RESULTS ==========

Total queries: 10000

Average recall@10: 0.990150

Average query time: 1.879687 ms

Total query time: 18796.872928 ms


========== DISTANCE STATISTICS ==========

Total queries reported by index: 10000

Total distance computations: 285740374

Average distance ops per query: 28574.037400

Last query distance ops: 28180


========== PERFORMANCE SUMMARY ==========

Data loading time: 2280.681520 ms

Index build time: 4322.041842 ms

Query execution time: 18796.872928 ms

Total elapsed time: 25405.051585 ms


========== EFFICIENCY METRICS ==========

Queries per second: 532.003384

Distance ops per second: 15201484.581744


========== END OF LOG ==========

Log saved to: Log/run_20251207_152914_174.log

