========== HNSW Search Test ==========

========== HNSW Search Test ==========

Timestamp: Sat Dec  6 00:22:11 2025

Command line arguments:
Timestamp: Sat Dec  6 00:22:11 2025

  argv[0]: ./basic
Command line arguments:
  argv[1]: --base
  argv[0]: ./basic
  argv[2]: data_o/glove/base.txt
  argv[1]: --base
  argv[3]: --query
  argv[2]: data_o/glove/base.txt
  argv[4]: data_o/glove/query.txt
  argv[3]: --query
  argv[5]: --truth
  argv[4]: data_o/glove/query.txt
  argv[6]: data_o/glove/truth.txt
  argv[5]: --truth
  argv[7]: --k
  argv[6]: data_o/glove/truth.txt
  argv[8]: 10
  argv[7]: --k
  argv[9]: --m
  argv[8]: 10
  argv[10]: 59
  argv[9]: --m
  argv[11]: --max_layer
  argv[10]: 59
  argv[12]: 7
  argv[11]: --max_layer
  argv[13]: --efc
  argv[12]: 7
  argv[14]: 763
  argv[13]: --efc
  argv[15]: --efs
  argv[14]: 763
  argv[16]: 30000
  argv[15]: --efs
  argv[17]: --threads
  argv[16]: 50000
  argv[18]: 32
  argv[17]: --threads
  argv[19]: --debug
  argv[18]: 32
  argv[20]: 1
  argv[19]: --debug

Configuration:
  argv[20]: 1
  Base file: data_o/glove/base.txt

Configuration:
  Query file: data_o/glove/query.txt
  Base file: data_o/glove/base.txt
  Truth file: data_o/glove/truth.txt
  Query file: data_o/glove/query.txt
  K: 10
  Truth file: data_o/glove/truth.txt
  M: 59
  K: 10
  Max layer: 7
  M: 59
  EFC: 763
  Max layer: 7
  EFS: 30000
  EFC: 763
  Threads: 32
  EFS: 50000
  Debug: 1
  Threads: 32

  Debug: 1
HNSW parameters set.


Ablation flags: csr=0, prefetch=0, simd=0, pruning=0, heap=0

HNSW parameters set.

Loading base vectors...
Ablation flags: csr=0, prefetch=0, simd=0, pruning=0, heap=0

Loading base vectors...
✓ Base loaded in 7396.853155 ms

Loading query vectors...
✓ Base loaded in 7397.344352 ms

Loading query vectors...
✓ Queries loaded in 100.705212 ms

Loading ground truth...
✓ Queries loaded in 101.748541 ms

Loading ground truth...
✓ Truth loaded in 101.960891 ms

✓ Truth loaded in 101.181321 ms

Data Summary:
  Dimension d=100, Base vectors=1183514, Queries=10000


Data Summary:
  Dimension d=100, Base vectors=1183514, Queries=10000


Building HNSW index...
Building HNSW index...
✓ Index built.
  build_time(local)=15592.972765 ms
  build_time(internal)=14908.620356 ms

Executing queries...

✓ Index built.
  build_time(local)=15595.941756 ms
  build_time(internal)=14911.956632 ms

Executing queries...

  Processed 1000 queries

  Processed 1000 queries

  Processed 2000 queries

  Processed 3000 queries

  Processed 2000 queries

  Processed 4000 queries

  Processed 5000 queries

  Processed 3000 queries

  Processed 6000 queries

  Processed 7000 queries

  Processed 4000 queries

  Processed 8000 queries

  Processed 9000 queries

  Processed 5000 queries

  Processed 10000 queries


========== RESULTS ==========

Total queries: 10000

Average recall@10: 0.984370

Average query time: 8.031665 ms

Total query time: 80316.650630 ms


========== DISTANCE STATISTICS ==========

Total queries reported by index: 10000

Total distance computations: 303711666

Average distance ops per query: 30371.166600

Last query distance ops: 30460


========== PERFORMANCE SUMMARY ==========

Data loading time: 7600.010455 ms

Index build time: 14908.620356 ms

Query execution time: 80316.650630 ms

Total elapsed time: 103509.633850 ms


========== EFFICIENCY METRICS ==========

Queries per second: 124.507184

Distance ops per second: 3781428.428821


========== END OF LOG ==========

Log saved to: Log/run_20251206_002211_331.log

  Processed 6000 queries

  Processed 7000 queries

  Processed 8000 queries

  Processed 9000 queries

  Processed 10000 queries


========== RESULTS ==========

Total queries: 10000

Average recall@10: 0.994180

Average query time: 15.565725 ms

Total query time: 155657.247533 ms


========== DISTANCE STATISTICS ==========

Total queries reported by index: 10000

Total distance computations: 503694662

Average distance ops per query: 50369.466200

Last query distance ops: 50449


========== PERFORMANCE SUMMARY ==========

Data loading time: 7599.783017 ms

Index build time: 14911.956632 ms

Query execution time: 155657.247533 ms

Total elapsed time: 178852.972306 ms


========== EFFICIENCY METRICS ==========

Queries per second: 64.243716

Distance ops per second: 3235921.680378


========== END OF LOG ==========

Log saved to: Log/run_20251206_002211_331.log

