   [START] m=67, ml=6, efc=985, efs=350
[ERR] Loaded base from binary cache: data_o/glove/base.txt.bin
[OUT] ========== HNSW Search Test ==========
[OUT] 
[OUT] Timestamp: Sat Dec  6 09:34:53 2025
[OUT] 
[OUT] Command line arguments:
[OUT]   argv[0]: ./hng1
[OUT]   argv[1]: --m
[OUT]   argv[2]: 67
[OUT]   argv[3]: --max_layer
[OUT]   argv[4]: 6
[OUT]   argv[5]: --efc
[OUT]   argv[6]: 985
[OUT]   argv[7]: --efs
[OUT]   argv[8]: 350
[OUT] 
[OUT] Configuration:
[OUT]   Base file: data_o/glove/base.txt
[OUT]   Query file: data_o/glove/query.txt
[OUT]   Truth file: data_o/glove/truth.txt
[OUT]   K: 10
[OUT]   M: 67
[OUT]   Max layer: 6
[OUT]   EFC: 985
[OUT]   EFS: 350
[OUT]   Threads: -1
[OUT]   Debug: -1
[OUT] 
[OUT] HNSW parameters set.
[OUT] 
[OUT] Ablation flags: csr=0, prefetch=0, simd=0, pruning=0, heap=0
[OUT] 
[OUT] Loading base vectors...
[OUT] ✓ Base loaded in 2198.028178 ms
[OUT] 
[OUT] Loading query vectors...
[ERR] Loaded queries from binary cache: data_o/glove/query.txt.bin
[OUT] ✓ Queries loaded in 68.075055 ms
[OUT] 
[OUT] Loading ground truth...
[ERR] Loaded truth from binary cache: data_o/glove/truth.txt.bin
[OUT] ✓ Truth loaded in 66.849652 ms
[OUT] 
[OUT] Data Summary:
[OUT]   Dimension d=100, Base vectors=1183514, Queries=10000
[OUT] 
[OUT] 
[OUT] Building HNSW index...
[OUT] [Cache] Loaded index from: cache/hnsw_n1183514_d100_M67_L6_efc985.idx
[OUT] [Cache] Load time: 3870.21 ms
[OUT] ✓ Index built.
[OUT]   build_time(local)=3875.195158 ms
[OUT]   build_time(internal)=3870.209660 ms
[OUT] 
[OUT] 
[OUT] ========== GRAPH QUALITY ==========
[OUT] 
[OUT]   num_nodes: 1183514
[OUT] 
[OUT]   max_level (entry point): 3
[OUT] 
[OUT]   actual_max_layer: 3
[OUT] 
[OUT]   avg_degree_l0: 65.869713
[OUT] 
[OUT]   avg_degree_upper: 0.106636
[OUT] 
[OUT] 
[OUT]   Layer Distribution:
[OUT] 
[OUT]     L0: 1183514 nodes (100.00%)
[OUT] 
[OUT]     L1: 17554 nodes (1.48%)
[OUT] 
[OUT]     L2: 268 nodes (0.02%)
[OUT] 
[OUT]     L3: 5 nodes (0.00%)
[OUT] 
[OUT] 
[OUT] 
[OUT] Executing queries...
[OUT] 
[OUT]   Processed 1000 queries
[OUT] 
[OUT]   Processed 2000 queries
[OUT] 
[OUT]   Processed 3000 queries
[OUT] 
[OUT]   Processed 4000 queries
[OUT] 
[OUT]   Processed 5000 queries
[OUT] 
[OUT]   Processed 6000 queries
[OUT] 
[OUT]   Processed 7000 queries
[OUT] 
[OUT]   Processed 8000 queries
[OUT] 
[OUT]   Processed 9000 queries
[OUT] 
[OUT]   Processed 10000 queries
[OUT] 
[OUT] 
[OUT] ========== RESULTS ==========
[OUT] 
[OUT] Total queries: 10000
[OUT] 
[OUT] Average recall@10: 0.978960
[OUT] 
[OUT] Average query time: 1.326228 ms
[OUT] 
[OUT] Total query time: 13262.278422 ms
[OUT] 
[OUT] 
[OUT] ========== DISTANCE STATISTICS ==========
[OUT] 
[OUT] Total queries reported by index: 10000
[OUT] 
[OUT] Total distance computations: 194516542
[OUT] 
[OUT] Average distance ops per query: 19451.654300
[OUT] 
[OUT] Last query distance ops: 15493
[OUT] 
[OUT] 
[OUT] ========== PERFORMANCE SUMMARY ==========
[OUT] 
[OUT] Data loading time: 2332.952885 ms
[OUT] 
[OUT] Index build time: 3870.209660 ms
[OUT] 
[OUT] Query execution time: 13262.278422 ms
[OUT] 
[OUT] Total elapsed time: 19470.426465 ms
[OUT] 
[OUT] 
[OUT] ========== EFFICIENCY METRICS ==========
[OUT] 
[OUT] Queries per second: 754.018253
[OUT] 
[OUT] Distance ops per second: 14666902.383630
[OUT] 
[OUT] 
[OUT] ========== END OF LOG ==========
[OUT] 
[OUT] Log saved to: Log/run_20251206_093453_762.log
[OUT] 
   [RESULT] Rec=0.9790 Time=1.3262ms
