   [START] m=57, ml=10, efc=607, efs=2000
[OUT] ========== HNSW Search Test ==========
[OUT] 
[OUT] Timestamp: Thu Dec  4 06:36:27 2025
[OUT] 
[OUT] Command line arguments:
[OUT]   argv[0]: ./hng1
[OUT]   argv[1]: --m
[OUT]   argv[2]: 57
[OUT]   argv[3]: --max_layer
[OUT]   argv[4]: 10
[OUT]   argv[5]: --efc
[OUT]   argv[6]: 607
[OUT]   argv[7]: --efs
[OUT]   argv[8]: 2000
[OUT] 
[OUT] Configuration:
[OUT]   Base file: data_o/glove/base.txt
[OUT]   Query file: data_o/glove/query.txt
[OUT]   Truth file: data_o/glove/truth.txt
[OUT]   K: 10
[OUT]   M: 57
[OUT]   Max layer: 10
[OUT]   EFC: 607
[OUT]   EFS: 2000
[OUT]   Threads: -1
[OUT]   Debug: -1
[OUT] 
[OUT] HNSW parameters set.
[OUT] 
[OUT] Ablation flags: csr=0, prefetch=0, simd=0, pruning=0, heap=0
[OUT] 
[OUT] Loading base vectors...
[ERR] Loaded base from binary cache: data_o/glove/base.txt.bin
[OUT] ✓ Base loaded in 2084.058381 ms
[OUT] 
[OUT] Loading query vectors...
[ERR] Loaded queries from binary cache: data_o/glove/query.txt.bin
[OUT] ✓ Queries loaded in 69.202081 ms
[OUT] 
[OUT] Loading ground truth...
[ERR] Loaded truth from binary cache: data_o/glove/truth.txt.bin
[OUT] ✓ Truth loaded in 70.324223 ms
[OUT] 
[OUT] Data Summary:
[OUT]   Dimension d=100, Base vectors=1183514, Queries=10000
[OUT] 
[OUT] 
[OUT] Building HNSW index...
[OUT] [Cache] Cache miss, building index...
[OUT] [Progress] 123001/1183514 (10.4%) Time: 13525.10 ms
[OUT] [Progress] 243001/1183514 (20.5%) Time: 57567.54 ms
[OUT] [Progress] 362001/1183514 (30.6%) Time: 116599.72 ms
[OUT] [Progress] 481001/1183514 (40.6%) Time: 186159.15 ms
[OUT] [Progress] 601001/1183514 (50.8%) Time: 261224.15 ms
[OUT] [Progress] 721001/1183514 (60.9%) Time: 343285.59 ms
[OUT] [Progress] 840001/1183514 (71.0%) Time: 427846.32 ms
[OUT] [Progress] 960001/1183514 (81.1%) Time: 515412.21 ms
[OUT] [Progress] 1081001/1183514 (91.3%) Time: 608965.91 ms
[OUT] [Timing] Parallel Build: 676011.84 ms for 1183514 points.
[OUT] [FlatConvert] Starting conversion for 1183514 nodes, dim=100
[OUT] [Reorder] Generated DFS mapping for 1183514 nodes.
[OUT] [FlatConvert] Reorder enabled, enter_point=0, max_level=4
[OUT] [FlatConvert] Allocating data array: 118351400 floats (451 MB)
[OUT] [FlatConvert] Copying vector data...
[OUT] [FlatConvert] Vector data copied.
[OUT] [FlatConvert] Building L0 CSR structure...
[OUT] [FlatConvert] Total L0 links: 65554915
[OUT] [FlatConvert] L0 CSR built, actual links: 65554915
[OUT] [FlatConvert] Building upper layer structure, max_level=4
[OUT] [FlatHNSW-CSR] Converted & Reordered 1183514 nodes.
[OUT] [Timing] Flat Conversion: 8884.49 ms
[OUT] [Cache] Saved index to: cache/hnsw_n1183514_d100_M57_L10_efc607.idx
[OUT] [Cache] Save time: 3315.23 ms
[OUT] ✓ Index built.
[OUT]   build_time(local)=689934.893859 ms
[OUT]   build_time(internal)=676011.840264 ms
[OUT] 
[OUT] 
[OUT] ========== GRAPH QUALITY ==========
[OUT] 
[OUT]   num_nodes: 1183514
[OUT] 
[OUT]   max_level (entry point): 4
[OUT] 
[OUT]   actual_max_layer: 4
[OUT] 
[OUT]   avg_degree_l0: 55.390063
[OUT] 
[OUT]   avg_degree_upper: 0.121430
[OUT] 
[OUT] 
[OUT]   Layer Distribution:
[OUT] 
[OUT]     L0: 1183514 nodes (100.00%)
[OUT] 
[OUT]     L1: 20752 nodes (1.75%)
[OUT] 
[OUT]     L2: 385 nodes (0.03%)
[OUT] 
[OUT]     L3: 10 nodes (0.00%)
[OUT] 
[OUT]     L4: 1 nodes (0.00%)
[OUT] 
[OUT] 
[OUT] 
[OUT] Executing queries...
[OUT] 
[OUT]   Processed 1000 queries
[OUT] 
[OUT]   Processed 2000 queries
[OUT] 
[OUT]   Processed 3000 queries
[OUT] 
[OUT]   Processed 4000 queries
[OUT] 
[OUT]   Processed 5000 queries
[OUT] 
[OUT]   Processed 6000 queries
[OUT] 
[OUT]   Processed 7000 queries
[OUT] 
[OUT]   Processed 8000 queries
[OUT] 
[OUT]   Processed 9000 queries
[OUT] 
[OUT]   Processed 10000 queries
[OUT] 
[OUT] 
[OUT] ========== RESULTS ==========
[OUT] 
[OUT] Total queries: 10000
[OUT] 
[OUT] Average recall@10: 0.998760
[OUT] 
[OUT] Average query time: 5.979280 ms
[OUT] 
[OUT] Total query time: 59792.800069 ms
[OUT] 
[OUT] 
[OUT] ========== DISTANCE STATISTICS ==========
[OUT] 
[OUT] Total queries reported by index: 10000
[OUT] 
[OUT] Total distance computations: 746576903
[OUT] 
[OUT] Average distance ops per query: 74657.690300
[OUT] 
[OUT] Last query distance ops: 50568
[OUT] 
[OUT] 
[OUT] ========== PERFORMANCE SUMMARY ==========
[OUT] 
[OUT] Data loading time: 2223.584685 ms
[OUT] 
[OUT] Index build time: 676011.840264 ms
[OUT] 
[OUT] Query execution time: 59792.800069 ms
[OUT] 
[OUT] Total elapsed time: 751951.278613 ms
[OUT] 
[OUT] 
[OUT] ========== EFFICIENCY METRICS ==========
[OUT] 
[OUT] Queries per second: 167.244217
[OUT] 
[OUT] Distance ops per second: 12486066.920072
[OUT] 
[OUT] 
[OUT] ========== END OF LOG ==========
[OUT] 
[OUT] Log saved to: Log/run_20251204_063627_596.log
[OUT] 
   [RESULT] Rec=0.9988 Time=5.9793ms
