   [START] m=82, ml=13, efc=985, efs=2000
[OUT] ========== HNSW Search Test ==========
[OUT] 
[OUT] Timestamp: Sat Dec  6 07:54:07 2025
[OUT] 
[OUT] Command line arguments:
[OUT]   argv[0]: ./hng1
[OUT]   argv[1]: --m
[OUT]   argv[2]: 82
[OUT]   argv[3]: --max_layer
[OUT]   argv[4]: 13
[OUT]   argv[5]: --efc
[OUT]   argv[6]: 985
[OUT]   argv[7]: --efs
[OUT]   argv[8]: 2000
[OUT] 
[OUT] Configuration:
[OUT]   Base file: data_o/glove/base.txt
[OUT]   Query file: data_o/glove/query.txt
[OUT]   Truth file: data_o/glove/truth.txt
[OUT]   K: 10
[OUT]   M: 82
[OUT]   Max layer: 13
[OUT]   EFC: 985
[OUT]   EFS: 2000
[OUT]   Threads: -1
[OUT]   Debug: -1
[OUT] 
[OUT] HNSW parameters set.
[OUT] 
[OUT] Ablation flags: csr=0, prefetch=0, simd=0, pruning=0, heap=0
[OUT] 
[OUT] Loading base vectors...
[ERR] Loaded base from binary cache: data_o/glove/base.txt.bin
[OUT] ✓ Base loaded in 2161.368910 ms
[OUT] 
[OUT] Loading query vectors...
[ERR] Loaded queries from binary cache: data_o/glove/query.txt.bin
[OUT] ✓ Queries loaded in 69.117729 ms
[OUT] 
[OUT] Loading ground truth...
[ERR] Loaded truth from binary cache: data_o/glove/truth.txt.bin
[OUT] ✓ Truth loaded in 70.084289 ms
[OUT] 
[OUT] Data Summary:
[OUT]   Dimension d=100, Base vectors=1183514, Queries=10000
[OUT] 
[OUT] 
[OUT] Building HNSW index...
[OUT] [Cache] Cache miss, building index...
[OUT] [Progress] 125001/1183514 (10.6%) Time: 26334.28 ms
[OUT] [Progress] 244001/1183514 (20.6%) Time: 107036.35 ms
[OUT] [Progress] 363001/1183514 (30.7%) Time: 222237.99 ms
[OUT] [Progress] 482001/1183514 (40.7%) Time: 350527.39 ms
[OUT] [Progress] 601001/1183514 (50.8%) Time: 493545.35 ms
[OUT] [Progress] 721001/1183514 (60.9%) Time: 657118.67 ms
[OUT] [Progress] 840001/1183514 (71.0%) Time: 824243.69 ms
[OUT] [Progress] 959001/1183514 (81.0%) Time: 995087.04 ms
[OUT] [Progress] 1078001/1183514 (91.1%) Time: 1173174.15 ms
[OUT] [Timing] Parallel Build: 1308712.23 ms for 1183514 points.
[OUT] [FlatConvert] Starting conversion for 1183514 nodes, dim=100
[OUT] [Reorder] Generated DFS mapping for 1183514 nodes.
[OUT] [FlatConvert] Reorder enabled, enter_point=0, max_level=2
[OUT] [FlatConvert] Allocating data array: 118351400 floats (451 MB)
[OUT] [FlatConvert] Copying vector data...
[OUT] [FlatConvert] Vector data copied.
[OUT] [FlatConvert] Building L0 CSR structure...
[OUT] [FlatConvert] Total L0 links: 78228357
[OUT] [FlatConvert] L0 CSR built, actual links: 78228357
[OUT] [FlatConvert] Building upper layer structure, max_level=2
[OUT] [FlatHNSW-CSR] Converted & Reordered 1183514 nodes.
[OUT] [Timing] Flat Conversion: 16443.82 ms
[OUT] [Cache] Saved index to: cache/hnsw_n1183514_d100_M82_L13_efc985.idx
[OUT] [Cache] Save time: 4380.16 ms
[OUT] ✓ Index built.
[OUT]   build_time(local)=1385452.809125 ms
[OUT]   build_time(internal)=1308712.234579 ms
[OUT] 
[OUT] 
[OUT] ========== GRAPH QUALITY ==========
[OUT] 
[OUT]   num_nodes: 1183514
[OUT] 
[OUT]   max_level (entry point): 2
[OUT] 
[OUT]   actual_max_layer: 2
[OUT] 
[OUT]   avg_degree_l0: 66.098379
[OUT] 
[OUT]   avg_degree_upper: 0.122681
[OUT] 
[OUT] 
[OUT]   Layer Distribution:
[OUT] 
[OUT]     L0: 1183514 nodes (100.00%)
[OUT] 
[OUT]     L1: 14480 nodes (1.22%)
[OUT] 
[OUT]     L2: 184 nodes (0.02%)
[OUT] 
[OUT] 
[OUT] 
[OUT] Executing queries...
[OUT] 
[OUT]   Processed 1000 queries
[OUT] 
[OUT]   Processed 2000 queries
[OUT] 
[OUT]   Processed 3000 queries
[OUT] 
[OUT]   Processed 4000 queries
[OUT] 
[OUT]   Processed 5000 queries
[OUT] 
[OUT]   Processed 6000 queries
[OUT] 
[OUT]   Processed 7000 queries
[OUT] 
[OUT]   Processed 8000 queries
[OUT] 
[OUT]   Processed 9000 queries
[OUT] 
[OUT]   Processed 10000 queries
[OUT] 
[OUT] 
[OUT] ========== RESULTS ==========
[OUT] 
[OUT] Total queries: 10000
[OUT] 
[OUT] Average recall@10: 0.999350
[OUT] 
[OUT] Average query time: 7.365744 ms
[OUT] 
[OUT] Total query time: 73657.435014 ms
[OUT] 
[OUT] 
[OUT] ========== DISTANCE STATISTICS ==========
[OUT] 
[OUT] Total queries reported by index: 10000
[OUT] 
[OUT] Total distance computations: 882435114
[OUT] 
[OUT] Average distance ops per query: 88243.511400
[OUT] 
[OUT] Last query distance ops: 59079
[OUT] 
[OUT] 
[OUT] ========== PERFORMANCE SUMMARY ==========
[OUT] 
[OUT] Data loading time: 2300.570928 ms
[OUT] 
[OUT] Index build time: 1308712.234579 ms
[OUT] 
[OUT] Query execution time: 73657.435014 ms
[OUT] 
[OUT] Total elapsed time: 1461410.815067 ms
[OUT] 
[OUT] 
[OUT] ========== EFFICIENCY METRICS ==========
[OUT] 
[OUT] Queries per second: 135.763620
[OUT] 
[OUT] Distance ops per second: 11980258.528311
[OUT] 
[OUT] 
[OUT] ========== END OF LOG ==========
[OUT] 
[OUT] Log saved to: Log/run_20251206_075407_594.log
[OUT] 
   [RESULT] Rec=0.9993 Time=7.3657ms
