   [START] m=41, ml=8, efc=93, efs=2000
[OUT] ========== HNSW Search Test ==========
[OUT] 
[OUT] Timestamp: Thu Dec  4 11:21:26 2025
[OUT] 
[OUT] Command line arguments:
[OUT]   argv[0]: ./hng1
[OUT]   argv[1]: --m
[OUT]   argv[2]: 41
[OUT]   argv[3]: --max_layer
[OUT]   argv[4]: 8
[OUT]   argv[5]: --efc
[OUT]   argv[6]: 93
[OUT]   argv[7]: --efs
[OUT]   argv[8]: 2000
[OUT] 
[OUT] Configuration:
[OUT]   Base file: data_o/glove/base.txt
[OUT]   Query file: data_o/glove/query.txt
[OUT]   Truth file: data_o/glove/truth.txt
[OUT]   K: 10
[OUT]   M: 41
[OUT]   Max layer: 8
[OUT]   EFC: 93
[OUT]   EFS: 2000
[OUT]   Threads: -1
[OUT]   Debug: -1
[OUT] 
[OUT] HNSW parameters set.
[OUT] 
[OUT] Ablation flags: csr=0, prefetch=0, simd=0, pruning=0, heap=0
[OUT] 
[OUT] Loading base vectors...
[ERR] Loaded base from binary cache: data_o/glove/base.txt.bin
[OUT] ✓ Base loaded in 2057.857973 ms
[OUT] 
[OUT] Loading query vectors...
[ERR] Loaded queries from binary cache: data_o/glove/query.txt.bin
[OUT] ✓ Queries loaded in 69.467822 ms
[OUT] 
[OUT] Loading ground truth...
[ERR] Loaded truth from binary cache: data_o/glove/truth.txt.bin
[OUT] ✓ Truth loaded in 68.293631 ms
[OUT] 
[OUT] Data Summary:
[OUT]   Dimension d=100, Base vectors=1183514, Queries=10000
[OUT] 
[OUT] 
[OUT] Building HNSW index...
[OUT] [Cache] Cache miss, building index...
[OUT] [Progress] 130001/1183514 (11.0%) Time: 2026.20 ms
[OUT] [Progress] 252001/1183514 (21.3%) Time: 5527.36 ms
[OUT] [Progress] 380001/1183514 (32.1%) Time: 10529.11 ms
[OUT] [Progress] 499001/1183514 (42.2%) Time: 16030.47 ms
[OUT] [Progress] 625001/1183514 (52.8%) Time: 22032.85 ms
[OUT] [Progress] 753001/1183514 (63.6%) Time: 28538.62 ms
[OUT] [Progress] 872001/1183514 (73.7%) Time: 35046.65 ms
[OUT] [Progress] 1000001/1183514 (84.5%) Time: 42050.24 ms
[OUT] [Progress] 1121001/1183514 (94.7%) Time: 49056.30 ms
[OUT] [Timing] Parallel Build: 52058.49 ms for 1183514 points.
[OUT] [FlatConvert] Starting conversion for 1183514 nodes, dim=100
[OUT] [Reorder] Generated DFS mapping for 1183514 nodes.
[OUT] [FlatConvert] Reorder enabled, enter_point=0, max_level=3
[OUT] [FlatConvert] Allocating data array: 118351400 floats (451 MB)
[OUT] [FlatConvert] Copying vector data...
[OUT] [FlatConvert] Vector data copied.
[OUT] [FlatConvert] Building L0 CSR structure...
[OUT] [FlatConvert] Total L0 links: 23690580
[OUT] [FlatConvert] L0 CSR built, actual links: 23690580
[OUT] [FlatConvert] Building upper layer structure, max_level=3
[OUT] [FlatHNSW-CSR] Converted & Reordered 1183514 nodes.
[OUT] [Timing] Flat Conversion: 4432.15 ms
[OUT] [Cache] Saved index to: cache/hnsw_n1183514_d100_M41_L8_efc93.idx
[OUT] [Cache] Save time: 2572.59 ms
[OUT] ✓ Index built.
[OUT]   build_time(local)=60529.021129 ms
[OUT]   build_time(internal)=52058.485218 ms
[OUT] 
[OUT] 
[OUT] ========== GRAPH QUALITY ==========
[OUT] 
[OUT]   num_nodes: 1183514
[OUT] 
[OUT]   max_level (entry point): 3
[OUT] 
[OUT]   actual_max_layer: 3
[OUT] 
[OUT]   avg_degree_l0: 20.017152
[OUT] 
[OUT]   avg_degree_upper: 0.116904
[OUT] 
[OUT] 
[OUT]   Layer Distribution:
[OUT] 
[OUT]     L0: 1183514 nodes (100.00%)
[OUT] 
[OUT]     L1: 28805 nodes (2.43%)
[OUT] 
[OUT]     L2: 697 nodes (0.06%)
[OUT] 
[OUT]     L3: 18 nodes (0.00%)
[OUT] 
[OUT] 
[OUT] 
[OUT] Executing queries...
[OUT] 
[OUT]   Processed 1000 queries
[OUT] 
[OUT]   Processed 2000 queries
[OUT] 
[OUT]   Processed 3000 queries
[OUT] 
[OUT]   Processed 4000 queries
[OUT] 
[OUT]   Processed 5000 queries
[OUT] 
[OUT]   Processed 6000 queries
[OUT] 
[OUT]   Processed 7000 queries
[OUT] 
[OUT]   Processed 8000 queries
[OUT] 
[OUT]   Processed 9000 queries
[OUT] 
[OUT]   Processed 10000 queries
[OUT] 
[OUT] 
[OUT] ========== RESULTS ==========
[OUT] 
[OUT] Total queries: 10000
[OUT] 
[OUT] Average recall@10: 0.978250
[OUT] 
[OUT] Average query time: 3.078866 ms
[OUT] 
[OUT] Total query time: 30788.661003 ms
[OUT] 
[OUT] 
[OUT] ========== DISTANCE STATISTICS ==========
[OUT] 
[OUT] Total queries reported by index: 10000
[OUT] 
[OUT] Total distance computations: 324873130
[OUT] 
[OUT] Average distance ops per query: 32487.313000
[OUT] 
[OUT] Last query distance ops: 26668
[OUT] 
[OUT] 
[OUT] ========== PERFORMANCE SUMMARY ==========
[OUT] 
[OUT] Data loading time: 2195.619426 ms
[OUT] 
[OUT] Index build time: 52058.485218 ms
[OUT] 
[OUT] Query execution time: 30788.661003 ms
[OUT] 
[OUT] Total elapsed time: 93513.301558 ms
[OUT] 
[OUT] 
[OUT] ========== EFFICIENCY METRICS ==========
[OUT] 
[OUT] Queries per second: 324.794898
[OUT] 
[OUT] Distance ops per second: 10551713.501550
[OUT] 
[OUT] 
[OUT] ========== END OF LOG ==========
[OUT] 
[OUT] Log saved to: Log/run_20251204_112126_347.log
[OUT] 
   [RESULT] Rec=0.9782 Time=3.0789ms
