   [START] m=41, ml=5, efc=1183, efs=2000
[OUT] ========== HNSW Search Test ==========
[OUT] 
[ERR] Loaded base from binary cache: data_o/glove/base.txt.bin
[OUT] Timestamp: Sun Dec  7 16:06:57 2025
[OUT] 
[OUT] Command line arguments:
[OUT]   argv[0]: ./hng3
[OUT]   argv[1]: --m
[OUT]   argv[2]: 41
[OUT]   argv[3]: --max_layer
[OUT]   argv[4]: 5
[OUT]   argv[5]: --efc
[OUT]   argv[6]: 1183
[OUT]   argv[7]: --efs
[OUT]   argv[8]: 2000
[OUT] 
[OUT] Configuration:
[OUT]   Base file: data_o/glove/base.txt
[OUT]   Query file: data_o/glove/query.txt
[OUT]   Truth file: data_o/glove/truth.txt
[OUT]   K: 10
[OUT]   M: 41
[OUT]   Max layer: 5
[OUT]   EFC: 1183
[OUT]   EFS: 2000
[OUT]   Threads: -1
[OUT]   Debug: -1
[OUT] 
[OUT] HNSW parameters set.
[OUT] 
[OUT] Ablation flags: csr=0, prefetch=0, simd=0, pruning=0, heap=0
[OUT] 
[OUT] Loading base vectors...
[OUT] ✓ Base loaded in 2776.260531 ms
[ERR] Loaded queries from binary cache: data_o/glove/query.txt.bin
[OUT] 
[OUT] Loading query vectors...
[OUT] ✓ Queries loaded in 67.915518 ms
[OUT] 
[OUT] Loading ground truth...
[ERR] Loaded truth from binary cache: data_o/glove/truth.txt.bin
[OUT] ✓ Truth loaded in 66.913413 ms
[OUT] 
[OUT] Data Summary:
[OUT]   Dimension d=100, Base vectors=1183514, Queries=10000
[OUT] 
[OUT] 
[OUT] Building HNSW index...
[OUT] [Progress] 52001/1183514 (4.4%) Time: 58037.14 ms
[OUT] [Progress] 103001/1183514 (8.7%) Time: 144118.88 ms
[OUT] [Progress] 155001/1183514 (13.1%) Time: 201138.24 ms
[OUT] [Progress] 207001/1183514 (17.5%) Time: 306992.65 ms
[OUT] [Progress] 257001/1183514 (21.7%) Time: 409105.21 ms
[OUT] [Progress] 307001/1183514 (25.9%) Time: 484665.96 ms
[OUT] [Progress] 357001/1183514 (30.2%) Time: 598580.48 ms
[OUT] [Progress] 408001/1183514 (34.5%) Time: 683142.66 ms
[OUT] [Progress] 458001/1183514 (38.7%) Time: 814196.25 ms
[OUT] [Progress] 508001/1183514 (42.9%) Time: 922830.23 ms
[OUT] [Progress] 558001/1183514 (47.1%) Time: 1022426.26 ms
[OUT] [Progress] 608001/1183514 (51.4%) Time: 1125813.27 ms
[OUT] [Progress] 658001/1183514 (55.6%) Time: 1234665.50 ms
[OUT] [Progress] 708001/1183514 (59.8%) Time: 1355581.39 ms
[OUT] [Progress] 758001/1183514 (64.0%) Time: 1455418.17 ms
[OUT] [Progress] 809001/1183514 (68.4%) Time: 1587264.70 ms
[OUT] [Progress] 859001/1183514 (72.6%) Time: 1703450.33 ms
[OUT] [Progress] 909001/1183514 (76.8%) Time: 1825751.57 ms
[OUT] [Progress] 959001/1183514 (81.0%) Time: 1951561.14 ms

   [TIMEOUT]
