   [START] m=63, ml=3, efc=661, efs=2000
[OUT] ========== HNSW Search Test ==========
[OUT] 
[OUT] Timestamp: Thu Dec  4 09:01:35 2025
[OUT] 
[OUT] Command line arguments:
[OUT]   argv[0]: ./hng1
[OUT]   argv[1]: --m
[OUT]   argv[2]: 63
[OUT]   argv[3]: --max_layer
[OUT]   argv[4]: 3
[OUT]   argv[5]: --efc
[OUT]   argv[6]: 661
[OUT]   argv[7]: --efs
[OUT]   argv[8]: 2000
[OUT] 
[OUT] Configuration:
[ERR] Loaded base from binary cache: data_o/glove/base.txt.bin
[OUT]   Base file: data_o/glove/base.txt
[OUT]   Query file: data_o/glove/query.txt
[OUT]   Truth file: data_o/glove/truth.txt
[OUT]   K: 10
[OUT]   M: 63
[OUT]   Max layer: 3
[OUT]   EFC: 661
[OUT]   EFS: 2000
[OUT]   Threads: -1
[OUT]   Debug: -1
[OUT] 
[OUT] HNSW parameters set.
[OUT] 
[OUT] Ablation flags: csr=0, prefetch=0, simd=0, pruning=0, heap=0
[OUT] 
[OUT] Loading base vectors...
[OUT] ✓ Base loaded in 2111.618159 ms
[OUT] 
[ERR] Loaded queries from binary cache: data_o/glove/query.txt.bin
[OUT] Loading query vectors...
[OUT] ✓ Queries loaded in 69.009765 ms
[OUT] 
[OUT] Loading ground truth...
[ERR] Loaded truth from binary cache: data_o/glove/truth.txt.bin
[OUT] ✓ Truth loaded in 63.984713 ms
[OUT] 
[OUT] Data Summary:
[OUT]   Dimension d=100, Base vectors=1183514, Queries=10000
[OUT] 
[OUT] 
[OUT] Building HNSW index...
[OUT] [Cache] Cache miss, building index...
[OUT] [Progress] 120001/1183514 (10.1%) Time: 14532.44 ms
[OUT] [Progress] 243001/1183514 (20.5%) Time: 60069.20 ms
[OUT] [Progress] 363001/1183514 (30.7%) Time: 130129.22 ms
[OUT] [Progress] 482001/1183514 (40.7%) Time: 213221.84 ms
[OUT] [Progress] 601001/1183514 (50.8%) Time: 304766.73 ms
[OUT] [Progress] 723001/1183514 (61.1%) Time: 403324.91 ms
[OUT] [Progress] 842001/1183514 (71.1%) Time: 509908.40 ms
[OUT] [Progress] 961001/1183514 (81.2%) Time: 611994.48 ms
[OUT] [Progress] 1080001/1183514 (91.3%) Time: 724594.21 ms
[OUT] [Timing] Parallel Build: 812173.45 ms for 1183514 points.
[OUT] [FlatConvert] Starting conversion for 1183514 nodes, dim=100
[OUT] [Reorder] Generated DFS mapping for 1183514 nodes.
[OUT] [FlatConvert] Reorder enabled, enter_point=0, max_level=3
[OUT] [FlatConvert] Allocating data array: 118351400 floats (451 MB)
[OUT] [FlatConvert] Copying vector data...
[OUT] [FlatConvert] Vector data copied.
[OUT] [FlatConvert] Building L0 CSR structure...
[OUT] [FlatConvert] Total L0 links: 67989771
[OUT] [FlatConvert] L0 CSR built, actual links: 67989771
[OUT] [FlatConvert] Building upper layer structure, max_level=3
[OUT] [FlatHNSW-CSR] Converted & Reordered 1183514 nodes.
[OUT] [Timing] Flat Conversion: 9442.92 ms
[OUT] [Cache] Saved index to: cache/hnsw_n1183514_d100_M63_L3_efc661.idx
[OUT] [Cache] Save time: 3350.62 ms
[OUT] ✓ Index built.
[OUT]   build_time(local)=826744.565765 ms
[OUT]   build_time(internal)=812173.451764 ms
[OUT] 
[OUT] 
[OUT] ========== GRAPH QUALITY ==========
[OUT] 
[OUT]   num_nodes: 1183514
[OUT] 
[OUT]   max_level (entry point): 3
[OUT] 
[OUT]   actual_max_layer: 3
[OUT] 
[OUT]   avg_degree_l0: 57.447374
[OUT] 
[OUT]   avg_degree_upper: 0.129794
[OUT] 
[OUT] 
[OUT]   Layer Distribution:
[OUT] 
[OUT]     L0: 1183514 nodes (100.00%)
[OUT] 
[OUT]     L1: 18751 nodes (1.58%)
[OUT] 
[OUT]     L2: 307 nodes (0.03%)
[OUT] 
[OUT]     L3: 3 nodes (0.00%)
[OUT] 
[OUT] 
[OUT] 
[OUT] Executing queries...
[OUT] 
[OUT]   Processed 1000 queries
[OUT] 
[OUT]   Processed 2000 queries
[OUT] 
[OUT]   Processed 3000 queries
[OUT] 
[OUT]   Processed 4000 queries
[OUT] 
[OUT]   Processed 5000 queries
[OUT] 
[OUT]   Processed 6000 queries
[OUT] 
[OUT]   Processed 7000 queries
[OUT] 
[OUT]   Processed 8000 queries
[OUT] 
[OUT]   Processed 9000 queries
[OUT] 
[OUT]   Processed 10000 queries
[OUT] 
[OUT] 
[OUT] ========== RESULTS ==========
[OUT] 
[OUT] Total queries: 10000
[OUT] 
[OUT] Average recall@10: 0.998900
[OUT] 
[OUT] Average query time: 7.079867 ms
[OUT] 
[OUT] Total query time: 70798.666381 ms
[OUT] 
[OUT] 
[OUT] ========== DISTANCE STATISTICS ==========
[OUT] 
[OUT] Total queries reported by index: 10000
[OUT] 
[OUT] Total distance computations: 774367606
[OUT] 
[OUT] Average distance ops per query: 77436.760600
[OUT] 
[OUT] Last query distance ops: 52003
[OUT] 
[OUT] 
[OUT] ========== PERFORMANCE SUMMARY ==========
[OUT] 
[OUT] Data loading time: 2244.612637 ms
[OUT] 
[OUT] Index build time: 812173.451764 ms
[OUT] 
[OUT] Query execution time: 70798.666381 ms
[OUT] 
[OUT] Total elapsed time: 899787.844783 ms
[OUT] 
[OUT] 
[OUT] ========== EFFICIENCY METRICS ==========
[OUT] 
[OUT] Queries per second: 141.245598
[OUT] 
[OUT] Distance ops per second: 10937601.590301
[OUT] 
[OUT] 
[OUT] ========== END OF LOG ==========
[OUT] 
[OUT] Log saved to: Log/run_20251204_090135_233.log
[OUT] 
   [RESULT] Rec=0.9989 Time=7.0799ms
