   [START] m=56, ml=11, efc=541, efs=1040
[OUT] ========== HNSW Search Test ==========
[ERR] Loaded base from binary cache: data_o/glove/base.txt.bin
[OUT] 
[OUT] Timestamp: Thu Dec  4 06:31:22 2025
[OUT] 
[OUT] Command line arguments:
[OUT]   argv[0]: ./hng1
[OUT]   argv[1]: --m
[OUT]   argv[2]: 56
[OUT]   argv[3]: --max_layer
[OUT]   argv[4]: 11
[OUT]   argv[5]: --efc
[OUT]   argv[6]: 541
[OUT]   argv[7]: --efs
[OUT]   argv[8]: 1040
[OUT] 
[OUT] Configuration:
[OUT]   Base file: data_o/glove/base.txt
[OUT]   Query file: data_o/glove/query.txt
[OUT]   Truth file: data_o/glove/truth.txt
[OUT]   K: 10
[OUT]   M: 56
[OUT]   Max layer: 11
[OUT]   EFC: 541
[OUT]   EFS: 1040
[OUT]   Threads: -1
[OUT]   Debug: -1
[OUT] 
[OUT] HNSW parameters set.
[OUT] 
[OUT] Ablation flags: csr=0, prefetch=0, simd=0, pruning=0, heap=0
[OUT] 
[OUT] Loading base vectors...
[OUT] ✓ Base loaded in 3884.988222 ms
[ERR] Loaded queries from binary cache: data_o/glove/query.txt.bin
[OUT] 
[OUT] Loading query vectors...
[OUT] ✓ Queries loaded in 68.210506 ms
[OUT] 
[OUT] Loading ground truth...
[ERR] Loaded truth from binary cache: data_o/glove/truth.txt.bin
[OUT] ✓ Truth loaded in 70.594354 ms
[OUT] 
[OUT] Data Summary:
[OUT]   Dimension d=100, Base vectors=1183514, Queries=10000
[OUT] 
[OUT] 
[OUT] Building HNSW index...
[OUT] [Cache] Loaded index from: cache/hnsw_n1183514_d100_M56_L11_efc541.idx
[OUT] [Cache] Load time: 3801.89 ms
[OUT] ✓ Index built.
[OUT]   build_time(local)=3807.619446 ms
[OUT]   build_time(internal)=3801.894400 ms
[OUT] 
[OUT] 
[OUT] ========== GRAPH QUALITY ==========
[OUT] 
[OUT]   num_nodes: 1183514
[OUT] 
[OUT]   max_level (entry point): 3
[OUT] 
[OUT]   actual_max_layer: 3
[OUT] 
[OUT]   avg_degree_l0: 52.848949
[OUT] 
[OUT]   avg_degree_upper: 0.173348
[OUT] 
[OUT] 
[OUT]   Layer Distribution:
[OUT] 
[OUT]     L0: 1183514 nodes (100.00%)
[OUT] 
[OUT]     L1: 20962 nodes (1.77%)
[OUT] 
[OUT]     L2: 410 nodes (0.03%)
[OUT] 
[OUT]     L3: 7 nodes (0.00%)
[OUT] 
[OUT] 
[OUT] 
[OUT] Executing queries...
[OUT] 
[OUT]   Processed 1000 queries
[OUT] 
[OUT]   Processed 2000 queries
[OUT] 
[OUT]   Processed 3000 queries
[OUT] 
[OUT]   Processed 4000 queries
[OUT] 
[OUT]   Processed 5000 queries
[OUT] 
[OUT]   Processed 6000 queries
[OUT] 
[OUT]   Processed 7000 queries
[OUT] 
[OUT]   Processed 8000 queries
[OUT] 
[OUT]   Processed 9000 queries
[OUT] 
[OUT]   Processed 10000 queries
[OUT] 
[OUT] 
[OUT] ========== RESULTS ==========
[OUT] 
[OUT] Total queries: 10000
[OUT] 
[OUT] Average recall@10: 0.995090
[OUT] 
[OUT] Average query time: 3.036866 ms
[OUT] 
[OUT] Total query time: 30368.664398 ms
[OUT] 
[OUT] 
[OUT] ========== DISTANCE STATISTICS ==========
[OUT] 
[OUT] Total queries reported by index: 10000
[OUT] 
[OUT] Total distance computations: 409820047
[OUT] 
[OUT] Average distance ops per query: 40982.004700
[OUT] 
[OUT] Last query distance ops: 29576
[OUT] 
[OUT] 
[OUT] ========== PERFORMANCE SUMMARY ==========
[OUT] 
[OUT] Data loading time: 4023.793082 ms
[OUT] 
[OUT] Index build time: 3801.894400 ms
[OUT] 
[OUT] Query execution time: 30368.664398 ms
[OUT] 
[OUT] Total elapsed time: 38200.076926 ms
[OUT] 
[OUT] 
[OUT] ========== EFFICIENCY METRICS ==========
[OUT] 
[OUT] Queries per second: 329.286789
[OUT] 
[OUT] Distance ops per second: 13494832.753560
[OUT] 
[OUT] 
[OUT] ========== END OF LOG ==========
[OUT] 
[OUT] Log saved to: Log/run_20251204_063122_919.log
[OUT] 
   [RESULT] Rec=0.9951 Time=3.0369ms
