   [START] m=20, ml=10, efc=1326, efs=1725
[OUT] ========== HNSW Search Test ==========
[OUT] 
[OUT] Timestamp: Sun Dec  7 17:30:09 2025
[OUT] 
[OUT] Command line arguments:
[OUT]   argv[0]: ./hng3
[OUT]   argv[1]: --m
[OUT]   argv[2]: 20
[OUT]   argv[3]: --max_layer
[OUT]   argv[4]: 10
[OUT]   argv[5]: --efc
[OUT]   argv[6]: 1326
[OUT]   argv[7]: --efs
[OUT]   argv[8]: 1725
[OUT] 
[OUT] Configuration:
[OUT]   Base file: data_o/glove/base.txt
[OUT]   Query file: data_o/glove/query.txt
[OUT]   Truth file: data_o/glove/truth.txt
[OUT]   K: 10
[OUT]   M: 20
[OUT]   Max layer: 10
[OUT]   EFC: 1326
[OUT]   EFS: 1725
[OUT]   Threads: -1
[OUT]   Debug: -1
[OUT] 
[OUT] HNSW parameters set.
[OUT] 
[OUT] Ablation flags: csr=0, prefetch=0, simd=0, pruning=0, heap=0
[OUT] 
[OUT] Loading base vectors...
[ERR] Loaded base from binary cache: data_o/glove/base.txt.bin
[OUT] ✓ Base loaded in 2040.475078 ms
[OUT] 
[OUT] Loading query vectors...
[ERR] Loaded queries from binary cache: data_o/glove/query.txt.bin
[OUT] ✓ Queries loaded in 65.909900 ms
[OUT] 
[OUT] Loading ground truth...
[ERR] Loaded truth from binary cache: data_o/glove/truth.txt.bin
[OUT] ✓ Truth loaded in 66.214790 ms
[OUT] 
[OUT] Data Summary:
[OUT]   Dimension d=100, Base vectors=1183514, Queries=10000
[OUT] 
[OUT] 
[OUT] Building HNSW index...
[OUT] [Cache] Loaded index from: cache/hnsw_n1183514_d100_M20_L10_efc1326.idx
[OUT] [Cache] Load time: 2483.19 ms
[OUT] ✓ Index built.
[OUT]   build_time(local)=3179.258494 ms
[OUT]   build_time(internal)=2483.193608 ms
[OUT] 
[OUT] Executing queries...
[OUT] 
[OUT]   Processed 1000 queries
[OUT] 
[OUT]   Processed 2000 queries
[OUT] 
[OUT]   Processed 3000 queries
[OUT] 
[OUT]   Processed 4000 queries
[OUT] 
[OUT]   Processed 5000 queries
[OUT] 
[OUT]   Processed 6000 queries
[OUT] 
[OUT]   Processed 7000 queries
[OUT] 
[OUT]   Processed 8000 queries
[OUT] 
[OUT]   Processed 9000 queries
[OUT] 
[OUT]   Processed 10000 queries
[OUT] 
[OUT] 
[OUT] ========== RESULTS ==========
[OUT] 
[OUT] Total queries: 10000
[OUT] 
[OUT] Average recall@10: 0.989890
[OUT] 
[OUT] Average query time: 3.595353 ms
[OUT] 
[OUT] Total query time: 35953.530020 ms
[OUT] 
[OUT] 
[OUT] ========== DISTANCE STATISTICS ==========
[OUT] 
[OUT] Total queries reported by index: 10000
[OUT] 
[OUT] Total distance computations: 392683494
[OUT] 
[OUT] Average distance ops per query: 39268.349400
[OUT] 
[OUT] Last query distance ops: 31620
[OUT] 
[OUT] 
[OUT] ========== PERFORMANCE SUMMARY ==========
[OUT] 
[OUT] Data loading time: 2172.599768 ms
[OUT] 
[OUT] Index build time: 2483.193608 ms
[OUT] 
[OUT] Query execution time: 35953.530020 ms
[OUT] 
[OUT] Total elapsed time: 41305.388282 ms
[OUT] 
[OUT] 
[OUT] ========== EFFICIENCY METRICS ==========
[OUT] 
[OUT] Queries per second: 278.136806
[OUT] 
[OUT] Distance ops per second: 10921973.274434
[OUT] 
[OUT] 
[OUT] ========== END OF LOG ==========
[OUT] 
[OUT] Log saved to: Log/run_20251207_173009_380.log
[OUT] 
   [RESULT] Rec=0.9899 Time=3.5954ms
