   [START] m=30, ml=15, efc=675, efs=907
[OUT] ========== HNSW Search Test ==========
[OUT] 
[OUT] Timestamp: Thu Dec  4 19:13:17 2025
[OUT] 
[OUT] Command line arguments:
[OUT]   argv[0]: ./hng1
[OUT]   argv[1]: --m
[OUT]   argv[2]: 30
[OUT]   argv[3]: --max_layer
[OUT]   argv[4]: 15
[OUT]   argv[5]: --efc
[OUT]   argv[6]: 675
[OUT]   argv[7]: --efs
[OUT]   argv[8]: 907
[OUT] 
[OUT] Configuration:
[OUT]   Base file: data_o/glove/base.txt
[OUT]   Query file: data_o/glove/query.txt
[OUT]   Truth file: data_o/glove/truth.txt
[OUT]   K: 10
[OUT]   M: 30
[OUT]   Max layer: 15
[OUT]   EFC: 675
[OUT]   EFS: 907
[OUT]   Threads: -1
[OUT]   Debug: -1
[OUT] 
[OUT] HNSW parameters set.
[OUT] 
[OUT] Ablation flags: csr=0, prefetch=0, simd=0, pruning=0, heap=0
[OUT] 
[OUT] Loading base vectors...
[ERR] Loaded base from binary cache: data_o/glove/base.txt.bin
[OUT] ✓ Base loaded in 2213.991900 ms
[OUT] 
[OUT] Loading query vectors...
[ERR] Loaded queries from binary cache: data_o/glove/query.txt.bin
[OUT] ✓ Queries loaded in 67.738614 ms
[OUT] 
[OUT] Loading ground truth...
[ERR] Loaded truth from binary cache: data_o/glove/truth.txt.bin
[OUT] ✓ Truth loaded in 73.815727 ms
[OUT] 
[OUT] Data Summary:
[OUT]   Dimension d=100, Base vectors=1183514, Queries=10000
[OUT] 
[OUT] 
[OUT] Building HNSW index...
[OUT] [Cache] Loaded index from: cache/hnsw_n1183514_d100_M30_L15_efc675.idx
[OUT] [Cache] Load time: 3790.93 ms
[OUT] ✓ Index built.
[OUT]   build_time(local)=3796.509594 ms
[OUT]   build_time(internal)=3790.933970 ms
[OUT] 
[OUT] 
[OUT] ========== GRAPH QUALITY ==========
[OUT] 
[OUT]   num_nodes: 1183514
[OUT] 
[OUT]   max_level (entry point): 4
[OUT] 
[OUT]   actual_max_layer: 4
[OUT] 
[OUT]   avg_degree_l0: 47.477613
[OUT] 
[OUT]   avg_degree_upper: 0.184207
[OUT] 
[OUT] 
[OUT]   Layer Distribution:
[OUT] 
[OUT]     L0: 1183514 nodes (100.00%)
[OUT] 
[OUT]     L1: 39454 nodes (3.33%)
[OUT] 
[OUT]     L2: 1287 nodes (0.11%)
[OUT] 
[OUT]     L3: 47 nodes (0.00%)
[OUT] 
[OUT]     L4: 3 nodes (0.00%)
[OUT] 
[OUT] 
[OUT] 
[OUT] Executing queries...
[OUT] 
[OUT]   Processed 1000 queries
[OUT] 
[OUT]   Processed 2000 queries
[OUT] 
[OUT]   Processed 3000 queries
[OUT] 
[OUT]   Processed 4000 queries
[OUT] 
[OUT]   Processed 5000 queries
[OUT] 
[OUT]   Processed 6000 queries
[OUT] 
[OUT]   Processed 7000 queries
[OUT] 
[OUT]   Processed 8000 queries
[OUT] 
[OUT]   Processed 9000 queries
[OUT] 
[OUT]   Processed 10000 queries
[OUT] 
[OUT] 
[OUT] ========== RESULTS ==========
[OUT] 
[OUT] Total queries: 10000
[OUT] 
[OUT] Average recall@10: 0.989980
[OUT] 
[OUT] Average query time: 2.433673 ms
[OUT] 
[OUT] Total query time: 24336.733852 ms
[OUT] 
[OUT] 
[OUT] ========== DISTANCE STATISTICS ==========
[OUT] 
[OUT] Total queries reported by index: 10000
[OUT] 
[OUT] Total distance computations: 300611914
[OUT] 
[OUT] Average distance ops per query: 30061.191400
[OUT] 
[OUT] Last query distance ops: 24958
[OUT] 
[OUT] 
[OUT] ========== PERFORMANCE SUMMARY ==========
[OUT] 
[OUT] Data loading time: 2355.546241 ms
[OUT] 
[OUT] Index build time: 3790.933970 ms
[OUT] 
[OUT] Query execution time: 24336.733852 ms
[OUT] 
[OUT] Total elapsed time: 30488.789687 ms
[OUT] 
[OUT] 
[OUT] ========== EFFICIENCY METRICS ==========
[OUT] 
[OUT] Queries per second: 410.901482
[OUT] 
[OUT] Distance ops per second: 12352188.088514
[OUT] 
[OUT] 
[OUT] ========== END OF LOG ==========
[OUT] 
[OUT] Log saved to: Log/run_20251204_191317_941.log
[OUT] 
   [RESULT] Rec=0.9900 Time=2.4337ms
