   [START] m=32, ml=5, efc=530, efs=2000
[OUT] ========== HNSW Search Test ==========
[OUT] 
[OUT] Timestamp: Wed Dec  3 23:30:38 2025
[OUT] 
[OUT] Command line arguments:
[OUT]   argv[0]: ./hng1
[OUT]   argv[1]: --m
[OUT]   argv[2]: 32
[OUT]   argv[3]: --max_layer
[OUT]   argv[4]: 5
[OUT]   argv[5]: --efc
[OUT]   argv[6]: 530
[OUT]   argv[7]: --efs
[OUT]   argv[8]: 2000
[OUT] 
[OUT] Configuration:
[OUT]   Base file: data_o/glove/base.txt
[OUT]   Query file: data_o/glove/query.txt
[OUT]   Truth file: data_o/glove/truth.txt
[OUT]   K: 10
[OUT]   M: 32
[OUT]   Max layer: 5
[OUT]   EFC: 530
[OUT]   EFS: 2000
[OUT]   Threads: -1
[OUT]   Debug: -1
[OUT] 
[OUT] HNSW parameters set.
[OUT] 
[OUT] Ablation flags: csr=0, prefetch=0, simd=0, pruning=0, heap=0
[OUT] 
[OUT] Loading base vectors...
[ERR] Loaded base from binary cache: data_o/glove/base.txt.bin
[OUT] ✓ Base loaded in 3580.240598 ms
[OUT] 
[OUT] Loading query vectors...
[ERR] Loaded queries from binary cache: data_o/glove/query.txt.bin
[OUT] ✓ Queries loaded in 69.670919 ms
[OUT] 
[OUT] Loading ground truth...
[ERR] Loaded truth from binary cache: data_o/glove/truth.txt.bin
[OUT] ✓ Truth loaded in 66.005135 ms
[OUT] 
[OUT] Data Summary:
[OUT]   Dimension d=100, Base vectors=1183514, Queries=10000
[OUT] 
[OUT] 
[OUT] Building HNSW index...
[OUT] [Cache] Cache miss, building index...
[OUT] [Progress] 120001/1183514 (10.1%) Time: 11037.66 ms
[OUT] [Progress] 241001/1183514 (20.4%) Time: 42587.26 ms
[OUT] [Progress] 361001/1183514 (30.5%) Time: 87660.09 ms
[OUT] [Progress] 480001/1183514 (40.6%) Time: 141244.64 ms
[OUT] [Progress] 599001/1183514 (50.6%) Time: 196288.82 ms
[OUT] [Progress] 718001/1183514 (60.7%) Time: 257331.51 ms
[OUT] [Progress] 837001/1183514 (70.7%) Time: 318879.88 ms
[OUT] [Progress] 957001/1183514 (80.9%) Time: 383419.92 ms
[OUT] [Progress] 1076001/1183514 (90.9%) Time: 448463.14 ms
[OUT] [Timing] Parallel Build: 496000.83 ms for 1183514 points.
[OUT] [FlatConvert] Starting conversion for 1183514 nodes, dim=100
[OUT] [Reorder] Generated BFS mapping for 1183514 nodes.
[OUT] [FlatConvert] Reorder enabled, enter_point=0, max_level=4
[OUT] [FlatConvert] Allocating data array: 118351400 floats (451 MB)
[OUT] [FlatConvert] Copying vector data...
[OUT] [FlatConvert] Vector data copied.
[OUT] [FlatConvert] Building L0 CSR structure...
[OUT] [FlatConvert] Total L0 links: 54899280
[OUT] [FlatConvert] L0 CSR built, actual links: 54899280
[OUT] [FlatConvert] Building upper layer structure, max_level=4
[OUT] [FlatHNSW-CSR] Converted & Reordered 1183514 nodes.
[OUT] [Timing] Flat Conversion: 7733.91 ms
[OUT] [Cache] Saved index to: cache/hnsw_n1183514_d100_M32_L5_efc530.idx
[OUT] [Cache] Save time: 3149.07 ms
[OUT] ✓ Index built.
[OUT]   build_time(local)=508229.159228 ms
[OUT]   build_time(internal)=496000.826493 ms
[OUT] 
[OUT] 
[OUT] ========== GRAPH QUALITY ==========
[OUT] 
[OUT]   num_nodes: 1183514
[OUT] 
[OUT]   max_level (entry point): 4
[OUT] 
[OUT]   actual_max_layer: 4
[OUT] 
[OUT]   avg_degree_l0: 46.386676
[OUT] 
[OUT]   avg_degree_upper: 0.190011
[OUT] 
[OUT] 
[OUT]   Layer Distribution:
[OUT] 
[OUT]     L0: 1183514 nodes (100.00%)
[OUT] 
[OUT]     L1: 37174 nodes (3.14%)
[OUT] 
[OUT]     L2: 1189 nodes (0.10%)
[OUT] 
[OUT]     L3: 39 nodes (0.00%)
[OUT] 
[OUT]     L4: 1 nodes (0.00%)
[OUT] 
[OUT] 
[OUT] 
[OUT] Executing queries...
[OUT] 
[OUT]   Processed 1000 queries
[OUT] 
[OUT]   Processed 2000 queries
[OUT] 
[OUT]   Processed 3000 queries
[OUT] 
[OUT]   Processed 4000 queries
[OUT] 
[OUT]   Processed 5000 queries
[OUT] 
[OUT]   Processed 6000 queries
[OUT] 
[OUT]   Processed 7000 queries
[OUT] 
[OUT]   Processed 8000 queries
[OUT] 
[OUT]   Processed 9000 queries
[OUT] 
[OUT]   Processed 10000 queries
[OUT] 
[OUT] 
[OUT] ========== RESULTS ==========
[OUT] 
[OUT] Total queries: 10000
[OUT] 
[OUT] Average recall@10: 0.997440
[OUT] 
[OUT] Average query time: 5.698057 ms
[OUT] 
[OUT] Total query time: 56980.569783 ms
[OUT] 
[OUT] 
[OUT] ========== DISTANCE STATISTICS ==========
[OUT] 
[OUT] Total queries reported by index: 10000
[OUT] 
[OUT] Total distance computations: 594493416
[OUT] 
[OUT] Average distance ops per query: 59449.341600
[OUT] 
[OUT] Last query distance ops: 44430
[OUT] 
[OUT] 
[OUT] ========== PERFORMANCE SUMMARY ==========
[OUT] 
[OUT] Data loading time: 3715.916652 ms
[OUT] 
[OUT] Index build time: 496000.826493 ms
[OUT] 
[OUT] Query execution time: 56980.569783 ms
[OUT] 
[OUT] Total elapsed time: 568925.645663 ms
[OUT] 
[OUT] 
[OUT] ========== EFFICIENCY METRICS ==========
[OUT] 
[OUT] Queries per second: 175.498421
[OUT] 
[OUT] Distance ops per second: 10433265.554627
[OUT] 
[OUT] 
[OUT] ========== END OF LOG ==========
[OUT] 
[OUT] Log saved to: Log/run_20251203_233038_989.log
[OUT] 
   [RESULT] Rec=0.9974 Time=5.6981ms
