   [START] m=80, ml=11, efc=1301, efs=320
[OUT] ========== HNSW Search Test ==========
[OUT] 
[OUT] Timestamp: Sat Dec  6 06:51:50 2025
[OUT] 
[OUT] Command line arguments:
[OUT]   argv[0]: ./hng1
[OUT]   argv[1]: --m
[OUT]   argv[2]: 80
[OUT]   argv[3]: --max_layer
[OUT]   argv[4]: 11
[OUT]   argv[5]: --efc
[OUT]   argv[6]: 1301
[OUT]   argv[7]: --efs
[OUT]   argv[8]: 320
[OUT] 
[OUT] Configuration:
[OUT]   Base file: data_o/glove/base.txt
[OUT]   Query file: data_o/glove/query.txt
[OUT]   Truth file: data_o/glove/truth.txt
[OUT]   K: 10
[OUT]   M: 80
[OUT]   Max layer: 11
[OUT]   EFC: 1301
[OUT]   EFS: 320
[OUT]   Threads: -1
[ERR] Loaded base from binary cache: data_o/glove/base.txt.bin
[OUT]   Debug: -1
[OUT] 
[OUT] HNSW parameters set.
[OUT] 
[OUT] Ablation flags: csr=0, prefetch=0, simd=0, pruning=0, heap=0
[OUT] 
[OUT] Loading base vectors...
[OUT] ✓ Base loaded in 4008.243884 ms
[ERR] Loaded queries from binary cache: data_o/glove/query.txt.bin
[OUT] 
[OUT] Loading query vectors...
[OUT] ✓ Queries loaded in 74.699835 ms
[OUT] 
[OUT] Loading ground truth...
[ERR] Loaded truth from binary cache: data_o/glove/truth.txt.bin
[OUT] ✓ Truth loaded in 68.700047 ms
[OUT] 
[OUT] Data Summary:
[OUT]   Dimension d=100, Base vectors=1183514, Queries=10000
[OUT] 
[OUT] 
[OUT] Building HNSW index...
[OUT] [Cache] Loaded index from: cache/hnsw_n1183514_d100_M80_L11_efc1301.idx
[OUT] [Cache] Load time: 4288.20 ms
[OUT] ✓ Index built.
[OUT]   build_time(local)=4293.161915 ms
[OUT]   build_time(internal)=4288.203575 ms
[OUT] 
[OUT] 
[OUT] ========== GRAPH QUALITY ==========
[OUT] 
[OUT]   num_nodes: 1183514
[OUT] 
[OUT]   max_level (entry point): 3
[OUT] 
[OUT]   actual_max_layer: 3
[OUT] 
[OUT]   avg_degree_l0: 71.575383
[OUT] 
[OUT]   avg_degree_upper: 0.103061
[OUT] 
[OUT] 
[OUT]   Layer Distribution:
[OUT] 
[OUT]     L0: 1183514 nodes (100.00%)
[OUT] 
[OUT]     L1: 14840 nodes (1.25%)
[OUT] 
[OUT]     L2: 186 nodes (0.02%)
[OUT] 
[OUT]     L3: 4 nodes (0.00%)
[OUT] 
[OUT] 
[OUT] 
[OUT] Executing queries...
[OUT] 
[OUT]   Processed 1000 queries
[OUT] 
[OUT]   Processed 2000 queries
[OUT] 
[OUT]   Processed 3000 queries
[OUT] 
[OUT]   Processed 4000 queries
[OUT] 
[OUT]   Processed 5000 queries
[OUT] 
[OUT]   Processed 6000 queries
[OUT] 
[OUT]   Processed 7000 queries
[OUT] 
[OUT]   Processed 8000 queries
[OUT] 
[OUT]   Processed 9000 queries
[OUT] 
[OUT]   Processed 10000 queries
[OUT] 
[OUT] 
[OUT] ========== RESULTS ==========
[OUT] 
[OUT] Total queries: 10000
[OUT] 
[OUT] Average recall@10: 0.980180
[OUT] 
[OUT] Average query time: 1.324356 ms
[OUT] 
[OUT] Total query time: 13243.559719 ms
[OUT] 
[OUT] 
[OUT] ========== DISTANCE STATISTICS ==========
[OUT] 
[OUT] Total queries reported by index: 10000
[OUT] 
[OUT] Total distance computations: 196187305
[OUT] 
[OUT] Average distance ops per query: 19618.730500
[OUT] 
[OUT] Last query distance ops: 15548
[OUT] 
[OUT] 
[OUT] ========== PERFORMANCE SUMMARY ==========
[OUT] 
[OUT] Data loading time: 4151.643766 ms
[OUT] 
[OUT] Index build time: 4288.203575 ms
[OUT] 
[OUT] Query execution time: 13243.559719 ms
[OUT] 
[OUT] Total elapsed time: 21688.365400 ms
[OUT] 
[OUT] 
[OUT] ========== EFFICIENCY METRICS ==========
[OUT] 
[OUT] Queries per second: 755.083996
[OUT] 
[OUT] Distance ops per second: 14813789.431443
[OUT] 
[OUT] 
[OUT] ========== END OF LOG ==========
[OUT] 
[OUT] Log saved to: Log/run_20251206_065150_505.log
[OUT] 
   [RESULT] Rec=0.9802 Time=1.3244ms
