   [START] m=55, ml=1, efc=683, efs=613
[OUT] ========== HNSW Search Test ==========
[OUT] 
[OUT] Timestamp: Thu Dec  4 08:59:43 2025
[OUT] 
[OUT] Command line arguments:
[OUT]   argv[0]: ./hng1
[OUT]   argv[1]: --m
[OUT]   argv[2]: 55
[OUT]   argv[3]: --max_layer
[OUT]   argv[4]: 1
[OUT]   argv[5]: --efc
[OUT]   argv[6]: 683
[OUT]   argv[7]: --efs
[ERR] Loaded base from binary cache: data_o/glove/base.txt.bin
[OUT]   argv[8]: 613
[OUT] 
[OUT] Configuration:
[OUT]   Base file: data_o/glove/base.txt
[OUT]   Query file: data_o/glove/query.txt
[OUT]   Truth file: data_o/glove/truth.txt
[OUT]   K: 10
[OUT]   M: 55
[OUT]   Max layer: 1
[OUT]   EFC: 683
[OUT]   EFS: 613
[OUT]   Threads: -1
[OUT]   Debug: -1
[OUT] 
[OUT] HNSW parameters set.
[OUT] 
[OUT] Ablation flags: csr=0, prefetch=0, simd=0, pruning=0, heap=0
[OUT] 
[OUT] Loading base vectors...
[OUT] ✓ Base loaded in 2159.614866 ms
[OUT] 
[OUT] Loading query vectors...
[ERR] Loaded queries from binary cache: data_o/glove/query.txt.bin
[OUT] ✓ Queries loaded in 67.764939 ms
[OUT] 
[OUT] Loading ground truth...
[ERR] Loaded truth from binary cache: data_o/glove/truth.txt.bin
[OUT] ✓ Truth loaded in 67.757746 ms
[OUT] 
[OUT] Data Summary:
[OUT]   Dimension d=100, Base vectors=1183514, Queries=10000
[OUT] 
[OUT] 
[OUT] Building HNSW index...
[OUT] [Cache] Loaded index from: cache/hnsw_n1183514_d100_M55_L1_efc683.idx
[OUT] [Cache] Load time: 3753.03 ms
[OUT] ✓ Index built.
[OUT]   build_time(local)=3757.909629 ms
[OUT]   build_time(internal)=3753.028699 ms
[OUT] 
[OUT] 
[OUT] ========== GRAPH QUALITY ==========
[OUT] 
[OUT]   num_nodes: 1183514
[OUT] 
[OUT]   max_level (entry point): 1
[OUT] 
[OUT]   actual_max_layer: 1
[OUT] 
[OUT]   avg_degree_l0: 57.773690
[OUT] 
[OUT]   avg_degree_upper: 0.305242
[OUT] 
[OUT] 
[OUT]   Layer Distribution:
[OUT] 
[OUT]     L0: 1183514 nodes (100.00%)
[OUT] 
[OUT]     L1: 21596 nodes (1.82%)
[OUT] 
[OUT] 
[OUT] 
[OUT] Executing queries...
[OUT] 
[OUT]   Processed 1000 queries
[OUT] 
[OUT]   Processed 2000 queries
[OUT] 
[OUT]   Processed 3000 queries
[OUT] 
[OUT]   Processed 4000 queries
[OUT] 
[OUT]   Processed 5000 queries
[OUT] 
[OUT]   Processed 6000 queries
[OUT] 
[OUT]   Processed 7000 queries
[OUT] 
[OUT]   Processed 8000 queries
[OUT] 
[OUT]   Processed 9000 queries
[OUT] 
[OUT]   Processed 10000 queries
[OUT] 
[OUT] 
[OUT] ========== RESULTS ==========
[OUT] 
[OUT] Total queries: 10000
[OUT] 
[OUT] Average recall@10: 0.989970
[OUT] 
[OUT] Average query time: 2.325338 ms
[OUT] 
[OUT] Total query time: 23253.383285 ms
[OUT] 
[OUT] 
[OUT] ========== DISTANCE STATISTICS ==========
[OUT] 
[OUT] Total queries reported by index: 10000
[OUT] 
[OUT] Total distance computations: 278566308
[OUT] 
[OUT] Average distance ops per query: 27856.630800
[OUT] 
[OUT] Last query distance ops: 21307
[OUT] 
[OUT] 
[OUT] ========== PERFORMANCE SUMMARY ==========
[OUT] 
[OUT] Data loading time: 2295.137551 ms
[OUT] 
[OUT] Index build time: 3753.028699 ms
[OUT] 
[OUT] Query execution time: 23253.383285 ms
[OUT] 
[OUT] Total elapsed time: 29306.430465 ms
[OUT] 
[OUT] 
[OUT] ========== EFFICIENCY METRICS ==========
[OUT] 
[OUT] Queries per second: 430.044948
[OUT] 
[OUT] Distance ops per second: 11979603.337106
[OUT] 
[OUT] 
[OUT] ========== END OF LOG ==========
[OUT] 
[OUT] Log saved to: Log/run_20251204_085943_702.log
[OUT] 
   [RESULT] Rec=0.9900 Time=2.3253ms
