   [START] m=35, ml=12, efc=528, efs=853
[OUT] ========== HNSW Search Test ==========
[ERR] Loaded base from binary cache: data_o/glove/base.txt.bin
[OUT] 
[OUT] Timestamp: Thu Dec  4 05:27:15 2025
[OUT] 
[OUT] Command line arguments:
[OUT]   argv[0]: ./hng1
[OUT]   argv[1]: --m
[OUT]   argv[2]: 35
[OUT]   argv[3]: --max_layer
[OUT]   argv[4]: 12
[OUT]   argv[5]: --efc
[OUT]   argv[6]: 528
[OUT]   argv[7]: --efs
[OUT]   argv[8]: 853
[OUT] 
[OUT] Configuration:
[OUT]   Base file: data_o/glove/base.txt
[OUT]   Query file: data_o/glove/query.txt
[OUT]   Truth file: data_o/glove/truth.txt
[OUT]   K: 10
[OUT]   M: 35
[OUT]   Max layer: 12
[OUT]   EFC: 528
[OUT]   EFS: 853
[OUT]   Threads: -1
[OUT]   Debug: -1
[OUT] 
[OUT] HNSW parameters set.
[OUT] 
[OUT] Ablation flags: csr=0, prefetch=0, simd=0, pruning=0, heap=0
[OUT] 
[OUT] Loading base vectors...
[OUT] ✓ Base loaded in 3681.245209 ms
[ERR] Loaded queries from binary cache: data_o/glove/query.txt.bin
[OUT] 
[OUT] Loading query vectors...
[OUT] ✓ Queries loaded in 70.436886 ms
[OUT] 
[OUT] Loading ground truth...
[ERR] Loaded truth from binary cache: data_o/glove/truth.txt.bin
[OUT] ✓ Truth loaded in 70.709721 ms
[OUT] 
[OUT] Data Summary:
[OUT]   Dimension d=100, Base vectors=1183514, Queries=10000
[OUT] 
[OUT] 
[OUT] Building HNSW index...
[OUT] [Cache] Loaded index from: cache/hnsw_n1183514_d100_M35_L12_efc528.idx
[OUT] [Cache] Load time: 3619.84 ms
[OUT] ✓ Index built.
[OUT]   build_time(local)=3624.660383 ms
[OUT]   build_time(internal)=3619.837272 ms
[OUT] 
[OUT] 
[OUT] ========== GRAPH QUALITY ==========
[OUT] 
[OUT]   num_nodes: 1183514
[OUT] 
[OUT]   max_level (entry point): 3
[OUT] 
[OUT]   actual_max_layer: 3
[OUT] 
[OUT]   avg_degree_l0: 48.061129
[OUT] 
[OUT]   avg_degree_upper: 0.262896
[OUT] 
[OUT] 
[OUT]   Layer Distribution:
[OUT] 
[OUT]     L0: 1183514 nodes (100.00%)
[OUT] 
[OUT]     L1: 33514 nodes (2.83%)
[OUT] 
[OUT]     L2: 967 nodes (0.08%)
[OUT] 
[OUT]     L3: 27 nodes (0.00%)
[OUT] 
[OUT] 
[OUT] 
[OUT] Executing queries...
[OUT] 
[OUT]   Processed 1000 queries
[OUT] 
[OUT]   Processed 2000 queries
[OUT] 
[OUT]   Processed 3000 queries
[OUT] 
[OUT]   Processed 4000 queries
[OUT] 
[OUT]   Processed 5000 queries
[OUT] 
[OUT]   Processed 6000 queries
[OUT] 
[OUT]   Processed 7000 queries
[OUT] 
[OUT]   Processed 8000 queries
[OUT] 
[OUT]   Processed 9000 queries
[OUT] 
[OUT]   Processed 10000 queries
[OUT] 
[OUT] 
[OUT] ========== RESULTS ==========
[OUT] 
[OUT] Total queries: 10000
[OUT] 
[OUT] Average recall@10: 0.990000
[OUT] 
[OUT] Average query time: 2.253305 ms
[OUT] 
[OUT] Total query time: 22533.045979 ms
[OUT] 
[OUT] 
[OUT] ========== DISTANCE STATISTICS ==========
[OUT] 
[OUT] Total queries reported by index: 10000
[OUT] 
[OUT] Total distance computations: 298029210
[OUT] 
[OUT] Average distance ops per query: 29802.921000
[OUT] 
[OUT] Last query distance ops: 24102
[OUT] 
[OUT] 
[OUT] ========== PERFORMANCE SUMMARY ==========
[OUT] 
[OUT] Data loading time: 3822.391816 ms
[OUT] 
[OUT] Index build time: 3619.837272 ms
[OUT] 
[OUT] Query execution time: 22533.045979 ms
[OUT] 
[OUT] Total elapsed time: 29980.098178 ms
[OUT] 
[OUT] 
[OUT] ========== EFFICIENCY METRICS ==========
[OUT] 
[OUT] Queries per second: 443.792642
[OUT] 
[OUT] Distance ops per second: 13226317.040215
[OUT] 
[OUT] 
[OUT] ========== END OF LOG ==========
[OUT] 
[OUT] Log saved to: Log/run_20251204_052715_542.log
[OUT] 
   [RESULT] Rec=0.9900 Time=2.2533ms
