   [START] m=63, ml=3, efc=547, efs=2000
[OUT] ========== HNSW Search Test ==========
[OUT] 
[OUT] Timestamp: Thu Dec  4 07:59:26 2025
[OUT] 
[OUT] Command line arguments:
[OUT]   argv[0]: ./hng1
[OUT]   argv[1]: --m
[OUT]   argv[2]: 63
[OUT]   argv[3]: --max_layer
[OUT]   argv[4]: 3
[OUT]   argv[5]: --efc
[OUT]   argv[6]: 547
[OUT]   argv[7]: --efs
[OUT]   argv[8]: 2000
[OUT] 
[OUT] Configuration:
[OUT]   Base file: data_o/glove/base.txt
[OUT]   Query file: data_o/glove/query.txt
[OUT]   Truth file: data_o/glove/truth.txt
[OUT]   K: 10
[OUT]   M: 63
[OUT]   Max layer: 3
[OUT]   EFC: 547
[OUT]   EFS: 2000
[OUT]   Threads: -1
[OUT]   Debug: -1
[OUT] 
[OUT] HNSW parameters set.
[OUT] 
[OUT] Ablation flags: csr=0, prefetch=0, simd=0, pruning=0, heap=0
[OUT] 
[OUT] Loading base vectors...
[ERR] Loaded base from binary cache: data_o/glove/base.txt.bin
[OUT] ✓ Base loaded in 2052.685172 ms
[OUT] 
[OUT] Loading query vectors...
[ERR] Loaded queries from binary cache: data_o/glove/query.txt.bin
[OUT] ✓ Queries loaded in 66.265819 ms
[OUT] 
[OUT] Loading ground truth...
[ERR] Loaded truth from binary cache: data_o/glove/truth.txt.bin
[OUT] ✓ Truth loaded in 63.866101 ms
[OUT] 
[OUT] Data Summary:
[OUT]   Dimension d=100, Base vectors=1183514, Queries=10000
[OUT] 
[OUT] 
[OUT] Building HNSW index...
[OUT] [Cache] Cache miss, building index...
[OUT] [Progress] 122001/1183514 (10.3%) Time: 13032.31 ms
[OUT] [Progress] 241001/1183514 (20.4%) Time: 51053.98 ms
[OUT] [Progress] 360001/1183514 (30.4%) Time: 102080.18 ms
[OUT] [Progress] 480001/1183514 (40.6%) Time: 163609.56 ms
[OUT] [Progress] 601001/1183514 (50.8%) Time: 229144.71 ms
[OUT] [Progress] 720001/1183514 (60.8%) Time: 303186.85 ms
[OUT] [Progress] 840001/1183514 (71.0%) Time: 379226.30 ms
[OUT] [Progress] 959001/1183514 (81.0%) Time: 455774.25 ms
[OUT] [Progress] 1079001/1183514 (91.2%) Time: 533821.05 ms
[OUT] [Timing] Parallel Build: 597854.25 ms for 1183514 points.
[OUT] [FlatConvert] Starting conversion for 1183514 nodes, dim=100
[OUT] [Reorder] Generated DFS mapping for 1183514 nodes.
[OUT] [FlatConvert] Reorder enabled, enter_point=0, max_level=3
[OUT] [FlatConvert] Allocating data array: 118351400 floats (451 MB)
[OUT] [FlatConvert] Copying vector data...
[OUT] [FlatConvert] Vector data copied.
[OUT] [FlatConvert] Building L0 CSR structure...
[OUT] [FlatConvert] Total L0 links: 63075721
[OUT] [FlatConvert] L0 CSR built, actual links: 63075721
[OUT] [FlatConvert] Building upper layer structure, max_level=3
[OUT] [FlatHNSW-CSR] Converted & Reordered 1183514 nodes.
[OUT] [Timing] Flat Conversion: 8892.81 ms
[OUT] [Cache] Saved index to: cache/hnsw_n1183514_d100_M63_L3_efc547.idx
[OUT] [Cache] Save time: 3266.36 ms
[OUT] ✓ Index built.
[OUT]   build_time(local)=611779.492305 ms
[OUT]   build_time(internal)=597854.247684 ms
[OUT] 
[OUT] 
[OUT] ========== GRAPH QUALITY ==========
[OUT] 
[OUT]   num_nodes: 1183514
[OUT] 
[OUT]   max_level (entry point): 3
[OUT] 
[OUT]   actual_max_layer: 3
[OUT] 
[OUT]   avg_degree_l0: 53.295289
[OUT] 
[OUT]   avg_degree_upper: 0.153114
[OUT] 
[OUT] 
[OUT]   Layer Distribution:
[OUT] 
[OUT]     L0: 1183514 nodes (100.00%)
[OUT] 
[OUT]     L1: 19119 nodes (1.62%)
[OUT] 
[OUT]     L2: 320 nodes (0.03%)
[OUT] 
[OUT]     L3: 4 nodes (0.00%)
[OUT] 
[OUT] 
[OUT] 
[OUT] Executing queries...
[OUT] 
[OUT]   Processed 1000 queries
[OUT] 
[OUT]   Processed 2000 queries
[OUT] 
[OUT]   Processed 3000 queries
[OUT] 
[OUT]   Processed 4000 queries
[OUT] 
[OUT]   Processed 5000 queries
[OUT] 
[OUT]   Processed 6000 queries
[OUT] 
[OUT]   Processed 7000 queries
[OUT] 
[OUT]   Processed 8000 queries
[OUT] 
[OUT]   Processed 9000 queries
[OUT] 
[OUT]   Processed 10000 queries
[OUT] 
[OUT] 
[OUT] ========== RESULTS ==========
[OUT] 
[OUT] Total queries: 10000
[OUT] 
[OUT] Average recall@10: 0.998750
[OUT] 
[OUT] Average query time: 5.882499 ms
[OUT] 
[OUT] Total query time: 58824.993661 ms
[OUT] 
[OUT] 
[OUT] ========== DISTANCE STATISTICS ==========
[OUT] 
[OUT] Total queries reported by index: 10000
[OUT] 
[OUT] Total distance computations: 726922944
[OUT] 
[OUT] Average distance ops per query: 72692.294400
[OUT] 
[OUT] Last query distance ops: 49157
[OUT] 
[OUT] 
[OUT] ========== PERFORMANCE SUMMARY ==========
[OUT] 
[OUT] Data loading time: 2182.817092 ms
[OUT] 
[OUT] Index build time: 597854.247684 ms
[OUT] 
[OUT] Query execution time: 58824.993661 ms
[OUT] 
[OUT] Total elapsed time: 672787.303058 ms
[OUT] 
[OUT] 
[OUT] ========== EFFICIENCY METRICS ==========
[OUT] 
[OUT] Queries per second: 169.995768
[OUT] 
[OUT] Distance ops per second: 12357382.445107
[OUT] 
[OUT] 
[OUT] ========== END OF LOG ==========
[OUT] 
[OUT] Log saved to: Log/run_20251204_075926_000.log
[OUT] 
   [RESULT] Rec=0.9988 Time=5.8825ms
