   [START] m=50, ml=15, efc=1386, efs=560
[OUT] ========== HNSW Search Test ==========
[OUT] 
[OUT] Timestamp: Sun Dec  7 20:38:25 2025
[OUT] 
[OUT] Command line arguments:
[OUT]   argv[0]: ./hng3
[OUT]   argv[1]: --m
[OUT]   argv[2]: 50
[OUT]   argv[3]: --max_layer
[OUT]   argv[4]: 15
[OUT]   argv[5]: --efc
[OUT]   argv[6]: 1386
[OUT]   argv[7]: --efs
[OUT]   argv[8]: 560
[OUT] 
[OUT] Configuration:
[OUT]   Base file: data_o/glove/base.txt
[OUT]   Query file: data_o/glove/query.txt
[OUT]   Truth file: data_o/glove/truth.txt
[OUT]   K: 10
[OUT]   M: 50
[OUT]   Max layer: 15
[OUT]   EFC: 1386
[OUT]   EFS: 560
[OUT]   Threads: -1
[ERR] Loaded base from binary cache: data_o/glove/base.txt.bin
[OUT]   Debug: -1
[OUT] 
[OUT] HNSW parameters set.
[OUT] 
[OUT] Ablation flags: csr=0, prefetch=0, simd=0, pruning=0, heap=0
[OUT] 
[OUT] Loading base vectors...
[ERR] Loaded queries from binary cache: data_o/glove/query.txt.bin
[OUT] ✓ Base loaded in 4372.359043 ms
[OUT] 
[OUT] Loading query vectors...
[OUT] ✓ Queries loaded in 81.817600 ms
[OUT] 
[OUT] Loading ground truth...
[ERR] Loaded truth from binary cache: data_o/glove/truth.txt.bin
[OUT] ✓ Truth loaded in 87.567289 ms
[OUT] 
[OUT] Data Summary:
[OUT]   Dimension d=100, Base vectors=1183514, Queries=10000
[OUT] 
[OUT] 
[OUT] Building HNSW index...
[OUT] [Cache] Loaded index from: cache/hnsw_n1183514_d100_M50_L15_efc1386.idx
[OUT] [Cache] Load time: 5562.35 ms
[OUT] ✓ Index built.
[OUT]   build_time(local)=5568.091449 ms
[OUT]   build_time(internal)=5562.352111 ms
[OUT] 
[OUT] Executing queries...
[OUT] 
[OUT]   Processed 1000 queries
[OUT] 
[OUT]   Processed 2000 queries
[OUT] 
[OUT]   Processed 3000 queries
[OUT] 
[OUT]   Processed 4000 queries
[OUT] 
[OUT]   Processed 5000 queries
[OUT] 
[OUT]   Processed 6000 queries
[OUT] 
[OUT]   Processed 7000 queries
[OUT] 
[OUT]   Processed 8000 queries
[OUT] 
[OUT]   Processed 9000 queries
[OUT] 
[OUT]   Processed 10000 queries
[OUT] 
[OUT] 
[OUT] ========== RESULTS ==========
[OUT] 
[OUT] Total queries: 10000
[OUT] 
[OUT] Average recall@10: 0.993800
[OUT] 
[OUT] Average query time: 2.368787 ms
[OUT] 
[OUT] Total query time: 23687.872725 ms
[OUT] 
[OUT] 
[OUT] ========== DISTANCE STATISTICS ==========
[OUT] 
[OUT] Total queries reported by index: 10000
[OUT] 
[OUT] Total distance computations: 343730916
[OUT] 
[OUT] Average distance ops per query: 34373.091600
[OUT] 
[OUT] Last query distance ops: 31181
[OUT] 
[OUT] 
[OUT] ========== PERFORMANCE SUMMARY ==========
[OUT] 
[OUT] Data loading time: 4541.743932 ms
[OUT] 
[OUT] Index build time: 5562.352111 ms
[OUT] 
[OUT] Query execution time: 23687.872725 ms
[OUT] 
[OUT] Total elapsed time: 33797.708106 ms
[OUT] 
[OUT] 
[OUT] ========== EFFICIENCY METRICS ==========
[OUT] 
[OUT] Queries per second: 422.156946
[OUT] 
[OUT] Distance ops per second: 14510839.364534
[OUT] 
[OUT] 
[OUT] ========== END OF LOG ==========
[OUT] 
[OUT] Log saved to: Log/run_20251207_203825_461.log
[OUT] 
   [RESULT] Rec=0.9938 Time=2.3688ms
