   [START] m=48, ml=9, efc=567, efs=682
[OUT] ========== HNSW Search Test ==========
[ERR] Loaded base from binary cache: data_o/glove/base.txt.bin
[OUT] 
[OUT] Timestamp: Thu Dec  4 04:42:26 2025
[OUT] 
[OUT] Command line arguments:
[OUT]   argv[0]: ./hng1
[OUT]   argv[1]: --m
[OUT]   argv[2]: 48
[OUT]   argv[3]: --max_layer
[OUT]   argv[4]: 9
[OUT]   argv[5]: --efc
[OUT]   argv[6]: 567
[OUT]   argv[7]: --efs
[OUT]   argv[8]: 682
[OUT] 
[OUT] Configuration:
[OUT]   Base file: data_o/glove/base.txt
[OUT]   Query file: data_o/glove/query.txt
[OUT]   Truth file: data_o/glove/truth.txt
[OUT]   K: 10
[OUT]   M: 48
[OUT]   Max layer: 9
[OUT]   EFC: 567
[OUT]   EFS: 682
[OUT]   Threads: -1
[OUT]   Debug: -1
[OUT] 
[OUT] HNSW parameters set.
[OUT] 
[OUT] Ablation flags: csr=0, prefetch=0, simd=0, pruning=0, heap=0
[OUT] 
[OUT] Loading base vectors...
[OUT] ✓ Base loaded in 3460.017209 ms
[ERR] Loaded queries from binary cache: data_o/glove/query.txt.bin
[OUT] 
[OUT] Loading query vectors...
[OUT] ✓ Queries loaded in 82.442983 ms
[OUT] 
[OUT] Loading ground truth...
[ERR] Loaded truth from binary cache: data_o/glove/truth.txt.bin
[OUT] ✓ Truth loaded in 93.001331 ms
[OUT] 
[OUT] Data Summary:
[OUT]   Dimension d=100, Base vectors=1183514, Queries=10000
[OUT] 
[OUT] 
[OUT] Building HNSW index...
[OUT] [Cache] Loaded index from: cache/hnsw_n1183514_d100_M48_L9_efc567.idx
[OUT] [Cache] Load time: 3820.20 ms
[OUT] ✓ Index built.
[OUT]   build_time(local)=3826.166482 ms
[OUT]   build_time(internal)=3820.198916 ms
[OUT] 
[OUT] 
[OUT] ========== GRAPH QUALITY ==========
[OUT] 
[OUT]   num_nodes: 1183514
[OUT] 
[OUT]   max_level (entry point): 4
[OUT] 
[OUT]   actual_max_layer: 4
[OUT] 
[OUT]   avg_degree_l0: 53.165266
[OUT] 
[OUT]   avg_degree_upper: 0.142385
[OUT] 
[OUT] 
[OUT]   Layer Distribution:
[OUT] 
[OUT]     L0: 1183514 nodes (100.00%)
[OUT] 
[OUT]     L1: 24601 nodes (2.08%)
[OUT] 
[OUT]     L2: 514 nodes (0.04%)
[OUT] 
[OUT]     L3: 12 nodes (0.00%)
[OUT] 
[OUT]     L4: 2 nodes (0.00%)
[OUT] 
[OUT] 
[OUT] 
[OUT] Executing queries...
[OUT] 
[OUT]   Processed 1000 queries
[OUT] 
[OUT]   Processed 2000 queries
[OUT] 
[OUT]   Processed 3000 queries
[OUT] 
[OUT]   Processed 4000 queries
[OUT] 
[OUT]   Processed 5000 queries
[OUT] 
[OUT]   Processed 6000 queries
[OUT] 
[OUT]   Processed 7000 queries
[OUT] 
[OUT]   Processed 8000 queries
[OUT] 
[OUT]   Processed 9000 queries
[OUT] 
[OUT]   Processed 10000 queries
[OUT] 
[OUT] 
[OUT] ========== RESULTS ==========
[OUT] 
[OUT] Total queries: 10000
[OUT] 
[OUT] Average recall@10: 0.990030
[OUT] 
[OUT] Average query time: 2.039691 ms
[OUT] 
[OUT] Total query time: 20396.908479 ms
[OUT] 
[OUT] 
[OUT] ========== DISTANCE STATISTICS ==========
[OUT] 
[OUT] Total queries reported by index: 10000
[OUT] 
[OUT] Total distance computations: 280844703
[OUT] 
[OUT] Average distance ops per query: 28084.470300
[OUT] 
[OUT] Last query distance ops: 21706
[OUT] 
[OUT] 
[OUT] ========== PERFORMANCE SUMMARY ==========
[OUT] 
[OUT] Data loading time: 3635.461523 ms
[OUT] 
[OUT] Index build time: 3820.198916 ms
[OUT] 
[OUT] Query execution time: 20396.908479 ms
[OUT] 
[OUT] Total elapsed time: 27858.536484 ms
[OUT] 
[OUT] 
[OUT] ========== EFFICIENCY METRICS ==========
[OUT] 
[OUT] Queries per second: 490.270377
[OUT] 
[OUT] Distance ops per second: 13768983.828562
[OUT] 
[OUT] 
[OUT] ========== END OF LOG ==========
[OUT] 
[OUT] Log saved to: Log/run_20251204_044226_961.log
[OUT] 
   [RESULT] Rec=0.9900 Time=2.0397ms
