   [START] m=57, ml=10, efc=757, efs=2000
[OUT] ========== HNSW Search Test ==========
[OUT] 
[OUT] Timestamp: Thu Dec  4 01:44:16 2025
[OUT] 
[OUT] Command line arguments:
[OUT]   argv[0]: ./hng1
[OUT]   argv[1]: --m
[OUT]   argv[2]: 57
[OUT]   argv[3]: --max_layer
[OUT]   argv[4]: 10
[OUT]   argv[5]: --efc
[OUT]   argv[6]: 757
[OUT]   argv[7]: --efs
[OUT]   argv[8]: 2000
[OUT] 
[OUT] Configuration:
[OUT]   Base file: data_o/glove/base.txt
[OUT]   Query file: data_o/glove/query.txt
[OUT]   Truth file: data_o/glove/truth.txt
[OUT]   K: 10
[OUT]   M: 57
[OUT]   Max layer: 10
[OUT]   EFC: 757
[OUT]   EFS: 2000
[OUT]   Threads: -1
[OUT]   Debug: -1
[OUT] 
[OUT] HNSW parameters set.
[OUT] 
[OUT] Ablation flags: csr=0, prefetch=0, simd=0, pruning=0, heap=0
[OUT] 
[OUT] Loading base vectors...
[ERR] Loaded base from binary cache: data_o/glove/base.txt.bin
[OUT] ✓ Base loaded in 4499.037213 ms
[OUT] 
[OUT] Loading query vectors...
[ERR] Loaded queries from binary cache: data_o/glove/query.txt.bin
[OUT] ✓ Queries loaded in 70.693593 ms
[OUT] 
[OUT] Loading ground truth...
[ERR] Loaded truth from binary cache: data_o/glove/truth.txt.bin
[OUT] ✓ Truth loaded in 69.654688 ms
[OUT] 
[OUT] Data Summary:
[OUT]   Dimension d=100, Base vectors=1183514, Queries=10000
[OUT] 
[OUT] 
[OUT] Building HNSW index...
[OUT] [Cache] Cache miss, building index...
[OUT] [Progress] 120001/1183514 (10.1%) Time: 16519.63 ms
[OUT] [Progress] 240001/1183514 (20.3%) Time: 69545.15 ms
[OUT] [Progress] 359001/1183514 (30.3%) Time: 145084.31 ms
[OUT] [Progress] 479001/1183514 (40.5%) Time: 239649.03 ms
[OUT] [Progress] 598001/1183514 (50.5%) Time: 339732.51 ms
[OUT] [Progress] 717001/1183514 (60.6%) Time: 445793.05 ms
[OUT] [Progress] 836001/1183514 (70.6%) Time: 557874.93 ms
[OUT] [Progress] 955001/1183514 (80.7%) Time: 678945.65 ms
[OUT] [Progress] 1075001/1183514 (90.8%) Time: 799041.03 ms
[OUT] [Timing] Parallel Build: 893612.64 ms for 1183514 points.
[OUT] [FlatConvert] Starting conversion for 1183514 nodes, dim=100
[OUT] [Reorder] Generated DFS mapping for 1183514 nodes.
[OUT] [FlatConvert] Reorder enabled, enter_point=0, max_level=3
[OUT] [FlatConvert] Allocating data array: 118351400 floats (451 MB)
[OUT] [FlatConvert] Copying vector data...
[OUT] [FlatConvert] Vector data copied.
[OUT] [FlatConvert] Building L0 CSR structure...
[OUT] [FlatConvert] Total L0 links: 71083557
[OUT] [FlatConvert] L0 CSR built, actual links: 71083557
[OUT] [FlatConvert] Building upper layer structure, max_level=3
[OUT] [FlatHNSW-CSR] Converted & Reordered 1183514 nodes.
[OUT] [Timing] Flat Conversion: 9247.21 ms
[OUT] [Cache] Saved index to: cache/hnsw_n1183514_d100_M57_L10_efc757.idx
[OUT] [Cache] Save time: 3395.55 ms
[OUT] ✓ Index built.
[OUT]   build_time(local)=908311.218896 ms
[OUT]   build_time(internal)=893612.636360 ms
[OUT] 
[OUT] 
[OUT] ========== GRAPH QUALITY ==========
[OUT] 
[OUT]   num_nodes: 1183514
[OUT] 
[OUT]   max_level (entry point): 3
[OUT] 
[OUT]   actual_max_layer: 3
[OUT] 
[OUT]   avg_degree_l0: 60.061442
[OUT] 
[OUT]   avg_degree_upper: 0.162462
[OUT] 
[OUT] 
[OUT]   Layer Distribution:
[OUT] 
[OUT]     L0: 1183514 nodes (100.00%)
[OUT] 
[OUT]     L1: 20701 nodes (1.75%)
[OUT] 
[OUT]     L2: 385 nodes (0.03%)
[OUT] 
[OUT]     L3: 2 nodes (0.00%)
[OUT] 
[OUT] 
[OUT] 
[OUT] Executing queries...
[OUT] 
[OUT]   Processed 1000 queries
[OUT] 
[OUT]   Processed 2000 queries
[OUT] 
[OUT]   Processed 3000 queries
[OUT] 
[OUT]   Processed 4000 queries
[OUT] 
[OUT]   Processed 5000 queries
[OUT] 
[OUT]   Processed 6000 queries
[OUT] 
[OUT]   Processed 7000 queries
[OUT] 
[OUT]   Processed 8000 queries
[OUT] 
[OUT]   Processed 9000 queries
[OUT] 
[OUT]   Processed 10000 queries
[OUT] 
[OUT] 
[OUT] ========== RESULTS ==========
[OUT] 
[OUT] Total queries: 10000
[OUT] 
[OUT] Average recall@10: 0.999110
[OUT] 
[OUT] Average query time: 6.654931 ms
[OUT] 
[OUT] Total query time: 66549.311497 ms
[OUT] 
[OUT] 
[OUT] ========== DISTANCE STATISTICS ==========
[OUT] 
[OUT] Total queries reported by index: 10000
[OUT] 
[OUT] Total distance computations: 799255182
[OUT] 
[OUT] Average distance ops per query: 79925.518200
[OUT] 
[OUT] Last query distance ops: 54175
[OUT] 
[OUT] 
[OUT] ========== PERFORMANCE SUMMARY ==========
[OUT] 
[OUT] Data loading time: 4639.385494 ms
[OUT] 
[OUT] Index build time: 893612.636360 ms
[OUT] 
[OUT] Query execution time: 66549.311497 ms
[OUT] 
[OUT] Total elapsed time: 979499.915887 ms
[OUT] 
[OUT] 
[OUT] ========== EFFICIENCY METRICS ==========
[OUT] 
[OUT] Queries per second: 150.264515
[OUT] 
[OUT] Distance ops per second: 12009969.209614
[OUT] 
[OUT] 
[OUT] ========== END OF LOG ==========
[OUT] 
[OUT] Log saved to: Log/run_20251204_014416_017.log
[OUT] 
   [RESULT] Rec=0.9991 Time=6.6549ms
