   [START] m=35, ml=12, efc=528, efs=2000
[OUT] ========== HNSW Search Test ==========
[OUT] 
[OUT] Timestamp: Thu Dec  4 05:14:23 2025
[OUT] 
[OUT] Command line arguments:
[OUT]   argv[0]: ./hng1
[OUT]   argv[1]: --m
[OUT]   argv[2]: 35
[OUT]   argv[3]: --max_layer
[OUT]   argv[4]: 12
[OUT]   argv[5]: --efc
[OUT]   argv[6]: 528
[OUT]   argv[7]: --efs
[OUT]   argv[8]: 2000
[OUT] 
[OUT] Configuration:
[OUT]   Base file: data_o/glove/base.txt
[OUT]   Query file: data_o/glove/query.txt
[OUT]   Truth file: data_o/glove/truth.txt
[OUT]   K: 10
[OUT]   M: 35
[OUT]   Max layer: 12
[OUT]   EFC: 528
[OUT]   EFS: 2000
[OUT]   Threads: -1
[OUT]   Debug: -1
[OUT] 
[OUT] HNSW parameters set.
[OUT] 
[OUT] Ablation flags: csr=0, prefetch=0, simd=0, pruning=0, heap=0
[OUT] 
[OUT] Loading base vectors...
[ERR] Loaded base from binary cache: data_o/glove/base.txt.bin
[OUT] ✓ Base loaded in 3685.972688 ms
[OUT] 
[OUT] Loading query vectors...
[ERR] Loaded queries from binary cache: data_o/glove/query.txt.bin
[OUT] ✓ Queries loaded in 68.065833 ms
[OUT] 
[OUT] Loading ground truth...
[ERR] Loaded truth from binary cache: data_o/glove/truth.txt.bin
[OUT] ✓ Truth loaded in 68.255261 ms
[OUT] 
[OUT] Data Summary:
[OUT]   Dimension d=100, Base vectors=1183514, Queries=10000
[OUT] 
[OUT] 
[OUT] Building HNSW index...
[OUT] [Cache] Cache miss, building index...
[OUT] [Progress] 121001/1183514 (10.2%) Time: 11020.12 ms
[OUT] [Progress] 243001/1183514 (20.5%) Time: 43533.51 ms
[OUT] [Progress] 363001/1183514 (30.7%) Time: 87597.65 ms
[OUT] [Progress] 483001/1183514 (40.8%) Time: 141143.48 ms
[OUT] [Progress] 602001/1183514 (50.9%) Time: 198177.96 ms
[OUT] [Progress] 722001/1183514 (61.0%) Time: 255727.88 ms
[OUT] [Progress] 841001/1183514 (71.1%) Time: 317759.65 ms
[OUT] [Progress] 960001/1183514 (81.1%) Time: 383314.73 ms
[OUT] [Progress] 1080001/1183514 (91.3%) Time: 448860.74 ms
[OUT] [Timing] Parallel Build: 497890.04 ms for 1183514 points.
[OUT] [FlatConvert] Starting conversion for 1183514 nodes, dim=100
[OUT] [Reorder] Generated DFS mapping for 1183514 nodes.
[OUT] [FlatConvert] Reorder enabled, enter_point=0, max_level=3
[OUT] [FlatConvert] Allocating data array: 118351400 floats (451 MB)
[OUT] [FlatConvert] Copying vector data...
[OUT] [FlatConvert] Vector data copied.
[OUT] [FlatConvert] Building L0 CSR structure...
[OUT] [FlatConvert] Total L0 links: 56881019
[OUT] [FlatConvert] L0 CSR built, actual links: 56881019
[OUT] [FlatConvert] Building upper layer structure, max_level=3
[OUT] [FlatHNSW-CSR] Converted & Reordered 1183514 nodes.
[OUT] [Timing] Flat Conversion: 7647.99 ms
[OUT] [Cache] Saved index to: cache/hnsw_n1183514_d100_M35_L12_efc528.idx
[OUT] [Cache] Save time: 3162.39 ms
[OUT] ✓ Index built.
[OUT]   build_time(local)=510156.554741 ms
[OUT]   build_time(internal)=497890.040843 ms
[OUT] 
[OUT] 
[OUT] ========== GRAPH QUALITY ==========
[OUT] 
[OUT]   num_nodes: 1183514
[OUT] 
[OUT]   max_level (entry point): 3
[OUT] 
[OUT]   actual_max_layer: 3
[OUT] 
[OUT]   avg_degree_l0: 48.061129
[OUT] 
[OUT]   avg_degree_upper: 0.262896
[OUT] 
[OUT] 
[OUT]   Layer Distribution:
[OUT] 
[OUT]     L0: 1183514 nodes (100.00%)
[OUT] 
[OUT]     L1: 33514 nodes (2.83%)
[OUT] 
[OUT]     L2: 967 nodes (0.08%)
[OUT] 
[OUT]     L3: 27 nodes (0.00%)
[OUT] 
[OUT] 
[OUT] 
[OUT] Executing queries...
[OUT] 
[OUT]   Processed 1000 queries
[OUT] 
[OUT]   Processed 2000 queries
[OUT] 
[OUT]   Processed 3000 queries
[OUT] 
[OUT]   Processed 4000 queries
[OUT] 
[OUT]   Processed 5000 queries
[OUT] 
[OUT]   Processed 6000 queries
[OUT] 
[OUT]   Processed 7000 queries
[OUT] 
[OUT]   Processed 8000 queries
[OUT] 
[OUT]   Processed 9000 queries
[OUT] 
[OUT]   Processed 10000 queries
[OUT] 
[OUT] 
[OUT] ========== RESULTS ==========
[OUT] 
[OUT] Total queries: 10000
[OUT] 
[OUT] Average recall@10: 0.997910
[OUT] 
[OUT] Average query time: 5.381444 ms
[OUT] 
[OUT] Total query time: 53814.440583 ms
[OUT] 
[OUT] 
[OUT] ========== DISTANCE STATISTICS ==========
[OUT] 
[OUT] Total queries reported by index: 10000
[OUT] 
[OUT] Total distance computations: 622701584
[OUT] 
[OUT] Average distance ops per query: 62270.158400
[OUT] 
[OUT] Last query distance ops: 45928
[OUT] 
[OUT] 
[OUT] ========== PERFORMANCE SUMMARY ==========
[OUT] 
[OUT] Data loading time: 3822.293782 ms
[OUT] 
[OUT] Index build time: 497890.040843 ms
[OUT] 
[OUT] Query execution time: 53814.440583 ms
[OUT] 
[OUT] Total elapsed time: 567793.289106 ms
[OUT] 
[OUT] 
[OUT] ========== EFFICIENCY METRICS ==========
[OUT] 
[OUT] Queries per second: 185.823729
[OUT] 
[OUT] Distance ops per second: 11571273.012484
[OUT] 
[OUT] 
[OUT] ========== END OF LOG ==========
[OUT] 
[OUT] Log saved to: Log/run_20251204_051423_049.log
[OUT] 
   [RESULT] Rec=0.9979 Time=5.3814ms
