   [START] m=56, ml=4, efc=1465, efs=2000
[OUT] ========== HNSW Search Test ==========
[OUT] 
[OUT] Timestamp: Sat Dec  6 09:36:49 2025
[OUT] 
[OUT] Command line arguments:
[OUT]   argv[0]: ./hng1
[OUT]   argv[1]: --m
[OUT]   argv[2]: 56
[OUT]   argv[3]: --max_layer
[OUT]   argv[4]: 4
[OUT]   argv[5]: --efc
[OUT]   argv[6]: 1465
[OUT]   argv[7]: --efs
[OUT]   argv[8]: 2000
[OUT] 
[OUT] Configuration:
[OUT]   Base file: data_o/glove/base.txt
[OUT]   Query file: data_o/glove/query.txt
[OUT]   Truth file: data_o/glove/truth.txt
[OUT]   K: 10
[OUT]   M: 56
[OUT]   Max layer: 4
[OUT]   EFC: 1465
[OUT]   EFS: 2000
[OUT]   Threads: -1
[OUT]   Debug: -1
[OUT] 
[OUT] HNSW parameters set.
[OUT] 
[OUT] Ablation flags: csr=0, prefetch=0, simd=0, pruning=0, heap=0
[OUT] 
[OUT] Loading base vectors...
[ERR] Loaded base from binary cache: data_o/glove/base.txt.bin
[OUT] ✓ Base loaded in 2251.870586 ms
[OUT] 
[OUT] Loading query vectors...
[ERR] Loaded queries from binary cache: data_o/glove/query.txt.bin
[OUT] ✓ Queries loaded in 67.933080 ms
[OUT] 
[OUT] Loading ground truth...
[ERR] Loaded truth from binary cache: data_o/glove/truth.txt.bin
[OUT] ✓ Truth loaded in 68.905415 ms
[OUT] 
[OUT] Data Summary:
[OUT]   Dimension d=100, Base vectors=1183514, Queries=10000
[OUT] 
[OUT] 
[OUT] Building HNSW index...
[OUT] [Cache] Cache miss, building index...
[OUT] [Progress] 119001/1183514 (10.1%) Time: 35189.20 ms
[OUT] [Progress] 238001/1183514 (20.1%) Time: 148421.23 ms
[OUT] [Progress] 357001/1183514 (30.2%) Time: 308762.70 ms
[OUT] [Progress] 476001/1183514 (40.2%) Time: 503856.77 ms
[OUT] [Progress] 595001/1183514 (50.3%) Time: 740194.35 ms
[OUT] [Progress] 714001/1183514 (60.3%) Time: 969869.84 ms
[OUT] [Progress] 833001/1183514 (70.4%) Time: 1232631.74 ms
[OUT] [Progress] 952001/1183514 (80.4%) Time: 1501045.60 ms
[OUT] [Progress] 1072001/1183514 (90.6%) Time: 1767917.52 ms
[OUT] [Timing] Parallel Build: 1994395.89 ms for 1183514 points.
[OUT] [FlatConvert] Starting conversion for 1183514 nodes, dim=100
[OUT] [Reorder] Generated DFS mapping for 1183514 nodes.
[OUT] [FlatConvert] Reorder enabled, enter_point=0, max_level=3
[OUT] [FlatConvert] Allocating data array: 118351400 floats (451 MB)
[OUT] [FlatConvert] Copying vector data...
[OUT] [FlatConvert] Vector data copied.
[OUT] [FlatConvert] Building L0 CSR structure...
[OUT] [FlatConvert] Total L0 links: 85007462

   [TIMEOUT]
