   [START] m=32, ml=5, efc=530, efs=2000
[OUT] ========== HNSW Search Test ==========
[OUT] 
[OUT] Timestamp: Thu Dec  4 10:48:09 2025
[OUT] 
[OUT] Command line arguments:
[OUT]   argv[0]: ./hng1
[ERR] Loaded base from binary cache: data_o/glove/base.txt.bin
[OUT]   argv[1]: --m
[OUT]   argv[2]: 32
[OUT]   argv[3]: --max_layer
[OUT]   argv[4]: 5
[OUT]   argv[5]: --efc
[OUT]   argv[6]: 530
[OUT]   argv[7]: --efs
[OUT]   argv[8]: 2000
[OUT] 
[OUT] Configuration:
[OUT]   Base file: data_o/glove/base.txt
[OUT]   Query file: data_o/glove/query.txt
[OUT]   Truth file: data_o/glove/truth.txt
[OUT]   K: 10
[OUT]   M: 32
[OUT]   Max layer: 5
[OUT]   EFC: 530
[OUT]   EFS: 2000
[OUT]   Threads: -1
[OUT]   Debug: -1
[OUT] 
[OUT] HNSW parameters set.
[OUT] 
[OUT] Ablation flags: csr=0, prefetch=0, simd=0, pruning=0, heap=0
[OUT] 
[OUT] Loading base vectors...
[OUT] ✓ Base loaded in 2271.683330 ms
[OUT] 
[OUT] Loading query vectors...
[ERR] Loaded queries from binary cache: data_o/glove/query.txt.bin
[OUT] ✓ Queries loaded in 67.349269 ms
[OUT] 
[OUT] Loading ground truth...
[ERR] Loaded truth from binary cache: data_o/glove/truth.txt.bin
[OUT] ✓ Truth loaded in 69.103996 ms
[OUT] 
[OUT] Data Summary:
[OUT]   Dimension d=100, Base vectors=1183514, Queries=10000
[OUT] 
[OUT] 
[OUT] Building HNSW index...
[OUT] [Cache] Cache miss, building index...
[OUT] [Progress] 120001/1183514 (10.1%) Time: 11021.97 ms
[OUT] [Progress] 242001/1183514 (20.4%) Time: 43538.55 ms
[OUT] [Progress] 361001/1183514 (30.5%) Time: 90079.97 ms
[OUT] [Progress] 481001/1183514 (40.6%) Time: 142609.68 ms
[OUT] [Progress] 600001/1183514 (50.7%) Time: 198644.03 ms
[OUT] [Progress] 719001/1183514 (60.8%) Time: 259183.54 ms
[OUT] [Progress] 838001/1183514 (70.8%) Time: 320726.84 ms
[OUT] [Progress] 958001/1183514 (80.9%) Time: 386277.72 ms
[OUT] [Progress] 1077001/1183514 (91.0%) Time: 453341.15 ms
[OUT] [Timing] Parallel Build: 505406.86 ms for 1183514 points.
[OUT] [FlatConvert] Starting conversion for 1183514 nodes, dim=100
[OUT] [Reorder] Generated DFS mapping for 1183514 nodes.
[OUT] [FlatConvert] Reorder enabled, enter_point=0, max_level=4
[OUT] [FlatConvert] Allocating data array: 118351400 floats (451 MB)
[OUT] [FlatConvert] Copying vector data...
[OUT] [FlatConvert] Vector data copied.
[OUT] [FlatConvert] Building L0 CSR structure...
[OUT] [FlatConvert] Total L0 links: 54901506
[OUT] [FlatConvert] L0 CSR built, actual links: 54901506
[OUT] [FlatConvert] Building upper layer structure, max_level=4
[OUT] [FlatHNSW-CSR] Converted & Reordered 1183514 nodes.
[OUT] [Timing] Flat Conversion: 7717.94 ms
[OUT] [Cache] Saved index to: cache/hnsw_n1183514_d100_M32_L5_efc530.idx
[OUT] [Cache] Save time: 3237.17 ms
[OUT] ✓ Index built.
[OUT]   build_time(local)=517659.824066 ms
[OUT]   build_time(internal)=505406.860276 ms
[OUT] 
[OUT] 
[OUT] ========== GRAPH QUALITY ==========
[OUT] 
[OUT]   num_nodes: 1183514
[OUT] 
[OUT]   max_level (entry point): 4
[OUT] 
[OUT]   actual_max_layer: 4
[OUT] 
[OUT]   avg_degree_l0: 46.388556
[OUT] 
[OUT]   avg_degree_upper: 0.194932
[OUT] 
[OUT] 
[OUT]   Layer Distribution:
[OUT] 
[OUT]     L0: 1183514 nodes (100.00%)
[OUT] 
[OUT]     L1: 36962 nodes (3.12%)
[OUT] 
[OUT]     L2: 1244 nodes (0.11%)
[OUT] 
[OUT]     L3: 32 nodes (0.00%)
[OUT] 
[OUT]     L4: 1 nodes (0.00%)
[OUT] 
[OUT] 
[OUT] 
[OUT] Executing queries...
[OUT] 
[OUT]   Processed 1000 queries
[OUT] 
[OUT]   Processed 2000 queries
[OUT] 
[OUT]   Processed 3000 queries
[OUT] 
[OUT]   Processed 4000 queries
[OUT] 
[OUT]   Processed 5000 queries
[OUT] 
[OUT]   Processed 6000 queries
[OUT] 
[OUT]   Processed 7000 queries
[OUT] 
[OUT]   Processed 8000 queries
[OUT] 
[OUT]   Processed 9000 queries
[OUT] 
[OUT]   Processed 10000 queries
[OUT] 
[OUT] 
[OUT] ========== RESULTS ==========
[OUT] 
[OUT] Total queries: 10000
[OUT] 
[OUT] Average recall@10: 0.997540
[OUT] 
[OUT] Average query time: 5.125595 ms
[OUT] 
[OUT] Total query time: 51255.948540 ms
[OUT] 
[OUT] 
[OUT] ========== DISTANCE STATISTICS ==========
[OUT] 
[OUT] Total queries reported by index: 10000
[OUT] 
[OUT] Total distance computations: 594408362
[OUT] 
[OUT] Average distance ops per query: 59440.836200
[OUT] 
[OUT] Last query distance ops: 44385
[OUT] 
[OUT] 
[OUT] ========== PERFORMANCE SUMMARY ==========
[OUT] 
[OUT] Data loading time: 2408.136595 ms
[OUT] 
[OUT] Index build time: 505406.860276 ms
[OUT] 
[OUT] Query execution time: 51255.948540 ms
[OUT] 
[OUT] Total elapsed time: 571323.909201 ms
[OUT] 
[OUT] 
[OUT] ========== EFFICIENCY METRICS ==========
[OUT] 
[OUT] Queries per second: 195.099306
[OUT] 
[OUT] Distance ops per second: 11596865.903986
[OUT] 
[OUT] 
[OUT] ========== END OF LOG ==========
[OUT] 
[OUT] Log saved to: Log/run_20251204_104809_876.log
[OUT] 
   [RESULT] Rec=0.9975 Time=5.1256ms
