   [START] m=63, ml=3, efc=661, efs=616
[OUT] ========== HNSW Search Test ==========
[OUT] 
[OUT] Timestamp: Thu Dec  4 09:21:29 2025
[OUT] 
[OUT] Command line arguments:
[OUT]   argv[0]: ./hng1
[OUT]   argv[1]: --m
[OUT]   argv[2]: 63
[OUT]   argv[3]: --max_layer
[OUT]   argv[4]: 3
[ERR] Loaded base from binary cache: data_o/glove/base.txt.bin
[OUT]   argv[5]: --efc
[OUT]   argv[6]: 661
[OUT]   argv[7]: --efs
[OUT]   argv[8]: 616
[OUT] 
[OUT] Configuration:
[OUT]   Base file: data_o/glove/base.txt
[OUT]   Query file: data_o/glove/query.txt
[OUT]   Truth file: data_o/glove/truth.txt
[OUT]   K: 10
[OUT]   M: 63
[OUT]   Max layer: 3
[OUT]   EFC: 661
[OUT]   EFS: 616
[OUT]   Threads: -1
[OUT]   Debug: -1
[OUT] 
[OUT] HNSW parameters set.
[OUT] 
[OUT] Ablation flags: csr=0, prefetch=0, simd=0, pruning=0, heap=0
[OUT] 
[OUT] Loading base vectors...
[OUT] ✓ Base loaded in 2191.097405 ms
[OUT] 
[OUT] Loading query vectors...
[ERR] Loaded queries from binary cache: data_o/glove/query.txt.bin
[OUT] ✓ Queries loaded in 72.600118 ms
[OUT] 
[OUT] Loading ground truth...
[ERR] Loaded truth from binary cache: data_o/glove/truth.txt.bin
[OUT] ✓ Truth loaded in 68.769903 ms
[OUT] 
[OUT] Data Summary:
[OUT]   Dimension d=100, Base vectors=1183514, Queries=10000
[OUT] 
[OUT] 
[OUT] Building HNSW index...
[OUT] [Cache] Loaded index from: cache/hnsw_n1183514_d100_M63_L3_efc661.idx
[OUT] [Cache] Load time: 3692.29 ms
[OUT] ✓ Index built.
[OUT]   build_time(local)=3697.487539 ms
[OUT]   build_time(internal)=3692.288918 ms
[OUT] 
[OUT] 
[OUT] ========== GRAPH QUALITY ==========
[OUT] 
[OUT]   num_nodes: 1183514
[OUT] 
[OUT]   max_level (entry point): 3
[OUT] 
[OUT]   actual_max_layer: 3
[OUT] 
[OUT]   avg_degree_l0: 57.447374
[OUT] 
[OUT]   avg_degree_upper: 0.129794
[OUT] 
[OUT] 
[OUT]   Layer Distribution:
[OUT] 
[OUT]     L0: 1183514 nodes (100.00%)
[OUT] 
[OUT]     L1: 18751 nodes (1.58%)
[OUT] 
[OUT]     L2: 307 nodes (0.03%)
[OUT] 
[OUT]     L3: 3 nodes (0.00%)
[OUT] 
[OUT] 
[OUT] 
[OUT] Executing queries...
[OUT] 
[OUT]   Processed 1000 queries
[OUT] 
[OUT]   Processed 2000 queries
[OUT] 
[OUT]   Processed 3000 queries
[OUT] 
[OUT]   Processed 4000 queries
[OUT] 
[OUT]   Processed 5000 queries
[OUT] 
[OUT]   Processed 6000 queries
[OUT] 
[OUT]   Processed 7000 queries
[OUT] 
[OUT]   Processed 8000 queries
[OUT] 
[OUT]   Processed 9000 queries
[OUT] 
[OUT]   Processed 10000 queries
[OUT] 
[OUT] 
[OUT] ========== RESULTS ==========
[OUT] 
[OUT] Total queries: 10000
[OUT] 
[OUT] Average recall@10: 0.989980
[OUT] 
[OUT] Average query time: 2.006643 ms
[OUT] 
[OUT] Total query time: 20066.427440 ms
[OUT] 
[OUT] 
[OUT] ========== DISTANCE STATISTICS ==========
[OUT] 
[OUT] Total queries reported by index: 10000
[OUT] 
[OUT] Total distance computations: 281184204
[OUT] 
[OUT] Average distance ops per query: 28118.420400
[OUT] 
[OUT] Last query distance ops: 21220
[OUT] 
[OUT] 
[OUT] ========== PERFORMANCE SUMMARY ==========
[OUT] 
[OUT] Data loading time: 2332.467426 ms
[OUT] 
[OUT] Index build time: 3692.288918 ms
[OUT] 
[OUT] Query execution time: 20066.427440 ms
[OUT] 
[OUT] Total elapsed time: 26096.382405 ms
[OUT] 
[OUT] 
[OUT] ========== EFFICIENCY METRICS ==========
[OUT] 
[OUT] Queries per second: 498.344811
[OUT] 
[OUT] Distance ops per second: 14012668.913824
[OUT] 
[OUT] 
[OUT] ========== END OF LOG ==========
[OUT] 
[OUT] Log saved to: Log/run_20251204_092129_679.log
[OUT] 
   [RESULT] Rec=0.9900 Time=2.0066ms
