   [START] m=52, ml=12, efc=957, efs=561
[OUT] ========== HNSW Search Test ==========
[OUT] 
[ERR] Loaded base from binary cache: data_o/glove/base.txt.bin
[OUT] Timestamp: Sun Dec  7 17:04:18 2025
[OUT] 
[OUT] Command line arguments:
[OUT]   argv[0]: ./hng3
[OUT]   argv[1]: --m
[OUT]   argv[2]: 52
[OUT]   argv[3]: --max_layer
[OUT]   argv[4]: 12
[OUT]   argv[5]: --efc
[OUT]   argv[6]: 957
[OUT]   argv[7]: --efs
[OUT]   argv[8]: 561
[OUT] 
[OUT] Configuration:
[OUT]   Base file: data_o/glove/base.txt
[OUT]   Query file: data_o/glove/query.txt
[OUT]   Truth file: data_o/glove/truth.txt
[OUT]   K: 10
[OUT]   M: 52
[OUT]   Max layer: 12
[OUT]   EFC: 957
[OUT]   EFS: 561
[OUT]   Threads: -1
[OUT]   Debug: -1
[OUT] 
[OUT] HNSW parameters set.
[OUT] 
[OUT] Ablation flags: csr=0, prefetch=0, simd=0, pruning=0, heap=0
[OUT] 
[OUT] Loading base vectors...
[OUT] ✓ Base loaded in 2127.087554 ms
[OUT] 
[OUT] Loading query vectors...
[ERR] Loaded queries from binary cache: data_o/glove/query.txt.bin
[OUT] ✓ Queries loaded in 66.532895 ms
[OUT] 
[OUT] Loading ground truth...
[ERR] Loaded truth from binary cache: data_o/glove/truth.txt.bin
[OUT] ✓ Truth loaded in 67.420497 ms
[OUT] 
[OUT] Data Summary:
[OUT]   Dimension d=100, Base vectors=1183514, Queries=10000
[OUT] 
[OUT] 
[OUT] Building HNSW index...
[OUT] [Cache] Loaded index from: cache/hnsw_n1183514_d100_M52_L12_efc957.idx
[OUT] [Cache] Load time: 3768.85 ms
[OUT] ✓ Index built.
[OUT]   build_time(local)=3774.238860 ms
[OUT]   build_time(internal)=3768.846729 ms
[OUT] 
[OUT] Executing queries...
[OUT] 
[OUT]   Processed 1000 queries
[OUT] 
[OUT]   Processed 2000 queries
[OUT] 
[OUT]   Processed 3000 queries
[OUT] 
[OUT]   Processed 4000 queries
[OUT] 
[OUT]   Processed 5000 queries
[OUT] 
[OUT]   Processed 6000 queries
[OUT] 
[OUT]   Processed 7000 queries
[OUT] 
[OUT]   Processed 8000 queries
[OUT] 
[OUT]   Processed 9000 queries
[OUT] 
[OUT]   Processed 10000 queries
[OUT] 
[OUT] 
[OUT] ========== RESULTS ==========
[OUT] 
[OUT] Total queries: 10000
[OUT] 
[OUT] Average recall@10: 0.989920
[OUT] 
[OUT] Average query time: 1.889343 ms
[OUT] 
[OUT] Total query time: 18893.425807 ms
[OUT] 
[OUT] 
[OUT] ========== DISTANCE STATISTICS ==========
[OUT] 
[OUT] Total queries reported by index: 10000
[OUT] 
[OUT] Total distance computations: 279785584
[OUT] 
[OUT] Average distance ops per query: 27978.558400
[OUT] 
[OUT] Last query distance ops: 22011
[OUT] 
[OUT] 
[OUT] ========== PERFORMANCE SUMMARY ==========
[OUT] 
[OUT] Data loading time: 2261.040946 ms
[OUT] 
[OUT] Index build time: 3768.846729 ms
[OUT] 
[OUT] Query execution time: 18893.425807 ms
[OUT] 
[OUT] Total elapsed time: 24928.705613 ms
[OUT] 
[OUT] 
[OUT] ========== EFFICIENCY METRICS ==========
[OUT] 
[OUT] Queries per second: 529.284636
[OUT] 
[OUT] Distance ops per second: 14808621.096992
[OUT] 
[OUT] 
[OUT] ========== END OF LOG ==========
[OUT] 
[OUT] Log saved to: Log/run_20251207_170418_647.log
[OUT] 
   [RESULT] Rec=0.9899 Time=1.8893ms
