   [START] m=61, ml=3, efc=539, efs=677
[OUT] ========== HNSW Search Test ==========
[OUT] 
[OUT] Timestamp: Thu Dec  4 03:14:28 2025
[OUT] 
[OUT] Command line arguments:
[OUT]   argv[0]: ./hng1
[OUT]   argv[1]: --m
[OUT]   argv[2]: 61
[OUT]   argv[3]: --max_layer
[OUT]   argv[4]: 3
[OUT]   argv[5]: --efc
[OUT]   argv[6]: 539
[OUT]   argv[7]: --efs
[OUT]   argv[8]: 677
[OUT] 
[OUT] Configuration:
[OUT]   Base file: data_o/glove/base.txt
[OUT]   Query file: data_o/glove/query.txt
[OUT]   Truth file: data_o/glove/truth.txt
[OUT]   K: 10
[OUT]   M: 61
[OUT]   Max layer: 3
[OUT]   EFC: 539
[OUT]   EFS: 677
[OUT]   Threads: -1
[OUT]   Debug: -1
[OUT] 
[ERR] Loaded base from binary cache: data_o/glove/base.txt.bin
[OUT] HNSW parameters set.
[OUT] 
[OUT] Ablation flags: csr=0, prefetch=0, simd=0, pruning=0, heap=0
[OUT] 
[OUT] Loading base vectors...
[OUT] ✓ Base loaded in 2085.561502 ms
[OUT] 
[OUT] Loading query vectors...
[ERR] Loaded queries from binary cache: data_o/glove/query.txt.bin
[OUT] ✓ Queries loaded in 67.499096 ms
[OUT] 
[OUT] Loading ground truth...
[ERR] Loaded truth from binary cache: data_o/glove/truth.txt.bin
[OUT] ✓ Truth loaded in 68.459191 ms
[OUT] 
[OUT] Data Summary:
[OUT]   Dimension d=100, Base vectors=1183514, Queries=10000
[OUT] 
[OUT] 
[OUT] Building HNSW index...
[OUT] [Cache] Loaded index from: cache/hnsw_n1183514_d100_M61_L3_efc539.idx
[OUT] [Cache] Load time: 3683.68 ms
[OUT] ✓ Index built.
[OUT]   build_time(local)=3688.399708 ms
[OUT]   build_time(internal)=3683.676176 ms
[OUT] 
[OUT] 
[OUT] ========== GRAPH QUALITY ==========
[OUT] 
[OUT]   num_nodes: 1183514
[OUT] 
[OUT]   max_level (entry point): 3
[OUT] 
[OUT]   actual_max_layer: 3
[OUT] 
[OUT]   avg_degree_l0: 52.931496
[OUT] 
[OUT]   avg_degree_upper: 0.153036
[OUT] 
[OUT] 
[OUT]   Layer Distribution:
[OUT] 
[OUT]     L0: 1183514 nodes (100.00%)
[OUT] 
[OUT]     L1: 19434 nodes (1.64%)
[OUT] 
[OUT]     L2: 318 nodes (0.03%)
[OUT] 
[OUT]     L3: 8 nodes (0.00%)
[OUT] 
[OUT] 
[OUT] 
[OUT] Executing queries...
[OUT] 
[OUT]   Processed 1000 queries
[OUT] 
[OUT]   Processed 2000 queries
[OUT] 
[OUT]   Processed 3000 queries
[OUT] 
[OUT]   Processed 4000 queries
[OUT] 
[OUT]   Processed 5000 queries
[OUT] 
[OUT]   Processed 6000 queries
[OUT] 
[OUT]   Processed 7000 queries
[OUT] 
[OUT]   Processed 8000 queries
[OUT] 
[OUT]   Processed 9000 queries
[OUT] 
[OUT]   Processed 10000 queries
[OUT] 
[OUT] 
[OUT] ========== RESULTS ==========
[OUT] 
[OUT] Total queries: 10000
[OUT] 
[OUT] Average recall@10: 0.990050
[OUT] 
[OUT] Average query time: 2.021822 ms
[OUT] 
[OUT] Total query time: 20218.219960 ms
[OUT] 
[OUT] 
[OUT] ========== DISTANCE STATISTICS ==========
[OUT] 
[OUT] Total queries reported by index: 10000
[OUT] 
[OUT] Total distance computations: 284232429
[OUT] 
[OUT] Average distance ops per query: 28423.242900
[OUT] 
[OUT] Last query distance ops: 21344
[OUT] 
[OUT] 
[OUT] ========== PERFORMANCE SUMMARY ==========
[OUT] 
[OUT] Data loading time: 2221.519789 ms
[OUT] 
[OUT] Index build time: 3683.676176 ms
[OUT] 
[OUT] Query execution time: 20218.219960 ms
[OUT] 
[OUT] Total elapsed time: 26128.139457 ms
[OUT] 
[OUT] 
[OUT] ========== EFFICIENCY METRICS ==========
[OUT] 
[OUT] Queries per second: 494.603383
[OUT] 
[OUT] Distance ops per second: 14058232.107591
[OUT] 
[OUT] 
[OUT] ========== END OF LOG ==========
[OUT] 
[OUT] Log saved to: Log/run_20251204_031428_165.log
[OUT] 
   [RESULT] Rec=0.9900 Time=2.0218ms
