   [START] m=45, ml=5, efc=623, efs=800
[OUT] ========== HNSW Search Test ==========
[OUT] 
[OUT] Timestamp: Thu Dec  4 06:16:10 2025
[OUT] 
[OUT] Command line arguments:
[OUT]   argv[0]: ./hng1
[OUT]   argv[1]: --m
[OUT]   argv[2]: 45
[OUT]   argv[3]: --max_layer
[OUT]   argv[4]: 5
[OUT]   argv[5]: --efc
[OUT]   argv[6]: 623
[OUT]   argv[7]: --efs
[OUT]   argv[8]: 800
[OUT] 
[OUT] Configuration:
[OUT]   Base file: data_o/glove/base.txt
[OUT]   Query file: data_o/glove/query.txt
[OUT]   Truth file: data_o/glove/truth.txt
[ERR] Loaded base from binary cache: data_o/glove/base.txt.bin
[OUT]   K: 10
[OUT]   M: 45
[OUT]   Max layer: 5
[OUT]   EFC: 623
[OUT]   EFS: 800
[OUT]   Threads: -1
[OUT]   Debug: -1
[OUT] 
[OUT] HNSW parameters set.
[OUT] 
[OUT] Ablation flags: csr=0, prefetch=0, simd=0, pruning=0, heap=0
[OUT] 
[OUT] Loading base vectors...
[OUT] ✓ Base loaded in 2072.563925 ms
[OUT] 
[OUT] Loading query vectors...
[ERR] Loaded queries from binary cache: data_o/glove/query.txt.bin
[OUT] ✓ Queries loaded in 67.848223 ms
[OUT] 
[OUT] Loading ground truth...
[ERR] Loaded truth from binary cache: data_o/glove/truth.txt.bin
[OUT] ✓ Truth loaded in 68.513621 ms
[OUT] 
[OUT] Data Summary:
[OUT]   Dimension d=100, Base vectors=1183514, Queries=10000
[OUT] 
[OUT] 
[OUT] Building HNSW index...
[OUT] [Cache] Loaded index from: cache/hnsw_n1183514_d100_M45_L5_efc623.idx
[OUT] [Cache] Load time: 3734.80 ms
[OUT] ✓ Index built.
[OUT]   build_time(local)=3739.535430 ms
[OUT]   build_time(internal)=3734.799784 ms
[OUT] 
[OUT] 
[OUT] ========== GRAPH QUALITY ==========
[OUT] 
[OUT]   num_nodes: 1183514
[OUT] 
[OUT]   max_level (entry point): 4
[OUT] 
[OUT]   actual_max_layer: 4
[OUT] 
[OUT]   avg_degree_l0: 54.477525
[OUT] 
[OUT]   avg_degree_upper: 0.147550
[OUT] 
[OUT] 
[OUT]   Layer Distribution:
[OUT] 
[OUT]     L0: 1183514 nodes (100.00%)
[OUT] 
[OUT]     L1: 26354 nodes (2.23%)
[OUT] 
[OUT]     L2: 568 nodes (0.05%)
[OUT] 
[OUT]     L3: 17 nodes (0.00%)
[OUT] 
[OUT]     L4: 1 nodes (0.00%)
[OUT] 
[OUT] 
[OUT] 
[OUT] Executing queries...
[OUT] 
[OUT]   Processed 1000 queries
[OUT] 
[OUT]   Processed 2000 queries
[OUT] 
[OUT]   Processed 3000 queries
[OUT] 
[OUT]   Processed 4000 queries
[OUT] 
[OUT]   Processed 5000 queries
[OUT] 
[OUT]   Processed 6000 queries
[OUT] 
[OUT]   Processed 7000 queries
[OUT] 
[OUT]   Processed 8000 queries
[OUT] 
[OUT]   Processed 9000 queries
[OUT] 
[OUT]   Processed 10000 queries
[OUT] 
[OUT] 
[OUT] ========== RESULTS ==========
[OUT] 
[OUT] Total queries: 10000
[OUT] 
[OUT] Average recall@10: 0.992410
[OUT] 
[OUT] Average query time: 2.445093 ms
[OUT] 
[OUT] Total query time: 24450.925801 ms
[OUT] 
[OUT] 
[OUT] ========== DISTANCE STATISTICS ==========
[OUT] 
[OUT] Total queries reported by index: 10000
[OUT] 
[OUT] Total distance computations: 326484455
[OUT] 
[OUT] Average distance ops per query: 32648.445500
[OUT] 
[OUT] Last query distance ops: 24953
[OUT] 
[OUT] 
[OUT] ========== PERFORMANCE SUMMARY ==========
[OUT] 
[OUT] Data loading time: 2208.925769 ms
[OUT] 
[OUT] Index build time: 3734.799784 ms
[OUT] 
[OUT] Query execution time: 24450.925801 ms
[OUT] 
[OUT] Total elapsed time: 30399.387000 ms
[OUT] 
[OUT] 
[OUT] ========== EFFICIENCY METRICS ==========
[OUT] 
[OUT] Queries per second: 408.982469
[OUT] 
[OUT] Distance ops per second: 13352641.845024
[OUT] 
[OUT] 
[OUT] ========== END OF LOG ==========
[OUT] 
[OUT] Log saved to: Log/run_20251204_061610_319.log
[OUT] 
   [RESULT] Rec=0.9924 Time=2.4451ms
