   [START] m=57, ml=16, efc=1559, efs=2000
[OUT] ========== HNSW Search Test ==========
[OUT] 
[OUT] Timestamp: Sat Dec  6 05:06:27 2025
[OUT] 
[OUT] Command line arguments:
[OUT]   argv[0]: ./hng1
[OUT]   argv[1]: --m
[ERR] Loaded base from binary cache: data_o/glove/base.txt.bin
[OUT]   argv[2]: 57
[OUT]   argv[3]: --max_layer
[OUT]   argv[4]: 16
[OUT]   argv[5]: --efc
[OUT]   argv[6]: 1559
[OUT]   argv[7]: --efs
[OUT]   argv[8]: 2000
[OUT] 
[OUT] Configuration:
[OUT]   Base file: data_o/glove/base.txt
[OUT]   Query file: data_o/glove/query.txt
[OUT]   Truth file: data_o/glove/truth.txt
[OUT]   K: 10
[OUT]   M: 57
[OUT]   Max layer: 16
[OUT]   EFC: 1559
[OUT]   EFS: 2000
[OUT]   Threads: -1
[OUT]   Debug: -1
[OUT] 
[OUT] HNSW parameters set.
[OUT] 
[OUT] Ablation flags: csr=0, prefetch=0, simd=0, pruning=0, heap=0
[OUT] 
[OUT] Loading base vectors...
[OUT] ✓ Base loaded in 2237.674427 ms
[OUT] 
[OUT] Loading query vectors...
[ERR] Loaded queries from binary cache: data_o/glove/query.txt.bin
[OUT] ✓ Queries loaded in 67.591741 ms
[OUT] 
[OUT] Loading ground truth...
[ERR] Loaded truth from binary cache: data_o/glove/truth.txt.bin
[OUT] ✓ Truth loaded in 65.320989 ms
[OUT] 
[OUT] Data Summary:
[OUT]   Dimension d=100, Base vectors=1183514, Queries=10000
[OUT] 
[OUT] 
[OUT] Building HNSW index...
[OUT] [Cache] Cache miss, building index...
[OUT] [Progress] 121001/1183514 (10.2%) Time: 35021.86 ms
[OUT] [Progress] 240001/1183514 (20.3%) Time: 160530.74 ms
[OUT] [Progress] 359001/1183514 (30.3%) Time: 345925.49 ms
[OUT] [Progress] 478001/1183514 (40.4%) Time: 559458.79 ms
[OUT] [Progress] 597001/1183514 (50.4%) Time: 807653.14 ms
[OUT] [Progress] 716001/1183514 (60.5%) Time: 1069542.94 ms
[OUT] [Progress] 835001/1183514 (70.6%) Time: 1346461.50 ms
[OUT] [Progress] 954001/1183514 (80.6%) Time: 1642391.90 ms
[OUT] [Progress] 1073001/1183514 (90.7%) Time: 1933086.34 ms

   [TIMEOUT]
