   [START] m=50, ml=8, efc=1222, efs=2000
[OUT] ========== HNSW Search Test ==========
[OUT] 
[OUT] Timestamp: Sun Dec  7 20:42:49 2025
[ERR] Loaded base from binary cache: data_o/glove/base.txt.bin
[OUT] 
[OUT] Command line arguments:
[OUT]   argv[0]: ./hng3
[OUT]   argv[1]: --m
[OUT]   argv[2]: 50
[OUT]   argv[3]: --max_layer
[OUT]   argv[4]: 8
[OUT]   argv[5]: --efc
[OUT]   argv[6]: 1222
[OUT]   argv[7]: --efs
[OUT]   argv[8]: 2000
[OUT] 
[OUT] Configuration:
[OUT]   Base file: data_o/glove/base.txt
[OUT]   Query file: data_o/glove/query.txt
[OUT]   Truth file: data_o/glove/truth.txt
[OUT]   K: 10
[OUT]   M: 50
[OUT]   Max layer: 8
[OUT]   EFC: 1222
[OUT]   EFS: 2000
[OUT]   Threads: -1
[OUT]   Debug: -1
[OUT] 
[OUT] HNSW parameters set.
[OUT] 
[OUT] Ablation flags: csr=0, prefetch=0, simd=0, pruning=0, heap=0
[OUT] 
[OUT] Loading base vectors...
[OUT] ✓ Base loaded in 2129.891639 ms
[ERR] Loaded queries from binary cache: data_o/glove/query.txt.bin
[OUT] 
[OUT] Loading query vectors...
[OUT] ✓ Queries loaded in 66.749445 ms
[OUT] 
[OUT] Loading ground truth...
[ERR] Loaded truth from binary cache: data_o/glove/truth.txt.bin
[OUT] ✓ Truth loaded in 66.601019 ms
[OUT] 
[OUT] Data Summary:
[OUT]   Dimension d=100, Base vectors=1183514, Queries=10000
[OUT] 
[OUT] 
[OUT] Building HNSW index...
[OUT] [Progress] 52001/1183514 (4.4%) Time: 71094.84 ms
[OUT] [Progress] 102001/1183514 (8.6%) Time: 187642.76 ms
[OUT] [Progress] 153001/1183514 (12.9%) Time: 263101.59 ms
[OUT] [Progress] 203001/1183514 (17.2%) Time: 399471.19 ms
[OUT] [Progress] 253001/1183514 (21.4%) Time: 496390.65 ms
[OUT] [Progress] 303001/1183514 (25.6%) Time: 633174.34 ms
[OUT] [Progress] 353001/1183514 (29.8%) Time: 768712.91 ms
[OUT] [Progress] 403001/1183514 (34.1%) Time: 880872.79 ms
[OUT] [Progress] 453001/1183514 (38.3%) Time: 1029091.99 ms
[OUT] [Progress] 503001/1183514 (42.5%) Time: 1138154.37 ms
[OUT] [Progress] 553001/1183514 (46.7%) Time: 1287780.48 ms
[OUT] [Progress] 603001/1183514 (51.0%) Time: 1403806.15 ms
[OUT] [Progress] 653001/1183514 (55.2%) Time: 1553909.59 ms
[OUT] [Progress] 703001/1183514 (59.4%) Time: 1690433.53 ms
[OUT] [Progress] 753001/1183514 (63.6%) Time: 1833338.23 ms
[OUT] [Progress] 803001/1183514 (67.8%) Time: 1995532.24 ms
[OUT] [Progress] 853001/1183514 (72.1%) Time: 2119576.60 ms
[OUT] [Progress] 903001/1183514 (76.3%) Time: 2285957.56 ms
[OUT] [Progress] 953001/1183514 (80.5%) Time: 2418914.48 ms
[OUT] [Progress] 1003001/1183514 (84.7%) Time: 2586308.47 ms
[OUT] [Progress] 1053001/1183514 (89.0%) Time: 2721589.67 ms
[OUT] [Progress] 1103001/1183514 (93.2%) Time: 2882710.58 ms
[OUT] [Progress] 1153001/1183514 (97.4%) Time: 3042208.12 ms
[OUT] [Timing] Parallel Build: 3095622.14 ms for 1183514 points.
[OUT] [FlatConvert] Starting conversion for 1183514 nodes, dim=100
[OUT] [FlatConvert] Reorder enabled, enter_point=0, max_level=3
[OUT] [FlatHNSW-CSR] Converted 1183514 nodes (optimized for cache, no pruning overhead).
[OUT] [Timing] Flat Conversion: 12815.05 ms
[OUT] [Cache] Saved index to: cache/hnsw_n1183514_d100_M50_L8_efc1222.idx
[OUT] [Cache] Save time: 3163.31 ms
[OUT] ✓ Index built.
[OUT]   build_time(local)=3209220.117855 ms
[OUT]   build_time(internal)=3095622.142686 ms
[OUT] 
[OUT] Executing queries...
[OUT] 
[OUT]   Processed 1000 queries
[OUT] 
[OUT]   Processed 2000 queries
[OUT] 
[OUT]   Processed 3000 queries
[OUT] 
[OUT]   Processed 4000 queries
[OUT] 
[OUT]   Processed 5000 queries
[OUT] 
[OUT]   Processed 6000 queries
[OUT] 
[OUT]   Processed 7000 queries
[OUT] 
[OUT]   Processed 8000 queries
[OUT] 
[OUT]   Processed 9000 queries
[OUT] 
[OUT]   Processed 10000 queries
[OUT] 
[OUT] 
[OUT] ========== RESULTS ==========
[OUT] 
[OUT] Total queries: 10000
[OUT] 
[OUT] Average recall@10: 0.999740
[OUT] 
[OUT] Average query time: 8.190058 ms
[OUT] 
[OUT] Total query time: 81900.579004 ms
[OUT] 
[OUT] 
[OUT] ========== DISTANCE STATISTICS ==========
[OUT] 
[OUT] Total queries reported by index: 10000
[OUT] 
[OUT] Total distance computations: 990271741
[OUT] 
[OUT] Average distance ops per query: 99027.174100
[OUT] 
[OUT] Last query distance ops: 78157
[OUT] 
[OUT] 
[OUT] ========== PERFORMANCE SUMMARY ==========
[OUT] 
[OUT] Data loading time: 2263.242103 ms
[OUT] 
[OUT] Index build time: 3095622.142686 ms
[OUT] 
[OUT] Query execution time: 81900.579004 ms
[OUT] 
[OUT] Total elapsed time: 3293383.938962 ms
[OUT] 
[OUT] 
[OUT] ========== EFFICIENCY METRICS ==========
[OUT] 
[OUT] Queries per second: 122.099259
[OUT] 
[OUT] Distance ops per second: 12091144.568729
[OUT] 
[OUT] 
[OUT] ========== END OF LOG ==========
[OUT] 
[OUT] Log saved to: Log/run_20251207_204249_395.log
[OUT] 
   [RESULT] Rec=0.9997 Time=8.1901ms
