   [START] m=84, ml=10, efc=1576, efs=2000
[OUT] ========== HNSW Search Test ==========
[OUT] 
[OUT] Timestamp: Sat Dec  6 08:21:46 2025
[OUT] 
[OUT] Command line arguments:
[OUT]   argv[0]: ./hng1
[OUT]   argv[1]: --m
[OUT]   argv[2]: 84
[OUT]   argv[3]: --max_layer
[OUT]   argv[4]: 10
[OUT]   argv[5]: --efc
[OUT]   argv[6]: 1576
[OUT]   argv[7]: --efs
[OUT]   argv[8]: 2000
[OUT] 
[OUT] Configuration:
[OUT]   Base file: data_o/glove/base.txt
[OUT]   Query file: data_o/glove/query.txt
[OUT]   Truth file: data_o/glove/truth.txt
[OUT]   K: 10
[OUT]   M: 84
[OUT]   Max layer: 10
[ERR] Loaded base from binary cache: data_o/glove/base.txt.bin
[OUT]   EFC: 1576
[OUT]   EFS: 2000
[OUT]   Threads: -1
[OUT]   Debug: -1
[OUT] 
[OUT] HNSW parameters set.
[OUT] 
[OUT] Ablation flags: csr=0, prefetch=0, simd=0, pruning=0, heap=0
[OUT] 
[OUT] Loading base vectors...
[OUT] ✓ Base loaded in 2224.814656 ms
[OUT] 
[OUT] Loading query vectors...
[ERR] Loaded queries from binary cache: data_o/glove/query.txt.bin
[OUT] ✓ Queries loaded in 74.307114 ms
[OUT] 
[OUT] Loading ground truth...
[ERR] Loaded truth from binary cache: data_o/glove/truth.txt.bin
[OUT] ✓ Truth loaded in 81.977559 ms
[OUT] 
[OUT] Data Summary:
[OUT]   Dimension d=100, Base vectors=1183514, Queries=10000
[OUT] 
[OUT] 
[OUT] Building HNSW index...
[OUT] [Cache] Cache miss, building index...
[OUT] [Progress] 122001/1183514 (10.3%) Time: 38258.43 ms
[OUT] [Progress] 241001/1183514 (20.4%) Time: 164943.36 ms
[OUT] [Progress] 360001/1183514 (30.4%) Time: 358714.64 ms
[OUT] [Progress] 479001/1183514 (40.5%) Time: 593488.65 ms
[OUT] [Progress] 598001/1183514 (50.5%) Time: 853733.99 ms
[OUT] [Progress] 717001/1183514 (60.6%) Time: 1128289.90 ms
[OUT] [Progress] 836001/1183514 (70.6%) Time: 1415276.92 ms
[OUT] [Progress] 955001/1183514 (80.7%) Time: 1740430.31 ms

   [TIMEOUT]
