   [START] m=63, ml=6, efc=605, efs=2000
[OUT] ========== HNSW Search Test ==========
[OUT] 
[ERR] Loaded base from binary cache: data_o/glove/base.txt.bin
[OUT] Timestamp: Thu Dec  4 08:29:24 2025
[OUT] 
[OUT] Command line arguments:
[OUT]   argv[0]: ./hng1
[OUT]   argv[1]: --m
[OUT]   argv[2]: 63
[OUT]   argv[3]: --max_layer
[OUT]   argv[4]: 6
[OUT]   argv[5]: --efc
[OUT]   argv[6]: 605
[OUT]   argv[7]: --efs
[OUT]   argv[8]: 2000
[OUT] 
[OUT] Configuration:
[OUT]   Base file: data_o/glove/base.txt
[OUT]   Query file: data_o/glove/query.txt
[OUT]   Truth file: data_o/glove/truth.txt
[OUT]   K: 10
[OUT]   M: 63
[OUT]   Max layer: 6
[OUT]   EFC: 605
[OUT]   EFS: 2000
[OUT]   Threads: -1
[OUT]   Debug: -1
[OUT] 
[OUT] HNSW parameters set.
[OUT] 
[OUT] Ablation flags: csr=0, prefetch=0, simd=0, pruning=0, heap=0
[OUT] 
[OUT] Loading base vectors...
[OUT] ✓ Base loaded in 2056.703913 ms
[OUT] 
[OUT] Loading query vectors...
[ERR] Loaded queries from binary cache: data_o/glove/query.txt.bin
[OUT] ✓ Queries loaded in 65.821508 ms
[OUT] 
[OUT] Loading ground truth...
[ERR] Loaded truth from binary cache: data_o/glove/truth.txt.bin
[OUT] ✓ Truth loaded in 64.469181 ms
[OUT] 
[OUT] Data Summary:
[OUT]   Dimension d=100, Base vectors=1183514, Queries=10000
[OUT] 
[OUT] 
[OUT] Building HNSW index...
[OUT] [Cache] Cache miss, building index...
[OUT] [Progress] 128001/1183514 (10.8%) Time: 11521.53 ms
[OUT] [Progress] 248001/1183514 (21.0%) Time: 49036.04 ms
[OUT] [Progress] 368001/1183514 (31.1%) Time: 100064.42 ms
[OUT] [Progress] 490001/1183514 (41.4%) Time: 168101.15 ms
[OUT] [Progress] 609001/1183514 (51.5%) Time: 241145.92 ms
[OUT] [Progress] 728001/1183514 (61.5%) Time: 318203.17 ms
[OUT] [Progress] 848001/1183514 (71.7%) Time: 399319.68 ms
[OUT] [Progress] 969001/1183514 (81.9%) Time: 486864.91 ms
[OUT] [Progress] 1088001/1183514 (91.9%) Time: 574916.97 ms
[OUT] [Timing] Parallel Build: 635456.11 ms for 1183514 points.
[OUT] [FlatConvert] Starting conversion for 1183514 nodes, dim=100
[OUT] [Reorder] Generated DFS mapping for 1183514 nodes.
[OUT] [FlatConvert] Reorder enabled, enter_point=0, max_level=3
[OUT] [FlatConvert] Allocating data array: 118351400 floats (451 MB)
[OUT] [FlatConvert] Copying vector data...
[OUT] [FlatConvert] Vector data copied.
[OUT] [FlatConvert] Building L0 CSR structure...
[OUT] [FlatConvert] Total L0 links: 63059441
[OUT] [FlatConvert] L0 CSR built, actual links: 63059441
[OUT] [FlatConvert] Building upper layer structure, max_level=3
[OUT] [FlatHNSW-CSR] Converted & Reordered 1183514 nodes.
[OUT] [Timing] Flat Conversion: 8407.07 ms
[OUT] [Cache] Saved index to: cache/hnsw_n1183514_d100_M63_L6_efc605.idx
[OUT] [Cache] Save time: 3268.14 ms
[OUT] ✓ Index built.
[OUT]   build_time(local)=648765.914957 ms
[OUT]   build_time(internal)=635456.109588 ms
[OUT] 
[OUT] 
[OUT] ========== GRAPH QUALITY ==========
[OUT] 
[OUT]   num_nodes: 1183514
[OUT] 
[OUT]   max_level (entry point): 3
[OUT] 
[OUT]   actual_max_layer: 3
[OUT] 
[OUT]   avg_degree_l0: 53.281534
[OUT] 
[OUT]   avg_degree_upper: 0.185781
[OUT] 
[OUT] 
[OUT]   Layer Distribution:
[OUT] 
[OUT]     L0: 1183514 nodes (100.00%)
[OUT] 
[OUT]     L1: 18734 nodes (1.58%)
[OUT] 
[OUT]     L2: 278 nodes (0.02%)
[OUT] 
[OUT]     L3: 5 nodes (0.00%)
[OUT] 
[OUT] 
[OUT] 
[OUT] Executing queries...
[OUT] 
[OUT]   Processed 1000 queries
[OUT] 
[OUT]   Processed 2000 queries
[OUT] 
[OUT]   Processed 3000 queries
[OUT] 
[OUT]   Processed 4000 queries
[OUT] 
[OUT]   Processed 5000 queries
[OUT] 
[OUT]   Processed 6000 queries
[OUT] 
[OUT]   Processed 7000 queries
[OUT] 
[OUT]   Processed 8000 queries
[OUT] 
[OUT]   Processed 9000 queries
[OUT] 
[OUT]   Processed 10000 queries
[OUT] 
[OUT] 
[OUT] ========== RESULTS ==========
[OUT] 
[OUT] Total queries: 10000
[OUT] 
[OUT] Average recall@10: 0.778150
[OUT] 
[OUT] Average query time: 6.135603 ms
[OUT] 
[OUT] Total query time: 61356.026642 ms
[OUT] 
[OUT] 
[OUT] ========== DISTANCE STATISTICS ==========
[OUT] 
[OUT] Total queries reported by index: 10000
[OUT] 
[OUT] Total distance computations: 746165636
[OUT] 
[OUT] Average distance ops per query: 74616.563600
[OUT] 
[OUT] Last query distance ops: 56033
[OUT] 
[OUT] 
[OUT] ========== PERFORMANCE SUMMARY ==========
[OUT] 
[OUT] Data loading time: 2186.994602 ms
[OUT] 
[OUT] Index build time: 635456.109588 ms
[OUT] 
[OUT] Query execution time: 61356.026642 ms
[OUT] 
[OUT] Total elapsed time: 712308.936201 ms
[OUT] 
[OUT] 
[OUT] ========== EFFICIENCY METRICS ==========
[OUT] 
[OUT] Queries per second: 162.983175
[OUT] 
[OUT] Distance ops per second: 12161244.409677
[OUT] 
[OUT] 
[OUT] ========== END OF LOG ==========
[OUT] 
[OUT] Log saved to: Log/run_20251204_082924_879.log
[OUT] 
   [RESULT] Rec=0.7782 Time=6.1356ms
