   [START] m=43, ml=10, efc=735, efs=2000
[OUT] ========== HNSW Search Test ==========
[OUT] 
[OUT] Timestamp: Thu Dec  4 11:02:10 2025
[OUT] 
[OUT] Command line arguments:
[OUT]   argv[0]: ./hng1
[OUT]   argv[1]: --m
[OUT]   argv[2]: 43
[OUT]   argv[3]: --max_layer
[OUT]   argv[4]: 10
[OUT]   argv[5]: --efc
[OUT]   argv[6]: 735
[OUT]   argv[7]: --efs
[OUT]   argv[8]: 2000
[OUT] 
[OUT] Configuration:
[OUT]   Base file: data_o/glove/base.txt
[OUT]   Query file: data_o/glove/query.txt
[OUT]   Truth file: data_o/glove/truth.txt
[OUT]   K: 10
[OUT]   M: 43
[OUT]   Max layer: 10
[OUT]   EFC: 735
[OUT]   EFS: 2000
[OUT]   Threads: -1
[OUT]   Debug: -1
[OUT] 
[OUT] HNSW parameters set.
[OUT] 
[OUT] Ablation flags: csr=0, prefetch=0, simd=0, pruning=0, heap=0
[OUT] 
[OUT] Loading base vectors...
[ERR] Loaded base from binary cache: data_o/glove/base.txt.bin
[OUT] ✓ Base loaded in 2088.467772 ms
[OUT] 
[OUT] Loading query vectors...
[ERR] Loaded queries from binary cache: data_o/glove/query.txt.bin
[OUT] ✓ Queries loaded in 66.916770 ms
[OUT] 
[OUT] Loading ground truth...
[ERR] Loaded truth from binary cache: data_o/glove/truth.txt.bin
[OUT] ✓ Truth loaded in 66.833193 ms
[OUT] 
[OUT] Data Summary:
[OUT]   Dimension d=100, Base vectors=1183514, Queries=10000
[OUT] 
[OUT] 
[OUT] Building HNSW index...
[OUT] [Cache] Cache miss, building index...
[OUT] [Progress] 119001/1183514 (10.1%) Time: 17028.86 ms
[OUT] [Progress] 238001/1183514 (20.1%) Time: 70602.83 ms
[OUT] [Progress] 357001/1183514 (30.2%) Time: 149168.54 ms
[OUT] [Progress] 476001/1183514 (40.2%) Time: 243754.94 ms
[OUT] [Progress] 595001/1183514 (50.3%) Time: 339313.75 ms
[OUT] [Progress] 714001/1183514 (60.3%) Time: 439870.40 ms
[OUT] [Progress] 833001/1183514 (70.4%) Time: 541938.44 ms
[OUT] [Progress] 953001/1183514 (80.5%) Time: 651576.07 ms
[OUT] [Progress] 1072001/1183514 (90.6%) Time: 766653.90 ms
[OUT] [Timing] Parallel Build: 855709.57 ms for 1183514 points.
[OUT] [FlatConvert] Starting conversion for 1183514 nodes, dim=100
[OUT] [Reorder] Generated DFS mapping for 1183514 nodes.
[OUT] [FlatConvert] Reorder enabled, enter_point=0, max_level=4
[OUT] [FlatConvert] Allocating data array: 118351400 floats (451 MB)
[OUT] [FlatConvert] Copying vector data...
[OUT] [FlatConvert] Vector data copied.
[OUT] [FlatConvert] Building L0 CSR structure...
[OUT] [FlatConvert] Total L0 links: 67277600
[OUT] [FlatConvert] L0 CSR built, actual links: 67277600
[OUT] [FlatConvert] Building upper layer structure, max_level=4
[OUT] [FlatHNSW-CSR] Converted & Reordered 1183514 nodes.
[OUT] [Timing] Flat Conversion: 9494.46 ms
[OUT] [Cache] Saved index to: cache/hnsw_n1183514_d100_M43_L10_efc735.idx
[OUT] [Cache] Save time: 3382.69 ms
[OUT] ✓ Index built.
[OUT]   build_time(local)=870195.616799 ms
[OUT]   build_time(internal)=855709.566231 ms
[OUT] 
[OUT] 
[OUT] ========== GRAPH QUALITY ==========
[OUT] 
[OUT]   num_nodes: 1183514
[OUT] 
[OUT]   max_level (entry point): 4
[OUT] 
[OUT]   actual_max_layer: 4
[OUT] 
[OUT]   avg_degree_l0: 56.845631
[OUT] 
[OUT]   avg_degree_upper: 0.141073
[OUT] 
[OUT] 
[OUT]   Layer Distribution:
[OUT] 
[OUT]     L0: 1183514 nodes (100.00%)
[OUT] 
[OUT]     L1: 27546 nodes (2.33%)
[OUT] 
[OUT]     L2: 625 nodes (0.05%)
[OUT] 
[OUT]     L3: 12 nodes (0.00%)
[OUT] 
[OUT]     L4: 1 nodes (0.00%)
[OUT] 
[OUT] 
[OUT] 
[OUT] Executing queries...
[OUT] 
[OUT]   Processed 1000 queries
[OUT] 
[OUT]   Processed 2000 queries
[OUT] 
[OUT]   Processed 3000 queries
[OUT] 
[OUT]   Processed 4000 queries
[OUT] 
[OUT]   Processed 5000 queries
[OUT] 
[OUT]   Processed 6000 queries
[OUT] 
[OUT]   Processed 7000 queries
[OUT] 
[OUT]   Processed 8000 queries
[OUT] 
[OUT]   Processed 9000 queries
[OUT] 
[OUT]   Processed 10000 queries
[OUT] 
[OUT] 
[OUT] ========== RESULTS ==========
[OUT] 
[OUT] Total queries: 10000
[OUT] 
[OUT] Average recall@10: 0.998890
[OUT] 
[OUT] Average query time: 6.180694 ms
[OUT] 
[OUT] Total query time: 61806.944606 ms
[OUT] 
[OUT] 
[OUT] ========== DISTANCE STATISTICS ==========
[OUT] 
[OUT] Total queries reported by index: 10000
[OUT] 
[OUT] Total distance computations: 736752192
[OUT] 
[OUT] Average distance ops per query: 73675.219200
[OUT] 
[OUT] Last query distance ops: 52216
[OUT] 
[OUT] 
[OUT] ========== PERFORMANCE SUMMARY ==========
[OUT] 
[OUT] Data loading time: 2222.217735 ms
[OUT] 
[OUT] Index build time: 855709.566231 ms
[OUT] 
[OUT] Query execution time: 61806.944606 ms
[OUT] 
[OUT] Total elapsed time: 934224.779140 ms
[OUT] 
[OUT] 
[OUT] ========== EFFICIENCY METRICS ==========
[OUT] 
[OUT] Queries per second: 161.794117
[OUT] 
[OUT] Distance ops per second: 11920217.003066
[OUT] 
[OUT] 
[OUT] ========== END OF LOG ==========
[OUT] 
[OUT] Log saved to: Log/run_20251204_110210_079.log
[OUT] 
   [RESULT] Rec=0.9989 Time=6.1807ms
