   [START] m=49, ml=7, efc=616, efs=2000
[OUT] ========== HNSW Search Test ==========
[OUT] 
[OUT] Timestamp: Thu Dec  4 03:52:05 2025
[OUT] 
[OUT] Command line arguments:
[OUT]   argv[0]: ./hng1
[OUT]   argv[1]: --m
[OUT]   argv[2]: 49
[OUT]   argv[3]: --max_layer
[OUT]   argv[4]: 7
[OUT]   argv[5]: --efc
[OUT]   argv[6]: 616
[OUT]   argv[7]: --efs
[OUT]   argv[8]: 2000
[OUT] 
[OUT] Configuration:
[OUT]   Base file: data_o/glove/base.txt
[OUT]   Query file: data_o/glove/query.txt
[OUT]   Truth file: data_o/glove/truth.txt
[OUT]   K: 10
[OUT]   M: 49
[OUT]   Max layer: 7
[OUT]   EFC: 616
[OUT]   EFS: 2000
[OUT]   Threads: -1
[OUT]   Debug: -1
[OUT] 
[OUT] HNSW parameters set.
[OUT] 
[OUT] Ablation flags: csr=0, prefetch=0, simd=0, pruning=0, heap=0
[OUT] 
[OUT] Loading base vectors...
[ERR] Loaded base from binary cache: data_o/glove/base.txt.bin
[OUT] ✓ Base loaded in 2097.260351 ms
[OUT] 
[OUT] Loading query vectors...
[ERR] Loaded queries from binary cache: data_o/glove/query.txt.bin
[OUT] ✓ Queries loaded in 69.492682 ms
[OUT] 
[OUT] Loading ground truth...
[ERR] Loaded truth from binary cache: data_o/glove/truth.txt.bin
[OUT] ✓ Truth loaded in 69.467564 ms
[OUT] 
[OUT] Data Summary:
[OUT]   Dimension d=100, Base vectors=1183514, Queries=10000
[OUT] 
[OUT] 
[OUT] Building HNSW index...
[OUT] [Cache] Cache miss, building index...
[OUT] [Progress] 126001/1183514 (10.6%) Time: 16024.65 ms
[OUT] [Progress] 248001/1183514 (21.0%) Time: 66548.39 ms
[OUT] [Progress] 367001/1183514 (31.0%) Time: 124582.29 ms
[OUT] [Progress] 486001/1183514 (41.1%) Time: 204621.73 ms
[OUT] [Progress] 605001/1183514 (51.1%) Time: 279670.36 ms
[OUT] [Progress] 725001/1183514 (61.3%) Time: 360210.26 ms
[OUT] [Progress] 844001/1183514 (71.3%) Time: 448263.04 ms
[OUT] [Progress] 963001/1183514 (81.4%) Time: 535808.99 ms
[OUT] [Progress] 1083001/1183514 (91.5%) Time: 625366.95 ms
[OUT] [Timing] Parallel Build: 690400.14 ms for 1183514 points.
[OUT] [FlatConvert] Starting conversion for 1183514 nodes, dim=100
[OUT] [Reorder] Generated DFS mapping for 1183514 nodes.
[OUT] [FlatConvert] Reorder enabled, enter_point=0, max_level=3
[OUT] [FlatConvert] Allocating data array: 118351400 floats (451 MB)
[OUT] [FlatConvert] Copying vector data...
[OUT] [FlatConvert] Vector data copied.
[OUT] [FlatConvert] Building L0 CSR structure...
[OUT] [FlatConvert] Total L0 links: 65084064
[OUT] [FlatConvert] L0 CSR built, actual links: 65084064
[OUT] [FlatConvert] Building upper layer structure, max_level=3
[OUT] [FlatHNSW-CSR] Converted & Reordered 1183514 nodes.
[OUT] [Timing] Flat Conversion: 8666.02 ms
[OUT] [Cache] Saved index to: cache/hnsw_n1183514_d100_M49_L7_efc616.idx
[OUT] [Cache] Save time: 3294.68 ms
[OUT] ✓ Index built.
[OUT]   build_time(local)=703992.959705 ms
[OUT]   build_time(internal)=690400.144192 ms
[OUT] 
[OUT] 
[OUT] ========== GRAPH QUALITY ==========
[OUT] 
[OUT]   num_nodes: 1183514
[OUT] 
[OUT]   max_level (entry point): 3
[OUT] 
[OUT]   actual_max_layer: 3
[OUT] 
[OUT]   avg_degree_l0: 54.992221
[OUT] 
[OUT]   avg_degree_upper: 0.200839
[OUT] 
[OUT] 
[OUT]   Layer Distribution:
[OUT] 
[OUT]     L0: 1183514 nodes (100.00%)
[OUT] 
[OUT]     L1: 24277 nodes (2.05%)
[OUT] 
[OUT]     L2: 500 nodes (0.04%)
[OUT] 
[OUT]     L3: 9 nodes (0.00%)
[OUT] 
[OUT] 
[OUT] 
[OUT] Executing queries...
[OUT] 
[OUT]   Processed 1000 queries
[OUT] 
[OUT]   Processed 2000 queries
[OUT] 
[OUT]   Processed 3000 queries
[OUT] 
[OUT]   Processed 4000 queries
[OUT] 
[OUT]   Processed 5000 queries
[OUT] 
[OUT]   Processed 6000 queries
[OUT] 
[OUT]   Processed 7000 queries
[OUT] 
[OUT]   Processed 8000 queries
[OUT] 
[OUT]   Processed 9000 queries
[OUT] 
[OUT]   Processed 10000 queries
[OUT] 
[OUT] 
[OUT] ========== RESULTS ==========
[OUT] 
[OUT] Total queries: 10000
[OUT] 
[OUT] Average recall@10: 0.998680
[OUT] 
[OUT] Average query time: 6.177282 ms
[OUT] 
[OUT] Total query time: 61772.816384 ms
[OUT] 
[OUT] 
[OUT] ========== DISTANCE STATISTICS ==========
[OUT] 
[OUT] Total queries reported by index: 10000
[OUT] 
[OUT] Total distance computations: 731583260
[OUT] 
[OUT] Average distance ops per query: 73158.326000
[OUT] 
[OUT] Last query distance ops: 50446
[OUT] 
[OUT] 
[OUT] ========== PERFORMANCE SUMMARY ==========
[OUT] 
[OUT] Data loading time: 2236.220597 ms
[OUT] 
[OUT] Index build time: 690400.144192 ms
[OUT] 
[OUT] Query execution time: 61772.816384 ms
[OUT] 
[OUT] Total elapsed time: 768001.996686 ms
[OUT] 
[OUT] 
[OUT] ========== EFFICIENCY METRICS ==========
[OUT] 
[OUT] Queries per second: 161.883505
[OUT] 
[OUT] Distance ops per second: 11843126.197327
[OUT] 
[OUT] 
[OUT] ========== END OF LOG ==========
[OUT] 
[OUT] Log saved to: Log/run_20251204_035205_455.log
[OUT] 
   [RESULT] Rec=0.9987 Time=6.1773ms
