   [START] m=48, ml=9, efc=515, efs=2000
[OUT] ========== HNSW Search Test ==========
[OUT] 
[OUT] Timestamp: Thu Dec  4 04:43:22 2025
[OUT] 
[OUT] Command line arguments:
[OUT]   argv[0]: ./hng1
[OUT]   argv[1]: --m
[OUT]   argv[2]: 48
[OUT]   argv[3]: --max_layer
[OUT]   argv[4]: 9
[OUT]   argv[5]: --efc
[OUT]   argv[6]: 515
[OUT]   argv[7]: --efs
[OUT]   argv[8]: 2000
[OUT] 
[OUT] Configuration:
[OUT]   Base file: data_o/glove/base.txt
[OUT]   Query file: data_o/glove/query.txt
[OUT]   Truth file: data_o/glove/truth.txt
[OUT]   K: 10
[OUT]   M: 48
[OUT]   Max layer: 9
[OUT]   EFC: 515
[OUT]   EFS: 2000
[OUT]   Threads: -1
[OUT]   Debug: -1
[OUT] 
[OUT] HNSW parameters set.
[OUT] 
[OUT] Ablation flags: csr=0, prefetch=0, simd=0, pruning=0, heap=0
[OUT] 
[OUT] Loading base vectors...
[ERR] Loaded base from binary cache: data_o/glove/base.txt.bin
[OUT] ✓ Base loaded in 2088.344156 ms
[OUT] 
[OUT] Loading query vectors...
[ERR] Loaded queries from binary cache: data_o/glove/query.txt.bin
[OUT] ✓ Queries loaded in 67.374846 ms
[OUT] 
[ERR] Loaded truth from binary cache: data_o/glove/truth.txt.bin
[OUT] Loading ground truth...
[OUT] ✓ Truth loaded in 66.841959 ms
[OUT] 
[OUT] Data Summary:
[OUT]   Dimension d=100, Base vectors=1183514, Queries=10000
[OUT] 
[OUT] 
[OUT] Building HNSW index...
[OUT] [Cache] Cache miss, building index...
[OUT] [Progress] 119001/1183514 (10.1%) Time: 11029.05 ms
[OUT] [Progress] 239001/1183514 (20.2%) Time: 44043.91 ms
[OUT] [Progress] 358001/1183514 (30.2%) Time: 90572.55 ms
[OUT] [Progress] 480001/1183514 (40.6%) Time: 149610.95 ms
[OUT] [Progress] 600001/1183514 (50.7%) Time: 210154.80 ms
[OUT] [Progress] 719001/1183514 (60.8%) Time: 275194.86 ms
[OUT] [Progress] 838001/1183514 (70.8%) Time: 344236.04 ms
[OUT] [Progress] 958001/1183514 (80.9%) Time: 414800.19 ms
[OUT] [Progress] 1079001/1183514 (91.2%) Time: 487858.93 ms
[OUT] [Timing] Parallel Build: 544904.37 ms for 1183514 points.
[OUT] [FlatConvert] Starting conversion for 1183514 nodes, dim=100
[OUT] [Reorder] Generated DFS mapping for 1183514 nodes.
[OUT] [FlatConvert] Reorder enabled, enter_point=0, max_level=3
[OUT] [FlatConvert] Allocating data array: 118351400 floats (451 MB)
[OUT] [FlatConvert] Copying vector data...
[OUT] [FlatConvert] Vector data copied.
[OUT] [FlatConvert] Building L0 CSR structure...
[OUT] [FlatConvert] Total L0 links: 60570786
[OUT] [FlatConvert] L0 CSR built, actual links: 60570786
[OUT] [FlatConvert] Building upper layer structure, max_level=3
[OUT] [FlatHNSW-CSR] Converted & Reordered 1183514 nodes.
[OUT] [Timing] Flat Conversion: 8040.30 ms
[OUT] [Cache] Saved index to: cache/hnsw_n1183514_d100_M48_L9_efc515.idx
[OUT] [Cache] Save time: 3276.43 ms
[OUT] ✓ Index built.
[OUT]   build_time(local)=557733.429974 ms
[OUT]   build_time(internal)=544904.370147 ms
[OUT] 
[OUT] 
[OUT] ========== GRAPH QUALITY ==========
[OUT] 
[OUT]   num_nodes: 1183514
[OUT] 
[OUT]   max_level (entry point): 3
[OUT] 
[OUT]   actual_max_layer: 3
[OUT] 
[OUT]   avg_degree_l0: 51.178766
[OUT] 
[OUT]   avg_degree_upper: 0.174164
[OUT] 
[OUT] 
[OUT]   Layer Distribution:
[OUT] 
[OUT]     L0: 1183514 nodes (100.00%)
[OUT] 
[OUT]     L1: 24615 nodes (2.08%)
[OUT] 
[OUT]     L2: 518 nodes (0.04%)
[OUT] 
[OUT]     L3: 10 nodes (0.00%)
[OUT] 
[OUT] 
[OUT] 
[OUT] Executing queries...
[OUT] 
[OUT]   Processed 1000 queries
[OUT] 
[OUT]   Processed 2000 queries
[OUT] 
[OUT]   Processed 3000 queries
[OUT] 
[OUT]   Processed 4000 queries
[OUT] 
[OUT]   Processed 5000 queries
[OUT] 
[OUT]   Processed 6000 queries
[OUT] 
[OUT]   Processed 7000 queries
[OUT] 
[OUT]   Processed 8000 queries
[OUT] 
[OUT]   Processed 9000 queries
[OUT] 
[OUT]   Processed 10000 queries
[OUT] 
[OUT] 
[OUT] ========== RESULTS ==========
[OUT] 
[OUT] Total queries: 10000
[OUT] 
[OUT] Average recall@10: 0.998480
[OUT] 
[OUT] Average query time: 5.702135 ms
[OUT] 
[OUT] Total query time: 57021.353447 ms
[OUT] 
[OUT] 
[OUT] ========== DISTANCE STATISTICS ==========
[OUT] 
[OUT] Total queries reported by index: 10000
[OUT] 
[OUT] Total distance computations: 688947712
[OUT] 
[OUT] Average distance ops per query: 68894.771200
[OUT] 
[OUT] Last query distance ops: 47759
[OUT] 
[OUT] 
[OUT] ========== PERFORMANCE SUMMARY ==========
[OUT] 
[OUT] Data loading time: 2222.560961 ms
[OUT] 
[OUT] Index build time: 544904.370147 ms
[OUT] 
[OUT] Query execution time: 57021.353447 ms
[OUT] 
[OUT] Total elapsed time: 616977.344382 ms
[OUT] 
[OUT] 
[OUT] ========== EFFICIENCY METRICS ==========
[OUT] 
[OUT] Queries per second: 175.372898
[OUT] 
[OUT] Distance ops per second: 12082275.680116
[OUT] 
[OUT] 
[OUT] ========== END OF LOG ==========
[OUT] 
[OUT] Log saved to: Log/run_20251204_044322_409.log
[OUT] 
   [RESULT] Rec=0.9985 Time=5.7021ms
