   [START] m=49, ml=1, efc=480, efs=2000
[OUT] ========== HNSW Search Test ==========
[OUT] 
[OUT] Timestamp: Thu Dec  4 00:33:13 2025
[OUT] 
[OUT] Command line arguments:
[OUT]   argv[0]: ./hng1
[OUT]   argv[1]: --m
[OUT]   argv[2]: 49
[OUT]   argv[3]: --max_layer
[OUT]   argv[4]: 1
[OUT]   argv[5]: --efc
[OUT]   argv[6]: 480
[OUT]   argv[7]: --efs
[OUT]   argv[8]: 2000
[OUT] 
[OUT] Configuration:
[OUT]   Base file: data_o/glove/base.txt
[OUT]   Query file: data_o/glove/query.txt
[OUT]   Truth file: data_o/glove/truth.txt
[OUT]   K: 10
[OUT]   M: 49
[OUT]   Max layer: 1
[OUT]   EFC: 480
[OUT]   EFS: 2000
[OUT]   Threads: -1
[OUT]   Debug: -1
[OUT] 
[OUT] HNSW parameters set.
[OUT] 
[OUT] Ablation flags: csr=0, prefetch=0, simd=0, pruning=0, heap=0
[OUT] 
[OUT] Loading base vectors...
[ERR] Loaded base from binary cache: data_o/glove/base.txt.bin
[OUT] ✓ Base loaded in 2294.889315 ms
[OUT] 
[OUT] Loading query vectors...
[ERR] Loaded queries from binary cache: data_o/glove/query.txt.bin
[OUT] ✓ Queries loaded in 67.607388 ms
[OUT] 
[OUT] Loading ground truth...
[ERR] Loaded truth from binary cache: data_o/glove/truth.txt.bin
[OUT] ✓ Truth loaded in 69.765612 ms
[OUT] 
[OUT] Data Summary:
[OUT]   Dimension d=100, Base vectors=1183514, Queries=10000
[OUT] 
[OUT] 
[OUT] Building HNSW index...
[OUT] [Cache] Cache miss, building index...
[OUT] [Progress] 119001/1183514 (10.1%) Time: 11018.24 ms
[OUT] [Progress] 240001/1183514 (20.3%) Time: 43533.15 ms
[OUT] [Progress] 361001/1183514 (30.5%) Time: 92583.97 ms
[OUT] [Progress] 480001/1183514 (40.6%) Time: 146612.41 ms
[OUT] [Progress] 599001/1183514 (50.6%) Time: 203656.85 ms
[OUT] [Progress] 718001/1183514 (60.7%) Time: 266201.72 ms
[OUT] [Progress] 837001/1183514 (70.7%) Time: 330753.80 ms
[OUT] [Progress] 956001/1183514 (80.8%) Time: 396794.33 ms
[OUT] [Progress] 1075001/1183514 (90.8%) Time: 464845.22 ms
[OUT] [Timing] Parallel Build: 518892.24 ms for 1183514 points.
[OUT] [FlatConvert] Starting conversion for 1183514 nodes, dim=100
[OUT] [Reorder] Generated DFS mapping for 1183514 nodes.
[OUT] [FlatConvert] Reorder enabled, enter_point=0, max_level=1
[OUT] [FlatConvert] Allocating data array: 118351400 floats (451 MB)
[OUT] [FlatConvert] Copying vector data...
[OUT] [FlatConvert] Vector data copied.
[OUT] [FlatConvert] Building L0 CSR structure...
[OUT] [FlatConvert] Total L0 links: 58944213
[OUT] [FlatConvert] L0 CSR built, actual links: 58944213
[OUT] [FlatConvert] Building upper layer structure, max_level=1
[OUT] [FlatHNSW-CSR] Converted & Reordered 1183514 nodes.
[OUT] [Timing] Flat Conversion: 8478.35 ms
[OUT] [Cache] Saved index to: cache/hnsw_n1183514_d100_M49_L1_efc480.idx
[OUT] [Cache] Save time: 3184.74 ms
[OUT] ✓ Index built.
[OUT]   build_time(local)=532243.568018 ms
[OUT]   build_time(internal)=518892.240741 ms
[OUT] 
[OUT] 
[OUT] ========== GRAPH QUALITY ==========
[OUT] 
[OUT]   num_nodes: 1183514
[OUT] 
[OUT]   max_level (entry point): 1
[OUT] 
[OUT]   actual_max_layer: 1
[OUT] 
[OUT]   avg_degree_l0: 49.804407
[OUT] 
[OUT]   avg_degree_upper: 0.375334
[OUT] 
[OUT] 
[OUT]   Layer Distribution:
[OUT] 
[OUT]     L0: 1183514 nodes (100.00%)
[OUT] 
[OUT]     L1: 23928 nodes (2.02%)
[OUT] 
[OUT] 
[OUT] 
[OUT] Executing queries...
[OUT] 
[OUT]   Processed 1000 queries
[OUT] 
[OUT]   Processed 2000 queries
[OUT] 
[OUT]   Processed 3000 queries
[OUT] 
[OUT]   Processed 4000 queries
[OUT] 
[OUT]   Processed 5000 queries
[OUT] 
[OUT]   Processed 6000 queries
[OUT] 
[OUT]   Processed 7000 queries
[OUT] 
[OUT]   Processed 8000 queries
[OUT] 
[OUT]   Processed 9000 queries
[OUT] 
[OUT]   Processed 10000 queries
[OUT] 
[OUT] 
[OUT] ========== RESULTS ==========
[OUT] 
[OUT] Total queries: 10000
[OUT] 
[OUT] Average recall@10: 0.998430
[OUT] 
[OUT] Average query time: 5.857137 ms
[OUT] 
[OUT] Total query time: 58571.366542 ms
[OUT] 
[OUT] 
[OUT] ========== DISTANCE STATISTICS ==========
[OUT] 
[OUT] Total queries reported by index: 10000
[OUT] 
[OUT] Total distance computations: 675478155
[OUT] 
[OUT] Average distance ops per query: 67547.815500
[OUT] 
[OUT] Last query distance ops: 46690
[OUT] 
[OUT] 
[OUT] ========== PERFORMANCE SUMMARY ==========
[OUT] 
[OUT] Data loading time: 2432.262315 ms
[OUT] 
[OUT] Index build time: 518892.240741 ms
[OUT] 
[OUT] Query execution time: 58571.366542 ms
[OUT] 
[OUT] Total elapsed time: 593247.196875 ms
[OUT] 
[OUT] 
[OUT] ========== EFFICIENCY METRICS ==========
[OUT] 
[OUT] Queries per second: 170.731888
[OUT] 
[OUT] Distance ops per second: 11532566.079291
[OUT] 
[OUT] 
[OUT] ========== END OF LOG ==========
[OUT] 
[OUT] Log saved to: Log/run_20251204_003313_100.log
[OUT] 
   [RESULT] Rec=0.9984 Time=5.8571ms
