   [START] m=70, ml=1, efc=1096, efs=2000
[OUT] ========== HNSW Search Test ==========
[OUT] 
[OUT] Timestamp: Sat Dec  6 05:47:35 2025
[OUT] 
[OUT] Command line arguments:
[OUT]   argv[0]: ./hng1
[OUT]   argv[1]: --m
[OUT]   argv[2]: 70
[OUT]   argv[3]: --max_layer
[OUT]   argv[4]: 1
[OUT]   argv[5]: --efc
[OUT]   argv[6]: 1096
[OUT]   argv[7]: --efs
[OUT]   argv[8]: 2000
[OUT] 
[OUT] Configuration:
[OUT]   Base file: data_o/glove/base.txt
[OUT]   Query file: data_o/glove/query.txt
[OUT]   Truth file: data_o/glove/truth.txt
[OUT]   K: 10
[OUT]   M: 70
[OUT]   Max layer: 1
[OUT]   EFC: 1096
[OUT]   EFS: 2000
[OUT]   Threads: -1
[OUT]   Debug: -1
[OUT] 
[OUT] HNSW parameters set.
[OUT] 
[OUT] Ablation flags: csr=0, prefetch=0, simd=0, pruning=0, heap=0
[OUT] 
[OUT] Loading base vectors...
[ERR] Loaded base from binary cache: data_o/glove/base.txt.bin
[OUT] ✓ Base loaded in 2401.925820 ms
[OUT] 
[OUT] Loading query vectors...
[ERR] Loaded queries from binary cache: data_o/glove/query.txt.bin
[OUT] ✓ Queries loaded in 69.607191 ms
[OUT] 
[OUT] Loading ground truth...
[ERR] Loaded truth from binary cache: data_o/glove/truth.txt.bin
[OUT] ✓ Truth loaded in 70.194190 ms
[OUT] 
[OUT] Data Summary:
[OUT]   Dimension d=100, Base vectors=1183514, Queries=10000
[OUT] 
[OUT] 
[OUT] Building HNSW index...
[OUT] [Cache] Cache miss, building index...
[OUT] [Progress] 121001/1183514 (10.2%) Time: 26502.47 ms
[OUT] [Progress] 240001/1183514 (20.3%) Time: 122385.91 ms
[OUT] [Progress] 359001/1183514 (30.3%) Time: 255789.59 ms
[OUT] [Progress] 478001/1183514 (40.4%) Time: 397718.66 ms
[OUT] [Progress] 597001/1183514 (50.4%) Time: 571398.57 ms
[OUT] [Progress] 716001/1183514 (60.5%) Time: 745147.43 ms
[OUT] [Progress] 835001/1183514 (70.6%) Time: 938827.97 ms
[OUT] [Progress] 955001/1183514 (80.7%) Time: 1139453.75 ms
[OUT] [Progress] 1074001/1183514 (90.7%) Time: 1338500.23 ms
[OUT] [Timing] Parallel Build: 1500893.99 ms for 1183514 points.
[OUT] [FlatConvert] Starting conversion for 1183514 nodes, dim=100
[OUT] [Reorder] Generated DFS mapping for 1183514 nodes.
[OUT] [FlatConvert] Reorder enabled, enter_point=0, max_level=1
[OUT] [FlatConvert] Allocating data array: 118351400 floats (451 MB)
[OUT] [FlatConvert] Copying vector data...
[OUT] [FlatConvert] Vector data copied.
[OUT] [FlatConvert] Building L0 CSR structure...
[OUT] [FlatConvert] Total L0 links: 80628850
[OUT] [FlatConvert] L0 CSR built, actual links: 80628850
[OUT] [FlatConvert] Building upper layer structure, max_level=1
[OUT] [FlatHNSW-CSR] Converted & Reordered 1183514 nodes.
[OUT] [Timing] Flat Conversion: 10588.11 ms
[OUT] [Cache] Saved index to: cache/hnsw_n1183514_d100_M70_L1_efc1096.idx
[OUT] [Cache] Save time: 3618.00 ms
[OUT] ✓ Index built.
[OUT]   build_time(local)=1568292.993245 ms
[OUT]   build_time(internal)=1500893.994504 ms
[OUT] 
[OUT] 
[OUT] ========== GRAPH QUALITY ==========
[OUT] 
[OUT]   num_nodes: 1183514
[OUT] 
[OUT]   max_level (entry point): 1
[OUT] 
[OUT]   actual_max_layer: 1
[OUT] 
[OUT]   avg_degree_l0: 68.126655
[OUT] 
[OUT]   avg_degree_upper: 0.203692
[OUT] 
[OUT] 
[OUT]   Layer Distribution:
[OUT] 
[OUT]     L0: 1183514 nodes (100.00%)
[OUT] 
[OUT]     L1: 16795 nodes (1.42%)
[OUT] 
[OUT] 
[OUT] 
[OUT] Executing queries...
[OUT] 
[OUT]   Processed 1000 queries
[OUT] 
[OUT]   Processed 2000 queries
[OUT] 
[OUT]   Processed 3000 queries
[OUT] 
[OUT]   Processed 4000 queries
[OUT] 
[OUT]   Processed 5000 queries
[OUT] 
[OUT]   Processed 6000 queries
[OUT] 
[OUT]   Processed 7000 queries
[OUT] 
[OUT]   Processed 8000 queries
[OUT] 
[OUT]   Processed 9000 queries
[OUT] 
[OUT]   Processed 10000 queries
[OUT] 
[OUT] 
[OUT] ========== RESULTS ==========
[OUT] 
[OUT] Total queries: 10000
[OUT] 
[OUT] Average recall@10: 0.999350
[OUT] 
[OUT] Average query time: 7.450699 ms
[OUT] 
[OUT] Total query time: 74506.985407 ms
[OUT] 
[OUT] 
[OUT] ========== DISTANCE STATISTICS ==========
[OUT] 
[OUT] Total queries reported by index: 10000
[OUT] 
[OUT] Total distance computations: 903406250
[OUT] 
[OUT] Average distance ops per query: 90340.625000
[OUT] 
[OUT] Last query distance ops: 60808
[OUT] 
[OUT] 
[OUT] ========== PERFORMANCE SUMMARY ==========
[OUT] 
[OUT] Data loading time: 2541.727201 ms
[OUT] 
[OUT] Index build time: 1500893.994504 ms
[OUT] 
[OUT] Query execution time: 74506.985407 ms
[OUT] 
[OUT] Total elapsed time: 1645341.705853 ms
[OUT] 
[OUT] 
[OUT] ========== EFFICIENCY METRICS ==========
[OUT] 
[OUT] Queries per second: 134.215603
[OUT] 
[OUT] Distance ops per second: 12125121.491161
[OUT] 
[OUT] 
[OUT] ========== END OF LOG ==========
[OUT] 
[OUT] Log saved to: Log/run_20251206_054735_876.log
[OUT] 
   [RESULT] Rec=0.9993 Time=7.4507ms
