   [START] m=58, ml=8, efc=455, efs=2000
[OUT] ========== HNSW Search Test ==========
[OUT] 
[OUT] Timestamp: Sat Dec  6 10:45:31 2025
[OUT] 
[OUT] Command line arguments:
[OUT]   argv[0]: ./hng1
[OUT]   argv[1]: --m
[OUT]   argv[2]: 58
[OUT]   argv[3]: --max_layer
[OUT]   argv[4]: 8
[OUT]   argv[5]: --efc
[OUT]   argv[6]: 455
[OUT]   argv[7]: --efs
[OUT]   argv[8]: 2000
[OUT] 
[OUT] Configuration:
[OUT]   Base file: data_o/glove/base.txt
[OUT]   Query file: data_o/glove/query.txt
[OUT]   Truth file: data_o/glove/truth.txt
[OUT]   K: 10
[OUT]   M: 58
[OUT]   Max layer: 8
[OUT]   EFC: 455
[OUT]   EFS: 2000
[OUT]   Threads: -1
[OUT]   Debug: -1
[OUT] 
[OUT] HNSW parameters set.
[OUT] 
[OUT] Ablation flags: csr=0, prefetch=0, simd=0, pruning=0, heap=0
[OUT] 
[OUT] Loading base vectors...
[ERR] Loaded base from binary cache: data_o/glove/base.txt.bin
[OUT] ✓ Base loaded in 2206.449503 ms
[OUT] 
[OUT] Loading query vectors...
[ERR] Loaded queries from binary cache: data_o/glove/query.txt.bin
[OUT] ✓ Queries loaded in 71.292584 ms
[OUT] 
[OUT] Loading ground truth...
[ERR] Loaded truth from binary cache: data_o/glove/truth.txt.bin
[OUT] ✓ Truth loaded in 68.057685 ms
[OUT] 
[OUT] Data Summary:
[OUT]   Dimension d=100, Base vectors=1183514, Queries=10000
[OUT] 
[OUT] 
[OUT] Building HNSW index...
[OUT] [Cache] Cache miss, building index...
[OUT] [Progress] 121001/1183514 (10.2%) Time: 10526.90 ms
[OUT] [Progress] 242001/1183514 (20.4%) Time: 41087.48 ms
[OUT] [Progress] 361001/1183514 (30.5%) Time: 86154.18 ms
[OUT] [Progress] 481001/1183514 (40.6%) Time: 131825.47 ms
[OUT] [Progress] 601001/1183514 (50.8%) Time: 184990.66 ms
[OUT] [Progress] 721001/1183514 (60.9%) Time: 245118.39 ms
[OUT] [Progress] 840001/1183514 (71.0%) Time: 306755.91 ms
[OUT] [Progress] 959001/1183514 (81.0%) Time: 365923.46 ms
[OUT] [Progress] 1078001/1183514 (91.1%) Time: 430091.77 ms
[OUT] [Timing] Parallel Build: 478461.89 ms for 1183514 points.
[OUT] [FlatConvert] Starting conversion for 1183514 nodes, dim=100
[OUT] [Reorder] Generated DFS mapping for 1183514 nodes.
[OUT] [FlatConvert] Reorder enabled, enter_point=0, max_level=4
[OUT] [FlatConvert] Allocating data array: 118351400 floats (451 MB)
[OUT] [FlatConvert] Copying vector data...
[OUT] [FlatConvert] Vector data copied.
[OUT] [FlatConvert] Building L0 CSR structure...
[OUT] [FlatConvert] Total L0 links: 58135634
[OUT] [FlatConvert] L0 CSR built, actual links: 58135634
[OUT] [FlatConvert] Building upper layer structure, max_level=4
[OUT] [FlatHNSW-CSR] Converted & Reordered 1183514 nodes.
[OUT] [Timing] Flat Conversion: 8641.98 ms
[OUT] [Cache] Saved index to: cache/hnsw_n1183514_d100_M58_L8_efc455.idx
[OUT] [Cache] Save time: 3374.77 ms
[OUT] ✓ Index built.
[OUT]   build_time(local)=513455.411131 ms
[OUT]   build_time(internal)=478461.890434 ms
[OUT] 
[OUT] 
[OUT] ========== GRAPH QUALITY ==========
[OUT] 
[OUT]   num_nodes: 1183514
[OUT] 
[OUT]   max_level (entry point): 4
[OUT] 
[OUT]   actual_max_layer: 4
[OUT] 
[OUT]   avg_degree_l0: 49.121205
[OUT] 
[OUT]   avg_degree_upper: 0.125743
[OUT] 
[OUT] 
[OUT]   Layer Distribution:
[OUT] 
[OUT]     L0: 1183514 nodes (100.00%)
[OUT] 
[OUT]     L1: 20455 nodes (1.73%)
[OUT] 
[OUT]     L2: 380 nodes (0.03%)
[OUT] 
[OUT]     L3: 15 nodes (0.00%)
[OUT] 
[OUT]     L4: 2 nodes (0.00%)
[OUT] 
[OUT] 
[OUT] 
[OUT] Executing queries...
[OUT] 
[OUT]   Processed 1000 queries
[OUT] 
[OUT]   Processed 2000 queries
[OUT] 
[OUT]   Processed 3000 queries
[OUT] 
[OUT]   Processed 4000 queries
[OUT] 
[OUT]   Processed 5000 queries
[OUT] 
[OUT]   Processed 6000 queries
[OUT] 
[OUT]   Processed 7000 queries
[OUT] 
[OUT]   Processed 8000 queries
[OUT] 
[OUT]   Processed 9000 queries
[OUT] 
[OUT]   Processed 10000 queries
[OUT] 
[OUT] 
[OUT] ========== RESULTS ==========
[OUT] 
[OUT] Total queries: 10000
[OUT] 
[OUT] Average recall@10: 0.998440
[OUT] 
[OUT] Average query time: 5.697905 ms
[OUT] 
[OUT] Total query time: 56979.049884 ms
[OUT] 
[OUT] 
[OUT] ========== DISTANCE STATISTICS ==========
[OUT] 
[OUT] Total queries reported by index: 10000
[OUT] 
[OUT] Total distance computations: 676417703
[OUT] 
[OUT] Average distance ops per query: 67641.770400
[OUT] 
[OUT] Last query distance ops: 46116
[OUT] 
[OUT] 
[OUT] ========== PERFORMANCE SUMMARY ==========
[OUT] 
[OUT] Data loading time: 2345.799772 ms
[OUT] 
[OUT] Index build time: 478461.890434 ms
[OUT] 
[OUT] Query execution time: 56979.049884 ms
[OUT] 
[OUT] Total elapsed time: 572780.260787 ms
[OUT] 
[OUT] 
[OUT] ========== EFFICIENCY METRICS ==========
[OUT] 
[OUT] Queries per second: 175.503102
[OUT] 
[OUT] Distance ops per second: 11871340.525633
[OUT] 
[OUT] 
[OUT] ========== END OF LOG ==========
[OUT] 
[OUT] Log saved to: Log/run_20251206_104531_427.log
[OUT] 
   [RESULT] Rec=0.9984 Time=5.6979ms
