   [START] m=55, ml=11, efc=598, efs=2000
[OUT] ========== HNSW Search Test ==========
[OUT] 
[OUT] Timestamp: Thu Dec  4 00:48:26 2025
[OUT] 
[OUT] Command line arguments:
[OUT]   argv[0]: ./hng1
[OUT]   argv[1]: --m
[OUT]   argv[2]: 55
[OUT]   argv[3]: --max_layer
[OUT]   argv[4]: 11
[OUT]   argv[5]: --efc
[OUT]   argv[6]: 598
[OUT]   argv[7]: --efs
[OUT]   argv[8]: 2000
[OUT] 
[OUT] Configuration:
[OUT]   Base file: data_o/glove/base.txt
[OUT]   Query file: data_o/glove/query.txt
[OUT]   Truth file: data_o/glove/truth.txt
[OUT]   K: 10
[OUT]   M: 55
[OUT]   Max layer: 11
[OUT]   EFC: 598
[OUT]   EFS: 2000
[OUT]   Threads: -1
[OUT]   Debug: -1
[OUT] 
[OUT] HNSW parameters set.
[OUT] 
[OUT] Ablation flags: csr=0, prefetch=0, simd=0, pruning=0, heap=0
[OUT] 
[OUT] Loading base vectors...
[ERR] Loaded base from binary cache: data_o/glove/base.txt.bin
[OUT] ✓ Base loaded in 2113.782147 ms
[OUT] 
[OUT] Loading query vectors...
[ERR] Loaded queries from binary cache: data_o/glove/query.txt.bin
[OUT] ✓ Queries loaded in 69.158575 ms
[OUT] 
[OUT] Loading ground truth...
[ERR] Loaded truth from binary cache: data_o/glove/truth.txt.bin
[OUT] ✓ Truth loaded in 68.996228 ms
[OUT] 
[OUT] Data Summary:
[OUT]   Dimension d=100, Base vectors=1183514, Queries=10000
[OUT] 
[OUT] 
[OUT] Building HNSW index...
[OUT] [Cache] Cache miss, building index...
[OUT] [Progress] 122001/1183514 (10.3%) Time: 13520.72 ms
[OUT] [Progress] 241001/1183514 (20.4%) Time: 55537.96 ms
[OUT] [Progress] 360001/1183514 (30.4%) Time: 119098.76 ms
[OUT] [Progress] 480001/1183514 (40.6%) Time: 190647.01 ms
[OUT] [Progress] 599001/1183514 (50.6%) Time: 269701.11 ms
[OUT] [Progress] 718001/1183514 (60.7%) Time: 350278.30 ms
[OUT] [Progress] 837001/1183514 (70.7%) Time: 441408.61 ms
[OUT] [Progress] 956001/1183514 (80.8%) Time: 532503.64 ms
[OUT] [Progress] 1075001/1183514 (90.8%) Time: 624083.48 ms
[OUT] [Timing] Parallel Build: 700640.24 ms for 1183514 points.
[OUT] [FlatConvert] Starting conversion for 1183514 nodes, dim=100
[OUT] [Reorder] Generated DFS mapping for 1183514 nodes.
[OUT] [FlatConvert] Reorder enabled, enter_point=0, max_level=3
[OUT] [FlatConvert] Allocating data array: 118351400 floats (451 MB)
[OUT] [FlatConvert] Copying vector data...
[OUT] [FlatConvert] Vector data copied.
[OUT] [FlatConvert] Building L0 CSR structure...
[OUT] [FlatConvert] Total L0 links: 65043494
[OUT] [FlatConvert] L0 CSR built, actual links: 65043494
[OUT] [FlatConvert] Building upper layer structure, max_level=3
[OUT] [FlatHNSW-CSR] Converted & Reordered 1183514 nodes.
[OUT] [Timing] Flat Conversion: 8839.45 ms
[OUT] [Cache] Saved index to: cache/hnsw_n1183514_d100_M55_L11_efc598.idx
[OUT] [Cache] Save time: 3347.31 ms
[OUT] ✓ Index built.
[OUT]   build_time(local)=714580.287329 ms
[OUT]   build_time(internal)=700640.244686 ms
[OUT] 
[OUT] 
[OUT] ========== GRAPH QUALITY ==========
[OUT] 
[OUT]   num_nodes: 1183514
[OUT] 
[OUT]   max_level (entry point): 3
[OUT] 
[OUT]   actual_max_layer: 3
[OUT] 
[OUT]   avg_degree_l0: 54.957942
[OUT] 
[OUT]   avg_degree_upper: 0.174786
[OUT] 
[OUT] 
[OUT]   Layer Distribution:
[OUT] 
[OUT]     L0: 1183514 nodes (100.00%)
[OUT] 
[OUT]     L1: 21583 nodes (1.82%)
[OUT] 
[OUT]     L2: 413 nodes (0.03%)
[OUT] 
[OUT]     L3: 8 nodes (0.00%)
[OUT] 
[OUT] 
[OUT] 
[OUT] Executing queries...
[OUT] 
[OUT]   Processed 1000 queries
[OUT] 
[OUT]   Processed 2000 queries
[OUT] 
[OUT]   Processed 3000 queries
[OUT] 
[OUT]   Processed 4000 queries
[OUT] 
[OUT]   Processed 5000 queries
[OUT] 
[OUT]   Processed 6000 queries
[OUT] 
[OUT]   Processed 7000 queries
[OUT] 
[OUT]   Processed 8000 queries
[OUT] 
[OUT]   Processed 9000 queries
[OUT] 
[OUT]   Processed 10000 queries
[OUT] 
[OUT] 
[OUT] ========== RESULTS ==========
[OUT] 
[OUT] Total queries: 10000
[OUT] 
[OUT] Average recall@10: 0.998800
[OUT] 
[OUT] Average query time: 6.043661 ms
[OUT] 
[OUT] Total query time: 60436.606225 ms
[OUT] 
[OUT] 
[OUT] ========== DISTANCE STATISTICS ==========
[OUT] 
[OUT] Total queries reported by index: 10000
[OUT] 
[OUT] Total distance computations: 739690068
[OUT] 
[OUT] Average distance ops per query: 73969.006900
[OUT] 
[OUT] Last query distance ops: 50306
[OUT] 
[OUT] 
[OUT] ========== PERFORMANCE SUMMARY ==========
[OUT] 
[OUT] Data loading time: 2251.936950 ms
[OUT] 
[OUT] Index build time: 700640.244686 ms
[OUT] 
[OUT] Query execution time: 60436.606225 ms
[OUT] 
[OUT] Total elapsed time: 777268.830504 ms
[OUT] 
[OUT] 
[OUT] ========== EFFICIENCY METRICS ==========
[OUT] 
[OUT] Queries per second: 165.462633
[OUT] 
[OUT] Distance ops per second: 12239106.647488
[OUT] 
[OUT] 
[OUT] ========== END OF LOG ==========
[OUT] 
[OUT] Log saved to: Log/run_20251204_004826_450.log
[OUT] 
   [RESULT] Rec=0.9988 Time=6.0437ms
