   [START] m=51, ml=9, efc=1153, efs=2000
[OUT] ========== HNSW Search Test ==========
[OUT] 
[OUT] Timestamp: Sun Dec  7 17:31:31 2025
[OUT] 
[OUT] Command line arguments:
[OUT]   argv[0]: ./hng3
[OUT]   argv[1]: --m
[OUT]   argv[2]: 51
[OUT]   argv[3]: --max_layer
[OUT]   argv[4]: 9
[OUT]   argv[5]: --efc
[OUT]   argv[6]: 1153
[OUT]   argv[7]: --efs
[OUT]   argv[8]: 2000
[OUT] 
[OUT] Configuration:
[OUT]   Base file: data_o/glove/base.txt
[OUT]   Query file: data_o/glove/query.txt
[OUT]   Truth file: data_o/glove/truth.txt
[OUT]   K: 10
[OUT]   M: 51
[OUT]   Max layer: 9
[OUT]   EFC: 1153
[OUT]   EFS: 2000
[OUT]   Threads: -1
[OUT]   Debug: -1
[OUT] 
[OUT] HNSW parameters set.
[OUT] 
[OUT] Ablation flags: csr=0, prefetch=0, simd=0, pruning=0, heap=0
[OUT] 
[OUT] Loading base vectors...
[ERR] Loaded base from binary cache: data_o/glove/base.txt.bin
[OUT] ✓ Base loaded in 2080.474378 ms
[OUT] 
[OUT] Loading query vectors...
[ERR] Loaded queries from binary cache: data_o/glove/query.txt.bin
[OUT] ✓ Queries loaded in 66.904959 ms
[OUT] 
[OUT] Loading ground truth...
[ERR] Loaded truth from binary cache: data_o/glove/truth.txt.bin
[OUT] ✓ Truth loaded in 66.229105 ms
[OUT] 
[OUT] Data Summary:
[OUT]   Dimension d=100, Base vectors=1183514, Queries=10000
[OUT] 
[OUT] 
[OUT] Building HNSW index...
[OUT] [Progress] 53001/1183514 (4.5%) Time: 64733.61 ms
[OUT] [Progress] 104001/1183514 (8.8%) Time: 173921.77 ms
[OUT] [Progress] 155001/1183514 (13.1%) Time: 243699.65 ms
[OUT] [Progress] 205001/1183514 (17.3%) Time: 376514.76 ms
[OUT] [Progress] 255001/1183514 (21.5%) Time: 460304.59 ms
[OUT] [Progress] 305001/1183514 (25.8%) Time: 601313.98 ms
[OUT] [Progress] 355001/1183514 (30.0%) Time: 742813.96 ms
[OUT] [Progress] 405001/1183514 (34.2%) Time: 837211.66 ms
[OUT] [Progress] 455001/1183514 (38.4%) Time: 985868.65 ms
[OUT] [Progress] 505001/1183514 (42.7%) Time: 1091501.91 ms
[OUT] [Progress] 555001/1183514 (46.9%) Time: 1243039.71 ms
[OUT] [Progress] 605001/1183514 (51.1%) Time: 1353521.81 ms
[OUT] [Progress] 657001/1183514 (55.5%) Time: 1504790.05 ms
[OUT] [Progress] 707001/1183514 (59.7%) Time: 1652781.73 ms
[OUT] [Progress] 757001/1183514 (64.0%) Time: 1778237.20 ms
[OUT] [Progress] 807001/1183514 (68.2%) Time: 1935893.17 ms
[OUT] [Progress] 858001/1183514 (72.5%) Time: 2060842.45 ms
[OUT] [Progress] 908001/1183514 (76.7%) Time: 2218511.88 ms
[OUT] [Progress] 958001/1183514 (80.9%) Time: 2350879.57 ms
[OUT] [Progress] 1008001/1183514 (85.2%) Time: 2515869.48 ms
[OUT] [Progress] 1058001/1183514 (89.4%) Time: 2657285.16 ms
[OUT] [Progress] 1108001/1183514 (93.6%) Time: 2803698.79 ms
[OUT] [Progress] 1158001/1183514 (97.8%) Time: 2956111.15 ms
[OUT] [Timing] Parallel Build: 2998607.20 ms for 1183514 points.
[OUT] [FlatConvert] Starting conversion for 1183514 nodes, dim=100
[OUT] [FlatConvert] Reorder enabled, enter_point=0, max_level=3
[OUT] [FlatHNSW-CSR] Converted 1183514 nodes (optimized for cache, no pruning overhead).
[OUT] [Timing] Flat Conversion: 13055.56 ms
[OUT] [Cache] Saved index to: cache/hnsw_n1183514_d100_M51_L9_efc1153.idx
[OUT] [Cache] Save time: 3824.98 ms
[OUT] ✓ Index built.
[OUT]   build_time(local)=3089146.264138 ms
[OUT]   build_time(internal)=2998607.200656 ms
[OUT] 
[OUT] Executing queries...
[OUT] 
[OUT]   Processed 1000 queries
[OUT] 
[OUT]   Processed 2000 queries
[OUT] 
[OUT]   Processed 3000 queries
[OUT] 
[OUT]   Processed 4000 queries
[OUT] 
[OUT]   Processed 5000 queries
[OUT] 
[OUT]   Processed 6000 queries
[OUT] 
[OUT]   Processed 7000 queries
[OUT] 
[OUT]   Processed 8000 queries
[OUT] 
[OUT]   Processed 9000 queries
[OUT] 
[OUT]   Processed 10000 queries
[OUT] 
[OUT] 
[OUT] ========== RESULTS ==========
[OUT] 
[OUT] Total queries: 10000
[OUT] 
[OUT] Average recall@10: 0.999770
[OUT] 
[OUT] Average query time: 7.897830 ms
[OUT] 
[OUT] Total query time: 78978.302696 ms
[OUT] 
[OUT] 
[OUT] ========== DISTANCE STATISTICS ==========
[OUT] 
[OUT] Total queries reported by index: 10000
[OUT] 
[OUT] Total distance computations: 997765205
[OUT] 
[OUT] Average distance ops per query: 99776.520500
[OUT] 
[OUT] Last query distance ops: 78867
[OUT] 
[OUT] 
[OUT] ========== PERFORMANCE SUMMARY ==========
[OUT] 
[OUT] Data loading time: 2213.608442 ms
[OUT] 
[OUT] Index build time: 2998607.200656 ms
[OUT] 
[OUT] Query execution time: 78978.302696 ms
[OUT] 
[OUT] Total elapsed time: 3170338.175276 ms
[OUT] 
[OUT] 
[OUT] ========== EFFICIENCY METRICS ==========
[OUT] 
[OUT] Queries per second: 126.617054
[OUT] 
[OUT] Distance ops per second: 12633409.062240
[OUT] 
[OUT] 
[OUT] ========== END OF LOG ==========
[OUT] 
[OUT] Log saved to: Log/run_20251207_173131_001.log
[OUT] 
   [RESULT] Rec=0.9998 Time=7.8978ms
