   [START] m=60, ml=13, efc=317, efs=560
[OUT] ========== HNSW Search Test ==========
[OUT] 
[OUT] Timestamp: Thu Dec  4 07:38:10 2025
[OUT] 
[OUT] Command line arguments:
[OUT]   argv[0]: ./hng1
[OUT]   argv[1]: --m
[OUT]   argv[2]: 60
[OUT]   argv[3]: --max_layer
[OUT]   argv[4]: 13
[OUT]   argv[5]: --efc
[OUT]   argv[6]: 317
[OUT]   argv[7]: --efs
[ERR] Loaded base from binary cache: data_o/glove/base.txt.bin
[OUT]   argv[8]: 560
[OUT] 
[OUT] Configuration:
[OUT]   Base file: data_o/glove/base.txt
[OUT]   Query file: data_o/glove/query.txt
[OUT]   Truth file: data_o/glove/truth.txt
[OUT]   K: 10
[OUT]   M: 60
[OUT]   Max layer: 13
[OUT]   EFC: 317
[OUT]   EFS: 560
[OUT]   Threads: -1
[OUT]   Debug: -1
[OUT] 
[OUT] HNSW parameters set.
[OUT] 
[OUT] Ablation flags: csr=0, prefetch=0, simd=0, pruning=0, heap=0
[OUT] 
[OUT] Loading base vectors...
[OUT] ✓ Base loaded in 2120.904085 ms
[OUT] 
[OUT] Loading query vectors...
[ERR] Loaded queries from binary cache: data_o/glove/query.txt.bin
[OUT] ✓ Queries loaded in 65.505913 ms
[OUT] 
[OUT] Loading ground truth...
[ERR] Loaded truth from binary cache: data_o/glove/truth.txt.bin
[OUT] ✓ Truth loaded in 66.595363 ms
[OUT] 
[OUT] Data Summary:
[OUT]   Dimension d=100, Base vectors=1183514, Queries=10000
[OUT] 
[OUT] 
[OUT] Building HNSW index...
[OUT] [Cache] Loaded index from: cache/hnsw_n1183514_d100_M60_L13_efc317.idx
[OUT] [Cache] Load time: 3391.20 ms
[OUT] ✓ Index built.
[OUT]   build_time(local)=3395.878631 ms
[OUT]   build_time(internal)=3391.202398 ms
[OUT] 
[OUT] 
[OUT] ========== GRAPH QUALITY ==========
[OUT] 
[OUT]   num_nodes: 1183514
[OUT] 
[OUT]   max_level (entry point): 4
[OUT] 
[OUT]   actual_max_layer: 4
[OUT] 
[OUT]   avg_degree_l0: 41.318386
[OUT] 
[OUT]   avg_degree_upper: 0.100706
[OUT] 
[OUT] 
[OUT]   Layer Distribution:
[OUT] 
[OUT]     L0: 1183514 nodes (100.00%)
[OUT] 
[OUT]     L1: 19472 nodes (1.65%)
[OUT] 
[OUT]     L2: 350 nodes (0.03%)
[OUT] 
[OUT]     L3: 7 nodes (0.00%)
[OUT] 
[OUT]     L4: 1 nodes (0.00%)
[OUT] 
[OUT] 
[OUT] 
[OUT] Executing queries...
[OUT] 
[OUT]   Processed 1000 queries
[OUT] 
[OUT]   Processed 2000 queries
[OUT] 
[OUT]   Processed 3000 queries
[OUT] 
[OUT]   Processed 4000 queries
[OUT] 
[OUT]   Processed 5000 queries
[OUT] 
[OUT]   Processed 6000 queries
[OUT] 
[OUT]   Processed 7000 queries
[OUT] 
[OUT]   Processed 8000 queries
[OUT] 
[OUT]   Processed 9000 queries
[OUT] 
[OUT]   Processed 10000 queries
[OUT] 
[OUT] 
[OUT] ========== RESULTS ==========
[OUT] 
[OUT] Total queries: 10000
[OUT] 
[OUT] Average recall@10: 0.978310
[OUT] 
[OUT] Average query time: 1.448636 ms
[OUT] 
[OUT] Total query time: 14486.359926 ms
[OUT] 
[OUT] 
[OUT] ========== DISTANCE STATISTICS ==========
[OUT] 
[OUT] Total queries reported by index: 10000
[OUT] 
[OUT] Total distance computations: 194525107
[OUT] 
[OUT] Average distance ops per query: 19452.510700
[OUT] 
[OUT] Last query distance ops: 15705
[OUT] 
[OUT] 
[OUT] ========== PERFORMANCE SUMMARY ==========
[OUT] 
[OUT] Data loading time: 2253.005361 ms
[OUT] 
[OUT] Index build time: 3391.202398 ms
[OUT] 
[OUT] Query execution time: 14486.359926 ms
[OUT] 
[OUT] Total elapsed time: 20135.243918 ms
[OUT] 
[OUT] 
[OUT] ========== EFFICIENCY METRICS ==========
[OUT] 
[OUT] Queries per second: 690.304538
[OUT] 
[OUT] Distance ops per second: 13428156.417049
[OUT] 
[OUT] 
[OUT] ========== END OF LOG ==========
[OUT] 
[OUT] Log saved to: Log/run_20251204_073810_996.log
[OUT] 
   [RESULT] Rec=0.9783 Time=1.4486ms
