   [START] m=61, ml=4, efc=645, efs=650
[OUT] ========== HNSW Search Test ==========
[OUT] 
[OUT] Timestamp: Thu Dec  4 07:10:22 2025
[OUT] 
[OUT] Command line arguments:
[OUT]   argv[0]: ./hng1
[OUT]   argv[1]: --m
[OUT]   argv[2]: 61
[OUT]   argv[3]: --max_layer
[OUT]   argv[4]: 4
[OUT]   argv[5]: --efc
[OUT]   argv[6]: 645
[OUT]   argv[7]: --efs
[OUT]   argv[8]: 650
[OUT] 
[OUT] Configuration:
[OUT]   Base file: data_o/glove/base.txt
[OUT]   Query file: data_o/glove/query.txt
[OUT]   Truth file: data_o/glove/truth.txt
[OUT]   K: 10
[OUT]   M: 61
[OUT]   Max layer: 4
[OUT]   EFC: 645
[OUT]   EFS: 650
[OUT]   Threads: -1
[OUT]   Debug: -1
[OUT] 
[OUT] HNSW parameters set.
[OUT] 
[OUT] Ablation flags: csr=0, prefetch=0, simd=0, pruning=0, heap=0
[OUT] 
[OUT] Loading base vectors...
[ERR] Loaded base from binary cache: data_o/glove/base.txt.bin
[OUT] ✓ Base loaded in 2104.447780 ms
[OUT] 
[ERR] Loaded queries from binary cache: data_o/glove/query.txt.bin
[OUT] Loading query vectors...
[OUT] ✓ Queries loaded in 68.538807 ms
[OUT] 
[OUT] Loading ground truth...
[ERR] Loaded truth from binary cache: data_o/glove/truth.txt.bin
[OUT] ✓ Truth loaded in 67.507768 ms
[OUT] 
[OUT] Data Summary:
[OUT]   Dimension d=100, Base vectors=1183514, Queries=10000
[OUT] 
[OUT] 
[OUT] Building HNSW index...
[OUT] [Cache] Loaded index from: cache/hnsw_n1183514_d100_M61_L4_efc645.idx
[OUT] [Cache] Load time: 3762.29 ms
[OUT] ✓ Index built.
[OUT]   build_time(local)=3766.825966 ms
[OUT]   build_time(internal)=3762.289637 ms
[OUT] 
[OUT] 
[OUT] ========== GRAPH QUALITY ==========
[OUT] 
[OUT]   num_nodes: 1183514
[OUT] 
[OUT]   max_level (entry point): 3
[OUT] 
[OUT]   actual_max_layer: 3
[OUT] 
[OUT]   avg_degree_l0: 56.858536
[OUT] 
[OUT]   avg_degree_upper: 0.128099
[OUT] 
[OUT] 
[OUT]   Layer Distribution:
[OUT] 
[OUT]     L0: 1183514 nodes (100.00%)
[OUT] 
[OUT]     L1: 19189 nodes (1.62%)
[OUT] 
[OUT]     L2: 292 nodes (0.02%)
[OUT] 
[OUT]     L3: 4 nodes (0.00%)
[OUT] 
[OUT] 
[OUT] 
[OUT] Executing queries...
[OUT] 
[OUT]   Processed 1000 queries
[OUT] 
[OUT]   Processed 2000 queries
[OUT] 
[OUT]   Processed 3000 queries
[OUT] 
[OUT]   Processed 4000 queries
[OUT] 
[OUT]   Processed 5000 queries
[OUT] 
[OUT]   Processed 6000 queries
[OUT] 
[OUT]   Processed 7000 queries
[OUT] 
[OUT]   Processed 8000 queries
[OUT] 
[OUT]   Processed 9000 queries
[OUT] 
[OUT]   Processed 10000 queries
[OUT] 
[OUT] 
[OUT] ========== RESULTS ==========
[OUT] 
[OUT] Total queries: 10000
[OUT] 
[OUT] Average recall@10: 0.990670
[OUT] 
[OUT] Average query time: 2.117798 ms
[OUT] 
[OUT] Total query time: 21177.981699 ms
[OUT] 
[OUT] 
[OUT] ========== DISTANCE STATISTICS ==========
[OUT] 
[OUT] Total queries reported by index: 10000
[OUT] 
[OUT] Total distance computations: 291601757
[OUT] 
[OUT] Average distance ops per query: 29160.175700
[OUT] 
[OUT] Last query distance ops: 21878
[OUT] 
[OUT] 
[OUT] ========== PERFORMANCE SUMMARY ==========
[OUT] 
[OUT] Data loading time: 2240.494355 ms
[OUT] 
[OUT] Index build time: 3762.289637 ms
[OUT] 
[OUT] Query execution time: 21177.981699 ms
[OUT] 
[OUT] Total elapsed time: 27185.302020 ms
[OUT] 
[OUT] 
[OUT] ========== EFFICIENCY METRICS ==========
[OUT] 
[OUT] Queries per second: 472.188528
[OUT] 
[OUT] Distance ops per second: 13769100.433861
[OUT] 
[OUT] 
[OUT] ========== END OF LOG ==========
[OUT] 
[OUT] Log saved to: Log/run_20251204_071022_624.log
[OUT] 
   [RESULT] Rec=0.9907 Time=2.1178ms
