   [START] m=59, ml=7, efc=763, efs=440
[OUT] ========== HNSW Search Test ==========
[ERR] Loaded base from binary cache: data_o/glove/base.txt.bin
[OUT] 
[OUT] Timestamp: Sun Dec  7 15:29:14 2025
[OUT] 
[OUT] Command line arguments:
[OUT]   argv[0]: ./hng3
[OUT]   argv[1]: --m
[OUT]   argv[2]: 59
[OUT]   argv[3]: --max_layer
[OUT]   argv[4]: 7
[OUT]   argv[5]: --efc
[OUT]   argv[6]: 763
[OUT]   argv[7]: --efs
[OUT]   argv[8]: 440
[OUT] 
[OUT] Configuration:
[OUT]   Base file: data_o/glove/base.txt
[OUT]   Query file: data_o/glove/query.txt
[OUT]   Truth file: data_o/glove/truth.txt
[OUT]   K: 10
[OUT]   M: 59
[OUT]   Max layer: 7
[OUT]   EFC: 763
[OUT]   EFS: 440
[OUT]   Threads: -1
[OUT]   Debug: -1
[OUT] 
[OUT] HNSW parameters set.
[OUT] 
[OUT] Ablation flags: csr=0, prefetch=0, simd=0, pruning=0, heap=0
[OUT] 
[OUT] Loading base vectors...
[OUT] ✓ Base loaded in 2145.082638 ms
[ERR] Loaded queries from binary cache: data_o/glove/query.txt.bin
[OUT] 
[OUT] Loading query vectors...
[OUT] ✓ Queries loaded in 66.855045 ms
[OUT] 
[OUT] Loading ground truth...
[ERR] Loaded truth from binary cache: data_o/glove/truth.txt.bin
[OUT] ✓ Truth loaded in 68.743837 ms
[OUT] 
[OUT] Data Summary:
[OUT]   Dimension d=100, Base vectors=1183514, Queries=10000
[OUT] 
[OUT] 
[OUT] Building HNSW index...
[OUT] [Cache] Loaded index from: cache/hnsw_n1183514_d100_M59_L7_efc763.idx
[OUT] [Cache] Load time: 4322.04 ms
[OUT] ✓ Index built.
[OUT]   build_time(local)=4327.497137 ms
[OUT]   build_time(internal)=4322.041842 ms
[OUT] 
[OUT] Executing queries...
[OUT] 
[OUT]   Processed 1000 queries
[OUT] 
[OUT]   Processed 2000 queries
[OUT] 
[OUT]   Processed 3000 queries
[OUT] 
[OUT]   Processed 4000 queries
[OUT] 
[OUT]   Processed 5000 queries
[OUT] 
[OUT]   Processed 6000 queries
[OUT] 
[OUT]   Processed 7000 queries
[OUT] 
[OUT]   Processed 8000 queries
[OUT] 
[OUT]   Processed 9000 queries
[OUT] 
[OUT]   Processed 10000 queries
[OUT] 
[OUT] 
[OUT] ========== RESULTS ==========
[OUT] 
[OUT] Total queries: 10000
[OUT] 
[OUT] Average recall@10: 0.990150
[OUT] 
[OUT] Average query time: 1.879687 ms
[OUT] 
[OUT] Total query time: 18796.872928 ms
[OUT] 
[OUT] 
[OUT] ========== DISTANCE STATISTICS ==========
[OUT] 
[OUT] Total queries reported by index: 10000
[OUT] 
[OUT] Total distance computations: 285740374
[OUT] 
[OUT] Average distance ops per query: 28574.037400
[OUT] 
[OUT] Last query distance ops: 28180
[OUT] 
[OUT] 
[OUT] ========== PERFORMANCE SUMMARY ==========
[OUT] 
[OUT] Data loading time: 2280.681520 ms
[OUT] 
[OUT] Index build time: 4322.041842 ms
[OUT] 
[OUT] Query execution time: 18796.872928 ms
[OUT] 
[OUT] Total elapsed time: 25405.051585 ms
[OUT] 
[OUT] 
[OUT] ========== EFFICIENCY METRICS ==========
[OUT] 
[OUT] Queries per second: 532.003384
[OUT] 
[OUT] Distance ops per second: 15201484.581744
[OUT] 
[OUT] 
[OUT] ========== END OF LOG ==========
[OUT] 
[OUT] Log saved to: Log/run_20251207_152914_174.log
[OUT] 
   [RESULT] Rec=0.9901 Time=1.8797ms
