   [START] m=42, ml=4, efc=680, efs=2000
[OUT] ========== HNSW Search Test ==========
[OUT] 
[OUT] Timestamp: Thu Dec  4 02:24:10 2025
[OUT] 
[OUT] Command line arguments:
[OUT]   argv[0]: ./hng1
[OUT]   argv[1]: --m
[OUT]   argv[2]: 42
[OUT]   argv[3]: --max_layer
[OUT]   argv[4]: 4
[OUT]   argv[5]: --efc
[OUT]   argv[6]: 680
[OUT]   argv[7]: --efs
[OUT]   argv[8]: 2000
[OUT] 
[OUT] Configuration:
[OUT]   Base file: data_o/glove/base.txt
[OUT]   Query file: data_o/glove/query.txt
[OUT]   Truth file: data_o/glove/truth.txt
[OUT]   K: 10
[OUT]   M: 42
[OUT]   Max layer: 4
[OUT]   EFC: 680
[OUT]   EFS: 2000
[OUT]   Threads: -1
[OUT]   Debug: -1
[OUT] 
[OUT] HNSW parameters set.
[OUT] 
[OUT] Ablation flags: csr=0, prefetch=0, simd=0, pruning=0, heap=0
[OUT] 
[OUT] Loading base vectors...
[ERR] Loaded base from binary cache: data_o/glove/base.txt.bin
[OUT] ✓ Base loaded in 2086.999902 ms
[OUT] 
[OUT] Loading query vectors...
[ERR] Loaded queries from binary cache: data_o/glove/query.txt.bin
[OUT] ✓ Queries loaded in 68.012151 ms
[OUT] 
[OUT] Loading ground truth...
[ERR] Loaded truth from binary cache: data_o/glove/truth.txt.bin
[OUT] ✓ Truth loaded in 70.107303 ms
[OUT] 
[OUT] Data Summary:
[OUT]   Dimension d=100, Base vectors=1183514, Queries=10000
[OUT] 
[OUT] 
[OUT] Building HNSW index...
[OUT] [Cache] Cache miss, building index...
[OUT] [Progress] 121001/1183514 (10.2%) Time: 14518.35 ms
[OUT] [Progress] 240001/1183514 (20.3%) Time: 61046.33 ms
[OUT] [Progress] 359001/1183514 (30.3%) Time: 130589.53 ms
[OUT] [Progress] 479001/1183514 (40.5%) Time: 208145.55 ms
[OUT] [Progress] 599001/1183514 (50.6%) Time: 298207.22 ms
[OUT] [Progress] 718001/1183514 (60.7%) Time: 389767.48 ms
[OUT] [Progress] 837001/1183514 (70.7%) Time: 481318.75 ms
[OUT] [Progress] 957001/1183514 (80.9%) Time: 579898.52 ms
[OUT] [Progress] 1078001/1183514 (91.1%) Time: 680952.24 ms
[OUT] [Timing] Parallel Build: 756010.42 ms for 1183514 points.
[OUT] [FlatConvert] Starting conversion for 1183514 nodes, dim=100
[OUT] [Reorder] Generated DFS mapping for 1183514 nodes.
[OUT] [FlatConvert] Reorder enabled, enter_point=0, max_level=3
[OUT] [FlatConvert] Allocating data array: 118351400 floats (451 MB)
[OUT] [FlatConvert] Copying vector data...
[OUT] [FlatConvert] Vector data copied.
[OUT] [FlatConvert] Building L0 CSR structure...
[OUT] [FlatConvert] Total L0 links: 65296816
[OUT] [FlatConvert] L0 CSR built, actual links: 65296816
[OUT] [FlatConvert] Building upper layer structure, max_level=3
[OUT] [FlatHNSW-CSR] Converted & Reordered 1183514 nodes.
[OUT] [Timing] Flat Conversion: 9149.06 ms
[OUT] [Cache] Saved index to: cache/hnsw_n1183514_d100_M42_L4_efc680.idx
[OUT] [Cache] Save time: 3282.01 ms
[OUT] ✓ Index built.
[OUT]   build_time(local)=769943.038064 ms
[OUT]   build_time(internal)=756010.422540 ms
[OUT] 
[OUT] 
[OUT] ========== GRAPH QUALITY ==========
[OUT] 
[OUT]   num_nodes: 1183514
[OUT] 
[OUT]   max_level (entry point): 3
[OUT] 
[OUT]   actual_max_layer: 3
[OUT] 
[OUT]   avg_degree_l0: 55.171984
[OUT] 
[OUT]   avg_degree_upper: 0.193183
[OUT] 
[OUT] 
[OUT]   Layer Distribution:
[OUT] 
[OUT]     L0: 1183514 nodes (100.00%)
[OUT] 
[OUT]     L1: 28006 nodes (2.37%)
[OUT] 
[OUT]     L2: 674 nodes (0.06%)
[OUT] 
[OUT]     L3: 13 nodes (0.00%)
[OUT] 
[OUT] 
[OUT] 
[OUT] Executing queries...
[OUT] 
[OUT]   Processed 1000 queries
[OUT] 
[OUT]   Processed 2000 queries
[OUT] 
[OUT]   Processed 3000 queries
[OUT] 
[OUT]   Processed 4000 queries
[OUT] 
[OUT]   Processed 5000 queries
[OUT] 
[OUT]   Processed 6000 queries
[OUT] 
[OUT]   Processed 7000 queries
[OUT] 
[OUT]   Processed 8000 queries
[OUT] 
[OUT]   Processed 9000 queries
[OUT] 
[OUT]   Processed 10000 queries
[OUT] 
[OUT] 
[OUT] ========== RESULTS ==========
[OUT] 
[OUT] Total queries: 10000
[OUT] 
[OUT] Average recall@10: 0.998790
[OUT] 
[OUT] Average query time: 5.723118 ms
[OUT] 
[OUT] Total query time: 57231.175234 ms
[OUT] 
[OUT] 
[OUT] ========== DISTANCE STATISTICS ==========
[OUT] 
[OUT] Total queries reported by index: 10000
[OUT] 
[OUT] Total distance computations: 716953144
[OUT] 
[OUT] Average distance ops per query: 71695.314500
[OUT] 
[OUT] Last query distance ops: 51035
[OUT] 
[OUT] 
[OUT] ========== PERFORMANCE SUMMARY ==========
[OUT] 
[OUT] Data loading time: 2225.119356 ms
[OUT] 
[OUT] Index build time: 756010.422540 ms
[OUT] 
[OUT] Query execution time: 57231.175234 ms
[OUT] 
[OUT] Total elapsed time: 829399.332654 ms
[OUT] 
[OUT] 
[OUT] ========== EFFICIENCY METRICS ==========
[OUT] 
[OUT] Queries per second: 174.729943
[OUT] 
[OUT] Distance ops per second: 12527318.232914
[OUT] 
[OUT] 
[OUT] ========== END OF LOG ==========
[OUT] 
[OUT] Log saved to: Log/run_20251204_022410_857.log
[OUT] 
   [RESULT] Rec=0.9988 Time=5.7231ms
