========== HNSW Search Test ==========

Timestamp: Mon Dec 15 22:49:54 2025

Command line arguments:
  argv[0]: ./hnga
  argv[1]: --base
  argv[2]: data_o/glove/base.txt
  argv[3]: --query
  argv[4]: data_o/glove/query.txt
  argv[5]: --truth
  argv[6]: data_o/glove/truth.txt
  argv[7]: --k
  argv[8]: 10
  argv[9]: --m
  argv[10]: 47
  argv[11]: --max_layer
  argv[12]: 7
  argv[13]: --efc
  argv[14]: 771
  argv[15]: --efs
  argv[16]: 600
  argv[17]: --threads
  argv[18]: 32
  argv[19]: --ablate_adaptive_ep
  argv[20]: 1
  argv[21]: --ablate_csr
  argv[22]: 0
  argv[23]: --ablate_prefetch
  argv[24]: 0
  argv[25]: --ablate_simd
  argv[26]: 0
  argv[27]: --ablate_pruning
  argv[28]: 0
  argv[29]: --ablate_heap
  argv[30]: 0

Configuration:
  Base file: data_o/glove/base.txt
  Query file: data_o/glove/query.txt
  Truth file: data_o/glove/truth.txt
  K: 10
  M: 47
  Max layer: 7
  EFC: 771
  EFS: 600
  Threads: 32
  Debug: -1
  Adaptive EP K: -1

HNSW parameters set.

Ablation flags: prefetch=0, simd=0, pruning=0, heap=0, reorder=0, adaptive_ep=1

Loading base vectors...
✓ Base loaded in 2148.116033 ms

Loading query vectors...
✓ Queries loaded in 70.983201 ms

Loading ground truth...
✓ Truth loaded in 63.109303 ms

Data Summary:
  Dimension d=100, Base vectors=1183514, Queries=10000


Building HNSW index...
✓ Index built.
  build_time(local)=4086.519301 ms
  build_time(internal)=4081.205701 ms


========== GRAPH QUALITY ==========

  num_nodes: 1183514

  max_level (entry point): 3

  actual_max_layer: 3

  avg_degree_l0: 72.482102

  avg_degree_upper: 0.206483


  Layer Distribution:

    L0: 1183514 nodes (100.00%)

    L1: 25153 nodes (2.13%)

    L2: 534 nodes (0.05%)

    L3: 10 nodes (0.00%)



Executing queries...

  Processed 1000 queries

  Processed 2000 queries

  Processed 3000 queries

  Processed 4000 queries

  Processed 5000 queries

  Processed 6000 queries

  Processed 7000 queries

  Processed 8000 queries

  Processed 9000 queries

  Processed 10000 queries


========== RESULTS ==========

Total queries: 10000

Average recall@10: 0.993280

Average query time: 2.217403 ms

Total query time: 22174.028945 ms


========== DISTANCE STATISTICS ==========

Total queries reported by index: 10000

Total distance computations: 326597367

Average distance ops per query: 32659.736700

Last query distance ops: 29630


========== PERFORMANCE SUMMARY ==========

Data loading time: 2282.208537 ms

Index build time: 4081.205701 ms

Query execution time: 22174.028945 ms

Total elapsed time: 28542.756783 ms


========== EFFICIENCY METRICS ==========

Queries per second: 450.978035

Distance ops per second: 14728823.878154


========== END OF LOG ==========

Log saved to: Log/run_20251215_224954_824.log

