========== HNSW Search Test ==========

Timestamp: Tue Nov 25 22:39:40 2025

Command line arguments:
  argv[0]: ./hng
  argv[1]: --m
  argv[2]: 49
  argv[3]: --efc
  argv[4]: 208
  argv[5]: --efs
  argv[6]: 687

Configuration:
  Base file: data_o/glove/base.txt
  Query file: data_o/glove/query.txt
  Truth file: data_o/glove/truth.txt
  K: 10
  M: 49
  Max layer: -1
  EFC: 208
  EFS: 687
  Threads: -1
  Debug: -1

HNSW parameters set.

Loading base vectors...
✓ Base loaded in 3995.093615 ms

Loading query vectors...
✓ Queries loaded in 72.716471 ms

Loading ground truth...
✓ Truth loaded in 71.656362 ms

Data Summary:
  Dimension d=100, Base vectors=1183514, Queries=10000


Building HNSW index...
✓ Index built.
  build_time(local)=155510.552764 ms
  build_time(internal)=162350.771904 ms


Executing queries...

  Processed 1000 queries

  Processed 2000 queries

  Processed 3000 queries

  Processed 4000 queries

  Processed 5000 queries

  Processed 6000 queries

  Processed 7000 queries

  Processed 8000 queries

  Processed 9000 queries

  Processed 10000 queries


========== RESULTS ==========

Total queries: 10000

Average recall@10: 0.974070

Average query time: 2.355632 ms

Total query time: 23556.316718 ms


========== DISTANCE STATISTICS ==========

Total queries reported by index: 10000

Total distance computations: 190430786

Average distance ops per query: 19043.078700

Last query distance ops: 15666


========== PERFORMANCE SUMMARY ==========

Data loading time: 4139.466448 ms

Index build time: 162350.771904 ms

Query execution time: 23556.316718 ms

Total elapsed time: 183206.335930 ms


========== EFFICIENCY METRICS ==========

Queries per second: 424.514584

Distance ops per second: 8084064.638785


========== END OF LOG ==========

Log saved to: Log/run_20251125_223940_931.log

