========== HNSW Search Test ==========

Timestamp: Fri Nov 28 14:01:10 2025

Command line arguments:
  argv[0]: ./hng
  argv[1]: --m
  argv[2]: 52
  argv[3]: --max_layer
  argv[4]: 4
  argv[5]: --efc
  argv[6]: 160
  argv[7]: --efs
  argv[8]: 155

Configuration:
  Base file: data_o/glove/base.txt
  Query file: data_o/glove/query.txt
  Truth file: data_o/glove/truth.txt
  K: 10
  M: 52
  Max layer: 4
  EFC: 160
  EFS: 155
  Threads: -1
  Debug: -1

HNSW parameters set.

Loading base vectors...
✓ Base loaded in 4144.657782 ms

Loading query vectors...
✓ Queries loaded in 72.680594 ms

Loading ground truth...
✓ Truth loaded in 73.684806 ms

Data Summary:
  Dimension d=100, Base vectors=1183514, Queries=10000


Building HNSW index...
✓ Index built.
  build_time(local)=189322.683342 ms
  build_time(internal)=172342.289924 ms


========== GRAPH QUALITY ==========

  num_nodes: 1183514

  max_level (entry point): 3

  actual_max_layer: 3

  avg_degree_l0: 46.390647

  avg_degree_upper: 0.220117


  Layer Distribution:

    L0: 1183514 nodes (100.00%)

    L1: 22826 nodes (1.93%)

    L2: 440 nodes (0.04%)

    L3: 8 nodes (0.00%)



Executing queries...

  Processed 1000 queries

  Processed 2000 queries

  Processed 3000 queries

  Processed 4000 queries

  Processed 5000 queries

  Processed 6000 queries

  Processed 7000 queries

  Processed 8000 queries

  Processed 9000 queries

  Processed 10000 queries


========== RESULTS ==========

Total queries: 10000

Average recall@10: 0.917800

Average query time: 0.681065 ms

Total query time: 6810.649819 ms


========== DISTANCE STATISTICS ==========

Total queries reported by index: 10000

Total distance computations: 67001250

Average distance ops per query: 6700.125000

Last query distance ops: 6505


========== PERFORMANCE SUMMARY ==========

Data loading time: 4291.023182 ms

Index build time: 172342.289924 ms

Query execution time: 6810.649819 ms

Total elapsed time: 200424.356343 ms


========== EFFICIENCY METRICS ==========

Queries per second: 1468.288675

Distance ops per second: 9837717.659934


========== END OF LOG ==========

Log saved to: Log/run_20251128_140110_889.log

