========== HNSW Search Test ==========

Timestamp: Wed Nov 26 16:42:13 2025

Command line arguments:
  argv[0]: ./hng
  argv[1]: --m
  argv[2]: 48
  argv[3]: --efc
  argv[4]: 633
  argv[5]: --efs
  argv[6]: 702

Configuration:
  Base file: data_o/glove/base.txt
  Query file: data_o/glove/query.txt
  Truth file: data_o/glove/truth.txt
  K: 10
  M: 48
  Max layer: -1
  EFC: 633
  EFS: 702
  Threads: -1
  Debug: -1

HNSW parameters set.

Loading base vectors...
✓ Base loaded in 2451.769598 ms

Loading query vectors...
✓ Queries loaded in 78.115629 ms

Loading ground truth...
✓ Truth loaded in 75.445630 ms

Data Summary:
  Dimension d=100, Base vectors=1183514, Queries=10000


Building HNSW index...
