========== HNSW Search Test ==========

Timestamp: Tue Dec  2 06:51:50 2025

Command line arguments:
  argv[0]: ./hng
  argv[1]: --m
  argv[2]: 17
  argv[3]: --max_layer
  argv[4]: 19
  argv[5]: --efc
  argv[6]: 509
  argv[7]: --efs
  argv[8]: 1797

Configuration:
  Base file: data_o/glove/base.txt
  Query file: data_o/glove/query.txt
  Truth file: data_o/glove/truth.txt
  K: 10
  M: 17
  Max layer: 19
  EFC: 509
  EFS: 1797
  Threads: -1
  Debug: -1

HNSW parameters set.

Loading base vectors...
✓ Base loaded in 3822.903472 ms

Loading query vectors...
✓ Queries loaded in 82.819880 ms

Loading ground truth...
✓ Truth loaded in 87.791209 ms

Data Summary:
  Dimension d=100, Base vectors=1183514, Queries=10000


Building HNSW index...
✓ Index built.
  build_time(local)=336147.409853 ms
  build_time(internal)=355716.159730 ms


========== GRAPH QUALITY ==========

  num_nodes: 1183514

  max_level (entry point): 5

  actual_max_layer: 5

  avg_degree_l0: 30.297791

  avg_degree_upper: 0.170153


  Layer Distribution:

    L0: 1183514 nodes (100.00%)

    L1: 69238 nodes (5.85%)

    L2: 4081 nodes (0.34%)

    L3: 231 nodes (0.02%)

    L4: 12 nodes (0.00%)

    L5: 1 nodes (0.00%)



Executing queries...

  Processed 1000 queries

  Processed 2000 queries

  Processed 3000 queries

  Processed 4000 queries

  Processed 5000 queries

  Processed 6000 queries

  Processed 7000 queries

  Processed 8000 queries

  Processed 9000 queries

  Processed 10000 queries


========== RESULTS ==========

Total queries: 10000

Average recall@10: 0.983430

Average query time: 2.728888 ms

Total query time: 27288.880125 ms


========== DISTANCE STATISTICS ==========

Total queries reported by index: 10000

Total distance computations: 0

Average distance ops per query: 0.000000

Last query distance ops: 0


========== PERFORMANCE SUMMARY ==========

Data loading time: 3993.514561 ms

Index build time: 355716.159730 ms

Query execution time: 27288.880125 ms

Total elapsed time: 367429.804539 ms


========== EFFICIENCY METRICS ==========

Queries per second: 366.449629


========== END OF LOG ==========

Log saved to: Log/run_20251202_065150_024.log

