========== HNSW Search Test ==========

Timestamp: Fri Nov 28 19:26:26 2025

Command line arguments:
  argv[0]: ./hng
  argv[1]: --m
  argv[2]: 64
  argv[3]: --max_layer
  argv[4]: 9
  argv[5]: --efc
  argv[6]: 258
  argv[7]: --efs
  argv[8]: 157

Configuration:
  Base file: data_o/glove/base.txt
  Query file: data_o/glove/query.txt
  Truth file: data_o/glove/truth.txt
  K: 10
  M: 64
  Max layer: 9
  EFC: 258
  EFS: 157
  Threads: -1
  Debug: -1

HNSW parameters set.

Loading base vectors...
✓ Base loaded in 18296.771088 ms

Loading query vectors...
✓ Queries loaded in 238.180808 ms

Loading ground truth...
✓ Truth loaded in 219.691544 ms

Data Summary:
  Dimension d=100, Base vectors=1183514, Queries=10000


Building HNSW index...
