========== HNSW Search Test ==========

Timestamp: Wed Nov 26 23:34:59 2025

Command line arguments:
  argv[0]: ./hng
  argv[1]: --m
  argv[2]: 44
  argv[3]: --max_layer
  argv[4]: 11
  argv[5]: --efc
  argv[6]: 381
  argv[7]: --efs
  argv[8]: 848

Configuration:
  Base file: data_o/glove/base.txt
  Query file: data_o/glove/query.txt
  Truth file: data_o/glove/truth.txt
  K: 10
  M: 44
  Max layer: 11
  EFC: 381
  EFS: 848
  Threads: -1
  Debug: -1

HNSW parameters set.

Loading base vectors...
✓ Base loaded in 2132.749231 ms

Loading query vectors...
✓ Queries loaded in 71.788548 ms

Loading ground truth...
✓ Truth loaded in 79.337466 ms

Data Summary:
  Dimension d=100, Base vectors=1183514, Queries=10000


Building HNSW index...
✓ Index built.
  build_time(local)=533303.270187 ms
  build_time(internal)=509385.098669 ms


========== GRAPH QUALITY ==========

  num_nodes: 1183514

  max_level (entry point): 3

  actual_max_layer: 3

  avg_degree_l0: 44.471785

  avg_degree_upper: 0.173990


  Layer Distribution:

    L0: 1183514 nodes (100.00%)

    L1: 27013 nodes (2.28%)

    L2: 623 nodes (0.05%)

    L3: 15 nodes (0.00%)



Executing queries...

  Processed 1000 queries

  Processed 2000 queries

  Processed 3000 queries

  Processed 4000 queries

  Processed 5000 queries

  Processed 6000 queries

  Processed 7000 queries

  Processed 8000 queries

  Processed 9000 queries

  Processed 10000 queries


========== RESULTS ==========

Total queries: 10000

Average recall@10: 0.989150

Average query time: 3.415286 ms

Total query time: 34152.855126 ms


========== DISTANCE STATISTICS ==========

Total queries reported by index: 10000

Total distance computations: 290975258

Average distance ops per query: 29097.525800

Last query distance ops: 22601


========== PERFORMANCE SUMMARY ==========

Data loading time: 2283.875245 ms

Index build time: 509385.098669 ms

Query execution time: 34152.855126 ms

Total elapsed time: 569740.000558 ms


========== EFFICIENCY METRICS ==========

Queries per second: 292.801289

Distance ops per second: 8519793.057608


========== END OF LOG ==========

Log saved to: Log/run_20251126_233459_430.log

