========== HNSW Search Test ==========

Timestamp: Wed Dec  3 16:43:12 2025

Command line arguments:
  argv[0]: ./hng1

Configuration:
  Base file: data_o/glove/base.txt
  Query file: data_o/glove/query.txt
  Truth file: data_o/glove/truth.txt
  K: 10
  M: 51
  Max layer: 7
  EFC: 603
  EFS: 432
  Threads: 32
  Debug: 0

HNSW parameters set.

Ablation flags: csr=0, prefetch=0, simd=0, pruning=0, heap=0

Loading base vectors...
✓ Base loaded in 2200.563878 ms

Loading query vectors...
✓ Queries loaded in 74.831738 ms

Loading ground truth...
✓ Truth loaded in 70.025358 ms

Data Summary:
  Dimension d=100, Base vectors=1183514, Queries=10000


Building HNSW index...
✓ Index built.
  build_time(local)=2954.018902 ms
  build_time(internal)=0.000000 ms

Executing queries...

  Processed 1000 queries

  Processed 2000 queries

  Processed 3000 queries

  Processed 4000 queries

  Processed 5000 queries

  Processed 6000 queries

  Processed 7000 queries

  Processed 8000 queries

  Processed 9000 queries

  Processed 10000 queries


========== RESULTS ==========

Total queries: 10000

Average recall@10: 0.001030

Average query time: 0.007326 ms

Total query time: 73.255226 ms


========== DISTANCE STATISTICS ==========

Total distance computations: 961442

Average distance ops per query: 96.144200


========== PERFORMANCE SUMMARY ==========

Data loading time: 2345.420974 ms

Index build time: 0.000000 ms

Query execution time: 73.255226 ms

Total elapsed time: 5372.695102 ms


========== EFFICIENCY METRICS ==========

Queries per second: 136509.032134

Distance ops per second: 13124551.687275


========== END OF LOG ==========

Log saved to: Log/run_20251203_164312_871.log

