========== HNSW Search Test ==========

Timestamp: Mon Dec  8 00:09:08 2025

Command line arguments:
  argv[0]: ./hng3
  argv[1]: --m
  argv[2]: 32
  argv[3]: --max_layer
  argv[4]: 7
  argv[5]: --efc
  argv[6]: 600
  argv[7]: --efs
  argv[8]: 100

Configuration:
  Base file: data_o/glove/base.txt
  Query file: data_o/glove/query.txt
  Truth file: data_o/glove/truth.txt
  K: 10
  M: 32
  Max layer: 7
  EFC: 600
  EFS: 100
  Threads: -1
  Debug: -1

HNSW parameters set.

Ablation flags: csr=0, prefetch=0, simd=0, pruning=0, heap=0

Loading base vectors...
✓ Base loaded in 2300.817469 ms

Loading query vectors...
✓ Queries loaded in 69.685552 ms

Loading ground truth...
✓ Truth loaded in 70.333921 ms

Data Summary:
  Dimension d=100, Base vectors=1183514, Queries=10000


Building HNSW index...
