========== HNSW Search Test ==========

Timestamp: Mon Dec  1 22:31:39 2025

Command line arguments:
  argv[0]: ./hng
  argv[1]: --m
  argv[2]: 40
  argv[3]: --max_layer
  argv[4]: 17
  argv[5]: --efc
  argv[6]: 648
  argv[7]: --efs
  argv[8]: 457

Configuration:
  Base file: data_o/glove/base.txt
  Query file: data_o/glove/query.txt
  Truth file: data_o/glove/truth.txt
  K: 10
  M: 40
  Max layer: 17
  EFC: 648
  EFS: 457
  Threads: -1
  Debug: -1

HNSW parameters set.

Loading base vectors...
✓ Base loaded in 2289.399725 ms

Loading query vectors...
✓ Queries loaded in 71.306142 ms

Loading ground truth...
✓ Truth loaded in 68.873089 ms

Data Summary:
  Dimension d=100, Base vectors=1183514, Queries=10000


Building HNSW index...
✓ Index built.
  build_time(local)=1057340.052623 ms
  build_time(internal)=1037395.833091 ms


========== GRAPH QUALITY ==========

  num_nodes: 1183514

  max_level (entry point): 4

  actual_max_layer: 4

  avg_degree_l0: 53.590180

  avg_degree_upper: 0.163673


  Layer Distribution:

    L0: 1183514 nodes (100.00%)

    L1: 29479 nodes (2.49%)

    L2: 731 nodes (0.06%)

    L3: 20 nodes (0.00%)

    L4: 1 nodes (0.00%)



Executing queries...

  Processed 1000 queries

  Processed 2000 queries

  Processed 3000 queries

  Processed 4000 queries

  Processed 5000 queries

  Processed 6000 queries

  Processed 7000 queries

  Processed 8000 queries

  Processed 9000 queries

  Processed 10000 queries


========== RESULTS ==========

Total queries: 10000

Average recall@10: 0.980180

Average query time: 1.841085 ms

Total query time: 18410.848891 ms


========== DISTANCE STATISTICS ==========

Total queries reported by index: 10000

Total distance computations: 0

Average distance ops per query: 0.000000

Last query distance ops: 0


========== PERFORMANCE SUMMARY ==========

Data loading time: 2429.578956 ms

Index build time: 1037395.833091 ms

Query execution time: 18410.848891 ms

Total elapsed time: 1078180.480470 ms


========== EFFICIENCY METRICS ==========

Queries per second: 543.158007


========== END OF LOG ==========

Log saved to: Log/run_20251201_223139_419.log

