========== HNSW Search Test ==========

Timestamp: Fri Nov 28 19:26:26 2025

Command line arguments:
  argv[0]: ./hng
  argv[1]: --m
  argv[2]: 47
  argv[3]: --max_layer
  argv[4]: 12
  argv[5]: --efc
  argv[6]: 715
  argv[7]: --efs
  argv[8]: 558

Configuration:
  Base file: data_o/glove/base.txt
  Query file: data_o/glove/query.txt
  Truth file: data_o/glove/truth.txt
  K: 10
  M: 47
  Max layer: 12
  EFC: 715
  EFS: 558
  Threads: -1
  Debug: -1

HNSW parameters set.

Loading base vectors...
✓ Base loaded in 18276.817811 ms

Loading query vectors...
✓ Queries loaded in 236.660302 ms

Loading ground truth...
✓ Truth loaded in 217.984526 ms

Data Summary:
  Dimension d=100, Base vectors=1183514, Queries=10000


Building HNSW index...
