========== HNSW Search Test ==========

Timestamp: Mon Dec  8 06:19:30 2025

Command line arguments:
  argv[0]: ./hng3
  argv[1]: --m
  argv[2]: 57
  argv[3]: --max_layer
  argv[4]: 7
  argv[5]: --efc
  argv[6]: 600
  argv[7]: --efs
  argv[8]: 1000

Configuration:
  Base file: data_o/glove/base.txt
  Query file: data_o/glove/query.txt
  Truth file: data_o/glove/truth.txt
  K: 10
  M: 57
  Max layer: 7
  EFC: 600
  EFS: 1000
  Threads: -1
  Debug: -1

HNSW parameters set.

Ablation flags: csr=0, prefetch=0, simd=0, pruning=0, heap=0

Loading base vectors...
✓ Base loaded in 2201.232207 ms

Loading query vectors...
✓ Queries loaded in 75.990933 ms

Loading ground truth...
✓ Truth loaded in 74.245121 ms

Data Summary:
  Dimension d=100, Base vectors=1183514, Queries=10000


Building HNSW index...
✓ Index built.
  build_time(local)=4547.712899 ms
  build_time(internal)=2684.522342 ms


========== GRAPH QUALITY ==========

  num_nodes: 1183514

  max_level (entry point): 4

  actual_max_layer: 4

  avg_degree_l0: 73.634421

  avg_degree_upper: 40.058564


  Layer Distribution:

    L0: 1183514 nodes (100.00%)

    L1: 20669 nodes (1.75%)

    L2: 372 nodes (0.03%)

    L3: 12 nodes (0.00%)

    L4: 1 nodes (0.00%)



Executing queries...

  Processed 1000 queries

  Processed 2000 queries

  Processed 3000 queries

  Processed 4000 queries

  Processed 5000 queries

  Processed 6000 queries

  Processed 7000 queries

  Processed 8000 queries

  Processed 9000 queries

  Processed 10000 queries


========== RESULTS ==========

Total queries: 10000

Average recall@10: 0.464140

Average query time: 1.172266 ms

Total query time: 11722.657685 ms


========== DISTANCE STATISTICS ==========

Total queries reported by index: 10000

Total distance computations: 19844269

Average distance ops per query: 1984.426900

Last query distance ops: 3239


========== PERFORMANCE SUMMARY ==========

Data loading time: 2351.468261 ms

Index build time: 2684.522342 ms

Query execution time: 11722.657685 ms

Total elapsed time: 18621.838845 ms


========== EFFICIENCY METRICS ==========

Queries per second: 853.048879

Distance ops per second: 1692813.142995


========== END OF LOG ==========

Log saved to: Log/run_20251208_061930_511.log

