========== HNSW Search Test ==========

Timestamp: Fri Nov 28 07:39:25 2025

Command line arguments:
  argv[0]: ./hng
  argv[1]: --m
  argv[2]: 52
  argv[3]: --max_layer
  argv[4]: 18
  argv[5]: --efc
  argv[6]: 931
  argv[7]: --efs
  argv[8]: 877

Configuration:
  Base file: data_o/glove/base.txt
  Query file: data_o/glove/query.txt
  Truth file: data_o/glove/truth.txt
  K: 10
  M: 52
  Max layer: 18
  EFC: 931
  EFS: 877
  Threads: -1
  Debug: -1

HNSW parameters set.

Loading base vectors...
✓ Base loaded in 2292.190037 ms

Loading query vectors...
✓ Queries loaded in 71.848712 ms

Loading ground truth...
✓ Truth loaded in 75.929931 ms

Data Summary:
  Dimension d=100, Base vectors=1183514, Queries=10000


Building HNSW index...
✓ Index built.
  build_time(local)=1709683.986301 ms
  build_time(internal)=1551884.895926 ms


========== GRAPH QUALITY ==========

  num_nodes: 1183514

  max_level (entry point): 3

  actual_max_layer: 3

  avg_degree_l0: 63.470889

  avg_degree_upper: 0.141781


  Layer Distribution:

    L0: 1183514 nodes (100.00%)

    L1: 22506 nodes (1.90%)

    L2: 439 nodes (0.04%)

    L3: 13 nodes (0.00%)



Executing queries...

  Processed 1000 queries

  Processed 2000 queries

  Processed 3000 queries

  Processed 4000 queries

  Processed 5000 queries

  Processed 6000 queries

  Processed 7000 queries

  Processed 8000 queries

  Processed 9000 queries

  Processed 10000 queries


========== RESULTS ==========

Total queries: 10000

Average recall@10: 0.995660

Average query time: 4.668138 ms

Total query time: 46681.383541 ms


========== DISTANCE STATISTICS ==========

Total queries reported by index: 10000

Total distance computations: 410843975

Average distance ops per query: 41084.397500

Last query distance ops: 30719


========== PERFORMANCE SUMMARY ==========

Data loading time: 2439.968680 ms

Index build time: 1551884.895926 ms

Query execution time: 46681.383541 ms

Total elapsed time: 1758805.338522 ms


========== EFFICIENCY METRICS ==========

Queries per second: 214.218158

Distance ops per second: 8801023.959351


========== END OF LOG ==========

Log saved to: Log/run_20251128_073925_448.log

