========== HNSW Search Test ==========

Timestamp: Mon Dec  8 20:22:40 2025

Command line arguments:
  argv[0]: ./hng3
  argv[1]: --m
  argv[2]: 40
  argv[3]: --max_layer
  argv[4]: 7
  argv[5]: --efc
  argv[6]: 1000
  argv[7]: --efs
  argv[8]: 416
  argv[9]: --hamming_threshold
  argv[10]: 41

Configuration:
  Base file: data_o/glove/base.txt
  Query file: data_o/glove/query.txt
  Truth file: data_o/glove/truth.txt
  K: 10
  M: 40
  Max layer: 7
  EFC: 1000
  EFS: 416
  Threads: -1
  Debug: -1

HNSW parameters set.

Ablation flags: csr=0, prefetch=0, simd=0, pruning=0, heap=0

  Hamming threshold: 41
Loading base vectors...
✓ Base loaded in 2150.468503 ms

Loading query vectors...
✓ Queries loaded in 67.536083 ms

Loading ground truth...
✓ Truth loaded in 70.027762 ms

Data Summary:
  Dimension d=100, Base vectors=1183514, Queries=10000


Building HNSW index...
✓ Index built.
  build_time(local)=3995.346074 ms
  build_time(internal)=3990.522135 ms


========== GRAPH QUALITY ==========

  num_nodes: 1183514

  max_level (entry point): 4

  actual_max_layer: 4

  avg_degree_l0: 68.582917

  avg_degree_upper: 36.158961


  Layer Distribution:

    L0: 1183514 nodes (100.00%)

    L1: 29240 nodes (2.47%)

    L2: 710 nodes (0.06%)

    L3: 24 nodes (0.00%)

    L4: 2 nodes (0.00%)



Executing queries...

  Processed 1000 queries

  Processed 2000 queries

  Processed 3000 queries

  Processed 4000 queries

  Processed 5000 queries

  Processed 6000 queries

  Processed 7000 queries

  Processed 8000 queries

  Processed 9000 queries

  Processed 10000 queries


========== RESULTS ==========

Total queries: 10000

Average recall@10: 0.978070

Average query time: 1.599079 ms

Total query time: 15990.786725 ms


========== DISTANCE STATISTICS ==========

Total queries reported by index: 10000

Total distance computations: 124933447

Average distance ops per query: 12493.344700

Last query distance ops: 14664


========== PERFORMANCE SUMMARY ==========

Data loading time: 2288.032348 ms

Index build time: 3990.522135 ms

Query execution time: 15990.786725 ms

Total elapsed time: 22274.165147 ms


========== EFFICIENCY METRICS ==========

Queries per second: 625.360101

Distance ops per second: 7812839.302314


========== END OF LOG ==========

Log saved to: Log/run_20251208_202240_793.log

