========== HNSW Search Test ==========

Timestamp: Wed Nov 26 10:36:20 2025

Command line arguments:
  argv[0]: ./hng
  argv[1]: --m
  argv[2]: 47
  argv[3]: --efc
  argv[4]: 655
  argv[5]: --efs
  argv[6]: 574

Configuration:
  Base file: data_o/glove/base.txt
  Query file: data_o/glove/query.txt
  Truth file: data_o/glove/truth.txt
  K: 10
  M: 47
  Max layer: -1
  EFC: 655
  EFS: 574
  Threads: -1
  Debug: -1

HNSW parameters set.

Loading base vectors...
✓ Base loaded in 4333.809970 ms

Loading query vectors...
✓ Queries loaded in 81.889812 ms

Loading ground truth...
✓ Truth loaded in 84.640401 ms

Data Summary:
  Dimension d=100, Base vectors=1183514, Queries=10000


Building HNSW index...
✓ Index built.
  build_time(local)=735572.485319 ms
  build_time(internal)=733318.750114 ms


Executing queries...

  Processed 1000 queries

  Processed 2000 queries

  Processed 3000 queries

  Processed 4000 queries

  Processed 5000 queries

  Processed 6000 queries

  Processed 7000 queries

  Processed 8000 queries

  Processed 9000 queries

  Processed 10000 queries


========== RESULTS ==========

Total queries: 10000

Average recall@10: 0.987300

Average query time: 2.922408 ms

Total query time: 29224.076306 ms


========== DISTANCE STATISTICS ==========

Total queries reported by index: 10000

Total distance computations: 250941380

Average distance ops per query: 25094.138000

Last query distance ops: 19847


========== PERFORMANCE SUMMARY ==========

Data loading time: 4500.340183 ms

Index build time: 733318.750114 ms

Query execution time: 29224.076306 ms

Total elapsed time: 769296.901808 ms


========== EFFICIENCY METRICS ==========

Queries per second: 342.183612

Distance ops per second: 8586802.791385


========== END OF LOG ==========

Log saved to: Log/run_20251126_103620_271.log

