========== HNSW Search Test ==========

Timestamp: Thu Dec  4 04:58:23 2025

Command line arguments:
  argv[0]: ./hng1
  argv[1]: --m
  argv[2]: 48
  argv[3]: --max_layer
  argv[4]: 9
  argv[5]: --efc
  argv[6]: 515
  argv[7]: --efs
  argv[8]: 700

Configuration:
  Base file: data_o/glove/base.txt
  Query file: data_o/glove/query.txt
  Truth file: data_o/glove/truth.txt
  K: 10
  M: 48
  Max layer: 9
  EFC: 515
  EFS: 700
  Threads: -1
  Debug: -1

HNSW parameters set.

Ablation flags: csr=0, prefetch=0, simd=0, pruning=0, heap=0

Loading base vectors...
✓ Base loaded in 3983.416513 ms

Loading query vectors...
✓ Queries loaded in 69.346032 ms

Loading ground truth...
✓ Truth loaded in 70.099117 ms

Data Summary:
  Dimension d=100, Base vectors=1183514, Queries=10000


Building HNSW index...
✓ Index built.
  build_time(local)=3676.235234 ms
  build_time(internal)=3670.490981 ms


========== GRAPH QUALITY ==========

  num_nodes: 1183514

  max_level (entry point): 3

  actual_max_layer: 3

  avg_degree_l0: 51.178766

  avg_degree_upper: 0.174164


  Layer Distribution:

    L0: 1183514 nodes (100.00%)

    L1: 24615 nodes (2.08%)

    L2: 518 nodes (0.04%)

    L3: 10 nodes (0.00%)



Executing queries...

  Processed 1000 queries

  Processed 2000 queries

  Processed 3000 queries

  Processed 4000 queries

  Processed 5000 queries

  Processed 6000 queries

  Processed 7000 queries

  Processed 8000 queries

  Processed 9000 queries

  Processed 10000 queries


========== RESULTS ==========

Total queries: 10000

Average recall@10: 0.989970

Average query time: 2.117260 ms

Total query time: 21172.604071 ms


========== DISTANCE STATISTICS ==========

Total queries reported by index: 10000

Total distance computations: 278406875

Average distance ops per query: 27840.687500

Last query distance ops: 21497


========== PERFORMANCE SUMMARY ==========

Data loading time: 4122.861662 ms

Index build time: 3670.490981 ms

Query execution time: 21172.604071 ms

Total elapsed time: 28971.700967 ms


========== EFFICIENCY METRICS ==========

Queries per second: 472.308459

Distance ops per second: 13149392.208270


========== END OF LOG ==========

Log saved to: Log/run_20251204_045823_714.log

