========== HNSW Search Test ==========

Timestamp: Wed Nov 26 07:19:48 2025

Command line arguments:
  argv[0]: ./hng
  argv[1]: --m
  argv[2]: 45
  argv[3]: --efc
  argv[4]: 578
  argv[5]: --efs
  argv[6]: 621

Configuration:
  Base file: data_o/glove/base.txt
  Query file: data_o/glove/query.txt
  Truth file: data_o/glove/truth.txt
  K: 10
  M: 45
  Max layer: -1
  EFC: 578
  EFS: 621
  Threads: -1
  Debug: -1

HNSW parameters set.

Loading base vectors...
✓ Base loaded in 4397.101764 ms

Loading query vectors...
✓ Queries loaded in 95.010921 ms

Loading ground truth...
✓ Truth loaded in 94.245363 ms

Data Summary:
  Dimension d=100, Base vectors=1183514, Queries=10000


Building HNSW index...
✓ Index built.
  build_time(local)=613167.818795 ms
  build_time(internal)=611437.777008 ms


Executing queries...

  Processed 1000 queries

  Processed 2000 queries

  Processed 3000 queries

  Processed 4000 queries

  Processed 5000 queries

  Processed 6000 queries

  Processed 7000 queries

  Processed 8000 queries

  Processed 9000 queries

  Processed 10000 queries


========== RESULTS ==========

Total queries: 10000

Average recall@10: 0.987920

Average query time: 3.137410 ms

Total query time: 31374.099307 ms


========== DISTANCE STATISTICS ==========

Total queries reported by index: 10000

Total distance computations: 256009516

Average distance ops per query: 25600.951600

Last query distance ops: 20165


========== PERFORMANCE SUMMARY ==========

Data loading time: 4586.358048 ms

Index build time: 611437.777008 ms

Query execution time: 31374.099307 ms

Total elapsed time: 649128.276150 ms


========== EFFICIENCY METRICS ==========

Queries per second: 318.734250

Distance ops per second: 8159900.097686


========== END OF LOG ==========

Log saved to: Log/run_20251126_071948_100.log

