========== HNSW Search Test ==========

Timestamp: Tue Nov 25 21:29:54 2025

Command line arguments:
  argv[0]: ./hng
  argv[1]: --m
  argv[2]: 61
  argv[3]: --efc
  argv[4]: 840
  argv[5]: --efs
  argv[6]: 674

Configuration:
  Base file: data_o/glove/base.txt
  Query file: data_o/glove/query.txt
  Truth file: data_o/glove/truth.txt
  K: 10
  M: 61
  Max layer: -1
  EFC: 840
  EFS: 674
  Threads: -1
  Debug: -1

HNSW parameters set.

Loading base vectors...
✓ Base loaded in 3475.571697 ms

Loading query vectors...
✓ Queries loaded in 81.365802 ms

Loading ground truth...
✓ Truth loaded in 78.092015 ms

Data Summary:
  Dimension d=100, Base vectors=1183514, Queries=10000


Building HNSW index...
✓ Index built.
  build_time(local)=900516.851581 ms
  build_time(internal)=973582.300464 ms


Executing queries...

  Processed 1000 queries

  Processed 2000 queries

  Processed 3000 queries

  Processed 4000 queries

  Processed 5000 queries

  Processed 6000 queries

  Processed 7000 queries

  Processed 8000 queries

  Processed 9000 queries

  Processed 10000 queries


========== RESULTS ==========

Total queries: 10000

Average recall@10: 0.992640

Average query time: 3.392421 ms

Total query time: 33924.210716 ms


========== DISTANCE STATISTICS ==========

Total queries reported by index: 10000

Total distance computations: 327425312

Average distance ops per query: 32742.531200

Last query distance ops: 24454


========== PERFORMANCE SUMMARY ==========

Data loading time: 3635.029514 ms

Index build time: 973582.300464 ms

Query execution time: 33924.210716 ms

Total elapsed time: 938076.091811 ms


========== EFFICIENCY METRICS ==========

Queries per second: 294.774728

Distance ops per second: 9651670.741615


========== END OF LOG ==========

Log saved to: Log/run_20251125_212954_153.log

