========== HNSW Search Test ==========

Timestamp: Fri Dec  5 13:08:04 2025

Command line arguments:
  argv[0]: ./hng

Configuration:
  Base file: data_o/glove/base.txt
  Query file: data_o/glove/query.txt
  Truth file: data_o/glove/truth.txt
  K: 10
  M: -1
  Max layer: -1
  EFC: -1
  EFS: -1
  Threads: -1
  Debug: -1

Ablation flags: csr=0, prefetch=0, simd=0, pruning=0, heap=0

Loading base vectors...
✓ Base loaded in 2247.429677 ms

Loading query vectors...
✓ Queries loaded in 70.013506 ms

Loading ground truth...
✓ Truth loaded in 70.907797 ms

Data Summary:
  Dimension d=100, Base vectors=1183514, Queries=10000


Building HNSW index...
✓ Index built.
  build_time(local)=24940.348761 ms
  build_time(internal)=24934.941068 ms


========== GRAPH QUALITY ==========

  num_nodes: 1183514

  max_level (entry point): 2

  actual_max_layer: 2

  avg_degree_l0: 51.709725

  avg_degree_upper: 0.165479


  Layer Distribution:

    L0: 1183514 nodes (100.00%)

    L1: 19851 nodes (1.68%)

    L2: 363 nodes (0.03%)



Executing queries...

  Processed 1000 queries

  Processed 2000 queries

  Processed 3000 queries

  Processed 4000 queries

  Processed 5000 queries

  Processed 6000 queries

  Processed 7000 queries

  Processed 8000 queries

  Processed 9000 queries

  Processed 10000 queries


========== RESULTS ==========

Total queries: 10000

Average recall@10: 0.972900

Average query time: 1.363663 ms

Total query time: 13636.629038 ms


========== DISTANCE STATISTICS ==========

Total queries reported by index: 0

Total distance computations: 0

Average distance ops per query: 0.000000

Last query distance ops: 0


========== PERFORMANCE SUMMARY ==========

Data loading time: 2388.350980 ms

Index build time: 24934.941068 ms

Query execution time: 13636.629038 ms

Total elapsed time: 40965.328779 ms


========== EFFICIENCY METRICS ==========

Queries per second: 733.319061


========== END OF LOG ==========

Log saved to: Log/run_20251205_130804_027.log

