========== HNSW Search Test ==========

Timestamp: Fri Nov 28 05:02:34 2025

Command line arguments:
  argv[0]: ./hng
  argv[1]: --m
  argv[2]: 31
  argv[3]: --max_layer
  argv[4]: 18
  argv[5]: --efc
  argv[6]: 457
  argv[7]: --efs
  argv[8]: 385

Configuration:
  Base file: data_o/glove/base.txt
  Query file: data_o/glove/query.txt
  Truth file: data_o/glove/truth.txt
  K: 10
  M: 31
  Max layer: 18
  EFC: 457
  EFS: 385
  Threads: -1
  Debug: -1

HNSW parameters set.

Loading base vectors...
✓ Base loaded in 2255.431762 ms

Loading query vectors...
✓ Queries loaded in 79.108296 ms

Loading ground truth...
✓ Truth loaded in 80.144071 ms

Data Summary:
  Dimension d=100, Base vectors=1183514, Queries=10000


Building HNSW index...
✓ Index built.
  build_time(local)=625770.525379 ms
  build_time(internal)=568429.556919 ms


========== GRAPH QUALITY ==========

  num_nodes: 1183514

  max_level (entry point): 4

  actual_max_layer: 4

  avg_degree_l0: 43.768800

  avg_degree_upper: 0.171021


  Layer Distribution:

    L0: 1183514 nodes (100.00%)

    L1: 38075 nodes (3.22%)

    L2: 1232 nodes (0.10%)

    L3: 44 nodes (0.00%)

    L4: 1 nodes (0.00%)



Executing queries...

  Processed 1000 queries

  Processed 2000 queries

  Processed 3000 queries

  Processed 4000 queries

  Processed 5000 queries

  Processed 6000 queries

  Processed 7000 queries

  Processed 8000 queries

  Processed 9000 queries

  Processed 10000 queries


========== RESULTS ==========

Total queries: 10000

Average recall@10: 0.964460

Average query time: 1.579867 ms

Total query time: 15798.669341 ms


========== DISTANCE STATISTICS ==========

Total queries reported by index: 10000

Total distance computations: 134441102

Average distance ops per query: 13444.110200

Last query distance ops: 12023


========== PERFORMANCE SUMMARY ==========

Data loading time: 2414.684129 ms

Index build time: 568429.556919 ms

Query execution time: 15798.669341 ms

Total elapsed time: 643983.878849 ms


========== EFFICIENCY METRICS ==========

Queries per second: 632.964700

Distance ops per second: 8509647.179659


========== END OF LOG ==========

Log saved to: Log/run_20251128_050234_481.log

