========== HNSW Search Test ==========

Timestamp: Fri Nov 28 21:04:24 2025

Command line arguments:
  argv[0]: ./hng
  argv[1]: --m
  argv[2]: 39
  argv[3]: --max_layer
  argv[4]: 3
  argv[5]: --efc
  argv[6]: 856
  argv[7]: --efs
  argv[8]: 521

Configuration:
  Base file: data_o/glove/base.txt
  Query file: data_o/glove/query.txt
  Truth file: data_o/glove/truth.txt
  K: 10
  M: 39
  Max layer: 3
  EFC: 856
  EFS: 521
  Threads: -1
  Debug: -1

HNSW parameters set.

Loading base vectors...
✓ Base loaded in 6200.107922 ms

Loading query vectors...
✓ Queries loaded in 80.766515 ms

Loading ground truth...
✓ Truth loaded in 77.793341 ms

Data Summary:
  Dimension d=100, Base vectors=1183514, Queries=10000


Building HNSW index...
✓ Index built.
  build_time(local)=1409472.139213 ms
  build_time(internal)=1297162.913659 ms


========== GRAPH QUALITY ==========

  num_nodes: 1183514

  max_level (entry point): 3

  actual_max_layer: 3

  avg_degree_l0: 57.108011

  avg_degree_upper: 0.201399


  Layer Distribution:

    L0: 1183514 nodes (100.00%)

    L1: 30240 nodes (2.56%)

    L2: 770 nodes (0.07%)

    L3: 18 nodes (0.00%)



Executing queries...

  Processed 1000 queries

  Processed 2000 queries

  Processed 3000 queries

  Processed 4000 queries

  Processed 5000 queries

  Processed 6000 queries

  Processed 7000 queries

  Processed 8000 queries

  Processed 9000 queries

  Processed 10000 queries


========== RESULTS ==========

Total queries: 10000

Average recall@10: 0.984930

Average query time: 2.514639 ms

Total query time: 25146.386834 ms


========== DISTANCE STATISTICS ==========

Total queries reported by index: 10000

Total distance computations: 227243006

Average distance ops per query: 22724.300600

Last query distance ops: 19258


========== PERFORMANCE SUMMARY ==========

Data loading time: 6358.667778 ms

Index build time: 1297162.913659 ms

Query execution time: 25146.386834 ms

Total elapsed time: 1440977.193825 ms


========== EFFICIENCY METRICS ==========

Queries per second: 397.671445

Distance ops per second: 9036805.466332


========== END OF LOG ==========

Log saved to: Log/run_20251128_210424_058.log

