========== HNSW Search Test ==========

Timestamp: Fri Dec  5 21:45:13 2025

Command line arguments:
  argv[0]: ./basic
  argv[1]: --m
  argv[2]: 59
  argv[3]: --max_layer
  argv[4]: 7
  argv[5]: --efc
  argv[6]: 763
  argv[7]: --efs
  argv[8]: 432

Configuration:
  Base file: data_o/glove/base.txt
  Query file: data_o/glove/query.txt
  Truth file: data_o/glove/truth.txt
  K: 10
  M: 59
  Max layer: 7
  EFC: 763
  EFS: 432
  Threads: -1
  Debug: -1

HNSW parameters set.

Ablation flags: csr=0, prefetch=0, simd=0, pruning=0, heap=0

Loading base vectors...
✓ Base loaded in 2170.509937 ms

Loading query vectors...
✓ Queries loaded in 72.212007 ms

Loading ground truth...
✓ Truth loaded in 66.333496 ms

Data Summary:
  Dimension d=100, Base vectors=1183514, Queries=10000


Building HNSW index...
✓ Index built.
  build_time(local)=965210.744275 ms
  build_time(internal)=956343.394407 ms

Executing queries...

  Processed 1000 queries

  Processed 2000 queries

  Processed 3000 queries

  Processed 4000 queries

  Processed 5000 queries

  Processed 6000 queries

  Processed 7000 queries

  Processed 8000 queries

  Processed 9000 queries

  Processed 10000 queries


========== RESULTS ==========

Total queries: 10000

Average recall@10: 0.983330

Average query time: 2.544259 ms

Total query time: 25442.592607 ms


========== DISTANCE STATISTICS ==========

Total queries reported by index: 10000

Total distance computations: 214137411

Average distance ops per query: 21413.741100

Last query distance ops: 17055


========== PERFORMANCE SUMMARY ==========

Data loading time: 2309.055440 ms

Index build time: 956343.394407 ms

Query execution time: 25442.592607 ms

Total elapsed time: 992962.392322 ms


========== EFFICIENCY METRICS ==========

Queries per second: 393.041706

Distance ops per second: 8416493.330993


========== END OF LOG ==========

Log saved to: Log/run_20251205_214513_562.log

