========== HNSW Search Test ==========

Timestamp: Wed Nov 26 23:00:20 2025

Command line arguments:
  argv[0]: ./hng
  argv[1]: --m
  argv[2]: 56
  argv[3]: --max_layer
  argv[4]: 2
  argv[5]: --efc
  argv[6]: 754
  argv[7]: --efs
  argv[8]: 1039

Configuration:
  Base file: data_o/glove/base.txt
  Query file: data_o/glove/query.txt
  Truth file: data_o/glove/truth.txt
  K: 10
  M: 56
  Max layer: 2
  EFC: 754
  EFS: 1039
  Threads: -1
  Debug: -1

HNSW parameters set.

Loading base vectors...
✓ Base loaded in 2117.515453 ms

Loading query vectors...
✓ Queries loaded in 75.969586 ms

Loading ground truth...
✓ Truth loaded in 69.672311 ms

Data Summary:
  Dimension d=100, Base vectors=1183514, Queries=10000


Building HNSW index...
✓ Index built.
  build_time(local)=1255676.731285 ms
  build_time(internal)=1208770.439396 ms


========== GRAPH QUALITY ==========

  num_nodes: 1183514

  max_level (entry point): 2

  actual_max_layer: 2

  avg_degree_l0: 59.904055

  avg_degree_upper: 0.206496


  Layer Distribution:

    L0: 1183514 nodes (100.00%)

    L1: 21480 nodes (1.81%)

    L2: 380 nodes (0.03%)



Executing queries...

  Processed 1000 queries

  Processed 2000 queries

  Processed 3000 queries

  Processed 4000 queries

  Processed 5000 queries

  Processed 6000 queries

  Processed 7000 queries

  Processed 8000 queries

  Processed 9000 queries

  Processed 10000 queries


========== RESULTS ==========

Total queries: 10000

Average recall@10: 0.996670

Average query time: 5.039809 ms

Total query time: 50398.090580 ms


========== DISTANCE STATISTICS ==========

Total queries reported by index: 10000

Total distance computations: 456607682

Average distance ops per query: 45660.768200

Last query distance ops: 32938


========== PERFORMANCE SUMMARY ==========

Data loading time: 2263.157350 ms

Index build time: 1208770.439396 ms

Query execution time: 50398.090580 ms

Total elapsed time: 1308337.979215 ms


========== EFFICIENCY METRICS ==========

Queries per second: 198.420216

Distance ops per second: 9060019.471873


========== END OF LOG ==========

Log saved to: Log/run_20251126_230020_580.log

