========== HNSW Search Test ==========

Timestamp: Thu Nov 27 14:35:06 2025

Command line arguments:
  argv[0]: ./hng
  argv[1]: --m
  argv[2]: 60
  argv[3]: --max_layer
  argv[4]: 12
  argv[5]: --efc
  argv[6]: 888
  argv[7]: --efs
  argv[8]: 289

Configuration:
  Base file: data_o/glove/base.txt
  Query file: data_o/glove/query.txt
  Truth file: data_o/glove/truth.txt
  K: 10
  M: 60
  Max layer: 12
  EFC: 888
  EFS: 289
  Threads: -1
  Debug: -1

HNSW parameters set.

Loading base vectors...
✓ Base loaded in 2248.620368 ms

Loading query vectors...
✓ Queries loaded in 68.069577 ms

Loading ground truth...
✓ Truth loaded in 68.971134 ms

Data Summary:
  Dimension d=100, Base vectors=1183514, Queries=10000


Building HNSW index...
✓ Index built.
  build_time(local)=1557122.380655 ms
  build_time(internal)=1459114.938689 ms


========== GRAPH QUALITY ==========

  num_nodes: 1183514

  max_level (entry point): 3

  actual_max_layer: 3

  avg_degree_l0: 63.522249

  avg_degree_upper: 0.152687


  Layer Distribution:

    L0: 1183514 nodes (100.00%)

    L1: 19526 nodes (1.65%)

    L2: 306 nodes (0.03%)

    L3: 6 nodes (0.00%)



Executing queries...

  Processed 1000 queries

  Processed 2000 queries

  Processed 3000 queries

  Processed 4000 queries

  Processed 5000 queries

  Processed 6000 queries

  Processed 7000 queries

  Processed 8000 queries

  Processed 9000 queries

  Processed 10000 queries


========== RESULTS ==========

Total queries: 10000

Average recall@10: 0.972200

Average query time: 1.496051 ms

Total query time: 14960.508661 ms


========== DISTANCE STATISTICS ==========

Total queries reported by index: 10000

Total distance computations: 157633418

Average distance ops per query: 15763.341800

Last query distance ops: 12993


========== PERFORMANCE SUMMARY ==========

Data loading time: 2385.661079 ms

Index build time: 1459114.938689 ms

Query execution time: 14960.508661 ms

Total elapsed time: 1574468.550395 ms


========== EFFICIENCY METRICS ==========

Queries per second: 668.426470

Distance ops per second: 10536634.921440


========== END OF LOG ==========

Log saved to: Log/run_20251127_143506_519.log

