========== HNSW Search Test ==========

Timestamp: Thu Dec  4 00:06:28 2025

Command line arguments:
  argv[0]: ./hng1
  argv[1]: --m
  argv[2]: 39
  argv[3]: --max_layer
  argv[4]: 12
  argv[5]: --efc
  argv[6]: 400
  argv[7]: --efs
  argv[8]: 2000

Configuration:
  Base file: data_o/glove/base.txt
  Query file: data_o/glove/query.txt
  Truth file: data_o/glove/truth.txt
  K: 10
  M: 39
  Max layer: 12
  EFC: 400
  EFS: 2000
  Threads: -1
  Debug: -1

HNSW parameters set.

Ablation flags: csr=0, prefetch=0, simd=0, pruning=0, heap=0

Loading base vectors...
✓ Base loaded in 2298.752426 ms

Loading query vectors...
✓ Queries loaded in 67.709001 ms

Loading ground truth...
✓ Truth loaded in 65.786975 ms

Data Summary:
  Dimension d=100, Base vectors=1183514, Queries=10000


Building HNSW index...
✓ Index built.
  build_time(local)=399384.821206 ms
  build_time(internal)=387296.573613 ms


========== GRAPH QUALITY ==========

  num_nodes: 1183514

  max_level (entry point): 4

  actual_max_layer: 4

  avg_degree_l0: 44.621976

  avg_degree_upper: 0.149544


  Layer Distribution:

    L0: 1183514 nodes (100.00%)

    L1: 30122 nodes (2.55%)

    L2: 774 nodes (0.07%)

    L3: 16 nodes (0.00%)

    L4: 2 nodes (0.00%)



Executing queries...

  Processed 1000 queries

  Processed 2000 queries

  Processed 3000 queries

  Processed 4000 queries

  Processed 5000 queries

  Processed 6000 queries

  Processed 7000 queries

  Processed 8000 queries

  Processed 9000 queries

  Processed 10000 queries


========== RESULTS ==========

Total queries: 10000

Average recall@10: 0.997540

Average query time: 5.165318 ms

Total query time: 51653.179170 ms


========== DISTANCE STATISTICS ==========

Total queries reported by index: 10000

Total distance computations: 601222919

Average distance ops per query: 60122.291900

Last query distance ops: 43235


========== PERFORMANCE SUMMARY ==========

Data loading time: 2432.248402 ms

Index build time: 387296.573613 ms

Query execution time: 51653.179170 ms

Total elapsed time: 453470.248778 ms


========== EFFICIENCY METRICS ==========

Queries per second: 193.598926

Distance ops per second: 11639611.126767


========== END OF LOG ==========

Log saved to: Log/run_20251204_000628_449.log

