========== HNSW Search Test ==========

Timestamp: Wed Nov 26 10:13:41 2025

Command line arguments:
  argv[0]: ./hng
  argv[1]: --m
  argv[2]: 52
  argv[3]: --efc
  argv[4]: 613
  argv[5]: --efs
  argv[6]: 281

Configuration:
  Base file: data_o/glove/base.txt
  Query file: data_o/glove/query.txt
  Truth file: data_o/glove/truth.txt
  K: 10
  M: 52
  Max layer: -1
  EFC: 613
  EFS: 281
  Threads: -1
  Debug: -1

HNSW parameters set.

Loading base vectors...
✓ Base loaded in 4316.127686 ms

Loading query vectors...
✓ Queries loaded in 95.658335 ms

Loading ground truth...
✓ Truth loaded in 89.042707 ms

Data Summary:
  Dimension d=100, Base vectors=1183514, Queries=10000


Building HNSW index...
✓ Index built.
  build_time(local)=667520.866598 ms
  build_time(internal)=664826.834142 ms


Executing queries...

  Processed 1000 queries

  Processed 2000 queries

  Processed 3000 queries

  Processed 4000 queries

  Processed 5000 queries

  Processed 6000 queries

  Processed 7000 queries

  Processed 8000 queries

  Processed 9000 queries

  Processed 10000 queries


========== RESULTS ==========

Total queries: 10000

Average recall@10: 0.965320

Average query time: 1.601451 ms

Total query time: 16014.510754 ms


========== DISTANCE STATISTICS ==========

Total queries reported by index: 10000

Total distance computations: 133839369

Average distance ops per query: 13383.936900

Last query distance ops: 11356


========== PERFORMANCE SUMMARY ==========

Data loading time: 4500.828728 ms

Index build time: 664826.834142 ms

Query execution time: 16014.510754 ms

Total elapsed time: 688036.206080 ms


========== EFFICIENCY METRICS ==========

Queries per second: 624.433687

Distance ops per second: 8357381.068702


========== END OF LOG ==========

Log saved to: Log/run_20251126_101341_288.log

