========== HNSW Search Test ==========

Timestamp: Tue Nov 25 21:46:54 2025

Command line arguments:
  argv[0]: ./hng
  argv[1]: --m
  argv[2]: 63
  argv[3]: --efc
  argv[4]: 859
  argv[5]: --efs
  argv[6]: 230

Configuration:
  Base file: data_o/glove/base.txt
  Query file: data_o/glove/query.txt
  Truth file: data_o/glove/truth.txt
  K: 10
  M: 63
  Max layer: -1
  EFC: 859
  EFS: 230
  Threads: -1
  Debug: -1

HNSW parameters set.

Loading base vectors...
✓ Base loaded in 3209.683021 ms

Loading query vectors...
✓ Queries loaded in 68.483629 ms

Loading ground truth...
✓ Truth loaded in 66.915726 ms

Data Summary:
  Dimension d=100, Base vectors=1183514, Queries=10000


Building HNSW index...
✓ Index built.
  build_time(local)=946918.328259 ms
  build_time(internal)=1030946.145032 ms


Executing queries...

  Processed 1000 queries

  Processed 2000 queries

  Processed 3000 queries

  Processed 4000 queries

  Processed 5000 queries

  Processed 6000 queries

  Processed 7000 queries

  Processed 8000 queries

  Processed 9000 queries

  Processed 10000 queries


========== RESULTS ==========

Total queries: 10000

Average recall@10: 0.961870

Average query time: 1.219468 ms

Total query time: 12194.682023 ms


========== DISTANCE STATISTICS ==========

Total queries reported by index: 10000

Total distance computations: 127924300

Average distance ops per query: 12792.430000

Last query distance ops: 10784


========== PERFORMANCE SUMMARY ==========

Data loading time: 3345.082376 ms

Index build time: 1030946.145032 ms

Query execution time: 12194.682023 ms

Total elapsed time: 962458.092658 ms


========== EFFICIENCY METRICS ==========

Queries per second: 820.029582

Distance ops per second: 10490171.023625


========== END OF LOG ==========

Log saved to: Log/run_20251125_214654_550.log

