========== HNSW Search Test ==========

Timestamp: Wed Nov 26 06:03:33 2025

Command line arguments:
  argv[0]: ./hng
  argv[1]: --m
  argv[2]: 40
  argv[3]: --efc
  argv[4]: 563
  argv[5]: --efs
  argv[6]: 135

Configuration:
  Base file: data_o/glove/base.txt
  Query file: data_o/glove/query.txt
  Truth file: data_o/glove/truth.txt
  K: 10
  M: 40
  Max layer: -1
  EFC: 563
  EFS: 135
  Threads: -1
  Debug: -1

HNSW parameters set.

Loading base vectors...
✓ Base loaded in 3840.933211 ms

Loading query vectors...
✓ Queries loaded in 95.595625 ms

Loading ground truth...
✓ Truth loaded in 92.668574 ms

Data Summary:
  Dimension d=100, Base vectors=1183514, Queries=10000


Building HNSW index...
✓ Index built.
  build_time(local)=558479.107928 ms
  build_time(internal)=557372.048806 ms


Executing queries...

  Processed 1000 queries

  Processed 2000 queries

  Processed 3000 queries

  Processed 4000 queries

  Processed 5000 queries

  Processed 6000 queries

  Processed 7000 queries

  Processed 8000 queries

  Processed 9000 queries

  Processed 10000 queries


========== RESULTS ==========

Total queries: 10000

Average recall@10: 0.916410

Average query time: 0.651821 ms

Total query time: 6518.208863 ms


========== DISTANCE STATISTICS ==========

Total queries reported by index: 10000

Total distance computations: 63668476

Average distance ops per query: 6366.847600

Last query distance ops: 5933


========== PERFORMANCE SUMMARY ==========

Data loading time: 4029.197410 ms

Index build time: 557372.048806 ms

Query execution time: 6518.208863 ms

Total elapsed time: 569026.514201 ms


========== EFFICIENCY METRICS ==========

Queries per second: 1534.163788

Distance ops per second: 9767787.031405


========== END OF LOG ==========

Log saved to: Log/run_20251126_060333_765.log

