========== HNSW Search Test ==========

Timestamp: Wed Nov 26 03:32:16 2025

Command line arguments:
  argv[0]: ./hng
  argv[1]: --m
  argv[2]: 32
  argv[3]: --efc
  argv[4]: 870
  argv[5]: --efs
  argv[6]: 987

Configuration:
  Base file: data_o/glove/base.txt
  Query file: data_o/glove/query.txt
  Truth file: data_o/glove/truth.txt
  K: 10
  M: 32
  Max layer: -1
  EFC: 870
  EFS: 987
  Threads: -1
  Debug: -1

HNSW parameters set.

Loading base vectors...
✓ Base loaded in 3429.733621 ms

Loading query vectors...
✓ Queries loaded in 86.599542 ms

Loading ground truth...
✓ Truth loaded in 83.310379 ms

Data Summary:
  Dimension d=100, Base vectors=1183514, Queries=10000


Building HNSW index...
✓ Index built.
  build_time(local)=712821.434641 ms
  build_time(internal)=775977.887489 ms


Executing queries...

  Processed 1000 queries

  Processed 2000 queries

  Processed 3000 queries

  Processed 4000 queries

  Processed 5000 queries

  Processed 6000 queries

  Processed 7000 queries

  Processed 8000 queries

  Processed 9000 queries

  Processed 10000 queries


========== RESULTS ==========

Total queries: 10000

Average recall@10: 0.992950

Average query time: 4.272976 ms

Total query time: 42729.759599 ms


========== DISTANCE STATISTICS ==========

Total queries reported by index: 10000

Total distance computations: 351152074

Average distance ops per query: 35115.207500

Last query distance ops: 28731


========== PERFORMANCE SUMMARY ==========

Data loading time: 3599.643542 ms

Index build time: 775977.887489 ms

Query execution time: 42729.759599 ms

Total elapsed time: 759150.837782 ms


========== EFFICIENCY METRICS ==========

Queries per second: 234.028932

Distance ops per second: 8217974.505249


========== END OF LOG ==========

Log saved to: Log/run_20251126_033216_536.log

