========== HNSW Search Test ==========

Timestamp: Thu Nov 27 07:32:36 2025

Command line arguments:
  argv[0]: ./hng
  argv[1]: --m
  argv[2]: 57
  argv[3]: --max_layer
  argv[4]: 11
  argv[5]: --efc
  argv[6]: 635
  argv[7]: --efs
  argv[8]: 819

Configuration:
  Base file: data_o/glove/base.txt
  Query file: data_o/glove/query.txt
  Truth file: data_o/glove/truth.txt
  K: 10
  M: 57
  Max layer: 11
  EFC: 635
  EFS: 819
  Threads: -1
  Debug: -1

HNSW parameters set.

Loading base vectors...
✓ Base loaded in 2093.856037 ms

Loading query vectors...
✓ Queries loaded in 65.254656 ms

Loading ground truth...
✓ Truth loaded in 66.440539 ms

Data Summary:
  Dimension d=100, Base vectors=1183514, Queries=10000


Building HNSW index...
✓ Index built.
  build_time(local)=1038899.889483 ms
  build_time(internal)=972858.795659 ms


========== GRAPH QUALITY ==========

  num_nodes: 1183514

  max_level (entry point): 3

  actual_max_layer: 3

  avg_degree_l0: 56.357051

  avg_degree_upper: 0.142635


  Layer Distribution:

    L0: 1183514 nodes (100.00%)

    L1: 20868 nodes (1.76%)

    L2: 384 nodes (0.03%)

    L3: 5 nodes (0.00%)



Executing queries...

  Processed 1000 queries

  Processed 2000 queries

  Processed 3000 queries

  Processed 4000 queries

  Processed 5000 queries

  Processed 6000 queries

  Processed 7000 queries

  Processed 8000 queries

  Processed 9000 queries

  Processed 10000 queries


========== RESULTS ==========

Total queries: 10000

Average recall@10: 0.993790

Average query time: 3.966036 ms

Total query time: 39660.355691 ms


========== DISTANCE STATISTICS ==========

Total queries reported by index: 10000

Total distance computations: 352683712

Average distance ops per query: 35268.371200

Last query distance ops: 26192


========== PERFORMANCE SUMMARY ==========

Data loading time: 2225.551232 ms

Index build time: 972858.795659 ms

Query execution time: 39660.355691 ms

Total elapsed time: 1080785.796406 ms


========== EFFICIENCY METRICS ==========

Queries per second: 252.140956

Distance ops per second: 8892600.831617


========== END OF LOG ==========

Log saved to: Log/run_20251127_073236_810.log

