========== HNSW Search Test ==========

Timestamp: Sat Dec  6 03:31:54 2025

Command line arguments:
  argv[0]: ./basic
  argv[1]: --base
  argv[2]: data_o/glove/base.txt
  argv[3]: --query
  argv[4]: data_o/glove/query.txt
  argv[5]: --truth
  argv[6]: data_o/glove/truth.txt
  argv[7]: --k
  argv[8]: 10
  argv[9]: --m
  argv[10]: 59
  argv[11]: --max_layer
  argv[12]: 7
  argv[13]: --efc
  argv[14]: 763
  argv[15]: --efs
  argv[16]: 32000
  argv[17]: --threads
  argv[18]: 32
  argv[19]: --debug
  argv[20]: 1

Configuration:
  Base file: data_o/glove/base.txt
  Query file: data_o/glove/query.txt
  Truth file: data_o/glove/truth.txt
  K: 10
  M: 59
  Max layer: 7
  EFC: 763
  EFS: 32000
  Threads: 32
  Debug: 1

HNSW parameters set.

Ablation flags: csr=0, prefetch=0, simd=0, pruning=0, heap=0

Loading base vectors...
✓ Base loaded in 6846.816399 ms

Loading query vectors...
✓ Queries loaded in 89.286603 ms

Loading ground truth...
✓ Truth loaded in 72.884524 ms

Data Summary:
  Dimension d=100, Base vectors=1183514, Queries=10000


Building HNSW index...
✓ Index built.
  build_time(local)=42027.016536 ms
  build_time(internal)=41059.634108 ms

Executing queries...

  Processed 1000 queries

  Processed 2000 queries

  Processed 3000 queries

  Processed 4000 queries

  Processed 5000 queries

  Processed 6000 queries

  Processed 7000 queries

  Processed 8000 queries

  Processed 9000 queries

  Processed 10000 queries


========== RESULTS ==========

Total queries: 10000

Average recall@10: 0.986150

Average query time: 10.647605 ms

Total query time: 106476.045128 ms


========== DISTANCE STATISTICS ==========

Total queries reported by index: 10000

Total distance computations: 323708921

Average distance ops per query: 32370.892100

Last query distance ops: 32472


========== PERFORMANCE SUMMARY ==========

Data loading time: 7008.987526 ms

Index build time: 41059.634108 ms

Query execution time: 106476.045128 ms

Total elapsed time: 155512.049190 ms


========== EFFICIENCY METRICS ==========

Queries per second: 93.917838

Distance ops per second: 3040204.213172


========== END OF LOG ==========

Log saved to: Log/run_20251206_033154_146.log

