========== HNSW Search Test ==========

========== HNSW Search Test ==========

Timestamp: Fri Dec  5 23:36:17 2025

Command line arguments:
Timestamp: Fri Dec  5 23:36:17 2025

  argv[0]: ./basic
Command line arguments:
  argv[1]: --base
  argv[0]: ./basic
  argv[2]: data_o/glove/base.txt
  argv[1]: --base
  argv[3]: --query
  argv[2]: data_o/glove/base.txt
  argv[4]: data_o/glove/query.txt
  argv[3]: --query
  argv[5]: --truth
  argv[4]: data_o/glove/query.txt
  argv[6]: data_o/glove/truth.txt
  argv[5]: --truth
  argv[7]: --k
  argv[6]: data_o/glove/truth.txt
  argv[8]: 10
  argv[7]: --k
  argv[9]: --m
  argv[8]: 10
  argv[10]: 59
  argv[9]: --m
  argv[11]: --max_layer
  argv[10]: 59
  argv[12]: 7
  argv[11]: --max_layer
  argv[13]: --efc
  argv[12]: 7
  argv[14]: 763
  argv[13]: --efc
  argv[15]: --efs
  argv[14]: 763
  argv[16]: 125
  argv[15]: --efs
  argv[17]: --threads
  argv[16]: 100
  argv[18]: 16
  argv[17]: --threads
  argv[19]: --debug
  argv[18]: 16
  argv[20]: 1
  argv[19]: --debug

Configuration:
  argv[20]: 1
  Base file: data_o/glove/base.txt

Configuration:
  Query file: data_o/glove/query.txt
  Base file: data_o/glove/base.txt
  Truth file: data_o/glove/truth.txt
  Query file: data_o/glove/query.txt
  K: 10
  Truth file: data_o/glove/truth.txt
  M: 59
  K: 10
  Max layer: 7
  M: 59
  EFC: 763
  Max layer: 7
  EFS: 125
  EFC: 763
  Threads: 16
  EFS: 100
  Debug: 1
  Threads: 16

  Debug: 1
HNSW parameters set.


Ablation flags: csr=0, prefetch=0, simd=0, pruning=0, heap=0

HNSW parameters set.

Loading base vectors...
Ablation flags: csr=0, prefetch=0, simd=0, pruning=0, heap=0

Loading base vectors...
✓ Base loaded in 5000.389412 ms

✓ Base loaded in 5000.534138 ms

Loading query vectors...
Loading query vectors...
✓ Queries loaded in 114.514627 ms

Loading ground truth...
✓ Queries loaded in 114.838612 ms

Loading ground truth...
✓ Truth loaded in 113.442541 ms

✓ Truth loaded in 113.202949 ms

Data Summary:
  Dimension d=100, Base vectors=1183514, Queries=10000


Data Summary:
  Dimension d=100, Base vectors=1183514, Queries=10000


Building HNSW index...
Building HNSW index...
✓ Index built.
  build_time(local)=14887.369515 ms
  build_time(internal)=14880.579783 ms

Executing queries...

✓ Index built.
  build_time(local)=14887.497767 ms
  build_time(internal)=14880.204959 ms

Executing queries...

