========== HNSW Search Test ==========

Timestamp: Thu Dec  4 03:29:30 2025

Command line arguments:
  argv[0]: ./hng1
  argv[1]: --m
  argv[2]: 54
  argv[3]: --max_layer
  argv[4]: 8
  argv[5]: --efc
  argv[6]: 767
  argv[7]: --efs
  argv[8]: 2000

Configuration:
  Base file: data_o/glove/base.txt
  Query file: data_o/glove/query.txt
  Truth file: data_o/glove/truth.txt
  K: 10
  M: 54
  Max layer: 8
  EFC: 767
  EFS: 2000
  Threads: -1
  Debug: -1

HNSW parameters set.

Ablation flags: csr=0, prefetch=0, simd=0, pruning=0, heap=0

Loading base vectors...
✓ Base loaded in 3704.432731 ms

Loading query vectors...
✓ Queries loaded in 70.116260 ms

Loading ground truth...
✓ Truth loaded in 69.358688 ms

Data Summary:
  Dimension d=100, Base vectors=1183514, Queries=10000


Building HNSW index...
✓ Index built.
  build_time(local)=957160.548884 ms
  build_time(internal)=934370.512402 ms


========== GRAPH QUALITY ==========

  num_nodes: 1183514

  max_level (entry point): 3

  actual_max_layer: 3

  avg_degree_l0: 60.057630

  avg_degree_upper: 0.160550


  Layer Distribution:

    L0: 1183514 nodes (100.00%)

    L1: 21764 nodes (1.84%)

    L2: 413 nodes (0.03%)

    L3: 3 nodes (0.00%)



Executing queries...

  Processed 1000 queries

  Processed 2000 queries

  Processed 3000 queries

  Processed 4000 queries

  Processed 5000 queries

  Processed 6000 queries

  Processed 7000 queries

  Processed 8000 queries

  Processed 9000 queries

  Processed 10000 queries


========== RESULTS ==========

Total queries: 10000

Average recall@10: 0.999020

Average query time: 6.713405 ms

Total query time: 67134.051048 ms


========== DISTANCE STATISTICS ==========

Total queries reported by index: 10000

Total distance computations: 795070008

Average distance ops per query: 79507.000800

Last query distance ops: 54243


========== PERFORMANCE SUMMARY ==========

Data loading time: 3843.907679 ms

Index build time: 934370.512402 ms

Query execution time: 67134.051048 ms

Total elapsed time: 1028138.507611 ms


========== EFFICIENCY METRICS ==========

Queries per second: 148.955706

Distance ops per second: 11843021.471050


========== END OF LOG ==========

Log saved to: Log/run_20251204_032930_524.log

