========== HNSW Search Test ==========

Timestamp: Mon Dec  8 08:23:59 2025

Command line arguments:
  argv[0]: ./hng3
  argv[1]: --m
  argv[2]: 64
  argv[3]: --max_layer
  argv[4]: 7
  argv[5]: --efc
  argv[6]: 600
  argv[7]: --efs
  argv[8]: 100

Configuration:
  Base file: data_o/glove/base.txt
  Query file: data_o/glove/query.txt
  Truth file: data_o/glove/truth.txt
  K: 10
  M: 64
  Max layer: 7
  EFC: 600
  EFS: 100
  Threads: -1
  Debug: -1

HNSW parameters set.

Ablation flags: csr=0, prefetch=0, simd=0, pruning=0, heap=0

Loading base vectors...
✓ Base loaded in 2272.484321 ms

Loading query vectors...
✓ Queries loaded in 71.506653 ms

Loading ground truth...
✓ Truth loaded in 70.918677 ms

Data Summary:
  Dimension d=100, Base vectors=1183514, Queries=10000


Building HNSW index...
✓ Index built.
  build_time(local)=1994606.920617 ms
  build_time(internal)=1866631.534007 ms


========== GRAPH QUALITY ==========

  num_nodes: 1183514

  max_level (entry point): 3

  actual_max_layer: 3

  avg_degree_l0: 75.965370

  avg_degree_upper: 40.223564


  Layer Distribution:

    L0: 1183514 nodes (100.00%)

    L1: 18695 nodes (1.58%)

    L2: 271 nodes (0.02%)

    L3: 4 nodes (0.00%)



Executing queries...

  Processed 1000 queries

  Processed 2000 queries

  Processed 3000 queries

  Processed 4000 queries

  Processed 5000 queries

  Processed 6000 queries

  Processed 7000 queries

  Processed 8000 queries

  Processed 9000 queries

  Processed 10000 queries


========== RESULTS ==========

Total queries: 10000

Average recall@10: 0.577800

Average query time: 0.224755 ms

Total query time: 2247.553629 ms


========== DISTANCE STATISTICS ==========

Total queries reported by index: 10000

Total distance computations: 8405675

Average distance ops per query: 840.567500

Last query distance ops: 1392


========== PERFORMANCE SUMMARY ==========

Data loading time: 2414.909651 ms

Index build time: 1866631.534007 ms

Query execution time: 2247.553629 ms

Total elapsed time: 1999269.383897 ms


========== EFFICIENCY METRICS ==========

Queries per second: 4449.282042

Distance ops per second: 3739921.882861


========== END OF LOG ==========

Log saved to: Log/run_20251208_082359_312.log

