========== HNSW Search Test ==========

Timestamp: Fri Nov 28 16:32:04 2025

Command line arguments:
  argv[0]: ./hng

Configuration:
  Base file: data_o/glove/base.txt
  Query file: data_o/glove/query.txt
  Truth file: data_o/glove/truth.txt
  K: 10
  M: -1
  Max layer: -1
  EFC: -1
  EFS: -1
  Threads: -1
  Debug: -1

Loading base vectors...
✓ Base loaded in 2290.455955 ms

Loading query vectors...
✓ Queries loaded in 76.414729 ms

Loading ground truth...
✓ Truth loaded in 71.674650 ms

Data Summary:
  Dimension d=100, Base vectors=1183514, Queries=10000


Building HNSW index...
