========== HNSW Search Test ==========

Timestamp: Mon Dec  8 18:53:53 2025

Command line arguments:
  argv[0]: ./hng3
  argv[1]: --m
  argv[2]: 32
  argv[3]: --max_layer
  argv[4]: 7
  argv[5]: --efc
  argv[6]: 1300
  argv[7]: --efs
  argv[8]: 400
  argv[9]: --hamming_threshold
  argv[10]: 45

Configuration:
  Base file: data_o/glove/base.txt
  Query file: data_o/glove/query.txt
  Truth file: data_o/glove/truth.txt
  K: 10
  M: 32
  Max layer: 7
  EFC: 1300
  EFS: 400
  Threads: -1
  Debug: -1

HNSW parameters set.

Ablation flags: csr=0, prefetch=0, simd=0, pruning=0, heap=0

  Hamming threshold: 45
Loading base vectors...
✓ Base loaded in 2104.978759 ms

Loading query vectors...
✓ Queries loaded in 68.619137 ms

Loading ground truth...
✓ Truth loaded in 66.152624 ms

Data Summary:
  Dimension d=100, Base vectors=1183514, Queries=10000


Building HNSW index...
✓ Index built.
  build_time(local)=3683.686937 ms
  build_time(internal)=3678.998876 ms


========== GRAPH QUALITY ==========

  num_nodes: 1183514

  max_level (entry point): 4

  actual_max_layer: 4

  avg_degree_l0: 59.116397

  avg_degree_upper: 30.476387


  Layer Distribution:

    L0: 1183514 nodes (100.00%)

    L1: 37221 nodes (3.14%)

    L2: 1178 nodes (0.10%)

    L3: 33 nodes (0.00%)

    L4: 1 nodes (0.00%)



Executing queries...

  Processed 1000 queries

  Processed 2000 queries

  Processed 3000 queries

  Processed 4000 queries

  Processed 5000 queries

  Processed 6000 queries

  Processed 7000 queries

  Processed 8000 queries

  Processed 9000 queries

  Processed 10000 queries


========== RESULTS ==========

Total queries: 10000

Average recall@10: 0.976480

Average query time: 1.453330 ms

Total query time: 14533.297482 ms


========== DISTANCE STATISTICS ==========

Total queries reported by index: 10000

Total distance computations: 147868360

Average distance ops per query: 14786.836000

Last query distance ops: 14869


========== PERFORMANCE SUMMARY ==========

Data loading time: 2239.750520 ms

Index build time: 3678.998876 ms

Query execution time: 14533.297482 ms

Total elapsed time: 20456.734939 ms


========== EFFICIENCY METRICS ==========

Queries per second: 688.075092

Distance ops per second: 10174453.539064


========== END OF LOG ==========

Log saved to: Log/run_20251208_185353_343.log

