========== HNSW Search Test ==========

Timestamp: Thu Dec  4 20:01:10 2025

Command line arguments:
  argv[0]: ./hng1
  argv[1]: --m
  argv[2]: 32
  argv[3]: --max_layer
  argv[4]: 14
  argv[5]: --efc
  argv[6]: 804
  argv[7]: --efs
  argv[8]: 2000

Configuration:
  Base file: data_o/glove/base.txt
  Query file: data_o/glove/query.txt
  Truth file: data_o/glove/truth.txt
  K: 10
  M: 32
  Max layer: 14
  EFC: 804
  EFS: 2000
  Threads: -1
  Debug: -1

HNSW parameters set.

Ablation flags: csr=0, prefetch=0, simd=0, pruning=0, heap=0

Loading base vectors...
✓ Base loaded in 2574.314258 ms

Loading query vectors...
✓ Queries loaded in 80.314857 ms

Loading ground truth...
✓ Truth loaded in 82.668930 ms

Data Summary:
  Dimension d=100, Base vectors=1183514, Queries=10000


Building HNSW index...
