========== HNSW Search Test ==========

Timestamp: Thu Dec  4 07:10:49 2025

Command line arguments:
  argv[0]: ./hng1
  argv[1]: --m
  argv[2]: 61
  argv[3]: --max_layer
  argv[4]: 4
  argv[5]: --efc
  argv[6]: 645
  argv[7]: --efs
  argv[8]: 635

Configuration:
  Base file: data_o/glove/base.txt
  Query file: data_o/glove/query.txt
  Truth file: data_o/glove/truth.txt
  K: 10
  M: 61
  Max layer: 4
  EFC: 645
  EFS: 635
  Threads: -1
  Debug: -1

HNSW parameters set.

Ablation flags: csr=0, prefetch=0, simd=0, pruning=0, heap=0

Loading base vectors...
✓ Base loaded in 2114.601137 ms

Loading query vectors...
✓ Queries loaded in 66.270937 ms

Loading ground truth...
✓ Truth loaded in 66.049919 ms

Data Summary:
  Dimension d=100, Base vectors=1183514, Queries=10000


Building HNSW index...
✓ Index built.
  build_time(local)=3771.159115 ms
  build_time(internal)=3766.521986 ms


========== GRAPH QUALITY ==========

  num_nodes: 1183514

  max_level (entry point): 3

  actual_max_layer: 3

  avg_degree_l0: 56.858536

  avg_degree_upper: 0.128099


  Layer Distribution:

    L0: 1183514 nodes (100.00%)

    L1: 19189 nodes (1.62%)

    L2: 292 nodes (0.02%)

    L3: 4 nodes (0.00%)



Executing queries...

  Processed 1000 queries

  Processed 2000 queries

  Processed 3000 queries

  Processed 4000 queries

  Processed 5000 queries

  Processed 6000 queries

  Processed 7000 queries

  Processed 8000 queries

  Processed 9000 queries

  Processed 10000 queries


========== RESULTS ==========

Total queries: 10000

Average recall@10: 0.990230

Average query time: 2.026581 ms

Total query time: 20265.809603 ms


========== DISTANCE STATISTICS ==========

Total queries reported by index: 10000

Total distance computations: 285685667

Average distance ops per query: 28568.566700

Last query distance ops: 21457


========== PERFORMANCE SUMMARY ==========

Data loading time: 2246.921993 ms

Index build time: 3766.521986 ms

Query execution time: 20265.809603 ms

Total elapsed time: 26283.890711 ms


========== EFFICIENCY METRICS ==========

Queries per second: 493.441920

Distance ops per second: 14096928.402885


========== END OF LOG ==========

Log saved to: Log/run_20251204_071049_989.log

