========== HNSW Search Test ==========

Timestamp: Sun Dec  7 23:42:29 2025

Command line arguments:
  argv[0]: ./hng3
  argv[1]: --m
  argv[2]: 59
  argv[3]: --max_layer
  argv[4]: 7
  argv[5]: --efc
  argv[6]: 763
  argv[7]: --efs
  argv[8]: 438

Configuration:
  Base file: data_o/glove/base.txt
  Query file: data_o/glove/query.txt
  Truth file: data_o/glove/truth.txt
  K: 10
  M: 59
  Max layer: 7
  EFC: 763
  EFS: 438
  Threads: -1
  Debug: -1

HNSW parameters set.

Ablation flags: csr=0, prefetch=0, simd=0, pruning=0, heap=0

Loading base vectors...
✓ Base loaded in 2371.061884 ms

Loading query vectors...
✓ Queries loaded in 72.096962 ms

Loading ground truth...
✓ Truth loaded in 71.262263 ms

Data Summary:
  Dimension d=100, Base vectors=1183514, Queries=10000


Building HNSW index...
✓ Index built.
  build_time(local)=4718.004208 ms
  build_time(internal)=4712.869597 ms


========== GRAPH QUALITY ==========

  num_nodes: 1183514

  max_level (entry point): 3

  actual_max_layer: 3

  avg_degree_l0: 79.507135

  avg_degree_upper: 0.172417


  Layer Distribution:

    L0: 1183514 nodes (100.00%)

    L1: 20016 nodes (1.69%)

    L2: 327 nodes (0.03%)

    L3: 3 nodes (0.00%)



Executing queries...

  Processed 1000 queries

  Processed 2000 queries

  Processed 3000 queries

  Processed 4000 queries

  Processed 5000 queries

  Processed 6000 queries

  Processed 7000 queries

  Processed 8000 queries

  Processed 9000 queries

  Processed 10000 queries


========== RESULTS ==========

Total queries: 10000

Average recall@10: 0.990040

Average query time: 1.929124 ms

Total query time: 19291.236271 ms


========== DISTANCE STATISTICS ==========

Total queries reported by index: 10000

Total distance computations: 284604046

Average distance ops per query: 28460.404600

Last query distance ops: 28067


========== PERFORMANCE SUMMARY ==========

Data loading time: 2514.421109 ms

Index build time: 4712.869597 ms

Query execution time: 19291.236271 ms

Total elapsed time: 26523.661588 ms


========== EFFICIENCY METRICS ==========

Queries per second: 518.370096

Distance ops per second: 14753022.668010


========== END OF LOG ==========

Log saved to: Log/run_20251207_234229_170.log

