========== HNSW Search Test ==========

Timestamp: Mon Dec  8 14:05:02 2025

Command line arguments:
  argv[0]: ./hng3
  argv[1]: --m
  argv[2]: 32
  argv[3]: --max_layer
  argv[4]: 7
  argv[5]: --efc
  argv[6]: 1000
  argv[7]: --efs
  argv[8]: 288
  argv[9]: --hamming_threshold
  argv[10]: 44

Configuration:
  Base file: data_o/glove/base.txt
  Query file: data_o/glove/query.txt
  Truth file: data_o/glove/truth.txt
  K: 10
  M: 32
  Max layer: 7
  EFC: 1000
  EFS: 288
  Threads: -1
  Debug: -1

HNSW parameters set.

Ablation flags: csr=0, prefetch=0, simd=0, pruning=0, heap=0

  Hamming threshold: 44
Loading base vectors...
✓ Base loaded in 2240.660319 ms

Loading query vectors...
✓ Queries loaded in 82.582434 ms

Loading ground truth...
✓ Truth loaded in 81.084613 ms

Data Summary:
  Dimension d=100, Base vectors=1183514, Queries=10000


Building HNSW index...
✓ Index built.
  build_time(local)=5172.187179 ms
  build_time(internal)=5164.713609 ms


========== GRAPH QUALITY ==========

  num_nodes: 1183514

  max_level (entry point): 3

  actual_max_layer: 3

  avg_degree_l0: 58.055684

  avg_degree_upper: 30.380945


  Layer Distribution:

    L0: 1183514 nodes (100.00%)

    L1: 36932 nodes (3.12%)

    L2: 1217 nodes (0.10%)

    L3: 35 nodes (0.00%)



Executing queries...

  Processed 1000 queries

  Processed 2000 queries

  Processed 3000 queries

  Processed 4000 queries

  Processed 5000 queries

  Processed 6000 queries

  Processed 7000 queries

  Processed 8000 queries

  Processed 9000 queries

  Processed 10000 queries


========== RESULTS ==========

Total queries: 10000

Average recall@10: 0.964160

Average query time: 1.196190 ms

Total query time: 11961.900967 ms


========== DISTANCE STATISTICS ==========

Total queries reported by index: 10000

Total distance computations: 104866463

Average distance ops per query: 10486.646300

Last query distance ops: 11135


========== PERFORMANCE SUMMARY ==========

Data loading time: 2404.327366 ms

Index build time: 5164.713609 ms

Query execution time: 11961.900967 ms

Total elapsed time: 19538.415512 ms


========== EFFICIENCY METRICS ==========

Queries per second: 835.987526

Distance ops per second: 8766705.500179


========== END OF LOG ==========

Log saved to: Log/run_20251208_140502_869.log

