========== HNSW Search Test ==========

Timestamp: Tue Nov 25 22:26:08 2025

Command line arguments:
  argv[0]: ./hng
  argv[1]: --m
  argv[2]: 62
  argv[3]: --efc
  argv[4]: 667
  argv[5]: --efs
  argv[6]: 1003

Configuration:
  Base file: data_o/glove/base.txt
  Query file: data_o/glove/query.txt
  Truth file: data_o/glove/truth.txt
  K: 10
  M: 62
  Max layer: -1
  EFC: 667
  EFS: 1003
  Threads: -1
  Debug: -1

HNSW parameters set.

Loading base vectors...
✓ Base loaded in 3796.451644 ms

Loading query vectors...
✓ Queries loaded in 73.567989 ms

Loading ground truth...
✓ Truth loaded in 66.988227 ms

Data Summary:
  Dimension d=100, Base vectors=1183514, Queries=10000


Building HNSW index...
✓ Index built.
  build_time(local)=703514.193838 ms
  build_time(internal)=749079.992681 ms


Executing queries...

  Processed 1000 queries

  Processed 2000 queries

  Processed 3000 queries

  Processed 4000 queries

  Processed 5000 queries

  Processed 6000 queries

  Processed 7000 queries

  Processed 8000 queries

  Processed 9000 queries

  Processed 10000 queries


========== RESULTS ==========

Total queries: 10000

Average recall@10: 0.996030

Average query time: 5.114423 ms

Total query time: 51144.232895 ms


========== DISTANCE STATISTICS ==========

Total queries reported by index: 10000

Total distance computations: 431024793

Average distance ops per query: 43102.479400

Last query distance ops: 30818


========== PERFORMANCE SUMMARY ==========

Data loading time: 3937.007860 ms

Index build time: 749079.992681 ms

Query execution time: 51144.232895 ms

Total elapsed time: 758595.434593 ms


========== EFFICIENCY METRICS ==========

Queries per second: 195.525467

Distance ops per second: 8427632.395717


========== END OF LOG ==========

Log saved to: Log/run_20251125_222608_491.log

