timestamp_start: 2025-11-25T06:25:12.857804
timestamp_end: 2025-11-25T06:31:45.572910
duration_s: 392.715106
cmd: ./hn --k 10 --m 18 --efc 211 --efs 354
returncode: 0

=== STDOUT ===
[cache] loaded base vectors from data_o/sift/base.txt.bin
Building index...
[Timing] Parallel Build: 375079 ms for 1000000 points.
Index built in 376 seconds
Loading queries and ground truth...
Loaded 1000 ground truth entries
Running queries...
Processed 50 queries
Processed 100 queries
Processed 150 queries
Processed 200 queries
Processed 250 queries
Processed 300 queries
Processed 350 queries
Processed 400 queries
Processed 450 queries
Processed 500 queries
Processed 550 queries
Processed 600 queries
Processed 650 queries
Processed 700 queries
Processed 750 queries
Processed 800 queries
Processed 850 queries
Processed 900 queries
Processed 950 queries
Processed 1000 queries
=== Results ===
Total queries: 1000
Average recall@10: 0.9944
Average query time: 0.77 ms
Index build time: 376 seconds

=== STDERR ===
<empty stderr>
