========== HNSW Search Test ==========

Timestamp: Mon Dec  8 10:19:04 2025

Command line arguments:
  argv[0]: ./hng3
  argv[1]: --m
  argv[2]: 64
  argv[3]: --max_layer
  argv[4]: 7
  argv[5]: --efc
  argv[6]: 1000
  argv[7]: --efs
  argv[8]: 400

Configuration:
  Base file: data_o/glove/base.txt
  Query file: data_o/glove/query.txt
  Truth file: data_o/glove/truth.txt
  K: 10
  M: 64
  Max layer: 7
  EFC: 1000
  EFS: 400
  Threads: -1
  Debug: -1

HNSW parameters set.

Ablation flags: csr=0, prefetch=0, simd=0, pruning=0, heap=0

Loading base vectors...
✓ Base loaded in 2541.227795 ms

Loading query vectors...
✓ Queries loaded in 76.430206 ms

Loading ground truth...
✓ Truth loaded in 75.393604 ms

Data Summary:
  Dimension d=100, Base vectors=1183514, Queries=10000


Building HNSW index...
✓ Index built.
  build_time(local)=4841.555519 ms
  build_time(internal)=4836.259599 ms


========== GRAPH QUALITY ==========

  num_nodes: 1183514

  max_level (entry point): 3

  actual_max_layer: 3

  avg_degree_l0: 86.924785

  avg_degree_upper: 41.054540


  Layer Distribution:

    L0: 1183514 nodes (100.00%)

    L1: 18574 nodes (1.57%)

    L2: 291 nodes (0.02%)

    L3: 2 nodes (0.00%)



Executing queries...

  Processed 1000 queries

  Processed 2000 queries

  Processed 3000 queries

  Processed 4000 queries

  Processed 5000 queries

  Processed 6000 queries

  Processed 7000 queries

  Processed 8000 queries

  Processed 9000 queries

  Processed 10000 queries


========== RESULTS ==========

Total queries: 10000

Average recall@10: 0.989310

Average query time: 2.479811 ms

Total query time: 24798.109962 ms


========== DISTANCE STATISTICS ==========

Total queries reported by index: 10000

Total distance computations: 218459664

Average distance ops per query: 21845.966400

Last query distance ops: 24061


========== PERFORMANCE SUMMARY ==========

Data loading time: 2693.051605 ms

Index build time: 4836.259599 ms

Query execution time: 24798.109962 ms

Total elapsed time: 32332.717086 ms


========== EFFICIENCY METRICS ==========

Queries per second: 403.256539

Distance ops per second: 8809528.804202


========== END OF LOG ==========

Log saved to: Log/run_20251208_101904_570.log

