========== HNSW Search Test ==========

Timestamp: Thu Dec  4 19:10:07 2025

Command line arguments:
  argv[0]: ./hng1
  argv[1]: --m
  argv[2]: 30
  argv[3]: --max_layer
  argv[4]: 15
  argv[5]: --efc
  argv[6]: 675
  argv[7]: --efs
  argv[8]: 920

Configuration:
  Base file: data_o/glove/base.txt
  Query file: data_o/glove/query.txt
  Truth file: data_o/glove/truth.txt
  K: 10
  M: 30
  Max layer: 15
  EFC: 675
  EFS: 920
  Threads: -1
  Debug: -1

HNSW parameters set.

Ablation flags: csr=0, prefetch=0, simd=0, pruning=0, heap=0

Loading base vectors...
✓ Base loaded in 2240.089764 ms

Loading query vectors...
✓ Queries loaded in 72.329240 ms

Loading ground truth...
✓ Truth loaded in 70.751485 ms

Data Summary:
  Dimension d=100, Base vectors=1183514, Queries=10000


Building HNSW index...
✓ Index built.
  build_time(local)=3865.233684 ms
  build_time(internal)=3860.008873 ms


========== GRAPH QUALITY ==========

  num_nodes: 1183514

  max_level (entry point): 4

  actual_max_layer: 4

  avg_degree_l0: 47.477613

  avg_degree_upper: 0.184207


  Layer Distribution:

    L0: 1183514 nodes (100.00%)

    L1: 39454 nodes (3.33%)

    L2: 1287 nodes (0.11%)

    L3: 47 nodes (0.00%)

    L4: 3 nodes (0.00%)



Executing queries...

  Processed 1000 queries

  Processed 2000 queries

  Processed 3000 queries

  Processed 4000 queries

  Processed 5000 queries

  Processed 6000 queries

  Processed 7000 queries

  Processed 8000 queries

  Processed 9000 queries

  Processed 10000 queries


========== RESULTS ==========

Total queries: 10000

Average recall@10: 0.990240

Average query time: 2.508041 ms

Total query time: 25080.405894 ms


========== DISTANCE STATISTICS ==========

Total queries reported by index: 10000

Total distance computations: 304359779

Average distance ops per query: 30435.977900

Last query distance ops: 25212


========== PERFORMANCE SUMMARY ==========

Data loading time: 2383.170489 ms

Index build time: 3860.008873 ms

Query execution time: 25080.405894 ms

Total elapsed time: 31328.810067 ms


========== EFFICIENCY METRICS ==========

Queries per second: 398.717630

Distance ops per second: 12135360.978062


========== END OF LOG ==========

Log saved to: Log/run_20251204_191007_661.log

