========== HNSW Search Test ==========

Timestamp: Thu Nov 27 15:50:36 2025

Command line arguments:
  argv[0]: ./hng
  argv[1]: --m
  argv[2]: 51
  argv[3]: --max_layer
  argv[4]: 16
  argv[5]: --efc
  argv[6]: 869
  argv[7]: --efs
  argv[8]: 722

Configuration:
  Base file: data_o/glove/base.txt
  Query file: data_o/glove/query.txt
  Truth file: data_o/glove/truth.txt
  K: 10
  M: 51
  Max layer: 16
  EFC: 869
  EFS: 722
  Threads: -1
  Debug: -1

HNSW parameters set.

Loading base vectors...
✓ Base loaded in 2211.702463 ms

Loading query vectors...
✓ Queries loaded in 68.015543 ms

Loading ground truth...
✓ Truth loaded in 75.130239 ms

Data Summary:
  Dimension d=100, Base vectors=1183514, Queries=10000


Building HNSW index...
