========== HNSW Search Test ==========

Timestamp: Sat Nov 29 00:07:26 2025

Command line arguments:
  argv[0]: ./hng
  argv[1]: --m
  argv[2]: 40
  argv[3]: --max_layer
  argv[4]: 17
  argv[5]: --efc
  argv[6]: 959
  argv[7]: --efs
  argv[8]: 457

Configuration:
  Base file: data_o/glove/base.txt
  Query file: data_o/glove/query.txt
  Truth file: data_o/glove/truth.txt
  K: 10
  M: 40
  Max layer: 17
  EFC: 959
  EFS: 457
  Threads: -1
  Debug: -1

HNSW parameters set.

Loading base vectors...
✓ Base loaded in 4679.249446 ms

Loading query vectors...
✓ Queries loaded in 103.502388 ms

Loading ground truth...
✓ Truth loaded in 103.930290 ms

Data Summary:
  Dimension d=100, Base vectors=1183514, Queries=10000


Building HNSW index...
✓ Index built.
  build_time(local)=1295781.853876 ms
  build_time(internal)=1409369.973938 ms


========== GRAPH QUALITY ==========

  num_nodes: 1183514

  max_level (entry point): 3

  actual_max_layer: 3

  avg_degree_l0: 59.146981

  avg_degree_upper: 0.188862


  Layer Distribution:

    L0: 1183514 nodes (100.00%)

    L1: 29682 nodes (2.51%)

    L2: 730 nodes (0.06%)

    L3: 23 nodes (0.00%)



Executing queries...

  Processed 1000 queries

  Processed 2000 queries

  Processed 3000 queries

  Processed 4000 queries

  Processed 5000 queries

  Processed 6000 queries

  Processed 7000 queries

  Processed 8000 queries

  Processed 9000 queries

  Processed 10000 queries


========== RESULTS ==========

Total queries: 10000

Average recall@10: 0.982920

Average query time: 1.960167 ms

Total query time: 19601.668572 ms


========== DISTANCE STATISTICS ==========

Total queries reported by index: 10000

Total distance computations: 209291853

Average distance ops per query: 20929.185400

Last query distance ops: 18104


========== PERFORMANCE SUMMARY ==========

Data loading time: 4886.682124 ms

Index build time: 1409369.973938 ms

Query execution time: 19601.668572 ms

Total elapsed time: 1320270.204572 ms


========== EFFICIENCY METRICS ==========

Queries per second: 510.160651

Distance ops per second: 10677246.849228


========== END OF LOG ==========

Log saved to: Log/run_20251129_000726_713.log

