========== HNSW Search Test ==========

Timestamp: Mon Dec 15 14:48:23 2025

Command line arguments:
  argv[0]: ./hnga
  argv[1]: --base
  argv[2]: data_o/glove/base.txt
  argv[3]: --query
  argv[4]: data_o/glove/query.txt
  argv[5]: --truth
  argv[6]: data_o/glove/truth.txt
  argv[7]: --k
  argv[8]: 10
  argv[9]: --m
  argv[10]: 57
  argv[11]: --max_layer
  argv[12]: 7
  argv[13]: --efc
  argv[14]: 1301
  argv[15]: --efs
  argv[16]: 700
  argv[17]: --threads
  argv[18]: 32
  argv[19]: --ablate_csr
  argv[20]: 0
  argv[21]: --ablate_prefetch
  argv[22]: 0
  argv[23]: --ablate_simd
  argv[24]: 0
  argv[25]: --ablate_pruning
  argv[26]: 0
  argv[27]: --ablate_heap
  argv[28]: 0
  argv[29]: --ablate_flat_index
  argv[30]: 0
  argv[31]: --ablate_reorder
  argv[32]: 0
  argv[33]: --ablate_adaptive_ep
  argv[34]: 1
  argv[35]: --adaptive_ep_k
  argv[36]: 64

Configuration:
  Base file: data_o/glove/base.txt
  Query file: data_o/glove/query.txt
  Truth file: data_o/glove/truth.txt
  K: 10
  M: 57
  Max layer: 7
  EFC: 1301
  EFS: 700
  Threads: 32
  Debug: -1
  Adaptive EP K: 64

HNSW parameters set.

Ablation flags: prefetch=0, simd=0, pruning=0, heap=0, reorder=0, adaptive_ep=1

Loading base vectors...
✓ Base loaded in 2126.528612 ms

Loading query vectors...
✓ Queries loaded in 68.122106 ms

Loading ground truth...
✓ Truth loaded in 68.850000 ms

Data Summary:
  Dimension d=100, Base vectors=1183514, Queries=10000


Building HNSW index...
✓ Index built.
  build_time(local)=4525.796840 ms
  build_time(internal)=4520.571527 ms


========== GRAPH QUALITY ==========

  num_nodes: 1183514

  max_level (entry point): 3

  actual_max_layer: 3

  avg_degree_l0: 87.309067

  avg_degree_upper: 0.203218


  Layer Distribution:

    L0: 1183514 nodes (100.00%)

    L1: 20998 nodes (1.77%)

    L2: 378 nodes (0.03%)

    L3: 5 nodes (0.00%)



Executing queries...

  Processed 1000 queries

  Processed 2000 queries

  Processed 3000 queries

  Processed 4000 queries

  Processed 5000 queries

  Processed 6000 queries

  Processed 7000 queries

  Processed 8000 queries

  Processed 9000 queries

  Processed 10000 queries


========== RESULTS ==========

Total queries: 10000

Average recall@10: 0.996900

Average query time: 3.208424 ms

Total query time: 32084.244938 ms


========== DISTANCE STATISTICS ==========

Total queries reported by index: 10000

Total distance computations: 453301487

Average distance ops per query: 45330.148700

Last query distance ops: 40846


========== PERFORMANCE SUMMARY ==========

Data loading time: 2263.500718 ms

Index build time: 4520.571527 ms

Query execution time: 32084.244938 ms

Total elapsed time: 38873.542496 ms


========== EFFICIENCY METRICS ==========

Queries per second: 311.679456

Distance ops per second: 14128476.075281


========== END OF LOG ==========

Log saved to: Log/run_20251215_144823_048.log

