========== HNSW Search Test ==========

Timestamp: Fri Nov 28 19:27:04 2025

Command line arguments:
  argv[0]: ./hng
  argv[1]: --m
  argv[2]: 36
  argv[3]: --max_layer
  argv[4]: 12
  argv[5]: --efc
  argv[6]: 290
  argv[7]: --efs
  argv[8]: 665

Configuration:
  Base file: data_o/glove/base.txt
  Query file: data_o/glove/query.txt
  Truth file: data_o/glove/truth.txt
  K: 10
  M: 36
  Max layer: 12
  EFC: 290
  EFS: 665
  Threads: -1
  Debug: -1

HNSW parameters set.

Loading base vectors...
