========== HNSW Search Test ==========

Timestamp: Tue Dec  9 08:30:48 2025

Command line arguments:
  argv[0]: ./hng3
  argv[1]: --m
  argv[2]: 64
  argv[3]: --max_layer
  argv[4]: 7
  argv[5]: --efc
  argv[6]: 2000
  argv[7]: --efs
  argv[8]: 624
  argv[9]: --hamming_threshold
  argv[10]: 41

Configuration:
  Base file: data_o/glove/base.txt
  Query file: data_o/glove/query.txt
  Truth file: data_o/glove/truth.txt
  K: 10
  M: 64
  Max layer: 7
  EFC: 2000
  EFS: 624
  Threads: -1
  Debug: -1

HNSW parameters set.

Ablation flags: csr=0, prefetch=0, simd=0, pruning=0, heap=0

  Hamming threshold: 41
Loading base vectors...
✓ Base loaded in 2209.060303 ms

Loading query vectors...
✓ Queries loaded in 68.362929 ms

Loading ground truth...
✓ Truth loaded in 64.944577 ms

Data Summary:
  Dimension d=100, Base vectors=1183514, Queries=10000


Building HNSW index...
✓ Index built.
  build_time(local)=5824.718789 ms
  build_time(internal)=4912.369382 ms


========== GRAPH QUALITY ==========

  num_nodes: 1183514

  max_level (entry point): 3

  actual_max_layer: 3

  avg_degree_l0: 97.280339

  avg_degree_upper: 41.717826


  Layer Distribution:

    L0: 1183514 nodes (100.00%)

    L1: 18543 nodes (1.57%)

    L2: 294 nodes (0.02%)

    L3: 6 nodes (0.00%)



Executing queries...

  Processed 1000 queries

  Processed 2000 queries

  Processed 3000 queries

  Processed 4000 queries

  Processed 5000 queries

  Processed 6000 queries

  Processed 7000 queries

  Processed 8000 queries

  Processed 9000 queries

  Processed 10000 queries


========== RESULTS ==========

Total queries: 10000

Average recall@10: 0.991530

Average query time: 3.623939 ms

Total query time: 36239.393167 ms


========== DISTANCE STATISTICS ==========

Total queries reported by index: 10000

Total distance computations: 237232412

Average distance ops per query: 23723.241200

Last query distance ops: 26978


========== PERFORMANCE SUMMARY ==========

Data loading time: 2342.367809 ms

Index build time: 4912.369382 ms

Query execution time: 36239.393167 ms

Total elapsed time: 44406.479765 ms


========== EFFICIENCY METRICS ==========

Queries per second: 275.942810

Distance ops per second: 6546257.850036


========== END OF LOG ==========

Log saved to: Log/run_20251209_083048_589.log

