========== HNSW Search Test ==========

Timestamp: Thu Dec  4 03:27:07 2025

Command line arguments:
  argv[0]: ./hng1
  argv[1]: --m
  argv[2]: 45
  argv[3]: --max_layer
  argv[4]: 6
  argv[5]: --efc
  argv[6]: 435
  argv[7]: --efs
  argv[8]: 815

Configuration:
  Base file: data_o/glove/base.txt
  Query file: data_o/glove/query.txt
  Truth file: data_o/glove/truth.txt
  K: 10
  M: 45
  Max layer: 6
  EFC: 435
  EFS: 815
  Threads: -1
  Debug: -1

HNSW parameters set.

Ablation flags: csr=0, prefetch=0, simd=0, pruning=0, heap=0

Loading base vectors...
✓ Base loaded in 2129.333713 ms

Loading query vectors...
✓ Queries loaded in 71.174512 ms

Loading ground truth...
✓ Truth loaded in 65.873046 ms

Data Summary:
  Dimension d=100, Base vectors=1183514, Queries=10000


Building HNSW index...
✓ Index built.
  build_time(local)=3558.566029 ms
  build_time(internal)=3554.020191 ms


========== GRAPH QUALITY ==========

  num_nodes: 1183514

  max_level (entry point): 3

  actual_max_layer: 3

  avg_degree_l0: 47.313313

  avg_degree_upper: 0.187777


  Layer Distribution:

    L0: 1183514 nodes (100.00%)

    L1: 26445 nodes (2.23%)

    L2: 574 nodes (0.05%)

    L3: 13 nodes (0.00%)



Executing queries...

  Processed 1000 queries

  Processed 2000 queries

  Processed 3000 queries

  Processed 4000 queries

  Processed 5000 queries

  Processed 6000 queries

  Processed 7000 queries

  Processed 8000 queries

  Processed 9000 queries

  Processed 10000 queries


========== RESULTS ==========

Total queries: 10000

Average recall@10: 0.990130

Average query time: 2.204262 ms

Total query time: 22042.622649 ms


========== DISTANCE STATISTICS ==========

Total queries reported by index: 10000

Total distance computations: 295891331

Average distance ops per query: 29589.133100

Last query distance ops: 22586


========== PERFORMANCE SUMMARY ==========

Data loading time: 2266.381271 ms

Index build time: 3554.020191 ms

Query execution time: 22042.622649 ms

Total elapsed time: 27867.569949 ms


========== EFFICIENCY METRICS ==========

Queries per second: 453.666524

Distance ops per second: 13423599.165657


========== END OF LOG ==========

Log saved to: Log/run_20251204_032707_213.log

