========== HNSW Search Test ==========

Timestamp: Thu Dec  4 08:58:26 2025

Command line arguments:
  argv[0]: ./hng1
  argv[1]: --m
  argv[2]: 55
  argv[3]: --max_layer
  argv[4]: 1
  argv[5]: --efc
  argv[6]: 683
  argv[7]: --efs
  argv[8]: 620

Configuration:
  Base file: data_o/glove/base.txt
  Query file: data_o/glove/query.txt
  Truth file: data_o/glove/truth.txt
  K: 10
  M: 55
  Max layer: 1
  EFC: 683
  EFS: 620
  Threads: -1
  Debug: -1

HNSW parameters set.

Ablation flags: csr=0, prefetch=0, simd=0, pruning=0, heap=0

Loading base vectors...
✓ Base loaded in 2122.595555 ms

Loading query vectors...
✓ Queries loaded in 64.721744 ms

Loading ground truth...
✓ Truth loaded in 68.327791 ms

Data Summary:
  Dimension d=100, Base vectors=1183514, Queries=10000


Building HNSW index...
✓ Index built.
  build_time(local)=3771.656564 ms
  build_time(internal)=3767.017652 ms


========== GRAPH QUALITY ==========

  num_nodes: 1183514

  max_level (entry point): 1

  actual_max_layer: 1

  avg_degree_l0: 57.773690

  avg_degree_upper: 0.305242


  Layer Distribution:

    L0: 1183514 nodes (100.00%)

    L1: 21596 nodes (1.82%)



Executing queries...

  Processed 1000 queries

  Processed 2000 queries

  Processed 3000 queries

  Processed 4000 queries

  Processed 5000 queries

  Processed 6000 queries

  Processed 7000 queries

  Processed 8000 queries

  Processed 9000 queries

  Processed 10000 queries


========== RESULTS ==========

Total queries: 10000

Average recall@10: 0.990190

Average query time: 2.016517 ms

Total query time: 20165.165635 ms


========== DISTANCE STATISTICS ==========

Total queries reported by index: 10000

Total distance computations: 281370507

Average distance ops per query: 28137.050700

Last query distance ops: 21486


========== PERFORMANCE SUMMARY ==========

Data loading time: 2255.645090 ms

Index build time: 3767.017652 ms

Query execution time: 20165.165635 ms

Total elapsed time: 26192.467289 ms


========== EFFICIENCY METRICS ==========

Queries per second: 495.904679

Distance ops per second: 13953295.107660


========== END OF LOG ==========

Log saved to: Log/run_20251204_085826_122.log

