========== HNSW Search Test ==========

Timestamp: Wed Nov 26 16:18:39 2025

Command line arguments:
  argv[0]: ./hng
  argv[1]: --m
  argv[2]: 33
  argv[3]: --efc
  argv[4]: 537
  argv[5]: --efs
  argv[6]: 1460

Configuration:
  Base file: data_o/glove/base.txt
  Query file: data_o/glove/query.txt
  Truth file: data_o/glove/truth.txt
  K: 10
  M: 33
  Max layer: -1
  EFC: 537
  EFS: 1460
  Threads: -1
  Debug: -1

HNSW parameters set.

Loading base vectors...
✓ Base loaded in 2144.803197 ms

Loading query vectors...
✓ Queries loaded in 67.090790 ms

Loading ground truth...
✓ Truth loaded in 66.784738 ms

Data Summary:
  Dimension d=100, Base vectors=1183514, Queries=10000


Building HNSW index...
✓ Index built.
  build_time(local)=693176.609452 ms
  build_time(internal)=676007.038387 ms


Executing queries...

  Processed 1000 queries

  Processed 2000 queries

  Processed 3000 queries

  Processed 4000 queries

  Processed 5000 queries

  Processed 6000 queries

  Processed 7000 queries

  Processed 8000 queries

  Processed 9000 queries

  Processed 10000 queries


========== RESULTS ==========

Total queries: 10000

Average recall@10: 0.995760

Average query time: 5.509834 ms

Total query time: 55098.337546 ms


========== DISTANCE STATISTICS ==========

Total queries reported by index: 10000

Total distance computations: 463246550

Average distance ops per query: 46324.655000

Last query distance ops: 36018


========== PERFORMANCE SUMMARY ==========

Data loading time: 2278.678725 ms

Index build time: 676007.038387 ms

Query execution time: 55098.337546 ms

Total elapsed time: 750553.625723 ms


========== EFFICIENCY METRICS ==========

Queries per second: 181.493679

Distance ops per second: 8407632.074439


========== END OF LOG ==========

Log saved to: Log/run_20251126_161839_295.log

