========== HNSW Search Test ==========

Timestamp: Thu Dec  4 20:41:29 2025

Command line arguments:
  argv[0]: ./hng1
  argv[1]: --base
  argv[2]: data_o/glove/base.txt
  argv[3]: --query
  argv[4]: data_o/glove/query.txt
  argv[5]: --truth
  argv[6]: data_o/glove/truth.txt
  argv[7]: --k
  argv[8]: 10
  argv[9]: --m
  argv[10]: 59
  argv[11]: --max_layer
========== HNSW Search Test ==========

========== HNSW Search Test ==========

  argv[12]: 5
  argv[13]: --efc
Timestamp: Thu Dec  4 20:41:29 2025

Timestamp: Thu Dec  4 20:41:29 2025

  argv[14]: 763
Command line arguments:
Command line arguments:
  argv[15]: --efs
  argv[0]: ./hng1
  argv[0]: ./hng1
  argv[16]: 425
  argv[1]: --base
  argv[1]: --base
  argv[17]: --threads
  argv[2]: data_o/glove/base.txt
  argv[2]: data_o/glove/base.txt
  argv[18]: 32
  argv[3]: --query
  argv[3]: --query
  argv[19]: --ablate_csr
  argv[4]: data_o/glove/query.txt
  argv[4]: data_o/glove/query.txt
  argv[20]: 0
  argv[5]: --truth
  argv[5]: --truth
  argv[21]: --ablate_prefetch
  argv[6]: data_o/glove/truth.txt
  argv[6]: data_o/glove/truth.txt
  argv[22]: 0
  argv[7]: --k
  argv[7]: --k
  argv[23]: --ablate_simd
  argv[8]: 10
  argv[8]: 10
  argv[24]: 0
  argv[9]: --m
  argv[9]: --m
  argv[25]: --ablate_pruning
  argv[10]: 59
  argv[10]: 59
  argv[26]: 0
  argv[11]: --max_layer
  argv[11]: --max_layer
  argv[27]: --ablate_heap
  argv[12]: 5
  argv[12]: 5
  argv[28]: 1
  argv[13]: --efc
  argv[13]: --efc
  argv[29]: --ablate_flat_index
  argv[14]: 763
  argv[14]: 763
  argv[30]: 0
  argv[15]: --efs
  argv[15]: --efs
  argv[31]: --ablate_reorder
  argv[16]: 425
  argv[16]: 425
  argv[32]: 0
  argv[17]: --threads
  argv[17]: --threads

Configuration:
  argv[18]: 32
  argv[18]: 32
  Base file: data_o/glove/base.txt
  argv[19]: --ablate_csr
  argv[19]: --ablate_csr
  Query file: data_o/glove/query.txt
  argv[20]: 0
  argv[20]: 0
  Truth file: data_o/glove/truth.txt
  argv[21]: --ablate_prefetch
  argv[21]: --ablate_prefetch
  K: 10
  argv[22]: 0
  argv[22]: 0
  M: 59
  argv[23]: --ablate_simd
  argv[23]: --ablate_simd
  Max layer: 5
  argv[24]: 0
  argv[24]: 0
  EFC: 763
  argv[25]: --ablate_pruning
  argv[25]: --ablate_pruning
  EFS: 425
  argv[26]: 0
  argv[26]: 0
  Threads: 32
  argv[27]: --ablate_heap
  argv[27]: --ablate_heap
  Debug: -1
  argv[28]: 0
  argv[28]: 0

  argv[29]: --ablate_flat_index
  argv[29]: --ablate_flat_index
HNSW parameters set.

  argv[30]: 1
  argv[30]: 0
Ablation flags: csr=0, prefetch=0, simd=0, pruning=0, heap=1

  argv[31]: --ablate_reorder
  argv[31]: --ablate_reorder
Loading base vectors...
  argv[32]: 0
  argv[32]: 1

Configuration:

Configuration:
  Base file: data_o/glove/base.txt
  Base file: data_o/glove/base.txt
  Query file: data_o/glove/query.txt
  Query file: data_o/glove/query.txt
  Truth file: data_o/glove/truth.txt
  Truth file: data_o/glove/truth.txt
  K: 10
  K: 10
  M: 59
  M: 59
  Max layer: 5
  Max layer: 5
  EFC: 763
  EFC: 763
  EFS: 425
  EFS: 425
  Threads: 32
  Threads: 32
  Debug: -1
  Debug: -1


HNSW parameters set.

HNSW parameters set.

Ablation flags: csr=0, prefetch=0, simd=0, pruning=0, heap=0

Ablation flags: csr=0, prefetch=0, simd=0, pruning=0, heap=0

Loading base vectors...
Loading base vectors...
✓ Base loaded in 12060.915541 ms

Loading query vectors...
✓ Base loaded in 12067.626220 ms

Loading query vectors...
✓ Base loaded in 12065.452249 ms

Loading query vectors...
✓ Queries loaded in 174.830252 ms

Loading ground truth...
✓ Queries loaded in 176.977136 ms

Loading ground truth...
✓ Queries loaded in 175.750998 ms

Loading ground truth...
✓ Truth loaded in 173.306779 ms

✓ Truth loaded in 177.030642 ms

Data Summary:
  Dimension d=100, Base vectors=1183514, Queries=10000


Data Summary:
  Dimension d=100, Base vectors=1183514, Queries=10000


Building HNSW index...
Building HNSW index...
✓ Truth loaded in 172.283073 ms

Data Summary:
  Dimension d=100, Base vectors=1183514, Queries=10000


Building HNSW index...
✓ Index built.
  build_time(local)=17973.307009 ms
  build_time(internal)=17965.706696 ms


========== GRAPH QUALITY ==========

✓ Index built.
  build_time(local)=17974.263208 ms
  build_time(internal)=17966.599153 ms


========== GRAPH QUALITY ==========

✓ Index built.
  build_time(local)=17975.382736 ms
  build_time(internal)=17967.244052 ms


========== GRAPH QUALITY ==========

  num_nodes: 1183514

  max_level (entry point): 3

  actual_max_layer: 3

  avg_degree_l0: 60.350342

  avg_degree_upper: 0.146105


  Layer Distribution:

    L0: 1183514 nodes (100.00%)

    L1: 20263 nodes (1.71%)

    L2: 320 nodes (0.03%)

    L3: 5 nodes (0.00%)



Executing queries...

  num_nodes: 1183514

  max_level (entry point): 3

  actual_max_layer: 3

  avg_degree_l0: 60.350342

  avg_degree_upper: 0.146105

  num_nodes: 1183514


  Layer Distribution:

  max_level (entry point): 3

  actual_max_layer: 3

    L0: 1183514 nodes (100.00%)

  avg_degree_l0: 60.350342

  avg_degree_upper: 0.146105


  Layer Distribution:

    L1: 20263 nodes (1.71%)

    L0: 1183514 nodes (100.00%)

    L2: 320 nodes (0.03%)

    L3: 5 nodes (0.00%)

    L1: 20263 nodes (1.71%)



    L2: 320 nodes (0.03%)

Executing queries...

    L3: 5 nodes (0.00%)



Executing queries...

  Processed 1000 queries

  Processed 1000 queries

  Processed 1000 queries

  Processed 2000 queries

  Processed 2000 queries

  Processed 2000 queries

  Processed 3000 queries

  Processed 3000 queries

  Processed 3000 queries

  Processed 4000 queries

  Processed 4000 queries

  Processed 4000 queries

  Processed 5000 queries

  Processed 5000 queries

  Processed 5000 queries

  Processed 6000 queries

  Processed 6000 queries

  Processed 6000 queries

  Processed 7000 queries

  Processed 7000 queries

  Processed 7000 queries

  Processed 8000 queries

  Processed 8000 queries

  Processed 8000 queries

  Processed 9000 queries

  Processed 9000 queries

  Processed 9000 queries

  Processed 10000 queries


========== RESULTS ==========

Total queries: 10000

Average recall@10: 0.982750

Average query time: 5.686009 ms

Total query time: 56860.088575 ms


========== DISTANCE STATISTICS ==========

Total queries reported by index: 10000

Total distance computations: 210934299

Average distance ops per query: 21093.429900

Last query distance ops: 16854


========== PERFORMANCE SUMMARY ==========

Data loading time: 12413.486320 ms

Index build time: 17966.599153 ms

Query execution time: 56860.088575 ms

Total elapsed time: 87247.838103 ms


========== EFFICIENCY METRICS ==========

Queries per second: 175.870285

Distance ops per second: 3709707.534517


========== END OF LOG ==========

Log saved to: Log/run_20251204_204129_210.log

  Processed 10000 queries


========== RESULTS ==========

Total queries: 10000

Average recall@10: 0.982750

Average query time: 5.850494 ms

Total query time: 58504.944442 ms


========== DISTANCE STATISTICS ==========

Total queries reported by index: 10000

Total distance computations: 210934299

Average distance ops per query: 21093.429900

Last query distance ops: 16854


========== PERFORMANCE SUMMARY ==========

Data loading time: 12412.776435 ms

Index build time: 17965.706696 ms

Query execution time: 58504.944442 ms

Total elapsed time: 88891.027886 ms


========== EFFICIENCY METRICS ==========

Queries per second: 170.925724

Distance ops per second: 3605409.782230


========== END OF LOG ==========

Log saved to: Log/run_20251204_204129_210.log

  Processed 10000 queries


========== RESULTS ==========

Total queries: 10000

Average recall@10: 0.982750

Average query time: 5.867895 ms

Total query time: 58678.949829 ms


========== DISTANCE STATISTICS ==========

Total queries reported by index: 10000

Total distance computations: 210934299

Average distance ops per query: 21093.429900

Last query distance ops: 16854


========== PERFORMANCE SUMMARY ==========

Data loading time: 12417.910135 ms

Index build time: 17967.244052 ms

Query execution time: 58678.949829 ms

Total elapsed time: 89072.242700 ms


========== EFFICIENCY METRICS ==========

Queries per second: 170.418865

Distance ops per second: 3594718.372000


========== END OF LOG ==========

Log saved to: Log/run_20251204_204129_210.log

