========== HNSW Search Test ==========

Timestamp: Wed Nov 26 05:13:02 2025

Command line arguments:
  argv[0]: ./hng
  argv[1]: --m
  argv[2]: 35
  argv[3]: --efc
  argv[4]: 717
  argv[5]: --efs
  argv[6]: 754

Configuration:
  Base file: data_o/glove/base.txt
  Query file: data_o/glove/query.txt
  Truth file: data_o/glove/truth.txt
  K: 10
  M: 35
  Max layer: -1
  EFC: 717
  EFS: 754
  Threads: -1
  Debug: -1

HNSW parameters set.

Loading base vectors...
✓ Base loaded in 4026.049352 ms

Loading query vectors...
✓ Queries loaded in 79.667835 ms

Loading ground truth...
✓ Truth loaded in 74.631676 ms

Data Summary:
  Dimension d=100, Base vectors=1183514, Queries=10000


Building HNSW index...
✓ Index built.
  build_time(local)=733782.774043 ms
  build_time(internal)=732529.309187 ms


Executing queries...

  Processed 1000 queries

  Processed 2000 queries

  Processed 3000 queries

  Processed 4000 queries

  Processed 5000 queries

  Processed 6000 queries

  Processed 7000 queries

  Processed 8000 queries

  Processed 9000 queries

  Processed 10000 queries


========== RESULTS ==========

Total queries: 10000

Average recall@10: 0.989880

Average query time: 3.593733 ms

Total query time: 35937.330142 ms


========== DISTANCE STATISTICS ==========

Total queries reported by index: 10000

Total distance computations: 285703347

Average distance ops per query: 28570.334700

Last query distance ops: 23569


========== PERFORMANCE SUMMARY ==========

Data loading time: 4180.348863 ms

Index build time: 732529.309187 ms

Query execution time: 35937.330142 ms

Total elapsed time: 773900.453048 ms


========== EFFICIENCY METRICS ==========

Queries per second: 278.262185

Distance ops per second: 7950043.753142


========== END OF LOG ==========

Log saved to: Log/run_20251126_051302_668.log

