========== HNSW Search Test ==========

Timestamp: Fri Nov 28 18:09:41 2025

Command line arguments:
  argv[0]: ./hng

Configuration:
  Base file: data_o/glove/base.txt
  Query file: data_o/glove/query.txt
  Truth file: data_o/glove/truth.txt
  K: 10
  M: -1
  Max layer: -1
  EFC: -1
  EFS: -1
  Threads: -1
  Debug: -1

Loading base vectors...
✓ Base loaded in 2765.366677 ms

Loading query vectors...
✓ Queries loaded in 91.743454 ms

Loading ground truth...
✓ Truth loaded in 95.549180 ms

Data Summary:
  Dimension d=100, Base vectors=1183514, Queries=10000


Building HNSW index...
✓ Index built.
  build_time(local)=1752405.417207 ms
  build_time(internal)=1616565.795083 ms


========== GRAPH QUALITY ==========

  num_nodes: 1183514

  max_level (entry point): 3

  actual_max_layer: 3

  avg_degree_l0: 59.879439

  avg_degree_upper: 0.176057


  Layer Distribution:

    L0: 1183514 nodes (100.00%)

    L1: 28904 nodes (2.44%)

    L2: 649 nodes (0.05%)

    L3: 17 nodes (0.00%)



Executing queries...

  Processed 1000 queries

  Processed 2000 queries

  Processed 3000 queries

  Processed 4000 queries

  Processed 5000 queries

  Processed 6000 queries

  Processed 7000 queries

  Processed 8000 queries

  Processed 9000 queries

  Processed 10000 queries


========== RESULTS ==========

Total queries: 10000

Average recall@10: 0.981820

Average query time: 2.229742 ms

Total query time: 22297.421775 ms


========== DISTANCE STATISTICS ==========

Total queries reported by index: 10000

Total distance computations: 202594480

Average distance ops per query: 20259.448000

Last query distance ops: 17647


========== PERFORMANCE SUMMARY ==========

Data loading time: 2952.659311 ms

Index build time: 1616565.795083 ms

Query execution time: 22297.421775 ms

Total elapsed time: 1777655.498293 ms


========== EFFICIENCY METRICS ==========

Queries per second: 448.482345

Distance ops per second: 9086004.742806


========== END OF LOG ==========

Log saved to: Log/run_20251128_180941_134.log

