========== HNSW Search Test ==========

Timestamp: Wed Nov 26 13:11:04 2025

Command line arguments:
  argv[0]: ./hng
  argv[1]: --m
  argv[2]: 42
  argv[3]: --efc
  argv[4]: 537
  argv[5]: --efs
  argv[6]: 541

Configuration:
  Base file: data_o/glove/base.txt
  Query file: data_o/glove/query.txt
  Truth file: data_o/glove/truth.txt
  K: 10
  M: 42
  Max layer: -1
  EFC: 537
  EFS: 541
  Threads: -1
  Debug: -1

HNSW parameters set.

Loading base vectors...
✓ Base loaded in 1983.954926 ms

Loading query vectors...
✓ Queries loaded in 64.487325 ms

Loading ground truth...
✓ Truth loaded in 64.032463 ms

Data Summary:
  Dimension d=100, Base vectors=1183514, Queries=10000


Building HNSW index...
✓ Index built.
  build_time(local)=533799.755821 ms
  build_time(internal)=527677.945827 ms


Executing queries...

  Processed 1000 queries

  Processed 2000 queries

  Processed 3000 queries

  Processed 4000 queries

  Processed 5000 queries

  Processed 6000 queries

  Processed 7000 queries

  Processed 8000 queries

  Processed 9000 queries

  Processed 10000 queries


========== RESULTS ==========

Total queries: 10000

Average recall@10: 0.983070

Average query time: 2.489080 ms

Total query time: 24890.797252 ms


========== DISTANCE STATISTICS ==========

Total queries reported by index: 10000

Total distance computations: 216979038

Average distance ops per query: 21697.903800

Last query distance ops: 17743


========== PERFORMANCE SUMMARY ==========

Data loading time: 2112.474714 ms

Index build time: 527677.945827 ms

Query execution time: 24890.797252 ms

Total elapsed time: 560803.027787 ms


========== EFFICIENCY METRICS ==========

Queries per second: 401.754910

Distance ops per second: 8717239.379810


========== END OF LOG ==========

Log saved to: Log/run_20251126_131104_523.log

