========== HNSW Search Test ==========

Timestamp: Thu Dec  4 10:01:34 2025

Command line arguments:
  argv[0]: ./hng1
  argv[1]: --m
  argv[2]: 55
  argv[3]: --max_layer
  argv[4]: 6
  argv[5]: --efc
  argv[6]: 692
  argv[7]: --efs
  argv[8]: 2000

Configuration:
  Base file: data_o/glove/base.txt
  Query file: data_o/glove/query.txt
  Truth file: data_o/glove/truth.txt
  K: 10
  M: 55
  Max layer: 6
  EFC: 692
  EFS: 2000
  Threads: -1
  Debug: -1

HNSW parameters set.

Ablation flags: csr=0, prefetch=0, simd=0, pruning=0, heap=0

Loading base vectors...
✓ Base loaded in 2084.818839 ms

Loading query vectors...
✓ Queries loaded in 67.854654 ms

Loading ground truth...
✓ Truth loaded in 64.689848 ms

Data Summary:
  Dimension d=100, Base vectors=1183514, Queries=10000


Building HNSW index...
✓ Index built.
  build_time(local)=879313.501051 ms
  build_time(internal)=863670.542158 ms


========== GRAPH QUALITY ==========

  num_nodes: 1183514

  max_level (entry point): 3

  actual_max_layer: 3

  avg_degree_l0: 58.045576

  avg_degree_upper: 0.154970


  Layer Distribution:

    L0: 1183514 nodes (100.00%)

    L1: 21646 nodes (1.83%)

    L2: 388 nodes (0.03%)

    L3: 9 nodes (0.00%)



Executing queries...

  Processed 1000 queries

  Processed 2000 queries

  Processed 3000 queries

  Processed 4000 queries

  Processed 5000 queries

  Processed 6000 queries

  Processed 7000 queries

  Processed 8000 queries

  Processed 9000 queries

  Processed 10000 queries


========== RESULTS ==========

Total queries: 10000

Average recall@10: 0.999010

Average query time: 7.283478 ms

Total query time: 72834.776785 ms


========== DISTANCE STATISTICS ==========

Total queries reported by index: 10000

Total distance computations: 774119627

Average distance ops per query: 77411.962700

Last query distance ops: 52626


========== PERFORMANCE SUMMARY ==========

Data loading time: 2217.363341 ms

Index build time: 863670.542158 ms

Query execution time: 72834.776785 ms

Total elapsed time: 954365.641177 ms


========== EFFICIENCY METRICS ==========

Queries per second: 137.297050

Distance ops per second: 10628434.124060


========== END OF LOG ==========

Log saved to: Log/run_20251204_100134_104.log

