========== HNSW Search Test ==========

Timestamp: Wed Nov 26 08:54:35 2025

Command line arguments:
  argv[0]: ./hng
  argv[1]: --m
  argv[2]: 42
  argv[3]: --efc
  argv[4]: 687
  argv[5]: --efs
  argv[6]: 646

Configuration:
  Base file: data_o/glove/base.txt
  Query file: data_o/glove/query.txt
  Truth file: data_o/glove/truth.txt
  K: 10
  M: 42
  Max layer: -1
  EFC: 687
  EFS: 646
  Threads: -1
  Debug: -1

HNSW parameters set.

Loading base vectors...
✓ Base loaded in 2615.801594 ms

Loading query vectors...
✓ Queries loaded in 77.990379 ms

Loading ground truth...
✓ Truth loaded in 78.042744 ms

Data Summary:
  Dimension d=100, Base vectors=1183514, Queries=10000


Building HNSW index...
✓ Index built.
  build_time(local)=725683.129131 ms
  build_time(internal)=724986.588893 ms


Executing queries...

  Processed 1000 queries

  Processed 2000 queries

  Processed 3000 queries

  Processed 4000 queries

  Processed 5000 queries

  Processed 6000 queries

  Processed 7000 queries

  Processed 8000 queries

  Processed 9000 queries

  Processed 10000 queries


========== RESULTS ==========

Total queries: 10000

Average recall@10: 0.989450

Average query time: 3.216929 ms

Total query time: 32169.289459 ms


========== DISTANCE STATISTICS ==========

Total queries reported by index: 10000

Total distance computations: 271130203

Average distance ops per query: 27113.020300

Last query distance ops: 21696


========== PERFORMANCE SUMMARY ==========

Data loading time: 2771.834717 ms

Index build time: 724986.588893 ms

Query execution time: 32169.289459 ms

Total elapsed time: 760624.253307 ms


========== EFFICIENCY METRICS ==========

Queries per second: 310.855483

Distance ops per second: 8428231.010373


========== END OF LOG ==========

Log saved to: Log/run_20251126_085435_158.log

