========== HNSW Search Test ==========

Timestamp: Sun Dec  7 23:16:31 2025

Command line arguments:
  argv[0]: ./hng3
  argv[1]: --m
  argv[2]: 43
  argv[3]: --max_layer
  argv[4]: 12
  argv[5]: --efc
  argv[6]: 1386
  argv[7]: --efs
  argv[8]: 320

Configuration:
  Base file: data_o/glove/base.txt
  Query file: data_o/glove/query.txt
  Truth file: data_o/glove/truth.txt
  K: 10
  M: 43
  Max layer: 12
  EFC: 1386
  EFS: 320
  Threads: -1
  Debug: -1

HNSW parameters set.

Ablation flags: csr=0, prefetch=0, simd=0, pruning=0, heap=0

Loading base vectors...
✓ Base loaded in 4041.666277 ms

Loading query vectors...
✓ Queries loaded in 82.903589 ms

Loading ground truth...
✓ Truth loaded in 83.349291 ms

Data Summary:
  Dimension d=100, Base vectors=1183514, Queries=10000


Building HNSW index...
✓ Index built.
  build_time(local)=4626.965710 ms
  build_time(internal)=4621.676651 ms

Executing queries...

  Processed 1000 queries

  Processed 2000 queries

  Processed 3000 queries

  Processed 4000 queries

  Processed 5000 queries

  Processed 6000 queries

  Processed 7000 queries

  Processed 8000 queries

  Processed 9000 queries

  Processed 10000 queries


========== RESULTS ==========

Total queries: 10000

Average recall@10: 0.979410

Average query time: 1.265385 ms

Total query time: 12653.854356 ms


========== DISTANCE STATISTICS ==========

Total queries reported by index: 10000

Total distance computations: 187574631

Average distance ops per query: 18757.463100

Last query distance ops: 17523


========== PERFORMANCE SUMMARY ==========

Data loading time: 4207.919157 ms

Index build time: 4621.676651 ms

Query execution time: 12653.854356 ms

Total elapsed time: 21488.739223 ms


========== EFFICIENCY METRICS ==========

Queries per second: 790.273044

Distance ops per second: 14823517.461386


========== END OF LOG ==========

Log saved to: Log/run_20251207_231631_211.log

