========== HNSW Search Test ==========

Timestamp: Fri Dec  5 15:19:20 2025

Command line arguments:
  argv[0]: ./hng

Configuration:
  Base file: data_o/glove/base.txt
  Query file: data_o/glove/query.txt
  Truth file: data_o/glove/truth.txt
  K: 10
  M: -1
  Max layer: -1
  EFC: -1
  EFS: -1
  Threads: -1
  Debug: -1

Ablation flags: csr=0, prefetch=0, simd=0, pruning=0, heap=0

Loading base vectors...
✓ Base loaded in 2275.732959 ms

Loading query vectors...
✓ Queries loaded in 70.154823 ms

Loading ground truth...
✓ Truth loaded in 68.322953 ms

Data Summary:
  Dimension d=100, Base vectors=1183514, Queries=10000


Building HNSW index...
✓ Index built.
  build_time(local)=20843.198637 ms
  build_time(internal)=20838.465671 ms


========== GRAPH QUALITY ==========

  num_nodes: 1183514

  max_level (entry point): 4

  actual_max_layer: 4

  avg_degree_l0: 15.976740

  avg_degree_upper: 0.210311


  Layer Distribution:

    L0: 1183514 nodes (100.00%)

    L1: 49434 nodes (4.18%)

    L2: 2096 nodes (0.18%)

    L3: 79 nodes (0.01%)

    L4: 5 nodes (0.00%)



Executing queries...

  Processed 1000 queries

  Processed 2000 queries

  Processed 3000 queries

  Processed 4000 queries

  Processed 5000 queries

  Processed 6000 queries

  Processed 7000 queries

  Processed 8000 queries

  Processed 9000 queries

  Processed 10000 queries


========== RESULTS ==========

Total queries: 10000

Average recall@10: 0.924220

Average query time: 1.504842 ms

Total query time: 15048.417870 ms


========== DISTANCE STATISTICS ==========

Total queries reported by index: 10000

Total distance computations: 118550064

Average distance ops per query: 11855.006400

Last query distance ops: 10417


========== PERFORMANCE SUMMARY ==========

Data loading time: 2414.210735 ms

Index build time: 20838.465671 ms

Query execution time: 15048.417870 ms

Total elapsed time: 38305.827242 ms


========== EFFICIENCY METRICS ==========

Queries per second: 664.521685

Distance ops per second: 7877908.828963


========== END OF LOG ==========

Log saved to: Log/run_20251205_151920_473.log

