========== HNSW Search Test ==========

Timestamp: Sun Dec  7 10:32:07 2025

Command line arguments:
  argv[0]: ./hng2
  argv[1]: --m
  argv[2]: 80
  argv[3]: --max_layer
  argv[4]: 7
  argv[5]: --efc
  argv[6]: 600
  argv[7]: --efs
  argv[8]: 500

Configuration:
  Base file: data_o/glove/base.txt
  Query file: data_o/glove/query.txt
  Truth file: data_o/glove/truth.txt
  K: 10
  M: 80
  Max layer: 7
  EFC: 600
  EFS: 500
  Threads: -1
  Debug: -1

HNSW parameters set.

Ablation flags: csr=0, prefetch=0, simd=0, pruning=0, heap=0

Loading base vectors...
✓ Base loaded in 1858.007408 ms

Loading query vectors...
✓ Queries loaded in 52.904229 ms

Loading ground truth...
✓ Truth loaded in 52.555934 ms

Data Summary:
  Dimension d=100, Base vectors=1183514, Queries=10000


Building HNSW index...
✓ Index built.
  build_time(local)=3801.603644 ms
  build_time(internal)=3797.008403 ms


========== GRAPH QUALITY ==========

  num_nodes: 1183514

  max_level (entry point): 3

  actual_max_layer: 3

  avg_degree_l0: 78.911623

  avg_degree_upper: 0.097958


  Layer Distribution:

    L0: 1183514 nodes (100.00%)

    L1: 14599 nodes (1.23%)

    L2: 189 nodes (0.02%)

    L3: 4 nodes (0.00%)



Executing queries...

  Processed 1000 queries

  Processed 2000 queries

  Processed 3000 queries

  Processed 4000 queries

  Processed 5000 queries

  Processed 6000 queries

  Processed 7000 queries

  Processed 8000 queries

  Processed 9000 queries

  Processed 10000 queries


========== RESULTS ==========

Total queries: 10000

Average recall@10: 0.992260

Average query time: 2.750165 ms

Total query time: 27501.648846 ms


========== DISTANCE STATISTICS ==========

Total queries reported by index: 10000

Total distance computations: 340197137

Average distance ops per query: 34019.713700

Last query distance ops: 33475


========== PERFORMANCE SUMMARY ==========

Data loading time: 1963.467571 ms

Index build time: 3797.008403 ms

Query execution time: 27501.648846 ms

Total elapsed time: 33266.720061 ms


========== EFFICIENCY METRICS ==========

Queries per second: 363.614562

Distance ops per second: 12370063.297113


========== END OF LOG ==========

Log saved to: Log/run_20251207_103207_549.log

