========== HNSW Search Test ==========

Timestamp: Fri Nov 28 11:08:53 2025

Command line arguments:
  argv[0]: ./hng
  argv[1]: --m
  argv[2]: 48
  argv[3]: --max_layer
  argv[4]: 19
  argv[5]: --efc
  argv[6]: 285
  argv[7]: --efs
  argv[8]: 432

Configuration:
  Base file: data_o/glove/base.txt
  Query file: data_o/glove/query.txt
  Truth file: data_o/glove/truth.txt
  K: 10
  M: 48
  Max layer: 19
  EFC: 285
  EFS: 432
  Threads: -1
  Debug: -1

HNSW parameters set.

Loading base vectors...
✓ Base loaded in 3694.246227 ms

Loading query vectors...
✓ Queries loaded in 79.772887 ms

Loading ground truth...
✓ Truth loaded in 77.734335 ms

Data Summary:
  Dimension d=100, Base vectors=1183514, Queries=10000


Building HNSW index...
✓ Index built.
  build_time(local)=325562.525868 ms
  build_time(internal)=293482.974199 ms


========== GRAPH QUALITY ==========

  num_nodes: 1183514

  max_level (entry point): 3

  actual_max_layer: 3

  avg_degree_l0: 38.811270

  avg_degree_upper: 0.169933


  Layer Distribution:

    L0: 1183514 nodes (100.00%)

    L1: 24465 nodes (2.07%)

    L2: 529 nodes (0.04%)

    L3: 10 nodes (0.00%)



Executing queries...

  Processed 1000 queries

  Processed 2000 queries

  Processed 3000 queries

  Processed 4000 queries

  Processed 5000 queries

  Processed 6000 queries

  Processed 7000 queries

  Processed 8000 queries

  Processed 9000 queries

  Processed 10000 queries


========== RESULTS ==========

Total queries: 10000

Average recall@10: 0.966710

Average query time: 1.640413 ms

Total query time: 16404.127711 ms


========== DISTANCE STATISTICS ==========

Total queries reported by index: 10000

Total distance computations: 145549240

Average distance ops per query: 14554.924000

Last query distance ops: 12613


========== PERFORMANCE SUMMARY ==========

Data loading time: 3851.753449 ms

Index build time: 293482.974199 ms

Query execution time: 16404.127711 ms

Total elapsed time: 345818.407028 ms


========== EFFICIENCY METRICS ==========

Queries per second: 609.602667

Distance ops per second: 8872720.486223


========== END OF LOG ==========

Log saved to: Log/run_20251128_110853_807.log

