========== HNSW Search Test ==========

Timestamp: Mon Dec  8 14:23:29 2025

Command line arguments:
  argv[0]: ./hng3
  argv[1]: --m
  argv[2]: 32
  argv[3]: --max_layer
  argv[4]: 7
  argv[5]: --efc
  argv[6]: 1000
  argv[7]: --efs
  argv[8]: 400
  argv[9]: --hamming_threshold
  argv[10]: 50

Configuration:
  Base file: data_o/glove/base.txt
  Query file: data_o/glove/query.txt
  Truth file: data_o/glove/truth.txt
  K: 10
  M: 32
  Max layer: 7
  EFC: 1000
  EFS: 400
  Threads: -1
  Debug: -1

HNSW parameters set.

Ablation flags: csr=0, prefetch=0, simd=0, pruning=0, heap=0

  Hamming threshold: 50
Loading base vectors...
✓ Base loaded in 2205.989511 ms

Loading query vectors...
✓ Queries loaded in 69.329438 ms

Loading ground truth...
✓ Truth loaded in 73.630483 ms

Data Summary:
  Dimension d=100, Base vectors=1183514, Queries=10000


Building HNSW index...
✓ Index built.
  build_time(local)=4122.213509 ms
  build_time(internal)=4116.943812 ms


========== GRAPH QUALITY ==========

  num_nodes: 1183514

  max_level (entry point): 3

  actual_max_layer: 3

  avg_degree_l0: 58.055684

  avg_degree_upper: 30.380945


  Layer Distribution:

    L0: 1183514 nodes (100.00%)

    L1: 36932 nodes (3.12%)

    L2: 1217 nodes (0.10%)

    L3: 35 nodes (0.00%)



Executing queries...

  Processed 1000 queries

  Processed 2000 queries

  Processed 3000 queries

  Processed 4000 queries

  Processed 5000 queries

  Processed 6000 queries

  Processed 7000 queries

  Processed 8000 queries

  Processed 9000 queries

  Processed 10000 queries


========== RESULTS ==========

Total queries: 10000

Average recall@10: 0.976210

Average query time: 1.921297 ms

Total query time: 19212.967123 ms


========== DISTANCE STATISTICS ==========

Total queries reported by index: 10000

Total distance computations: 168607015

Average distance ops per query: 16860.701500

Last query distance ops: 15573


========== PERFORMANCE SUMMARY ==========

Data loading time: 2348.949432 ms

Index build time: 4116.943812 ms

Query execution time: 19212.967123 ms

Total elapsed time: 25684.130064 ms


========== EFFICIENCY METRICS ==========

Queries per second: 520.481815

Distance ops per second: 8775688.519144


========== END OF LOG ==========

Log saved to: Log/run_20251208_142329_924.log

