========== HNSW Search Test ==========

Timestamp: Thu Nov 27 05:14:01 2025

Command line arguments:
  argv[0]: ./hng
  argv[1]: --m
  argv[2]: 31
  argv[3]: --max_layer
  argv[4]: 14
  argv[5]: --efc
  argv[6]: 714
  argv[7]: --efs
  argv[8]: 764

Configuration:
  Base file: data_o/glove/base.txt
  Query file: data_o/glove/query.txt
  Truth file: data_o/glove/truth.txt
  K: 10
  M: 31
  Max layer: 14
  EFC: 714
  EFS: 764
  Threads: -1
  Debug: -1

HNSW parameters set.

Loading base vectors...
✓ Base loaded in 2150.959505 ms

Loading query vectors...
✓ Queries loaded in 67.720278 ms

Loading ground truth...
✓ Truth loaded in 66.569276 ms

Data Summary:
  Dimension d=100, Base vectors=1183514, Queries=10000


Building HNSW index...
✓ Index built.
  build_time(local)=952049.654304 ms
  build_time(internal)=895691.565431 ms


========== GRAPH QUALITY ==========

  num_nodes: 1183514

  max_level (entry point): 4

  actual_max_layer: 4

  avg_degree_l0: 48.919890

  avg_degree_upper: 0.168605


  Layer Distribution:

    L0: 1183514 nodes (100.00%)

    L1: 37775 nodes (3.19%)

    L2: 1228 nodes (0.10%)

    L3: 39 nodes (0.00%)

    L4: 2 nodes (0.00%)



Executing queries...

  Processed 1000 queries

  Processed 2000 queries

  Processed 3000 queries

  Processed 4000 queries

  Processed 5000 queries

  Processed 6000 queries

  Processed 7000 queries

  Processed 8000 queries

  Processed 9000 queries

  Processed 10000 queries


========== RESULTS ==========

Total queries: 10000

Average recall@10: 0.987820

Average query time: 3.147670 ms

Total query time: 31476.699276 ms


========== DISTANCE STATISTICS ==========

Total queries reported by index: 10000

Total distance computations: 267008888

Average distance ops per query: 26700.888800

Last query distance ops: 22691


========== PERFORMANCE SUMMARY ==========

Data loading time: 2285.249059 ms

Index build time: 895691.565431 ms

Query execution time: 31476.699276 ms

Total elapsed time: 985811.602639 ms


========== EFFICIENCY METRICS ==========

Queries per second: 317.695318

Distance ops per second: 8482747.370007


========== END OF LOG ==========

Log saved to: Log/run_20251127_051401_828.log

