========== HNSW Search Test ==========

Timestamp: Wed Nov 26 14:06:23 2025

Command line arguments:
  argv[0]: ./hng
  argv[1]: --m
  argv[2]: 38
  argv[3]: --efc
  argv[4]: 570
  argv[5]: --efs
  argv[6]: 621

Configuration:
  Base file: data_o/glove/base.txt
  Query file: data_o/glove/query.txt
  Truth file: data_o/glove/truth.txt
  K: 10
  M: 38
  Max layer: -1
  EFC: 570
  EFS: 621
  Threads: -1
  Debug: -1

HNSW parameters set.

Loading base vectors...
✓ Base loaded in 2072.692849 ms

Loading query vectors...
✓ Queries loaded in 62.163105 ms

Loading ground truth...
✓ Truth loaded in 63.951232 ms

Data Summary:
  Dimension d=100, Base vectors=1183514, Queries=10000


Building HNSW index...
✓ Index built.
  build_time(local)=542081.033497 ms
  build_time(internal)=539641.771223 ms


Executing queries...

  Processed 1000 queries

  Processed 2000 queries

  Processed 3000 queries

  Processed 4000 queries

  Processed 5000 queries

  Processed 6000 queries

  Processed 7000 queries

  Processed 8000 queries

  Processed 9000 queries

  Processed 10000 queries


========== RESULTS ==========

Total queries: 10000

Average recall@10: 0.986150

Average query time: 2.721751 ms

Total query time: 27217.512493 ms


========== DISTANCE STATISTICS ==========

Total queries reported by index: 10000

Total distance computations: 239365014

Average distance ops per query: 23936.501400

Last query distance ops: 19533


========== PERFORMANCE SUMMARY ==========

Data loading time: 2198.807186 ms

Index build time: 539641.771223 ms

Query execution time: 27217.512493 ms

Total elapsed time: 571497.353176 ms


========== EFFICIENCY METRICS ==========

Queries per second: 367.410505

Distance ops per second: 8794522.058603


========== END OF LOG ==========

Log saved to: Log/run_20251126_140623_137.log

