========== HNSW Search Test ==========

Timestamp: Thu Dec  4 01:39:41 2025

Command line arguments:
  argv[0]: ./hng1
  argv[1]: --m
  argv[2]: 56
  argv[3]: --max_layer
  argv[4]: 13
  argv[5]: --efc
  argv[6]: 416
  argv[7]: --efs
  argv[8]: 560

Configuration:
  Base file: data_o/glove/base.txt
  Query file: data_o/glove/query.txt
  Truth file: data_o/glove/truth.txt
  K: 10
  M: 56
  Max layer: 13
  EFC: 416
  EFS: 560
  Threads: -1
  Debug: -1

HNSW parameters set.

Ablation flags: csr=0, prefetch=0, simd=0, pruning=0, heap=0

Loading base vectors...
✓ Base loaded in 2142.606411 ms

Loading query vectors...
✓ Queries loaded in 68.168569 ms

Loading ground truth...
✓ Truth loaded in 70.952373 ms

Data Summary:
  Dimension d=100, Base vectors=1183514, Queries=10000


Building HNSW index...
✓ Index built.
  build_time(local)=3626.237025 ms
  build_time(internal)=3621.185822 ms


========== GRAPH QUALITY ==========

  num_nodes: 1183514

  max_level (entry point): 3

  actual_max_layer: 3

  avg_degree_l0: 47.104209

  avg_degree_upper: 0.136393


  Layer Distribution:

    L0: 1183514 nodes (100.00%)

    L1: 21152 nodes (1.79%)

    L2: 369 nodes (0.03%)

    L3: 5 nodes (0.00%)



Executing queries...

  Processed 1000 queries

  Processed 2000 queries

  Processed 3000 queries

  Processed 4000 queries

  Processed 5000 queries

  Processed 6000 queries

  Processed 7000 queries

  Processed 8000 queries

  Processed 9000 queries

  Processed 10000 queries


========== RESULTS ==========

Total queries: 10000

Average recall@10: 0.982970

Average query time: 1.569744 ms

Total query time: 15697.436383 ms


========== DISTANCE STATISTICS ==========

Total queries reported by index: 10000

Total distance computations: 216332519

Average distance ops per query: 21633.251900

Last query distance ops: 16971


========== PERFORMANCE SUMMARY ==========

Data loading time: 2281.727353 ms

Index build time: 3621.185822 ms

Query execution time: 15697.436383 ms

Total elapsed time: 21605.400761 ms


========== EFFICIENCY METRICS ==========

Queries per second: 637.046697

Distance ops per second: 13781391.669425


========== END OF LOG ==========

Log saved to: Log/run_20251204_013941_976.log

