========== HNSW Search Test ==========

Timestamp: Tue Dec  2 05:19:36 2025

Command line arguments:
  argv[0]: ./hng
  argv[1]: --m
  argv[2]: 27
  argv[3]: --max_layer
  argv[4]: 1
  argv[5]: --efc
  argv[6]: 733
  argv[7]: --efs
  argv[8]: 367

Configuration:
  Base file: data_o/glove/base.txt
  Query file: data_o/glove/query.txt
  Truth file: data_o/glove/truth.txt
  K: 10
  M: 27
  Max layer: 1
  EFC: 733
  EFS: 367
  Threads: -1
  Debug: -1

HNSW parameters set.

Loading base vectors...
✓ Base loaded in 3719.955571 ms

Loading query vectors...
✓ Queries loaded in 66.138908 ms

Loading ground truth...
✓ Truth loaded in 67.786758 ms

Data Summary:
  Dimension d=100, Base vectors=1183514, Queries=10000


Building HNSW index...
✓ Index built.
  build_time(local)=723306.305753 ms
  build_time(internal)=760103.755209 ms


========== GRAPH QUALITY ==========

  num_nodes: 1183514

  max_level (entry point): 1

  actual_max_layer: 1

  avg_degree_l0: 44.982444

  avg_degree_upper: 0.446364


  Layer Distribution:

    L0: 1183514 nodes (100.00%)

    L1: 43646 nodes (3.69%)



Executing queries...

  Processed 1000 queries

  Processed 2000 queries

  Processed 3000 queries

  Processed 4000 queries

  Processed 5000 queries

  Processed 6000 queries

  Processed 7000 queries

  Processed 8000 queries

  Processed 9000 queries

  Processed 10000 queries


========== RESULTS ==========

Total queries: 10000

Average recall@10: 0.960750

Average query time: 0.923029 ms

Total query time: 9230.292093 ms


========== DISTANCE STATISTICS ==========

Total queries reported by index: 10000

Total distance computations: 0

Average distance ops per query: 0.000000

Last query distance ops: 0


========== PERFORMANCE SUMMARY ==========

Data loading time: 3853.881237 ms

Index build time: 760103.755209 ms

Query execution time: 9230.292093 ms

Total elapsed time: 736390.479083 ms


========== EFFICIENCY METRICS ==========

Queries per second: 1083.389334


========== END OF LOG ==========

Log saved to: Log/run_20251202_051936_847.log

