========== HNSW Search Test ==========

Timestamp: Mon Dec  8 18:34:55 2025

Command line arguments:
  argv[0]: ./hng3
  argv[1]: --m
  argv[2]: 57
  argv[3]: --max_layer
  argv[4]: 7
  argv[5]: --efc
  argv[6]: 1300
  argv[7]: --efs
  argv[8]: 336
  argv[9]: --hamming_threshold
  argv[10]: 48

Configuration:
  Base file: data_o/glove/base.txt
  Query file: data_o/glove/query.txt
  Truth file: data_o/glove/truth.txt
  K: 10
  M: 57
  Max layer: 7
  EFC: 1300
  EFS: 336
  Threads: -1
  Debug: -1

HNSW parameters set.

Ablation flags: csr=0, prefetch=0, simd=0, pruning=0, heap=0

  Hamming threshold: 48
Loading base vectors...
✓ Base loaded in 3907.609810 ms

Loading query vectors...
✓ Queries loaded in 66.959450 ms

Loading ground truth...
✓ Truth loaded in 65.376689 ms

Data Summary:
  Dimension d=100, Base vectors=1183514, Queries=10000


Building HNSW index...
✓ Index built.
  build_time(local)=5315.174119 ms
  build_time(internal)=5309.735478 ms


========== GRAPH QUALITY ==========

  num_nodes: 1183514

  max_level (entry point): 3

  actual_max_layer: 3

  avg_degree_l0: 87.299657

  avg_degree_upper: 41.202402


  Layer Distribution:

    L0: 1183514 nodes (100.00%)

    L1: 20771 nodes (1.76%)

    L2: 369 nodes (0.03%)

    L3: 6 nodes (0.00%)



Executing queries...

  Processed 1000 queries

  Processed 2000 queries

  Processed 3000 queries

  Processed 4000 queries

  Processed 5000 queries

  Processed 6000 queries

  Processed 7000 queries

  Processed 8000 queries

  Processed 9000 queries

  Processed 10000 queries


========== RESULTS ==========

Total queries: 10000

Average recall@10: 0.985840

Average query time: 1.942683 ms

Total query time: 19426.831824 ms


========== DISTANCE STATISTICS ==========

Total queries reported by index: 10000

Total distance computations: 224596440

Average distance ops per query: 22459.644000

Last query distance ops: 23013


========== PERFORMANCE SUMMARY ==========

Data loading time: 4039.945949 ms

Index build time: 5309.735478 ms

Query execution time: 19426.831824 ms

Total elapsed time: 28781.951892 ms


========== EFFICIENCY METRICS ==========

Queries per second: 514.751972

Distance ops per second: 11561146.049688


========== END OF LOG ==========

Log saved to: Log/run_20251208_183455_344.log

