========== HNSW Search Test ==========

Timestamp: Sat Dec  6 00:22:11 2025

Command line arguments:
  argv[0]: ./basic
  argv[1]: --base
  argv[2]: data_o/glove/base.txt
  argv[3]: --query
  argv[4]: data_o/glove/query.txt
========== HNSW Search Test ==========

  argv[5]: --truth
  argv[6]: data_o/glove/truth.txt
Timestamp: Sat Dec  6 00:22:11 2025

  argv[7]: --k
Command line arguments:
  argv[8]: 10
  argv[0]: ./basic
  argv[9]: --m
  argv[1]: --base
  argv[10]: 59
  argv[2]: data_o/glove/base.txt
  argv[11]: --max_layer
  argv[3]: --query
  argv[12]: 7
  argv[4]: data_o/glove/query.txt
  argv[13]: --efc
  argv[5]: --truth
  argv[14]: 763
  argv[6]: data_o/glove/truth.txt
  argv[15]: --efs
  argv[7]: --k
  argv[16]: 80000
  argv[8]: 10
  argv[17]: --threads
  argv[9]: --m
  argv[18]: 32
  argv[10]: 59
  argv[19]: --debug
  argv[11]: --max_layer
  argv[20]: 1
  argv[12]: 7

Configuration:
  argv[13]: --efc
  Base file: data_o/glove/base.txt
  argv[14]: 763
  Query file: data_o/glove/query.txt
  argv[15]: --efs
  Truth file: data_o/glove/truth.txt
  argv[16]: 20000
  K: 10
  argv[17]: --threads
  M: 59
  argv[18]: 32
  Max layer: 7
  argv[19]: --debug
  EFC: 763
  argv[20]: 1
  EFS: 80000

Configuration:
  Threads: 32
  Base file: data_o/glove/base.txt
  Debug: 1
  Query file: data_o/glove/query.txt

  Truth file: data_o/glove/truth.txt
HNSW parameters set.

  K: 10
Ablation flags: csr=0, prefetch=0, simd=0, pruning=0, heap=0

  M: 59
Loading base vectors...
  Max layer: 7
  EFC: 763
  EFS: 20000
  Threads: 32
  Debug: 1

HNSW parameters set.

Ablation flags: csr=0, prefetch=0, simd=0, pruning=0, heap=0

Loading base vectors...
✓ Base loaded in 7398.671990 ms

Loading query vectors...
✓ Base loaded in 7398.360073 ms

Loading query vectors...
✓ Queries loaded in 101.572193 ms

Loading ground truth...
✓ Queries loaded in 101.508136 ms

Loading ground truth...
✓ Truth loaded in 101.876593 ms

Data Summary:
  Dimension d=100, Base vectors=1183514, Queries=10000


Building HNSW index...
✓ Truth loaded in 101.545405 ms

Data Summary:
  Dimension d=100, Base vectors=1183514, Queries=10000


Building HNSW index...
✓ Index built.
  build_time(local)=15588.033117 ms
  build_time(internal)=14905.670604 ms

Executing queries...

✓ Index built.
  build_time(local)=15589.446225 ms
  build_time(internal)=14906.339357 ms

Executing queries...

  Processed 1000 queries

  Processed 2000 queries

  Processed 3000 queries

  Processed 4000 queries

  Processed 1000 queries

  Processed 5000 queries

  Processed 6000 queries

  Processed 7000 queries

  Processed 8000 queries

  Processed 9000 queries

  Processed 2000 queries

  Processed 10000 queries


========== RESULTS ==========

Total queries: 10000

Average recall@10: 0.970490

Average query time: 5.361234 ms

Total query time: 53612.338268 ms


========== DISTANCE STATISTICS ==========

Total queries reported by index: 10000

Total distance computations: 203722980

Average distance ops per query: 20372.298000

Last query distance ops: 20460


========== PERFORMANCE SUMMARY ==========

Data loading time: 7601.413614 ms

Index build time: 14905.670604 ms

Query execution time: 53612.338268 ms

Total elapsed time: 76801.784999 ms


========== EFFICIENCY METRICS ==========

Queries per second: 186.524228

Distance ops per second: 3799927.154485


========== END OF LOG ==========

Log saved to: Log/run_20251206_002211_332.log

  Processed 3000 queries

  Processed 4000 queries

  Processed 5000 queries

  Processed 6000 queries

  Processed 7000 queries

  Processed 8000 queries

  Processed 9000 queries

