========== HNSW Search Test ==========

========== HNSW Search Test ==========

Timestamp: Fri Dec  5 21:39:34 2025

Command line arguments:
Timestamp: Fri Dec  5 21:39:34 2025

  argv[0]: ./basic
Command line arguments:
  argv[1]: --base
  argv[0]: ./basic
  argv[2]: data_o/glove/base.txt
  argv[1]: --base
  argv[3]: --query
  argv[2]: data_o/glove/base.txt
  argv[4]: data_o/glove/query.txt
  argv[3]: --query
  argv[5]: --truth
  argv[4]: data_o/glove/query.txt
  argv[5]: --truth
  argv[6]: data_o/glove/truth.txt
  argv[6]: data_o/glove/truth.txt
  argv[7]: --k
  argv[7]: --k
  argv[8]: 10
  argv[8]: 10
  argv[9]: --m
  argv[9]: --m
  argv[10]: 59
  argv[10]: 59
  argv[11]: --max_layer
  argv[11]: --max_layer
  argv[12]: 5
  argv[12]: 5
  argv[13]: --efc
  argv[13]: --efc
  argv[14]: 763
  argv[14]: 763
  argv[15]: --efs
  argv[15]: --efs
  argv[16]: 50
  argv[16]: 125
  argv[17]: --threads
  argv[17]: --threads
  argv[18]: 8
  argv[18]: 8
  argv[19]: --debug
  argv[19]: --debug
  argv[20]: 1
  argv[20]: 1

Configuration:

Configuration:
  Base file: data_o/glove/base.txt
  Base file: data_o/glove/base.txt
  Query file: data_o/glove/query.txt
  Query file: data_o/glove/query.txt
  Truth file: data_o/glove/truth.txt
  Truth file: data_o/glove/truth.txt
  K: 10
  K: 10
  M: 59
  M: 59
  Max layer: 5
  Max layer: 5
  EFC: 763
  EFC: 763
  EFS: 50
  EFS: 125
  Threads: 8
  Threads: 8
  Debug: 1
  Debug: 1


HNSW parameters set.

HNSW parameters set.

Ablation flags: csr=0, prefetch=0, simd=0, pruning=0, heap=0

Ablation flags: csr=0, prefetch=0, simd=0, pruning=0, heap=0

Loading base vectors...
Loading base vectors...
✓ Base loaded in 17038.863308 ms

Loading query vectors...
✓ Base loaded in 17057.125694 ms

Loading query vectors...
✓ Queries loaded in 277.541443 ms

Loading ground truth...
✓ Queries loaded in 265.799367 ms

Loading ground truth...
✓ Truth loaded in 228.954148 ms

Data Summary:
  Dimension d=100, Base vectors=1183514, Queries=10000


Building HNSW index...
✓ Truth loaded in 228.233356 ms

Data Summary:
  Dimension d=100, Base vectors=1183514, Queries=10000


Building HNSW index...
