========== HNSW Search Test ==========

Timestamp: Mon Dec  8 19:32:52 2025

Command line arguments:
  argv[0]: ./hng3
  argv[1]: --m
  argv[2]: 57
  argv[3]: --max_layer
  argv[4]: 7
  argv[5]: --efc
  argv[6]: 1000
  argv[7]: --efs
  argv[8]: 360
  argv[9]: --hamming_threshold
  argv[10]: 41

Configuration:
  Base file: data_o/glove/base.txt
  Query file: data_o/glove/query.txt
  Truth file: data_o/glove/truth.txt
  K: 10
  M: 57
  Max layer: 7
  EFC: 1000
  EFS: 360
  Threads: -1
  Debug: -1

HNSW parameters set.

Ablation flags: csr=0, prefetch=0, simd=0, pruning=0, heap=0

  Hamming threshold: 41
Loading base vectors...
✓ Base loaded in 2074.390890 ms

Loading query vectors...
✓ Queries loaded in 66.043700 ms

Loading ground truth...
✓ Truth loaded in 64.099832 ms

Data Summary:
  Dimension d=100, Base vectors=1183514, Queries=10000


Building HNSW index...
✓ Index built.
  build_time(local)=4236.972894 ms
  build_time(internal)=4232.148821 ms


========== GRAPH QUALITY ==========

  num_nodes: 1183514

  max_level (entry point): 3

  actual_max_layer: 3

  avg_degree_l0: 83.402588

  avg_degree_upper: 41.035055


  Layer Distribution:

    L0: 1183514 nodes (100.00%)

    L1: 20983 nodes (1.77%)

    L2: 351 nodes (0.03%)

    L3: 4 nodes (0.00%)



Executing queries...

  Processed 1000 queries

  Processed 2000 queries

  Processed 3000 queries

  Processed 4000 queries

  Processed 5000 queries

  Processed 6000 queries

  Processed 7000 queries

  Processed 8000 queries

  Processed 9000 queries

  Processed 10000 queries


========== RESULTS ==========

Total queries: 10000

Average recall@10: 0.981670

Average query time: 1.687433 ms

Total query time: 16874.329525 ms


========== DISTANCE STATISTICS ==========

Total queries reported by index: 10000

Total distance computations: 138153361

Average distance ops per query: 13815.336100

Last query distance ops: 16752


========== PERFORMANCE SUMMARY ==========

Data loading time: 2204.534422 ms

Index build time: 4232.148821 ms

Query execution time: 16874.329525 ms

Total elapsed time: 23315.836841 ms


========== EFFICIENCY METRICS ==========

Queries per second: 592.616138

Distance ops per second: 8187191.129302


========== END OF LOG ==========

Log saved to: Log/run_20251208_193252_991.log

