========== HNSW Search Test ==========

Timestamp: Mon Dec  8 10:20:41 2025

Command line arguments:
  argv[0]: ./hng3
  argv[1]: --m
  argv[2]: 64
  argv[3]: --max_layer
  argv[4]: 7
  argv[5]: --efc
  argv[6]: 1000
  argv[7]: --efs
  argv[8]: 400

Configuration:
  Base file: data_o/glove/base.txt
  Query file: data_o/glove/query.txt
  Truth file: data_o/glove/truth.txt
  K: 10
  M: 64
  Max layer: 7
  EFC: 1000
  EFS: 400
  Threads: -1
  Debug: -1

HNSW parameters set.

Ablation flags: csr=0, prefetch=0, simd=0, pruning=0, heap=0

Loading base vectors...
✓ Base loaded in 2347.270434 ms

Loading query vectors...
✓ Queries loaded in 73.908865 ms

Loading ground truth...
✓ Truth loaded in 72.923372 ms

Data Summary:
  Dimension d=100, Base vectors=1183514, Queries=10000


Building HNSW index...
✓ Index built.
  build_time(local)=5088.884912 ms
  build_time(internal)=5082.525357 ms


========== GRAPH QUALITY ==========

  num_nodes: 1183514

  max_level (entry point): 3

  actual_max_layer: 3

  avg_degree_l0: 86.924785

  avg_degree_upper: 41.054540


  Layer Distribution:

    L0: 1183514 nodes (100.00%)

    L1: 18574 nodes (1.57%)

    L2: 291 nodes (0.02%)

    L3: 2 nodes (0.00%)



Executing queries...

  Processed 1000 queries

  Processed 2000 queries

  Processed 3000 queries

  Processed 4000 queries

  Processed 5000 queries

  Processed 6000 queries

  Processed 7000 queries

  Processed 8000 queries

  Processed 9000 queries

  Processed 10000 queries


========== RESULTS ==========

Total queries: 10000

Average recall@10: 0.989670

Average query time: 2.498647 ms

Total query time: 24986.467137 ms


========== DISTANCE STATISTICS ==========

Total queries reported by index: 10000

Total distance computations: 234826825

Average distance ops per query: 23482.682500

Last query distance ops: 25272


========== PERFORMANCE SUMMARY ==========

Data loading time: 2494.102671 ms

Index build time: 5082.525357 ms

Query execution time: 24986.467137 ms

Total elapsed time: 32569.454720 ms


========== EFFICIENCY METRICS ==========

Queries per second: 400.216643

Distance ops per second: 9398160.360665


========== END OF LOG ==========

Log saved to: Log/run_20251208_102041_007.log

