========== HNSW Search Test ==========

Timestamp: Thu Dec  4 10:29:49 2025

Command line arguments:
  argv[0]: ./hng1
  argv[1]: --m
  argv[2]: 51
  argv[3]: --max_layer
  argv[4]: 7
  argv[5]: --efc
  argv[6]: 648
  argv[7]: --efs
  argv[8]: 680

Configuration:
  Base file: data_o/glove/base.txt
  Query file: data_o/glove/query.txt
  Truth file: data_o/glove/truth.txt
  K: 10
  M: 51
  Max layer: 7
  EFC: 648
  EFS: 680
  Threads: -1
  Debug: -1

HNSW parameters set.

Ablation flags: csr=0, prefetch=0, simd=0, pruning=0, heap=0

Loading base vectors...
✓ Base loaded in 3785.377189 ms

Loading query vectors...
✓ Queries loaded in 71.035409 ms

Loading ground truth...
✓ Truth loaded in 71.207114 ms

Data Summary:
  Dimension d=100, Base vectors=1183514, Queries=10000


Building HNSW index...
✓ Index built.
  build_time(local)=3842.590760 ms
  build_time(internal)=3837.824927 ms


========== GRAPH QUALITY ==========

  num_nodes: 1183514

  max_level (entry point): 3

  actual_max_layer: 3

  avg_degree_l0: 56.289028

  avg_degree_upper: 0.162640


  Layer Distribution:

    L0: 1183514 nodes (100.00%)

    L1: 23143 nodes (1.96%)

    L2: 444 nodes (0.04%)

    L3: 5 nodes (0.00%)



Executing queries...

  Processed 1000 queries

  Processed 2000 queries

  Processed 3000 queries

  Processed 4000 queries

  Processed 5000 queries

  Processed 6000 queries

  Processed 7000 queries

  Processed 8000 queries

  Processed 9000 queries

  Processed 10000 queries


========== RESULTS ==========

Total queries: 10000

Average recall@10: 0.991030

Average query time: 2.148773 ms

Total query time: 21487.730352 ms


========== DISTANCE STATISTICS ==========

Total queries reported by index: 10000

Total distance computations: 295956532

Average distance ops per query: 29595.653200

Last query distance ops: 22680


========== PERFORMANCE SUMMARY ==========

Data loading time: 3927.619712 ms

Index build time: 3837.824927 ms

Query execution time: 21487.730352 ms

Total elapsed time: 29257.940824 ms


========== EFFICIENCY METRICS ==========

Queries per second: 465.381864

Distance ops per second: 13773280.246532


========== END OF LOG ==========

Log saved to: Log/run_20251204_102949_409.log

