========== HNSW Search Test ==========

Timestamp: Thu Dec  4 11:18:25 2025

Command line arguments:
  argv[0]: ./hng1
  argv[1]: --m
  argv[2]: 43
  argv[3]: --max_layer
  argv[4]: 10
  argv[5]: --efc
  argv[6]: 735
  argv[7]: --efs
  argv[8]: 560

Configuration:
  Base file: data_o/glove/base.txt
  Query file: data_o/glove/query.txt
  Truth file: data_o/glove/truth.txt
  K: 10
  M: 43
  Max layer: 10
  EFC: 735
  EFS: 560
  Threads: -1
  Debug: -1

HNSW parameters set.

Ablation flags: csr=0, prefetch=0, simd=0, pruning=0, heap=0

Loading base vectors...
✓ Base loaded in 2150.080924 ms

Loading query vectors...
✓ Queries loaded in 70.779917 ms

Loading ground truth...
✓ Truth loaded in 68.468695 ms

Data Summary:
  Dimension d=100, Base vectors=1183514, Queries=10000


Building HNSW index...
✓ Index built.
  build_time(local)=3907.527666 ms
  build_time(internal)=3902.612471 ms


========== GRAPH QUALITY ==========

  num_nodes: 1183514

  max_level (entry point): 4

  actual_max_layer: 4

  avg_degree_l0: 56.845631

  avg_degree_upper: 0.141073


  Layer Distribution:

    L0: 1183514 nodes (100.00%)

    L1: 27546 nodes (2.33%)

    L2: 625 nodes (0.05%)

    L3: 12 nodes (0.00%)

    L4: 1 nodes (0.00%)



Executing queries...

  Processed 1000 queries

  Processed 2000 queries

  Processed 3000 queries

  Processed 4000 queries

  Processed 5000 queries

  Processed 6000 queries

  Processed 7000 queries

  Processed 8000 queries

  Processed 9000 queries

  Processed 10000 queries


========== RESULTS ==========

Total queries: 10000

Average recall@10: 0.987070

Average query time: 1.777573 ms

Total query time: 17775.732485 ms


========== DISTANCE STATISTICS ==========

Total queries reported by index: 10000

Total distance computations: 245073752

Average distance ops per query: 24507.375200

Last query distance ops: 19835


========== PERFORMANCE SUMMARY ==========

Data loading time: 2289.329536 ms

Index build time: 3902.612471 ms

Query execution time: 17775.732485 ms

Total elapsed time: 23972.589687 ms


========== EFFICIENCY METRICS ==========

Queries per second: 562.564722

Distance ops per second: 13786984.711139


========== END OF LOG ==========

Log saved to: Log/run_20251204_111825_242.log

