========== HNSW Search Test ==========

Timestamp: Fri Nov 28 19:27:05 2025

Command line arguments:
  argv[0]: ./hng
  argv[1]: --m
  argv[2]: 49
  argv[3]: --max_layer
  argv[4]: 10
  argv[5]: --efc
  argv[6]: 343
  argv[7]: --efs
  argv[8]: 427

Configuration:
  Base file: data_o/glove/base.txt
  Query file: data_o/glove/query.txt
  Truth file: data_o/glove/truth.txt
  K: 10
  M: 49
  Max layer: 10
  EFC: 343
  EFS: 427
  Threads: -1
  Debug: -1

HNSW parameters set.

Loading base vectors...
