========== HNSW Search Test ==========

Timestamp: Tue Dec  9 05:46:30 2025

Command line arguments:
  argv[0]: ./hng3
  argv[1]: --m
  argv[2]: 57
  argv[3]: --max_layer
  argv[4]: 7
  argv[5]: --efc
  argv[6]: 2000
  argv[7]: --efs
  argv[8]: 368
  argv[9]: --hamming_threshold
  argv[10]: 41

Configuration:
  Base file: data_o/glove/base.txt
  Query file: data_o/glove/query.txt
  Truth file: data_o/glove/truth.txt
  K: 10
  M: 57
  Max layer: 7
  EFC: 2000
  EFS: 368
  Threads: -1
  Debug: -1

HNSW parameters set.

Ablation flags: csr=0, prefetch=0, simd=0, pruning=0, heap=0

  Hamming threshold: 41
Loading base vectors...
✓ Base loaded in 2181.615294 ms

Loading query vectors...
✓ Queries loaded in 70.092083 ms

Loading ground truth...
✓ Truth loaded in 71.071798 ms

Data Summary:
  Dimension d=100, Base vectors=1183514, Queries=10000


Building HNSW index...
✓ Index built.
  build_time(local)=4667.790640 ms
  build_time(internal)=4662.915415 ms


========== GRAPH QUALITY ==========

  num_nodes: 1183514

  max_level (entry point): 3

  actual_max_layer: 3

  avg_degree_l0: 92.141564

  avg_degree_upper: 41.456413


  Layer Distribution:

    L0: 1183514 nodes (100.00%)

    L1: 20584 nodes (1.74%)

    L2: 341 nodes (0.03%)

    L3: 10 nodes (0.00%)



Executing queries...

  Processed 1000 queries

  Processed 2000 queries

  Processed 3000 queries

  Processed 4000 queries

  Processed 5000 queries

  Processed 6000 queries

  Processed 7000 queries

  Processed 8000 queries

  Processed 9000 queries

  Processed 10000 queries


========== RESULTS ==========

Total queries: 10000

Average recall@10: 0.983620

Average query time: 2.302315 ms

Total query time: 23023.146990 ms


========== DISTANCE STATISTICS ==========

Total queries reported by index: 10000

Total distance computations: 149793757

Average distance ops per query: 14979.375700

Last query distance ops: 17699


========== PERFORMANCE SUMMARY ==========

Data loading time: 2322.779175 ms

Index build time: 4662.915415 ms

Query execution time: 23023.146990 ms

Total elapsed time: 30013.716805 ms


========== EFFICIENCY METRICS ==========

Queries per second: 434.345487

Distance ops per second: 6506224.238809


========== END OF LOG ==========

Log saved to: Log/run_20251209_054630_791.log

