========== HNSW Search Test ==========

Timestamp: Fri Nov 28 10:56:14 2025

Command line arguments:
  argv[0]: ./hng
  argv[1]: --m
  argv[2]: 63
  argv[3]: --max_layer
  argv[4]: 17
  argv[5]: --efc
  argv[6]: 577
  argv[7]: --efs
  argv[8]: 84

Configuration:
  Base file: data_o/glove/base.txt
  Query file: data_o/glove/query.txt
  Truth file: data_o/glove/truth.txt
  K: 10
  M: 63
  Max layer: 17
  EFC: 577
  EFS: 84
  Threads: -1
  Debug: -1

HNSW parameters set.

Loading base vectors...
✓ Base loaded in 2420.943146 ms

Loading query vectors...
✓ Queries loaded in 71.449228 ms

Loading ground truth...
✓ Truth loaded in 74.515490 ms

Data Summary:
  Dimension d=100, Base vectors=1183514, Queries=10000


Building HNSW index...
✓ Index built.
  build_time(local)=824484.639186 ms
  build_time(internal)=748335.790505 ms


========== GRAPH QUALITY ==========

  num_nodes: 1183514

  max_level (entry point): 3

  actual_max_layer: 3

  avg_degree_l0: 54.473568

  avg_degree_upper: 0.125608


  Layer Distribution:

    L0: 1183514 nodes (100.00%)

    L1: 18815 nodes (1.59%)

    L2: 311 nodes (0.03%)

    L3: 5 nodes (0.00%)



Executing queries...

  Processed 1000 queries

  Processed 2000 queries

  Processed 3000 queries

  Processed 4000 queries

  Processed 5000 queries

  Processed 6000 queries

  Processed 7000 queries

  Processed 8000 queries

  Processed 9000 queries

  Processed 10000 queries


========== RESULTS ==========

Total queries: 10000

Average recall@10: 0.881850

Average query time: 0.469003 ms

Total query time: 4690.034083 ms


========== DISTANCE STATISTICS ==========

Total queries reported by index: 10000

Total distance computations: 47479020

Average distance ops per query: 4747.902000

Last query distance ops: 4323


========== PERFORMANCE SUMMARY ==========

Data loading time: 2566.907864 ms

Index build time: 748335.790505 ms

Query execution time: 4690.034083 ms

Total elapsed time: 831741.581133 ms


========== EFFICIENCY METRICS ==========

Queries per second: 2132.180667

Distance ops per second: 10123384.853875


========== END OF LOG ==========

Log saved to: Log/run_20251128_105614_957.log

