========== HNSW Search Test ==========

Timestamp: Fri Nov 28 12:41:31 2025

Command line arguments:
  argv[0]: ./hng
  argv[1]: --m
  argv[2]: 48
  argv[3]: --max_layer
  argv[4]: 4
  argv[5]: --efc
  argv[6]: 600
  argv[7]: --efs
  argv[8]: 300

Configuration:
  Base file: data_o/glove/base.txt
  Query file: data_o/glove/query.txt
  Truth file: data_o/glove/truth.txt
  K: 10
  M: 48
  Max layer: 4
  EFC: 600
  EFS: 300
  Threads: -1
  Debug: -1

HNSW parameters set.

Loading base vectors...
✓ Base loaded in 2399.879023 ms

Loading query vectors...
✓ Queries loaded in 73.563482 ms

Loading ground truth...
✓ Truth loaded in 77.168138 ms

Data Summary:
  Dimension d=100, Base vectors=1183514, Queries=10000


Building HNSW index...
✓ Index built.
  build_time(local)=941145.691445 ms
  build_time(internal)=855203.696879 ms


========== GRAPH QUALITY ==========

  num_nodes: 1183514

  max_level (entry point): 3

  actual_max_layer: 3

  avg_degree_l0: 75.948617

  avg_degree_upper: 0.253687


  Layer Distribution:

    L0: 1183514 nodes (100.00%)

    L1: 24548 nodes (2.07%)

    L2: 535 nodes (0.05%)

    L3: 7 nodes (0.00%)



Executing queries...

  Processed 1000 queries

  Processed 2000 queries

  Processed 3000 queries

  Processed 4000 queries

  Processed 5000 queries

  Processed 6000 queries

  Processed 7000 queries

  Processed 8000 queries

  Processed 9000 queries

  Processed 10000 queries


========== RESULTS ==========

Total queries: 10000

Average recall@10: 0.973230

Average query time: 1.586314 ms

Total query time: 15863.144892 ms


========== DISTANCE STATISTICS ==========

Total queries reported by index: 10000

Total distance computations: 160666283

Average distance ops per query: 16066.628300

Last query distance ops: 13493


========== PERFORMANCE SUMMARY ==========

Data loading time: 2550.610643 ms

Index build time: 855203.696879 ms

Query execution time: 15863.144892 ms

Total elapsed time: 959559.446980 ms


========== EFFICIENCY METRICS ==========

Queries per second: 630.392023

Distance ops per second: 10128274.317221


========== END OF LOG ==========

Log saved to: Log/run_20251128_124131_664.log

