========== HNSW Search Test ==========

Timestamp: Wed Nov 26 08:00:57 2025

Command line arguments:
  argv[0]: ./hng
  argv[1]: --m
  argv[2]: 16
  argv[3]: --efc
  argv[4]: 491
  argv[5]: --efs
  argv[6]: 659

Configuration:
  Base file: data_o/glove/base.txt
  Query file: data_o/glove/query.txt
  Truth file: data_o/glove/truth.txt
  K: 10
  M: 16
  Max layer: -1
  EFC: 491
  EFS: 659
  Threads: -1
  Debug: -1

HNSW parameters set.

Loading base vectors...
✓ Base loaded in 3897.711976 ms

Loading query vectors...
✓ Queries loaded in 98.425089 ms

Loading ground truth...
✓ Truth loaded in 94.338510 ms

Data Summary:
  Dimension d=100, Base vectors=1183514, Queries=10000


Building HNSW index...
✓ Index built.
  build_time(local)=238156.891324 ms
  build_time(internal)=236696.173529 ms


Executing queries...

  Processed 1000 queries

  Processed 2000 queries

  Processed 3000 queries

  Processed 4000 queries

  Processed 5000 queries

  Processed 6000 queries

  Processed 7000 queries

  Processed 8000 queries

  Processed 9000 queries

  Processed 10000 queries


========== RESULTS ==========

Total queries: 10000

Average recall@10: 0.951590

Average query time: 1.876339 ms

Total query time: 18763.390857 ms


========== DISTANCE STATISTICS ==========

Total queries reported by index: 10000

Total distance computations: 130958380

Average distance ops per query: 13095.838000

Last query distance ops: 11851


========== PERFORMANCE SUMMARY ==========

Data loading time: 4090.475575 ms

Index build time: 236696.173529 ms

Query execution time: 18763.390857 ms

Total elapsed time: 261010.757756 ms


========== EFFICIENCY METRICS ==========

Queries per second: 532.952710

Distance ops per second: 6979462.347614


========== END OF LOG ==========

Log saved to: Log/run_20251126_080057_296.log

