========== HNSW Search Test ==========

Timestamp: Thu Dec  4 08:11:41 2025

Command line arguments:
  argv[0]: ./hng1
  argv[1]: --m
  argv[2]: 63
  argv[3]: --max_layer
  argv[4]: 3
  argv[5]: --efc
  argv[6]: 547
  argv[7]: --efs
  argv[8]: 800

Configuration:
  Base file: data_o/glove/base.txt
  Query file: data_o/glove/query.txt
  Truth file: data_o/glove/truth.txt
  K: 10
  M: 63
  Max layer: 3
  EFC: 547
  EFS: 800
  Threads: -1
  Debug: -1

HNSW parameters set.

Ablation flags: csr=0, prefetch=0, simd=0, pruning=0, heap=0

Loading base vectors...
✓ Base loaded in 2259.837654 ms

Loading query vectors...
✓ Queries loaded in 81.799794 ms

Loading ground truth...
✓ Truth loaded in 79.565900 ms

Data Summary:
  Dimension d=100, Base vectors=1183514, Queries=10000


Building HNSW index...
✓ Index built.
  build_time(local)=3758.511862 ms
  build_time(internal)=3754.011421 ms


========== GRAPH QUALITY ==========

  num_nodes: 1183514

  max_level (entry point): 3

  actual_max_layer: 3

  avg_degree_l0: 53.295289

  avg_degree_upper: 0.153114


  Layer Distribution:

    L0: 1183514 nodes (100.00%)

    L1: 19119 nodes (1.62%)

    L2: 320 nodes (0.03%)

    L3: 4 nodes (0.00%)



Executing queries...

  Processed 1000 queries

  Processed 2000 queries

  Processed 3000 queries

  Processed 4000 queries

  Processed 5000 queries

  Processed 6000 queries

  Processed 7000 queries

  Processed 8000 queries

  Processed 9000 queries

  Processed 10000 queries


========== RESULTS ==========

Total queries: 10000

Average recall@10: 0.992590

Average query time: 2.393228 ms

Total query time: 23932.278407 ms


========== DISTANCE STATISTICS ==========

Total queries reported by index: 10000

Total distance computations: 331006803

Average distance ops per query: 33100.680300

Last query distance ops: 24492


========== PERFORMANCE SUMMARY ==========

Data loading time: 2421.203348 ms

Index build time: 3754.011421 ms

Query execution time: 23932.278407 ms

Total elapsed time: 30111.993617 ms


========== EFFICIENCY METRICS ==========

Queries per second: 417.845716

Distance ops per second: 13830977.451072


========== END OF LOG ==========

Log saved to: Log/run_20251204_081141_705.log

