========== HNSW Search Test ==========

Timestamp: Wed Dec  3 23:41:07 2025

Command line arguments:
  argv[0]: ./hng1
  argv[1]: --m
  argv[2]: 32
  argv[3]: --max_layer
  argv[4]: 5
  argv[5]: --efc
  argv[6]: 530
  argv[7]: --efs
  argv[8]: 800

Configuration:
  Base file: data_o/glove/base.txt
  Query file: data_o/glove/query.txt
  Truth file: data_o/glove/truth.txt
  K: 10
  M: 32
  Max layer: 5
  EFC: 530
  EFS: 800
  Threads: -1
  Debug: -1

HNSW parameters set.

Ablation flags: csr=0, prefetch=0, simd=0, pruning=0, heap=0

Loading base vectors...
✓ Base loaded in 2637.696572 ms

Loading query vectors...
✓ Queries loaded in 70.428593 ms

Loading ground truth...
✓ Truth loaded in 68.631475 ms

Data Summary:
  Dimension d=100, Base vectors=1183514, Queries=10000


Building HNSW index...
✓ Index built.
  build_time(local)=3597.097298 ms
  build_time(internal)=3592.387810 ms


========== GRAPH QUALITY ==========

  num_nodes: 1183514

  max_level (entry point): 4

  actual_max_layer: 4

  avg_degree_l0: 46.386676

  avg_degree_upper: 0.190011


  Layer Distribution:

    L0: 1183514 nodes (100.00%)

    L1: 37174 nodes (3.14%)

    L2: 1189 nodes (0.10%)

    L3: 39 nodes (0.00%)

    L4: 1 nodes (0.00%)



Executing queries...

  Processed 1000 queries

  Processed 2000 queries

  Processed 3000 queries

  Processed 4000 queries

  Processed 5000 queries

  Processed 6000 queries

  Processed 7000 queries

  Processed 8000 queries

  Processed 9000 queries

  Processed 10000 queries


========== RESULTS ==========

Total queries: 10000

Average recall@10: 0.987730

Average query time: 2.252902 ms

Total query time: 22529.020056 ms


========== DISTANCE STATISTICS ==========

Total queries reported by index: 10000

Total distance computations: 268715886

Average distance ops per query: 26871.588600

Last query distance ops: 22074


========== PERFORMANCE SUMMARY ==========

Data loading time: 2776.756640 ms

Index build time: 3592.387810 ms

Query execution time: 22529.020056 ms

Total elapsed time: 28902.873994 ms


========== EFFICIENCY METRICS ==========

Queries per second: 443.871947

Distance ops per second: 11927544.355327


========== END OF LOG ==========

Log saved to: Log/run_20251203_234107_254.log

