========== HNSW Search Test ==========

Timestamp: Thu Dec  4 03:15:47 2025

Command line arguments:
  argv[0]: ./hng1
  argv[1]: --m
  argv[2]: 45
  argv[3]: --max_layer
  argv[4]: 6
  argv[5]: --efc
  argv[6]: 435
  argv[7]: --efs
  argv[8]: 2000

Configuration:
  Base file: data_o/glove/base.txt
  Query file: data_o/glove/query.txt
  Truth file: data_o/glove/truth.txt
  K: 10
  M: 45
  Max layer: 6
  EFC: 435
  EFS: 2000
  Threads: -1
  Debug: -1

HNSW parameters set.

Ablation flags: csr=0, prefetch=0, simd=0, pruning=0, heap=0

Loading base vectors...
✓ Base loaded in 2076.555196 ms

Loading query vectors...
✓ Queries loaded in 67.566279 ms

Loading ground truth...
✓ Truth loaded in 68.579413 ms

Data Summary:
  Dimension d=100, Base vectors=1183514, Queries=10000


Building HNSW index...
✓ Index built.
  build_time(local)=442948.379120 ms
  build_time(internal)=429849.451270 ms


========== GRAPH QUALITY ==========

  num_nodes: 1183514

  max_level (entry point): 3

  actual_max_layer: 3

  avg_degree_l0: 47.313313

  avg_degree_upper: 0.187777


  Layer Distribution:

    L0: 1183514 nodes (100.00%)

    L1: 26445 nodes (2.23%)

    L2: 574 nodes (0.05%)

    L3: 13 nodes (0.00%)



Executing queries...

  Processed 1000 queries

  Processed 2000 queries

  Processed 3000 queries

  Processed 4000 queries

  Processed 5000 queries

  Processed 6000 queries

  Processed 7000 queries

  Processed 8000 queries

  Processed 9000 queries

  Processed 10000 queries


========== RESULTS ==========

Total queries: 10000

Average recall@10: 0.998080

Average query time: 5.279556 ms

Total query time: 52795.560948 ms


========== DISTANCE STATISTICS ==========

Total queries reported by index: 10000

Total distance computations: 642333635

Average distance ops per query: 64233.363500

Last query distance ops: 44986


========== PERFORMANCE SUMMARY ==========

Data loading time: 2212.700888 ms

Index build time: 429849.451270 ms

Query execution time: 52795.560948 ms

Total elapsed time: 497956.640956 ms


========== EFFICIENCY METRICS ==========

Queries per second: 189.409864

Distance ops per second: 12166432.621725


========== END OF LOG ==========

Log saved to: Log/run_20251204_031547_788.log

