========== HNSW Search Test ==========

Timestamp: Tue Nov 25 21:24:28 2025

Command line arguments:
  argv[0]: ./hng
  argv[1]: --m
  argv[2]: 18
  argv[3]: --efc
  argv[4]: 490
  argv[5]: --efs
  argv[6]: 1706

Configuration:
  Base file: data_o/glove/base.txt
  Query file: data_o/glove/query.txt
  Truth file: data_o/glove/truth.txt
  K: 10
  M: 18
  Max layer: -1
  EFC: 490
  EFS: 1706
  Threads: -1
  Debug: -1

HNSW parameters set.

Loading base vectors...
✓ Base loaded in 3446.706955 ms

Loading query vectors...
✓ Queries loaded in 82.596017 ms

Loading ground truth...
✓ Truth loaded in 77.686093 ms

Data Summary:
  Dimension d=100, Base vectors=1183514, Queries=10000


Building HNSW index...
✓ Index built.
  build_time(local)=243655.614088 ms
  build_time(internal)=266217.373687 ms


Executing queries...

  Processed 1000 queries

  Processed 2000 queries

  Processed 3000 queries

  Processed 4000 queries

  Processed 5000 queries

  Processed 6000 queries

  Processed 7000 queries

  Processed 8000 queries

  Processed 9000 queries

  Processed 10000 queries


========== RESULTS ==========

Total queries: 10000

Average recall@10: 0.984450

Average query time: 5.143553 ms

Total query time: 51435.528945 ms


========== DISTANCE STATISTICS ==========

Total queries reported by index: 10000

Total distance computations: 334548922

Average distance ops per query: 33454.892200

Last query distance ops: 27629


========== PERFORMANCE SUMMARY ==========

Data loading time: 3606.989065 ms

Index build time: 266217.373687 ms

Query execution time: 51435.528945 ms

Total elapsed time: 298698.132098 ms


========== EFFICIENCY METRICS ==========

Queries per second: 194.418143

Distance ops per second: 6504238.001669


========== END OF LOG ==========

Log saved to: Log/run_20251125_212428_500.log

