========== HNSW Search Test ==========

Timestamp: Tue Nov 25 23:30:02 2025

Command line arguments:
  argv[0]: ./hng
  argv[1]: --m
  argv[2]: 30
  argv[3]: --efc
  argv[4]: 680
  argv[5]: --efs
  argv[6]: 339

Configuration:
  Base file: data_o/glove/base.txt
  Query file: data_o/glove/query.txt
  Truth file: data_o/glove/truth.txt
  K: 10
  M: 30
  Max layer: -1
  EFC: 680
  EFS: 339
  Threads: -1
  Debug: -1

HNSW parameters set.

Loading base vectors...
✓ Base loaded in 3816.922792 ms

Loading query vectors...
✓ Queries loaded in 72.624456 ms

Loading ground truth...
✓ Truth loaded in 70.379811 ms

Data Summary:
  Dimension d=100, Base vectors=1183514, Queries=10000


Building HNSW index...
✓ Index built.
  build_time(local)=585486.403042 ms
  build_time(internal)=635533.589664 ms


Executing queries...

  Processed 1000 queries

  Processed 2000 queries

  Processed 3000 queries

  Processed 4000 queries

  Processed 5000 queries

  Processed 6000 queries

  Processed 7000 queries

  Processed 8000 queries

  Processed 9000 queries

  Processed 10000 queries


========== RESULTS ==========

Total queries: 10000

Average recall@10: 0.961580

Average query time: 1.645120 ms

Total query time: 16451.196253 ms


========== DISTANCE STATISTICS ==========

Total queries reported by index: 10000

Total distance computations: 126711159

Average distance ops per query: 12671.115900

Last query distance ops: 11622


========== PERFORMANCE SUMMARY ==========

Data loading time: 3959.927059 ms

Index build time: 635533.589664 ms

Query execution time: 16451.196253 ms

Total elapsed time: 605897.526354 ms


========== EFFICIENCY METRICS ==========

Queries per second: 607.858532

Distance ops per second: 7702245.906701


========== END OF LOG ==========

Log saved to: Log/run_20251125_233002_762.log

