========== HNSW Search Test ==========

Timestamp: Thu Nov 27 04:03:08 2025

Command line arguments:
  argv[0]: ./hng
  argv[1]: --m
  argv[2]: 44
  argv[3]: --max_layer
  argv[4]: 15
  argv[5]: --efc
  argv[6]: 433
  argv[7]: --efs
  argv[8]: 952

Configuration:
  Base file: data_o/glove/base.txt
  Query file: data_o/glove/query.txt
  Truth file: data_o/glove/truth.txt
  K: 10
  M: 44
  Max layer: 15
  EFC: 433
  EFS: 952
  Threads: -1
  Debug: -1

HNSW parameters set.

Loading base vectors...
✓ Base loaded in 2177.991736 ms

Loading query vectors...
✓ Queries loaded in 75.331571 ms

Loading ground truth...
✓ Truth loaded in 74.702989 ms

Data Summary:
  Dimension d=100, Base vectors=1183514, Queries=10000


Building HNSW index...
✓ Index built.
  build_time(local)=615364.237056 ms
  build_time(internal)=579446.153753 ms


========== GRAPH QUALITY ==========

  num_nodes: 1183514

  max_level (entry point): 3

  actual_max_layer: 3

  avg_degree_l0: 47.080883

  avg_degree_upper: 0.173495


  Layer Distribution:

    L0: 1183514 nodes (100.00%)

    L1: 26913 nodes (2.27%)

    L2: 615 nodes (0.05%)

    L3: 6 nodes (0.00%)



Executing queries...

  Processed 1000 queries

  Processed 2000 queries

  Processed 3000 queries

  Processed 4000 queries

  Processed 5000 queries

  Processed 6000 queries

  Processed 7000 queries

  Processed 8000 queries

  Processed 9000 queries

  Processed 10000 queries


========== RESULTS ==========

Total queries: 10000

Average recall@10: 0.992250

Average query time: 3.959978 ms

Total query time: 39599.776296 ms


========== DISTANCE STATISTICS ==========

Total queries reported by index: 10000

Total distance computations: 336799039

Average distance ops per query: 33679.903900

Last query distance ops: 25421


========== PERFORMANCE SUMMARY ==========

Data loading time: 2328.026296 ms

Index build time: 579446.153753 ms

Query execution time: 39599.776296 ms

Total elapsed time: 657292.039648 ms


========== EFFICIENCY METRICS ==========

Queries per second: 252.526679

Distance ops per second: 8505074.283312


========== END OF LOG ==========

Log saved to: Log/run_20251127_040308_339.log

