========== HNSW Search Test ==========

Timestamp: Mon Dec  8 16:30:25 2025

Command line arguments:
  argv[0]: ./hng3
  argv[1]: --m
  argv[2]: 40
  argv[3]: --max_layer
  argv[4]: 7
  argv[5]: --efc
  argv[6]: 1300
  argv[7]: --efs
  argv[8]: 304
  argv[9]: --hamming_threshold
  argv[10]: 38

Configuration:
  Base file: data_o/glove/base.txt
  Query file: data_o/glove/query.txt
  Truth file: data_o/glove/truth.txt
  K: 10
  M: 40
  Max layer: 7
  EFC: 1300
  EFS: 304
  Threads: -1
  Debug: -1

HNSW parameters set.

Ablation flags: csr=0, prefetch=0, simd=0, pruning=0, heap=0

  Hamming threshold: 38
Loading base vectors...
✓ Base loaded in 2284.044757 ms

Loading query vectors...
✓ Queries loaded in 69.807236 ms

Loading ground truth...
✓ Truth loaded in 71.065660 ms

Data Summary:
  Dimension d=100, Base vectors=1183514, Queries=10000


Building HNSW index...
✓ Index built.
  build_time(local)=4339.071903 ms
  build_time(internal)=4333.872576 ms


========== GRAPH QUALITY ==========

  num_nodes: 1183514

  max_level (entry point): 4

  actual_max_layer: 4

  avg_degree_l0: 70.480409

  avg_degree_upper: 36.234139


  Layer Distribution:

    L0: 1183514 nodes (100.00%)

    L1: 29379 nodes (2.48%)

    L2: 691 nodes (0.06%)

    L3: 18 nodes (0.00%)

    L4: 1 nodes (0.00%)



Executing queries...

  Processed 1000 queries

  Processed 2000 queries

  Processed 3000 queries

  Processed 4000 queries

  Processed 5000 queries

  Processed 6000 queries

  Processed 7000 queries

  Processed 8000 queries

  Processed 9000 queries

  Processed 10000 queries


========== RESULTS ==========

Total queries: 10000

Average recall@10: 0.938780

Average query time: 1.077071 ms

Total query time: 10770.705763 ms


========== DISTANCE STATISTICS ==========

Total queries reported by index: 10000

Total distance computations: 62053873

Average distance ops per query: 6205.387300

Last query distance ops: 8313


========== PERFORMANCE SUMMARY ==========

Data loading time: 2424.917653 ms

Index build time: 4333.872576 ms

Query execution time: 10770.705763 ms

Total elapsed time: 17534.695319 ms


========== EFFICIENCY METRICS ==========

Queries per second: 928.444265

Distance ops per second: 5761356.253289


========== END OF LOG ==========

Log saved to: Log/run_20251208_163025_061.log

