========== HNSW Search Test ==========

Timestamp: Thu Dec  4 05:11:37 2025

Command line arguments:
  argv[0]: ./hng1
  argv[1]: --m
  argv[2]: 47
  argv[3]: --max_layer
  argv[4]: 8
  argv[5]: --efc
  argv[6]: 510
  argv[7]: --efs
  argv[8]: 710

Configuration:
  Base file: data_o/glove/base.txt
  Query file: data_o/glove/query.txt
  Truth file: data_o/glove/truth.txt
  K: 10
  M: 47
  Max layer: 8
  EFC: 510
  EFS: 710
  Threads: -1
  Debug: -1

HNSW parameters set.

Ablation flags: csr=0, prefetch=0, simd=0, pruning=0, heap=0

Loading base vectors...
✓ Base loaded in 2855.968173 ms

Loading query vectors...
✓ Queries loaded in 68.885100 ms

Loading ground truth...
✓ Truth loaded in 67.535909 ms

Data Summary:
  Dimension d=100, Base vectors=1183514, Queries=10000


Building HNSW index...
✓ Index built.
  build_time(local)=3620.710976 ms
  build_time(internal)=3616.058808 ms


========== GRAPH QUALITY ==========

  num_nodes: 1183514

  max_level (entry point): 3

  actual_max_layer: 3

  avg_degree_l0: 50.852004

  avg_degree_upper: 0.198602


  Layer Distribution:

    L0: 1183514 nodes (100.00%)

    L1: 25029 nodes (2.11%)

    L2: 555 nodes (0.05%)

    L3: 15 nodes (0.00%)



Executing queries...

  Processed 1000 queries

  Processed 2000 queries

  Processed 3000 queries

  Processed 4000 queries

  Processed 5000 queries

  Processed 6000 queries

  Processed 7000 queries

  Processed 8000 queries

  Processed 9000 queries

  Processed 10000 queries


========== RESULTS ==========

Total queries: 10000

Average recall@10: 0.989670

Average query time: 2.050091 ms

Total query time: 20500.909430 ms


========== DISTANCE STATISTICS ==========

Total queries reported by index: 10000

Total distance computations: 279781162

Average distance ops per query: 27978.116200

Last query distance ops: 21691


========== PERFORMANCE SUMMARY ==========

Data loading time: 2992.389182 ms

Index build time: 3616.058808 ms

Query execution time: 20500.909430 ms

Total elapsed time: 27114.009588 ms


========== EFFICIENCY METRICS ==========

Queries per second: 487.783239

Distance ops per second: 13647256.135407


========== END OF LOG ==========

Log saved to: Log/run_20251204_051137_592.log

