========== HNSW Search Test ==========

Timestamp: Wed Dec  3 16:38:09 2025

Command line arguments:
  argv[0]: ./hng1

Configuration:
  Base file: data_o/glove/base.txt
  Query file: data_o/glove/query.txt
  Truth file: data_o/glove/truth.txt
  K: 10
  M: -1
  Max layer: -1
  EFC: -1
  EFS: -1
  Threads: -1
  Debug: -1

Ablation flags: csr=0, prefetch=0, simd=0, pruning=0, heap=0

Loading base vectors...
✓ Base loaded in 2169.026467 ms

Loading query vectors...
✓ Queries loaded in 68.286857 ms

Loading ground truth...
✓ Truth loaded in 69.248705 ms

Data Summary:
  Dimension d=100, Base vectors=1183514, Queries=10000


Building HNSW index...
✓ Index built.
  build_time(local)=13374.418085 ms
  build_time(internal)=0.000000 ms

Executing queries...

  Processed 1000 queries

  Processed 2000 queries

  Processed 3000 queries

  Processed 4000 queries

  Processed 5000 queries

  Processed 6000 queries

  Processed 7000 queries

  Processed 8000 queries

  Processed 9000 queries

  Processed 10000 queries


========== RESULTS ==========

Total queries: 10000

Average recall@10: 0.001030

Average query time: 0.016923 ms

Total query time: 169.234594 ms


========== DISTANCE STATISTICS ==========

Total distance computations: 961442

Average distance ops per query: 96.144200


========== PERFORMANCE SUMMARY ==========

Data loading time: 2306.562029 ms

Index build time: 0.000000 ms

Query execution time: 169.234594 ms

Total elapsed time: 15850.214708 ms


========== EFFICIENCY METRICS ==========

Queries per second: 59089.573613

Distance ops per second: 5681119.783346


========== END OF LOG ==========

Log saved to: Log/run_20251203_163809_255.log

