========== HNSW Search Test ==========

Timestamp: Wed Dec  3 22:57:05 2025

Command line arguments:
  argv[0]: ./hng1
  argv[1]: --m
  argv[2]: 51
  argv[3]: --max_layer
  argv[4]: 7
  argv[5]: --efc
  argv[6]: 603
  argv[7]: --efs
  argv[8]: 2000

Configuration:
  Base file: data_o/glove/base.txt
  Query file: data_o/glove/query.txt
  Truth file: data_o/glove/truth.txt
  K: 10
  M: 51
  Max layer: 7
  EFC: 603
  EFS: 2000
  Threads: -1
  Debug: -1

HNSW parameters set.

Ablation flags: csr=0, prefetch=0, simd=0, pruning=0, heap=0

Loading base vectors...
✓ Base loaded in 2367.067873 ms

Loading query vectors...
✓ Queries loaded in 69.845283 ms

Loading ground truth...
✓ Truth loaded in 66.816214 ms

Data Summary:
  Dimension d=100, Base vectors=1183514, Queries=10000


Building HNSW index...
✓ Index built.
  build_time(local)=686368.718061 ms
  build_time(internal)=672212.285504 ms


========== GRAPH QUALITY ==========

  num_nodes: 1183514

  max_level (entry point): 4

  actual_max_layer: 4

  avg_degree_l0: 54.802905

  avg_degree_upper: 0.159217


  Layer Distribution:

    L0: 1183514 nodes (100.00%)

    L1: 23243 nodes (1.96%)

    L2: 457 nodes (0.04%)

    L3: 15 nodes (0.00%)

    L4: 1 nodes (0.00%)



Executing queries...

  Processed 1000 queries

  Processed 2000 queries

  Processed 3000 queries

  Processed 4000 queries

  Processed 5000 queries

  Processed 6000 queries

  Processed 7000 queries

  Processed 8000 queries

  Processed 9000 queries

  Processed 10000 queries


========== RESULTS ==========

Total queries: 10000

Average recall@10: 0.998730

Average query time: 6.650702 ms

Total query time: 66507.015237 ms


========== DISTANCE STATISTICS ==========

Total queries reported by index: 10000

Total distance computations: 732893632

Average distance ops per query: 73289.363200

Last query distance ops: 50309


========== PERFORMANCE SUMMARY ==========

Data loading time: 2503.729370 ms

Index build time: 672212.285504 ms

Query execution time: 66507.015237 ms

Total elapsed time: 755379.462668 ms


========== EFFICIENCY METRICS ==========

Queries per second: 150.360078

Distance ops per second: 11019794.368884


========== END OF LOG ==========

Log saved to: Log/run_20251203_225705_220.log

