========== HNSW Search Test ==========

Timestamp: Wed Nov 26 00:33:54 2025

Command line arguments:
  argv[0]: ./hng
  argv[1]: --m
  argv[2]: 41
  argv[3]: --efc
  argv[4]: 967
  argv[5]: --efs
  argv[6]: 433

Configuration:
  Base file: data_o/glove/base.txt
  Query file: data_o/glove/query.txt
  Truth file: data_o/glove/truth.txt
  K: 10
  M: 41
  Max layer: -1
  EFC: 967
  EFS: 433
  Threads: -1
  Debug: -1

HNSW parameters set.

Loading base vectors...
✓ Base loaded in 3429.011952 ms

Loading query vectors...
✓ Queries loaded in 69.880560 ms

Loading ground truth...
✓ Truth loaded in 64.586143 ms

Data Summary:
  Dimension d=100, Base vectors=1183514, Queries=10000


Building HNSW index...
✓ Index built.
  build_time(local)=949518.317290 ms
  build_time(internal)=1035092.791203 ms


Executing queries...

  Processed 1000 queries

  Processed 2000 queries

  Processed 3000 queries

  Processed 4000 queries

  Processed 5000 queries

  Processed 6000 queries

  Processed 7000 queries

  Processed 8000 queries

  Processed 9000 queries

  Processed 10000 queries


========== RESULTS ==========

Total queries: 10000

Average recall@10: 0.981990

Average query time: 2.073616 ms

Total query time: 20736.156380 ms


========== DISTANCE STATISTICS ==========

Total queries reported by index: 10000

Total distance computations: 202380850

Average distance ops per query: 20238.085000

Last query distance ops: 17545


========== PERFORMANCE SUMMARY ==========

Data loading time: 3563.478655 ms

Index build time: 1035092.791203 ms

Query execution time: 20736.156380 ms

Total elapsed time: 973817.952325 ms


========== EFFICIENCY METRICS ==========

Queries per second: 482.249450

Distance ops per second: 9759805.351159


========== END OF LOG ==========

Log saved to: Log/run_20251126_003354_702.log

