========== HNSW Search Test ==========

Timestamp: Fri Nov 28 14:46:04 2025

Command line arguments:
  argv[0]: ./hng
  argv[1]: --m
  argv[2]: 48
  argv[3]: --max_layer
  argv[4]: 7
  argv[5]: --efc
  argv[6]: 460
  argv[7]: --efs
  argv[8]: 410

Configuration:
  Base file: data_o/glove/base.txt
  Query file: data_o/glove/query.txt
  Truth file: data_o/glove/truth.txt
  K: 10
  M: 48
  Max layer: 7
  EFC: 460
  EFS: 410
  Threads: -1
  Debug: -1

HNSW parameters set.

Loading base vectors...
✓ Base loaded in 4275.768400 ms

Loading query vectors...
✓ Queries loaded in 73.835425 ms

Loading ground truth...
✓ Truth loaded in 73.137380 ms

Data Summary:
  Dimension d=100, Base vectors=1183514, Queries=10000


Building HNSW index...
✓ Index built.
  build_time(local)=685308.369619 ms
  build_time(internal)=631140.596723 ms


========== GRAPH QUALITY ==========

  num_nodes: 1183514

  max_level (entry point): 4

  actual_max_layer: 4

  avg_degree_l0: 70.682278

  avg_degree_upper: 0.234415


  Layer Distribution:

    L0: 1183514 nodes (100.00%)

    L1: 24627 nodes (2.08%)

    L2: 515 nodes (0.04%)

    L3: 9 nodes (0.00%)

    L4: 1 nodes (0.00%)



Executing queries...

  Processed 1000 queries

  Processed 2000 queries

  Processed 3000 queries

  Processed 4000 queries

  Processed 5000 queries

  Processed 6000 queries

  Processed 7000 queries

  Processed 8000 queries

  Processed 9000 queries

  Processed 10000 queries


========== RESULTS ==========

Total queries: 10000

Average recall@10: 0.979190

Average query time: 1.982244 ms

Total query time: 19822.444924 ms


========== DISTANCE STATISTICS ==========

Total queries reported by index: 10000

Total distance computations: 197899152

Average distance ops per query: 19789.915200

Last query distance ops: 16571


========== PERFORMANCE SUMMARY ==========

Data loading time: 4422.741205 ms

Index build time: 631140.596723 ms

Query execution time: 19822.444924 ms

Total elapsed time: 709553.555748 ms


========== EFFICIENCY METRICS ==========

Queries per second: 504.478637

Distance ops per second: 9983589.449170


========== END OF LOG ==========

Log saved to: Log/run_20251128_144604_238.log

