========== HNSW Search Test ==========

Timestamp: Thu Dec  4 05:57:56 2025

Command line arguments:
  argv[0]: ./hng1
  argv[1]: --m
  argv[2]: 64
  argv[3]: --max_layer
  argv[4]: 7
  argv[5]: --efc
  argv[6]: 623
  argv[7]: --efs
  argv[8]: 800

Configuration:
  Base file: data_o/glove/base.txt
  Query file: data_o/glove/query.txt
  Truth file: data_o/glove/truth.txt
  K: 10
  M: 64
  Max layer: 7
  EFC: 623
  EFS: 800
  Threads: -1
  Debug: -1

HNSW parameters set.

Ablation flags: csr=0, prefetch=0, simd=0, pruning=0, heap=0

Loading base vectors...
✓ Base loaded in 2202.416904 ms

Loading query vectors...
✓ Queries loaded in 74.173627 ms

Loading ground truth...
✓ Truth loaded in 72.826208 ms

Data Summary:
  Dimension d=100, Base vectors=1183514, Queries=10000


Building HNSW index...
✓ Index built.
  build_time(local)=3887.607298 ms
  build_time(internal)=3883.044359 ms


========== GRAPH QUALITY ==========

  num_nodes: 1183514

  max_level (entry point): 3

  actual_max_layer: 3

  avg_degree_l0: 56.176233

  avg_degree_upper: 0.131227


  Layer Distribution:

    L0: 1183514 nodes (100.00%)

    L1: 18566 nodes (1.57%)

    L2: 297 nodes (0.03%)

    L3: 5 nodes (0.00%)



Executing queries...

  Processed 1000 queries

  Processed 2000 queries

  Processed 3000 queries

  Processed 4000 queries

  Processed 5000 queries

  Processed 6000 queries

  Processed 7000 queries

  Processed 8000 queries

  Processed 9000 queries

  Processed 10000 queries


========== RESULTS ==========

Total queries: 10000

Average recall@10: 0.993490

Average query time: 2.494722 ms

Total query time: 24947.218923 ms


========== DISTANCE STATISTICS ==========

Total queries reported by index: 10000

Total distance computations: 346676623

Average distance ops per query: 34667.662300

Last query distance ops: 25534


========== PERFORMANCE SUMMARY ==========

Data loading time: 2349.416739 ms

Index build time: 3883.044359 ms

Query execution time: 24947.218923 ms

Total elapsed time: 31184.242960 ms


========== EFFICIENCY METRICS ==========

Queries per second: 400.846284

Distance ops per second: 13896403.605950


========== END OF LOG ==========

Log saved to: Log/run_20251204_055756_379.log

