========== HNSW Search Test ==========

Timestamp: Tue Dec  2 07:10:50 2025

Command line arguments:
  argv[0]: ./hng
  argv[1]: --m
  argv[2]: 26
  argv[3]: --max_layer
  argv[4]: 16
  argv[5]: --efc
  argv[6]: 466
  argv[7]: --efs
  argv[8]: 479

Configuration:
  Base file: data_o/glove/base.txt
  Query file: data_o/glove/query.txt
  Truth file: data_o/glove/truth.txt
  K: 10
  M: 26
  Max layer: 16
  EFC: 466
  EFS: 479
  Threads: -1
  Debug: -1

HNSW parameters set.

Loading base vectors...
✓ Base loaded in 3866.146123 ms

Loading query vectors...
✓ Queries loaded in 79.343012 ms

Loading ground truth...
✓ Truth loaded in 77.882793 ms

Data Summary:
  Dimension d=100, Base vectors=1183514, Queries=10000


Building HNSW index...
✓ Index built.
  build_time(local)=435783.961580 ms
  build_time(internal)=460524.981741 ms


========== GRAPH QUALITY ==========

  num_nodes: 1183514

  max_level (entry point): 4

  actual_max_layer: 4

  avg_degree_l0: 40.330431

  avg_degree_upper: 0.183596


  Layer Distribution:

    L0: 1183514 nodes (100.00%)

    L1: 45316 nodes (3.83%)

    L2: 1759 nodes (0.15%)

    L3: 82 nodes (0.01%)

    L4: 1 nodes (0.00%)



Executing queries...

  Processed 1000 queries

  Processed 2000 queries

  Processed 3000 queries

  Processed 4000 queries

  Processed 5000 queries

  Processed 6000 queries

  Processed 7000 queries

  Processed 8000 queries

  Processed 9000 queries

  Processed 10000 queries


========== RESULTS ==========

Total queries: 10000

Average recall@10: 0.966730

Average query time: 1.049170 ms

Total query time: 10491.699613 ms


========== DISTANCE STATISTICS ==========

Total queries reported by index: 10000

Total distance computations: 0

Average distance ops per query: 0.000000

Last query distance ops: 0


========== PERFORMANCE SUMMARY ==========

Data loading time: 4023.371928 ms

Index build time: 460524.981741 ms

Query execution time: 10491.699613 ms

Total elapsed time: 450299.033121 ms


========== EFFICIENCY METRICS ==========

Queries per second: 953.134418


========== END OF LOG ==========

Log saved to: Log/run_20251202_071050_851.log

