========== HNSW Search Test ==========

Timestamp: Thu Nov 27 13:09:24 2025

Command line arguments:
  argv[0]: ./hng
  argv[1]: --m
  argv[2]: 45
  argv[3]: --max_layer
  argv[4]: 8
  argv[5]: --efc
  argv[6]: 558
  argv[7]: --efs
  argv[8]: 692

Configuration:
  Base file: data_o/glove/base.txt
  Query file: data_o/glove/query.txt
  Truth file: data_o/glove/truth.txt
  K: 10
  M: 45
  Max layer: 8
  EFC: 558
  EFS: 692
  Threads: -1
  Debug: -1

HNSW parameters set.

Loading base vectors...
✓ Base loaded in 2262.253692 ms

Loading query vectors...
✓ Queries loaded in 68.761011 ms

Loading ground truth...
✓ Truth loaded in 71.514446 ms

Data Summary:
  Dimension d=100, Base vectors=1183514, Queries=10000


Building HNSW index...
✓ Index built.
  build_time(local)=846587.318781 ms
  build_time(internal)=798557.349319 ms


========== GRAPH QUALITY ==========

  num_nodes: 1183514

  max_level (entry point): 4

  actual_max_layer: 4

  avg_degree_l0: 52.350287

  avg_degree_upper: 0.146432


  Layer Distribution:

    L0: 1183514 nodes (100.00%)

    L1: 26070 nodes (2.20%)

    L2: 573 nodes (0.05%)

    L3: 10 nodes (0.00%)

    L4: 1 nodes (0.00%)



Executing queries...

  Processed 1000 queries

  Processed 2000 queries

  Processed 3000 queries

  Processed 4000 queries

  Processed 5000 queries

  Processed 6000 queries

  Processed 7000 queries

  Processed 8000 queries

  Processed 9000 queries

  Processed 10000 queries


========== RESULTS ==========

Total queries: 10000

Average recall@10: 0.989720

Average query time: 3.072039 ms

Total query time: 30720.394428 ms


========== DISTANCE STATISTICS ==========

Total queries reported by index: 10000

Total distance computations: 278631806

Average distance ops per query: 27863.180600

Last query distance ops: 21738


========== PERFORMANCE SUMMARY ==========

Data loading time: 2402.529149 ms

Index build time: 798557.349319 ms

Query execution time: 30720.394428 ms

Total elapsed time: 879710.242358 ms


========== EFFICIENCY METRICS ==========

Queries per second: 325.516654

Distance ops per second: 9069929.315297


========== END OF LOG ==========

Log saved to: Log/run_20251127_130924_699.log

