========== HNSW Search Test ==========

Timestamp: Mon Dec  8 18:19:17 2025

Command line arguments:
  argv[0]: ./hng3
  argv[1]: --m
  argv[2]: 57
  argv[3]: --max_layer
  argv[4]: 7
  argv[5]: --efc
  argv[6]: 1300
  argv[7]: --efs
  argv[8]: 256
  argv[9]: --hamming_threshold
  argv[10]: 46

Configuration:
  Base file: data_o/glove/base.txt
  Query file: data_o/glove/query.txt
  Truth file: data_o/glove/truth.txt
  K: 10
  M: 57
  Max layer: 7
  EFC: 1300
  EFS: 256
  Threads: -1
  Debug: -1

HNSW parameters set.

Ablation flags: csr=0, prefetch=0, simd=0, pruning=0, heap=0

  Hamming threshold: 46
Loading base vectors...
✓ Base loaded in 3590.803083 ms

Loading query vectors...
✓ Queries loaded in 71.973402 ms

Loading ground truth...
✓ Truth loaded in 69.967294 ms

Data Summary:
  Dimension d=100, Base vectors=1183514, Queries=10000


Building HNSW index...
✓ Index built.
  build_time(local)=4962.043603 ms
  build_time(internal)=2302.190817 ms


========== GRAPH QUALITY ==========

  num_nodes: 1183514

  max_level (entry point): 3

  actual_max_layer: 3

  avg_degree_l0: 87.299657

  avg_degree_upper: 41.202402


  Layer Distribution:

    L0: 1183514 nodes (100.00%)

    L1: 20771 nodes (1.76%)

    L2: 369 nodes (0.03%)

    L3: 6 nodes (0.00%)



Executing queries...

  Processed 1000 queries

  Processed 2000 queries

  Processed 3000 queries

  Processed 4000 queries

  Processed 5000 queries

  Processed 6000 queries

  Processed 7000 queries

  Processed 8000 queries

  Processed 9000 queries

  Processed 10000 queries


========== RESULTS ==========

Total queries: 10000

Average recall@10: 0.977430

Average query time: 1.583885 ms

Total query time: 15838.846048 ms


========== DISTANCE STATISTICS ==========

Total queries reported by index: 10000

Total distance computations: 165727580

Average distance ops per query: 16572.758000

Last query distance ops: 18136


========== PERFORMANCE SUMMARY ==========

Data loading time: 3732.743779 ms

Index build time: 2302.190817 ms

Query execution time: 15838.846048 ms

Total elapsed time: 24533.633430 ms


========== EFFICIENCY METRICS ==========

Queries per second: 631.359126

Distance ops per second: 10463362.008682


========== END OF LOG ==========

Log saved to: Log/run_20251208_181917_067.log

