========== HNSW Search Test ==========

Timestamp: Tue Nov 25 19:27:33 2025

Command line arguments:
  argv[0]: ./hng
  argv[1]: --m
  argv[2]: 64
  argv[3]: --efc
  argv[4]: 878
  argv[5]: --efs
  argv[6]: 579

Configuration:
  Base file: data_o/glove/base.txt
  Query file: data_o/glove/query.txt
  Truth file: data_o/glove/truth.txt
  K: 10
  M: 64
  Max layer: -1
  EFC: 878
  EFS: 579
  Threads: -1
  Debug: -1

HNSW parameters set.

Loading base vectors...
✓ Base loaded in 2486.464124 ms

Loading query vectors...
✓ Queries loaded in 70.798223 ms

Loading ground truth...
✓ Truth loaded in 65.755045 ms

Data Summary:
  Dimension d=100, Base vectors=1183514, Queries=10000


Building HNSW index...
