========== HNSW Search Test ==========

Timestamp: Tue Dec  9 08:20:07 2025

Command line arguments:
  argv[0]: ./hng3
  argv[1]: --m
  argv[2]: 64
  argv[3]: --max_layer
  argv[4]: 7
  argv[5]: --efc
  argv[6]: 2000
  argv[7]: --efs
  argv[8]: 320
  argv[9]: --hamming_threshold
  argv[10]: 41

Configuration:
  Base file: data_o/glove/base.txt
  Query file: data_o/glove/query.txt
  Truth file: data_o/glove/truth.txt
  K: 10
  M: 64
  Max layer: 7
  EFC: 2000
  EFS: 320
  Threads: -1
  Debug: -1

HNSW parameters set.

Ablation flags: csr=0, prefetch=0, simd=0, pruning=0, heap=0

  Hamming threshold: 41
Loading base vectors...
✓ Base loaded in 2241.058559 ms

Loading query vectors...
✓ Queries loaded in 76.143003 ms

Loading ground truth...
✓ Truth loaded in 79.848103 ms

Data Summary:
  Dimension d=100, Base vectors=1183514, Queries=10000


Building HNSW index...
✓ Index built.
  build_time(local)=5104.755265 ms
  build_time(internal)=5099.538256 ms


========== GRAPH QUALITY ==========

  num_nodes: 1183514

  max_level (entry point): 3

  actual_max_layer: 3

  avg_degree_l0: 97.280339

  avg_degree_upper: 41.717826


  Layer Distribution:

    L0: 1183514 nodes (100.00%)

    L1: 18543 nodes (1.57%)

    L2: 294 nodes (0.02%)

    L3: 6 nodes (0.00%)



Executing queries...

  Processed 1000 queries

  Processed 2000 queries

  Processed 3000 queries

  Processed 4000 queries

  Processed 5000 queries

  Processed 6000 queries

  Processed 7000 queries

  Processed 8000 queries

  Processed 9000 queries

  Processed 10000 queries


========== RESULTS ==========

Total queries: 10000

Average recall@10: 0.981200

Average query time: 1.827333 ms

Total query time: 18273.333482 ms


========== DISTANCE STATISTICS ==========

Total queries reported by index: 10000

Total distance computations: 142816603

Average distance ops per query: 14281.660300

Last query distance ops: 17339


========== PERFORMANCE SUMMARY ==========

Data loading time: 2397.049665 ms

Index build time: 5099.538256 ms

Query execution time: 18273.333482 ms

Total elapsed time: 25775.138412 ms


========== EFFICIENCY METRICS ==========

Queries per second: 547.245526

Distance ops per second: 7815574.708396


========== END OF LOG ==========

Log saved to: Log/run_20251209_082007_156.log

