========== HNSW Search Test ==========

Timestamp: Wed Nov 26 04:45:26 2025

Command line arguments:
  argv[0]: ./hng
  argv[1]: --m
  argv[2]: 30
  argv[3]: --efc
  argv[4]: 628
  argv[5]: --efs
  argv[6]: 730

Configuration:
  Base file: data_o/glove/base.txt
  Query file: data_o/glove/query.txt
  Truth file: data_o/glove/truth.txt
  K: 10
  M: 30
  Max layer: -1
  EFC: 628
  EFS: 730
  Threads: -1
  Debug: -1

HNSW parameters set.

Loading base vectors...
✓ Base loaded in 1950.128975 ms

Loading query vectors...
✓ Queries loaded in 70.772426 ms

Loading ground truth...
✓ Truth loaded in 64.983120 ms

Data Summary:
  Dimension d=100, Base vectors=1183514, Queries=10000


Building HNSW index...
✓ Index built.
  build_time(local)=523497.695443 ms
  build_time(internal)=569847.517082 ms


Executing queries...

  Processed 1000 queries

  Processed 2000 queries

  Processed 3000 queries

  Processed 4000 queries

  Processed 5000 queries

  Processed 6000 queries

  Processed 7000 queries

  Processed 8000 queries

  Processed 9000 queries

  Processed 10000 queries


========== RESULTS ==========

Total queries: 10000

Average recall@10: 0.985520

Average query time: 2.942873 ms

Total query time: 29428.731237 ms


========== DISTANCE STATISTICS ==========

Total queries reported by index: 10000

Total distance computations: 245943659

Average distance ops per query: 24594.365900

Last query distance ops: 21091


========== PERFORMANCE SUMMARY ==========

Data loading time: 2085.884521 ms

Index build time: 569847.517082 ms

Query execution time: 29428.731237 ms

Total elapsed time: 555012.311201 ms


========== EFFICIENCY METRICS ==========

Queries per second: 339.803980

Distance ops per second: 8357263.417826


========== END OF LOG ==========

Log saved to: Log/run_20251126_044526_364.log

