========== HNSW Search Test ==========

Timestamp: Tue Dec  9 02:46:45 2025

Command line arguments:
  argv[0]: ./hng3
  argv[1]: --m
  argv[2]: 16
  argv[3]: --max_layer
  argv[4]: 7
  argv[5]: --efc
  argv[6]: 2000
  argv[7]: --efs
  argv[8]: 448
  argv[9]: --hamming_threshold
  argv[10]: 41

Configuration:
  Base file: data_o/glove/base.txt
  Query file: data_o/glove/query.txt
  Truth file: data_o/glove/truth.txt
  K: 10
  M: 16
  Max layer: 7
  EFC: 2000
  EFS: 448
  Threads: -1
  Debug: -1

HNSW parameters set.

Ablation flags: csr=0, prefetch=0, simd=0, pruning=0, heap=0

  Hamming threshold: 41
Loading base vectors...
✓ Base loaded in 2188.509857 ms

Loading query vectors...
✓ Queries loaded in 71.828732 ms

Loading ground truth...
✓ Truth loaded in 71.028036 ms

Data Summary:
  Dimension d=100, Base vectors=1183514, Queries=10000


Building HNSW index...
✓ Index built.
  build_time(local)=3474.127001 ms
  build_time(internal)=3468.464598 ms


========== GRAPH QUALITY ==========

  num_nodes: 1183514

  max_level (entry point): 5

  actual_max_layer: 5

  avg_degree_l0: 31.587260

  avg_degree_upper: 15.907339


  Layer Distribution:

    L0: 1183514 nodes (100.00%)

    L1: 73325 nodes (6.20%)

    L2: 4482 nodes (0.38%)

    L3: 269 nodes (0.02%)

    L4: 14 nodes (0.00%)

    L5: 1 nodes (0.00%)



Executing queries...

  Processed 1000 queries

  Processed 2000 queries

  Processed 3000 queries

  Processed 4000 queries

  Processed 5000 queries

  Processed 6000 queries

  Processed 7000 queries

  Processed 8000 queries

  Processed 9000 queries

  Processed 10000 queries


========== RESULTS ==========

Total queries: 10000

Average recall@10: 0.927860

Average query time: 0.896475 ms

Total query time: 8964.749341 ms


========== DISTANCE STATISTICS ==========

Total queries reported by index: 10000

Total distance computations: 63893936

Average distance ops per query: 6389.393600

Last query distance ops: 7519


========== PERFORMANCE SUMMARY ==========

Data loading time: 2331.366625 ms

Index build time: 3468.464598 ms

Query execution time: 8964.749341 ms

Total elapsed time: 14770.242967 ms


========== EFFICIENCY METRICS ==========

Queries per second: 1115.480157

Distance ops per second: 7127241.774378


========== END OF LOG ==========

Log saved to: Log/run_20251209_024645_559.log

