========== HNSW Search Test ==========

Timestamp: Mon Dec  8 17:48:58 2025

Command line arguments:
  argv[0]: ./hng3
  argv[1]: --m
  argv[2]: 57
  argv[3]: --max_layer
  argv[4]: 7
  argv[5]: --efc
  argv[6]: 1000
  argv[7]: --efs
  argv[8]: 400
  argv[9]: --hamming_threshold
  argv[10]: 50

Configuration:
  Base file: data_o/glove/base.txt
  Query file: data_o/glove/query.txt
  Truth file: data_o/glove/truth.txt
  K: 10
  M: 57
  Max layer: 7
  EFC: 1000
  EFS: 400
  Threads: -1
  Debug: -1

HNSW parameters set.

Ablation flags: csr=0, prefetch=0, simd=0, pruning=0, heap=0

  Hamming threshold: 50
Loading base vectors...
✓ Base loaded in 2514.306458 ms

Loading query vectors...
✓ Queries loaded in 71.495328 ms

Loading ground truth...
✓ Truth loaded in 87.302596 ms

Data Summary:
  Dimension d=100, Base vectors=1183514, Queries=10000


Building HNSW index...
✓ Index built.
  build_time(local)=5314.901573 ms
  build_time(internal)=5309.532919 ms


========== GRAPH QUALITY ==========

  num_nodes: 1183514

  max_level (entry point): 3

  actual_max_layer: 3

  avg_degree_l0: 83.402588

  avg_degree_upper: 41.035055


  Layer Distribution:

    L0: 1183514 nodes (100.00%)

    L1: 20983 nodes (1.77%)

    L2: 351 nodes (0.03%)

    L3: 4 nodes (0.00%)



Executing queries...

  Processed 1000 queries

  Processed 2000 queries

  Processed 3000 queries

  Processed 4000 queries

  Processed 5000 queries

  Processed 6000 queries

  Processed 7000 queries

  Processed 8000 queries

  Processed 9000 queries

  Processed 10000 queries


========== RESULTS ==========

Total queries: 10000

Average recall@10: 0.989090

Average query time: 2.879848 ms

Total query time: 28798.483512 ms


========== DISTANCE STATISTICS ==========

Total queries reported by index: 10000

Total distance computations: 262413147

Average distance ops per query: 26241.314700

Last query distance ops: 25888


========== PERFORMANCE SUMMARY ==========

Data loading time: 2673.104382 ms

Index build time: 5309.532919 ms

Query execution time: 28798.483512 ms

Total elapsed time: 36786.489467 ms


========== EFFICIENCY METRICS ==========

Queries per second: 347.240506

Distance ops per second: 9112047.406616


========== END OF LOG ==========

Log saved to: Log/run_20251208_174858_161.log

