========== HNSW Search Test ==========

Timestamp: Thu Dec  4 02:04:10 2025

Command line arguments:
  argv[0]: ./hng1
  argv[1]: --m
  argv[2]: 57
  argv[3]: --max_layer
  argv[4]: 10
  argv[5]: --efc
  argv[6]: 757
  argv[7]: --efs
  argv[8]: 598

Configuration:
  Base file: data_o/glove/base.txt
  Query file: data_o/glove/query.txt
  Truth file: data_o/glove/truth.txt
  K: 10
  M: 57
  Max layer: 10
  EFC: 757
  EFS: 598
  Threads: -1
  Debug: -1

HNSW parameters set.

Ablation flags: csr=0, prefetch=0, simd=0, pruning=0, heap=0

Loading base vectors...
✓ Base loaded in 2269.802725 ms

Loading query vectors...
✓ Queries loaded in 69.487860 ms

Loading ground truth...
✓ Truth loaded in 69.957117 ms

Data Summary:
  Dimension d=100, Base vectors=1183514, Queries=10000


Building HNSW index...
✓ Index built.
  build_time(local)=3919.679273 ms
  build_time(internal)=3914.842376 ms


========== GRAPH QUALITY ==========

  num_nodes: 1183514

  max_level (entry point): 3

  actual_max_layer: 3

  avg_degree_l0: 60.061442

  avg_degree_upper: 0.162462


  Layer Distribution:

    L0: 1183514 nodes (100.00%)

    L1: 20701 nodes (1.75%)

    L2: 385 nodes (0.03%)

    L3: 2 nodes (0.00%)



Executing queries...

  Processed 1000 queries

  Processed 2000 queries

  Processed 3000 queries

  Processed 4000 queries

  Processed 5000 queries

  Processed 6000 queries

  Processed 7000 queries

  Processed 8000 queries

  Processed 9000 queries

  Processed 10000 queries


========== RESULTS ==========

Total queries: 10000

Average recall@10: 0.990110

Average query time: 2.032406 ms

Total query time: 20324.061916 ms


========== DISTANCE STATISTICS ==========

Total queries reported by index: 10000

Total distance computations: 283224439

Average distance ops per query: 28322.443900

Last query distance ops: 21552


========== PERFORMANCE SUMMARY ==========

Data loading time: 2409.247702 ms

Index build time: 3914.842376 ms

Query execution time: 20324.061916 ms

Total elapsed time: 26652.988891 ms


========== EFFICIENCY METRICS ==========

Queries per second: 492.027629

Distance ops per second: 13935424.924928


========== END OF LOG ==========

Log saved to: Log/run_20251204_020410_395.log

