========== HNSW Search Test ==========

Timestamp: Mon Dec  8 10:16:51 2025

Command line arguments:
  argv[0]: ./hng3
  argv[1]: --m
  argv[2]: 64
  argv[3]: --max_layer
  argv[4]: 7
  argv[5]: --efc
  argv[6]: 1000
  argv[7]: --efs
  argv[8]: 800

Configuration:
  Base file: data_o/glove/base.txt
  Query file: data_o/glove/query.txt
  Truth file: data_o/glove/truth.txt
  K: 10
  M: 64
  Max layer: 7
  EFC: 1000
  EFS: 800
  Threads: -1
  Debug: -1

HNSW parameters set.

Ablation flags: csr=0, prefetch=0, simd=0, pruning=0, heap=0

Loading base vectors...
✓ Base loaded in 2302.795327 ms

Loading query vectors...
✓ Queries loaded in 77.338050 ms

Loading ground truth...
✓ Truth loaded in 75.417818 ms

Data Summary:
  Dimension d=100, Base vectors=1183514, Queries=10000


Building HNSW index...
✓ Index built.
  build_time(local)=4944.936926 ms
  build_time(internal)=4939.336061 ms


========== GRAPH QUALITY ==========

  num_nodes: 1183514

  max_level (entry point): 3

  actual_max_layer: 3

  avg_degree_l0: 86.924785

  avg_degree_upper: 41.054540


  Layer Distribution:

    L0: 1183514 nodes (100.00%)

    L1: 18574 nodes (1.57%)

    L2: 291 nodes (0.02%)

    L3: 2 nodes (0.00%)



Executing queries...

  Processed 1000 queries

  Processed 2000 queries

  Processed 3000 queries

  Processed 4000 queries

  Processed 5000 queries

  Processed 6000 queries

  Processed 7000 queries

  Processed 8000 queries

  Processed 9000 queries

  Processed 10000 queries


========== RESULTS ==========

Total queries: 10000

Average recall@10: 0.997630

Average query time: 4.751433 ms

Total query time: 47514.331901 ms


========== DISTANCE STATISTICS ==========

Total queries reported by index: 10000

Total distance computations: 504891840

Average distance ops per query: 50489.184000

Last query distance ops: 46397


========== PERFORMANCE SUMMARY ==========

Data loading time: 2455.551195 ms

Index build time: 4939.336061 ms

Query execution time: 47514.331901 ms

Total elapsed time: 54914.820022 ms


========== EFFICIENCY METRICS ==========

Queries per second: 210.462814

Distance ops per second: 10626095.744164


========== END OF LOG ==========

Log saved to: Log/run_20251208_101651_525.log

