========== HNSW Search Test ==========

Timestamp: Tue Nov 25 22:42:57 2025

Command line arguments:
  argv[0]: ./hng
  argv[1]: --m
  argv[2]: 32
  argv[3]: --efc
  argv[4]: 916
  argv[5]: --efs
  argv[6]: 1913

Configuration:
  Base file: data_o/glove/base.txt
  Query file: data_o/glove/query.txt
  Truth file: data_o/glove/truth.txt
  K: 10
  M: 32
  Max layer: -1
  EFC: 916
  EFS: 1913
  Threads: -1
  Debug: -1

HNSW parameters set.

Loading base vectors...
✓ Base loaded in 3711.205840 ms

Loading query vectors...
✓ Queries loaded in 68.622901 ms

Loading ground truth...
✓ Truth loaded in 66.558712 ms

Data Summary:
  Dimension d=100, Base vectors=1183514, Queries=10000


Building HNSW index...
✓ Index built.
  build_time(local)=779668.547890 ms
  build_time(internal)=847825.954668 ms


Executing queries...

  Processed 1000 queries

  Processed 2000 queries

  Processed 3000 queries

  Processed 4000 queries

  Processed 5000 queries

  Processed 6000 queries

  Processed 7000 queries

  Processed 8000 queries

  Processed 9000 queries

  Processed 10000 queries


========== RESULTS ==========

Total queries: 10000

Average recall@10: 0.997940

Average query time: 7.970328 ms

Total query time: 79703.276909 ms


========== DISTANCE STATISTICS ==========

Total queries reported by index: 10000

Total distance computations: 624712954

Average distance ops per query: 62471.295400

Last query distance ops: 47999


========== PERFORMANCE SUMMARY ==========

Data loading time: 3846.387453 ms

Index build time: 847825.954668 ms

Query execution time: 79703.276909 ms

Total elapsed time: 863218.212252 ms


========== EFFICIENCY METRICS ==========

Queries per second: 125.465356

Distance ops per second: 7837983.307929


========== END OF LOG ==========

Log saved to: Log/run_20251125_224257_812.log

