========== HNSW Search Test ==========

Timestamp: Tue Dec  9 02:45:49 2025

Command line arguments:
  argv[0]: ./hng3
  argv[1]: --m
  argv[2]: 16
  argv[3]: --max_layer
  argv[4]: 7
  argv[5]: --efc
  argv[6]: 2000
  argv[7]: --efs
  argv[8]: 320
  argv[9]: --hamming_threshold
  argv[10]: 41

Configuration:
  Base file: data_o/glove/base.txt
  Query file: data_o/glove/query.txt
  Truth file: data_o/glove/truth.txt
  K: 10
  M: 16
  Max layer: 7
  EFC: 2000
  EFS: 320
  Threads: -1
  Debug: -1

HNSW parameters set.

Ablation flags: csr=0, prefetch=0, simd=0, pruning=0, heap=0

  Hamming threshold: 41
Loading base vectors...
✓ Base loaded in 2235.489523 ms

Loading query vectors...
✓ Queries loaded in 70.160567 ms

Loading ground truth...
✓ Truth loaded in 69.935633 ms

Data Summary:
  Dimension d=100, Base vectors=1183514, Queries=10000


Building HNSW index...
✓ Index built.
  build_time(local)=3453.984138 ms
  build_time(internal)=3448.666628 ms


========== GRAPH QUALITY ==========

  num_nodes: 1183514

  max_level (entry point): 5

  actual_max_layer: 5

  avg_degree_l0: 31.587260

  avg_degree_upper: 15.907339


  Layer Distribution:

    L0: 1183514 nodes (100.00%)

    L1: 73325 nodes (6.20%)

    L2: 4482 nodes (0.38%)

    L3: 269 nodes (0.02%)

    L4: 14 nodes (0.00%)

    L5: 1 nodes (0.00%)



Executing queries...

  Processed 1000 queries

  Processed 2000 queries

  Processed 3000 queries

  Processed 4000 queries

  Processed 5000 queries

  Processed 6000 queries

  Processed 7000 queries

  Processed 8000 queries

  Processed 9000 queries

  Processed 10000 queries


========== RESULTS ==========

Total queries: 10000

Average recall@10: 0.911130

Average query time: 0.661151 ms

Total query time: 6611.505466 ms


========== DISTANCE STATISTICS ==========

Total queries reported by index: 10000

Total distance computations: 49111780

Average distance ops per query: 4911.178000

Last query distance ops: 5735


========== PERFORMANCE SUMMARY ==========

Data loading time: 2375.585723 ms

Index build time: 3448.666628 ms

Query execution time: 6611.505466 ms

Total elapsed time: 12441.075327 ms


========== EFFICIENCY METRICS ==========

Queries per second: 1512.514820

Distance ops per second: 7428229.508780


========== END OF LOG ==========

Log saved to: Log/run_20251209_024549_403.log

