========== HNSW Search Test ==========

Timestamp: Wed Nov 26 02:04:31 2025

Command line arguments:
  argv[0]: ./hng
  argv[1]: --m
  argv[2]: 37
  argv[3]: --efc
  argv[4]: 525
  argv[5]: --efs
  argv[6]: 625

Configuration:
  Base file: data_o/glove/base.txt
  Query file: data_o/glove/query.txt
  Truth file: data_o/glove/truth.txt
  K: 10
  M: 37
  Max layer: -1
  EFC: 525
  EFS: 625
  Threads: -1
  Debug: -1

HNSW parameters set.

Loading base vectors...
✓ Base loaded in 3596.991714 ms

Loading query vectors...
✓ Queries loaded in 88.421160 ms

Loading ground truth...
✓ Truth loaded in 84.056523 ms

Data Summary:
  Dimension d=100, Base vectors=1183514, Queries=10000


Building HNSW index...
✓ Index built.
  build_time(local)=438936.458211 ms
  build_time(internal)=475951.207169 ms


Executing queries...

  Processed 1000 queries

  Processed 2000 queries

  Processed 3000 queries

  Processed 4000 queries

  Processed 5000 queries

  Processed 6000 queries

  Processed 7000 queries

  Processed 8000 queries

  Processed 9000 queries

  Processed 10000 queries


========== RESULTS ==========

Total queries: 10000

Average recall@10: 0.985270

Average query time: 2.482011 ms

Total query time: 24820.113667 ms


========== DISTANCE STATISTICS ==========

Total queries reported by index: 10000

Total distance computations: 232917832

Average distance ops per query: 23291.783200

Last query distance ops: 19242


========== PERFORMANCE SUMMARY ==========

Data loading time: 3769.469397 ms

Index build time: 475951.207169 ms

Query execution time: 24820.113667 ms

Total elapsed time: 467526.041275 ms


========== EFFICIENCY METRICS ==========

Queries per second: 402.899041

Distance ops per second: 9384237.120142


========== END OF LOG ==========

Log saved to: Log/run_20251126_020431_127.log

