========== HNSW Search Test ==========

Timestamp: Thu Nov 27 12:44:54 2025

Command line arguments:
  argv[0]: ./hng
  argv[1]: --m
  argv[2]: 33
  argv[3]: --max_layer
  argv[4]: 13
  argv[5]: --efc
  argv[6]: 82
  argv[7]: --efs
  argv[8]: 987

Configuration:
  Base file: data_o/glove/base.txt
  Query file: data_o/glove/query.txt
  Truth file: data_o/glove/truth.txt
  K: 10
  M: 33
  Max layer: 13
  EFC: 82
  EFS: 987
  Threads: -1
  Debug: -1

HNSW parameters set.

Loading base vectors...
✓ Base loaded in 2213.420750 ms

Loading query vectors...
✓ Queries loaded in 76.617976 ms

Loading ground truth...
✓ Truth loaded in 72.933992 ms

Data Summary:
  Dimension d=100, Base vectors=1183514, Queries=10000


Building HNSW index...
✓ Index built.
  build_time(local)=69429.485837 ms
  build_time(internal)=63202.022104 ms


========== GRAPH QUALITY ==========

  num_nodes: 1183514

  max_level (entry point): 4

  actual_max_layer: 4

  avg_degree_l0: 18.318545

  avg_degree_upper: 0.132699


  Layer Distribution:

    L0: 1183514 nodes (100.00%)

    L1: 36106 nodes (3.05%)

    L2: 1078 nodes (0.09%)

    L3: 26 nodes (0.00%)

    L4: 2 nodes (0.00%)



Executing queries...

  Processed 1000 queries

  Processed 2000 queries

  Processed 3000 queries

  Processed 4000 queries

  Processed 5000 queries

  Processed 6000 queries

  Processed 7000 queries

  Processed 8000 queries

  Processed 9000 queries

  Processed 10000 queries


========== RESULTS ==========

Total queries: 10000

Average recall@10: 0.949490

Average query time: 2.545381 ms

Total query time: 25453.808070 ms


========== DISTANCE STATISTICS ==========

Total queries reported by index: 10000

Total distance computations: 162341530

Average distance ops per query: 16234.153000

Last query distance ops: 14750


========== PERFORMANCE SUMMARY ==========

Data loading time: 2362.972718 ms

Index build time: 63202.022104 ms

Query execution time: 25453.808070 ms

Total elapsed time: 97246.266625 ms


========== EFFICIENCY METRICS ==========

Queries per second: 392.868524

Distance ops per second: 6377887.723265


========== END OF LOG ==========

Log saved to: Log/run_20251127_124454_686.log

