========== HNSW Search Test ==========

Timestamp: Thu Dec  4 10:59:09 2025

Command line arguments:
  argv[0]: ./hng1
  argv[1]: --m
  argv[2]: 32
  argv[3]: --max_layer
  argv[4]: 5
  argv[5]: --efc
  argv[6]: 530
  argv[7]: --efs
  argv[8]: 680

Configuration:
  Base file: data_o/glove/base.txt
  Query file: data_o/glove/query.txt
  Truth file: data_o/glove/truth.txt
  K: 10
  M: 32
  Max layer: 5
  EFC: 530
  EFS: 680
  Threads: -1
  Debug: -1

HNSW parameters set.

Ablation flags: csr=0, prefetch=0, simd=0, pruning=0, heap=0

Loading base vectors...
✓ Base loaded in 2148.399555 ms

Loading query vectors...
✓ Queries loaded in 67.918214 ms

Loading ground truth...
✓ Truth loaded in 69.725482 ms

Data Summary:
  Dimension d=100, Base vectors=1183514, Queries=10000


Building HNSW index...
✓ Index built.
  build_time(local)=3566.716559 ms
  build_time(internal)=3561.688800 ms


========== GRAPH QUALITY ==========

  num_nodes: 1183514

  max_level (entry point): 4

  actual_max_layer: 4

  avg_degree_l0: 46.388556

  avg_degree_upper: 0.194932


  Layer Distribution:

    L0: 1183514 nodes (100.00%)

    L1: 36962 nodes (3.12%)

    L2: 1244 nodes (0.11%)

    L3: 32 nodes (0.00%)

    L4: 1 nodes (0.00%)



Executing queries...

  Processed 1000 queries

  Processed 2000 queries

  Processed 3000 queries

  Processed 4000 queries

  Processed 5000 queries

  Processed 6000 queries

  Processed 7000 queries

  Processed 8000 queries

  Processed 9000 queries

  Processed 10000 queries


========== RESULTS ==========

Total queries: 10000

Average recall@10: 0.984710

Average query time: 1.818909 ms

Total query time: 18189.090067 ms


========== DISTANCE STATISTICS ==========

Total queries reported by index: 10000

Total distance computations: 232921072

Average distance ops per query: 23292.107200

Last query distance ops: 19445


========== PERFORMANCE SUMMARY ==========

Data loading time: 2286.043251 ms

Index build time: 3561.688800 ms

Query execution time: 18189.090067 ms

Total elapsed time: 24041.849877 ms


========== EFFICIENCY METRICS ==========

Queries per second: 549.780113

Distance ops per second: 12805537.338153


========== END OF LOG ==========

Log saved to: Log/run_20251204_105909_486.log

