========== HNSW Search Test ==========

Timestamp: Fri Dec  5 22:02:35 2025

Command line arguments:
  argv[0]: ./basic
  argv[1]: --m
  argv[2]: 59
  argv[3]: --max_layer
  argv[4]: 7
  argv[5]: --efc
  argv[6]: 763
  argv[7]: --efs
  argv[8]: 1500

Configuration:
  Base file: data_o/glove/base.txt
  Query file: data_o/glove/query.txt
  Truth file: data_o/glove/truth.txt
  K: 10
  M: 59
  Max layer: 7
  EFC: 763
  EFS: 1500
  Threads: -1
  Debug: -1

HNSW parameters set.

Ablation flags: csr=0, prefetch=0, simd=0, pruning=0, heap=0

Loading base vectors...
✓ Base loaded in 2235.750501 ms

Loading query vectors...
✓ Queries loaded in 71.396762 ms

Loading ground truth...
✓ Truth loaded in 69.538772 ms

Data Summary:
  Dimension d=100, Base vectors=1183514, Queries=10000


Building HNSW index...
✓ Index built.
  build_time(local)=7760.863685 ms
  build_time(internal)=7756.062685 ms

Executing queries...

  Processed 1000 queries

  Processed 2000 queries

  Processed 3000 queries

  Processed 4000 queries

  Processed 5000 queries

  Processed 6000 queries

  Processed 7000 queries

  Processed 8000 queries

  Processed 9000 queries

  Processed 10000 queries


========== RESULTS ==========

Total queries: 10000

Average recall@10: 0.998550

Average query time: 8.912974 ms

Total query time: 89129.738339 ms


========== DISTANCE STATISTICS ==========

Total queries reported by index: 10000

Total distance computations: 631825687

Average distance ops per query: 63182.568700

Last query distance ops: 44274


========== PERFORMANCE SUMMARY ==========

Data loading time: 2376.686035 ms

Index build time: 7756.062685 ms

Query execution time: 89129.738339 ms

Total elapsed time: 99267.288059 ms


========== EFFICIENCY METRICS ==========

Queries per second: 112.195999

Distance ops per second: 7088831.390898


========== END OF LOG ==========

Log saved to: Log/run_20251205_220235_120.log

