========== HNSW Search Test ==========

Timestamp: Mon Dec  8 17:51:51 2025

Command line arguments:
  argv[0]: ./hng3
  argv[1]: --m
  argv[2]: 57
  argv[3]: --max_layer
  argv[4]: 7
  argv[5]: --efc
  argv[6]: 1000
  argv[7]: --efs
  argv[8]: 416
  argv[9]: --hamming_threshold
  argv[10]: 46

Configuration:
  Base file: data_o/glove/base.txt
  Query file: data_o/glove/query.txt
  Truth file: data_o/glove/truth.txt
  K: 10
  M: 57
  Max layer: 7
  EFC: 1000
  EFS: 416
  Threads: -1
  Debug: -1

HNSW parameters set.

Ablation flags: csr=0, prefetch=0, simd=0, pruning=0, heap=0

  Hamming threshold: 46
Loading base vectors...
✓ Base loaded in 2247.969185 ms

Loading query vectors...
✓ Queries loaded in 69.414883 ms

Loading ground truth...
✓ Truth loaded in 73.952513 ms

Data Summary:
  Dimension d=100, Base vectors=1183514, Queries=10000


Building HNSW index...
✓ Index built.
  build_time(local)=4515.773911 ms
  build_time(internal)=2027.069513 ms


========== GRAPH QUALITY ==========

  num_nodes: 1183514

  max_level (entry point): 3

  actual_max_layer: 3

  avg_degree_l0: 83.402588

  avg_degree_upper: 41.035055


  Layer Distribution:

    L0: 1183514 nodes (100.00%)

    L1: 20983 nodes (1.77%)

    L2: 351 nodes (0.03%)

    L3: 4 nodes (0.00%)



Executing queries...

  Processed 1000 queries

  Processed 2000 queries

  Processed 3000 queries

  Processed 4000 queries

  Processed 5000 queries

  Processed 6000 queries

  Processed 7000 queries

  Processed 8000 queries

  Processed 9000 queries

  Processed 10000 queries


========== RESULTS ==========

Total queries: 10000

Average recall@10: 0.989740

Average query time: 2.459816 ms

Total query time: 24598.164642 ms


========== DISTANCE STATISTICS ==========

Total queries reported by index: 10000

Total distance computations: 242075924

Average distance ops per query: 24207.592400

Last query distance ops: 25171


========== PERFORMANCE SUMMARY ==========

Data loading time: 2391.336581 ms

Index build time: 2027.069513 ms

Query execution time: 24598.164642 ms

Total elapsed time: 31505.275134 ms


========== EFFICIENCY METRICS ==========

Queries per second: 406.534396

Distance ops per second: 9841218.949591


========== END OF LOG ==========

Log saved to: Log/run_20251208_175151_545.log

