========== HNSW Search Test ==========

Timestamp: Mon Dec  8 17:11:46 2025

Command line arguments:
  argv[0]: ./hng3
  argv[1]: --m
  argv[2]: 40
  argv[3]: --max_layer
  argv[4]: 7
  argv[5]: --efc
  argv[6]: 1300
  argv[7]: --efs
  argv[8]: 512
  argv[9]: --hamming_threshold
  argv[10]: 32

Configuration:
  Base file: data_o/glove/base.txt
  Query file: data_o/glove/query.txt
  Truth file: data_o/glove/truth.txt
  K: 10
  M: 40
  Max layer: 7
  EFC: 1300
  EFS: 512
  Threads: -1
  Debug: -1

HNSW parameters set.

Ablation flags: csr=0, prefetch=0, simd=0, pruning=0, heap=0

  Hamming threshold: 32
Loading base vectors...
✓ Base loaded in 2240.220486 ms

Loading query vectors...
✓ Queries loaded in 67.184984 ms

Loading ground truth...
✓ Truth loaded in 70.307526 ms

Data Summary:
  Dimension d=100, Base vectors=1183514, Queries=10000


Building HNSW index...
✓ Index built.
  build_time(local)=4310.344236 ms
  build_time(internal)=4304.759478 ms


========== GRAPH QUALITY ==========

  num_nodes: 1183514

  max_level (entry point): 4

  actual_max_layer: 4

  avg_degree_l0: 70.480409

  avg_degree_upper: 36.234139


  Layer Distribution:

    L0: 1183514 nodes (100.00%)

    L1: 29379 nodes (2.48%)

    L2: 691 nodes (0.06%)

    L3: 18 nodes (0.00%)

    L4: 1 nodes (0.00%)



Executing queries...

  Processed 1000 queries

  Processed 2000 queries

  Processed 3000 queries

  Processed 4000 queries

  Processed 5000 queries

  Processed 6000 queries

  Processed 7000 queries

  Processed 8000 queries

  Processed 9000 queries

  Processed 10000 queries


========== RESULTS ==========

Total queries: 10000

Average recall@10: 0.496970

Average query time: 0.617922 ms

Total query time: 6179.221436 ms


========== DISTANCE STATISTICS ==========

Total queries reported by index: 10000

Total distance computations: 14652212

Average distance ops per query: 1465.221200

Last query distance ops: 2402


========== PERFORMANCE SUMMARY ==========

Data loading time: 2377.712996 ms

Index build time: 4304.759478 ms

Query execution time: 6179.221436 ms

Total elapsed time: 12867.278668 ms


========== EFFICIENCY METRICS ==========

Queries per second: 1618.326856

Distance ops per second: 2371206.818166


========== END OF LOG ==========

Log saved to: Log/run_20251208_171146_696.log

