========== HNSW Search Test ==========

Timestamp: Fri Nov 28 12:09:04 2025

Command line arguments:
  argv[0]: ./hng

Configuration:
  Base file: data_o/glove/base.txt
  Query file: data_o/glove/query.txt
  Truth file: data_o/glove/truth.txt
  K: 10
  M: -1
  Max layer: -1
  EFC: -1
  EFS: -1
  Threads: -1
  Debug: -1

Loading base vectors...
✓ Base loaded in 2351.924574 ms

Loading query vectors...
✓ Queries loaded in 72.574350 ms

Loading ground truth...
✓ Truth loaded in 73.567353 ms

Data Summary:
  Dimension d=100, Base vectors=1183514, Queries=10000


Building HNSW index...
✓ Index built.
  build_time(local)=1403148.384724 ms
  build_time(internal)=1274417.432260 ms


========== GRAPH QUALITY ==========

  num_nodes: 1183514

  max_level (entry point): 3

  actual_max_layer: 3

  avg_degree_l0: 73.989277

  avg_degree_upper: 0.225142


  Layer Distribution:

    L0: 1183514 nodes (100.00%)

    L1: 28833 nodes (2.44%)

    L2: 715 nodes (0.06%)

    L3: 20 nodes (0.00%)



Executing queries...

  Processed 1000 queries

  Processed 2000 queries

  Processed 3000 queries

  Processed 4000 queries

  Processed 5000 queries

  Processed 6000 queries

  Processed 7000 queries

  Processed 8000 queries

  Processed 9000 queries

  Processed 10000 queries


========== RESULTS ==========

Total queries: 10000

Average recall@10: 0.979290

Average query time: 2.146674 ms

Total query time: 21466.744427 ms


========== DISTANCE STATISTICS ==========

Total queries reported by index: 10000

Total distance computations: 207029775

Average distance ops per query: 20702.977600

Last query distance ops: 16938


========== PERFORMANCE SUMMARY ==========

Data loading time: 2498.066277 ms

Index build time: 1274417.432260 ms

Query execution time: 21466.744427 ms

Total elapsed time: 1427113.195428 ms


========== EFFICIENCY METRICS ==========

Queries per second: 465.836822

Distance ops per second: 9644209.288652


========== END OF LOG ==========

Log saved to: Log/run_20251128_120904_084.log

