========== HNSW Search Test ==========

Timestamp: Thu Dec  4 05:41:59 2025

Command line arguments:
  argv[0]: ./hng1
  argv[1]: --m
  argv[2]: 62
  argv[3]: --max_layer
  argv[4]: 7
  argv[5]: --efc
  argv[6]: 479
  argv[7]: --efs
  argv[8]: 718

Configuration:
  Base file: data_o/glove/base.txt
  Query file: data_o/glove/query.txt
  Truth file: data_o/glove/truth.txt
  K: 10
  M: 62
  Max layer: 7
  EFC: 479
  EFS: 718
  Threads: -1
  Debug: -1

HNSW parameters set.

Ablation flags: csr=0, prefetch=0, simd=0, pruning=0, heap=0

Loading base vectors...
✓ Base loaded in 2075.619652 ms

Loading query vectors...
✓ Queries loaded in 66.011067 ms

Loading ground truth...
✓ Truth loaded in 68.704992 ms

Data Summary:
  Dimension d=100, Base vectors=1183514, Queries=10000


Building HNSW index...
✓ Index built.
  build_time(local)=3593.885825 ms
  build_time(internal)=3589.240730 ms


========== GRAPH QUALITY ==========

  num_nodes: 1183514

  max_level (entry point): 3

  actual_max_layer: 3

  avg_degree_l0: 50.345257

  avg_degree_upper: 0.138491


  Layer Distribution:

    L0: 1183514 nodes (100.00%)

    L1: 19170 nodes (1.62%)

    L2: 357 nodes (0.03%)

    L3: 5 nodes (0.00%)



Executing queries...

  Processed 1000 queries

  Processed 2000 queries

  Processed 3000 queries

  Processed 4000 queries

  Processed 5000 queries

  Processed 6000 queries

  Processed 7000 queries

  Processed 8000 queries

  Processed 9000 queries

  Processed 10000 queries


========== RESULTS ==========

Total queries: 10000

Average recall@10: 0.990080

Average query time: 2.097440 ms

Total query time: 20974.398165 ms


========== DISTANCE STATISTICS ==========

Total queries reported by index: 10000

Total distance computations: 286343554

Average distance ops per query: 28634.355400

Last query distance ops: 21808


========== PERFORMANCE SUMMARY ==========

Data loading time: 2210.335711 ms

Index build time: 3589.240730 ms

Query execution time: 20974.398165 ms

Total elapsed time: 26778.619701 ms


========== EFFICIENCY METRICS ==========

Queries per second: 476.771725

Distance ops per second: 13652051.026562


========== END OF LOG ==========

Log saved to: Log/run_20251204_054159_896.log

