========== HNSW Search Test ==========

Timestamp: Wed Nov 26 08:21:47 2025

Command line arguments:
  argv[0]: ./hng
  argv[1]: --m
  argv[2]: 64
  argv[3]: --efc
  argv[4]: 794
  argv[5]: --efs
  argv[6]: 1706

Configuration:
  Base file: data_o/glove/base.txt
  Query file: data_o/glove/query.txt
  Truth file: data_o/glove/truth.txt
  K: 10
  M: 64
  Max layer: -1
  EFC: 794
  EFS: 1706
  Threads: -1
  Debug: -1

HNSW parameters set.

Loading base vectors...
✓ Base loaded in 3864.387917 ms

Loading query vectors...
✓ Queries loaded in 98.316215 ms

Loading ground truth...
✓ Truth loaded in 93.086572 ms

Data Summary:
  Dimension d=100, Base vectors=1183514, Queries=10000


Building HNSW index...
✓ Index built.
  build_time(local)=930913.302831 ms
  build_time(internal)=929100.263469 ms


Executing queries...

  Processed 1000 queries

  Processed 2000 queries

  Processed 3000 queries

  Processed 4000 queries

  Processed 5000 queries

  Processed 6000 queries

  Processed 7000 queries

  Processed 8000 queries

  Processed 9000 queries

  Processed 10000 queries


========== RESULTS ==========

Total queries: 10000

Average recall@10: 0.998790

Average query time: 9.379347 ms

Total query time: 93793.472517 ms


========== DISTANCE STATISTICS ==========

Total queries reported by index: 10000

Total distance computations: 718605922

Average distance ops per query: 71860.592200

Last query distance ops: 49095


========== PERFORMANCE SUMMARY ==========

Data loading time: 4055.790704 ms

Index build time: 929100.263469 ms

Query execution time: 93793.472517 ms

Total elapsed time: 1028762.566052 ms


========== EFFICIENCY METRICS ==========

Queries per second: 106.617228

Distance ops per second: 7661577.108895


========== END OF LOG ==========

Log saved to: Log/run_20251126_082147_344.log

