========== HNSW Search Test ==========

Timestamp: Mon Dec  1 21:43:38 2025

Command line arguments:
  argv[0]: ./hng
  argv[1]: --m
  argv[2]: 56
  argv[3]: --max_layer
  argv[4]: 6
  argv[5]: --efc
  argv[6]: 700
  argv[7]: --efs
  argv[8]: 150

Configuration:
  Base file: data_o/glove/base.txt
  Query file: data_o/glove/query.txt
  Truth file: data_o/glove/truth.txt
  K: 10
  M: 56
  Max layer: 6
  EFC: 700
  EFS: 150
  Threads: -1
  Debug: -1

HNSW parameters set.

Loading base vectors...
✓ Base loaded in 2270.663622 ms

Loading query vectors...
✓ Queries loaded in 72.576665 ms

Loading ground truth...
✓ Truth loaded in 73.196480 ms

Data Summary:
  Dimension d=100, Base vectors=1183514, Queries=10000


Building HNSW index...
✓ Index built.
  build_time(local)=1188080.167179 ms
  build_time(internal)=1176133.232451 ms


========== GRAPH QUALITY ==========

  num_nodes: 1183514

  max_level (entry point): 3

  actual_max_layer: 3

  avg_degree_l0: 58.362100

  avg_degree_upper: 0.156197


  Layer Distribution:

    L0: 1183514 nodes (100.00%)

    L1: 21378 nodes (1.81%)

    L2: 376 nodes (0.03%)

    L3: 7 nodes (0.00%)



Executing queries...

  Processed 1000 queries

  Processed 2000 queries

  Processed 3000 queries

  Processed 4000 queries

  Processed 5000 queries

  Processed 6000 queries

  Processed 7000 queries

  Processed 8000 queries

  Processed 9000 queries

  Processed 10000 queries


========== RESULTS ==========

Total queries: 10000

Average recall@10: 0.933110

Average query time: 0.680474 ms

Total query time: 6804.742963 ms


========== DISTANCE STATISTICS ==========

Total queries reported by index: 10000

Total distance computations: 0

Average distance ops per query: 0.000000

Last query distance ops: 0


========== PERFORMANCE SUMMARY ==========

Data loading time: 2416.436767 ms

Index build time: 1176133.232451 ms

Query execution time: 6804.742963 ms

Total elapsed time: 1197301.346909 ms


========== EFFICIENCY METRICS ==========

Queries per second: 1469.563223


========== END OF LOG ==========

Log saved to: Log/run_20251201_214338_423.log

