========== HNSW Search Test ==========

Timestamp: Fri Nov 28 23:08:08 2025

Command line arguments:
  argv[0]: ./hng
  argv[1]: --m
  argv[2]: 43
  argv[3]: --max_layer
  argv[4]: 3
  argv[5]: --efc
  argv[6]: 875
  argv[7]: --efs
  argv[8]: 357

Configuration:
  Base file: data_o/glove/base.txt
  Query file: data_o/glove/query.txt
  Truth file: data_o/glove/truth.txt
  K: 10
  M: 43
  Max layer: 3
  EFC: 875
  EFS: 357
  Threads: -1
  Debug: -1

HNSW parameters set.

Loading base vectors...
✓ Base loaded in 4215.396995 ms

Loading query vectors...
✓ Queries loaded in 88.030993 ms

Loading ground truth...
✓ Truth loaded in 88.511629 ms

Data Summary:
  Dimension d=100, Base vectors=1183514, Queries=10000


Building HNSW index...
✓ Index built.
  build_time(local)=1217024.357557 ms
  build_time(internal)=1323472.314110 ms


========== GRAPH QUALITY ==========

  num_nodes: 1183514

  max_level (entry point): 3

  actual_max_layer: 3

  avg_degree_l0: 59.588361

  avg_degree_upper: 0.208163


  Layer Distribution:

    L0: 1183514 nodes (100.00%)

    L1: 27494 nodes (2.32%)

    L2: 645 nodes (0.05%)

    L3: 12 nodes (0.00%)



Executing queries...

  Processed 1000 queries

  Processed 2000 queries

  Processed 3000 queries

  Processed 4000 queries

  Processed 5000 queries

  Processed 6000 queries

  Processed 7000 queries

  Processed 8000 queries

  Processed 9000 queries

  Processed 10000 queries


========== RESULTS ==========

Total queries: 10000

Average recall@10: 0.975530

Average query time: 1.856395 ms

Total query time: 18563.949142 ms


========== DISTANCE STATISTICS ==========

Total queries reported by index: 10000

Total distance computations: 171836924

Average distance ops per query: 17183.692400

Last query distance ops: 14703


========== PERFORMANCE SUMMARY ==========

Data loading time: 4391.939617 ms

Index build time: 1323472.314110 ms

Query execution time: 18563.949142 ms

Total elapsed time: 1239980.246316 ms


========== EFFICIENCY METRICS ==========

Queries per second: 538.678485

Distance ops per second: 9256485.389266


========== END OF LOG ==========

Log saved to: Log/run_20251128_230808_284.log

