========== HNSW Search Test ==========

Timestamp: Thu Nov 27 06:54:36 2025

Command line arguments:
  argv[0]: ./hng
  argv[1]: --m
  argv[2]: 47
  argv[3]: --max_layer
  argv[4]: 10
  argv[5]: --efc
  argv[6]: 716
  argv[7]: --efs
  argv[8]: 586

Configuration:
  Base file: data_o/glove/base.txt
  Query file: data_o/glove/query.txt
  Truth file: data_o/glove/truth.txt
  K: 10
  M: 47
  Max layer: 10
  EFC: 716
  EFS: 586
  Threads: -1
  Debug: -1

HNSW parameters set.

Loading base vectors...
✓ Base loaded in 2202.228369 ms

Loading query vectors...
✓ Queries loaded in 69.853510 ms

Loading ground truth...
✓ Truth loaded in 68.409869 ms

Data Summary:
  Dimension d=100, Base vectors=1183514, Queries=10000


Building HNSW index...
✓ Index built.
  build_time(local)=1157785.866338 ms
  build_time(internal)=1093685.730368 ms


========== GRAPH QUALITY ==========

  num_nodes: 1183514

  max_level (entry point): 3

  actual_max_layer: 3

  avg_degree_l0: 57.569305

  avg_degree_upper: 0.144623


  Layer Distribution:

    L0: 1183514 nodes (100.00%)

    L1: 25091 nodes (2.12%)

    L2: 535 nodes (0.05%)

    L3: 13 nodes (0.00%)



Executing queries...

  Processed 1000 queries

  Processed 2000 queries

  Processed 3000 queries

  Processed 4000 queries

  Processed 5000 queries

  Processed 6000 queries

  Processed 7000 queries

  Processed 8000 queries

  Processed 9000 queries

  Processed 10000 queries


========== RESULTS ==========

Total queries: 10000

Average recall@10: 0.988430

Average query time: 2.837493 ms

Total query time: 28374.926106 ms


========== DISTANCE STATISTICS ==========

Total queries reported by index: 10000

Total distance computations: 262178798

Average distance ops per query: 26217.879800

Last query distance ops: 20735


========== PERFORMANCE SUMMARY ==========

Data loading time: 2340.491748 ms

Index build time: 1093685.730368 ms

Query execution time: 28374.926106 ms

Total elapsed time: 1188501.284192 ms


========== EFFICIENCY METRICS ==========

Queries per second: 352.423825

Distance ops per second: 9239805.489557


========== END OF LOG ==========

Log saved to: Log/run_20251127_065436_877.log

