========== HNSW Search Test ==========

Timestamp: Wed Nov 26 03:08:56 2025

Command line arguments:
  argv[0]: ./hng
  argv[1]: --m
  argv[2]: 42
  argv[3]: --efc
  argv[4]: 532
  argv[5]: --efs
  argv[6]: 956

Configuration:
  Base file: data_o/glove/base.txt
  Query file: data_o/glove/query.txt
  Truth file: data_o/glove/truth.txt
  K: 10
  M: 42
  Max layer: -1
  EFC: 532
  EFS: 956
  Threads: -1
  Debug: -1

HNSW parameters set.

Loading base vectors...
✓ Base loaded in 3499.951608 ms

Loading query vectors...
✓ Queries loaded in 85.002529 ms

Loading ground truth...
✓ Truth loaded in 74.275862 ms

Data Summary:
  Dimension d=100, Base vectors=1183514, Queries=10000


Building HNSW index...
✓ Index built.
  build_time(local)=439622.094435 ms
  build_time(internal)=476883.464439 ms


Executing queries...

  Processed 1000 queries

  Processed 2000 queries

  Processed 3000 queries

  Processed 4000 queries

  Processed 5000 queries

  Processed 6000 queries

  Processed 7000 queries

  Processed 8000 queries

  Processed 9000 queries

  Processed 10000 queries


========== RESULTS ==========

Total queries: 10000

Average recall@10: 0.640910

Average query time: 3.803150 ms

Total query time: 38031.496703 ms


========== DISTANCE STATISTICS ==========

Total queries reported by index: 10000

Total distance computations: 334728660

Average distance ops per query: 33472.866000

Last query distance ops: 25265


========== PERFORMANCE SUMMARY ==========

Data loading time: 3659.229999 ms

Index build time: 476883.464439 ms

Query execution time: 38031.496703 ms

Total elapsed time: 481312.821137 ms


========== EFFICIENCY METRICS ==========

Queries per second: 262.939954

Distance ops per second: 8801353.851888


========== END OF LOG ==========

Log saved to: Log/run_20251126_030856_446.log

