========== HNSW Search Test ==========

Timestamp: Sat Dec  6 10:42:29 2025

Command line arguments:
  argv[0]: ./hng1
  argv[1]: --m
  argv[2]: 44
  argv[3]: --max_layer
  argv[4]: 4
  argv[5]: --efc
  argv[6]: 1409
  argv[7]: --efs
  argv[8]: 320

Configuration:
  Base file: data_o/glove/base.txt
  Query file: data_o/glove/query.txt
  Truth file: data_o/glove/truth.txt
  K: 10
  M: 44
  Max layer: 4
  EFC: 1409
  EFS: 320
  Threads: -1
  Debug: -1

HNSW parameters set.

Ablation flags: csr=0, prefetch=0, simd=0, pruning=0, heap=0

Loading base vectors...
✓ Base loaded in 2190.274110 ms

Loading query vectors...
✓ Queries loaded in 70.689796 ms

Loading ground truth...
✓ Truth loaded in 68.352140 ms

Data Summary:
  Dimension d=100, Base vectors=1183514, Queries=10000


Building HNSW index...
✓ Index built.
  build_time(local)=3866.001091 ms
  build_time(internal)=3860.883774 ms


========== GRAPH QUALITY ==========

  num_nodes: 1183514

  max_level (entry point): 3

  actual_max_layer: 3

  avg_degree_l0: 66.069076

  avg_degree_upper: 0.185795


  Layer Distribution:

    L0: 1183514 nodes (100.00%)

    L1: 26670 nodes (2.25%)

    L2: 635 nodes (0.05%)

    L3: 10 nodes (0.00%)



Executing queries...

  Processed 1000 queries

  Processed 2000 queries

  Processed 3000 queries

  Processed 4000 queries

  Processed 5000 queries

  Processed 6000 queries

  Processed 7000 queries

  Processed 8000 queries

  Processed 9000 queries

  Processed 10000 queries


========== RESULTS ==========

Total queries: 10000

Average recall@10: 0.975510

Average query time: 1.199364 ms

Total query time: 11993.643766 ms


========== DISTANCE STATISTICS ==========

Total queries reported by index: 10000

Total distance computations: 170797123

Average distance ops per query: 17079.712300

Last query distance ops: 15011


========== PERFORMANCE SUMMARY ==========

Data loading time: 2329.316046 ms

Index build time: 3860.883774 ms

Query execution time: 11993.643766 ms

Total elapsed time: 18188.960903 ms


========== EFFICIENCY METRICS ==========

Queries per second: 833.774972

Distance ops per second: 14240636.651572


========== END OF LOG ==========

Log saved to: Log/run_20251206_104229_031.log

