========== HNSW Search Test ==========

Timestamp: Mon Dec  8 13:52:04 2025

Command line arguments:
  argv[0]: ./hng3
  argv[1]: --m
  argv[2]: 40
  argv[3]: --max_layer
  argv[4]: 7
  argv[5]: --efc
  argv[6]: 1000
  argv[7]: --efs
  argv[8]: 272
  argv[9]: --hamming_threshold
  argv[10]: 38

Configuration:
  Base file: data_o/glove/base.txt
  Query file: data_o/glove/query.txt
  Truth file: data_o/glove/truth.txt
  K: 10
  M: 40
  Max layer: 7
  EFC: 1000
  EFS: 272
  Threads: -1
  Debug: -1

HNSW parameters set.

Ablation flags: csr=0, prefetch=0, simd=0, pruning=0, heap=0

Loading base vectors...
✓ Base loaded in 2433.955770 ms

Loading query vectors...
✓ Queries loaded in 78.324092 ms

Loading ground truth...
✓ Truth loaded in 77.263843 ms

Data Summary:
  Dimension d=100, Base vectors=1183514, Queries=10000


Building HNSW index...
✓ Index built.
  build_time(local)=4255.874158 ms
  build_time(internal)=2126.503069 ms


========== GRAPH QUALITY ==========

  num_nodes: 1183514

  max_level (entry point): 4

  actual_max_layer: 4

  avg_degree_l0: 68.582917

  avg_degree_upper: 36.158961


  Layer Distribution:

    L0: 1183514 nodes (100.00%)

    L1: 29240 nodes (2.47%)

    L2: 710 nodes (0.06%)

    L3: 24 nodes (0.00%)

    L4: 2 nodes (0.00%)



Executing queries...

  Processed 1000 queries

  Processed 2000 queries

  Processed 3000 queries

  Processed 4000 queries

  Processed 5000 queries

  Processed 6000 queries

  Processed 7000 queries

  Processed 8000 queries

  Processed 9000 queries

  Processed 10000 queries


========== RESULTS ==========

Total queries: 10000

Average recall@10: 0.970320

Average query time: 1.264121 ms

Total query time: 12641.213637 ms


========== DISTANCE STATISTICS ==========

Total queries reported by index: 10000

Total distance computations: 118823992

Average distance ops per query: 11882.399200

Last query distance ops: 12860


========== PERFORMANCE SUMMARY ==========

Data loading time: 2589.543705 ms

Index build time: 2126.503069 ms

Query execution time: 12641.213637 ms

Total elapsed time: 19486.631500 ms


========== EFFICIENCY METRICS ==========

Queries per second: 791.063286

Distance ops per second: 9399729.757925


========== END OF LOG ==========

Log saved to: Log/run_20251208_135204_038.log

