========== HNSW Search Test ==========

Timestamp: Mon Dec  8 13:57:47 2025

Command line arguments:
  argv[0]: ./hng3
  argv[1]: --m
  argv[2]: 64
  argv[3]: --max_layer
  argv[4]: 3
  argv[5]: --efc
  argv[6]: 2000
  argv[7]: --efs
  argv[8]: 276
  argv[9]: --hamming_threshold
  argv[10]: 64

Configuration:
  Base file: data_o/glove/base.txt
  Query file: data_o/glove/query.txt
  Truth file: data_o/glove/truth.txt
  K: 10
  M: 64
  Max layer: 3
  EFC: 2000
  EFS: 276
  Threads: -1
  Debug: -1

HNSW parameters set.

Ablation flags: csr=0, prefetch=0, simd=0, pruning=0, heap=0

  Hamming threshold: 64
Loading base vectors...
✓ Base loaded in 2302.953786 ms

Loading query vectors...
✓ Queries loaded in 77.415363 ms

Loading ground truth...
✓ Truth loaded in 72.362288 ms

Data Summary:
  Dimension d=100, Base vectors=1183514, Queries=10000


Building HNSW index...
