========== HNSW Search Test ==========

Timestamp: Thu Dec  4 14:02:31 2025

Command line arguments:
  argv[0]: ./hng1
  argv[1]: --m
  argv[2]: 56
  argv[3]: --max_layer
  argv[4]: 13
  argv[5]: --efc
  argv[6]: 416
  argv[7]: --efs
  argv[8]: 2000

Configuration:
  Base file: data_o/glove/base.txt
  Query file: data_o/glove/query.txt
  Truth file: data_o/glove/truth.txt
  K: 10
  M: 56
  Max layer: 13
  EFC: 416
  EFS: 2000
  Threads: -1
  Debug: -1

HNSW parameters set.

Ablation flags: csr=0, prefetch=0, simd=0, pruning=0, heap=0

Loading base vectors...
✓ Base loaded in 2307.456466 ms

Loading query vectors...
✓ Queries loaded in 70.279180 ms

Loading ground truth...
✓ Truth loaded in 69.187964 ms

Data Summary:
  Dimension d=100, Base vectors=1183514, Queries=10000


Building HNSW index...
✓ Index built.
  build_time(local)=5140.177299 ms
  build_time(internal)=5135.158649 ms


========== GRAPH QUALITY ==========

  num_nodes: 1183514

  max_level (entry point): 3

  actual_max_layer: 3

  avg_degree_l0: 47.104209

  avg_degree_upper: 0.136393


  Layer Distribution:

    L0: 1183514 nodes (100.00%)

    L1: 21152 nodes (1.79%)

    L2: 369 nodes (0.03%)

    L3: 5 nodes (0.00%)



Executing queries...

  Processed 1000 queries

  Processed 2000 queries

  Processed 3000 queries

  Processed 4000 queries

  Processed 5000 queries

  Processed 6000 queries

  Processed 7000 queries

