========== HNSW Search Test ==========

Timestamp: Mon Dec  8 14:54:18 2025

Command line arguments:
  argv[0]: ./hng3
  argv[1]: --m
  argv[2]: 32
  argv[3]: --max_layer
  argv[4]: 7
  argv[5]: --efc
  argv[6]: 1300
  argv[7]: --efs
  argv[8]: 320
  argv[9]: --hamming_threshold
  argv[10]: 32

Configuration:
  Base file: data_o/glove/base.txt
  Query file: data_o/glove/query.txt
  Truth file: data_o/glove/truth.txt
  K: 10
  M: 32
  Max layer: 7
  EFC: 1300
  EFS: 320
  Threads: -1
  Debug: -1

HNSW parameters set.

Ablation flags: csr=0, prefetch=0, simd=0, pruning=0, heap=0

  Hamming threshold: 32
Loading base vectors...
✓ Base loaded in 2244.128539 ms

Loading query vectors...
✓ Queries loaded in 69.823435 ms

Loading ground truth...
✓ Truth loaded in 70.754619 ms

Data Summary:
  Dimension d=100, Base vectors=1183514, Queries=10000


Building HNSW index...
✓ Index built.
  build_time(local)=3900.170193 ms
  build_time(internal)=3895.177347 ms


========== GRAPH QUALITY ==========

  num_nodes: 1183514

  max_level (entry point): 4

  actual_max_layer: 4

  avg_degree_l0: 59.116397

  avg_degree_upper: 30.476387


  Layer Distribution:

    L0: 1183514 nodes (100.00%)

    L1: 37221 nodes (3.14%)

    L2: 1178 nodes (0.10%)

    L3: 33 nodes (0.00%)

    L4: 1 nodes (0.00%)



Executing queries...

  Processed 1000 queries

  Processed 2000 queries

  Processed 3000 queries

  Processed 4000 queries

  Processed 5000 queries

  Processed 6000 queries

  Processed 7000 queries

  Processed 8000 queries

  Processed 9000 queries

  Processed 10000 queries


========== RESULTS ==========

Total queries: 10000

Average recall@10: 0.490670

Average query time: 0.360502 ms

Total query time: 3605.015477 ms


========== DISTANCE STATISTICS ==========

Total queries reported by index: 10000

Total distance computations: 10778989

Average distance ops per query: 1077.898900

Last query distance ops: 1767


========== PERFORMANCE SUMMARY ==========

Data loading time: 2384.706593 ms

Index build time: 3895.177347 ms

Query execution time: 3605.015477 ms

Total elapsed time: 9889.892263 ms


========== EFFICIENCY METRICS ==========

Queries per second: 2773.913195

Distance ops per second: 2989997.981637


========== END OF LOG ==========

Log saved to: Log/run_20251208_145418_514.log

