========== HNSW Search Test ==========

Timestamp: Wed Nov 26 21:56:29 2025

Command line arguments:
  argv[0]: ./hng
  argv[1]: --m
  argv[2]: 49
  argv[3]: --max_layer
  argv[4]: 12
  argv[5]: --efc
  argv[6]: 205
  argv[7]: --efs
  argv[8]: 829

Configuration:
  Base file: data_o/glove/base.txt
  Query file: data_o/glove/query.txt
  Truth file: data_o/glove/truth.txt
  K: 10
  M: 49
  Max layer: 12
  EFC: 205
  EFS: 829
  Threads: -1
  Debug: -1

HNSW parameters set.

Loading base vectors...
✓ Base loaded in 2167.402085 ms

Loading query vectors...
✓ Queries loaded in 72.247874 ms

Loading ground truth...
✓ Truth loaded in 70.753280 ms

Data Summary:
  Dimension d=100, Base vectors=1183514, Queries=10000


Building HNSW index...
✓ Index built.
  build_time(local)=229518.019038 ms
  build_time(internal)=220863.502069 ms


========== GRAPH QUALITY ==========

  num_nodes: 1183514

  max_level (entry point): 3

  actual_max_layer: 3

  avg_degree_l0: 32.423805

  avg_degree_upper: 0.122991


  Layer Distribution:

    L0: 1183514 nodes (100.00%)

    L1: 24237 nodes (2.05%)

    L2: 455 nodes (0.04%)

    L3: 9 nodes (0.00%)



Executing queries...

  Processed 1000 queries

  Processed 2000 queries

  Processed 3000 queries

  Processed 4000 queries

  Processed 5000 queries

  Processed 6000 queries

  Processed 7000 queries

  Processed 8000 queries

  Processed 9000 queries

  Processed 10000 queries


========== RESULTS ==========

Total queries: 10000

Average recall@10: 0.979080

Average query time: 2.730149 ms

Total query time: 27301.491102 ms


========== DISTANCE STATISTICS ==========

Total queries reported by index: 10000

Total distance computations: 223101042

Average distance ops per query: 22310.104200

Last query distance ops: 17908


========== PERFORMANCE SUMMARY ==========

Data loading time: 2310.403239 ms

Index build time: 220863.502069 ms

Query execution time: 27301.491102 ms

Total elapsed time: 259129.913379 ms


========== EFFICIENCY METRICS ==========

Queries per second: 366.280360

Distance ops per second: 8171753.006694


========== END OF LOG ==========

Log saved to: Log/run_20251126_215629_871.log

