========== HNSW Search Test ==========

Timestamp: Sat Dec  6 00:19:41 2025

Command line arguments:
  argv[0]: ./basic
  argv[1]: --m
  argv[2]: 59
  argv[3]: --max_layer
  argv[4]: 7
  argv[5]: --efc
  argv[6]: 763
  argv[7]: --efs
  argv[8]: 2500

Configuration:
  Base file: data_o/glove/base.txt
  Query file: data_o/glove/query.txt
  Truth file: data_o/glove/truth.txt
  K: 10
  M: 59
  Max layer: 7
  EFC: 763
  EFS: 2500
  Threads: -1
  Debug: -1

HNSW parameters set.

Ablation flags: csr=0, prefetch=0, simd=0, pruning=0, heap=0

Loading base vectors...
✓ Base loaded in 2243.564032 ms

Loading query vectors...
✓ Queries loaded in 69.406375 ms

Loading ground truth...
✓ Truth loaded in 68.447779 ms

Data Summary:
  Dimension d=100, Base vectors=1183514, Queries=10000


Building HNSW index...
✓ Index built.
  build_time(local)=7611.401542 ms
  build_time(internal)=7606.588670 ms

Executing queries...

  Processed 1000 queries

  Processed 2000 queries

  Processed 3000 queries

  Processed 4000 queries

  Processed 5000 queries

  Processed 6000 queries

  Processed 7000 queries

  Processed 8000 queries

  Processed 9000 queries

  Processed 10000 queries


========== RESULTS ==========

Total queries: 10000

Average recall@10: 0.771590

Average query time: 0.404936 ms

Total query time: 4049.363615 ms


========== DISTANCE STATISTICS ==========

Total queries reported by index: 10000

Total distance computations: 28764976

Average distance ops per query: 2876.497600

Last query distance ops: 2958


========== PERFORMANCE SUMMARY ==========

Data loading time: 2381.418186 ms

Index build time: 7606.588670 ms

Query execution time: 4049.363615 ms

Total elapsed time: 14042.183343 ms


========== EFFICIENCY METRICS ==========

Queries per second: 2469.523844

Distance ops per second: 7103579.410218


========== END OF LOG ==========

Log saved to: Log/run_20251206_001941_206.log

