========== HNSW Search Test ==========

Timestamp: Thu Nov 27 05:57:58 2025

Command line arguments:
  argv[0]: ./hng
  argv[1]: --m
  argv[2]: 48
  argv[3]: --max_layer
  argv[4]: 4
  argv[5]: --efc
  argv[6]: 240
  argv[7]: --efs
  argv[8]: 1217

Configuration:
  Base file: data_o/glove/base.txt
  Query file: data_o/glove/query.txt
  Truth file: data_o/glove/truth.txt
  K: 10
  M: 48
  Max layer: 4
  EFC: 240
  EFS: 1217
  Threads: -1
  Debug: -1

HNSW parameters set.

Loading base vectors...
✓ Base loaded in 2134.147434 ms

Loading query vectors...
✓ Queries loaded in 68.463547 ms

Loading ground truth...
✓ Truth loaded in 68.984338 ms

Data Summary:
  Dimension d=100, Base vectors=1183514, Queries=10000


Building HNSW index...
✓ Index built.
  build_time(local)=289260.064366 ms
  build_time(internal)=272208.787316 ms


========== GRAPH QUALITY ==========

  num_nodes: 1183514

  max_level (entry point): 4

  actual_max_layer: 4

  avg_degree_l0: 35.389165

  avg_degree_upper: 0.133984


  Layer Distribution:

    L0: 1183514 nodes (100.00%)

    L1: 24760 nodes (2.09%)

    L2: 525 nodes (0.04%)

    L3: 8 nodes (0.00%)

    L4: 1 nodes (0.00%)



Executing queries...

  Processed 1000 queries

  Processed 2000 queries

  Processed 3000 queries

  Processed 4000 queries

  Processed 5000 queries

  Processed 6000 queries

  Processed 7000 queries

  Processed 8000 queries

  Processed 9000 queries

  Processed 10000 queries


========== RESULTS ==========

Total queries: 10000

Average recall@10: 0.989200

Average query time: 4.543654 ms

Total query time: 45436.539582 ms


========== DISTANCE STATISTICS ==========

Total queries reported by index: 10000

Total distance computations: 334833596

Average distance ops per query: 33483.359600

Last query distance ops: 25753


========== PERFORMANCE SUMMARY ==========

Data loading time: 2271.595319 ms

Index build time: 272208.787316 ms

Query execution time: 45436.539582 ms

Total elapsed time: 336968.199267 ms


========== EFFICIENCY METRICS ==========

Queries per second: 220.087183

Distance ops per second: 7369258.290362


========== END OF LOG ==========

Log saved to: Log/run_20251127_055758_906.log

