========== HNSW Search Test ==========

Timestamp: Fri Nov 28 06:14:49 2025

Command line arguments:
  argv[0]: ./hng
  argv[1]: --m
  argv[2]: 52
  argv[3]: --max_layer
  argv[4]: 18
  argv[5]: --efc
  argv[6]: 826
  argv[7]: --efs
  argv[8]: 488

Configuration:
  Base file: data_o/glove/base.txt
  Query file: data_o/glove/query.txt
  Truth file: data_o/glove/truth.txt
  K: 10
  M: 52
  Max layer: 18
  EFC: 826
  EFS: 488
  Threads: -1
  Debug: -1

HNSW parameters set.

Loading base vectors...
✓ Base loaded in 2254.748596 ms

Loading query vectors...
✓ Queries loaded in 72.496256 ms

Loading ground truth...
✓ Truth loaded in 73.433029 ms

Data Summary:
  Dimension d=100, Base vectors=1183514, Queries=10000


Building HNSW index...
✓ Index built.
  build_time(local)=1490420.289517 ms
  build_time(internal)=1352641.222920 ms


========== GRAPH QUALITY ==========

  num_nodes: 1183514

  max_level (entry point): 4

  actual_max_layer: 4

  avg_degree_l0: 61.243633

  avg_degree_upper: 0.137146


  Layer Distribution:

    L0: 1183514 nodes (100.00%)

    L1: 22663 nodes (1.91%)

    L2: 444 nodes (0.04%)

    L3: 6 nodes (0.00%)

    L4: 1 nodes (0.00%)



Executing queries...

  Processed 1000 queries

  Processed 2000 queries

  Processed 3000 queries

  Processed 4000 queries

  Processed 5000 queries

  Processed 6000 queries

  Processed 7000 queries

  Processed 8000 queries

  Processed 9000 queries

  Processed 10000 queries


========== RESULTS ==========

Total queries: 10000

Average recall@10: 0.986150

Average query time: 2.582482 ms

Total query time: 25824.816138 ms


========== DISTANCE STATISTICS ==========

Total queries reported by index: 10000

Total distance computations: 238591074

Average distance ops per query: 23859.107400

Last query distance ops: 19035


========== PERFORMANCE SUMMARY ==========

Data loading time: 2400.677881 ms

Index build time: 1352641.222920 ms

Query execution time: 25824.816138 ms

Total elapsed time: 1518645.783536 ms


========== EFFICIENCY METRICS ==========

Queries per second: 387.224441

Distance ops per second: 9238829.532224


========== END OF LOG ==========

Log saved to: Log/run_20251128_061449_961.log

