========== HNSW Search Test ==========

Timestamp: Thu Nov 27 04:13:27 2025

Command line arguments:
  argv[0]: ./hng
  argv[1]: --m
  argv[2]: 38
  argv[3]: --max_layer
  argv[4]: 14
  argv[5]: --efc
  argv[6]: 529
  argv[7]: --efs
  argv[8]: 779

Configuration:
  Base file: data_o/glove/base.txt
  Query file: data_o/glove/query.txt
  Truth file: data_o/glove/truth.txt
  K: 10
  M: 38
  Max layer: 14
  EFC: 529
  EFS: 779
  Threads: -1
  Debug: -1

HNSW parameters set.

Loading base vectors...
✓ Base loaded in 2112.903282 ms

Loading query vectors...
✓ Queries loaded in 76.710827 ms

Loading ground truth...
✓ Truth loaded in 82.387309 ms

Data Summary:
  Dimension d=100, Base vectors=1183514, Queries=10000


Building HNSW index...
✓ Index built.
  build_time(local)=763104.141728 ms
  build_time(internal)=719411.847248 ms


========== GRAPH QUALITY ==========

  num_nodes: 1183514

  max_level (entry point): 3

  actual_max_layer: 3

  avg_degree_l0: 49.409551

  avg_degree_upper: 0.176813


  Layer Distribution:

    L0: 1183514 nodes (100.00%)

    L1: 31072 nodes (2.63%)

    L2: 822 nodes (0.07%)

    L3: 21 nodes (0.00%)



Executing queries...

  Processed 1000 queries

  Processed 2000 queries

  Processed 3000 queries

  Processed 4000 queries

  Processed 5000 queries

  Processed 6000 queries

  Processed 7000 queries

  Processed 8000 queries

  Processed 9000 queries

  Processed 10000 queries


========== RESULTS ==========

Total queries: 10000

Average recall@10: 0.989620

Average query time: 3.358207 ms

Total query time: 33582.074406 ms


========== DISTANCE STATISTICS ==========

Total queries reported by index: 10000

Total distance computations: 286743857

Average distance ops per query: 28674.385700

Last query distance ops: 22857


========== PERFORMANCE SUMMARY ==========

Data loading time: 2272.001418 ms

Index build time: 719411.847248 ms

Query execution time: 33582.074406 ms

Total elapsed time: 798958.217552 ms


========== EFFICIENCY METRICS ==========

Queries per second: 297.777912

Distance ops per second: 8538598.703979


========== END OF LOG ==========

Log saved to: Log/run_20251127_041327_948.log

