========== HNSW Search Test ==========

Timestamp: Tue Dec  9 03:31:01 2025

Command line arguments:
  argv[0]: ./hng3
  argv[1]: --m
  argv[2]: 40
  argv[3]: --max_layer
  argv[4]: 7
  argv[5]: --efc
  argv[6]: 2000
  argv[7]: --efs
  argv[8]: 288
  argv[9]: --hamming_threshold
  argv[10]: 41

Configuration:
  Base file: data_o/glove/base.txt
  Query file: data_o/glove/query.txt
  Truth file: data_o/glove/truth.txt
  K: 10
  M: 40
  Max layer: 7
  EFC: 2000
  EFS: 288
  Threads: -1
  Debug: -1

HNSW parameters set.

Ablation flags: csr=0, prefetch=0, simd=0, pruning=0, heap=0

  Hamming threshold: 41
Loading base vectors...
✓ Base loaded in 2124.439297 ms

Loading query vectors...
✓ Queries loaded in 68.501616 ms

Loading ground truth...
✓ Truth loaded in 67.449558 ms

Data Summary:
  Dimension d=100, Base vectors=1183514, Queries=10000


Building HNSW index...
✓ Index built.
  build_time(local)=4147.727917 ms
  build_time(internal)=4142.669984 ms


========== GRAPH QUALITY ==========

  num_nodes: 1183514

  max_level (entry point): 3

  actual_max_layer: 3

  avg_degree_l0: 72.658490

  avg_degree_upper: 36.400908


  Layer Distribution:

    L0: 1183514 nodes (100.00%)

    L1: 29680 nodes (2.51%)

    L2: 692 nodes (0.06%)

    L3: 24 nodes (0.00%)



Executing queries...

  Processed 1000 queries

  Processed 2000 queries

  Processed 3000 queries

  Processed 4000 queries

  Processed 5000 queries

  Processed 6000 queries

  Processed 7000 queries

  Processed 8000 queries

  Processed 9000 queries

  Processed 10000 queries


========== RESULTS ==========

Total queries: 10000

Average recall@10: 0.968970

Average query time: 1.606784 ms

Total query time: 16067.837905 ms


========== DISTANCE STATISTICS ==========

Total queries reported by index: 10000

Total distance computations: 97966743

Average distance ops per query: 9796.674300

Last query distance ops: 11615


========== PERFORMANCE SUMMARY ==========

Data loading time: 2260.390471 ms

Index build time: 4142.669984 ms

Query execution time: 16067.837905 ms

Total elapsed time: 22475.956293 ms


========== EFFICIENCY METRICS ==========

Queries per second: 622.361270

Distance ops per second: 6097070.656253


========== END OF LOG ==========

Log saved to: Log/run_20251209_033101_589.log

