========== HNSW Search Test ==========

Timestamp: Mon Dec  8 17:40:21 2025

Command line arguments:
  argv[0]: ./hng3
  argv[1]: --m
  argv[2]: 57
  argv[3]: --max_layer
  argv[4]: 7
  argv[5]: --efc
  argv[6]: 1000
  argv[7]: --efs
  argv[8]: 368
  argv[9]: --hamming_threshold
  argv[10]: 46

Configuration:
  Base file: data_o/glove/base.txt
  Query file: data_o/glove/query.txt
  Truth file: data_o/glove/truth.txt
  K: 10
  M: 57
  Max layer: 7
  EFC: 1000
  EFS: 368
  Threads: -1
  Debug: -1

HNSW parameters set.

Ablation flags: csr=0, prefetch=0, simd=0, pruning=0, heap=0

  Hamming threshold: 46
Loading base vectors...
✓ Base loaded in 2289.538433 ms

Loading query vectors...
✓ Queries loaded in 62.846059 ms

Loading ground truth...
✓ Truth loaded in 68.402183 ms

Data Summary:
  Dimension d=100, Base vectors=1183514, Queries=10000


Building HNSW index...
✓ Index built.
  build_time(local)=4445.960794 ms
  build_time(internal)=4440.930308 ms


========== GRAPH QUALITY ==========

  num_nodes: 1183514

  max_level (entry point): 3

  actual_max_layer: 3

  avg_degree_l0: 83.402588

  avg_degree_upper: 41.035055


  Layer Distribution:

    L0: 1183514 nodes (100.00%)

    L1: 20983 nodes (1.77%)

    L2: 351 nodes (0.03%)

    L3: 4 nodes (0.00%)



Executing queries...

  Processed 1000 queries

  Processed 2000 queries

  Processed 3000 queries

  Processed 4000 queries

  Processed 5000 queries

  Processed 6000 queries

  Processed 7000 queries

  Processed 8000 queries

  Processed 9000 queries

  Processed 10000 queries


========== RESULTS ==========

Total queries: 10000

Average recall@10: 0.987280

Average query time: 2.265146 ms

Total query time: 22651.464544 ms


========== DISTANCE STATISTICS ==========

Total queries reported by index: 10000

Total distance computations: 218300584

Average distance ops per query: 21830.058400

Last query distance ops: 22998


========== PERFORMANCE SUMMARY ==========

Data loading time: 2420.786675 ms

Index build time: 4440.930308 ms

Query execution time: 22651.464544 ms

Total elapsed time: 29518.212013 ms


========== EFFICIENCY METRICS ==========

Queries per second: 441.472558

Distance ops per second: 9637371.728259


========== END OF LOG ==========

Log saved to: Log/run_20251208_174021_891.log

