========== HNSW Search Test ==========

Timestamp: Fri Nov 28 21:26:33 2025

Command line arguments:
  argv[0]: ./hng
  argv[1]: --m
  argv[2]: 42
  argv[3]: --max_layer
  argv[4]: 4
  argv[5]: --efc
  argv[6]: 850
  argv[7]: --efs
  argv[8]: 546

Configuration:
  Base file: data_o/glove/base.txt
  Query file: data_o/glove/query.txt
  Truth file: data_o/glove/truth.txt
  K: 10
  M: 42
  Max layer: 4
  EFC: 850
  EFS: 546
  Threads: -1
  Debug: -1

HNSW parameters set.

Loading base vectors...
✓ Base loaded in 3824.503773 ms

Loading query vectors...
✓ Queries loaded in 132.271502 ms

Loading ground truth...
✓ Truth loaded in 98.636519 ms

Data Summary:
  Dimension d=100, Base vectors=1183514, Queries=10000


Building HNSW index...
