========== HNSW Search Test ==========

Timestamp: Mon Dec  8 15:33:19 2025

Command line arguments:
  argv[0]: ./hng3
  argv[1]: --m
  argv[2]: 40
  argv[3]: --max_layer
  argv[4]: 7
  argv[5]: --efc
  argv[6]: 1000
  argv[7]: --efs
  argv[8]: 272
  argv[9]: --hamming_threshold
  argv[10]: 32

Configuration:
  Base file: data_o/glove/base.txt
  Query file: data_o/glove/query.txt
  Truth file: data_o/glove/truth.txt
  K: 10
  M: 40
  Max layer: 7
  EFC: 1000
  EFS: 272
  Threads: -1
  Debug: -1

HNSW parameters set.

Ablation flags: csr=0, prefetch=0, simd=0, pruning=0, heap=0

  Hamming threshold: 32
Loading base vectors...
✓ Base loaded in 2274.525710 ms

Loading query vectors...
✓ Queries loaded in 69.866301 ms

Loading ground truth...
✓ Truth loaded in 73.969086 ms

Data Summary:
  Dimension d=100, Base vectors=1183514, Queries=10000


Building HNSW index...
✓ Index built.
  build_time(local)=4318.190741 ms
  build_time(internal)=2256.996688 ms


========== GRAPH QUALITY ==========

  num_nodes: 1183514

  max_level (entry point): 4

  actual_max_layer: 4

  avg_degree_l0: 68.582917

  avg_degree_upper: 36.158961


  Layer Distribution:

    L0: 1183514 nodes (100.00%)

    L1: 29240 nodes (2.47%)

    L2: 710 nodes (0.06%)

    L3: 24 nodes (0.00%)

    L4: 2 nodes (0.00%)



Executing queries...

  Processed 1000 queries

  Processed 2000 queries

  Processed 3000 queries

  Processed 4000 queries

  Processed 5000 queries

  Processed 6000 queries

  Processed 7000 queries

  Processed 8000 queries

  Processed 9000 queries

  Processed 10000 queries


========== RESULTS ==========

Total queries: 10000

Average recall@10: 0.474640

Average query time: 0.348274 ms

Total query time: 3482.742969 ms


========== DISTANCE STATISTICS ==========

Total queries reported by index: 10000

Total distance computations: 10247741

Average distance ops per query: 1024.774100

Last query distance ops: 1726


========== PERFORMANCE SUMMARY ==========

Data loading time: 2418.361097 ms

Index build time: 2256.996688 ms

Query execution time: 3482.742969 ms

Total elapsed time: 10219.294807 ms


========== EFFICIENCY METRICS ==========

Queries per second: 2871.300032

Distance ops per second: 2942433.906612


========== END OF LOG ==========

Log saved to: Log/run_20251208_153319_066.log

