========== HNSW Search Test ==========

Timestamp: Tue Dec  9 08:17:20 2025

Command line arguments:
  argv[0]: ./hng3
  argv[1]: --m
  argv[2]: 64
  argv[3]: --max_layer
  argv[4]: 7
  argv[5]: --efc
  argv[6]: 2000
  argv[7]: --efs
  argv[8]: 208
  argv[9]: --hamming_threshold
  argv[10]: 41

Configuration:
  Base file: data_o/glove/base.txt
  Query file: data_o/glove/query.txt
  Truth file: data_o/glove/truth.txt
  K: 10
  M: 64
  Max layer: 7
  EFC: 2000
  EFS: 208
  Threads: -1
  Debug: -1

HNSW parameters set.

Ablation flags: csr=0, prefetch=0, simd=0, pruning=0, heap=0

  Hamming threshold: 41
Loading base vectors...
✓ Base loaded in 2249.208434 ms

Loading query vectors...
✓ Queries loaded in 80.869198 ms

Loading ground truth...
✓ Truth loaded in 69.200639 ms

Data Summary:
  Dimension d=100, Base vectors=1183514, Queries=10000


Building HNSW index...
✓ Index built.
  build_time(local)=4838.531849 ms
  build_time(internal)=4833.472507 ms


========== GRAPH QUALITY ==========

  num_nodes: 1183514

  max_level (entry point): 3

  actual_max_layer: 3

  avg_degree_l0: 97.280339

  avg_degree_upper: 41.717826


  Layer Distribution:

    L0: 1183514 nodes (100.00%)

    L1: 18543 nodes (1.57%)

    L2: 294 nodes (0.02%)

    L3: 6 nodes (0.00%)



Executing queries...

  Processed 1000 queries

  Processed 2000 queries

  Processed 3000 queries

  Processed 4000 queries

  Processed 5000 queries

  Processed 6000 queries

  Processed 7000 queries

  Processed 8000 queries

  Processed 9000 queries

  Processed 10000 queries


========== RESULTS ==========

Total queries: 10000

Average recall@10: 0.967390

Average query time: 1.268463 ms

Total query time: 12684.629596 ms


========== DISTANCE STATISTICS ==========

Total queries reported by index: 10000

Total distance computations: 101711496

Average distance ops per query: 10171.149600

Last query distance ops: 12937


========== PERFORMANCE SUMMARY ==========

Data loading time: 2399.278271 ms

Index build time: 4833.472507 ms

Query execution time: 12684.629596 ms

Total elapsed time: 19922.439716 ms


========== EFFICIENCY METRICS ==========

Queries per second: 788.355697

Distance ops per second: 8018483.727114


========== END OF LOG ==========

Log saved to: Log/run_20251209_081720_437.log

