timestamp_start: 2025-11-25T05:32:24.537436
timestamp_end: 2025-11-25T05:38:59.042545
duration_s: 394.505109
cmd: ./hn --k 10 --m 31 --efc 295 --efs 512
returncode: 0

=== STDOUT ===
[cache] loaded base vectors from data_o/sift/base.txt.bin
Building index...
[Timing] Parallel Build: 376086 ms for 1000000 points.
Index built in 377 seconds
Loading queries and ground truth...
Loaded 1000 ground truth entries
Running queries...
Processed 50 queries
Processed 100 queries
Processed 150 queries
Processed 200 queries
Processed 250 queries
Processed 300 queries
Processed 350 queries
Processed 400 queries
Processed 450 queries
Processed 500 queries
Processed 550 queries
Processed 600 queries
Processed 650 queries
Processed 700 queries
Processed 750 queries
Processed 800 queries
Processed 850 queries
Processed 900 queries
Processed 950 queries
Processed 1000 queries
=== Results ===
Total queries: 1000
Average recall@10: 0.9942
Average query time: 0.79 ms
Index build time: 377 seconds

=== STDERR ===
<empty stderr>
