========== HNSW Search Test ==========

Timestamp: Wed Nov 26 19:26:06 2025

Command line arguments:
  argv[0]: ./hng
  argv[1]: --m
  argv[2]: 50
  argv[3]: --max_layer
  argv[4]: 1
  argv[5]: --efc
  argv[6]: 439
  argv[7]: --efs
  argv[8]: 320

Configuration:
  Base file: data_o/glove/base.txt
  Query file: data_o/glove/query.txt
  Truth file: data_o/glove/truth.txt
  K: 10
  M: 50
  Max layer: 1
  EFC: 439
  EFS: 320
  Threads: -1
  Debug: -1

HNSW parameters set.

Loading base vectors...
✓ Base loaded in 2165.516339 ms

Loading query vectors...
✓ Queries loaded in 66.261050 ms

Loading ground truth...
✓ Truth loaded in 66.401711 ms

Data Summary:
  Dimension d=100, Base vectors=1183514, Queries=10000


Building HNSW index...
✓ Index built.
  build_time(local)=611444.905908 ms
  build_time(internal)=588456.438199 ms


========== GRAPH QUALITY ==========

  num_nodes: 1183514

  max_level (entry point): 1

  actual_max_layer: 1

  avg_degree_l0: 47.988020

  avg_degree_upper: 0.330627


  Layer Distribution:

    L0: 1183514 nodes (100.00%)

    L1: 23770 nodes (2.01%)



Executing queries...

  Processed 1000 queries

  Processed 2000 queries

  Processed 3000 queries

  Processed 4000 queries

  Processed 5000 queries

  Processed 6000 queries

  Processed 7000 queries

  Processed 8000 queries

  Processed 9000 queries

  Processed 10000 queries


========== RESULTS ==========

Total queries: 10000

Average recall@10: 0.964570

Average query time: 1.339564 ms

Total query time: 13395.638586 ms


========== DISTANCE STATISTICS ==========

Total queries reported by index: 10000

Total distance computations: 133457357

Average distance ops per query: 13345.735700

Last query distance ops: 11482


========== PERFORMANCE SUMMARY ==========

Data loading time: 2298.179100 ms

Index build time: 588456.438199 ms

Query execution time: 13395.638586 ms

Total elapsed time: 627138.723594 ms


========== EFFICIENCY METRICS ==========

Queries per second: 746.511630

Distance ops per second: 9962746.915215


========== END OF LOG ==========

Log saved to: Log/run_20251126_192606_754.log

