========== HNSW Search Test ==========

Timestamp: Fri Dec  5 11:50:28 2025

Command line arguments:
  argv[0]: ./hng

Configuration:
  Base file: data_o/glove/base.txt
  Query file: data_o/glove/query.txt
  Truth file: data_o/glove/truth.txt
  K: 10
  M: -1
  Max layer: -1
  EFC: -1
  EFS: -1
  Threads: -1
  Debug: -1

Ablation flags: csr=0, prefetch=0, simd=0, pruning=0, heap=0

Loading base vectors...
✓ Base loaded in 2183.345652 ms

Loading query vectors...
✓ Queries loaded in 67.792734 ms

Loading ground truth...
✓ Truth loaded in 65.990581 ms

Data Summary:
  Dimension d=100, Base vectors=1183514, Queries=10000


Building HNSW index...
✓ Index built.
  build_time(local)=4155.755666 ms
  build_time(internal)=4150.220974 ms


========== GRAPH QUALITY ==========

  num_nodes: 1183514

  max_level (entry point): 3

  actual_max_layer: 3

  avg_degree_l0: 60.350342

  avg_degree_upper: 0.146105


  Layer Distribution:

    L0: 1183514 nodes (100.00%)

    L1: 20263 nodes (1.71%)

    L2: 320 nodes (0.03%)

    L3: 5 nodes (0.00%)



Executing queries...

  Processed 1000 queries

  Processed 2000 queries

  Processed 3000 queries

  Processed 4000 queries

  Processed 5000 queries

  Processed 6000 queries

  Processed 7000 queries

  Processed 8000 queries

  Processed 9000 queries

  Processed 10000 queries


========== RESULTS ==========

Total queries: 10000

Average recall@10: 0.979820

Average query time: 1.343966 ms

Total query time: 13439.664843 ms


========== DISTANCE STATISTICS ==========

Total queries reported by index: 10000

Total distance computations: 193265973

Average distance ops per query: 19326.597300

Last query distance ops: 15461


========== PERFORMANCE SUMMARY ==========

Data loading time: 2317.128967 ms

Index build time: 4150.220974 ms

Query execution time: 13439.664843 ms

Total elapsed time: 19912.549476 ms


========== EFFICIENCY METRICS ==========

Queries per second: 744.066174

Distance ops per second: 14380267.310063


========== END OF LOG ==========

Log saved to: Log/run_20251205_115028_924.log

