========== HNSW Search Test ==========

Timestamp: Thu Dec  4 05:10:39 2025

Command line arguments:
  argv[0]: ./hng1
  argv[1]: --m
  argv[2]: 47
  argv[3]: --max_layer
  argv[4]: 8
  argv[5]: --efc
  argv[6]: 510
  argv[7]: --efs
  argv[8]: 680

Configuration:
  Base file: data_o/glove/base.txt
  Query file: data_o/glove/query.txt
  Truth file: data_o/glove/truth.txt
  K: 10
  M: 47
  Max layer: 8
  EFC: 510
  EFS: 680
  Threads: -1
  Debug: -1

HNSW parameters set.

Ablation flags: csr=0, prefetch=0, simd=0, pruning=0, heap=0

Loading base vectors...
✓ Base loaded in 2076.164836 ms

Loading query vectors...
✓ Queries loaded in 68.339288 ms

Loading ground truth...
✓ Truth loaded in 68.293763 ms

Data Summary:
  Dimension d=100, Base vectors=1183514, Queries=10000


Building HNSW index...
✓ Index built.
  build_time(local)=3641.219804 ms
  build_time(internal)=3636.415237 ms


========== GRAPH QUALITY ==========

  num_nodes: 1183514

  max_level (entry point): 3

  actual_max_layer: 3

  avg_degree_l0: 50.852004

  avg_degree_upper: 0.198602


  Layer Distribution:

    L0: 1183514 nodes (100.00%)

    L1: 25029 nodes (2.11%)

    L2: 555 nodes (0.05%)

    L3: 15 nodes (0.00%)



Executing queries...

  Processed 1000 queries

  Processed 2000 queries

  Processed 3000 queries

  Processed 4000 queries

  Processed 5000 queries

  Processed 6000 queries

  Processed 7000 queries

  Processed 8000 queries

  Processed 9000 queries

  Processed 10000 queries


========== RESULTS ==========

Total queries: 10000

Average recall@10: 0.988930

Average query time: 2.228058 ms

Total query time: 22280.584514 ms


========== DISTANCE STATISTICS ==========

Total queries reported by index: 10000

Total distance computations: 269420079

Average distance ops per query: 26942.007900

Last query distance ops: 20910


========== PERFORMANCE SUMMARY ==========

Data loading time: 2212.797887 ms

Index build time: 3636.415237 ms

Query execution time: 22280.584514 ms

Total elapsed time: 28134.602205 ms


========== EFFICIENCY METRICS ==========

Queries per second: 448.821259

Distance ops per second: 12092145.914337


========== END OF LOG ==========

Log saved to: Log/run_20251204_051039_527.log

