========== HNSW Search Test ==========

Timestamp: Mon Dec  8 16:41:28 2025

Command line arguments:
  argv[0]: ./hng3
  argv[1]: --m
  argv[2]: 40
  argv[3]: --max_layer
  argv[4]: 7
  argv[5]: --efc
  argv[6]: 1300
  argv[7]: --efs
  argv[8]: 368
  argv[9]: --hamming_threshold
  argv[10]: 32

Configuration:
  Base file: data_o/glove/base.txt
  Query file: data_o/glove/query.txt
  Truth file: data_o/glove/truth.txt
  K: 10
  M: 40
  Max layer: 7
  EFC: 1300
  EFS: 368
  Threads: -1
  Debug: -1

HNSW parameters set.

Ablation flags: csr=0, prefetch=0, simd=0, pruning=0, heap=0

  Hamming threshold: 32
Loading base vectors...
✓ Base loaded in 2266.921958 ms

Loading query vectors...
✓ Queries loaded in 70.922020 ms

Loading ground truth...
✓ Truth loaded in 69.465301 ms

Data Summary:
  Dimension d=100, Base vectors=1183514, Queries=10000


Building HNSW index...
✓ Index built.
  build_time(local)=4475.873494 ms
  build_time(internal)=4470.238900 ms


========== GRAPH QUALITY ==========

  num_nodes: 1183514

  max_level (entry point): 4

  actual_max_layer: 4

  avg_degree_l0: 70.480409

  avg_degree_upper: 36.234139


  Layer Distribution:

    L0: 1183514 nodes (100.00%)

    L1: 29379 nodes (2.48%)

    L2: 691 nodes (0.06%)

    L3: 18 nodes (0.00%)

    L4: 1 nodes (0.00%)



Executing queries...

  Processed 1000 queries

  Processed 2000 queries

  Processed 3000 queries

  Processed 4000 queries

  Processed 5000 queries

  Processed 6000 queries

  Processed 7000 queries

  Processed 8000 queries

  Processed 9000 queries

  Processed 10000 queries


========== RESULTS ==========

Total queries: 10000

Average recall@10: 0.494180

Average query time: 0.504146 ms

Total query time: 5041.461483 ms


========== DISTANCE STATISTICS ==========

Total queries reported by index: 10000

Total distance computations: 12393807

Average distance ops per query: 1239.380700

Last query distance ops: 2060


========== PERFORMANCE SUMMARY ==========

Data loading time: 2407.309279 ms

Index build time: 4470.238900 ms

Query execution time: 5041.461483 ms

Total elapsed time: 11924.644256 ms


========== EFFICIENCY METRICS ==========

Queries per second: 1983.551800

Distance ops per second: 2458375.818558


========== END OF LOG ==========

Log saved to: Log/run_20251208_164128_232.log

