========== HNSW Search Test ==========

Timestamp: Fri Nov 28 23:53:16 2025

Command line arguments:
  argv[0]: ./hng
  argv[1]: --m
  argv[2]: 38
  argv[3]: --max_layer
  argv[4]: 4
  argv[5]: --efc
  argv[6]: 914
  argv[7]: --efs
  argv[8]: 477

Configuration:
  Base file: data_o/glove/base.txt
  Query file: data_o/glove/query.txt
  Truth file: data_o/glove/truth.txt
  K: 10
  M: 38
  Max layer: 4
  EFC: 914
  EFS: 477
  Threads: -1
  Debug: -1

HNSW parameters set.

Loading base vectors...
✓ Base loaded in 5667.160170 ms

Loading query vectors...
✓ Queries loaded in 120.648858 ms

Loading ground truth...
✓ Truth loaded in 113.411266 ms

Data Summary:
  Dimension d=100, Base vectors=1183514, Queries=10000


Building HNSW index...
