========== HNSW Search Test ==========

Timestamp: Mon Dec  1 22:18:13 2025

Command line arguments:
  argv[0]: ./hng
  argv[1]: --m
  argv[2]: 30
  argv[3]: --max_layer
  argv[4]: 17
  argv[5]: --efc
  argv[6]: 630
  argv[7]: --efs
  argv[8]: 450

Configuration:
  Base file: data_o/glove/base.txt
  Query file: data_o/glove/query.txt
  Truth file: data_o/glove/truth.txt
  K: 10
  M: 30
  Max layer: 17
  EFC: 630
  EFS: 450
  Threads: -1
  Debug: -1

HNSW parameters set.

Loading base vectors...
✓ Base loaded in 2426.682277 ms

Loading query vectors...
✓ Queries loaded in 70.835642 ms

Loading ground truth...
✓ Truth loaded in 69.313044 ms

Data Summary:
  Dimension d=100, Base vectors=1183514, Queries=10000


Building HNSW index...
