========== HNSW Search Test ==========

Timestamp: Tue Dec  2 08:02:45 2025

Command line arguments:
  argv[0]: ./hng
  argv[1]: --m
  argv[2]: 32
  argv[3]: --max_layer
  argv[4]: 2
  argv[5]: --efc
  argv[6]: 101
  argv[7]: --efs
  argv[8]: 1479

Configuration:
  Base file: data_o/glove/base.txt
  Query file: data_o/glove/query.txt
  Truth file: data_o/glove/truth.txt
  K: 10
  M: 32
  Max layer: 2
  EFC: 101
  EFS: 1479
  Threads: -1
  Debug: -1

HNSW parameters set.

Loading base vectors...
✓ Base loaded in 4089.880408 ms

Loading query vectors...
✓ Queries loaded in 82.426456 ms

Loading ground truth...
✓ Truth loaded in 84.618440 ms

Data Summary:
  Dimension d=100, Base vectors=1183514, Queries=10000


Building HNSW index...
✓ Index built.
  build_time(local)=71460.510556 ms
  build_time(internal)=72659.204080 ms


========== GRAPH QUALITY ==========

  num_nodes: 1183514

  max_level (entry point): 2

  actual_max_layer: 2

  avg_degree_l0: 20.798247

  avg_degree_upper: 0.227514


  Layer Distribution:

    L0: 1183514 nodes (100.00%)

    L1: 37059 nodes (3.13%)

    L2: 1132 nodes (0.10%)



Executing queries...

  Processed 1000 queries

  Processed 2000 queries

  Processed 3000 queries

  Processed 4000 queries

  Processed 5000 queries

  Processed 6000 queries

  Processed 7000 queries

  Processed 8000 queries

  Processed 9000 queries

  Processed 10000 queries


========== RESULTS ==========

Total queries: 10000

Average recall@10: 0.972290

Average query time: 2.197643 ms

Total query time: 21976.434880 ms


========== DISTANCE STATISTICS ==========

Total queries reported by index: 10000

Total distance computations: 0

Average distance ops per query: 0.000000

Last query distance ops: 0


========== PERFORMANCE SUMMARY ==========

Data loading time: 4256.925304 ms

Index build time: 72659.204080 ms

Query execution time: 21976.434880 ms

Total elapsed time: 97693.870740 ms


========== EFFICIENCY METRICS ==========

Queries per second: 455.032859


========== END OF LOG ==========

Log saved to: Log/run_20251202_080245_419.log

