========== HNSW Search Test ==========

Timestamp: Wed Nov 26 04:10:33 2025

Command line arguments:
  argv[0]: ./hng
  argv[1]: --m
  argv[2]: 35
  argv[3]: --efc
  argv[4]: 651
  argv[5]: --efs
  argv[6]: 595

Configuration:
  Base file: data_o/glove/base.txt
  Query file: data_o/glove/query.txt
  Truth file: data_o/glove/truth.txt
  K: 10
  M: 35
  Max layer: -1
  EFC: 651
  EFS: 595
  Threads: -1
  Debug: -1

HNSW parameters set.

Loading base vectors...
✓ Base loaded in 3498.653107 ms

Loading query vectors...
✓ Queries loaded in 81.558739 ms

Loading ground truth...
✓ Truth loaded in 80.670101 ms

Data Summary:
  Dimension d=100, Base vectors=1183514, Queries=10000


Building HNSW index...
✓ Index built.
  build_time(local)=573828.243650 ms
  build_time(internal)=625587.658440 ms


Executing queries...

  Processed 1000 queries

  Processed 2000 queries

  Processed 3000 queries

  Processed 4000 queries

  Processed 5000 queries

  Processed 6000 queries

  Processed 7000 queries

  Processed 8000 queries

  Processed 9000 queries

  Processed 10000 queries


========== RESULTS ==========

Total queries: 10000

Average recall@10: 0.984490

Average query time: 2.633804 ms

Total query time: 26338.036738 ms


========== DISTANCE STATISTICS ==========

Total queries reported by index: 10000

Total distance computations: 227782428

Average distance ops per query: 22778.242800

Last query distance ops: 19229


========== PERFORMANCE SUMMARY ==========

Data loading time: 3660.881947 ms

Index build time: 625587.658440 ms

Query execution time: 26338.036738 ms

Total elapsed time: 603827.162335 ms


========== EFFICIENCY METRICS ==========

Queries per second: 379.679021

Distance ops per second: 8648420.923165


========== END OF LOG ==========

Log saved to: Log/run_20251126_041033_175.log

