========== HNSW Search Test ==========

Timestamp: Thu Nov 27 13:50:13 2025

Command line arguments:
  argv[0]: ./hng
  argv[1]: --m
  argv[2]: 48
  argv[3]: --max_layer
  argv[4]: 14
  argv[5]: --efc
  argv[6]: 778
  argv[7]: --efs
  argv[8]: 537

Configuration:
  Base file: data_o/glove/base.txt
  Query file: data_o/glove/query.txt
  Truth file: data_o/glove/truth.txt
  K: 10
  M: 48
  Max layer: 14
  EFC: 778
  EFS: 537
  Threads: -1
  Debug: -1

HNSW parameters set.

Loading base vectors...
✓ Base loaded in 2421.715982 ms

Loading query vectors...
✓ Queries loaded in 67.137759 ms

Loading ground truth...
✓ Truth loaded in 64.101235 ms

Data Summary:
  Dimension d=100, Base vectors=1183514, Queries=10000


Building HNSW index...
✓ Index built.
  build_time(local)=1276662.212471 ms
  build_time(internal)=1203588.746338 ms


========== GRAPH QUALITY ==========

  num_nodes: 1183514

  max_level (entry point): 3

  actual_max_layer: 3

  avg_degree_l0: 59.338751

  avg_degree_upper: 0.164402


  Layer Distribution:

    L0: 1183514 nodes (100.00%)

    L1: 24637 nodes (2.08%)

    L2: 526 nodes (0.04%)

    L3: 7 nodes (0.00%)



Executing queries...

  Processed 1000 queries

  Processed 2000 queries

  Processed 3000 queries

  Processed 4000 queries

  Processed 5000 queries

  Processed 6000 queries

  Processed 7000 queries

  Processed 8000 queries

  Processed 9000 queries

  Processed 10000 queries


========== RESULTS ==========

Total queries: 10000

Average recall@10: 0.987530

Average query time: 2.617473 ms

Total query time: 26174.726068 ms


========== DISTANCE STATISTICS ==========

Total queries reported by index: 10000

Total distance computations: 249698182

Average distance ops per query: 24969.818200

Last query distance ops: 19869


========== PERFORMANCE SUMMARY ==========

Data loading time: 2552.954976 ms

Index build time: 1203588.746338 ms

Query execution time: 26174.726068 ms

Total elapsed time: 1305389.893515 ms


========== EFFICIENCY METRICS ==========

Queries per second: 382.047933

Distance ops per second: 9539667.439166


========== END OF LOG ==========

Log saved to: Log/run_20251127_135013_572.log

