========== HNSW Search Test ==========

Timestamp: Tue Dec  9 11:49:55 2025

Command line arguments:
  argv[0]: ./hng3
  argv[1]: --m
  argv[2]: 57
  argv[3]: --max_layer
  argv[4]: 7
  argv[5]: --efc
  argv[6]: 2000
  argv[7]: --efs
  argv[8]: 560
  argv[9]: --hamming_threshold
  argv[10]: 41

Configuration:
  Base file: data_o/glove/base.txt
  Query file: data_o/glove/query.txt
  Truth file: data_o/glove/truth.txt
  K: 10
  M: 57
  Max layer: 7
  EFC: 2000
  EFS: 560
  Threads: -1
  Debug: -1

HNSW parameters set.

Ablation flags: csr=0, prefetch=0, simd=0, pruning=0, heap=0

  Hamming threshold: 41
Loading base vectors...
✓ Base loaded in 2468.114999 ms

Loading query vectors...
✓ Queries loaded in 78.228864 ms

Loading ground truth...
✓ Truth loaded in 81.087921 ms

Data Summary:
  Dimension d=100, Base vectors=1183514, Queries=10000


Building HNSW index...
✓ Index built.
  build_time(local)=5677.299355 ms
  build_time(internal)=5670.956685 ms


========== GRAPH QUALITY ==========

  num_nodes: 1183514

  max_level (entry point): 3

  actual_max_layer: 3

  avg_degree_l0: 92.141564

  avg_degree_upper: 41.456413


  Layer Distribution:

    L0: 1183514 nodes (100.00%)

    L1: 20584 nodes (1.74%)

    L2: 341 nodes (0.03%)

    L3: 10 nodes (0.00%)



Executing queries...

  Processed 1000 queries

  Processed 2000 queries

  Processed 3000 queries

  Processed 4000 queries

  Processed 5000 queries

  Processed 6000 queries

  Processed 7000 queries

  Processed 8000 queries

  Processed 9000 queries

  Processed 10000 queries


========== RESULTS ==========

Total queries: 10000

Average recall@10: 0.990280

Average query time: 3.314902 ms

Total query time: 33149.022455 ms


========== DISTANCE STATISTICS ==========

Total queries reported by index: 10000

Total distance computations: 206189989

Average distance ops per query: 20618.998900

Last query distance ops: 23539


========== PERFORMANCE SUMMARY ==========

Data loading time: 2627.431784 ms

Index build time: 5670.956685 ms

Query execution time: 33149.022455 ms

Total elapsed time: 41453.753594 ms


========== EFFICIENCY METRICS ==========

Queries per second: 301.668021

Distance ops per second: 6220092.591868


========== END OF LOG ==========

Log saved to: Log/run_20251209_114955_830.log

