========== HNSW Search Test ==========

Timestamp: Mon Dec  8 20:12:01 2025

Command line arguments:
  argv[0]: ./hng3
  argv[1]: --m
  argv[2]: 32
  argv[3]: --max_layer
  argv[4]: 7
  argv[5]: --efc
  argv[6]: 1000
  argv[7]: --efs
  argv[8]: 128
  argv[9]: --hamming_threshold
  argv[10]: 41

Configuration:
  Base file: data_o/glove/base.txt
  Query file: data_o/glove/query.txt
  Truth file: data_o/glove/truth.txt
  K: 10
  M: 32
  Max layer: 7
  EFC: 1000
  EFS: 128
  Threads: -1
  Debug: -1

HNSW parameters set.

Ablation flags: csr=0, prefetch=0, simd=0, pruning=0, heap=0

  Hamming threshold: 41
Loading base vectors...
✓ Base loaded in 2666.922071 ms

Loading query vectors...
✓ Queries loaded in 80.996290 ms

Loading ground truth...
✓ Truth loaded in 80.496006 ms

Data Summary:
  Dimension d=100, Base vectors=1183514, Queries=10000


Building HNSW index...
✓ Index built.
  build_time(local)=4052.315633 ms
  build_time(internal)=4047.487992 ms


========== GRAPH QUALITY ==========

  num_nodes: 1183514

  max_level (entry point): 3

  actual_max_layer: 3

  avg_degree_l0: 58.055684

  avg_degree_upper: 30.380945


  Layer Distribution:

    L0: 1183514 nodes (100.00%)

    L1: 36932 nodes (3.12%)

    L2: 1217 nodes (0.10%)

    L3: 35 nodes (0.00%)



Executing queries...

  Processed 1000 queries

  Processed 2000 queries

  Processed 3000 queries

  Processed 4000 queries

  Processed 5000 queries

  Processed 6000 queries

  Processed 7000 queries

  Processed 8000 queries

  Processed 9000 queries

  Processed 10000 queries


========== RESULTS ==========

Total queries: 10000

Average recall@10: 0.913690

Average query time: 0.484266 ms

Total query time: 4842.663989 ms


========== DISTANCE STATISTICS ==========

Total queries reported by index: 10000

Total distance computations: 42362873

Average distance ops per query: 4236.287300

Last query distance ops: 5256


========== PERFORMANCE SUMMARY ==========

Data loading time: 2828.414367 ms

Index build time: 4047.487992 ms

Query execution time: 4842.663989 ms

Total elapsed time: 11723.393989 ms


========== EFFICIENCY METRICS ==========

Queries per second: 2064.979115

Distance ops per second: 8747844.801173


========== END OF LOG ==========

Log saved to: Log/run_20251208_201201_846.log

