========== HNSW Search Test ==========

Timestamp: Sat Dec  6 03:48:29 2025

Command line arguments:
  argv[0]: ./basic
  argv[1]: --base
  argv[2]: data_o/glove/base.txt
  argv[3]: --query
  argv[4]: data_o/glove/query.txt
  argv[5]: --truth
  argv[6]: data_o/glove/truth.txt
  argv[7]: --k
  argv[8]: 10
  argv[9]: --m
  argv[10]: 59
  argv[11]: --max_layer
  argv[12]: 7
  argv[13]: --efc
  argv[14]: 763
  argv[15]: --efs
  argv[16]: 7000
  argv[17]: --threads
  argv[18]: 32
  argv[19]: --debug
  argv[20]: 1

Configuration:
  Base file: data_o/glove/base.txt
  Query file: data_o/glove/query.txt
  Truth file: data_o/glove/truth.txt
  K: 10
  M: 59
  Max layer: 7
  EFC: 763
  EFS: 7000
  Threads: 32
  Debug: 1

HNSW parameters set.

Ablation flags: csr=0, prefetch=0, simd=0, pruning=0, heap=0

Loading base vectors...
✓ Base loaded in 4688.327733 ms

Loading query vectors...
✓ Queries loaded in 95.937981 ms

Loading ground truth...
✓ Truth loaded in 96.049393 ms

Data Summary:
  Dimension d=100, Base vectors=1183514, Queries=10000


Building HNSW index...
✓ Index built.
  build_time(local)=10313.062881 ms
  build_time(internal)=9325.865666 ms

Executing queries...

  Processed 1000 queries

  Processed 2000 queries

  Processed 3000 queries

  Processed 4000 queries

  Processed 5000 queries

  Processed 6000 queries

  Processed 7000 queries

  Processed 8000 queries

  Processed 9000 queries

  Processed 10000 queries


========== RESULTS ==========

Total queries: 10000

Average recall@10: 0.898760

Average query time: 1.672185 ms

Total query time: 16721.848421 ms


========== DISTANCE STATISTICS ==========

Total queries reported by index: 10000

Total distance computations: 73744613

Average distance ops per query: 7374.461300

Last query distance ops: 7459


========== PERFORMANCE SUMMARY ==========

Data loading time: 4880.315107 ms

Index build time: 9325.865666 ms

Query execution time: 16721.848421 ms

Total elapsed time: 31915.226409 ms


========== EFFICIENCY METRICS ==========

Queries per second: 598.020012

Distance ops per second: 4410075.438035


========== END OF LOG ==========

Log saved to: Log/run_20251206_034829_362.log

