========== HNSW Search Test ==========

Timestamp: Thu Dec  4 06:00:19 2025

Command line arguments:
  argv[0]: ./hng1
  argv[1]: --m
  argv[2]: 64
  argv[3]: --max_layer
  argv[4]: 7
  argv[5]: --efc
  argv[6]: 623
  argv[7]: --efs
  argv[8]: 628

Configuration:
  Base file: data_o/glove/base.txt
  Query file: data_o/glove/query.txt
  Truth file: data_o/glove/truth.txt
  K: 10
  M: 64
  Max layer: 7
  EFC: 623
  EFS: 628
  Threads: -1
  Debug: -1

HNSW parameters set.

Ablation flags: csr=0, prefetch=0, simd=0, pruning=0, heap=0

Loading base vectors...
✓ Base loaded in 2100.416582 ms

Loading query vectors...
✓ Queries loaded in 71.485278 ms

Loading ground truth...
✓ Truth loaded in 69.772449 ms

Data Summary:
  Dimension d=100, Base vectors=1183514, Queries=10000


Building HNSW index...
✓ Index built.
  build_time(local)=3757.283188 ms
  build_time(internal)=3752.649606 ms


========== GRAPH QUALITY ==========

  num_nodes: 1183514

  max_level (entry point): 3

  actual_max_layer: 3

  avg_degree_l0: 56.176233

  avg_degree_upper: 0.131227


  Layer Distribution:

    L0: 1183514 nodes (100.00%)

    L1: 18566 nodes (1.57%)

    L2: 297 nodes (0.03%)

    L3: 5 nodes (0.00%)



Executing queries...

  Processed 1000 queries

  Processed 2000 queries

  Processed 3000 queries

  Processed 4000 queries

  Processed 5000 queries

  Processed 6000 queries

  Processed 7000 queries

  Processed 8000 queries

  Processed 9000 queries

  Processed 10000 queries


========== RESULTS ==========

Total queries: 10000

Average recall@10: 0.990030

Average query time: 1.984766 ms

Total query time: 19847.655312 ms


========== DISTANCE STATISTICS ==========

Total queries reported by index: 10000

Total distance computations: 280556367

Average distance ops per query: 28055.636700

Last query distance ops: 21247


========== PERFORMANCE SUMMARY ==========

Data loading time: 2241.674309 ms

Index build time: 3752.649606 ms

Query execution time: 19847.655312 ms

Total elapsed time: 25846.612809 ms


========== EFFICIENCY METRICS ==========

Queries per second: 503.837851

Distance ops per second: 14135491.703666


========== END OF LOG ==========

Log saved to: Log/run_20251204_060019_237.log

