========== HNSW Search Test ==========

Timestamp: Sun Dec  7 14:33:40 2025

Command line arguments:
  argv[0]: ./hng3
  argv[1]: --m
  argv[2]: 59
  argv[3]: --max_layer
  argv[4]: 7
  argv[5]: --efc
  argv[6]: 763
  argv[7]: --efs
  argv[8]: 2500

Configuration:
  Base file: data_o/glove/base.txt
  Query file: data_o/glove/query.txt
  Truth file: data_o/glove/truth.txt
  K: 10
  M: 59
  Max layer: 7
  EFC: 763
  EFS: 2500
  Threads: -1
  Debug: -1

HNSW parameters set.

Ablation flags: csr=0, prefetch=0, simd=0, pruning=0, heap=0

Loading base vectors...
✓ Base loaded in 2501.831313 ms

Loading query vectors...
✓ Queries loaded in 67.067261 ms

Loading ground truth...
✓ Truth loaded in 66.824879 ms

Data Summary:
  Dimension d=100, Base vectors=1183514, Queries=10000


Building HNSW index...
✓ Index built.
  build_time(local)=2282303.039294 ms
  build_time(internal)=2250531.684027 ms

Executing queries...

  Processed 1000 queries

  Processed 2000 queries

  Processed 3000 queries

  Processed 4000 queries

  Processed 5000 queries

  Processed 6000 queries

  Processed 7000 queries

  Processed 8000 queries

  Processed 9000 queries

  Processed 10000 queries


========== RESULTS ==========

Total queries: 10000

Average recall@10: 0.999810

Average query time: 9.613569 ms

Total query time: 96135.689468 ms


========== DISTANCE STATISTICS ==========

Total queries reported by index: 10000

Total distance computations: 1226320592

Average distance ops per query: 122632.059200

Last query distance ops: 95989


========== PERFORMANCE SUMMARY ==========

Data loading time: 2635.723453 ms

Index build time: 2250531.684027 ms

Query execution time: 96135.689468 ms

Total elapsed time: 2381074.452215 ms


========== EFFICIENCY METRICS ==========

Queries per second: 104.019642

Distance ops per second: 12756142.893303


========== END OF LOG ==========

Log saved to: Log/run_20251207_143340_950.log

