========== HNSW Search Test ==========

Timestamp: Tue Dec  9 05:44:51 2025

Command line arguments:
  argv[0]: ./hng3
  argv[1]: --m
  argv[2]: 57
  argv[3]: --max_layer
  argv[4]: 7
  argv[5]: --efc
  argv[6]: 2000
  argv[7]: --efs
  argv[8]: 304
  argv[9]: --hamming_threshold
  argv[10]: 41

Configuration:
  Base file: data_o/glove/base.txt
  Query file: data_o/glove/query.txt
  Truth file: data_o/glove/truth.txt
  K: 10
  M: 57
  Max layer: 7
  EFC: 2000
  EFS: 304
  Threads: -1
  Debug: -1

HNSW parameters set.

Ablation flags: csr=0, prefetch=0, simd=0, pruning=0, heap=0

  Hamming threshold: 41
Loading base vectors...
✓ Base loaded in 2177.185440 ms

Loading query vectors...
✓ Queries loaded in 68.763035 ms

Loading ground truth...
✓ Truth loaded in 72.429399 ms

Data Summary:
  Dimension d=100, Base vectors=1183514, Queries=10000


Building HNSW index...
✓ Index built.
  build_time(local)=4705.250949 ms
  build_time(internal)=3668.132580 ms


========== GRAPH QUALITY ==========

  num_nodes: 1183514

  max_level (entry point): 3

  actual_max_layer: 3

  avg_degree_l0: 92.141564

  avg_degree_upper: 41.456413


  Layer Distribution:

    L0: 1183514 nodes (100.00%)

    L1: 20584 nodes (1.74%)

    L2: 341 nodes (0.03%)

    L3: 10 nodes (0.00%)



Executing queries...

  Processed 1000 queries

  Processed 2000 queries

  Processed 3000 queries

  Processed 4000 queries

  Processed 5000 queries

  Processed 6000 queries

  Processed 7000 queries

  Processed 8000 queries

  Processed 9000 queries

  Processed 10000 queries


========== RESULTS ==========

Total queries: 10000

Average recall@10: 0.979030

Average query time: 1.663056 ms

Total query time: 16630.558059 ms


========== DISTANCE STATISTICS ==========

Total queries reported by index: 10000

Total distance computations: 129126424

Average distance ops per query: 12912.642400

Last query distance ops: 15486


========== PERFORMANCE SUMMARY ==========

Data loading time: 2318.377874 ms

Index build time: 3668.132580 ms

Query execution time: 16630.558059 ms

Total elapsed time: 23654.186882 ms


========== EFFICIENCY METRICS ==========

Queries per second: 601.302732

Distance ops per second: 7764407.155905


========== END OF LOG ==========

Log saved to: Log/run_20251209_054451_903.log

