========== HNSW Search Test ==========

Timestamp: Mon Dec  8 17:28:41 2025

Command line arguments:
  argv[0]: ./hng3
  argv[1]: --m
  argv[2]: 57
  argv[3]: --max_layer
  argv[4]: 7
  argv[5]: --efc
  argv[6]: 1000
  argv[7]: --efs
  argv[8]: 320
  argv[9]: --hamming_threshold
  argv[10]: 38

Configuration:
  Base file: data_o/glove/base.txt
  Query file: data_o/glove/query.txt
  Truth file: data_o/glove/truth.txt
  K: 10
  M: 57
  Max layer: 7
  EFC: 1000
  EFS: 320
  Threads: -1
  Debug: -1

HNSW parameters set.

Ablation flags: csr=0, prefetch=0, simd=0, pruning=0, heap=0

  Hamming threshold: 38
Loading base vectors...
✓ Base loaded in 2509.061078 ms

Loading query vectors...
✓ Queries loaded in 77.473448 ms

Loading ground truth...
✓ Truth loaded in 73.679416 ms

Data Summary:
  Dimension d=100, Base vectors=1183514, Queries=10000


Building HNSW index...
✓ Index built.
  build_time(local)=4861.505551 ms
  build_time(internal)=4856.339300 ms


========== GRAPH QUALITY ==========

  num_nodes: 1183514

  max_level (entry point): 3

  actual_max_layer: 3

  avg_degree_l0: 83.402588

  avg_degree_upper: 41.035055


  Layer Distribution:

    L0: 1183514 nodes (100.00%)

    L1: 20983 nodes (1.77%)

    L2: 351 nodes (0.03%)

    L3: 4 nodes (0.00%)



Executing queries...

  Processed 1000 queries

  Processed 2000 queries

  Processed 3000 queries

  Processed 4000 queries

  Processed 5000 queries

  Processed 6000 queries

  Processed 7000 queries

  Processed 8000 queries

  Processed 9000 queries

  Processed 10000 queries


========== RESULTS ==========

Total queries: 10000

Average recall@10: 0.954810

Average query time: 1.890042 ms

Total query time: 18900.423868 ms


========== DISTANCE STATISTICS ==========

Total queries reported by index: 10000

Total distance computations: 76842626

Average distance ops per query: 7684.262600

Last query distance ops: 10379


========== PERFORMANCE SUMMARY ==========

Data loading time: 2660.213942 ms

Index build time: 4856.339300 ms

Query execution time: 18900.423868 ms

Total elapsed time: 26422.143361 ms


========== EFFICIENCY METRICS ==========

Queries per second: 529.088663

Distance ops per second: 4065656.227430


========== END OF LOG ==========

Log saved to: Log/run_20251208_172841_017.log

