========== HNSW Search Test ==========

Timestamp: Fri Nov 28 14:36:42 2025

Command line arguments:
  argv[0]: ./hng
  argv[1]: --m
  argv[2]: 64
  argv[3]: --max_layer
  argv[4]: 5
  argv[5]: --efc
  argv[6]: 360
  argv[7]: --efs
  argv[8]: 375

Configuration:
  Base file: data_o/glove/base.txt
  Query file: data_o/glove/query.txt
  Truth file: data_o/glove/truth.txt
  K: 10
  M: 64
  Max layer: 5
  EFC: 360
  EFS: 375
  Threads: -1
  Debug: -1

HNSW parameters set.

Loading base vectors...
✓ Base loaded in 4329.657322 ms

Loading query vectors...
✓ Queries loaded in 78.051608 ms

Loading ground truth...
✓ Truth loaded in 75.367103 ms

Data Summary:
  Dimension d=100, Base vectors=1183514, Queries=10000


Building HNSW index...
✓ Index built.
  build_time(local)=583380.638607 ms
  build_time(internal)=535031.161002 ms


========== GRAPH QUALITY ==========

  num_nodes: 1183514

  max_level (entry point): 3

  actual_max_layer: 3

  avg_degree_l0: 73.338182

  avg_degree_upper: 0.225890


  Layer Distribution:

    L0: 1183514 nodes (100.00%)

    L1: 18575 nodes (1.57%)

    L2: 262 nodes (0.02%)

    L3: 4 nodes (0.00%)



Executing queries...

  Processed 1000 queries

  Processed 2000 queries

  Processed 3000 queries

  Processed 4000 queries

  Processed 5000 queries

  Processed 6000 queries

  Processed 7000 queries

  Processed 8000 queries

  Processed 9000 queries

  Processed 10000 queries


========== RESULTS ==========

Total queries: 10000

Average recall@10: 0.980880

Average query time: 2.106561 ms

Total query time: 21065.611817 ms


========== DISTANCE STATISTICS ==========

Total queries reported by index: 10000

Total distance computations: 201848697

Average distance ops per query: 20184.869700

Last query distance ops: 16603


========== PERFORMANCE SUMMARY ==========

Data loading time: 4483.076033 ms

Index build time: 535031.161002 ms

Query execution time: 21065.611817 ms

Total elapsed time: 608929.326457 ms


========== EFFICIENCY METRICS ==========

Queries per second: 474.707314

Distance ops per second: 9581905.275455


========== END OF LOG ==========

Log saved to: Log/run_20251128_143642_646.log

