========== HNSW Search Test ==========

Timestamp: Tue Nov 25 20:22:45 2025

Command line arguments:
  argv[0]: ./hng
  argv[1]: --m
  argv[2]: 39
  argv[3]: --efc
  argv[4]: 399
  argv[5]: --efs
  argv[6]: 1085

Configuration:
  Base file: data_o/glove/base.txt
  Query file: data_o/glove/query.txt
  Truth file: data_o/glove/truth.txt
  K: 10
  M: 39
  Max layer: -1
  EFC: 399
  EFS: 1085
  Threads: -1
  Debug: -1

HNSW parameters set.

Loading base vectors...
✓ Base loaded in 3372.654345 ms

Loading query vectors...
✓ Queries loaded in 68.022050 ms

Loading ground truth...
✓ Truth loaded in 63.711719 ms

Data Summary:
  Dimension d=100, Base vectors=1183514, Queries=10000


Building HNSW index...
✓ Index built.
  build_time(local)=348163.251897 ms
  build_time(internal)=372695.321250 ms


Executing queries...

  Processed 1000 queries

  Processed 2000 queries

  Processed 3000 queries

  Processed 4000 queries

  Processed 5000 queries

  Processed 6000 queries

  Processed 7000 queries

  Processed 8000 queries

  Processed 9000 queries

  Processed 10000 queries


========== RESULTS ==========

Total queries: 10000

Average recall@10: 0.992680

Average query time: 4.633633 ms

Total query time: 46336.332284 ms


========== DISTANCE STATISTICS ==========

Total queries reported by index: 10000

Total distance computations: 354875868

Average distance ops per query: 35487.586800

Last query distance ops: 27405


========== PERFORMANCE SUMMARY ==========

Data loading time: 3504.388114 ms

Index build time: 372695.321250 ms

Query execution time: 46336.332284 ms

Total elapsed time: 398003.972295 ms


========== EFFICIENCY METRICS ==========

Queries per second: 215.813369

Distance ops per second: 7658695.682363


========== END OF LOG ==========

Log saved to: Log/run_20251125_202245_131.log

