========== HNSW Search Test ==========

Timestamp: Tue Dec  9 02:59:34 2025

Command line arguments:
  argv[0]: ./hng3
  argv[1]: --m
  argv[2]: 32
  argv[3]: --max_layer
  argv[4]: 7
  argv[5]: --efc
  argv[6]: 2000
  argv[7]: --efs
  argv[8]: 208
  argv[9]: --hamming_threshold
  argv[10]: 41

Configuration:
  Base file: data_o/glove/base.txt
  Query file: data_o/glove/query.txt
  Truth file: data_o/glove/truth.txt
  K: 10
  M: 32
  Max layer: 7
  EFC: 2000
  EFS: 208
  Threads: -1
  Debug: -1

HNSW parameters set.

Ablation flags: csr=0, prefetch=0, simd=0, pruning=0, heap=0

  Hamming threshold: 41
Loading base vectors...
✓ Base loaded in 2173.514521 ms

Loading query vectors...
✓ Queries loaded in 67.542335 ms

Loading ground truth...
✓ Truth loaded in 66.779367 ms

Data Summary:
  Dimension d=100, Base vectors=1183514, Queries=10000


Building HNSW index...
✓ Index built.
  build_time(local)=3979.608388 ms
  build_time(internal)=3974.727607 ms


========== GRAPH QUALITY ==========

  num_nodes: 1183514

  max_level (entry point): 3

  actual_max_layer: 3

  avg_degree_l0: 60.310219

  avg_degree_upper: 30.603494


  Layer Distribution:

    L0: 1183514 nodes (100.00%)

    L1: 37279 nodes (3.15%)

    L2: 1153 nodes (0.10%)

    L3: 39 nodes (0.00%)



Executing queries...

  Processed 1000 queries

  Processed 2000 queries

  Processed 3000 queries

  Processed 4000 queries

  Processed 5000 queries

  Processed 6000 queries

  Processed 7000 queries

  Processed 8000 queries

  Processed 9000 queries

  Processed 10000 queries


========== RESULTS ==========

Total queries: 10000

Average recall@10: 0.944330

Average query time: 0.798673 ms

Total query time: 7986.733330 ms


========== DISTANCE STATISTICS ==========

Total queries reported by index: 10000

Total distance computations: 63807301

Average distance ops per query: 6380.730100

Last query distance ops: 7668


========== PERFORMANCE SUMMARY ==========

Data loading time: 2307.836223 ms

Index build time: 3974.727607 ms

Query execution time: 7986.733330 ms

Total elapsed time: 14274.177941 ms


========== EFFICIENCY METRICS ==========

Queries per second: 1252.076360

Distance ops per second: 7989161.320853


========== END OF LOG ==========

Log saved to: Log/run_20251209_025934_238.log

