========== HNSW Search Test ==========

Timestamp: Wed Nov 26 06:17:43 2025

Command line arguments:
  argv[0]: ./hng
  argv[1]: --m
  argv[2]: 45
  argv[3]: --efc
  argv[4]: 454
  argv[5]: --efs
  argv[6]: 578

Configuration:
  Base file: data_o/glove/base.txt
  Query file: data_o/glove/query.txt
  Truth file: data_o/glove/truth.txt
  K: 10
  M: 45
  Max layer: -1
  EFC: 454
  EFS: 578
  Threads: -1
  Debug: -1

HNSW parameters set.

Loading base vectors...
✓ Base loaded in 2114.783445 ms

Loading query vectors...
✓ Queries loaded in 71.297236 ms

Loading ground truth...
✓ Truth loaded in 71.666023 ms

Data Summary:
  Dimension d=100, Base vectors=1183514, Queries=10000


Building HNSW index...
✓ Index built.
  build_time(local)=455593.971546 ms
  build_time(internal)=454851.124950 ms


Executing queries...

  Processed 1000 queries

  Processed 2000 queries

  Processed 3000 queries

  Processed 4000 queries

  Processed 5000 queries

  Processed 6000 queries

  Processed 7000 queries

  Processed 8000 queries

  Processed 9000 queries

  Processed 10000 queries


========== RESULTS ==========

Total queries: 10000

Average recall@10: 0.984020

Average query time: 2.643465 ms

Total query time: 26434.646770 ms


========== DISTANCE STATISTICS ==========

Total queries reported by index: 10000

Total distance computations: 222264067

Average distance ops per query: 22226.406700

Last query distance ops: 17813


========== PERFORMANCE SUMMARY ==========

Data loading time: 2257.746704 ms

Index build time: 454851.124950 ms

Query execution time: 26434.646770 ms

Total elapsed time: 484286.365020 ms


========== EFFICIENCY METRICS ==========

Queries per second: 378.291418

Distance ops per second: 8408058.898379


========== END OF LOG ==========

Log saved to: Log/run_20251126_061743_402.log

