========== HNSW Search Test ==========

Timestamp: Thu Dec  4 06:33:48 2025

Command line arguments:
  argv[0]: ./hng1
  argv[1]: --m
  argv[2]: 56
  argv[3]: --max_layer
  argv[4]: 11
  argv[5]: --efc
  argv[6]: 541
  argv[7]: --efs
  argv[8]: 650

Configuration:
  Base file: data_o/glove/base.txt
  Query file: data_o/glove/query.txt
  Truth file: data_o/glove/truth.txt
  K: 10
  M: 56
  Max layer: 11
  EFC: 541
  EFS: 650
  Threads: -1
  Debug: -1

HNSW parameters set.

Ablation flags: csr=0, prefetch=0, simd=0, pruning=0, heap=0

Loading base vectors...
✓ Base loaded in 4016.560457 ms

Loading query vectors...
✓ Queries loaded in 71.306140 ms

Loading ground truth...
✓ Truth loaded in 68.845247 ms

Data Summary:
  Dimension d=100, Base vectors=1183514, Queries=10000


Building HNSW index...
✓ Index built.
  build_time(local)=3638.041105 ms
  build_time(internal)=3633.384478 ms


========== GRAPH QUALITY ==========

  num_nodes: 1183514

  max_level (entry point): 3

  actual_max_layer: 3

  avg_degree_l0: 52.848949

  avg_degree_upper: 0.173348


  Layer Distribution:

    L0: 1183514 nodes (100.00%)

    L1: 20962 nodes (1.77%)

    L2: 410 nodes (0.03%)

    L3: 7 nodes (0.00%)



Executing queries...

  Processed 1000 queries

  Processed 2000 queries

  Processed 3000 queries

  Processed 4000 queries

  Processed 5000 queries

  Processed 6000 queries

  Processed 7000 queries

  Processed 8000 queries

  Processed 9000 queries

  Processed 10000 queries


========== RESULTS ==========

Total queries: 10000

Average recall@10: 0.989340

Average query time: 1.936011 ms

Total query time: 19360.109553 ms


========== DISTANCE STATISTICS ==========

Total queries reported by index: 10000

Total distance computations: 271957098

Average distance ops per query: 27195.709800

Last query distance ops: 20553


========== PERFORMANCE SUMMARY ==========

Data loading time: 4156.711844 ms

Index build time: 3633.384478 ms

Query execution time: 19360.109553 ms

Total elapsed time: 27154.862502 ms


========== EFFICIENCY METRICS ==========

Queries per second: 516.526003

Distance ops per second: 14047291.274644


========== END OF LOG ==========

Log saved to: Log/run_20251204_063348_286.log

