========== HNSW Search Test ==========

Timestamp: Thu Nov 27 02:20:04 2025

Command line arguments:
  argv[0]: ./hng
  argv[1]: --m
  argv[2]: 45
  argv[3]: --max_layer
  argv[4]: 13
  argv[5]: --efc
  argv[6]: 566
  argv[7]: --efs
  argv[8]: 726

Configuration:
  Base file: data_o/glove/base.txt
  Query file: data_o/glove/query.txt
  Truth file: data_o/glove/truth.txt
  K: 10
  M: 45
  Max layer: 13
  EFC: 566
  EFS: 726
  Threads: -1
  Debug: -1

HNSW parameters set.

Loading base vectors...
✓ Base loaded in 2091.572860 ms

Loading query vectors...
✓ Queries loaded in 69.516988 ms

Loading ground truth...
✓ Truth loaded in 66.692389 ms

Data Summary:
  Dimension d=100, Base vectors=1183514, Queries=10000


Building HNSW index...
✓ Index built.
  build_time(local)=857880.368668 ms
  build_time(internal)=820335.335613 ms


========== GRAPH QUALITY ==========

  num_nodes: 1183514

  max_level (entry point): 3

  actual_max_layer: 3

  avg_degree_l0: 52.629324

  avg_degree_upper: 0.191485


  Layer Distribution:

    L0: 1183514 nodes (100.00%)

    L1: 26270 nodes (2.22%)

    L2: 584 nodes (0.05%)

    L3: 15 nodes (0.00%)



Executing queries...

  Processed 1000 queries

  Processed 2000 queries

  Processed 3000 queries

  Processed 4000 queries

  Processed 5000 queries

  Processed 6000 queries

  Processed 7000 queries

  Processed 8000 queries

  Processed 9000 queries

  Processed 10000 queries


========== RESULTS ==========

Total queries: 10000

Average recall@10: 0.990640

Average query time: 3.236955 ms

Total query time: 32369.545546 ms


========== DISTANCE STATISTICS ==========

Total queries reported by index: 10000

Total distance computations: 292131738

Average distance ops per query: 29213.173800

Last query distance ops: 22654


========== PERFORMANCE SUMMARY ==========

Data loading time: 2227.782237 ms

Index build time: 820335.335613 ms

Query execution time: 32369.545546 ms

Total elapsed time: 892477.696451 ms


========== EFFICIENCY METRICS ==========

Queries per second: 308.932357

Distance ops per second: 9024894.636993


========== END OF LOG ==========

Log saved to: Log/run_20251127_022004_371.log

