========== HNSW Search Test ==========

Timestamp: Thu Dec  4 03:47:46 2025

Command line arguments:
  argv[0]: ./hng1
  argv[1]: --m
  argv[2]: 54
  argv[3]: --max_layer
  argv[4]: 8
  argv[5]: --efc
  argv[6]: 767
  argv[7]: --efs
  argv[8]: 800

Configuration:
  Base file: data_o/glove/base.txt
  Query file: data_o/glove/query.txt
  Truth file: data_o/glove/truth.txt
  K: 10
  M: 54
  Max layer: 8
  EFC: 767
  EFS: 800
  Threads: -1
  Debug: -1

HNSW parameters set.

Ablation flags: csr=0, prefetch=0, simd=0, pruning=0, heap=0

Loading base vectors...
✓ Base loaded in 2220.983422 ms

Loading query vectors...
✓ Queries loaded in 67.685941 ms

Loading ground truth...
✓ Truth loaded in 70.252824 ms

Data Summary:
  Dimension d=100, Base vectors=1183514, Queries=10000


Building HNSW index...
✓ Index built.
  build_time(local)=3879.241004 ms
  build_time(internal)=3874.406160 ms


========== GRAPH QUALITY ==========

  num_nodes: 1183514

  max_level (entry point): 3

  actual_max_layer: 3

  avg_degree_l0: 60.057630

  avg_degree_upper: 0.160550


  Layer Distribution:

    L0: 1183514 nodes (100.00%)

    L1: 21764 nodes (1.84%)

    L2: 413 nodes (0.03%)

    L3: 3 nodes (0.00%)



Executing queries...

  Processed 1000 queries

  Processed 2000 queries

  Processed 3000 queries

  Processed 4000 queries

  Processed 5000 queries

  Processed 6000 queries

  Processed 7000 queries

  Processed 8000 queries

  Processed 9000 queries

  Processed 10000 queries


========== RESULTS ==========

Total queries: 10000

Average recall@10: 0.994260

Average query time: 2.982137 ms

Total query time: 29821.371847 ms


========== DISTANCE STATISTICS ==========

Total queries reported by index: 10000

Total distance computations: 363099131

Average distance ops per query: 36309.913100

Last query distance ops: 27038


========== PERFORMANCE SUMMARY ==========

Data loading time: 2358.922187 ms

Index build time: 3874.406160 ms

Query execution time: 29821.371847 ms

Total elapsed time: 36059.535038 ms


========== EFFICIENCY METRICS ==========

Queries per second: 335.329979

Distance ops per second: 12175802.403152


========== END OF LOG ==========

Log saved to: Log/run_20251204_034746_031.log

