========== HNSW Search Test ==========

Timestamp: Wed Dec  3 15:20:30 2025

Command line arguments:
  argv[0]: ./hng
  argv[1]: --base
  argv[2]: data_o/glove/base.txt
  argv[3]: --query
  argv[4]: data_o/glove/query.txt
  argv[5]: --truth
  argv[6]: data_o/glove/truth.txt
  argv[7]: --k
  argv[8]: 10
  argv[9]: --m
  argv[10]: 50
  argv[11]: --max_layer
  argv[12]: 20
  argv[13]: --efc
  argv[14]: 927
  argv[15]: --efs
  argv[16]: 1960
  argv[17]: --threads
  argv[18]: 32
  argv[19]: --ablate_csr
  argv[20]: 0
  argv[21]: --ablate_prefetch
  argv[22]: 1
  argv[23]: --ablate_simd
  argv[24]: 0
  argv[25]: --ablate_pruning
  argv[26]: 0
  argv[27]: --ablate_heap
  argv[28]: 0
  argv[29]: --ablate_flat_index
  argv[30]: 0

Configuration:
  Base file: data_o/glove/base.txt
  Query file: data_o/glove/query.txt
  Truth file: data_o/glove/truth.txt
  K: 10
  M: 50
  Max layer: 20
  EFC: 927
  EFS: 1960
  Threads: 32
  Debug: -1

HNSW parameters set.

Ablation flags: csr=0, prefetch=1, simd=0, pruning=0, heap=0

Loading base vectors...
✓ Base loaded in 3840.715697 ms

Loading query vectors...
✓ Queries loaded in 72.334997 ms

Loading ground truth...
✓ Truth loaded in 70.029146 ms

Data Summary:
  Dimension d=100, Base vectors=1183514, Queries=10000


Building HNSW index...
✓ Index built.
  build_time(local)=3982.658117 ms
  build_time(internal)=3976.945904 ms


========== GRAPH QUALITY ==========

  num_nodes: 1183514

  max_level (entry point): 3

  actual_max_layer: 3

  avg_degree_l0: 62.953767

  avg_degree_upper: 0.183773


  Layer Distribution:

    L0: 1183514 nodes (100.00%)

    L1: 23582 nodes (1.99%)

    L2: 455 nodes (0.04%)

    L3: 9 nodes (0.00%)



Executing queries...

  Processed 1000 queries

  Processed 2000 queries

  Processed 3000 queries

  Processed 4000 queries

  Processed 5000 queries

  Processed 6000 queries

  Processed 7000 queries

  Processed 8000 queries

  Processed 9000 queries

  Processed 10000 queries


========== RESULTS ==========

Total queries: 10000

Average recall@10: 0.999190

Average query time: 8.389682 ms

Total query time: 83896.815755 ms


========== DISTANCE STATISTICS ==========

Total queries reported by index: 10000

Total distance computations: 805776906

Average distance ops per query: 80577.690600

Last query distance ops: 56214


========== PERFORMANCE SUMMARY ==========

Data loading time: 3983.079840 ms

Index build time: 3976.945904 ms

Query execution time: 83896.815755 ms

Total elapsed time: 91862.553712 ms


========== EFFICIENCY METRICS ==========

Queries per second: 119.194035

Distance ops per second: 9604380.079848


========== END OF LOG ==========

Log saved to: Log/run_20251203_152030_395.log

