========== HNSW Search Test ==========

Timestamp: Wed Nov 26 21:43:19 2025

Command line arguments:
  argv[0]: ./hng
  argv[1]: --m
  argv[2]: 42
  argv[3]: --max_layer
  argv[4]: 8
  argv[5]: --efc
  argv[6]: 222
  argv[7]: --efs
  argv[8]: 784

Configuration:
  Base file: data_o/glove/base.txt
  Query file: data_o/glove/query.txt
  Truth file: data_o/glove/truth.txt
  K: 10
  M: 42
  Max layer: 8
  EFC: 222
  EFS: 784
  Threads: -1
  Debug: -1

HNSW parameters set.

Loading base vectors...
✓ Base loaded in 2702.779448 ms

Loading query vectors...
✓ Queries loaded in 105.118405 ms

Loading ground truth...
✓ Truth loaded in 99.985199 ms

Data Summary:
  Dimension d=100, Base vectors=1183514, Queries=10000


Building HNSW index...
✓ Index built.
  build_time(local)=250660.794341 ms
  build_time(internal)=240790.057714 ms


========== GRAPH QUALITY ==========

  num_nodes: 1183514

  max_level (entry point): 4

  actual_max_layer: 4

  avg_degree_l0: 33.640815

  avg_degree_upper: 0.129372


  Layer Distribution:

    L0: 1183514 nodes (100.00%)

    L1: 28151 nodes (2.38%)

    L2: 676 nodes (0.06%)

    L3: 19 nodes (0.00%)

    L4: 1 nodes (0.00%)



Executing queries...

  Processed 1000 queries

  Processed 2000 queries

  Processed 3000 queries

  Processed 4000 queries

  Processed 5000 queries

  Processed 6000 queries

  Processed 7000 queries

  Processed 8000 queries

  Processed 9000 queries

  Processed 10000 queries


========== RESULTS ==========

Total queries: 10000

Average recall@10: 0.978410

Average query time: 2.631578 ms

Total query time: 26315.777306 ms


========== DISTANCE STATISTICS ==========

Total queries reported by index: 10000

Total distance computations: 216348705

Average distance ops per query: 21634.870500

Last query distance ops: 17643


========== PERFORMANCE SUMMARY ==========

Data loading time: 2907.883052 ms

Index build time: 240790.057714 ms

Query execution time: 26315.777306 ms

Total elapsed time: 279884.454699 ms


========== EFFICIENCY METRICS ==========

Queries per second: 380.000176

Distance ops per second: 8221254.591278


========== END OF LOG ==========

Log saved to: Log/run_20251126_214319_341.log

