========== HNSW Search Test ==========

Timestamp: Tue Dec  9 03:33:15 2025

Command line arguments:
  argv[0]: ./hng3
  argv[1]: --m
  argv[2]: 40
  argv[3]: --max_layer
  argv[4]: 7
  argv[5]: --efc
  argv[6]: 2000
  argv[7]: --efs
  argv[8]: 384
  argv[9]: --hamming_threshold
  argv[10]: 41

Configuration:
  Base file: data_o/glove/base.txt
  Query file: data_o/glove/query.txt
  Truth file: data_o/glove/truth.txt
  K: 10
  M: 40
  Max layer: 7
  EFC: 2000
  EFS: 384
  Threads: -1
  Debug: -1

HNSW parameters set.

Ablation flags: csr=0, prefetch=0, simd=0, pruning=0, heap=0

  Hamming threshold: 41
Loading base vectors...
✓ Base loaded in 2174.413293 ms

Loading query vectors...
✓ Queries loaded in 67.875973 ms

Loading ground truth...
✓ Truth loaded in 66.939379 ms

Data Summary:
  Dimension d=100, Base vectors=1183514, Queries=10000


Building HNSW index...
✓ Index built.
  build_time(local)=4213.716822 ms
  build_time(internal)=4208.635486 ms


========== GRAPH QUALITY ==========

  num_nodes: 1183514

  max_level (entry point): 3

  actual_max_layer: 3

  avg_degree_l0: 72.658490

  avg_degree_upper: 36.400908


  Layer Distribution:

    L0: 1183514 nodes (100.00%)

    L1: 29680 nodes (2.51%)

    L2: 692 nodes (0.06%)

    L3: 24 nodes (0.00%)



Executing queries...

  Processed 1000 queries

  Processed 2000 queries

  Processed 3000 queries

  Processed 4000 queries

  Processed 5000 queries

  Processed 6000 queries

  Processed 7000 queries

  Processed 8000 queries

  Processed 9000 queries

  Processed 10000 queries


========== RESULTS ==========

Total queries: 10000

Average recall@10: 0.977420

Average query time: 1.550426 ms

Total query time: 15504.255707 ms


========== DISTANCE STATISTICS ==========

Total queries reported by index: 10000

Total distance computations: 122582729

Average distance ops per query: 12258.273000

Last query distance ops: 14185


========== PERFORMANCE SUMMARY ==========

Data loading time: 2309.228645 ms

Index build time: 4208.635486 ms

Query execution time: 15504.255707 ms

Total elapsed time: 22027.201174 ms


========== EFFICIENCY METRICS ==========

Queries per second: 644.984202

Distance ops per second: 7906392.432928


========== END OF LOG ==========

Log saved to: Log/run_20251209_033315_207.log

