timestamp_start: 2025-11-25T04:20:22.017180
timestamp_end: 2025-11-25T04:23:46.852859
duration_s: 204.835679
cmd: ./hn --k 10 --m 12 --efc 509 --efs 373
returncode: -6

=== STDOUT ===
[cache] loaded base vectors from data_o/sift/base.txt.bin
Building index...
[Timing] Parallel Build: 179234 ms for 1000000 points.
Index built in 165 seconds
Loading queries and ground truth...
Loaded 1000 ground truth entries
Running queries...
Processed 50 queries
Processed 100 queries
Processed 150 queries
Processed 200 queries
Processed 250 queries
Processed 300 queries
Processed 350 queries
Processed 400 queries
Processed 450 queries
Processed 500 queries
Processed 550 queries
Processed 600 queries
Processed 650 queries
Processed 700 queries
Processed 750 queries
Processed 800 queries
Processed 850 queries
Processed 900 queries
Processed 950 queries
Processed 1000 queries
=== Results ===
Total queries: 1000
Average recall@10: 0.9828
Average query time: 1.74 ms
Average distance calcs per query: 3742.4
Last query distance calcs: 4704
Index build time: 165 seconds

=== STDERR ===
*** stack smashing detected ***: terminated
