========== HNSW Search Test ==========

Timestamp: Mon Dec  8 08:22:57 2025

Command line arguments:
  argv[0]: ./hng3
  argv[1]: --m
  argv[2]: 57
  argv[3]: --max_layer
  argv[4]: 7
  argv[5]: --efc
  argv[6]: 1300
  argv[7]: --efs
  argv[8]: 600

Configuration:
  Base file: data_o/glove/base.txt
  Query file: data_o/glove/query.txt
  Truth file: data_o/glove/truth.txt
  K: 10
  M: 57
  Max layer: 7
  EFC: 1300
  EFS: 600
  Threads: -1
  Debug: -1

HNSW parameters set.

Ablation flags: csr=0, prefetch=0, simd=0, pruning=0, heap=0

Loading base vectors...
✓ Base loaded in 2251.025039 ms

Loading query vectors...
✓ Queries loaded in 75.129481 ms

Loading ground truth...
✓ Truth loaded in 73.862279 ms

Data Summary:
  Dimension d=100, Base vectors=1183514, Queries=10000


Building HNSW index...
✓ Index built.
  build_time(local)=4790.478254 ms
  build_time(internal)=4785.042699 ms


========== GRAPH QUALITY ==========

  num_nodes: 1183514

  max_level (entry point): 3

  actual_max_layer: 3

  avg_degree_l0: 87.299657

  avg_degree_upper: 41.202402


  Layer Distribution:

    L0: 1183514 nodes (100.00%)

    L1: 20771 nodes (1.76%)

    L2: 369 nodes (0.03%)

    L3: 6 nodes (0.00%)



Executing queries...

  Processed 1000 queries

  Processed 2000 queries

  Processed 3000 queries

  Processed 4000 queries

  Processed 5000 queries

  Processed 6000 queries

  Processed 7000 queries

  Processed 8000 queries

  Processed 9000 queries

  Processed 10000 queries


========== RESULTS ==========

Total queries: 10000

Average recall@10: 0.625390

Average query time: 1.062887 ms

Total query time: 10628.869196 ms


========== DISTANCE STATISTICS ==========

Total queries reported by index: 10000

Total distance computations: 20831813

Average distance ops per query: 2083.181300

Last query distance ops: 3020


========== PERFORMANCE SUMMARY ==========

Data loading time: 2400.016799 ms

Index build time: 4785.042699 ms

Query execution time: 10628.869196 ms

Total elapsed time: 17819.364249 ms


========== EFFICIENCY METRICS ==========

Queries per second: 940.833857

Distance ops per second: 1959927.497070


========== END OF LOG ==========

Log saved to: Log/run_20251208_082257_421.log

