========== HNSW Search Test ==========

Timestamp: Mon Dec  8 18:20:47 2025

Command line arguments:
  argv[0]: ./hng3
  argv[1]: --m
  argv[2]: 57
  argv[3]: --max_layer
  argv[4]: 7
  argv[5]: --efc
  argv[6]: 1300
  argv[7]: --efs
  argv[8]: 272
  argv[9]: --hamming_threshold
  argv[10]: 32

Configuration:
  Base file: data_o/glove/base.txt
  Query file: data_o/glove/query.txt
  Truth file: data_o/glove/truth.txt
  K: 10
  M: 57
  Max layer: 7
  EFC: 1300
  EFS: 272
  Threads: -1
  Debug: -1

HNSW parameters set.

Ablation flags: csr=0, prefetch=0, simd=0, pruning=0, heap=0

  Hamming threshold: 32
Loading base vectors...
✓ Base loaded in 2241.879658 ms

Loading query vectors...
✓ Queries loaded in 68.365493 ms

Loading ground truth...
✓ Truth loaded in 72.448002 ms

Data Summary:
  Dimension d=100, Base vectors=1183514, Queries=10000


Building HNSW index...
✓ Index built.
  build_time(local)=4558.101410 ms
  build_time(internal)=1981.913415 ms


========== GRAPH QUALITY ==========

  num_nodes: 1183514

  max_level (entry point): 3

  actual_max_layer: 3

  avg_degree_l0: 87.299657

  avg_degree_upper: 41.202402


  Layer Distribution:

    L0: 1183514 nodes (100.00%)

    L1: 20771 nodes (1.76%)

    L2: 369 nodes (0.03%)

    L3: 6 nodes (0.00%)



Executing queries...

  Processed 1000 queries

  Processed 2000 queries

  Processed 3000 queries

  Processed 4000 queries

  Processed 5000 queries

  Processed 6000 queries

  Processed 7000 queries

  Processed 8000 queries

  Processed 9000 queries

  Processed 10000 queries


========== RESULTS ==========

Total queries: 10000

Average recall@10: 0.617030

Average query time: 0.548453 ms

Total query time: 5484.526801 ms


========== DISTANCE STATISTICS ==========

Total queries reported by index: 10000

Total distance computations: 14340846

Average distance ops per query: 1434.084600

Last query distance ops: 2190


========== PERFORMANCE SUMMARY ==========

Data loading time: 2382.693153 ms

Index build time: 1981.913415 ms

Query execution time: 5484.526801 ms

Total elapsed time: 12425.321364 ms


========== EFFICIENCY METRICS ==========

Queries per second: 1823.311356

Distance ops per second: 2614782.737024


========== END OF LOG ==========

Log saved to: Log/run_20251208_182047_770.log

