========== HNSW Search Test ==========

Timestamp: Wed Dec  3 18:59:11 2025

Command line arguments:
  argv[0]: ./hng1

Configuration:
  Base file: data_o/glove/base.txt
  Query file: data_o/glove/query.txt
  Truth file: data_o/glove/truth.txt
  K: 10
  M: -1
  Max layer: -1
  EFC: -1
  EFS: -1
  Threads: -1
  Debug: -1

Ablation flags: csr=0, prefetch=0, simd=0, pruning=0, heap=0

Loading base vectors...
✓ Base loaded in 2200.156600 ms

Loading query vectors...
✓ Queries loaded in 66.149911 ms

Loading ground truth...
✓ Truth loaded in 70.693952 ms

Data Summary:
  Dimension d=100, Base vectors=1183514, Queries=10000


Building HNSW index...
✓ Index built.
  build_time(local)=793066.281335 ms
  build_time(internal)=782555.344304 ms


========== GRAPH QUALITY ==========

  num_nodes: 1183514

  max_level (entry point): 3

  actual_max_layer: 3

  avg_degree_l0: 56.289255

  avg_degree_upper: 0.152320


  Layer Distribution:

    L0: 1183514 nodes (100.00%)

    L1: 23413 nodes (1.98%)

    L2: 421 nodes (0.04%)

    L3: 4 nodes (0.00%)



Executing queries...

  Processed 1000 queries

  Processed 2000 queries

  Processed 3000 queries

  Processed 4000 queries

  Processed 5000 queries

  Processed 6000 queries

  Processed 7000 queries

  Processed 8000 queries

  Processed 9000 queries

  Processed 10000 queries


========== RESULTS ==========

Total queries: 10000

Average recall@10: 0.981120

Average query time: 1.571312 ms

Total query time: 15713.118492 ms


========== DISTANCE STATISTICS ==========

Total queries reported by index: 10000

Total distance computations: 198810547

Average distance ops per query: 19881.054700

Last query distance ops: 16105


========== PERFORMANCE SUMMARY ==========

Data loading time: 2337.000463 ms

Index build time: 782555.344304 ms

Query execution time: 15713.118492 ms

Total elapsed time: 811116.400290 ms


========== EFFICIENCY METRICS ==========

Queries per second: 636.410908

Distance ops per second: 12652520.064761


========== END OF LOG ==========

Log saved to: Log/run_20251203_185911_181.log

