========== HNSW Search Test ==========

Timestamp: Fri Nov 28 19:26:26 2025

Command line arguments:
  argv[0]: ./hng
  argv[1]: --m
  argv[2]: 62
  argv[3]: --max_layer
  argv[4]: 6
  argv[5]: --efc
  argv[6]: 664
  argv[7]: --efs
  argv[8]: 276

Configuration:
  Base file: data_o/glove/base.txt
  Query file: data_o/glove/query.txt
  Truth file: data_o/glove/truth.txt
  K: 10
  M: 62
  Max layer: 6
  EFC: 664
  EFS: 276
  Threads: -1
  Debug: -1

HNSW parameters set.

Loading base vectors...
✓ Base loaded in 18271.019045 ms

Loading query vectors...
✓ Queries loaded in 235.500291 ms

Loading ground truth...
✓ Truth loaded in 218.506923 ms

Data Summary:
  Dimension d=100, Base vectors=1183514, Queries=10000


Building HNSW index...
