========== HNSW Search Test ==========

Timestamp: Mon Dec  8 18:57:49 2025

Command line arguments:
  argv[0]: ./hng3
  argv[1]: --m
  argv[2]: 32
  argv[3]: --max_layer
  argv[4]: 7
  argv[5]: --efc
  argv[6]: 1300
  argv[7]: --efs
  argv[8]: 464
  argv[9]: --hamming_threshold
  argv[10]: 45

Configuration:
  Base file: data_o/glove/base.txt
  Query file: data_o/glove/query.txt
  Truth file: data_o/glove/truth.txt
  K: 10
  M: 32
  Max layer: 7
  EFC: 1300
  EFS: 464
  Threads: -1
  Debug: -1

HNSW parameters set.

Ablation flags: csr=0, prefetch=0, simd=0, pruning=0, heap=0

  Hamming threshold: 45
Loading base vectors...
✓ Base loaded in 2097.241982 ms

Loading query vectors...
✓ Queries loaded in 70.881471 ms

Loading ground truth...
✓ Truth loaded in 71.119120 ms

Data Summary:
  Dimension d=100, Base vectors=1183514, Queries=10000


Building HNSW index...
✓ Index built.
  build_time(local)=3730.911313 ms
  build_time(internal)=3726.262673 ms


========== GRAPH QUALITY ==========

  num_nodes: 1183514

  max_level (entry point): 4

  actual_max_layer: 4

  avg_degree_l0: 59.116397

  avg_degree_upper: 30.476387


  Layer Distribution:

    L0: 1183514 nodes (100.00%)

    L1: 37221 nodes (3.14%)

    L2: 1178 nodes (0.10%)

    L3: 33 nodes (0.00%)

    L4: 1 nodes (0.00%)



Executing queries...

  Processed 1000 queries

  Processed 2000 queries

  Processed 3000 queries

  Processed 4000 queries

  Processed 5000 queries

  Processed 6000 queries

  Processed 7000 queries

  Processed 8000 queries

  Processed 9000 queries

  Processed 10000 queries


========== RESULTS ==========

Total queries: 10000

Average recall@10: 0.980940

Average query time: 1.727989 ms

Total query time: 17279.887302 ms


========== DISTANCE STATISTICS ==========

Total queries reported by index: 10000

Total distance computations: 167301021

Average distance ops per query: 16730.102100

Last query distance ops: 16737


========== PERFORMANCE SUMMARY ==========

Data loading time: 2239.242573 ms

Index build time: 3726.262673 ms

Query execution time: 17279.887302 ms

Total elapsed time: 23250.041188 ms


========== EFFICIENCY METRICS ==========

Queries per second: 578.707478

Distance ops per second: 9681835.192330


========== END OF LOG ==========

Log saved to: Log/run_20251208_185749_633.log

