========== HNSW Search Test ==========

Timestamp: Tue Dec  9 03:40:17 2025

Command line arguments:
  argv[0]: ./hng3
  argv[1]: --m
  argv[2]: 40
  argv[3]: --max_layer
  argv[4]: 7
  argv[5]: --efc
  argv[6]: 2000
  argv[7]: --efs
  argv[8]: 624
  argv[9]: --hamming_threshold
  argv[10]: 41

Configuration:
  Base file: data_o/glove/base.txt
  Query file: data_o/glove/query.txt
  Truth file: data_o/glove/truth.txt
  K: 10
  M: 40
  Max layer: 7
  EFC: 2000
  EFS: 624
  Threads: -1
  Debug: -1

HNSW parameters set.

Ablation flags: csr=0, prefetch=0, simd=0, pruning=0, heap=0

  Hamming threshold: 41
Loading base vectors...
✓ Base loaded in 2174.214528 ms

Loading query vectors...
✓ Queries loaded in 67.563690 ms

Loading ground truth...
✓ Truth loaded in 70.905504 ms

Data Summary:
  Dimension d=100, Base vectors=1183514, Queries=10000


Building HNSW index...
✓ Index built.
  build_time(local)=4196.214850 ms
  build_time(internal)=4191.147315 ms


========== GRAPH QUALITY ==========

  num_nodes: 1183514

  max_level (entry point): 3

  actual_max_layer: 3

  avg_degree_l0: 72.658490

  avg_degree_upper: 36.400908


  Layer Distribution:

    L0: 1183514 nodes (100.00%)

    L1: 29680 nodes (2.51%)

    L2: 692 nodes (0.06%)

    L3: 24 nodes (0.00%)



Executing queries...

  Processed 1000 queries

  Processed 2000 queries

  Processed 3000 queries

  Processed 4000 queries

  Processed 5000 queries

  Processed 6000 queries

  Processed 7000 queries

  Processed 8000 queries

  Processed 9000 queries

  Processed 10000 queries


========== RESULTS ==========

Total queries: 10000

Average recall@10: 0.987320

Average query time: 2.898292 ms

Total query time: 28982.917174 ms


========== DISTANCE STATISTICS ==========

Total queries reported by index: 10000

Total distance computations: 177549216

Average distance ops per query: 17754.921600

Last query distance ops: 19892


========== PERFORMANCE SUMMARY ==========

Data loading time: 2312.683722 ms

Index build time: 4191.147315 ms

Query execution time: 28982.917174 ms

Total elapsed time: 35491.815746 ms


========== EFFICIENCY METRICS ==========

Queries per second: 345.030831

Distance ops per second: 6125995.355612


========== END OF LOG ==========

Log saved to: Log/run_20251209_034017_765.log

