========== HNSW Search Test ==========

Timestamp: Thu Nov 27 08:30:47 2025

Command line arguments:
  argv[0]: ./hng
  argv[1]: --m
  argv[2]: 58
  argv[3]: --max_layer
  argv[4]: 11
  argv[5]: --efc
  argv[6]: 564
  argv[7]: --efs
  argv[8]: 291

Configuration:
  Base file: data_o/glove/base.txt
  Query file: data_o/glove/query.txt
  Truth file: data_o/glove/truth.txt
  K: 10
  M: 58
  Max layer: 11
  EFC: 564
  EFS: 291
  Threads: -1
  Debug: -1

HNSW parameters set.

Loading base vectors...
✓ Base loaded in 2147.605209 ms

Loading query vectors...
✓ Queries loaded in 67.467524 ms

Loading ground truth...
✓ Truth loaded in 68.556406 ms

Data Summary:
  Dimension d=100, Base vectors=1183514, Queries=10000


Building HNSW index...
✓ Index built.
  build_time(local)=905955.916365 ms
  build_time(internal)=844527.287704 ms


========== GRAPH QUALITY ==========

  num_nodes: 1183514

  max_level (entry point): 3

  actual_max_layer: 3

  avg_degree_l0: 53.836236

  avg_degree_upper: 0.133285


  Layer Distribution:

    L0: 1183514 nodes (100.00%)

    L1: 20417 nodes (1.73%)

    L2: 394 nodes (0.03%)

    L3: 9 nodes (0.00%)



Executing queries...

  Processed 1000 queries

  Processed 2000 queries

  Processed 3000 queries

  Processed 4000 queries

  Processed 5000 queries

  Processed 6000 queries

  Processed 7000 queries

  Processed 8000 queries

  Processed 9000 queries

  Processed 10000 queries


========== RESULTS ==========

Total queries: 10000

Average recall@10: 0.966010

Average query time: 1.419201 ms

Total query time: 14192.014273 ms


========== DISTANCE STATISTICS ==========

Total queries reported by index: 10000

Total distance computations: 136507742

Average distance ops per query: 13650.774200

Last query distance ops: 11565


========== PERFORMANCE SUMMARY ==========

Data loading time: 2283.629139 ms

Index build time: 844527.287704 ms

Query execution time: 14192.014273 ms

Total elapsed time: 922431.559777 ms


========== EFFICIENCY METRICS ==========

Queries per second: 704.621614

Distance ops per second: 9618630.546314


========== END OF LOG ==========

Log saved to: Log/run_20251127_083047_522.log

