========== HNSW Search Test ==========

Timestamp: Wed Nov 26 09:39:57 2025

Command line arguments:
  argv[0]: ./hng
  argv[1]: --m
  argv[2]: 40
  argv[3]: --efc
  argv[4]: 545
  argv[5]: --efs
  argv[6]: 897

Configuration:
  Base file: data_o/glove/base.txt
  Query file: data_o/glove/query.txt
  Truth file: data_o/glove/truth.txt
  K: 10
  M: 40
  Max layer: -1
  EFC: 545
  EFS: 897
  Threads: -1
  Debug: -1

HNSW parameters set.

Loading base vectors...
✓ Base loaded in 4104.947210 ms

Loading query vectors...
✓ Queries loaded in 96.012823 ms

Loading ground truth...
✓ Truth loaded in 94.945835 ms

Data Summary:
  Dimension d=100, Base vectors=1183514, Queries=10000


Building HNSW index...
✓ Index built.
  build_time(local)=574144.177608 ms
  build_time(internal)=572181.389321 ms


Executing queries...

  Processed 1000 queries

  Processed 2000 queries

  Processed 3000 queries

  Processed 4000 queries

  Processed 5000 queries

  Processed 6000 queries

  Processed 7000 queries

  Processed 8000 queries

  Processed 9000 queries

  Processed 10000 queries


========== RESULTS ==========

Total queries: 10000

Average recall@10: 0.992320

Average query time: 4.165190 ms

Total query time: 41651.898617 ms


========== DISTANCE STATISTICS ==========

Total queries reported by index: 10000

Total distance computations: 333668502

Average distance ops per query: 33366.850200

Last query distance ops: 25692


========== PERFORMANCE SUMMARY ==========

Data loading time: 4295.905868 ms

Index build time: 572181.389321 ms

Query execution time: 41651.898617 ms

Total elapsed time: 620091.982093 ms


========== EFFICIENCY METRICS ==========

Queries per second: 240.085094

Distance ops per second: 8010883.370964


========== END OF LOG ==========

Log saved to: Log/run_20251126_093957_213.log

