========== HNSW Search Test ==========

Timestamp: Thu Dec  4 02:58:18 2025

Command line arguments:
  argv[0]: ./hng1
  argv[1]: --m
  argv[2]: 38
  argv[3]: --max_layer
  argv[4]: 4
  argv[5]: --efc
  argv[6]: 599
  argv[7]: --efs
  argv[8]: 744

Configuration:
  Base file: data_o/glove/base.txt
  Query file: data_o/glove/query.txt
  Truth file: data_o/glove/truth.txt
  K: 10
  M: 38
  Max layer: 4
  EFC: 599
  EFS: 744
  Threads: -1
  Debug: -1

HNSW parameters set.

Ablation flags: csr=0, prefetch=0, simd=0, pruning=0, heap=0

Loading base vectors...
✓ Base loaded in 2085.932661 ms

Loading query vectors...
✓ Queries loaded in 69.077644 ms

Loading ground truth...
✓ Truth loaded in 68.390124 ms

Data Summary:
  Dimension d=100, Base vectors=1183514, Queries=10000


Building HNSW index...
✓ Index built.
  build_time(local)=3732.621039 ms
  build_time(internal)=3727.566531 ms


========== GRAPH QUALITY ==========

  num_nodes: 1183514

  max_level (entry point): 3

  actual_max_layer: 3

  avg_degree_l0: 51.459643

  avg_degree_upper: 0.209647


  Layer Distribution:

    L0: 1183514 nodes (100.00%)

    L1: 30945 nodes (2.61%)

    L2: 761 nodes (0.06%)

    L3: 14 nodes (0.00%)



Executing queries...

  Processed 1000 queries

  Processed 2000 queries

  Processed 3000 queries

  Processed 4000 queries

  Processed 5000 queries

  Processed 6000 queries

  Processed 7000 queries

  Processed 8000 queries

  Processed 9000 queries

  Processed 10000 queries


========== RESULTS ==========

Total queries: 10000

Average recall@10: 0.990020

Average query time: 2.091706 ms

Total query time: 20917.064017 ms


========== DISTANCE STATISTICS ==========

Total queries reported by index: 10000

Total distance computations: 283765790

Average distance ops per query: 28376.579000

Last query distance ops: 22756


========== PERFORMANCE SUMMARY ==========

Data loading time: 2223.400429 ms

Index build time: 3727.566531 ms

Query execution time: 20917.064017 ms

Total elapsed time: 26873.085485 ms


========== EFFICIENCY METRICS ==========

Queries per second: 478.078567

Distance ops per second: 13566234.236764


========== END OF LOG ==========

Log saved to: Log/run_20251204_025818_207.log

