========== HNSW Search Test ==========

Timestamp: Mon Dec  8 16:27:42 2025

Command line arguments:
  argv[0]: ./hng3
  argv[1]: --m
  argv[2]: 40
  argv[3]: --max_layer
  argv[4]: 7
  argv[5]: --efc
  argv[6]: 1300
  argv[7]: --efs
  argv[8]: 288
  argv[9]: --hamming_threshold
  argv[10]: 38

Configuration:
  Base file: data_o/glove/base.txt
  Query file: data_o/glove/query.txt
  Truth file: data_o/glove/truth.txt
  K: 10
  M: 40
  Max layer: 7
  EFC: 1300
  EFS: 288
  Threads: -1
  Debug: -1

HNSW parameters set.

Ablation flags: csr=0, prefetch=0, simd=0, pruning=0, heap=0

  Hamming threshold: 38
Loading base vectors...
✓ Base loaded in 2263.042016 ms

Loading query vectors...
✓ Queries loaded in 68.453317 ms

Loading ground truth...
✓ Truth loaded in 75.097974 ms

Data Summary:
  Dimension d=100, Base vectors=1183514, Queries=10000


Building HNSW index...
✓ Index built.
  build_time(local)=4360.414001 ms
  build_time(internal)=4355.182801 ms


========== GRAPH QUALITY ==========

  num_nodes: 1183514

  max_level (entry point): 4

  actual_max_layer: 4

  avg_degree_l0: 70.480409

  avg_degree_upper: 36.234139


  Layer Distribution:

    L0: 1183514 nodes (100.00%)

    L1: 29379 nodes (2.48%)

    L2: 691 nodes (0.06%)

    L3: 18 nodes (0.00%)

    L4: 1 nodes (0.00%)



Executing queries...

  Processed 1000 queries

  Processed 2000 queries

  Processed 3000 queries

  Processed 4000 queries

  Processed 5000 queries

  Processed 6000 queries

  Processed 7000 queries

  Processed 8000 queries

  Processed 9000 queries

  Processed 10000 queries


========== RESULTS ==========

Total queries: 10000

Average recall@10: 0.936960

Average query time: 0.992607 ms

Total query time: 9926.073095 ms


========== DISTANCE STATISTICS ==========

Total queries reported by index: 10000

Total distance computations: 59661411

Average distance ops per query: 5966.141100

Last query distance ops: 8013


========== PERFORMANCE SUMMARY ==========

Data loading time: 2406.593307 ms

Index build time: 4355.182801 ms

Query execution time: 9926.073095 ms

Total elapsed time: 16693.080403 ms


========== EFFICIENCY METRICS ==========

Queries per second: 1007.447749

Distance ops per second: 6010575.423835


========== END OF LOG ==========

Log saved to: Log/run_20251208_162742_761.log

