========== HNSW Search Test ==========

Timestamp: Tue Dec  2 01:11:05 2025

Command line arguments:
  argv[0]: ./hng
  argv[1]: --m
  argv[2]: 54
  argv[3]: --max_layer
  argv[4]: 12
  argv[5]: --efc
  argv[6]: 474
  argv[7]: --efs
  argv[8]: 1883

Configuration:
  Base file: data_o/glove/base.txt
  Query file: data_o/glove/query.txt
  Truth file: data_o/glove/truth.txt
  K: 10
  M: 54
  Max layer: 12
  EFC: 474
  EFS: 1883
  Threads: -1
  Debug: -1

HNSW parameters set.

Loading base vectors...
✓ Base loaded in 3792.990178 ms

Loading query vectors...
✓ Queries loaded in 80.165907 ms

Loading ground truth...
✓ Truth loaded in 83.247213 ms

Data Summary:
  Dimension d=100, Base vectors=1183514, Queries=10000


Building HNSW index...
✓ Index built.
  build_time(local)=600875.029462 ms
  build_time(internal)=641699.084646 ms


========== GRAPH QUALITY ==========

  num_nodes: 1183514

  max_level (entry point): 3

  actual_max_layer: 3

  avg_degree_l0: 49.872579

  avg_degree_upper: 0.151061


  Layer Distribution:

    L0: 1183514 nodes (100.00%)

    L1: 21935 nodes (1.85%)

    L2: 400 nodes (0.03%)

    L3: 7 nodes (0.00%)



Executing queries...

  Processed 1000 queries

  Processed 2000 queries

  Processed 3000 queries

  Processed 4000 queries

  Processed 5000 queries

  Processed 6000 queries

  Processed 7000 queries

  Processed 8000 queries

  Processed 9000 queries

  Processed 10000 queries


========== RESULTS ==========

Total queries: 10000

Average recall@10: 0.998070

Average query time: 4.586049 ms

Total query time: 45860.490518 ms


========== DISTANCE STATISTICS ==========

Total queries reported by index: 10000

Total distance computations: 0

Average distance ops per query: 0.000000

Last query distance ops: 0


========== PERFORMANCE SUMMARY ==========

Data loading time: 3956.403298 ms

Index build time: 641699.084646 ms

Query execution time: 45860.490518 ms

Total elapsed time: 650691.923278 ms


========== EFFICIENCY METRICS ==========

Queries per second: 218.052618


========== END OF LOG ==========

Log saved to: Log/run_20251202_011105_522.log

