========== HNSW Search Test ==========

Timestamp: Sun Dec  7 10:21:16 2025

Command line arguments:
  argv[0]: ./hng2
  argv[1]: --m
  argv[2]: 64
  argv[3]: --max_layer
  argv[4]: 7
  argv[5]: --efc
  argv[6]: 600
  argv[7]: --efs
  argv[8]: 600

Configuration:
  Base file: data_o/glove/base.txt
  Query file: data_o/glove/query.txt
  Truth file: data_o/glove/truth.txt
  K: 10
  M: 64
  Max layer: 7
  EFC: 600
  EFS: 600
  Threads: -1
  Debug: -1

HNSW parameters set.

Ablation flags: csr=0, prefetch=0, simd=0, pruning=0, heap=0

Loading base vectors...
✓ Base loaded in 3539.215481 ms

Loading query vectors...
✓ Queries loaded in 66.476310 ms

Loading ground truth...
✓ Truth loaded in 66.740916 ms

Data Summary:
  Dimension d=100, Base vectors=1183514, Queries=10000


Building HNSW index...
✓ Index built.
  build_time(local)=4181.341572 ms
  build_time(internal)=4176.376997 ms


========== GRAPH QUALITY ==========

  num_nodes: 1183514

  max_level (entry point): 4

  actual_max_layer: 4

  avg_degree_l0: 75.967228

  avg_degree_upper: 0.130254


  Layer Distribution:

    L0: 1183514 nodes (100.00%)

    L1: 18263 nodes (1.54%)

    L2: 286 nodes (0.02%)

    L3: 6 nodes (0.00%)

    L4: 1 nodes (0.00%)



Executing queries...

  Processed 1000 queries

  Processed 2000 queries

  Processed 3000 queries

  Processed 4000 queries

  Processed 5000 queries

  Processed 6000 queries

  Processed 7000 queries

  Processed 8000 queries

  Processed 9000 queries

  Processed 10000 queries


========== RESULTS ==========

Total queries: 10000

Average recall@10: 0.994350

Average query time: 2.999122 ms

Total query time: 29991.215776 ms


========== DISTANCE STATISTICS ==========

Total queries reported by index: 10000

Total distance computations: 368942578

Average distance ops per query: 36894.257800

Last query distance ops: 34878


========== PERFORMANCE SUMMARY ==========

Data loading time: 3672.432707 ms

Index build time: 4176.376997 ms

Query execution time: 29991.215776 ms

Total elapsed time: 37844.990055 ms


========== EFFICIENCY METRICS ==========

Queries per second: 333.430964

Distance ops per second: 12301687.959420


========== END OF LOG ==========

Log saved to: Log/run_20251207_102116_326.log

