========== HNSW Search Test ==========

Timestamp: Fri Nov 28 01:30:07 2025

Command line arguments:
  argv[0]: ./hng
  argv[1]: --m
  argv[2]: 38
  argv[3]: --max_layer
  argv[4]: 14
  argv[5]: --efc
  argv[6]: 976
  argv[7]: --efs
  argv[8]: 723

Configuration:
  Base file: data_o/glove/base.txt
  Query file: data_o/glove/query.txt
  Truth file: data_o/glove/truth.txt
  K: 10
  M: 38
  Max layer: 14
  EFC: 976
  EFS: 723
  Threads: -1
  Debug: -1

HNSW parameters set.

Loading base vectors...
✓ Base loaded in 2272.719907 ms

Loading query vectors...
✓ Queries loaded in 73.217329 ms

Loading ground truth...
✓ Truth loaded in 72.889458 ms

Data Summary:
  Dimension d=100, Base vectors=1183514, Queries=10000


Building HNSW index...
✓ Index built.
  build_time(local)=1596379.182345 ms
  build_time(internal)=1447379.536221 ms


========== GRAPH QUALITY ==========

  num_nodes: 1183514

  max_level (entry point): 3

  actual_max_layer: 3

  avg_degree_l0: 57.927655

  avg_degree_upper: 0.217443


  Layer Distribution:

    L0: 1183514 nodes (100.00%)

    L1: 30946 nodes (2.61%)

    L2: 811 nodes (0.07%)

    L3: 26 nodes (0.00%)



Executing queries...

  Processed 1000 queries

  Processed 2000 queries

  Processed 3000 queries

  Processed 4000 queries

  Processed 5000 queries

  Processed 6000 queries

  Processed 7000 queries

  Processed 8000 queries

  Processed 9000 queries

  Processed 10000 queries


========== RESULTS ==========

Total queries: 10000

Average recall@10: 0.991650

Average query time: 3.509815 ms

Total query time: 35098.152313 ms


========== DISTANCE STATISTICS ==========

Total queries reported by index: 10000

Total distance computations: 305041545

Average distance ops per query: 30504.154500

Last query distance ops: 25060


========== PERFORMANCE SUMMARY ==========

Data loading time: 2418.826694 ms

Index build time: 1447379.536221 ms

Query execution time: 35098.152313 ms

Total elapsed time: 1633896.161352 ms


========== EFFICIENCY METRICS ==========

Queries per second: 284.915283

Distance ops per second: 8691099.812881


========== END OF LOG ==========

Log saved to: Log/run_20251128_013007_256.log

