========== HNSW Search Test ==========

Timestamp: Thu Nov 27 17:42:04 2025

Command line arguments:
  argv[0]: ./hng
  argv[1]: --m
  argv[2]: 42
  argv[3]: --max_layer
  argv[4]: 17
  argv[5]: --efc
  argv[6]: 944
  argv[7]: --efs
  argv[8]: 256

Configuration:
  Base file: data_o/glove/base.txt
  Query file: data_o/glove/query.txt
  Truth file: data_o/glove/truth.txt
  K: 10
  M: 42
  Max layer: 17
  EFC: 944
  EFS: 256
  Threads: -1
  Debug: -1

HNSW parameters set.

Loading base vectors...
✓ Base loaded in 2832.668826 ms

Loading query vectors...
✓ Queries loaded in 100.494250 ms

Loading ground truth...
✓ Truth loaded in 94.915526 ms

Data Summary:
  Dimension d=100, Base vectors=1183514, Queries=10000


Building HNSW index...
