========== HNSW Search Test ==========

Timestamp: Wed Nov 26 17:49:34 2025

Command line arguments:
  argv[0]: ./hng
  argv[1]: --m
  argv[2]: 18
  argv[3]: --efc
  argv[4]: 762
  argv[5]: --efs
  argv[6]: 129

Configuration:
  Base file: data_o/glove/base.txt
  Query file: data_o/glove/query.txt
  Truth file: data_o/glove/truth.txt
  K: 10
  M: 18
  Max layer: -1
  EFC: 762
  EFS: 129
  Threads: -1
  Debug: -1

HNSW parameters set.

Loading base vectors...
✓ Base loaded in 2013.401016 ms

Loading query vectors...
✓ Queries loaded in 65.774438 ms

Loading ground truth...
✓ Truth loaded in 63.345940 ms

Data Summary:
  Dimension d=100, Base vectors=1183514, Queries=10000


Building HNSW index...
✓ Index built.
  build_time(local)=566115.505204 ms
  build_time(internal)=550113.963649 ms


Executing queries...

  Processed 1000 queries

  Processed 2000 queries

  Processed 3000 queries

  Processed 4000 queries

  Processed 5000 queries

  Processed 6000 queries

  Processed 7000 queries

  Processed 8000 queries

  Processed 9000 queries

  Processed 10000 queries


========== RESULTS ==========

Total queries: 10000

Average recall@10: 0.867840

Average query time: 0.361472 ms

Total query time: 3614.724858 ms


========== DISTANCE STATISTICS ==========

Total queries reported by index: 10000

Total distance computations: 36895068

Average distance ops per query: 3689.506800

Last query distance ops: 3750


========== PERFORMANCE SUMMARY ==========

Data loading time: 2142.521394 ms

Index build time: 550113.963649 ms

Query execution time: 3614.724858 ms

Total elapsed time: 571872.751456 ms


========== EFFICIENCY METRICS ==========

Queries per second: 2766.462288

Distance ops per second: 10206881.422343


========== END OF LOG ==========

Log saved to: Log/run_20251126_174934_691.log

