========== HNSW Search Test ==========

Timestamp: Mon Dec  8 13:40:11 2025

Command line arguments:
  argv[0]: ./hng3
  argv[1]: --m
  argv[2]: 32
  argv[3]: --max_layer
  argv[4]: 7
  argv[5]: --efc
  argv[6]: 1000
  argv[7]: --efs
  argv[8]: 304
  argv[9]: --hamming_threshold
  argv[10]: 38

Configuration:
  Base file: data_o/glove/base.txt
  Query file: data_o/glove/query.txt
  Truth file: data_o/glove/truth.txt
  K: 10
  M: 32
  Max layer: 7
  EFC: 1000
  EFS: 304
  Threads: -1
  Debug: -1

HNSW parameters set.

Ablation flags: csr=0, prefetch=0, simd=0, pruning=0, heap=0

Loading base vectors...
✓ Base loaded in 4075.411427 ms

Loading query vectors...
✓ Queries loaded in 82.004780 ms

Loading ground truth...
✓ Truth loaded in 75.610910 ms

Data Summary:
  Dimension d=100, Base vectors=1183514, Queries=10000


Building HNSW index...
✓ Index built.
  build_time(local)=4341.284312 ms
  build_time(internal)=4336.064639 ms


========== GRAPH QUALITY ==========

  num_nodes: 1183514

  max_level (entry point): 3

  actual_max_layer: 3

  avg_degree_l0: 58.055684

  avg_degree_upper: 30.380945


  Layer Distribution:

    L0: 1183514 nodes (100.00%)

    L1: 36932 nodes (3.12%)

    L2: 1217 nodes (0.10%)

    L3: 35 nodes (0.00%)



Executing queries...

  Processed 1000 queries

  Processed 2000 queries

  Processed 3000 queries

  Processed 4000 queries

  Processed 5000 queries

  Processed 6000 queries

  Processed 7000 queries

  Processed 8000 queries

  Processed 9000 queries

  Processed 10000 queries


========== RESULTS ==========

Total queries: 10000

Average recall@10: 0.966260

Average query time: 1.159780 ms

Total query time: 11597.800532 ms


========== DISTANCE STATISTICS ==========

Total queries reported by index: 10000

Total distance computations: 109655900

Average distance ops per query: 10965.590000

Last query distance ops: 11594


========== PERFORMANCE SUMMARY ==========

Data loading time: 4233.027117 ms

Index build time: 4336.064639 ms

Query execution time: 11597.800532 ms

Total elapsed time: 20172.111961 ms


========== EFFICIENCY METRICS ==========

Queries per second: 862.232453

Distance ops per second: 9454887.562296


========== END OF LOG ==========

Log saved to: Log/run_20251208_134011_653.log

