========== HNSW Search Test ==========

Timestamp: Wed Nov 26 02:20:10 2025

Command line arguments:
  argv[0]: ./hng
  argv[1]: --m
  argv[2]: 39
  argv[3]: --efc
  argv[4]: 605
  argv[5]: --efs
  argv[6]: 681

Configuration:
  Base file: data_o/glove/base.txt
  Query file: data_o/glove/query.txt
  Truth file: data_o/glove/truth.txt
  K: 10
  M: 39
  Max layer: -1
  EFC: 605
  EFS: 681
  Threads: -1
  Debug: -1

HNSW parameters set.

Loading base vectors...
✓ Base loaded in 3528.887697 ms

Loading query vectors...
✓ Queries loaded in 84.897047 ms

Loading ground truth...
✓ Truth loaded in 80.928256 ms

Data Summary:
  Dimension d=100, Base vectors=1183514, Queries=10000


Building HNSW index...
✓ Index built.
  build_time(local)=533483.758820 ms
  build_time(internal)=579245.677727 ms


Executing queries...

  Processed 1000 queries

  Processed 2000 queries

  Processed 3000 queries

  Processed 4000 queries

  Processed 5000 queries

  Processed 6000 queries

  Processed 7000 queries

  Processed 8000 queries

  Processed 9000 queries

  Processed 10000 queries


========== RESULTS ==========

Total queries: 10000

Average recall@10: 0.988870

Average query time: 2.846005 ms

Total query time: 28460.048054 ms


========== DISTANCE STATISTICS ==========

Total queries reported by index: 10000

Total distance computations: 266698610

Average distance ops per query: 26669.861000

Last query distance ops: 21405


========== PERFORMANCE SUMMARY ==========

Data loading time: 3694.713000 ms

Index build time: 579245.677727 ms

Query execution time: 28460.048054 ms

Total elapsed time: 565638.519874 ms


========== EFFICIENCY METRICS ==========

Queries per second: 351.369751

Distance ops per second: 9370982.420478


========== END OF LOG ==========

Log saved to: Log/run_20251126_022010_503.log

