========== HNSW Search Test ==========

Timestamp: Fri Nov 28 19:28:54 2025

Command line arguments:
  argv[0]: ./hng
  argv[1]: --m
  argv[2]: 56
  argv[3]: --max_layer
  argv[4]: 20
  argv[5]: --efc
  argv[6]: 160
  argv[7]: --efs
  argv[8]: 469

Configuration:
  Base file: data_o/glove/base.txt
  Query file: data_o/glove/query.txt
  Truth file: data_o/glove/truth.txt
  K: 10
  M: 56
  Max layer: 20
  EFC: 160
  EFS: 469
  Threads: -1
  Debug: -1

HNSW parameters set.

Loading base vectors...
✓ Base loaded in 18224.783411 ms

Loading query vectors...
✓ Queries loaded in 661.866953 ms

Loading ground truth...
✓ Truth loaded in 257.816999 ms

Data Summary:
  Dimension d=100, Base vectors=1183514, Queries=10000


Building HNSW index...
