========== HNSW Search Test ==========

Timestamp: Thu Dec  4 04:56:08 2025

Command line arguments:
  argv[0]: ./hng1
  argv[1]: --m
  argv[2]: 48
  argv[3]: --max_layer
  argv[4]: 9
  argv[5]: --efc
  argv[6]: 515
  argv[7]: --efs
  argv[8]: 710

Configuration:
  Base file: data_o/glove/base.txt
  Query file: data_o/glove/query.txt
  Truth file: data_o/glove/truth.txt
  K: 10
  M: 48
  Max layer: 9
  EFC: 515
  EFS: 710
  Threads: -1
  Debug: -1

HNSW parameters set.

Ablation flags: csr=0, prefetch=0, simd=0, pruning=0, heap=0

Loading base vectors...
✓ Base loaded in 2110.889203 ms

Loading query vectors...
✓ Queries loaded in 72.022757 ms

Loading ground truth...
✓ Truth loaded in 68.688511 ms

Data Summary:
  Dimension d=100, Base vectors=1183514, Queries=10000


Building HNSW index...
✓ Index built.
  build_time(local)=3706.270272 ms
  build_time(internal)=3701.426942 ms


========== GRAPH QUALITY ==========

  num_nodes: 1183514

  max_level (entry point): 3

  actual_max_layer: 3

  avg_degree_l0: 51.178766

  avg_degree_upper: 0.174164


  Layer Distribution:

    L0: 1183514 nodes (100.00%)

    L1: 24615 nodes (2.08%)

    L2: 518 nodes (0.04%)

    L3: 10 nodes (0.00%)



Executing queries...

  Processed 1000 queries

  Processed 2000 queries

  Processed 3000 queries

  Processed 4000 queries

  Processed 5000 queries

  Processed 6000 queries

  Processed 7000 queries

  Processed 8000 queries

  Processed 9000 queries

  Processed 10000 queries


========== RESULTS ==========

Total queries: 10000

Average recall@10: 0.990200

Average query time: 2.036668 ms

Total query time: 20366.675173 ms


========== DISTANCE STATISTICS ==========

Total queries reported by index: 10000

Total distance computations: 281882011

Average distance ops per query: 28188.201100

Last query distance ops: 21759


========== PERFORMANCE SUMMARY ==========

Data loading time: 2251.600471 ms

Index build time: 3701.426942 ms

Query execution time: 20366.675173 ms

Total elapsed time: 26324.545916 ms


========== EFFICIENCY METRICS ==========

Queries per second: 490.998158

Distance ops per second: 13840354.825008


========== END OF LOG ==========

Log saved to: Log/run_20251204_045608_157.log

