========== HNSW Search Test ==========

Timestamp: Mon Dec  8 06:19:12 2025

Command line arguments:
  argv[0]: ./hng3
  argv[1]: --m
  argv[2]: 57
  argv[3]: --max_layer
  argv[4]: 7
  argv[5]: --efc
  argv[6]: 600
  argv[7]: --efs
  argv[8]: 800

Configuration:
  Base file: data_o/glove/base.txt
  Query file: data_o/glove/query.txt
  Truth file: data_o/glove/truth.txt
  K: 10
  M: 57
  Max layer: 7
  EFC: 600
  EFS: 800
  Threads: -1
  Debug: -1

HNSW parameters set.

Ablation flags: csr=0, prefetch=0, simd=0, pruning=0, heap=0

Loading base vectors...
✓ Base loaded in 2229.848484 ms

Loading query vectors...
✓ Queries loaded in 73.017057 ms

Loading ground truth...
✓ Truth loaded in 73.924616 ms

Data Summary:
  Dimension d=100, Base vectors=1183514, Queries=10000


Building HNSW index...
✓ Index built.
  build_time(local)=4371.319537 ms
  build_time(internal)=4366.138685 ms


========== GRAPH QUALITY ==========

  num_nodes: 1183514

  max_level (entry point): 4

  actual_max_layer: 4

  avg_degree_l0: 73.634421

  avg_degree_upper: 40.058564


  Layer Distribution:

    L0: 1183514 nodes (100.00%)

    L1: 20669 nodes (1.75%)

    L2: 372 nodes (0.03%)

    L3: 12 nodes (0.00%)

    L4: 1 nodes (0.00%)



Executing queries...

  Processed 1000 queries

  Processed 2000 queries

  Processed 3000 queries

  Processed 4000 queries

  Processed 5000 queries

  Processed 6000 queries

  Processed 7000 queries

  Processed 8000 queries

  Processed 9000 queries

  Processed 10000 queries


========== RESULTS ==========

Total queries: 10000

Average recall@10: 0.463430

Average query time: 0.968550 ms

Total query time: 9685.497216 ms


========== DISTANCE STATISTICS ==========

Total queries reported by index: 10000

Total distance computations: 17941174

Average distance ops per query: 1794.117400

Last query distance ops: 3001


========== PERFORMANCE SUMMARY ==========

Data loading time: 2376.790157 ms

Index build time: 4366.138685 ms

Query execution time: 9685.497216 ms

Total elapsed time: 16433.606910 ms


========== EFFICIENCY METRICS ==========

Queries per second: 1032.471517

Distance ops per second: 1852375.113005


========== END OF LOG ==========

Log saved to: Log/run_20251208_061912_786.log

