========== HNSW Search Test ==========

Timestamp: Mon Dec  8 13:47:25 2025

Command line arguments:
  argv[0]: ./hng3
  argv[1]: --m
  argv[2]: 32
  argv[3]: --max_layer
  argv[4]: 7
  argv[5]: --efc
  argv[6]: 1300
  argv[7]: --efs
  argv[8]: 352
  argv[9]: --hamming_threshold
  argv[10]: 38

Configuration:
  Base file: data_o/glove/base.txt
  Query file: data_o/glove/query.txt
  Truth file: data_o/glove/truth.txt
  K: 10
  M: 32
  Max layer: 7
  EFC: 1300
  EFS: 352
  Threads: -1
  Debug: -1

HNSW parameters set.

Ablation flags: csr=0, prefetch=0, simd=0, pruning=0, heap=0

Loading base vectors...
✓ Base loaded in 2223.935535 ms

Loading query vectors...
✓ Queries loaded in 77.204790 ms

Loading ground truth...
✓ Truth loaded in 69.175227 ms

Data Summary:
  Dimension d=100, Base vectors=1183514, Queries=10000


Building HNSW index...
✓ Index built.
  build_time(local)=3974.448452 ms
  build_time(internal)=3969.129025 ms


========== GRAPH QUALITY ==========

  num_nodes: 1183514

  max_level (entry point): 4

  actual_max_layer: 4

  avg_degree_l0: 59.116397

  avg_degree_upper: 30.476387


  Layer Distribution:

    L0: 1183514 nodes (100.00%)

    L1: 37221 nodes (3.14%)

    L2: 1178 nodes (0.10%)

    L3: 33 nodes (0.00%)

    L4: 1 nodes (0.00%)



Executing queries...

  Processed 1000 queries

  Processed 2000 queries

  Processed 3000 queries

  Processed 4000 queries

  Processed 5000 queries

  Processed 6000 queries

  Processed 7000 queries

  Processed 8000 queries

  Processed 9000 queries

  Processed 10000 queries


========== RESULTS ==========

Total queries: 10000

Average recall@10: 0.972000

Average query time: 1.408210 ms

Total query time: 14082.102368 ms


========== DISTANCE STATISTICS ==========

Total queries reported by index: 10000

Total distance computations: 125134562

Average distance ops per query: 12513.456200

Last query distance ops: 12986


========== PERFORMANCE SUMMARY ==========

Data loading time: 2370.315552 ms

Index build time: 3969.129025 ms

Query execution time: 14082.102368 ms

Total elapsed time: 20426.866372 ms


========== EFFICIENCY METRICS ==========

Queries per second: 710.121240

Distance ops per second: 8886071.037543


========== END OF LOG ==========

Log saved to: Log/run_20251208_134725_062.log

