========== HNSW Search Test ==========

Timestamp: Wed Nov 26 01:46:57 2025

Command line arguments:
  argv[0]: ./hng
  argv[1]: --m
  argv[2]: 29
  argv[3]: --efc
  argv[4]: 529
  argv[5]: --efs
  argv[6]: 1184

Configuration:
  Base file: data_o/glove/base.txt
  Query file: data_o/glove/query.txt
  Truth file: data_o/glove/truth.txt
  K: 10
  M: 29
  Max layer: -1
  EFC: 529
  EFS: 1184
  Threads: -1
  Debug: -1

HNSW parameters set.

Loading base vectors...
✓ Base loaded in 3494.844699 ms

Loading query vectors...
✓ Queries loaded in 88.456939 ms

Loading ground truth...
✓ Truth loaded in 82.794440 ms

Data Summary:
  Dimension d=100, Base vectors=1183514, Queries=10000


Building HNSW index...
✓ Index built.
  build_time(local)=388714.986913 ms
  build_time(internal)=422947.611192 ms


Executing queries...

  Processed 1000 queries

  Processed 2000 queries

  Processed 3000 queries

  Processed 4000 queries

  Processed 5000 queries

  Processed 6000 queries

  Processed 7000 queries

  Processed 8000 queries

  Processed 9000 queries

  Processed 10000 queries


========== RESULTS ==========

Total queries: 10000

Average recall@10: 0.992130

Average query time: 4.353195 ms

Total query time: 43531.951771 ms


========== DISTANCE STATISTICS ==========

Total queries reported by index: 10000

Total distance computations: 356267571

Average distance ops per query: 35626.757100

Last query distance ops: 28918


========== PERFORMANCE SUMMARY ==========

Data loading time: 3666.096078 ms

Index build time: 422947.611192 ms

Query execution time: 43531.951771 ms

Total elapsed time: 435913.034762 ms


========== EFFICIENCY METRICS ==========

Queries per second: 229.716325

Distance ops per second: 8184047.728302


========== END OF LOG ==========

Log saved to: Log/run_20251126_014657_357.log

