========== HNSW Search Test ==========

Timestamp: Fri Nov 28 15:06:19 2025

Command line arguments:
  argv[0]: ./hng
  argv[1]: --m
  argv[2]: 62
  argv[3]: --max_layer
  argv[4]: 6
  argv[5]: --efc
  argv[6]: 580
  argv[7]: --efs
  argv[8]: 410

Configuration:
  Base file: data_o/glove/base.txt
  Query file: data_o/glove/query.txt
  Truth file: data_o/glove/truth.txt
  K: 10
  M: 62
  Max layer: 6
  EFC: 580
  EFS: 410
  Threads: -1
  Debug: -1

HNSW parameters set.

Loading base vectors...
✓ Base loaded in 4262.217115 ms

Loading query vectors...
✓ Queries loaded in 75.500944 ms

Loading ground truth...
✓ Truth loaded in 73.704310 ms

Data Summary:
  Dimension d=100, Base vectors=1183514, Queries=10000


Building HNSW index...
✓ Index built.
  build_time(local)=1042339.900243 ms
  build_time(internal)=960832.278168 ms


========== GRAPH QUALITY ==========

  num_nodes: 1183514

  max_level (entry point): 3

  actual_max_layer: 3

  avg_degree_l0: 86.296147

  avg_degree_upper: 0.231513


  Layer Distribution:

    L0: 1183514 nodes (100.00%)

    L1: 19027 nodes (1.61%)

    L2: 303 nodes (0.03%)

    L3: 8 nodes (0.00%)



Executing queries...

  Processed 1000 queries

  Processed 2000 queries

  Processed 3000 queries

  Processed 4000 queries

  Processed 5000 queries

  Processed 6000 queries

  Processed 7000 queries

  Processed 8000 queries

  Processed 9000 queries

  Processed 10000 queries


========== RESULTS ==========

Total queries: 10000

Average recall@10: 0.986960

Average query time: 2.461671 ms

Total query time: 24616.707045 ms


========== DISTANCE STATISTICS ==========

Total queries reported by index: 10000

Total distance computations: 244642394

Average distance ops per query: 24464.239400

Last query distance ops: 19418


========== PERFORMANCE SUMMARY ==========

Data loading time: 4411.422369 ms

Index build time: 960832.278168 ms

Query execution time: 24616.707045 ms

Total elapsed time: 1071368.029657 ms


========== EFFICIENCY METRICS ==========

Queries per second: 406.228176

Distance ops per second: 9938063.346685


========== END OF LOG ==========

Log saved to: Log/run_20251128_150619_006.log

