========== HNSW Search Test ==========

Timestamp: Wed Nov 26 08:38:56 2025

Command line arguments:
  argv[0]: ./hng
  argv[1]: --m
  argv[2]: 41
  argv[3]: --efc
  argv[4]: 623
  argv[5]: --efs
  argv[6]: 1301

Configuration:
  Base file: data_o/glove/base.txt
  Query file: data_o/glove/query.txt
  Truth file: data_o/glove/truth.txt
  K: 10
  M: 41
  Max layer: -1
  EFC: 623
  EFS: 1301
  Threads: -1
  Debug: -1

HNSW parameters set.

Loading base vectors...
✓ Base loaded in 3857.553241 ms

Loading query vectors...
✓ Queries loaded in 98.643324 ms

Loading ground truth...
✓ Truth loaded in 90.956229 ms

Data Summary:
  Dimension d=100, Base vectors=1183514, Queries=10000


Building HNSW index...
✓ Index built.
  build_time(local)=662739.721391 ms
  build_time(internal)=661185.374392 ms


Executing queries...

  Processed 1000 queries

  Processed 2000 queries

  Processed 3000 queries

  Processed 4000 queries

  Processed 5000 queries

  Processed 6000 queries

  Processed 7000 queries

  Processed 8000 queries

  Processed 9000 queries

  Processed 10000 queries


========== RESULTS ==========

Total queries: 10000

Average recall@10: 0.996730

Average query time: 6.841023 ms

Total query time: 68410.233872 ms


========== DISTANCE STATISTICS ==========

Total queries reported by index: 10000

Total distance computations: 481948025

Average distance ops per query: 48194.802500

Last query distance ops: 36090


========== PERFORMANCE SUMMARY ==========

Data loading time: 4047.152794 ms

Index build time: 661185.374392 ms

Query execution time: 68410.233872 ms

Total elapsed time: 735197.108057 ms


========== EFFICIENCY METRICS ==========

Queries per second: 146.176960

Distance ops per second: 7044969.702951


========== END OF LOG ==========

Log saved to: Log/run_20251126_083856_658.log

