========== HNSW Search Test ==========

Timestamp: Tue Nov 25 21:07:05 2025

Command line arguments:
  argv[0]: ./hng
  argv[1]: --m
  argv[2]: 24
  argv[3]: --efc
  argv[4]: 750
  argv[5]: --efs
  argv[6]: 304

Configuration:
  Base file: data_o/glove/base.txt
  Query file: data_o/glove/query.txt
  Truth file: data_o/glove/truth.txt
  K: 10
  M: 24
  Max layer: -1
  EFC: 750
  EFS: 304
  Threads: -1
  Debug: -1

HNSW parameters set.

Loading base vectors...
✓ Base loaded in 3466.297983 ms

Loading query vectors...
✓ Queries loaded in 78.639350 ms

Loading ground truth...
✓ Truth loaded in 61.558854 ms

Data Summary:
  Dimension d=100, Base vectors=1183514, Queries=10000


Building HNSW index...
✓ Index built.
  build_time(local)=483688.327826 ms
  build_time(internal)=526507.592383 ms


Executing queries...

  Processed 1000 queries

  Processed 2000 queries

  Processed 3000 queries

  Processed 4000 queries

  Processed 5000 queries

  Processed 6000 queries

  Processed 7000 queries

  Processed 8000 queries

  Processed 9000 queries

  Processed 10000 queries


========== RESULTS ==========

Total queries: 10000

Average recall@10: 0.946230

Average query time: 1.056724 ms

Total query time: 10567.240380 ms


========== DISTANCE STATISTICS ==========

Total queries reported by index: 10000

Total distance computations: 98169210

Average distance ops per query: 9816.921000

Last query distance ops: 9313


========== PERFORMANCE SUMMARY ==========

Data loading time: 3606.496187 ms

Index build time: 526507.592383 ms

Query execution time: 10567.240380 ms

Total elapsed time: 497862.064393 ms


========== EFFICIENCY METRICS ==========

Queries per second: 946.320860

Distance ops per second: 9289957.119344


========== END OF LOG ==========

Log saved to: Log/run_20251125_210705_053.log

