========== HNSW Search Test ==========

Timestamp: Thu Nov 27 05:41:46 2025

Command line arguments:
  argv[0]: ./hng
  argv[1]: --m
  argv[2]: 54
  argv[3]: --max_layer
  argv[4]: 20
  argv[5]: --efc
  argv[6]: 626
  argv[7]: --efs
  argv[8]: 489

Configuration:
  Base file: data_o/glove/base.txt
  Query file: data_o/glove/query.txt
  Truth file: data_o/glove/truth.txt
  K: 10
  M: 54
  Max layer: 20
  EFC: 626
  EFS: 489
  Threads: -1
  Debug: -1

HNSW parameters set.

Loading base vectors...
✓ Base loaded in 2130.798498 ms

Loading query vectors...
✓ Queries loaded in 67.585347 ms

Loading ground truth...
✓ Truth loaded in 69.173083 ms

Data Summary:
  Dimension d=100, Base vectors=1183514, Queries=10000


Building HNSW index...
✓ Index built.
  build_time(local)=1008138.716909 ms
  build_time(internal)=946160.356484 ms


========== GRAPH QUALITY ==========

  num_nodes: 1183514

  max_level (entry point): 3

  actual_max_layer: 3

  avg_degree_l0: 55.859431

  avg_degree_upper: 0.168986


  Layer Distribution:

    L0: 1183514 nodes (100.00%)

    L1: 21947 nodes (1.85%)

    L2: 398 nodes (0.03%)

    L3: 6 nodes (0.00%)



Executing queries...

  Processed 1000 queries

  Processed 2000 queries

  Processed 3000 queries

  Processed 4000 queries

  Processed 5000 queries

  Processed 6000 queries

  Processed 7000 queries

  Processed 8000 queries

  Processed 9000 queries

  Processed 10000 queries


========== RESULTS ==========

Total queries: 10000

Average recall@10: 0.984520

Average query time: 2.355326 ms

Total query time: 23553.262049 ms


========== DISTANCE STATISTICS ==========

Total queries reported by index: 10000

Total distance computations: 221725505

Average distance ops per query: 22172.550500

Last query distance ops: 17602


========== PERFORMANCE SUMMARY ==========

Data loading time: 2267.556928 ms

Index build time: 946160.356484 ms

Query execution time: 23553.262049 ms

Total elapsed time: 1033959.535886 ms


========== EFFICIENCY METRICS ==========

Queries per second: 424.569640

Distance ops per second: 9413791.794051


========== END OF LOG ==========

Log saved to: Log/run_20251127_054146_642.log

