========== HNSW Search Test ==========

Timestamp: Mon Dec 15 20:14:49 2025

Command line arguments:
  argv[0]: ./hnga
  argv[1]: --base
  argv[2]: data_o/glove/base.txt
  argv[3]: --query
  argv[4]: data_o/glove/query.txt
  argv[5]: --truth
  argv[6]: data_o/glove/truth.txt
  argv[7]: --k
  argv[8]: 10
  argv[9]: --m
  argv[10]: 20
  argv[11]: --max_layer
  argv[12]: 7
  argv[13]: --efc
  argv[14]: 600
  argv[15]: --efs
  argv[16]: 500
  argv[17]: --threads
  argv[18]: 32
  argv[19]: --ablate_csr
  argv[20]: 0
  argv[21]: --ablate_prefetch
  argv[22]: 0
  argv[23]: --ablate_simd
  argv[24]: 0
  argv[25]: --ablate_pruning
  argv[26]: 0
  argv[27]: --ablate_heap
  argv[28]: 0
  argv[29]: --ablate_flat_index
  argv[30]: 0
  argv[31]: --ablate_reorder
  argv[32]: 0
  argv[33]: --ablate_adaptive_ep
  argv[34]: 0
  argv[35]: --adaptive_ep_k
  argv[36]: 256

Configuration:
  Base file: data_o/glove/base.txt
  Query file: data_o/glove/query.txt
  Truth file: data_o/glove/truth.txt
  K: 10
  M: 20
  Max layer: 7
  EFC: 600
  EFS: 500
  Threads: 32
  Debug: -1
  Adaptive EP K: 256

HNSW parameters set.

Ablation flags: prefetch=0, simd=0, pruning=0, heap=0, reorder=0, adaptive_ep=0

Loading base vectors...
✓ Base loaded in 2336.000329 ms

Loading query vectors...
✓ Queries loaded in 69.180881 ms

Loading ground truth...
✓ Truth loaded in 68.641866 ms

Data Summary:
  Dimension d=100, Base vectors=1183514, Queries=10000


Building HNSW index...
