========== HNSW Search Test ==========

Timestamp: Mon Dec  8 04:25:28 2025

Command line arguments:
  argv[0]: ./hng3
  argv[1]: --m
  argv[2]: 40
  argv[3]: --max_layer
  argv[4]: 7
  argv[5]: --efc
  argv[6]: 600
  argv[7]: --efs
  argv[8]: 500

Configuration:
  Base file: data_o/glove/base.txt
  Query file: data_o/glove/query.txt
  Truth file: data_o/glove/truth.txt
  K: 10
  M: 40
  Max layer: 7
  EFC: 600
  EFS: 500
  Threads: -1
  Debug: -1

HNSW parameters set.

Ablation flags: csr=0, prefetch=0, simd=0, pruning=0, heap=0

Loading base vectors...
✓ Base loaded in 2207.310038 ms

Loading query vectors...
✓ Queries loaded in 71.769720 ms

Loading ground truth...
✓ Truth loaded in 71.048944 ms

Data Summary:
  Dimension d=100, Base vectors=1183514, Queries=10000


Building HNSW index...
✓ Index built.
  build_time(local)=4253.807999 ms
  build_time(internal)=4248.527404 ms


========== GRAPH QUALITY ==========

  num_nodes: 1183514

  max_level (entry point): 3

  actual_max_layer: 3

  avg_degree_l0: 63.122614

  avg_degree_upper: 35.487836


  Layer Distribution:

    L0: 1183514 nodes (100.00%)

    L1: 29453 nodes (2.49%)

    L2: 741 nodes (0.06%)

    L3: 17 nodes (0.00%)



Executing queries...

  Processed 1000 queries

  Processed 2000 queries

  Processed 3000 queries

  Processed 4000 queries

  Processed 5000 queries

  Processed 6000 queries

  Processed 7000 queries

  Processed 8000 queries

  Processed 9000 queries

  Processed 10000 queries


========== RESULTS ==========

Total queries: 10000

Average recall@10: 0.583510

Average query time: 0.670785 ms

Total query time: 6707.850812 ms


========== DISTANCE STATISTICS ==========

Total queries reported by index: 10000

Total distance computations: 15990110

Average distance ops per query: 1599.011000

Last query distance ops: 2443


========== PERFORMANCE SUMMARY ==========

Data loading time: 2350.128702 ms

Index build time: 4248.527404 ms

Query execution time: 6707.850812 ms

Total elapsed time: 13311.787513 ms


========== EFFICIENCY METRICS ==========

Queries per second: 1490.790460

Distance ops per second: 2383790.344799


========== END OF LOG ==========

Log saved to: Log/run_20251208_042528_545.log

