========== HNSW Search Test ==========

Timestamp: Mon Dec  8 19:03:09 2025

Command line arguments:
  argv[0]: ./hng3
  argv[1]: --m
  argv[2]: 40
  argv[3]: --max_layer
  argv[4]: 7
  argv[5]: --efc
  argv[6]: 1000
  argv[7]: --efs
  argv[8]: 400
  argv[9]: --hamming_threshold
  argv[10]: 43

Configuration:
  Base file: data_o/glove/base.txt
  Query file: data_o/glove/query.txt
  Truth file: data_o/glove/truth.txt
  K: 10
  M: 40
  Max layer: 7
  EFC: 1000
  EFS: 400
  Threads: -1
  Debug: -1

HNSW parameters set.

Ablation flags: csr=0, prefetch=0, simd=0, pruning=0, heap=0

  Hamming threshold: 43
Loading base vectors...
✓ Base loaded in 4243.310763 ms

Loading query vectors...
✓ Queries loaded in 71.413563 ms

Loading ground truth...
✓ Truth loaded in 66.361051 ms

Data Summary:
  Dimension d=100, Base vectors=1183514, Queries=10000


Building HNSW index...
✓ Index built.
  build_time(local)=4721.085361 ms
  build_time(internal)=4716.056529 ms


========== GRAPH QUALITY ==========

  num_nodes: 1183514

  max_level (entry point): 4

  actual_max_layer: 4

  avg_degree_l0: 68.582917

  avg_degree_upper: 36.158961


  Layer Distribution:

    L0: 1183514 nodes (100.00%)

    L1: 29240 nodes (2.47%)

    L2: 710 nodes (0.06%)

    L3: 24 nodes (0.00%)

    L4: 2 nodes (0.00%)



Executing queries...

  Processed 1000 queries

  Processed 2000 queries

  Processed 3000 queries

  Processed 4000 queries

  Processed 5000 queries

  Processed 6000 queries

  Processed 7000 queries

  Processed 8000 queries

  Processed 9000 queries

  Processed 10000 queries


========== RESULTS ==========

Total queries: 10000

Average recall@10: 0.981640

Average query time: 1.693679 ms

Total query time: 16936.785142 ms


========== DISTANCE STATISTICS ==========

Total queries reported by index: 10000

Total distance computations: 150765460

Average distance ops per query: 15076.546000

Last query distance ops: 16397


========== PERFORMANCE SUMMARY ==========

Data loading time: 4381.085377 ms

Index build time: 4716.056529 ms

Query execution time: 16936.785142 ms

Total elapsed time: 26038.955880 ms


========== EFFICIENCY METRICS ==========

Queries per second: 590.430824

Distance ops per second: 8901657.471354


========== END OF LOG ==========

Log saved to: Log/run_20251208_190309_062.log

