========== HNSW Search Test ==========

Timestamp: Fri Nov 28 09:40:14 2025

Command line arguments:
  argv[0]: ./hng

Configuration:
  Base file: data_o/glove/base.txt
  Query file: data_o/glove/query.txt
  Truth file: data_o/glove/truth.txt
  K: 10
  M: -1
  Max layer: -1
  EFC: -1
  EFS: -1
  Threads: -1
  Debug: -1

Loading base vectors...
✓ Base loaded in 2328.565243 ms

Loading query vectors...
✓ Queries loaded in 73.303104 ms

Loading ground truth...
✓ Truth loaded in 76.756275 ms

Data Summary:
  Dimension d=100, Base vectors=1183514, Queries=10000


Building HNSW index...
✓ Index built.
  build_time(local)=1882187.118966 ms
  build_time(internal)=1708473.777533 ms


========== GRAPH QUALITY ==========

  num_nodes: 1183514

  max_level (entry point): 3

  actual_max_layer: 3

  avg_degree_l0: 61.290510

  avg_degree_upper: 0.204914


  Layer Distribution:

    L0: 1183514 nodes (100.00%)

    L1: 28687 nodes (2.42%)

    L2: 688 nodes (0.06%)

    L3: 8 nodes (0.00%)



Executing queries...

  Processed 1000 queries

  Processed 2000 queries

  Processed 3000 queries

  Processed 4000 queries

  Processed 5000 queries

  Processed 6000 queries

  Processed 7000 queries

  Processed 8000 queries

  Processed 9000 queries

  Processed 10000 queries


========== RESULTS ==========

Total queries: 10000

Average recall@10: 0.971650

Average query time: 2.881476 ms

Total query time: 28814.764906 ms


========== DISTANCE STATISTICS ==========

Total queries reported by index: 10000

Total distance computations: 211989368

Average distance ops per query: 21198.936800

Last query distance ops: 18722


========== PERFORMANCE SUMMARY ==========

Data loading time: 2478.624622 ms

Index build time: 1708473.777533 ms

Query execution time: 28814.764906 ms

Total elapsed time: 1913480.508494 ms


========== EFFICIENCY METRICS ==========

Queries per second: 347.044303

Distance ops per second: 7356970.243955


========== END OF LOG ==========

Log saved to: Log/run_20251128_094014_134.log

