========== HNSW Search Test ==========

Timestamp: Mon Dec  8 18:49:19 2025

Command line arguments:
  argv[0]: ./hng3
  argv[1]: --m
  argv[2]: 32
  argv[3]: --max_layer
  argv[4]: 7
  argv[5]: --efc
  argv[6]: 1000
  argv[7]: --efs
  argv[8]: 496
  argv[9]: --hamming_threshold
  argv[10]: 43

Configuration:
  Base file: data_o/glove/base.txt
  Query file: data_o/glove/query.txt
  Truth file: data_o/glove/truth.txt
  K: 10
  M: 32
  Max layer: 7
  EFC: 1000
  EFS: 496
  Threads: -1
  Debug: -1

HNSW parameters set.

Ablation flags: csr=0, prefetch=0, simd=0, pruning=0, heap=0

  Hamming threshold: 43
Loading base vectors...
✓ Base loaded in 2088.645835 ms

Loading query vectors...
✓ Queries loaded in 63.170258 ms

Loading ground truth...
✓ Truth loaded in 66.285647 ms

Data Summary:
  Dimension d=100, Base vectors=1183514, Queries=10000


Building HNSW index...
✓ Index built.
  build_time(local)=3676.717421 ms
  build_time(internal)=3671.694365 ms


========== GRAPH QUALITY ==========

  num_nodes: 1183514

  max_level (entry point): 3

  actual_max_layer: 3

  avg_degree_l0: 58.055684

  avg_degree_upper: 30.380945


  Layer Distribution:

    L0: 1183514 nodes (100.00%)

    L1: 36932 nodes (3.12%)

    L2: 1217 nodes (0.10%)

    L3: 35 nodes (0.00%)



Executing queries...

  Processed 1000 queries

  Processed 2000 queries

  Processed 3000 queries

  Processed 4000 queries

  Processed 5000 queries

  Processed 6000 queries

  Processed 7000 queries

  Processed 8000 queries

  Processed 9000 queries

  Processed 10000 queries


========== RESULTS ==========

Total queries: 10000

Average recall@10: 0.981270

Average query time: 1.732700 ms

Total query time: 17326.997495 ms


========== DISTANCE STATISTICS ==========

Total queries reported by index: 10000

Total distance computations: 151514864

Average distance ops per query: 15151.486400

Last query distance ops: 16252


========== PERFORMANCE SUMMARY ==========

Data loading time: 2218.101740 ms

Index build time: 3671.694365 ms

Query execution time: 17326.997495 ms

Total elapsed time: 23221.816656 ms


========== EFFICIENCY METRICS ==========

Queries per second: 577.134036

Distance ops per second: 8744438.500884


========== END OF LOG ==========

Log saved to: Log/run_20251208_184919_341.log

