========== HNSW Search Test ==========

Timestamp: Thu Dec  4 10:59:56 2025

Command line arguments:
  argv[0]: ./hng1
  argv[1]: --m
  argv[2]: 32
  argv[3]: --max_layer
  argv[4]: 5
  argv[5]: --efc
  argv[6]: 530
  argv[7]: --efs
  argv[8]: 590

Configuration:
  Base file: data_o/glove/base.txt
  Query file: data_o/glove/query.txt
  Truth file: data_o/glove/truth.txt
  K: 10
  M: 32
  Max layer: 5
  EFC: 530
  EFS: 590
  Threads: -1
  Debug: -1

HNSW parameters set.

Ablation flags: csr=0, prefetch=0, simd=0, pruning=0, heap=0

Loading base vectors...
✓ Base loaded in 2088.474526 ms

Loading query vectors...
✓ Queries loaded in 71.123816 ms

Loading ground truth...
✓ Truth loaded in 67.616482 ms

Data Summary:
  Dimension d=100, Base vectors=1183514, Queries=10000


Building HNSW index...
✓ Index built.
  build_time(local)=3715.926919 ms
  build_time(internal)=3711.257799 ms


========== GRAPH QUALITY ==========

  num_nodes: 1183514

  max_level (entry point): 4

  actual_max_layer: 4

  avg_degree_l0: 46.388556

  avg_degree_upper: 0.194932


  Layer Distribution:

    L0: 1183514 nodes (100.00%)

    L1: 36962 nodes (3.12%)

    L2: 1244 nodes (0.11%)

    L3: 32 nodes (0.00%)

    L4: 1 nodes (0.00%)



Executing queries...

  Processed 1000 queries

  Processed 2000 queries

  Processed 3000 queries

  Processed 4000 queries

  Processed 5000 queries

  Processed 6000 queries

  Processed 7000 queries

  Processed 8000 queries

  Processed 9000 queries

  Processed 10000 queries


========== RESULTS ==========

Total queries: 10000

Average recall@10: 0.981110

Average query time: 1.570203 ms

Total query time: 15702.025922 ms


========== DISTANCE STATISTICS ==========

Total queries reported by index: 10000

Total distance computations: 205560801

Average distance ops per query: 20556.080100

Last query distance ops: 17494


========== PERFORMANCE SUMMARY ==========

Data loading time: 2227.214824 ms

Index build time: 3711.257799 ms

Query execution time: 15702.025922 ms

Total elapsed time: 21645.167665 ms


========== EFFICIENCY METRICS ==========

Queries per second: 636.860495

Distance ops per second: 13091355.346191


========== END OF LOG ==========

Log saved to: Log/run_20251204_105956_295.log

