========== HNSW Search Test ==========

Timestamp: Sun Dec  7 22:20:18 2025

Command line arguments:
  argv[0]: C:\Users\xy\DataStruct_PJ\hngw.exe

Configuration:
  Base file: data_o/glove/base.txt
  Query file: data_o/glove/query.txt
  Truth file: data_o/glove/truth.txt
  K: 10
  M: -1
  Max layer: -1
  EFC: -1
  EFS: -1
  Threads: -1
  Debug: -1

Ablation flags: csr=0, prefetch=0, simd=0, pruning=0, heap=0

Loading base vectors...
✓ Base loaded in 114.559700 ms

Loading query vectors...
✓ Queries loaded in 3.736400 ms

Loading ground truth...
✓ Truth loaded in 3.701100 ms

Data Summary:
  Dimension d=100, Base vectors=1183514, Queries=10000


Building HNSW index...
✓ Index built.
  build_time(local)=202.179400 ms
  build_time(internal)=201.085800 ms


========== GRAPH QUALITY ==========

  num_nodes: 1183514

  max_level (entry point): 3

  actual_max_layer: 3

  avg_degree_l0: 79.507135

  avg_degree_upper: 0.172417


  Layer Distribution:

    L0: 1183514 nodes (100.00%)

    L1: 20016 nodes (1.69%)

    L2: 327 nodes (0.03%)

    L3: 3 nodes (0.00%)



Executing queries...

  Processed 1000 queries

  Processed 2000 queries

  Processed 3000 queries

  Processed 4000 queries

  Processed 5000 queries

  Processed 6000 queries

  Processed 7000 queries

  Processed 8000 queries

  Processed 9000 queries

  Processed 10000 queries


========== RESULTS ==========

Total queries: 10000

Average recall@10: 0.980020

Average query time: 1.344028 ms

Total query time: 13440.279600 ms


========== DISTANCE STATISTICS ==========

Total queries reported by index: 10000

Total distance computations: 195847693

Average distance ops per query: 19584.769300

Last query distance ops: 20297


========== PERFORMANCE SUMMARY ==========

Data loading time: 121.997200 ms

Index build time: 201.085800 ms

Query execution time: 13440.279600 ms

Total elapsed time: 13764.456200 ms


========== EFFICIENCY METRICS ==========

Queries per second: 744.032141

Distance ops per second: 14571697.823905


========== END OF LOG ==========

Log saved to: Log/run_20251207_222018_520.log

