========== HNSW Search Test ==========

Timestamp: Wed Nov 26 06:45:44 2025

Command line arguments:
  argv[0]: ./hng
  argv[1]: --m
  argv[2]: 17
  argv[3]: --efc
  argv[4]: 964
  argv[5]: --efs
  argv[6]: 119

Configuration:
  Base file: data_o/glove/base.txt
  Query file: data_o/glove/query.txt
  Truth file: data_o/glove/truth.txt
  K: 10
  M: 17
  Max layer: -1
  EFC: 964
  EFS: 119
  Threads: -1
  Debug: -1

HNSW parameters set.

Loading base vectors...
✓ Base loaded in 3763.396480 ms

Loading query vectors...
✓ Queries loaded in 96.042421 ms

Loading ground truth...
✓ Truth loaded in 90.249125 ms

Data Summary:
  Dimension d=100, Base vectors=1183514, Queries=10000


Building HNSW index...
✓ Index built.
  build_time(local)=513001.814019 ms
  build_time(internal)=511844.368008 ms


Executing queries...

  Processed 1000 queries

  Processed 2000 queries

  Processed 3000 queries

  Processed 4000 queries

  Processed 5000 queries

  Processed 6000 queries

  Processed 7000 queries

  Processed 8000 queries

  Processed 9000 queries

  Processed 10000 queries


========== RESULTS ==========

Total queries: 10000

Average recall@10: 0.857980

Average query time: 0.397416 ms

Total query time: 3974.157607 ms


========== DISTANCE STATISTICS ==========

Total queries reported by index: 10000

Total distance computations: 33012534

Average distance ops per query: 3301.253500

Last query distance ops: 3311


========== PERFORMANCE SUMMARY ==========

Data loading time: 3949.688026 ms

Index build time: 511844.368008 ms

Query execution time: 3974.157607 ms

Total elapsed time: 520925.659652 ms


========== EFFICIENCY METRICS ==========

Queries per second: 2516.256522

Distance ops per second: 8306800.651754


========== END OF LOG ==========

Log saved to: Log/run_20251126_064544_150.log

