========== HNSW Search Test ==========

Timestamp: Mon Dec  8 22:20:27 2025

Command line arguments:
  argv[0]: ./hng3
  argv[1]: --m
  argv[2]: 16
  argv[3]: --max_layer
  argv[4]: 7
  argv[5]: --efc
  argv[6]: 2000
  argv[7]: --efs
  argv[8]: 384
  argv[9]: --hamming_threshold
  argv[10]: 41

Configuration:
  Base file: data_o/glove/base.txt
  Query file: data_o/glove/query.txt
  Truth file: data_o/glove/truth.txt
  K: 10
  M: 16
  Max layer: 7
  EFC: 2000
  EFS: 384
  Threads: -1
  Debug: -1

HNSW parameters set.

Ablation flags: csr=0, prefetch=0, simd=0, pruning=0, heap=0

  Hamming threshold: 41
Loading base vectors...
✓ Base loaded in 2066.614639 ms

Loading query vectors...
✓ Queries loaded in 66.279015 ms

Loading ground truth...
✓ Truth loaded in 68.956183 ms

Data Summary:
  Dimension d=100, Base vectors=1183514, Queries=10000


Building HNSW index...
✓ Index built.
  build_time(local)=3268.454716 ms
  build_time(internal)=3263.679330 ms


========== GRAPH QUALITY ==========

  num_nodes: 1183514

  max_level (entry point): 5

  actual_max_layer: 5

  avg_degree_l0: 31.587260

  avg_degree_upper: 15.907339


  Layer Distribution:

    L0: 1183514 nodes (100.00%)

    L1: 73325 nodes (6.20%)

    L2: 4482 nodes (0.38%)

    L3: 269 nodes (0.02%)

    L4: 14 nodes (0.00%)

    L5: 1 nodes (0.00%)



Executing queries...

  Processed 1000 queries

  Processed 2000 queries

  Processed 3000 queries

  Processed 4000 queries

  Processed 5000 queries

  Processed 6000 queries

  Processed 7000 queries

  Processed 8000 queries

  Processed 9000 queries

  Processed 10000 queries


========== RESULTS ==========

Total queries: 10000

Average recall@10: 0.920740

Average query time: 0.727444 ms

Total query time: 7274.435332 ms


========== DISTANCE STATISTICS ==========

Total queries reported by index: 10000

Total distance computations: 56647140

Average distance ops per query: 5664.714000

Last query distance ops: 6648


========== PERFORMANCE SUMMARY ==========

Data loading time: 2201.849837 ms

Index build time: 3263.679330 ms

Query execution time: 7274.435332 ms

Total elapsed time: 12744.739885 ms


========== EFFICIENCY METRICS ==========

Queries per second: 1374.677146

Distance ops per second: 7787152.873682


========== END OF LOG ==========

Log saved to: Log/run_20251208_222027_779.log

