========== HNSW Search Test ==========

Timestamp: Mon Dec  8 19:35:35 2025

Command line arguments:
  argv[0]: ./hng3
  argv[1]: --m
  argv[2]: 57
  argv[3]: --max_layer
  argv[4]: 7
  argv[5]: --efc
  argv[6]: 1300
  argv[7]: --efs
  argv[8]: 232
  argv[9]: --hamming_threshold
  argv[10]: 41

Configuration:
  Base file: data_o/glove/base.txt
  Query file: data_o/glove/query.txt
  Truth file: data_o/glove/truth.txt
  K: 10
  M: 57
  Max layer: 7
  EFC: 1300
  EFS: 232
  Threads: -1
  Debug: -1

HNSW parameters set.

Ablation flags: csr=0, prefetch=0, simd=0, pruning=0, heap=0

  Hamming threshold: 41
Loading base vectors...
✓ Base loaded in 2126.531327 ms

Loading query vectors...
✓ Queries loaded in 64.572689 ms

Loading ground truth...
✓ Truth loaded in 66.448411 ms

Data Summary:
  Dimension d=100, Base vectors=1183514, Queries=10000


Building HNSW index...
✓ Index built.
  build_time(local)=4287.071776 ms
  build_time(internal)=4282.396696 ms


========== GRAPH QUALITY ==========

  num_nodes: 1183514

  max_level (entry point): 3

  actual_max_layer: 3

  avg_degree_l0: 87.299657

  avg_degree_upper: 41.202402


  Layer Distribution:

    L0: 1183514 nodes (100.00%)

    L1: 20771 nodes (1.76%)

    L2: 369 nodes (0.03%)

    L3: 6 nodes (0.00%)



Executing queries...

  Processed 1000 queries

  Processed 2000 queries

  Processed 3000 queries

  Processed 4000 queries

  Processed 5000 queries

  Processed 6000 queries

  Processed 7000 queries

  Processed 8000 queries

  Processed 9000 queries

  Processed 10000 queries


========== RESULTS ==========

Total queries: 10000

Average recall@10: 0.968540

Average query time: 1.186760 ms

Total query time: 11867.597083 ms


========== DISTANCE STATISTICS ==========

Total queries reported by index: 10000

Total distance computations: 100771967

Average distance ops per query: 10077.196700

Last query distance ops: 12834


========== PERFORMANCE SUMMARY ==========

Data loading time: 2257.552427 ms

Index build time: 4282.396696 ms

Query execution time: 11867.597083 ms

Total elapsed time: 18412.221286 ms


========== EFFICIENCY METRICS ==========

Queries per second: 842.630562

Distance ops per second: 8491353.919013


========== END OF LOG ==========

Log saved to: Log/run_20251208_193535_331.log

