========== HNSW Search Test ==========

Timestamp: Tue Dec  2 08:32:56 2025

Command line arguments:
  argv[0]: ./hng
  argv[1]: --m
  argv[2]: 41
  argv[3]: --max_layer
  argv[4]: 14
  argv[5]: --efc
  argv[6]: 311
  argv[7]: --efs
  argv[8]: 789

Configuration:
  Base file: data_o/glove/base.txt
  Query file: data_o/glove/query.txt
  Truth file: data_o/glove/truth.txt
  K: 10
  M: 41
  Max layer: 14
  EFC: 311
  EFS: 789
  Threads: -1
  Debug: -1

HNSW parameters set.

Loading base vectors...
✓ Base loaded in 2145.752046 ms

Loading query vectors...
✓ Queries loaded in 65.170855 ms

Loading ground truth...
✓ Truth loaded in 65.523269 ms

Data Summary:
  Dimension d=100, Base vectors=1183514, Queries=10000


Building HNSW index...
✓ Index built.
  build_time(local)=359736.432759 ms
  build_time(internal)=376750.564041 ms


========== GRAPH QUALITY ==========

  num_nodes: 1183514

  max_level (entry point): 4

  actual_max_layer: 4

  avg_degree_l0: 40.037289

  avg_degree_upper: 0.155196


  Layer Distribution:

    L0: 1183514 nodes (100.00%)

    L1: 28722 nodes (2.43%)

    L2: 726 nodes (0.06%)

    L3: 17 nodes (0.00%)

    L4: 1 nodes (0.00%)



Executing queries...

  Processed 1000 queries

  Processed 2000 queries

  Processed 3000 queries

  Processed 4000 queries

  Processed 5000 queries

  Processed 6000 queries

  Processed 7000 queries

  Processed 8000 queries

  Processed 9000 queries

  Processed 10000 queries


========== RESULTS ==========

Total queries: 10000

Average recall@10: 0.984650

Average query time: 2.104406 ms

Total query time: 21044.061634 ms


========== DISTANCE STATISTICS ==========

Total queries reported by index: 10000

Total distance computations: 0

Average distance ops per query: 0.000000

Last query distance ops: 0


========== PERFORMANCE SUMMARY ==========

Data loading time: 2276.446170 ms

Index build time: 376750.564041 ms

Query execution time: 21044.061634 ms

Total elapsed time: 383056.940563 ms


========== EFFICIENCY METRICS ==========

Queries per second: 475.193438


========== END OF LOG ==========

Log saved to: Log/run_20251202_083256_934.log

