========== HNSW Search Test ==========

Timestamp: Mon Dec  8 19:36:15 2025

Command line arguments:
  argv[0]: ./hng3
  argv[1]: --m
  argv[2]: 57
  argv[3]: --max_layer
  argv[4]: 7
  argv[5]: --efc
  argv[6]: 1300
  argv[7]: --efs
  argv[8]: 296
  argv[9]: --hamming_threshold
  argv[10]: 41

Configuration:
  Base file: data_o/glove/base.txt
  Query file: data_o/glove/query.txt
  Truth file: data_o/glove/truth.txt
  K: 10
  M: 57
  Max layer: 7
  EFC: 1300
  EFS: 296
  Threads: -1
  Debug: -1

HNSW parameters set.

Ablation flags: csr=0, prefetch=0, simd=0, pruning=0, heap=0

  Hamming threshold: 41
Loading base vectors...
✓ Base loaded in 2058.032943 ms

Loading query vectors...
✓ Queries loaded in 65.992649 ms

Loading ground truth...
✓ Truth loaded in 63.739421 ms

Data Summary:
  Dimension d=100, Base vectors=1183514, Queries=10000


Building HNSW index...
✓ Index built.
  build_time(local)=4308.791968 ms
  build_time(internal)=4304.015421 ms


========== GRAPH QUALITY ==========

  num_nodes: 1183514

  max_level (entry point): 3

  actual_max_layer: 3

  avg_degree_l0: 87.299657

  avg_degree_upper: 41.202402


  Layer Distribution:

    L0: 1183514 nodes (100.00%)

    L1: 20771 nodes (1.76%)

    L2: 369 nodes (0.03%)

    L3: 6 nodes (0.00%)



Executing queries...

  Processed 1000 queries

  Processed 2000 queries

  Processed 3000 queries

  Processed 4000 queries

  Processed 5000 queries

  Processed 6000 queries

  Processed 7000 queries

  Processed 8000 queries

  Processed 9000 queries

  Processed 10000 queries


========== RESULTS ==========

Total queries: 10000

Average recall@10: 0.976940

Average query time: 1.476199 ms

Total query time: 14761.988613 ms


========== DISTANCE STATISTICS ==========

Total queries reported by index: 10000

Total distance computations: 122102052

Average distance ops per query: 12210.205200

Last query distance ops: 15107


========== PERFORMANCE SUMMARY ==========

Data loading time: 2187.765013 ms

Index build time: 4304.015421 ms

Query execution time: 14761.988613 ms

Total elapsed time: 21258.545594 ms


========== EFFICIENCY METRICS ==========

Queries per second: 677.415507

Distance ops per second: 8271382.345633


========== END OF LOG ==========

Log saved to: Log/run_20251208_193615_825.log

