========== HNSW Search Test ==========

Timestamp: Wed Nov 26 01:02:28 2025

Command line arguments:
  argv[0]: ./hng
  argv[1]: --m
  argv[2]: 63
  argv[3]: --efc
  argv[4]: 705
  argv[5]: --efs
  argv[6]: 473

Configuration:
  Base file: data_o/glove/base.txt
  Query file: data_o/glove/query.txt
  Truth file: data_o/glove/truth.txt
  K: 10
  M: 63
  Max layer: -1
  EFC: 705
  EFS: 473
  Threads: -1
  Debug: -1

HNSW parameters set.

Loading base vectors...
✓ Base loaded in 3413.021812 ms

Loading query vectors...
✓ Queries loaded in 68.630230 ms

Loading ground truth...
✓ Truth loaded in 68.253806 ms

Data Summary:
  Dimension d=100, Base vectors=1183514, Queries=10000


Building HNSW index...
✓ Index built.
  build_time(local)=698987.027580 ms
  build_time(internal)=762518.699753 ms


Executing queries...

  Processed 1000 queries

  Processed 2000 queries

  Processed 3000 queries

  Processed 4000 queries

  Processed 5000 queries

  Processed 6000 queries

  Processed 7000 queries

  Processed 8000 queries

  Processed 9000 queries

  Processed 10000 queries


========== RESULTS ==========

Total queries: 10000

Average recall@10: 0.984850

Average query time: 2.226246 ms

Total query time: 22262.464163 ms


========== DISTANCE STATISTICS ==========

Total queries reported by index: 10000

Total distance computations: 227712862

Average distance ops per query: 22771.286200

Last query distance ops: 17953


========== PERFORMANCE SUMMARY ==========

Data loading time: 3549.905848 ms

Index build time: 762518.699753 ms

Query execution time: 22262.464163 ms

Total elapsed time: 724799.397591 ms


========== EFFICIENCY METRICS ==========

Queries per second: 449.186574

Distance ops per second: 10228556.027435


========== END OF LOG ==========

Log saved to: Log/run_20251126_010228_113.log

