========== HNSW Search Test ==========

Timestamp: Mon Dec  8 20:44:18 2025

Command line arguments:
  argv[0]: ./hng3
  argv[1]: --m
  argv[2]: 64
  argv[3]: --max_layer
  argv[4]: 7
  argv[5]: --efc
  argv[6]: 1000
  argv[7]: --efs
  argv[8]: 512
  argv[9]: --hamming_threshold
  argv[10]: 41

Configuration:
  Base file: data_o/glove/base.txt
  Query file: data_o/glove/query.txt
  Truth file: data_o/glove/truth.txt
  K: 10
  M: 64
  Max layer: 7
  EFC: 1000
  EFS: 512
  Threads: -1
  Debug: -1

HNSW parameters set.

Ablation flags: csr=0, prefetch=0, simd=0, pruning=0, heap=0

  Hamming threshold: 41
Loading base vectors...
✓ Base loaded in 2148.409986 ms

Loading query vectors...
✓ Queries loaded in 64.264678 ms

Loading ground truth...
✓ Truth loaded in 66.837899 ms

Data Summary:
  Dimension d=100, Base vectors=1183514, Queries=10000


Building HNSW index...
✓ Index built.
  build_time(local)=4332.292212 ms
  build_time(internal)=4327.430742 ms


========== GRAPH QUALITY ==========

  num_nodes: 1183514

  max_level (entry point): 3

  actual_max_layer: 3

  avg_degree_l0: 86.924785

  avg_degree_upper: 41.054540


  Layer Distribution:

    L0: 1183514 nodes (100.00%)

    L1: 18574 nodes (1.57%)

    L2: 291 nodes (0.02%)

    L3: 2 nodes (0.00%)



Executing queries...

  Processed 1000 queries

  Processed 2000 queries

  Processed 3000 queries

  Processed 4000 queries

  Processed 5000 queries

  Processed 6000 queries

  Processed 7000 queries

  Processed 8000 queries

  Processed 9000 queries

  Processed 10000 queries


========== RESULTS ==========

Total queries: 10000

Average recall@10: 0.988670

Average query time: 2.454328 ms

Total query time: 24543.283999 ms


========== DISTANCE STATISTICS ==========

Total queries reported by index: 10000

Total distance computations: 190237448

Average distance ops per query: 19023.744800

Last query distance ops: 22369


========== PERFORMANCE SUMMARY ==========

Data loading time: 2279.512563 ms

Index build time: 4327.430742 ms

Query execution time: 24543.283999 ms

Total elapsed time: 31155.088774 ms


========== EFFICIENCY METRICS ==========

Queries per second: 407.443437

Distance ops per second: 7751099.975364


========== END OF LOG ==========

Log saved to: Log/run_20251208_204418_695.log

