========== HNSW Search Test ==========

Timestamp: Sat Dec  6 02:58:56 2025

Command line arguments:
  argv[0]: ./hng1
  argv[1]: --base
  argv[2]: data_o/glove/base.txt
  argv[3]: --query
  argv[4]: data_o/glove/query.txt
  argv[5]: --truth
  argv[6]: data_o/glove/truth.txt
  argv[7]: --k
  argv[8]: 10
  argv[9]: --m
  argv[10]: 59
  argv[11]: --max_layer
  argv[12]: 5
  argv[13]: --efc
  argv[14]: 763
  argv[15]: --efs
  argv[16]: 1325
  argv[17]: --threads
  argv[18]: 32
  argv[19]: --ablate_csr
  argv[20]: 0
  argv[21]: --ablate_prefetch
  argv[22]: 0
  argv[23]: --ablate_simd
  argv[24]: 0
  argv[25]: --ablate_pruning
  argv[26]: 0
  argv[27]: --ablate_heap
  argv[28]: 0
  argv[29]: --ablate_flat_index
  argv[30]: 0
  argv[31]: --ablate_reorder
  argv[32]: 0

Configuration:
  Base file: data_o/glove/base.txt
  Query file: data_o/glove/query.txt
  Truth file: data_o/glove/truth.txt
  K: 10
  M: 59
  Max layer: 5
  EFC: 763
  EFS: 1325
  Threads: 32
  Debug: -1

HNSW parameters set.

Ablation flags: csr=0, prefetch=0, simd=0, pruning=0, heap=0

Loading base vectors...
✓ Base loaded in 7224.114202 ms

Loading query vectors...
✓ Queries loaded in 75.243738 ms

Loading ground truth...
✓ Truth loaded in 98.336365 ms

Data Summary:
  Dimension d=100, Base vectors=1183514, Queries=10000


Building HNSW index...
✓ Index built.
  build_time(local)=9823.785611 ms
  build_time(internal)=9805.063159 ms


========== GRAPH QUALITY ==========

  num_nodes: 1183514

  max_level (entry point): 3

  actual_max_layer: 3

  avg_degree_l0: 60.351923

  avg_degree_upper: 0.135749


  Layer Distribution:

    L0: 1183514 nodes (100.00%)

    L1: 20159 nodes (1.70%)

    L2: 318 nodes (0.03%)

    L3: 2 nodes (0.00%)



Executing queries...

  Processed 1000 queries

  Processed 2000 queries

  Processed 3000 queries

  Processed 4000 queries

  Processed 5000 queries

  Processed 6000 queries

  Processed 7000 queries

  Processed 8000 queries

  Processed 9000 queries

  Processed 10000 queries


========== RESULTS ==========

Total queries: 10000

Average recall@10: 0.997940

Average query time: 8.867604 ms

Total query time: 88676.041880 ms


========== DISTANCE STATISTICS ==========

Total queries reported by index: 10000

Total distance computations: 568040251

Average distance ops per query: 56804.025100

Last query distance ops: 40053


========== PERFORMANCE SUMMARY ==========

Data loading time: 7397.694305 ms

Index build time: 9805.063159 ms

Query execution time: 88676.041880 ms

Total elapsed time: 105897.521796 ms


========== EFFICIENCY METRICS ==========

Queries per second: 112.770031

Distance ops per second: 6405791.676727


========== END OF LOG ==========

Log saved to: Log/run_20251206_025856_362.log

