========== HNSW Search Test ==========

Timestamp: Sun Dec  7 23:19:22 2025

Command line arguments:
  argv[0]: ./hng3
  argv[1]: --m
  argv[2]: 43
  argv[3]: --max_layer
  argv[4]: 12
  argv[5]: --efc
  argv[6]: 1386
  argv[7]: --efs
  argv[8]: 495

Configuration:
  Base file: data_o/glove/base.txt
  Query file: data_o/glove/query.txt
  Truth file: data_o/glove/truth.txt
  K: 10
  M: 43
  Max layer: 12
  EFC: 1386
  EFS: 495
  Threads: -1
  Debug: -1

HNSW parameters set.

Ablation flags: csr=0, prefetch=0, simd=0, pruning=0, heap=0

Loading base vectors...
✓ Base loaded in 2133.096312 ms

Loading query vectors...
✓ Queries loaded in 73.813227 ms

Loading ground truth...
✓ Truth loaded in 69.372702 ms

Data Summary:
  Dimension d=100, Base vectors=1183514, Queries=10000


Building HNSW index...
✓ Index built.
  build_time(local)=4231.777987 ms
  build_time(internal)=4226.688824 ms

Executing queries...

  Processed 1000 queries

  Processed 2000 queries

  Processed 3000 queries

  Processed 4000 queries

  Processed 5000 queries

  Processed 6000 queries

  Processed 7000 queries

  Processed 8000 queries

  Processed 9000 queries

  Processed 10000 queries


========== RESULTS ==========

Total queries: 10000

Average recall@10: 0.989900

Average query time: 2.273366 ms

Total query time: 22733.658516 ms


========== DISTANCE STATISTICS ==========

Total queries reported by index: 10000

Total distance computations: 274397888

Average distance ops per query: 27439.788800

Last query distance ops: 24738


========== PERFORMANCE SUMMARY ==========

Data loading time: 2276.282241 ms

Index build time: 4226.688824 ms

Query execution time: 22733.658516 ms

Total elapsed time: 29241.718744 ms


========== EFFICIENCY METRICS ==========

Queries per second: 439.876406

Distance ops per second: 12070115.674821


========== END OF LOG ==========

Log saved to: Log/run_20251207_231922_624.log

