========== HNSW Search Test ==========

Timestamp: Wed Nov 26 04:31:13 2025

Command line arguments:
  argv[0]: ./hng
  argv[1]: --m
  argv[2]: 36
  argv[3]: --efc
  argv[4]: 618
  argv[5]: --efs
  argv[6]: 1041

Configuration:
  Base file: data_o/glove/base.txt
  Query file: data_o/glove/query.txt
  Truth file: data_o/glove/truth.txt
  K: 10
  M: 36
  Max layer: -1
  EFC: 618
  EFS: 1041
  Threads: -1
  Debug: -1

HNSW parameters set.

Loading base vectors...
✓ Base loaded in 3635.135894 ms

Loading query vectors...
✓ Queries loaded in 87.775492 ms

Loading ground truth...
✓ Truth loaded in 84.549758 ms

Data Summary:
  Dimension d=100, Base vectors=1183514, Queries=10000


Building HNSW index...
✓ Index built.
  build_time(local)=566232.118207 ms
  build_time(internal)=614594.741145 ms


Executing queries...

  Processed 1000 queries

  Processed 2000 queries

  Processed 3000 queries

  Processed 4000 queries

  Processed 5000 queries

  Processed 6000 queries

  Processed 7000 queries

  Processed 8000 queries

  Processed 9000 queries

  Processed 10000 queries


========== RESULTS ==========

Total queries: 10000

Average recall@10: 0.993820

Average query time: 4.452678 ms

Total query time: 44526.776910 ms


========== DISTANCE STATISTICS ==========

Total queries reported by index: 10000

Total distance computations: 373464456

Average distance ops per query: 37346.445600

Last query distance ops: 29334


========== PERFORMANCE SUMMARY ==========

Data loading time: 3807.461144 ms

Index build time: 614594.741145 ms

Query execution time: 44526.776910 ms

Total elapsed time: 614566.356261 ms


========== EFFICIENCY METRICS ==========

Queries per second: 224.583963

Distance ops per second: 8387412.741660


========== END OF LOG ==========

Log saved to: Log/run_20251126_043113_976.log

