========== HNSW Search Test ==========

Timestamp: Mon Dec  1 23:39:09 2025

Command line arguments:
  argv[0]: ./hng

Configuration:
  Base file: data_o/glove/base.txt
  Query file: data_o/glove/query.txt
  Truth file: data_o/glove/truth.txt
  K: 10
  M: -1
  Max layer: -1
  EFC: -1
  EFS: -1
  Threads: -1
  Debug: -1

Loading base vectors...
✓ Base loaded in 2778.420360 ms

Loading query vectors...
✓ Queries loaded in 180.473836 ms

Loading ground truth...
✓ Truth loaded in 113.596103 ms

Data Summary:
  Dimension d=100, Base vectors=1183514, Queries=10000


Building HNSW index...
✓ Index built.
  build_time(local)=1332725.431807 ms
  build_time(internal)=1404786.653962 ms


========== GRAPH QUALITY ==========

  num_nodes: 1183514

  max_level (entry point): 3

  actual_max_layer: 3

  avg_degree_l0: 59.878914

  avg_degree_upper: 0.208867


  Layer Distribution:

    L0: 1183514 nodes (100.00%)

    L1: 28800 nodes (2.43%)

    L2: 704 nodes (0.06%)

    L3: 22 nodes (0.00%)



Executing queries...

  Processed 1000 queries

  Processed 2000 queries

  Processed 3000 queries

  Processed 4000 queries

  Processed 5000 queries

  Processed 6000 queries

  Processed 7000 queries

  Processed 8000 queries

  Processed 9000 queries

  Processed 10000 queries


========== RESULTS ==========

Total queries: 10000

Average recall@10: 0.981780

Average query time: 1.410697 ms

Total query time: 14106.966094 ms


========== DISTANCE STATISTICS ==========

Total queries reported by index: 10000

Total distance computations: 0

Average distance ops per query: 0.000000

Last query distance ops: 0


========== PERFORMANCE SUMMARY ==========

Data loading time: 3072.490299 ms

Index build time: 1404786.653962 ms

Query execution time: 14106.966094 ms

Total elapsed time: 1349904.888200 ms


========== EFFICIENCY METRICS ==========

Queries per second: 708.869642


========== END OF LOG ==========

Log saved to: Log/run_20251201_233909_858.log

