========== HNSW Search Test ==========

Timestamp: Thu Dec  4 19:10:39 2025

Command line arguments:
  argv[0]: ./hng1
  argv[1]: --m
  argv[2]: 30
  argv[3]: --max_layer
  argv[4]: 15
  argv[5]: --efc
  argv[6]: 675
  argv[7]: --efs
  argv[8]: 860

Configuration:
  Base file: data_o/glove/base.txt
  Query file: data_o/glove/query.txt
  Truth file: data_o/glove/truth.txt
  K: 10
  M: 30
  Max layer: 15
  EFC: 675
  EFS: 860
  Threads: -1
  Debug: -1

HNSW parameters set.

Ablation flags: csr=0, prefetch=0, simd=0, pruning=0, heap=0

Loading base vectors...
✓ Base loaded in 2256.425278 ms

Loading query vectors...
✓ Queries loaded in 72.883261 ms

Loading ground truth...
✓ Truth loaded in 75.677045 ms

Data Summary:
  Dimension d=100, Base vectors=1183514, Queries=10000


Building HNSW index...
✓ Index built.
  build_time(local)=3844.651055 ms
  build_time(internal)=3839.390928 ms


========== GRAPH QUALITY ==========

  num_nodes: 1183514

  max_level (entry point): 4

  actual_max_layer: 4

  avg_degree_l0: 47.477613

  avg_degree_upper: 0.184207


  Layer Distribution:

    L0: 1183514 nodes (100.00%)

    L1: 39454 nodes (3.33%)

    L2: 1287 nodes (0.11%)

    L3: 47 nodes (0.00%)

    L4: 3 nodes (0.00%)



Executing queries...

  Processed 1000 queries

  Processed 2000 queries

  Processed 3000 queries

  Processed 4000 queries

  Processed 5000 queries

  Processed 6000 queries

  Processed 7000 queries

  Processed 8000 queries

  Processed 9000 queries

  Processed 10000 queries


========== RESULTS ==========

Total queries: 10000

Average recall@10: 0.989040

Average query time: 2.338320 ms

Total query time: 23383.203480 ms


========== DISTANCE STATISTICS ==========

Total queries reported by index: 10000

Total distance computations: 286958732

Average distance ops per query: 28695.873200

Last query distance ops: 24038


========== PERFORMANCE SUMMARY ==========

Data loading time: 2404.985584 ms

Index build time: 3839.390928 ms

Query execution time: 23383.203480 ms

Total elapsed time: 29632.840119 ms


========== EFFICIENCY METRICS ==========

Queries per second: 427.657400

Distance ops per second: 12272002.518622


========== END OF LOG ==========

Log saved to: Log/run_20251204_191039_234.log

