========== HNSW Search Test ==========

Timestamp: Wed Dec  3 23:43:45 2025

Command line arguments:
  argv[0]: ./hng1
  argv[1]: --m
  argv[2]: 32
  argv[3]: --max_layer
  argv[4]: 5
  argv[5]: --efc
  argv[6]: 530
  argv[7]: --efs
  argv[8]: 913

Configuration:
  Base file: data_o/glove/base.txt
  Query file: data_o/glove/query.txt
  Truth file: data_o/glove/truth.txt
  K: 10
  M: 32
  Max layer: 5
  EFC: 530
  EFS: 913
  Threads: -1
  Debug: -1

HNSW parameters set.

Ablation flags: csr=0, prefetch=0, simd=0, pruning=0, heap=0

Loading base vectors...
✓ Base loaded in 2078.471583 ms

Loading query vectors...
✓ Queries loaded in 68.213478 ms

Loading ground truth...
✓ Truth loaded in 67.207386 ms

Data Summary:
  Dimension d=100, Base vectors=1183514, Queries=10000


Building HNSW index...
✓ Index built.
  build_time(local)=3612.053283 ms
  build_time(internal)=3606.972734 ms


========== GRAPH QUALITY ==========

  num_nodes: 1183514

  max_level (entry point): 4

  actual_max_layer: 4

  avg_degree_l0: 46.386676

  avg_degree_upper: 0.190011


  Layer Distribution:

    L0: 1183514 nodes (100.00%)

    L1: 37174 nodes (3.14%)

    L2: 1189 nodes (0.10%)

    L3: 39 nodes (0.00%)

    L4: 1 nodes (0.00%)



Executing queries...

  Processed 1000 queries

  Processed 2000 queries

  Processed 3000 queries

  Processed 4000 queries

  Processed 5000 queries

  Processed 6000 queries

  Processed 7000 queries

  Processed 8000 queries

  Processed 9000 queries

  Processed 10000 queries


========== RESULTS ==========

Total queries: 10000

Average recall@10: 0.990130

Average query time: 2.515387 ms

Total query time: 25153.868596 ms


========== DISTANCE STATISTICS ==========

Total queries reported by index: 10000

Total distance computations: 301665755

Average distance ops per query: 30166.575500

Last query distance ops: 24436


========== PERFORMANCE SUMMARY ==========

Data loading time: 2213.892447 ms

Index build time: 3606.972734 ms

Query execution time: 25153.868596 ms

Total elapsed time: 30979.814326 ms


========== EFFICIENCY METRICS ==========

Queries per second: 397.553162

Distance ops per second: 11992817.480488


========== END OF LOG ==========

Log saved to: Log/run_20251203_234345_539.log

