========== HNSW Search Test ==========

Timestamp: Fri Nov 28 11:14:07 2025

Command line arguments:
  argv[0]: ./hng
  argv[1]: --m
  argv[2]: 64
  argv[3]: --max_layer
  argv[4]: 19
  argv[5]: --efc
  argv[6]: 685
  argv[7]: --efs
  argv[8]: 635

Configuration:
  Base file: data_o/glove/base.txt
  Query file: data_o/glove/query.txt
  Truth file: data_o/glove/truth.txt
  K: 10
  M: 64
  Max layer: 19
  EFC: 685
  EFS: 635
  Threads: -1
  Debug: -1

HNSW parameters set.

Loading base vectors...
✓ Base loaded in 4150.093920 ms

Loading query vectors...
✓ Queries loaded in 78.434987 ms

Loading ground truth...
✓ Truth loaded in 76.892957 ms

Data Summary:
  Dimension d=100, Base vectors=1183514, Queries=10000


Building HNSW index...
✓ Index built.
  build_time(local)=1017077.456055 ms
  build_time(internal)=918715.323596 ms


========== GRAPH QUALITY ==========

  num_nodes: 1183514

  max_level (entry point): 3

  actual_max_layer: 3

  avg_degree_l0: 58.243851

  avg_degree_upper: 0.112860


  Layer Distribution:

    L0: 1183514 nodes (100.00%)

    L1: 18509 nodes (1.56%)

    L2: 290 nodes (0.02%)

    L3: 3 nodes (0.00%)



Executing queries...

  Processed 1000 queries

  Processed 2000 queries

  Processed 3000 queries

  Processed 4000 queries

  Processed 5000 queries

  Processed 6000 queries

  Processed 7000 queries

  Processed 8000 queries

  Processed 9000 queries

  Processed 10000 queries


========== RESULTS ==========

Total queries: 10000

Average recall@10: 0.990590

Average query time: 3.155538 ms

Total query time: 31555.380618 ms


========== DISTANCE STATISTICS ==========

Total queries reported by index: 10000

Total distance computations: 293082191

Average distance ops per query: 29308.219100

Last query distance ops: 21973


========== PERFORMANCE SUMMARY ==========

Data loading time: 4305.421864 ms

Index build time: 918715.323596 ms

Query execution time: 31555.380618 ms

Total elapsed time: 1052938.258537 ms


========== EFFICIENCY METRICS ==========

Queries per second: 316.903165

Distance ops per second: 9287867.402012


========== END OF LOG ==========

Log saved to: Log/run_20251128_111407_818.log

