========== HNSW Search Test ==========

Timestamp: Mon Dec  8 03:28:13 2025

Command line arguments:
  argv[0]: ./hng3
  argv[1]: --m
  argv[2]: 32
  argv[3]: --max_layer
  argv[4]: 7
  argv[5]: --efc
  argv[6]: 1000
  argv[7]: --efs
  argv[8]: 250

Configuration:
  Base file: data_o/glove/base.txt
  Query file: data_o/glove/query.txt
  Truth file: data_o/glove/truth.txt
  K: 10
  M: 32
  Max layer: 7
  EFC: 1000
  EFS: 250
  Threads: -1
  Debug: -1

HNSW parameters set.

Ablation flags: csr=0, prefetch=0, simd=0, pruning=0, heap=0

Loading base vectors...
✓ Base loaded in 3335.775974 ms

Loading query vectors...
✓ Queries loaded in 73.155632 ms

Loading ground truth...
✓ Truth loaded in 73.723650 ms

Data Summary:
  Dimension d=100, Base vectors=1183514, Queries=10000


Building HNSW index...
✓ Index built.
  build_time(local)=4223.608033 ms
  build_time(internal)=4218.114189 ms


========== GRAPH QUALITY ==========

  num_nodes: 1183514

  max_level (entry point): 3

  actual_max_layer: 3

  avg_degree_l0: 58.055684

  avg_degree_upper: 30.380945


  Layer Distribution:

    L0: 1183514 nodes (100.00%)

    L1: 36932 nodes (3.12%)

    L2: 1217 nodes (0.10%)

    L3: 35 nodes (0.00%)



Executing queries...

  Processed 1000 queries

  Processed 2000 queries

  Processed 3000 queries

  Processed 4000 queries

  Processed 5000 queries

  Processed 6000 queries

  Processed 7000 queries

  Processed 8000 queries

  Processed 9000 queries

  Processed 10000 queries


========== RESULTS ==========

Total queries: 10000

Average recall@10: 0.554620

Average query time: 0.319949 ms

Total query time: 3199.493418 ms


========== DISTANCE STATISTICS ==========

Total queries reported by index: 10000

Total distance computations: 10537430

Average distance ops per query: 1053.743000

Last query distance ops: 1564


========== PERFORMANCE SUMMARY ==========

Data loading time: 3482.655256 ms

Index build time: 4218.114189 ms

Query execution time: 3199.493418 ms

Total elapsed time: 10905.756707 ms


========== EFFICIENCY METRICS ==========

Queries per second: 3125.494787

Distance ops per second: 3293468.253667


========== END OF LOG ==========

Log saved to: Log/run_20251208_032813_363.log

