========== HNSW Search Test ==========

Timestamp: Mon Dec  8 14:24:31 2025

Command line arguments:
  argv[0]: ./hng3
  argv[1]: --m
  argv[2]: 32
  argv[3]: --max_layer
  argv[4]: 7
  argv[5]: --efc
  argv[6]: 1000
  argv[7]: --efs
  argv[8]: 416
  argv[9]: --hamming_threshold
  argv[10]: 38

Configuration:
  Base file: data_o/glove/base.txt
  Query file: data_o/glove/query.txt
  Truth file: data_o/glove/truth.txt
  K: 10
  M: 32
  Max layer: 7
  EFC: 1000
  EFS: 416
  Threads: -1
  Debug: -1

HNSW parameters set.

Ablation flags: csr=0, prefetch=0, simd=0, pruning=0, heap=0

  Hamming threshold: 38
Loading base vectors...
✓ Base loaded in 2264.925364 ms

Loading query vectors...
✓ Queries loaded in 80.734018 ms

Loading ground truth...
✓ Truth loaded in 79.910748 ms

Data Summary:
  Dimension d=100, Base vectors=1183514, Queries=10000


Building HNSW index...
✓ Index built.
  build_time(local)=4139.066906 ms
  build_time(internal)=4133.734427 ms


========== GRAPH QUALITY ==========

  num_nodes: 1183514

  max_level (entry point): 3

  actual_max_layer: 3

  avg_degree_l0: 58.055684

  avg_degree_upper: 30.380945


  Layer Distribution:

    L0: 1183514 nodes (100.00%)

    L1: 36932 nodes (3.12%)

    L2: 1217 nodes (0.10%)

    L3: 35 nodes (0.00%)



Executing queries...

  Processed 1000 queries

  Processed 2000 queries

  Processed 3000 queries

  Processed 4000 queries

  Processed 5000 queries

  Processed 6000 queries

  Processed 7000 queries

  Processed 8000 queries

  Processed 9000 queries

  Processed 10000 queries


========== RESULTS ==========

Total queries: 10000

Average recall@10: 0.945220

Average query time: 1.125171 ms

Total query time: 11251.712378 ms


========== DISTANCE STATISTICS ==========

Total queries reported by index: 10000

Total distance computations: 67381734

Average distance ops per query: 6738.173400

Last query distance ops: 8832


========== PERFORMANCE SUMMARY ==========

Data loading time: 2425.570130 ms

Index build time: 4133.734427 ms

Query execution time: 11251.712378 ms

Total elapsed time: 17816.349414 ms


========== EFFICIENCY METRICS ==========

Queries per second: 888.753610

Distance ops per second: 5988575.937272


========== END OF LOG ==========

Log saved to: Log/run_20251208_142431_229.log

