========== HNSW Search Test ==========

Timestamp: Sun Dec  7 10:07:36 2025

Command line arguments:
  argv[0]: ./hng2
  argv[1]: --m
  argv[2]: 32
  argv[3]: --max_layer
  argv[4]: 7
  argv[5]: --efc
  argv[6]: 1000
  argv[7]: --efs
  argv[8]: 1000

Configuration:
  Base file: data_o/glove/base.txt
  Query file: data_o/glove/query.txt
  Truth file: data_o/glove/truth.txt
  K: 10
  M: 32
  Max layer: 7
  EFC: 1000
  EFS: 1000
  Threads: -1
  Debug: -1

HNSW parameters set.

Ablation flags: csr=0, prefetch=0, simd=0, pruning=0, heap=0

Loading base vectors...
✓ Base loaded in 2015.442031 ms

Loading query vectors...
✓ Queries loaded in 65.789836 ms

Loading ground truth...
✓ Truth loaded in 66.197422 ms

Data Summary:
  Dimension d=100, Base vectors=1183514, Queries=10000


Building HNSW index...
✓ Index built.
  build_time(local)=3777.841580 ms
  build_time(internal)=3773.408721 ms


========== GRAPH QUALITY ==========

  num_nodes: 1183514

  max_level (entry point): 4

  actual_max_layer: 4

  avg_degree_l0: 58.054936

  avg_degree_upper: 0.210221


  Layer Distribution:

    L0: 1183514 nodes (100.00%)

    L1: 36894 nodes (3.12%)

    L2: 1196 nodes (0.10%)

    L3: 26 nodes (0.00%)

    L4: 1 nodes (0.00%)



Executing queries...

  Processed 1000 queries

  Processed 2000 queries

  Processed 3000 queries

  Processed 4000 queries

  Processed 5000 queries

  Processed 6000 queries

  Processed 7000 queries

  Processed 8000 queries

  Processed 9000 queries

  Processed 10000 queries


========== RESULTS ==========

Total queries: 10000

Average recall@10: 0.994190

Average query time: 3.711233 ms

Total query time: 37112.327113 ms


========== DISTANCE STATISTICS ==========

Total queries reported by index: 10000

Total distance computations: 380921495

Average distance ops per query: 38092.149500

Last query distance ops: 31910


========== PERFORMANCE SUMMARY ==========

Data loading time: 2147.429289 ms

Index build time: 3773.408721 ms

Query execution time: 37112.327113 ms

Total elapsed time: 43037.597982 ms


========== EFFICIENCY METRICS ==========

Queries per second: 269.452249

Distance ops per second: 10264015.345633


========== END OF LOG ==========

Log saved to: Log/run_20251207_100736_990.log

