========== HNSW Search Test ==========

Timestamp: Mon Dec  8 15:55:24 2025

Command line arguments:
  argv[0]: ./hng3
  argv[1]: --m
  argv[2]: 40
  argv[3]: --max_layer
  argv[4]: 7
  argv[5]: --efc
  argv[6]: 1000
  argv[7]: --efs
  argv[8]: 400
  argv[9]: --hamming_threshold
  argv[10]: 32

Configuration:
  Base file: data_o/glove/base.txt
  Query file: data_o/glove/query.txt
  Truth file: data_o/glove/truth.txt
  K: 10
  M: 40
  Max layer: 7
  EFC: 1000
  EFS: 400
  Threads: -1
  Debug: -1

HNSW parameters set.

Ablation flags: csr=0, prefetch=0, simd=0, pruning=0, heap=0

  Hamming threshold: 32
Loading base vectors...
✓ Base loaded in 2233.578106 ms

Loading query vectors...
✓ Queries loaded in 64.440940 ms

Loading ground truth...
✓ Truth loaded in 65.118326 ms

Data Summary:
  Dimension d=100, Base vectors=1183514, Queries=10000


Building HNSW index...
✓ Index built.
  build_time(local)=3921.551847 ms
  build_time(internal)=1850.298628 ms


========== GRAPH QUALITY ==========

  num_nodes: 1183514

  max_level (entry point): 4

  actual_max_layer: 4

  avg_degree_l0: 68.582917

  avg_degree_upper: 36.158961


  Layer Distribution:

    L0: 1183514 nodes (100.00%)

    L1: 29240 nodes (2.47%)

    L2: 710 nodes (0.06%)

    L3: 24 nodes (0.00%)

    L4: 2 nodes (0.00%)



Executing queries...

  Processed 1000 queries

  Processed 2000 queries

  Processed 3000 queries

  Processed 4000 queries

  Processed 5000 queries

  Processed 6000 queries

  Processed 7000 queries

  Processed 8000 queries

  Processed 9000 queries

  Processed 10000 queries


========== RESULTS ==========

Total queries: 10000

Average recall@10: 0.478950

Average query time: 0.495819 ms

Total query time: 4958.194206 ms


========== DISTANCE STATISTICS ==========

Total queries reported by index: 10000

Total distance computations: 12555835

Average distance ops per query: 1255.583500

Last query distance ops: 2140


========== PERFORMANCE SUMMARY ==========

Data loading time: 2363.137372 ms

Index build time: 1850.298628 ms

Query execution time: 4958.194206 ms

Total elapsed time: 11242.883425 ms


========== EFFICIENCY METRICS ==========

Queries per second: 2016.863314

Distance ops per second: 2532340.299379


========== END OF LOG ==========

Log saved to: Log/run_20251208_155524_113.log

