========== HNSW Search Test ==========

Timestamp: Mon Dec  8 20:43:48 2025

Command line arguments:
  argv[0]: ./hng3
  argv[1]: --m
  argv[2]: 64
  argv[3]: --max_layer
  argv[4]: 7
  argv[5]: --efc
  argv[6]: 1000
  argv[7]: --efs
  argv[8]: 480
  argv[9]: --hamming_threshold
  argv[10]: 41

Configuration:
  Base file: data_o/glove/base.txt
  Query file: data_o/glove/query.txt
  Truth file: data_o/glove/truth.txt
  K: 10
  M: 64
  Max layer: 7
  EFC: 1000
  EFS: 480
  Threads: -1
  Debug: -1

HNSW parameters set.

Ablation flags: csr=0, prefetch=0, simd=0, pruning=0, heap=0

  Hamming threshold: 41
Loading base vectors...
✓ Base loaded in 2081.869765 ms

Loading query vectors...
✓ Queries loaded in 65.067835 ms

Loading ground truth...
✓ Truth loaded in 69.891680 ms

Data Summary:
  Dimension d=100, Base vectors=1183514, Queries=10000


Building HNSW index...
✓ Index built.
  build_time(local)=4295.854490 ms
  build_time(internal)=4290.762405 ms


========== GRAPH QUALITY ==========

  num_nodes: 1183514

  max_level (entry point): 3

  actual_max_layer: 3

  avg_degree_l0: 86.924785

  avg_degree_upper: 41.054540


  Layer Distribution:

    L0: 1183514 nodes (100.00%)

    L1: 18574 nodes (1.57%)

    L2: 291 nodes (0.02%)

    L3: 2 nodes (0.00%)



Executing queries...

  Processed 1000 queries

  Processed 2000 queries

  Processed 3000 queries

  Processed 4000 queries

  Processed 5000 queries

  Processed 6000 queries

  Processed 7000 queries

  Processed 8000 queries

  Processed 9000 queries

  Processed 10000 queries


========== RESULTS ==========

Total queries: 10000

Average recall@10: 0.987750

Average query time: 2.290759 ms

Total query time: 22907.585894 ms


========== DISTANCE STATISTICS ==========

Total queries reported by index: 10000

Total distance computations: 181172995

Average distance ops per query: 18117.299600

Last query distance ops: 21360


========== PERFORMANCE SUMMARY ==========

Data loading time: 2216.829280 ms

Index build time: 4290.762405 ms

Query execution time: 22907.585894 ms

Total elapsed time: 29420.269664 ms


========== EFFICIENCY METRICS ==========

Queries per second: 436.536615

Distance ops per second: 7908864.637170


========== END OF LOG ==========

Log saved to: Log/run_20251208_204348_043.log

