========== HNSW Search Test ==========

Timestamp: Thu Nov 27 02:07:17 2025

Command line arguments:
  argv[0]: ./hng
  argv[1]: --m
  argv[2]: 52
  argv[3]: --max_layer
  argv[4]: 4
  argv[5]: --efc
  argv[6]: 480
  argv[7]: --efs
  argv[8]: 1933

Configuration:
  Base file: data_o/glove/base.txt
  Query file: data_o/glove/query.txt
  Truth file: data_o/glove/truth.txt
  K: 10
  M: 52
  Max layer: 4
  EFC: 480
  EFS: 1933
  Threads: -1
  Debug: -1

HNSW parameters set.

Loading base vectors...
✓ Base loaded in 2086.801736 ms

Loading query vectors...
✓ Queries loaded in 65.396110 ms

Loading ground truth...
✓ Truth loaded in 67.282196 ms

Data Summary:
  Dimension d=100, Base vectors=1183514, Queries=10000


Building HNSW index...
✓ Index built.
  build_time(local)=701877.470256 ms
  build_time(internal)=676984.085350 ms


========== GRAPH QUALITY ==========

  num_nodes: 1183514

  max_level (entry point): 4

  actual_max_layer: 4

  avg_degree_l0: 50.036899

  avg_degree_upper: 0.133919


  Layer Distribution:

    L0: 1183514 nodes (100.00%)

    L1: 22906 nodes (1.94%)

    L2: 436 nodes (0.04%)

    L3: 7 nodes (0.00%)

    L4: 1 nodes (0.00%)



Executing queries...

  Processed 1000 queries

  Processed 2000 queries

  Processed 3000 queries

  Processed 4000 queries

  Processed 5000 queries

  Processed 6000 queries

  Processed 7000 queries

  Processed 8000 queries

  Processed 9000 queries

  Processed 10000 queries


========== RESULTS ==========

Total queries: 10000

Average recall@10: 0.998150

Average query time: 8.905501 ms

Total query time: 89055.006615 ms


========== DISTANCE STATISTICS ==========

Total queries reported by index: 10000

Total distance computations: 662851886

Average distance ops per query: 66285.188600

Last query distance ops: 45933


========== PERFORMANCE SUMMARY ==========

Data loading time: 2219.480042 ms

Index build time: 676984.085350 ms

Query execution time: 89055.006615 ms

Total elapsed time: 793151.956913 ms


========== EFFICIENCY METRICS ==========

Queries per second: 112.290149

Distance ops per second: 7443173.732675


========== END OF LOG ==========

Log saved to: Log/run_20251127_020717_982.log

