========== HNSW Search Test ==========

Timestamp: Fri Nov 28 03:46:38 2025

Command line arguments:
  argv[0]: ./hng
  argv[1]: --m
  argv[2]: 59
  argv[3]: --max_layer
  argv[4]: 19
  argv[5]: --efc
  argv[6]: 494
  argv[7]: --efs
  argv[8]: 588

Configuration:
  Base file: data_o/glove/base.txt
  Query file: data_o/glove/query.txt
  Truth file: data_o/glove/truth.txt
  K: 10
  M: 59
  Max layer: 19
  EFC: 494
  EFS: 588
  Threads: -1
  Debug: -1

HNSW parameters set.

Loading base vectors...
✓ Base loaded in 2242.788072 ms

Loading query vectors...
✓ Queries loaded in 73.488701 ms

Loading ground truth...
✓ Truth loaded in 75.871948 ms

Data Summary:
  Dimension d=100, Base vectors=1183514, Queries=10000


Building HNSW index...
✓ Index built.
  build_time(local)=811248.338492 ms
  build_time(internal)=735185.336215 ms


========== GRAPH QUALITY ==========

  num_nodes: 1183514

  max_level (entry point): 3

  actual_max_layer: 3

  avg_degree_l0: 50.957425

  avg_degree_upper: 0.145906


  Layer Distribution:

    L0: 1183514 nodes (100.00%)

    L1: 20044 nodes (1.69%)

    L2: 335 nodes (0.03%)

    L3: 4 nodes (0.00%)



Executing queries...

  Processed 1000 queries

  Processed 2000 queries

  Processed 3000 queries

  Processed 4000 queries

  Processed 5000 queries

  Processed 6000 queries

  Processed 7000 queries

  Processed 8000 queries

  Processed 9000 queries

  Processed 10000 queries


========== RESULTS ==========

Total queries: 10000

Average recall@10: 0.986370

Average query time: 2.746942 ms

Total query time: 27469.419370 ms


========== DISTANCE STATISTICS ==========

Total queries reported by index: 10000

Total distance computations: 242482915

Average distance ops per query: 24248.291500

Last query distance ops: 18864


========== PERFORMANCE SUMMARY ==========

Data loading time: 2392.148721 ms

Index build time: 735185.336215 ms

Query execution time: 27469.419370 ms

Total elapsed time: 841109.906583 ms


========== EFFICIENCY METRICS ==========

Queries per second: 364.041186

Distance ops per second: 8827376.790673


========== END OF LOG ==========

Log saved to: Log/run_20251128_034638_216.log

