========== HNSW Search Test ==========

Timestamp: Tue Nov 25 20:03:48 2025

Command line arguments:
  argv[0]: ./hng
  argv[1]: --m
  argv[2]: 34
  argv[3]: --efc
  argv[4]: 722
  argv[5]: --efs
  argv[6]: 1032

Configuration:
  Base file: data_o/glove/base.txt
  Query file: data_o/glove/query.txt
  Truth file: data_o/glove/truth.txt
  K: 10
  M: 34
  Max layer: -1
  EFC: 722
  EFS: 1032
  Threads: -1
  Debug: -1

HNSW parameters set.

Loading base vectors...
✓ Base loaded in 3313.428482 ms

Loading query vectors...
✓ Queries loaded in 67.150818 ms

Loading ground truth...
✓ Truth loaded in 61.824048 ms

Data Summary:
  Dimension d=100, Base vectors=1183514, Queries=10000


Building HNSW index...
✓ Index built.
  build_time(local)=646172.200696 ms
  build_time(internal)=702452.091739 ms


Executing queries...

  Processed 1000 queries

  Processed 2000 queries

  Processed 3000 queries

  Processed 4000 queries

  Processed 5000 queries

  Processed 6000 queries

  Processed 7000 queries

  Processed 8000 queries

  Processed 9000 queries

  Processed 10000 queries


========== RESULTS ==========

Total queries: 10000

Average recall@10: 0.993900

Average query time: 4.384410 ms

Total query time: 43844.096912 ms


========== DISTANCE STATISTICS ==========

Total queries reported by index: 10000

Total distance computations: 369619997

Average distance ops per query: 36961.999700

Last query distance ops: 29613


========== PERFORMANCE SUMMARY ==========

Data loading time: 3442.403348 ms

Index build time: 702452.091739 ms

Query execution time: 43844.096912 ms

Total elapsed time: 693458.700956 ms


========== EFFICIENCY METRICS ==========

Queries per second: 228.080875

Distance ops per second: 8430325.244054


========== END OF LOG ==========

Log saved to: Log/run_20251125_200348_403.log

