========== HNSW Search Test ==========

Timestamp: Thu Nov 27 23:07:34 2025

Command line arguments:
  argv[0]: ./hng
  argv[1]: --m
  argv[2]: 58
  argv[3]: --max_layer
  argv[4]: 18
  argv[5]: --efc
  argv[6]: 543
  argv[7]: --efs
  argv[8]: 506

Configuration:
  Base file: data_o/glove/base.txt
  Query file: data_o/glove/query.txt
  Truth file: data_o/glove/truth.txt
  K: 10
  M: 58
  Max layer: 18
  EFC: 543
  EFS: 506
  Threads: -1
  Debug: -1

HNSW parameters set.

Loading base vectors...
✓ Base loaded in 2446.459902 ms

Loading query vectors...
✓ Queries loaded in 76.410196 ms

Loading ground truth...
✓ Truth loaded in 74.179300 ms

Data Summary:
  Dimension d=100, Base vectors=1183514, Queries=10000


Building HNSW index...
✓ Index built.
  build_time(local)=877773.001482 ms
  build_time(internal)=814116.303396 ms


========== GRAPH QUALITY ==========

  num_nodes: 1183514

  max_level (entry point): 3

  actual_max_layer: 3

  avg_degree_l0: 53.007825

  avg_degree_upper: 0.148139


  Layer Distribution:

    L0: 1183514 nodes (100.00%)

    L1: 20637 nodes (1.74%)

    L2: 368 nodes (0.03%)

    L3: 9 nodes (0.00%)



Executing queries...

  Processed 1000 queries

  Processed 2000 queries

  Processed 3000 queries

  Processed 4000 queries

  Processed 5000 queries

  Processed 6000 queries

  Processed 7000 queries

  Processed 8000 queries

  Processed 9000 queries

  Processed 10000 queries


========== RESULTS ==========

Total queries: 10000

Average recall@10: 0.983830

Average query time: 2.429388 ms

Total query time: 24293.877906 ms


========== DISTANCE STATISTICS ==========

Total queries reported by index: 10000

Total distance computations: 219576378

Average distance ops per query: 21957.637800

Last query distance ops: 17237


========== PERFORMANCE SUMMARY ==========

Data loading time: 2597.049398 ms

Index build time: 814116.303396 ms

Query execution time: 24293.877906 ms

Total elapsed time: 904663.928786 ms


========== EFFICIENCY METRICS ==========

Queries per second: 411.626338

Distance ops per second: 9038342.040312


========== END OF LOG ==========

Log saved to: Log/run_20251127_230734_603.log

