========== HNSW Search Test ==========

Timestamp: Thu Dec  4 20:14:54 2025

Command line arguments:
  argv[0]: ./hng1
  argv[1]: --m
  argv[2]: 33
  argv[3]: --max_layer
  argv[4]: 5
  argv[5]: --efc
  argv[6]: 511
  argv[7]: --efs
  argv[8]: 895

Configuration:
  Base file: data_o/glove/base.txt
  Query file: data_o/glove/query.txt
  Truth file: data_o/glove/truth.txt
  K: 10
  M: 33
  Max layer: 5
  EFC: 511
  EFS: 895
  Threads: -1
  Debug: -1

HNSW parameters set.

Ablation flags: csr=0, prefetch=0, simd=0, pruning=0, heap=0

Loading base vectors...
✓ Base loaded in 2701.259943 ms

Loading query vectors...
✓ Queries loaded in 82.425358 ms

Loading ground truth...
✓ Truth loaded in 78.647885 ms

Data Summary:
  Dimension d=100, Base vectors=1183514, Queries=10000


Building HNSW index...
✓ Index built.
  build_time(local)=3897.355978 ms
  build_time(internal)=3892.135917 ms


========== GRAPH QUALITY ==========

  num_nodes: 1183514

  max_level (entry point): 4

  actual_max_layer: 4

  avg_degree_l0: 46.501229

  avg_degree_upper: 0.177263


  Layer Distribution:

    L0: 1183514 nodes (100.00%)

    L1: 35958 nodes (3.04%)

    L2: 1039 nodes (0.09%)

    L3: 42 nodes (0.00%)

    L4: 2 nodes (0.00%)



Executing queries...

  Processed 1000 queries

  Processed 2000 queries

  Processed 3000 queries

  Processed 4000 queries

  Processed 5000 queries

  Processed 6000 queries

  Processed 7000 queries

  Processed 8000 queries

