========== HNSW Search Test ==========

Timestamp: Wed Nov 26 23:29:40 2025

Command line arguments:
  argv[0]: ./hng
  argv[1]: --m
  argv[2]: 64
  argv[3]: --max_layer
  argv[4]: 4
  argv[5]: --efc
  argv[6]: 247
  argv[7]: --efs
  argv[8]: 793

Configuration:
  Base file: data_o/glove/base.txt
  Query file: data_o/glove/query.txt
  Truth file: data_o/glove/truth.txt
  K: 10
  M: 64
  Max layer: 4
  EFC: 247
  EFS: 793
  Threads: -1
  Debug: -1

HNSW parameters set.

Loading base vectors...
✓ Base loaded in 2102.862467 ms

Loading query vectors...
✓ Queries loaded in 70.691536 ms

Loading ground truth...
✓ Truth loaded in 68.043474 ms

Data Summary:
  Dimension d=100, Base vectors=1183514, Queries=10000


Building HNSW index...
✓ Index built.
  build_time(local)=301102.818116 ms
  build_time(internal)=287376.711001 ms


========== GRAPH QUALITY ==========

  num_nodes: 1183514

  max_level (entry point): 3

  actual_max_layer: 3

  avg_degree_l0: 36.201368

  avg_degree_upper: 0.105765


  Layer Distribution:

    L0: 1183514 nodes (100.00%)

    L1: 18473 nodes (1.56%)

    L2: 291 nodes (0.02%)

    L3: 4 nodes (0.00%)



Executing queries...

  Processed 1000 queries

  Processed 2000 queries

  Processed 3000 queries

  Processed 4000 queries

  Processed 5000 queries

  Processed 6000 queries

  Processed 7000 queries

  Processed 8000 queries

  Processed 9000 queries

  Processed 10000 queries


========== RESULTS ==========

Total queries: 10000

Average recall@10: 0.982240

Average query time: 2.843581 ms

Total query time: 28435.814751 ms


========== DISTANCE STATISTICS ==========

Total queries reported by index: 10000

Total distance computations: 237245133

Average distance ops per query: 23724.513300

Last query distance ops: 18635


========== PERFORMANCE SUMMARY ==========

Data loading time: 2241.597477 ms

Index build time: 287376.711001 ms

Query execution time: 28435.814751 ms

Total elapsed time: 331780.230344 ms


========== EFFICIENCY METRICS ==========

Queries per second: 351.669192

Distance ops per second: 8343180.425019


========== END OF LOG ==========

Log saved to: Log/run_20251126_232940_098.log

