========== HNSW Search Test ==========

Timestamp: Sun Dec  7 05:53:47 2025

Command line arguments:
  argv[0]: ./hng2
  argv[1]: --m
  argv[2]: 64
  argv[3]: --max_layer
  argv[4]: 7
  argv[5]: --efc
  argv[6]: 1300
  argv[7]: --efs
  argv[8]: 500

Configuration:
  Base file: data_o/glove/base.txt
  Query file: data_o/glove/query.txt
  Truth file: data_o/glove/truth.txt
  K: 10
  M: 64
  Max layer: 7
  EFC: 1300
  EFS: 500
  Threads: -1
  Debug: -1

HNSW parameters set.

Ablation flags: csr=0, prefetch=0, simd=0, pruning=0, heap=0

Loading base vectors...
✓ Base loaded in 4010.436307 ms

Loading query vectors...
✓ Queries loaded in 68.018148 ms

Loading ground truth...
✓ Truth loaded in 72.490736 ms

Data Summary:
  Dimension d=100, Base vectors=1183514, Queries=10000


Building HNSW index...
✓ Index built.
  build_time(local)=4460412.981236 ms
  build_time(internal)=4431834.261102 ms


========== GRAPH QUALITY ==========

  num_nodes: 1183514

  max_level (entry point): 3

  actual_max_layer: 3

  avg_degree_l0: 91.460638

  avg_degree_upper: 0.127515


  Layer Distribution:

    L0: 1183514 nodes (100.00%)

    L1: 18522 nodes (1.57%)

    L2: 265 nodes (0.02%)

    L3: 3 nodes (0.00%)



Executing queries...

  Processed 1000 queries

  Processed 2000 queries

  Processed 3000 queries

  Processed 4000 queries

  Processed 5000 queries

  Processed 6000 queries

  Processed 7000 queries

  Processed 8000 queries

  Processed 9000 queries

  Processed 10000 queries


========== RESULTS ==========

Total queries: 10000

Average recall@10: 0.994090

Average query time: 3.166878 ms

Total query time: 31668.776541 ms


========== DISTANCE STATISTICS ==========

Total queries reported by index: 10000

Total distance computations: 363787638

Average distance ops per query: 36378.763800

Last query distance ops: 34833


========== PERFORMANCE SUMMARY ==========

Data loading time: 4150.945191 ms

Index build time: 4431834.261102 ms

Query execution time: 31668.776541 ms

Total elapsed time: 4496232.702968 ms


========== EFFICIENCY METRICS ==========

Queries per second: 315.768435

Distance ops per second: 11487265.304645


========== END OF LOG ==========

Log saved to: Log/run_20251207_055347_954.log

