========== HNSW Search Test ==========

Timestamp: Fri Dec  5 14:19:33 2025

Command line arguments:
  argv[0]: ./hng

Configuration:
  Base file: data_o/glove/base.txt
  Query file: data_o/glove/query.txt
  Truth file: data_o/glove/truth.txt
  K: 10
  M: -1
  Max layer: -1
  EFC: -1
  EFS: -1
  Threads: -1
  Debug: -1

Ablation flags: csr=0, prefetch=0, simd=0, pruning=0, heap=0

Loading base vectors...
✓ Base loaded in 2202.684514 ms

Loading query vectors...
✓ Queries loaded in 67.196510 ms

Loading ground truth...
✓ Truth loaded in 68.082491 ms

Data Summary:
  Dimension d=100, Base vectors=1183514, Queries=10000


Building HNSW index...
✓ Index built.
  build_time(local)=601266.612129 ms
  build_time(internal)=601261.731603 ms


========== GRAPH QUALITY ==========

  num_nodes: 1183514

  max_level (entry point): 4

  actual_max_layer: 4

  avg_degree_l0: 30.035705

  avg_degree_upper: 0.206106


  Layer Distribution:

    L0: 1183514 nodes (100.00%)

    L1: 73561 nodes (6.22%)

    L2: 4696 nodes (0.40%)

    L3: 269 nodes (0.02%)

    L4: 16 nodes (0.00%)



Executing queries...

  Processed 1000 queries

  Processed 2000 queries

  Processed 3000 queries

  Processed 4000 queries

  Processed 5000 queries

  Processed 6000 queries

  Processed 7000 queries

  Processed 8000 queries

  Processed 9000 queries

  Processed 10000 queries


========== RESULTS ==========

Total queries: 10000

Average recall@10: 0.944860

Average query time: 1.024531 ms

Total query time: 10245.308993 ms


========== DISTANCE STATISTICS ==========

Total queries reported by index: 10000

Total distance computations: 107056870

Average distance ops per query: 10705.687000

Last query distance ops: 9862


========== PERFORMANCE SUMMARY ==========

Data loading time: 2337.963515 ms

Index build time: 601261.731603 ms

Query execution time: 10245.308993 ms

Total elapsed time: 613849.884637 ms


========== EFFICIENCY METRICS ==========

Queries per second: 976.056457

Distance ops per second: 10449354.926547


========== END OF LOG ==========

Log saved to: Log/run_20251205_141933_180.log

