========== HNSW Search Test ==========

Timestamp: Thu Dec  4 14:46:39 2025

Command line arguments:
  argv[0]: ./hng1
  argv[1]: --base
  argv[2]: data_o/glove/base.txt
========== HNSW Search Test ==========

Timestamp: Thu Dec  4 14:46:39 2025

Command line arguments:
  argv[0]: ./hng1
  argv[1]: --base
  argv[2]: data_o/glove/base.txt
  argv[3]: --query
  argv[3]: --query
  argv[4]: data_o/glove/query.txt
  argv[4]: data_o/glove/query.txt
  argv[5]: --truth
========== HNSW Search Test ==========

  argv[5]: --truth
  argv[6]: data_o/glove/truth.txt
  argv[6]: data_o/glove/truth.txt
  argv[7]: --k
  argv[7]: --k
Timestamp: Thu Dec  4 14:46:39 2025

  argv[8]: 10
  argv[8]: 10
  argv[9]: --m
Command line arguments:
  argv[9]: --m
  argv[0]: ./hng1
  argv[10]: 43
  argv[1]: --base
  argv[11]: --max_layer
  argv[12]: 10
  argv[13]: --efc
  argv[14]: 735
  argv[15]: --efs
  argv[16]: 660
  argv[10]: 43
  argv[17]: --threads
  argv[2]: data_o/glove/base.txt
  argv[11]: --max_layer
  argv[18]: 32
  argv[3]: --query
  argv[12]: 10
  argv[4]: data_o/glove/query.txt
  argv[13]: --efc
  argv[14]: 735
  argv[15]: --efs
  argv[19]: --ablate_csr
  argv[5]: --truth
  argv[16]: 648
  argv[20]: 0
  argv[6]: data_o/glove/truth.txt
  argv[17]: --threads
  argv[7]: --k
  argv[21]: --ablate_prefetch
  argv[8]: 10
  argv[22]: 0
  argv[9]: --m
  argv[23]: --ablate_simd
  argv[18]: 32
  argv[10]: 43
  argv[24]: 1
  argv[19]: --ablate_csr
  argv[11]: --max_layer
  argv[20]: 0
  argv[25]: --ablate_pruning
  argv[26]: 0
  argv[27]: --ablate_heap
  argv[28]: 0
  argv[12]: 10
  argv[29]: --ablate_flat_index
  argv[13]: --efc
  argv[14]: 735
  argv[30]: 0
  argv[21]: --ablate_prefetch
  argv[22]: 1
  argv[15]: --efs
  argv[31]: --ablate_reorder
  argv[16]: 648
  argv[32]: 0
  argv[23]: --ablate_simd

Configuration:
  argv[17]: --threads
  argv[24]: 0
  argv[18]: 32
  Base file: data_o/glove/base.txt
  argv[25]: --ablate_pruning
  Query file: data_o/glove/query.txt
  argv[26]: 0
  Truth file: data_o/glove/truth.txt
  argv[19]: --ablate_csr
  K: 10
  M: 43
  argv[20]: 0
  argv[27]: --ablate_heap
  Max layer: 10
  argv[21]: --ablate_prefetch
  argv[28]: 0
  EFC: 735
  argv[22]: 0
  argv[23]: --ablate_simd
  argv[24]: 0
  argv[25]: --ablate_pruning
  EFS: 660
  argv[29]: --ablate_flat_index
  argv[26]: 0
  Threads: 32
  argv[30]: 0
  argv[27]: --ablate_heap
  Debug: -1
  argv[31]: --ablate_reorder

  argv[28]: 0
  argv[32]: 0
HNSW parameters set.

  argv[29]: --ablate_flat_index

Configuration:
  argv[30]: 0
  Base file: data_o/glove/base.txt
  argv[31]: --ablate_reorder
Ablation flags: csr=0, prefetch=0, simd=1, pruning=0, heap=0

  Query file: data_o/glove/query.txt
  Truth file: data_o/glove/truth.txt
  argv[32]: 1
Loading base vectors...
  K: 10

Configuration:
  Base file: data_o/glove/base.txt
  Query file: data_o/glove/query.txt
  Truth file: data_o/glove/truth.txt
  M: 43
  K: 10
  Max layer: 10
  M: 43
  EFC: 735
  Max layer: 10
  EFS: 648
  EFC: 735
  Threads: 32
  Debug: -1

  EFS: 648
HNSW parameters set.

  Threads: 32
Ablation flags: csr=0, prefetch=1, simd=0, pruning=0, heap=0

  Debug: -1

Loading base vectors...
HNSW parameters set.

Ablation flags: csr=0, prefetch=0, simd=0, pruning=0, heap=0

Loading base vectors...
