========== HNSW Search Test ==========

Timestamp: Wed Nov 26 00:14:36 2025

Command line arguments:
  argv[0]: ./hng
  argv[1]: --m
  argv[2]: 62
  argv[3]: --efc
  argv[4]: 937
  argv[5]: --efs
  argv[6]: 761

Configuration:
  Base file: data_o/glove/base.txt
  Query file: data_o/glove/query.txt
  Truth file: data_o/glove/truth.txt
  K: 10
  M: 62
  Max layer: -1
  EFC: 937
  EFS: 761
  Threads: -1
  Debug: -1

HNSW parameters set.

Loading base vectors...
✓ Base loaded in 2917.110964 ms

Loading query vectors...
✓ Queries loaded in 82.352282 ms

Loading ground truth...
✓ Truth loaded in 75.063971 ms

Data Summary:
  Dimension d=100, Base vectors=1183514, Queries=10000


Building HNSW index...
✓ Index built.
  build_time(local)=1017803.151091 ms
  build_time(internal)=1107445.948152 ms


Executing queries...

  Processed 1000 queries

  Processed 2000 queries

  Processed 3000 queries

  Processed 4000 queries

  Processed 5000 queries

  Processed 6000 queries

  Processed 7000 queries

  Processed 8000 queries

  Processed 9000 queries

  Processed 10000 queries


========== RESULTS ==========

Total queries: 10000

Average recall@10: 0.994740

Average query time: 3.855055 ms

Total query time: 38550.554859 ms


========== DISTANCE STATISTICS ==========

Total queries reported by index: 10000

Total distance computations: 376520717

Average distance ops per query: 37652.071700

Last query distance ops: 27974


========== PERFORMANCE SUMMARY ==========

Data loading time: 3074.527217 ms

Index build time: 1107445.948152 ms

Query execution time: 38550.554859 ms

Total elapsed time: 1059428.233167 ms


========== EFFICIENCY METRICS ==========

Queries per second: 259.399639

Distance ops per second: 9766933.793227


========== END OF LOG ==========

Log saved to: Log/run_20251126_001436_584.log

