========== HNSW Search Test ==========

Timestamp: Thu Dec  4 13:38:14 2025

Command line arguments:
  argv[0]: ./hng1
  argv[1]: --m
  argv[2]: 49
  argv[3]: --max_layer
  argv[4]: 1
  argv[5]: --efc
  argv[6]: 480
  argv[7]: --efs
  argv[8]: 2000

Configuration:
  Base file: data_o/glove/base.txt
  Query file: data_o/glove/query.txt
  Truth file: data_o/glove/truth.txt
  K: 10
  M: 49
  Max layer: 1
  EFC: 480
  EFS: 2000
  Threads: -1
  Debug: -1

HNSW parameters set.

Ablation flags: csr=0, prefetch=0, simd=0, pruning=0, heap=0

Loading base vectors...
✓ Base loaded in 2574.240778 ms

Loading query vectors...
✓ Queries loaded in 73.864038 ms

Loading ground truth...
✓ Truth loaded in 73.308898 ms

Data Summary:
  Dimension d=100, Base vectors=1183514, Queries=10000


Building HNSW index...
✓ Index built.
  build_time(local)=5445.638529 ms
  build_time(internal)=5440.117928 ms


========== GRAPH QUALITY ==========

  num_nodes: 1183514

  max_level (entry point): 1

  actual_max_layer: 1

  avg_degree_l0: 49.804407

  avg_degree_upper: 0.375334


  Layer Distribution:

    L0: 1183514 nodes (100.00%)

    L1: 23928 nodes (2.02%)



Executing queries...

