========== HNSW Search Test ==========

Timestamp: Mon Dec  8 18:01:33 2025

Command line arguments:
  argv[0]: ./hng3
  argv[1]: --m
  argv[2]: 57
  argv[3]: --max_layer
  argv[4]: 7
  argv[5]: --efc
  argv[6]: 1000
  argv[7]: --efs
  argv[8]: 464
  argv[9]: --hamming_threshold
  argv[10]: 32

Configuration:
  Base file: data_o/glove/base.txt
  Query file: data_o/glove/query.txt
  Truth file: data_o/glove/truth.txt
  K: 10
  M: 57
  Max layer: 7
  EFC: 1000
  EFS: 464
  Threads: -1
  Debug: -1

HNSW parameters set.

Ablation flags: csr=0, prefetch=0, simd=0, pruning=0, heap=0

  Hamming threshold: 32
Loading base vectors...
✓ Base loaded in 2389.705966 ms

Loading query vectors...
✓ Queries loaded in 70.275500 ms

Loading ground truth...
✓ Truth loaded in 73.531951 ms

Data Summary:
  Dimension d=100, Base vectors=1183514, Queries=10000


Building HNSW index...
✓ Index built.
  build_time(local)=4518.541986 ms
  build_time(internal)=4513.516507 ms


========== GRAPH QUALITY ==========

  num_nodes: 1183514

  max_level (entry point): 3

  actual_max_layer: 3

  avg_degree_l0: 83.402588

  avg_degree_upper: 41.035055


  Layer Distribution:

    L0: 1183514 nodes (100.00%)

    L1: 20983 nodes (1.77%)

    L2: 351 nodes (0.03%)

    L3: 4 nodes (0.00%)



Executing queries...

  Processed 1000 queries

  Processed 2000 queries

  Processed 3000 queries

  Processed 4000 queries

  Processed 5000 queries

  Processed 6000 queries

  Processed 7000 queries

  Processed 8000 queries

  Processed 9000 queries

  Processed 10000 queries


========== RESULTS ==========

Total queries: 10000

Average recall@10: 0.617710

Average query time: 0.850378 ms

Total query time: 8503.784319 ms


========== DISTANCE STATISTICS ==========

Total queries reported by index: 10000

Total distance computations: 18164501

Average distance ops per query: 1816.450100

Last query distance ops: 2722


========== PERFORMANCE SUMMARY ==========

Data loading time: 2533.513417 ms

Index build time: 4513.516507 ms

Query execution time: 8503.784319 ms

Total elapsed time: 15555.839722 ms


========== EFFICIENCY METRICS ==========

Queries per second: 1175.947040

Distance ops per second: 2136049.118675


========== END OF LOG ==========

Log saved to: Log/run_20251208_180133_097.log

