========== HNSW Search Test ==========

Timestamp: Fri Nov 28 00:48:10 2025

Command line arguments:
  argv[0]: ./hng
  argv[1]: --m
  argv[2]: 39
  argv[3]: --max_layer
  argv[4]: 19
  argv[5]: --efc
  argv[6]: 364
  argv[7]: --efs
  argv[8]: 546

Configuration:
  Base file: data_o/glove/base.txt
  Query file: data_o/glove/query.txt
  Truth file: data_o/glove/truth.txt
  K: 10
  M: 39
  Max layer: 19
  EFC: 364
  EFS: 546
  Threads: -1
  Debug: -1

HNSW parameters set.

Loading base vectors...
✓ Base loaded in 2104.548425 ms

Loading query vectors...
✓ Queries loaded in 71.555118 ms

Loading ground truth...
✓ Truth loaded in 74.348103 ms

Data Summary:
  Dimension d=100, Base vectors=1183514, Queries=10000


Building HNSW index...
✓ Index built.
  build_time(local)=515856.839696 ms
  build_time(internal)=471137.871845 ms


========== GRAPH QUALITY ==========

  num_nodes: 1183514

  max_level (entry point): 3

  actual_max_layer: 3

  avg_degree_l0: 42.815587

  avg_degree_upper: 0.204554


  Layer Distribution:

    L0: 1183514 nodes (100.00%)

    L1: 30362 nodes (2.57%)

    L2: 784 nodes (0.07%)

    L3: 34 nodes (0.00%)



Executing queries...

  Processed 1000 queries

  Processed 2000 queries

  Processed 3000 queries

  Processed 4000 queries

  Processed 5000 queries

  Processed 6000 queries

  Processed 7000 queries

  Processed 8000 queries

  Processed 9000 queries

  Processed 10000 queries


========== RESULTS ==========

Total queries: 10000

Average recall@10: 0.977640

Average query time: 2.190050 ms

Total query time: 21900.502507 ms


========== DISTANCE STATISTICS ==========

Total queries reported by index: 10000

Total distance computations: 188460697

Average distance ops per query: 18846.069700

Last query distance ops: 15731


========== PERFORMANCE SUMMARY ==========

Data loading time: 2250.451646 ms

Index build time: 471137.871845 ms

Query execution time: 21900.502507 ms

Total elapsed time: 540007.793849 ms


========== EFFICIENCY METRICS ==========

Queries per second: 456.610527

Distance ops per second: 8605313.825094


========== END OF LOG ==========

Log saved to: Log/run_20251128_004810_909.log

