========== HNSW Search Test ==========

Timestamp: Thu Dec  4 14:55:14 2025

Command line arguments:
  argv[0]: ./hng1
  argv[1]: --base
  argv[2]: data_o/glove/base.txt
  argv[3]: --query
========== HNSW Search Test ==========

  argv[4]: data_o/glove/query.txt
  argv[5]: --truth
Timestamp: Thu Dec  4 14:55:14 2025

  argv[6]: data_o/glove/truth.txt
Command line arguments:
  argv[7]: --k
  argv[0]: ./hng1
  argv[8]: 10
  argv[1]: --base
  argv[9]: --m
  argv[2]: data_o/glove/base.txt
  argv[10]: 43
  argv[3]: --query
  argv[11]: --max_layer
  argv[4]: data_o/glove/query.txt
  argv[12]: 10
  argv[5]: --truth
  argv[13]: --efc
  argv[6]: data_o/glove/truth.txt
  argv[14]: 735
  argv[7]: --k
  argv[15]: --efs
  argv[8]: 10
  argv[16]: 425
  argv[9]: --m
  argv[17]: --threads
  argv[10]: 43
  argv[18]: 32
  argv[11]: --max_layer
  argv[19]: --ablate_csr
  argv[12]: 10
  argv[20]: 0
  argv[13]: --efc
  argv[21]: --ablate_prefetch
  argv[14]: 735
  argv[22]: 0
  argv[15]: --efs
  argv[23]: --ablate_simd
  argv[16]: 425
  argv[24]: 1
  argv[17]: --threads
  argv[25]: --ablate_pruning
  argv[18]: 32
  argv[26]: 0
  argv[19]: --ablate_csr
  argv[27]: --ablate_heap
  argv[20]: 0
  argv[28]: 0
  argv[21]: --ablate_prefetch
  argv[29]: --ablate_flat_index
  argv[22]: 0
  argv[30]: 0
  argv[23]: --ablate_simd
  argv[31]: --ablate_reorder
  argv[24]: 0
  argv[32]: 0
  argv[25]: --ablate_pruning

Configuration:
  argv[26]: 0
  Base file: data_o/glove/base.txt
  argv[27]: --ablate_heap
  Query file: data_o/glove/query.txt
  argv[28]: 1
  Truth file: data_o/glove/truth.txt
  argv[29]: --ablate_flat_index
  K: 10
  argv[30]: 0
  M: 43
  argv[31]: --ablate_reorder
  Max layer: 10
  argv[32]: 0
  EFC: 735

Configuration:
  EFS: 425
  Base file: data_o/glove/base.txt
  Threads: 32
  Query file: data_o/glove/query.txt
  Debug: -1
  Truth file: data_o/glove/truth.txt

  K: 10
HNSW parameters set.

  M: 43
Ablation flags: csr=0, prefetch=0, simd=1, pruning=0, heap=0

  Max layer: 10
Loading base vectors...
  EFC: 735
  EFS: 425
  Threads: 32
  Debug: -1

HNSW parameters set.

Ablation flags: csr=0, prefetch=0, simd=0, pruning=0, heap=1

Loading base vectors...
✓ Base loaded in 17004.602878 ms

✓ Base loaded in 17002.074034 ms

Loading query vectors...
Loading query vectors...
✓ Queries loaded in 222.483750 ms

Loading ground truth...
✓ Queries loaded in 222.620769 ms

Loading ground truth...
✓ Truth loaded in 225.790805 ms

✓ Truth loaded in 225.637645 ms

Data Summary:
  Dimension d=100, Base vectors=1183514, Queries=10000


Data Summary:
  Dimension d=100, Base vectors=1183514, Queries=10000


Building HNSW index...
Building HNSW index...
✓ Index built.
  build_time(local)=27791.545503 ms
  build_time(internal)=27779.105857 ms


========== GRAPH QUALITY ==========

  num_nodes: 1183514

  max_level (entry point): 4

  actual_max_layer: 4

  avg_degree_l0: 56.845631

  avg_degree_upper: 0.141073


  Layer Distribution:

    L0: 1183514 nodes (100.00%)

    L1: 27546 nodes (2.33%)

    L2: 625 nodes (0.05%)

    L3: 12 nodes (0.00%)

    L4: 1 nodes (0.00%)



Executing queries...

✓ Index built.
  build_time(local)=27949.892889 ms
  build_time(internal)=27936.856395 ms


========== GRAPH QUALITY ==========

  num_nodes: 1183514

  max_level (entry point): 4

  actual_max_layer: 4

  avg_degree_l0: 56.845631

  avg_degree_upper: 0.141073


  Layer Distribution:

    L0: 1183514 nodes (100.00%)

    L1: 27546 nodes (2.33%)

    L2: 625 nodes (0.05%)

    L3: 12 nodes (0.00%)

    L4: 1 nodes (0.00%)



Executing queries...

  Processed 1000 queries

  Processed 1000 queries

  Processed 2000 queries

  Processed 2000 queries

  Processed 3000 queries

  Processed 3000 queries

  Processed 4000 queries

  Processed 4000 queries

  Processed 5000 queries

  Processed 5000 queries

  Processed 6000 queries

  Processed 6000 queries

  Processed 7000 queries

  Processed 7000 queries

  Processed 8000 queries

  Processed 8000 queries

  Processed 9000 queries

  Processed 9000 queries

  Processed 10000 queries


========== RESULTS ==========

Total queries: 10000

Average recall@10: 0.980000

Average query time: 10.110879 ms

Total query time: 101108.788436 ms


========== DISTANCE STATISTICS ==========

Total queries reported by index: 10000

Total distance computations: 192065459

Average distance ops per query: 19206.545900

Last query distance ops: 16068


========== PERFORMANCE SUMMARY ==========

Data loading time: 17452.877433 ms

Index build time: 27936.856395 ms

Query execution time: 101108.788436 ms

Total elapsed time: 146511.558758 ms


========== EFFICIENCY METRICS ==========

Queries per second: 98.903371

Distance ops per second: 1899592.132108


========== END OF LOG ==========

Log saved to: Log/run_20251204_145514_740.log

  Processed 10000 queries


========== RESULTS ==========

Total queries: 10000

Average recall@10: 0.980000

Average query time: 10.987418 ms

Total query time: 109874.177908 ms


========== DISTANCE STATISTICS ==========

Total queries reported by index: 10000

Total distance computations: 192065459

Average distance ops per query: 19206.545900

Last query distance ops: 16068


========== PERFORMANCE SUMMARY ==========

Data loading time: 17450.332448 ms

Index build time: 27779.105857 ms

Query execution time: 109874.177908 ms

Total elapsed time: 155116.055859 ms


========== EFFICIENCY METRICS ==========

Queries per second: 91.013195

Distance ops per second: 1748049.110873


========== END OF LOG ==========

Log saved to: Log/run_20251204_145514_740.log

