========== HNSW Search Test ==========

Timestamp: Wed Nov 26 09:58:19 2025

Command line arguments:
  argv[0]: ./hng
  argv[1]: --m
  argv[2]: 64
  argv[3]: --efc
  argv[4]: 728
  argv[5]: --efs
  argv[6]: 1847

Configuration:
  Base file: data_o/glove/base.txt
  Query file: data_o/glove/query.txt
  Truth file: data_o/glove/truth.txt
  K: 10
  M: 64
  Max layer: -1
  EFC: 728
  EFS: 1847
  Threads: -1
  Debug: -1

HNSW parameters set.

Loading base vectors...
✓ Base loaded in 4163.509052 ms

Loading query vectors...
✓ Queries loaded in 95.702071 ms

Loading ground truth...
✓ Truth loaded in 89.576719 ms

Data Summary:
  Dimension d=100, Base vectors=1183514, Queries=10000


Building HNSW index...
✓ Index built.
  build_time(local)=812936.484208 ms
  build_time(internal)=810934.356393 ms


Executing queries...

  Processed 1000 queries

  Processed 2000 queries

  Processed 3000 queries

  Processed 4000 queries

  Processed 5000 queries

  Processed 6000 queries

  Processed 7000 queries

  Processed 8000 queries

  Processed 9000 queries

  Processed 10000 queries


========== RESULTS ==========

Total queries: 10000

Average recall@10: 0.998870

Average query time: 10.405504 ms

Total query time: 104055.038010 ms


========== DISTANCE STATISTICS ==========

Total queries reported by index: 10000

Total distance computations: 748057097

Average distance ops per query: 74805.709700

Last query distance ops: 50624


========== PERFORMANCE SUMMARY ==========

Data loading time: 4348.787842 ms

Index build time: 810934.356393 ms

Query execution time: 104055.038010 ms

Total elapsed time: 921340.310060 ms


========== EFFICIENCY METRICS ==========

Queries per second: 96.102987

Distance ops per second: 7189052.171872


========== END OF LOG ==========

Log saved to: Log/run_20251126_095819_280.log

