========== HNSW Search Test ==========

Timestamp: Tue Dec  2 03:36:32 2025

Command line arguments:
  argv[0]: ./hng
  argv[1]: --m
  argv[2]: 53
  argv[3]: --max_layer
  argv[4]: 20
  argv[5]: --efc
  argv[6]: 970
  argv[7]: --efs
  argv[8]: 1005

Configuration:
  Base file: data_o/glove/base.txt
  Query file: data_o/glove/query.txt
  Truth file: data_o/glove/truth.txt
  K: 10
  M: 53
  Max layer: 20
  EFC: 970
  EFS: 1005
  Threads: -1
  Debug: -1

HNSW parameters set.

Loading base vectors...
✓ Base loaded in 3765.333565 ms

Loading query vectors...
✓ Queries loaded in 84.771131 ms

Loading ground truth...
✓ Truth loaded in 87.724589 ms

Data Summary:
  Dimension d=100, Base vectors=1183514, Queries=10000


Building HNSW index...
✓ Index built.
  build_time(local)=1413779.631884 ms
  build_time(internal)=1498353.000069 ms


========== GRAPH QUALITY ==========

  num_nodes: 1183514

  max_level (entry point): 3

  actual_max_layer: 3

  avg_degree_l0: 64.400351

  avg_degree_upper: 0.142412


  Layer Distribution:

    L0: 1183514 nodes (100.00%)

    L1: 22323 nodes (1.89%)

    L2: 459 nodes (0.04%)

    L3: 4 nodes (0.00%)



Executing queries...

  Processed 1000 queries

  Processed 2000 queries

  Processed 3000 queries

  Processed 4000 queries

  Processed 5000 queries

  Processed 6000 queries

  Processed 7000 queries

  Processed 8000 queries

  Processed 9000 queries

  Processed 10000 queries


========== RESULTS ==========

Total queries: 10000

Average recall@10: 0.996780

Average query time: 3.187901 ms

Total query time: 31879.005571 ms


========== DISTANCE STATISTICS ==========

Total queries reported by index: 10000

Total distance computations: 0

Average distance ops per query: 0.000000

Last query distance ops: 0


========== PERFORMANCE SUMMARY ==========

Data loading time: 3937.829285 ms

Index build time: 1498353.000069 ms

Query execution time: 31879.005571 ms

Total elapsed time: 1449596.466740 ms


========== EFFICIENCY METRICS ==========

Queries per second: 313.686071


========== END OF LOG ==========

Log saved to: Log/run_20251202_033632_581.log

