========== HNSW Search Test ==========

Timestamp: Mon Dec  8 16:14:45 2025

Command line arguments:
  argv[0]: ./hng3
  argv[1]: --m
  argv[2]: 40
  argv[3]: --max_layer
  argv[4]: 7
  argv[5]: --efc
  argv[6]: 1000
  argv[7]: --efs
  argv[8]: 480
  argv[9]: --hamming_threshold
  argv[10]: 64

Configuration:
  Base file: data_o/glove/base.txt
  Query file: data_o/glove/query.txt
  Truth file: data_o/glove/truth.txt
  K: 10
  M: 40
  Max layer: 7
  EFC: 1000
  EFS: 480
  Threads: -1
  Debug: -1

HNSW parameters set.

Ablation flags: csr=0, prefetch=0, simd=0, pruning=0, heap=0

  Hamming threshold: 64
Loading base vectors...
✓ Base loaded in 2161.349314 ms

Loading query vectors...
✓ Queries loaded in 70.003248 ms

Loading ground truth...
✓ Truth loaded in 76.388764 ms

Data Summary:
  Dimension d=100, Base vectors=1183514, Queries=10000


Building HNSW index...
✓ Index built.
  build_time(local)=4256.208595 ms
  build_time(internal)=4250.561173 ms


========== GRAPH QUALITY ==========

  num_nodes: 1183514

  max_level (entry point): 4

  actual_max_layer: 4

  avg_degree_l0: 68.582917

  avg_degree_upper: 36.158961


  Layer Distribution:

    L0: 1183514 nodes (100.00%)

    L1: 29240 nodes (2.47%)

    L2: 710 nodes (0.06%)

    L3: 24 nodes (0.00%)

    L4: 2 nodes (0.00%)



Executing queries...

  Processed 1000 queries

  Processed 2000 queries

  Processed 3000 queries

  Processed 4000 queries

  Processed 5000 queries

  Processed 6000 queries

  Processed 7000 queries

  Processed 8000 queries

  Processed 9000 queries

  Processed 10000 queries


========== RESULTS ==========

Total queries: 10000

Average recall@10: 0.987650

Average query time: 2.236949 ms

Total query time: 22369.487380 ms


========== DISTANCE STATISTICS ==========

Total queries reported by index: 10000

Total distance computations: 245024584

Average distance ops per query: 24502.458400

Last query distance ops: 22232


========== PERFORMANCE SUMMARY ==========

Data loading time: 2307.741326 ms

Index build time: 4250.561173 ms

Query execution time: 22369.487380 ms

Total elapsed time: 28933.437301 ms


========== EFFICIENCY METRICS ==========

Queries per second: 447.037513

Distance ops per second: 10953518.059563


========== END OF LOG ==========

Log saved to: Log/run_20251208_161445_076.log

