========== HNSW Search Test ==========

Timestamp: Sun Dec  7 10:14:57 2025

Command line arguments:
  argv[0]: ./hng2
  argv[1]: --m
  argv[2]: 40
  argv[3]: --max_layer
  argv[4]: 7
  argv[5]: --efc
  argv[6]: 1000
  argv[7]: --efs
  argv[8]: 600

Configuration:
  Base file: data_o/glove/base.txt
  Query file: data_o/glove/query.txt
  Truth file: data_o/glove/truth.txt
  K: 10
  M: 40
  Max layer: 7
  EFC: 1000
  EFS: 600
  Threads: -1
  Debug: -1

HNSW parameters set.

Ablation flags: csr=0, prefetch=0, simd=0, pruning=0, heap=0

Loading base vectors...
✓ Base loaded in 3511.610965 ms

Loading query vectors...
✓ Queries loaded in 66.243386 ms

Loading ground truth...
✓ Truth loaded in 66.424704 ms

Data Summary:
  Dimension d=100, Base vectors=1183514, Queries=10000


Building HNSW index...
✓ Index built.
  build_time(local)=3948.277694 ms
  build_time(internal)=3943.583170 ms


========== GRAPH QUALITY ==========

  num_nodes: 1183514

  max_level (entry point): 3

  actual_max_layer: 3

  avg_degree_l0: 68.584057

  avg_degree_upper: 0.207124


  Layer Distribution:

    L0: 1183514 nodes (100.00%)

    L1: 29384 nodes (2.48%)

    L2: 726 nodes (0.06%)

    L3: 12 nodes (0.00%)



Executing queries...

  Processed 1000 queries

  Processed 2000 queries

  Processed 3000 queries

  Processed 4000 queries

  Processed 5000 queries

  Processed 6000 queries

  Processed 7000 queries

  Processed 8000 queries

  Processed 9000 queries

  Processed 10000 queries


========== RESULTS ==========

Total queries: 10000

Average recall@10: 0.991660

Average query time: 2.450803 ms

Total query time: 24508.028538 ms


========== DISTANCE STATISTICS ==========

Total queries reported by index: 10000

Total distance computations: 297670621

Average distance ops per query: 29767.062100

Last query distance ops: 26412


========== PERFORMANCE SUMMARY ==========

Data loading time: 3644.279055 ms

Index build time: 3943.583170 ms

Query execution time: 24508.028538 ms

Total elapsed time: 32100.585287 ms


========== EFFICIENCY METRICS ==========

Queries per second: 408.029556

Distance ops per second: 12145841.128692


========== END OF LOG ==========

Log saved to: Log/run_20251207_101457_902.log

