========== HNSW Search Test ==========

Timestamp: Sun Dec  7 22:20:56 2025

Command line arguments:
  argv[0]: ./hng3
  argv[1]: --m
  argv[2]: 43
  argv[3]: --max_layer
  argv[4]: 12
  argv[5]: --efc
  argv[6]: 1386
  argv[7]: --efs
  argv[8]: 2000

Configuration:
  Base file: data_o/glove/base.txt
  Query file: data_o/glove/query.txt
  Truth file: data_o/glove/truth.txt
  K: 10
  M: 43
  Max layer: 12
  EFC: 1386
  EFS: 2000
  Threads: -1
  Debug: -1

HNSW parameters set.

Ablation flags: csr=0, prefetch=0, simd=0, pruning=0, heap=0

Loading base vectors...
✓ Base loaded in 2351.265959 ms

Loading query vectors...
✓ Queries loaded in 74.333058 ms

Loading ground truth...
✓ Truth loaded in 74.641145 ms

Data Summary:
  Dimension d=100, Base vectors=1183514, Queries=10000


Building HNSW index...
✓ Index built.
  build_time(local)=3276690.137574 ms
  build_time(internal)=3164275.700211 ms

Executing queries...

  Processed 1000 queries

  Processed 2000 queries

  Processed 3000 queries

  Processed 4000 queries

  Processed 5000 queries

  Processed 6000 queries

  Processed 7000 queries

  Processed 8000 queries

  Processed 9000 queries

  Processed 10000 queries


========== RESULTS ==========

Total queries: 10000

Average recall@10: 0.999650

Average query time: 7.459911 ms

Total query time: 74599.114464 ms


========== DISTANCE STATISTICS ==========

Total queries reported by index: 10000

Total distance computations: 894080996

Average distance ops per query: 89408.099600

Last query distance ops: 69709


========== PERFORMANCE SUMMARY ==========

Data loading time: 2500.240162 ms

Index build time: 3164275.700211 ms

Query execution time: 74599.114464 ms

Total elapsed time: 3353789.492200 ms


========== EFFICIENCY METRICS ==========

Queries per second: 134.049849

Distance ops per second: 11985142.215481


========== END OF LOG ==========

Log saved to: Log/run_20251207_222056_363.log

