========== HNSW Search Test ==========

Timestamp: Wed Nov 26 01:26:01 2025

Command line arguments:
  argv[0]: ./hng
  argv[1]: --m
  argv[2]: 44
  argv[3]: --efc
  argv[4]: 856
  argv[5]: --efs
  argv[6]: 1010

Configuration:
  Base file: data_o/glove/base.txt
  Query file: data_o/glove/query.txt
  Truth file: data_o/glove/truth.txt
  K: 10
  M: 44
  Max layer: -1
  EFC: 856
  EFS: 1010
  Threads: -1
  Debug: -1

HNSW parameters set.

Loading base vectors...
✓ Base loaded in 3354.934102 ms

Loading query vectors...
✓ Queries loaded in 68.024642 ms

Loading ground truth...
✓ Truth loaded in 65.824426 ms

Data Summary:
  Dimension d=100, Base vectors=1183514, Queries=10000


Building HNSW index...
✓ Index built.
  build_time(local)=825778.064557 ms
  build_time(internal)=901071.276128 ms


Executing queries...

  Processed 1000 queries

  Processed 2000 queries

  Processed 3000 queries

  Processed 4000 queries

  Processed 5000 queries

  Processed 6000 queries

  Processed 7000 queries

  Processed 8000 queries

  Processed 9000 queries

  Processed 10000 queries


========== RESULTS ==========

Total queries: 10000

Average recall@10: 0.995880

Average query time: 4.633266 ms

Total query time: 46332.663346 ms


========== DISTANCE STATISTICS ==========

Total queries reported by index: 10000

Total distance computations: 429586847

Average distance ops per query: 42958.684700

Last query distance ops: 32717


========== PERFORMANCE SUMMARY ==========

Data loading time: 3488.783170 ms

Index build time: 901071.276128 ms

Query execution time: 46332.663346 ms

Total elapsed time: 875599.511073 ms


========== EFFICIENCY METRICS ==========

Queries per second: 215.830459

Distance ops per second: 9271792.639934


========== END OF LOG ==========

Log saved to: Log/run_20251126_012601_049.log

