========== HNSW Search Test ==========

Timestamp: Wed Nov 26 03:01:45 2025

Command line arguments:
  argv[0]: ./hng
  argv[1]: --m
  argv[2]: 16
  argv[3]: --efc
  argv[4]: 830
  argv[5]: --efs
  argv[6]: 969

Configuration:
  Base file: data_o/glove/base.txt
  Query file: data_o/glove/query.txt
  Truth file: data_o/glove/truth.txt
  K: 10
  M: 16
  Max layer: -1
  EFC: 830
  EFS: 969
  Threads: -1
  Debug: -1

HNSW parameters set.

Loading base vectors...
✓ Base loaded in 3400.717509 ms

Loading query vectors...
✓ Queries loaded in 77.524755 ms

Loading ground truth...
✓ Truth loaded in 78.195273 ms

Data Summary:
  Dimension d=100, Base vectors=1183514, Queries=10000


Building HNSW index...
✓ Index built.
  build_time(local)=363310.752804 ms
  build_time(internal)=394555.933567 ms


Executing queries...

  Processed 1000 queries

  Processed 2000 queries

  Processed 3000 queries

  Processed 4000 queries

  Processed 5000 queries

  Processed 6000 queries

  Processed 7000 queries

  Processed 8000 queries

  Processed 9000 queries

  Processed 10000 queries


========== RESULTS ==========

Total queries: 10000

Average recall@10: 0.968370

Average query time: 2.547589 ms

Total query time: 25475.892818 ms


========== DISTANCE STATISTICS ==========

Total queries reported by index: 10000

Total distance computations: 189008204

Average distance ops per query: 18900.820400

Last query distance ops: 16666


========== PERFORMANCE SUMMARY ==========

Data loading time: 3556.437537 ms

Index build time: 394555.933567 ms

Query execution time: 25475.892818 ms

Total elapsed time: 392343.083159 ms


========== EFFICIENCY METRICS ==========

Queries per second: 392.527951

Distance ops per second: 7419100.298085


========== END OF LOG ==========

Log saved to: Log/run_20251126_030145_482.log

