========== HNSW Search Test ==========

Timestamp: Thu Nov 27 01:17:34 2025

Command line arguments:
  argv[0]: ./hng
  argv[1]: --m
  argv[2]: 39
  argv[3]: --max_layer
  argv[4]: 13
  argv[5]: --efc
  argv[6]: 542
  argv[7]: --efs
  argv[8]: 645

Configuration:
  Base file: data_o/glove/base.txt
  Query file: data_o/glove/query.txt
  Truth file: data_o/glove/truth.txt
  K: 10
  M: 39
  Max layer: 13
  EFC: 542
  EFS: 645
  Threads: -1
  Debug: -1

HNSW parameters set.

Loading base vectors...
✓ Base loaded in 2112.375055 ms

Loading query vectors...
✓ Queries loaded in 66.233786 ms

Loading ground truth...
✓ Truth loaded in 66.666683 ms

Data Summary:
  Dimension d=100, Base vectors=1183514, Queries=10000


Building HNSW index...
✓ Index built.
  build_time(local)=783757.417734 ms
  build_time(internal)=744193.797845 ms


========== GRAPH QUALITY ==========

  num_nodes: 1183514

  max_level (entry point): 3

  actual_max_layer: 3

  avg_degree_l0: 50.194112

  avg_degree_upper: 0.219222


  Layer Distribution:

    L0: 1183514 nodes (100.00%)

    L1: 30118 nodes (2.54%)

    L2: 751 nodes (0.06%)

    L3: 13 nodes (0.00%)



Executing queries...

  Processed 1000 queries

  Processed 2000 queries

  Processed 3000 queries

  Processed 4000 queries

  Processed 5000 queries

  Processed 6000 queries

  Processed 7000 queries

  Processed 8000 queries

  Processed 9000 queries

  Processed 10000 queries


========== RESULTS ==========

Total queries: 10000

Average recall@10: 0.986700

Average query time: 2.724956 ms

Total query time: 27249.561316 ms


========== DISTANCE STATISTICS ==========

Total queries reported by index: 10000

Total distance computations: 247213838

Average distance ops per query: 24721.383800

Last query distance ops: 20017


========== PERFORMANCE SUMMARY ==========

Data loading time: 2245.275524 ms

Index build time: 744193.797845 ms

Query execution time: 27249.561316 ms

Total elapsed time: 813252.254574 ms


========== EFFICIENCY METRICS ==========

Queries per second: 366.978385

Distance ops per second: 9072213.498529


========== END OF LOG ==========

Log saved to: Log/run_20251127_011734_944.log

