========== HNSW Search Test ==========

Timestamp: Mon Dec  8 14:07:56 2025

Command line arguments:
  argv[0]: ./hng3
  argv[1]: --m
  argv[2]: 32
  argv[3]: --max_layer
  argv[4]: 7
  argv[5]: --efc
  argv[6]: 1000
  argv[7]: --efs
  argv[8]: 304
  argv[9]: --hamming_threshold
  argv[10]: 48

Configuration:
  Base file: data_o/glove/base.txt
  Query file: data_o/glove/query.txt
  Truth file: data_o/glove/truth.txt
  K: 10
  M: 32
  Max layer: 7
  EFC: 1000
  EFS: 304
  Threads: -1
  Debug: -1

HNSW parameters set.

Ablation flags: csr=0, prefetch=0, simd=0, pruning=0, heap=0

  Hamming threshold: 48
Loading base vectors...
✓ Base loaded in 2209.251009 ms

Loading query vectors...
✓ Queries loaded in 69.897009 ms

Loading ground truth...
✓ Truth loaded in 70.186980 ms

Data Summary:
  Dimension d=100, Base vectors=1183514, Queries=10000


Building HNSW index...
✓ Index built.
  build_time(local)=3962.745150 ms
  build_time(internal)=3957.588152 ms


========== GRAPH QUALITY ==========

  num_nodes: 1183514

  max_level (entry point): 3

  actual_max_layer: 3

  avg_degree_l0: 58.055684

  avg_degree_upper: 30.380945


  Layer Distribution:

    L0: 1183514 nodes (100.00%)

    L1: 36932 nodes (3.12%)

    L2: 1217 nodes (0.10%)

    L3: 35 nodes (0.00%)



Executing queries...

  Processed 1000 queries

  Processed 2000 queries

  Processed 3000 queries

  Processed 4000 queries

  Processed 5000 queries

  Processed 6000 queries

  Processed 7000 queries

  Processed 8000 queries

  Processed 9000 queries

  Processed 10000 queries


========== RESULTS ==========

Total queries: 10000

Average recall@10: 0.966770

Average query time: 1.503920 ms

Total query time: 15039.204028 ms


========== DISTANCE STATISTICS ==========

Total queries reported by index: 10000

Total distance computations: 128996828

Average distance ops per query: 12899.682800

Last query distance ops: 12410


========== PERFORMANCE SUMMARY ==========

Data loading time: 2349.334998 ms

Index build time: 3957.588152 ms

Query execution time: 15039.204028 ms

Total elapsed time: 21351.284176 ms


========== EFFICIENCY METRICS ==========

Queries per second: 664.928807

Distance ops per second: 8577370.701257


========== END OF LOG ==========

Log saved to: Log/run_20251208_140756_325.log

