========== HNSW Search Test ==========

Timestamp: Wed Nov 26 07:52:01 2025

Command line arguments:
  argv[0]: ./hng
  argv[1]: --m
  argv[2]: 32
  argv[3]: --efc
  argv[4]: 557
  argv[5]: --efs
  argv[6]: 742

Configuration:
  Base file: data_o/glove/base.txt
  Query file: data_o/glove/query.txt
  Truth file: data_o/glove/truth.txt
  K: 10
  M: 32
  Max layer: -1
  EFC: 557
  EFS: 742
  Threads: -1
  Debug: -1

HNSW parameters set.

Loading base vectors...
✓ Base loaded in 3924.405485 ms

Loading query vectors...
✓ Queries loaded in 93.868490 ms

Loading ground truth...
✓ Truth loaded in 96.148092 ms

Data Summary:
  Dimension d=100, Base vectors=1183514, Queries=10000


Building HNSW index...
✓ Index built.
  build_time(local)=497661.448362 ms
  build_time(internal)=495786.804085 ms


Executing queries...

  Processed 1000 queries

  Processed 2000 queries

  Processed 3000 queries

  Processed 4000 queries

  Processed 5000 queries

  Processed 6000 queries

  Processed 7000 queries

  Processed 8000 queries

  Processed 9000 queries

  Processed 10000 queries


========== RESULTS ==========

Total queries: 10000

Average recall@10: 0.986670

Average query time: 3.298521 ms

Total query time: 32985.211662 ms


========== DISTANCE STATISTICS ==========

Total queries reported by index: 10000

Total distance computations: 254423558

Average distance ops per query: 25442.355800

Last query distance ops: 21295


========== PERFORMANCE SUMMARY ==========

Data loading time: 4114.422067 ms

Index build time: 495786.804085 ms

Query execution time: 32985.211662 ms

Total elapsed time: 534761.082091 ms


========== EFFICIENCY METRICS ==========

Queries per second: 303.166161

Distance ops per second: 7713261.342904


========== END OF LOG ==========

Log saved to: Log/run_20251126_075201_977.log

