========== HNSW Search Test ==========

Timestamp: Wed Nov 26 21:05:10 2025

Command line arguments:
  argv[0]: ./hng
  argv[1]: --m
  argv[2]: 46
  argv[3]: --max_layer
  argv[4]: 9
  argv[5]: --efc
  argv[6]: 422
  argv[7]: --efs
  argv[8]: 1319

Configuration:
  Base file: data_o/glove/base.txt
  Query file: data_o/glove/query.txt
  Truth file: data_o/glove/truth.txt
  K: 10
  M: 46
  Max layer: 9
  EFC: 422
  EFS: 1319
  Threads: -1
  Debug: -1

HNSW parameters set.

Loading base vectors...
✓ Base loaded in 2144.185198 ms

Loading query vectors...
✓ Queries loaded in 72.836009 ms

Loading ground truth...
✓ Truth loaded in 70.754658 ms

Data Summary:
  Dimension d=100, Base vectors=1183514, Queries=10000


Building HNSW index...
✓ Index built.
  build_time(local)=573755.834952 ms
  build_time(internal)=554397.493500 ms


========== GRAPH QUALITY ==========

  num_nodes: 1183514

  max_level (entry point): 3

  actual_max_layer: 3

  avg_degree_l0: 46.802506

  avg_degree_upper: 0.201926


  Layer Distribution:

    L0: 1183514 nodes (100.00%)

    L1: 25603 nodes (2.16%)

    L2: 561 nodes (0.05%)

    L3: 9 nodes (0.00%)



Executing queries...

  Processed 1000 queries

  Processed 2000 queries

  Processed 3000 queries

  Processed 4000 queries

  Processed 5000 queries

  Processed 6000 queries

  Processed 7000 queries

  Processed 8000 queries

  Processed 9000 queries

  Processed 10000 queries


========== RESULTS ==========

Total queries: 10000

Average recall@10: 0.995360

Average query time: 6.022703 ms

Total query time: 60227.028826 ms


========== DISTANCE STATISTICS ==========

Total queries reported by index: 10000

Total distance computations: 447578615

Average distance ops per query: 44757.861600

Last query distance ops: 32922


========== PERFORMANCE SUMMARY ==========

Data loading time: 2287.775865 ms

Index build time: 554397.493500 ms

Query execution time: 60227.028826 ms

Total elapsed time: 636270.639643 ms


========== EFFICIENCY METRICS ==========

Queries per second: 166.038408

Distance ops per second: 7431524.096815


========== END OF LOG ==========

Log saved to: Log/run_20251126_210510_373.log

