========== HNSW Search Test ==========

Timestamp: Thu Dec  4 08:14:27 2025

Command line arguments:
  argv[0]: ./hng1
  argv[1]: --m
  argv[2]: 63
  argv[3]: --max_layer
  argv[4]: 3
  argv[5]: --efc
  argv[6]: 547
  argv[7]: --efs
  argv[8]: 669

Configuration:
  Base file: data_o/glove/base.txt
  Query file: data_o/glove/query.txt
  Truth file: data_o/glove/truth.txt
  K: 10
  M: 63
  Max layer: 3
  EFC: 547
  EFS: 669
  Threads: -1
  Debug: -1

HNSW parameters set.

Ablation flags: csr=0, prefetch=0, simd=0, pruning=0, heap=0

Loading base vectors...
✓ Base loaded in 2069.070558 ms

Loading query vectors...
✓ Queries loaded in 64.015832 ms

Loading ground truth...
✓ Truth loaded in 66.772126 ms

Data Summary:
  Dimension d=100, Base vectors=1183514, Queries=10000


Building HNSW index...
✓ Index built.
  build_time(local)=3726.249370 ms
  build_time(internal)=3720.692982 ms


========== GRAPH QUALITY ==========

  num_nodes: 1183514

  max_level (entry point): 3

  actual_max_layer: 3

  avg_degree_l0: 53.295289

  avg_degree_upper: 0.153114


  Layer Distribution:

    L0: 1183514 nodes (100.00%)

    L1: 19119 nodes (1.62%)

    L2: 320 nodes (0.03%)

    L3: 4 nodes (0.00%)



Executing queries...

  Processed 1000 queries

  Processed 2000 queries

  Processed 3000 queries

  Processed 4000 queries

  Processed 5000 queries

  Processed 6000 queries

  Processed 7000 queries

  Processed 8000 queries

  Processed 9000 queries

  Processed 10000 queries


========== RESULTS ==========

Total queries: 10000

Average recall@10: 0.990070

Average query time: 2.041116 ms

Total query time: 20411.157172 ms


========== DISTANCE STATISTICS ==========

Total queries reported by index: 10000

Total distance computations: 283104099

Average distance ops per query: 28310.409900

Last query distance ops: 21375


========== PERFORMANCE SUMMARY ==========

Data loading time: 2199.858516 ms

Index build time: 3720.692982 ms

Query execution time: 20411.157172 ms

Total elapsed time: 26337.265058 ms


========== EFFICIENCY METRICS ==========

Queries per second: 489.928127

Distance ops per second: 13870066.092498


========== END OF LOG ==========

Log saved to: Log/run_20251204_081427_320.log

