========== HNSW Search Test ==========

Timestamp: Mon Dec  1 19:43:07 2025

Command line arguments:
  argv[0]: ./hng

Configuration:
  Base file: data_o/glove/base.txt
  Query file: data_o/glove/query.txt
  Truth file: data_o/glove/truth.txt
  K: 10
  M: -1
  Max layer: -1
  EFC: -1
  EFS: -1
  Threads: -1
  Debug: -1

Loading base vectors...
✓ Base loaded in 2273.865768 ms

Loading query vectors...
✓ Queries loaded in 69.669279 ms

Loading ground truth...
✓ Truth loaded in 70.468463 ms

Data Summary:
  Dimension d=100, Base vectors=1183514, Queries=10000


Building HNSW index...
✓ Index built.
  build_time(local)=1622027.912106 ms
  build_time(internal)=1620035.543557 ms


========== GRAPH QUALITY ==========

  num_nodes: 1183514

  max_level (entry point): 4

  actual_max_layer: 4

  avg_degree_l0: 59.878913

  avg_degree_upper: 0.125559


  Layer Distribution:

    L0: 1183514 nodes (100.00%)

    L1: 28790 nodes (2.43%)

    L2: 719 nodes (0.06%)

    L3: 14 nodes (0.00%)

    L4: 1 nodes (0.00%)



Executing queries...

  Processed 1000 queries

  Processed 2000 queries

  Processed 3000 queries

  Processed 4000 queries

  Processed 5000 queries

  Processed 6000 queries

  Processed 7000 queries

  Processed 8000 queries

  Processed 9000 queries

  Processed 10000 queries


========== RESULTS ==========

Total queries: 10000

Average recall@10: 0.982030

Average query time: 1.738423 ms

Total query time: 17384.227835 ms


========== DISTANCE STATISTICS ==========

Total queries reported by index: 10000

Total distance computations: 0

Average distance ops per query: 0.000000

Last query distance ops: 0


========== PERFORMANCE SUMMARY ==========

Data loading time: 2414.003510 ms

Index build time: 1620035.543557 ms

Query execution time: 17384.227835 ms

Total elapsed time: 1641826.143451 ms


========== EFFICIENCY METRICS ==========

Queries per second: 575.234062


========== END OF LOG ==========

Log saved to: Log/run_20251201_194307_843.log

