========== HNSW Search Test ==========

Timestamp: Wed Nov 26 18:17:53 2025

Command line arguments:
  argv[0]: ./hng
  argv[1]: --m
  argv[2]: 35
  argv[3]: --efc
  argv[4]: 265
  argv[5]: --efs
  argv[6]: 1441

Configuration:
  Base file: data_o/glove/base.txt
  Query file: data_o/glove/query.txt
  Truth file: data_o/glove/truth.txt
  K: 10
  M: 35
  Max layer: -1
  EFC: 265
  EFS: 1441
  Threads: -1
  Debug: -1

HNSW parameters set.

Loading base vectors...
✓ Base loaded in 2094.613800 ms

Loading query vectors...
✓ Queries loaded in 64.435629 ms

Loading ground truth...
✓ Truth loaded in 64.370377 ms

Data Summary:
  Dimension d=100, Base vectors=1183514, Queries=10000


Building HNSW index...
✓ Index built.
  build_time(local)=289131.934178 ms
  build_time(internal)=279252.267843 ms


Executing queries...

  Processed 1000 queries

  Processed 2000 queries

  Processed 3000 queries

  Processed 4000 queries

  Processed 5000 queries

  Processed 6000 queries

  Processed 7000 queries

  Processed 8000 queries

  Processed 9000 queries

  Processed 10000 queries


========== RESULTS ==========

Total queries: 10000

Average recall@10: 0.991750

Average query time: 4.672358 ms

Total query time: 46723.575430 ms


========== DISTANCE STATISTICS ==========

Total queries reported by index: 10000

Total distance computations: 379612568

Average distance ops per query: 37961.256800

Last query distance ops: 29652


========== PERFORMANCE SUMMARY ==========

Data loading time: 2223.419806 ms

Index build time: 279252.267843 ms

Query execution time: 46723.575430 ms

Total elapsed time: 338078.929414 ms


========== EFFICIENCY METRICS ==========

Queries per second: 214.024717

Distance ops per second: 8124647.236570


========== END OF LOG ==========

Log saved to: Log/run_20251126_181753_638.log

