========== HNSW Search Test ==========

Timestamp: Sat Dec  6 03:42:44 2025

Command line arguments:
  argv[0]: ./basic
  argv[1]: --base
  argv[2]: data_o/glove/base.txt
  argv[3]: --query
  argv[4]: data_o/glove/query.txt
  argv[5]: --truth
  argv[6]: data_o/glove/truth.txt
  argv[7]: --k
  argv[8]: 10
  argv[9]: --m
  argv[10]: 59
  argv[11]: --max_layer
  argv[12]: 7
  argv[13]: --efc
  argv[14]: 763
  argv[15]: --efs
  argv[16]: 2000
  argv[17]: --threads
  argv[18]: 32
  argv[19]: --debug
  argv[20]: 1

Configuration:
  Base file: data_o/glove/base.txt
  Query file: data_o/glove/query.txt
  Truth file: data_o/glove/truth.txt
  K: 10
  M: 59
  Max layer: 7
  EFC: 763
  EFS: 2000
  Threads: 32
  Debug: 1

HNSW parameters set.

Ablation flags: csr=0, prefetch=0, simd=0, pruning=0, heap=0

Loading base vectors...
✓ Base loaded in 15452.186899 ms

Loading query vectors...
✓ Queries loaded in 1036.007483 ms

Loading ground truth...
✓ Truth loaded in 1066.383191 ms

Data Summary:
  Dimension d=100, Base vectors=1183514, Queries=10000


Building HNSW index...
✓ Index built.
  build_time(local)=41380.299199 ms
  build_time(internal)=40448.225490 ms

Executing queries...

  Processed 1000 queries

  Processed 2000 queries

  Processed 3000 queries

  Processed 4000 queries

  Processed 5000 queries

  Processed 6000 queries

  Processed 7000 queries

  Processed 8000 queries

  Processed 9000 queries

  Processed 10000 queries


========== RESULTS ==========

Total queries: 10000

Average recall@10: 0.734280

Average query time: 0.653141 ms

Total query time: 6531.408198 ms


========== DISTANCE STATISTICS ==========

Total queries reported by index: 10000

Total distance computations: 23771511

Average distance ops per query: 2377.151100

Last query distance ops: 2485


========== PERFORMANCE SUMMARY ==========

Data loading time: 17554.577573 ms

Index build time: 40448.225490 ms

Query execution time: 6531.408198 ms

Total elapsed time: 65466.284970 ms


========== EFFICIENCY METRICS ==========

Queries per second: 1531.063394

Distance ops per second: 3639569.030042


========== END OF LOG ==========

Log saved to: Log/run_20251206_034244_491.log

