========== HNSW Search Test ==========

Timestamp: Thu Nov 27 10:12:23 2025

Command line arguments:
  argv[0]: ./hng
  argv[1]: --m
  argv[2]: 25
  argv[3]: --max_layer
  argv[4]: 10
  argv[5]: --efc
  argv[6]: 832
  argv[7]: --efs
  argv[8]: 1184

Configuration:
  Base file: data_o/glove/base.txt
  Query file: data_o/glove/query.txt
  Truth file: data_o/glove/truth.txt
  K: 10
  M: 25
  Max layer: 10
  EFC: 832
  EFS: 1184
  Threads: -1
  Debug: -1

HNSW parameters set.

Loading base vectors...
✓ Base loaded in 2230.157292 ms

Loading query vectors...
✓ Queries loaded in 68.452113 ms

Loading ground truth...
✓ Truth loaded in 69.918532 ms

Data Summary:
  Dimension d=100, Base vectors=1183514, Queries=10000


Building HNSW index...
✓ Index built.
  build_time(local)=946742.145604 ms
  build_time(internal)=879484.394063 ms


========== GRAPH QUALITY ==========

  num_nodes: 1183514

  max_level (entry point): 4

  actual_max_layer: 4

  avg_degree_l0: 43.182975

  avg_degree_upper: 0.188414


  Layer Distribution:

    L0: 1183514 nodes (100.00%)

    L1: 47536 nodes (4.02%)

    L2: 1877 nodes (0.16%)

    L3: 93 nodes (0.01%)

    L4: 2 nodes (0.00%)



Executing queries...

  Processed 1000 queries

  Processed 2000 queries

  Processed 3000 queries

  Processed 4000 queries

  Processed 5000 queries

  Processed 6000 queries

  Processed 7000 queries

  Processed 8000 queries

  Processed 9000 queries

  Processed 10000 queries


========== RESULTS ==========

Total queries: 10000

Average recall@10: 0.991140

Average query time: 4.465924 ms

Total query time: 44659.243204 ms


========== DISTANCE STATISTICS ==========

Total queries reported by index: 10000

Total distance computations: 338023125

Average distance ops per query: 33802.312500

Last query distance ops: 28224


========== PERFORMANCE SUMMARY ==========

Data loading time: 2368.527937 ms

Index build time: 879484.394063 ms

Query execution time: 44659.243204 ms

Total elapsed time: 993769.916745 ms


========== EFFICIENCY METRICS ==========

Queries per second: 223.917811

Distance ops per second: 7568939.837514


========== END OF LOG ==========

Log saved to: Log/run_20251127_101223_286.log

