========== HNSW Search Test ==========

Timestamp: Tue Nov 25 22:58:36 2025

Command line arguments:
  argv[0]: ./hng
  argv[1]: --m
  argv[2]: 50
  argv[3]: --efc
  argv[4]: 596
  argv[5]: --efs
  argv[6]: 791

Configuration:
  Base file: data_o/glove/base.txt
  Query file: data_o/glove/query.txt
  Truth file: data_o/glove/truth.txt
  K: 10
  M: 50
  Max layer: -1
  EFC: 596
  EFS: 791
  Threads: -1
  Debug: -1

HNSW parameters set.

Loading base vectors...
✓ Base loaded in 3756.893614 ms

Loading query vectors...
✓ Queries loaded in 68.974420 ms

Loading ground truth...
✓ Truth loaded in 67.326174 ms

Data Summary:
  Dimension d=100, Base vectors=1183514, Queries=10000


Building HNSW index...
✓ Index built.
  build_time(local)=583515.319926 ms
  build_time(internal)=627362.877542 ms


Executing queries...

  Processed 1000 queries

  Processed 2000 queries

  Processed 3000 queries

  Processed 4000 queries

  Processed 5000 queries

  Processed 6000 queries

  Processed 7000 queries

  Processed 8000 queries

  Processed 9000 queries

  Processed 10000 queries


========== RESULTS ==========

Total queries: 10000

Average recall@10: 0.992760

Average query time: 3.503156 ms

Total query time: 35031.564042 ms


========== DISTANCE STATISTICS ==========

Total queries reported by index: 10000

Total distance computations: 328024272

Average distance ops per query: 32802.427200

Last query distance ops: 24695


========== PERFORMANCE SUMMARY ==========

Data loading time: 3893.194208 ms

Index build time: 627362.877542 ms

Query execution time: 35031.564042 ms

Total elapsed time: 622440.078176 ms


========== EFFICIENCY METRICS ==========

Queries per second: 285.456852

Distance ops per second: 9363677.613901


========== END OF LOG ==========

Log saved to: Log/run_20251125_225836_819.log

