========== HNSW Search Test ==========

Timestamp: Thu Nov 27 13:23:17 2025

Command line arguments:
  argv[0]: ./hng
  argv[1]: --m
  argv[2]: 52
  argv[3]: --max_layer
  argv[4]: 15
  argv[5]: --efc
  argv[6]: 981
  argv[7]: --efs
  argv[8]: 476

Configuration:
  Base file: data_o/glove/base.txt
  Query file: data_o/glove/query.txt
  Truth file: data_o/glove/truth.txt
  K: 10
  M: 52
  Max layer: 15
  EFC: 981
  EFS: 476
  Threads: -1
  Debug: -1

HNSW parameters set.

Loading base vectors...
✓ Base loaded in 2200.674556 ms

Loading query vectors...
✓ Queries loaded in 70.961794 ms

Loading ground truth...
✓ Truth loaded in 75.910814 ms

Data Summary:
  Dimension d=100, Base vectors=1183514, Queries=10000


Building HNSW index...
✓ Index built.
  build_time(local)=1688300.609370 ms
  build_time(internal)=1590818.047868 ms


========== GRAPH QUALITY ==========

  num_nodes: 1183514

  max_level (entry point): 4

  actual_max_layer: 4

  avg_degree_l0: 64.404809

  avg_degree_upper: 0.148340


  Layer Distribution:

    L0: 1183514 nodes (100.00%)

    L1: 22883 nodes (1.93%)

    L2: 453 nodes (0.04%)

    L3: 8 nodes (0.00%)

    L4: 1 nodes (0.00%)



Executing queries...

  Processed 1000 queries

  Processed 2000 queries

  Processed 3000 queries

  Processed 4000 queries

  Processed 5000 queries

  Processed 6000 queries

  Processed 7000 queries

  Processed 8000 queries

  Processed 9000 queries

  Processed 10000 queries


========== RESULTS ==========

Total queries: 10000

Average recall@10: 0.987020

Average query time: 2.520500 ms

Total query time: 25205.000041 ms


========== DISTANCE STATISTICS ==========

Total queries reported by index: 10000

Total distance computations: 243771477

Average distance ops per query: 24377.147700

Last query distance ops: 19812


========== PERFORMANCE SUMMARY ==========

Data loading time: 2347.547164 ms

Index build time: 1590818.047868 ms

Query execution time: 25205.000041 ms

Total elapsed time: 1715853.156575 ms


========== EFFICIENCY METRICS ==========

Queries per second: 396.746677

Distance ops per second: 9671552.334992


========== END OF LOG ==========

Log saved to: Log/run_20251127_132317_001.log

