========== HNSW Search Test ==========

Timestamp: Fri Nov 28 20:39:15 2025

Command line arguments:
  argv[0]: ./hng
  argv[1]: --m
  argv[2]: 40
  argv[3]: --max_layer
  argv[4]: 5
  argv[5]: --efc
  argv[6]: 959
  argv[7]: --efs
  argv[8]: 457

Configuration:
  Base file: data_o/glove/base.txt
  Query file: data_o/glove/query.txt
  Truth file: data_o/glove/truth.txt
  K: 10
  M: 40
  Max layer: 5
  EFC: 959
  EFS: 457
  Threads: -1
  Debug: -1

HNSW parameters set.

Loading base vectors...
✓ Base loaded in 2817.775815 ms

Loading query vectors...
✓ Queries loaded in 74.213836 ms

Loading ground truth...
✓ Truth loaded in 79.101731 ms

Data Summary:
  Dimension d=100, Base vectors=1183514, Queries=10000


Building HNSW index...
✓ Index built.
  build_time(local)=1608492.646151 ms
  build_time(internal)=1483270.936532 ms


========== GRAPH QUALITY ==========

  num_nodes: 1183514

  max_level (entry point): 3

  actual_max_layer: 3

  avg_degree_l0: 59.146547

  avg_degree_upper: 0.216890


  Layer Distribution:

    L0: 1183514 nodes (100.00%)

    L1: 29734 nodes (2.51%)

    L2: 794 nodes (0.07%)

    L3: 22 nodes (0.00%)



Executing queries...

  Processed 1000 queries

  Processed 2000 queries

  Processed 3000 queries

  Processed 4000 queries

  Processed 5000 queries

  Processed 6000 queries

  Processed 7000 queries

  Processed 8000 queries

  Processed 9000 queries

  Processed 10000 queries


========== RESULTS ==========

Total queries: 10000

Average recall@10: 0.982990

Average query time: 2.212161 ms

Total query time: 22121.609073 ms


========== DISTANCE STATISTICS ==========

Total queries reported by index: 10000

Total distance computations: 209347242

Average distance ops per query: 20934.724200

Last query distance ops: 17976


========== PERFORMANCE SUMMARY ==========

Data loading time: 2971.091382 ms

Index build time: 1483270.936532 ms

Query execution time: 22121.609073 ms

Total elapsed time: 1633585.346606 ms


========== EFFICIENCY METRICS ==========

Queries per second: 452.046683

Distance ops per second: 9463472.630276


========== END OF LOG ==========

Log saved to: Log/run_20251128_203915_688.log

