========== HNSW Search Test ==========

Timestamp: Fri Nov 28 14:04:16 2025

Command line arguments:
  argv[0]: ./hng
  argv[1]: --m
  argv[2]: 44
  argv[3]: --max_layer
  argv[4]: 8
  argv[5]: --efc
  argv[6]: 200
  argv[7]: --efs
  argv[8]: 675

Configuration:
  Base file: data_o/glove/base.txt
  Query file: data_o/glove/query.txt
  Truth file: data_o/glove/truth.txt
  K: 10
  M: 44
  Max layer: 8
  EFC: 200
  EFS: 675
  Threads: -1
  Debug: -1

HNSW parameters set.

Loading base vectors...
✓ Base loaded in 3833.759223 ms

Loading query vectors...
✓ Queries loaded in 129.101868 ms

Loading ground truth...
✓ Truth loaded in 73.055335 ms

Data Summary:
  Dimension d=100, Base vectors=1183514, Queries=10000


Building HNSW index...
✓ Index built.
  build_time(local)=235199.277275 ms
  build_time(internal)=215955.720041 ms


========== GRAPH QUALITY ==========

  num_nodes: 1183514

  max_level (entry point): 3

  actual_max_layer: 3

  avg_degree_l0: 49.310571

  avg_degree_upper: 0.244666


  Layer Distribution:

    L0: 1183514 nodes (100.00%)

    L1: 26884 nodes (2.27%)

    L2: 608 nodes (0.05%)

    L3: 19 nodes (0.00%)



Executing queries...

  Processed 1000 queries

  Processed 2000 queries

  Processed 3000 queries

  Processed 4000 queries

  Processed 5000 queries

  Processed 6000 queries

  Processed 7000 queries

  Processed 8000 queries

  Processed 9000 queries

  Processed 10000 queries


========== RESULTS ==========

Total queries: 10000

Average recall@10: 0.978860

Average query time: 2.566258 ms

Total query time: 25662.576410 ms


========== DISTANCE STATISTICS ==========

Total queries reported by index: 10000

Total distance computations: 229616884

Average distance ops per query: 22961.688400

Last query distance ops: 18946


========== PERFORMANCE SUMMARY ==========

Data loading time: 4035.916426 ms

Index build time: 215955.720041 ms

Query execution time: 25662.576410 ms

Total elapsed time: 264897.770111 ms


========== EFFICIENCY METRICS ==========

Queries per second: 389.672488

Distance ops per second: 8947538.249142


========== END OF LOG ==========

Log saved to: Log/run_20251128_140416_802.log

