========== HNSW Search Test ==========

Timestamp: Fri Nov 28 05:37:58 2025

Command line arguments:
  argv[0]: ./hng
  argv[1]: --m
  argv[2]: 49
  argv[3]: --max_layer
  argv[4]: 20
  argv[5]: --efc
  argv[6]: 696
  argv[7]: --efs
  argv[8]: 495

Configuration:
  Base file: data_o/glove/base.txt
  Query file: data_o/glove/query.txt
  Truth file: data_o/glove/truth.txt
  K: 10
  M: 49
  Max layer: 20
  EFC: 696
  EFS: 495
  Threads: -1
  Debug: -1

HNSW parameters set.

Loading base vectors...
✓ Base loaded in 2300.323326 ms

Loading query vectors...
✓ Queries loaded in 77.576503 ms

Loading ground truth...
✓ Truth loaded in 84.528504 ms

Data Summary:
  Dimension d=100, Base vectors=1183514, Queries=10000


Building HNSW index...
✓ Index built.
  build_time(local)=1210340.363744 ms
  build_time(internal)=1099231.220670 ms


========== GRAPH QUALITY ==========

  num_nodes: 1183514

  max_level (entry point): 3

  actual_max_layer: 3

  avg_degree_l0: 57.429188

  avg_degree_upper: 0.169567


  Layer Distribution:

    L0: 1183514 nodes (100.00%)

    L1: 24379 nodes (2.06%)

    L2: 488 nodes (0.04%)

    L3: 14 nodes (0.00%)



Executing queries...

  Processed 1000 queries

  Processed 2000 queries

  Processed 3000 queries

  Processed 4000 queries

  Processed 5000 queries

  Processed 6000 queries

  Processed 7000 queries

  Processed 8000 queries

  Processed 9000 queries

  Processed 10000 queries


========== RESULTS ==========

Total queries: 10000

Average recall@10: 0.984800

Average query time: 2.504005 ms

Total query time: 25040.053782 ms


========== DISTANCE STATISTICS ==========

Total queries reported by index: 10000

Total distance computations: 227124987

Average distance ops per query: 22712.498700

Last query distance ops: 18331


========== PERFORMANCE SUMMARY ==========

Data loading time: 2462.428333 ms

Index build time: 1099231.220670 ms

Query execution time: 25040.053782 ms

Total elapsed time: 1237842.845859 ms


========== EFFICIENCY METRICS ==========

Queries per second: 399.360165

Distance ops per second: 9070467.219334


========== END OF LOG ==========

Log saved to: Log/run_20251128_053758_455.log

