========== HNSW Search Test ==========

Timestamp: Mon Dec  8 18:07:53 2025

Command line arguments:
  argv[0]: ./hng3
  argv[1]: --m
  argv[2]: 57
  argv[3]: --max_layer
  argv[4]: 7
  argv[5]: --efc
  argv[6]: 1000
  argv[7]: --efs
  argv[8]: 480
  argv[9]: --hamming_threshold
  argv[10]: 48

Configuration:
  Base file: data_o/glove/base.txt
  Query file: data_o/glove/query.txt
  Truth file: data_o/glove/truth.txt
  K: 10
  M: 57
  Max layer: 7
  EFC: 1000
  EFS: 480
  Threads: -1
  Debug: -1

HNSW parameters set.

Ablation flags: csr=0, prefetch=0, simd=0, pruning=0, heap=0

  Hamming threshold: 48
Loading base vectors...
✓ Base loaded in 2247.250503 ms

Loading query vectors...
✓ Queries loaded in 71.094175 ms

Loading ground truth...
✓ Truth loaded in 68.834661 ms

Data Summary:
  Dimension d=100, Base vectors=1183514, Queries=10000


Building HNSW index...
✓ Index built.
  build_time(local)=4488.410464 ms
  build_time(internal)=4483.334485 ms


========== GRAPH QUALITY ==========

  num_nodes: 1183514

  max_level (entry point): 3

  actual_max_layer: 3

  avg_degree_l0: 83.402588

  avg_degree_upper: 41.035055


  Layer Distribution:

    L0: 1183514 nodes (100.00%)

    L1: 20983 nodes (1.77%)

    L2: 351 nodes (0.03%)

    L3: 4 nodes (0.00%)



Executing queries...

  Processed 1000 queries

  Processed 2000 queries

  Processed 3000 queries

  Processed 4000 queries

  Processed 5000 queries

  Processed 6000 queries

  Processed 7000 queries

  Processed 8000 queries

  Processed 9000 queries

  Processed 10000 queries


========== RESULTS ==========

Total queries: 10000

Average recall@10: 0.992110

Average query time: 2.804920 ms

Total query time: 28049.200622 ms


========== DISTANCE STATISTICS ==========

Total queries reported by index: 10000

Total distance computations: 294847944

Average distance ops per query: 29484.794400

Last query distance ops: 29238


========== PERFORMANCE SUMMARY ==========

Data loading time: 2387.179339 ms

Index build time: 4483.334485 ms

Query execution time: 28049.200622 ms

Total elapsed time: 34924.790425 ms


========== EFFICIENCY METRICS ==========

Queries per second: 356.516399

Distance ops per second: 10511812.724129


========== END OF LOG ==========

Log saved to: Log/run_20251208_180753_824.log

