========== HNSW Search Test ==========

Timestamp: Wed Nov 26 03:46:06 2025

Command line arguments:
  argv[0]: ./hng
  argv[1]: --m
  argv[2]: 33
  argv[3]: --efc
  argv[4]: 666
  argv[5]: --efs
  argv[6]: 918

Configuration:
  Base file: data_o/glove/base.txt
  Query file: data_o/glove/query.txt
  Truth file: data_o/glove/truth.txt
  K: 10
  M: 33
  Max layer: -1
  EFC: 666
  EFS: 918
  Threads: -1
  Debug: -1

HNSW parameters set.

Loading base vectors...
✓ Base loaded in 3535.157238 ms

Loading query vectors...
✓ Queries loaded in 87.061212 ms

Loading ground truth...
✓ Truth loaded in 87.565369 ms

Data Summary:
  Dimension d=100, Base vectors=1183514, Queries=10000


Building HNSW index...
✓ Index built.
  build_time(local)=552786.204407 ms
  build_time(internal)=600694.466179 ms


Executing queries...

  Processed 1000 queries

  Processed 2000 queries

  Processed 3000 queries

  Processed 4000 queries

  Processed 5000 queries

  Processed 6000 queries

  Processed 7000 queries

  Processed 8000 queries

  Processed 9000 queries

  Processed 10000 queries


========== RESULTS ==========

Total queries: 10000

Average recall@10: 0.991720

Average query time: 3.636059 ms

Total query time: 36360.592584 ms


========== DISTANCE STATISTICS ==========

Total queries reported by index: 10000

Total distance computations: 323088287

Average distance ops per query: 32308.828700

Last query distance ops: 26209


========== PERFORMANCE SUMMARY ==========

Data loading time: 3709.783819 ms

Index build time: 600694.466179 ms

Query execution time: 36360.592584 ms

Total elapsed time: 592856.580810 ms


========== EFFICIENCY METRICS ==========

Queries per second: 275.023021

Distance ops per second: 8885671.658227


========== END OF LOG ==========

Log saved to: Log/run_20251126_034606_712.log

