========== HNSW Search Test ==========

Timestamp: Tue Dec  9 03:32:09 2025

Command line arguments:
  argv[0]: ./hng3
  argv[1]: --m
  argv[2]: 40
  argv[3]: --max_layer
  argv[4]: 7
  argv[5]: --efc
  argv[6]: 2000
  argv[7]: --efs
  argv[8]: 336
  argv[9]: --hamming_threshold
  argv[10]: 41

Configuration:
  Base file: data_o/glove/base.txt
  Query file: data_o/glove/query.txt
  Truth file: data_o/glove/truth.txt
  K: 10
  M: 40
  Max layer: 7
  EFC: 2000
  EFS: 336
  Threads: -1
  Debug: -1

HNSW parameters set.

Ablation flags: csr=0, prefetch=0, simd=0, pruning=0, heap=0

  Hamming threshold: 41
Loading base vectors...
✓ Base loaded in 2181.038830 ms

Loading query vectors...
✓ Queries loaded in 68.193691 ms

Loading ground truth...
✓ Truth loaded in 72.103990 ms

Data Summary:
  Dimension d=100, Base vectors=1183514, Queries=10000


Building HNSW index...
✓ Index built.
  build_time(local)=4186.381715 ms
  build_time(internal)=4181.545497 ms


========== GRAPH QUALITY ==========

  num_nodes: 1183514

  max_level (entry point): 3

  actual_max_layer: 3

  avg_degree_l0: 72.658490

  avg_degree_upper: 36.400908


  Layer Distribution:

    L0: 1183514 nodes (100.00%)

    L1: 29680 nodes (2.51%)

    L2: 692 nodes (0.06%)

    L3: 24 nodes (0.00%)



Executing queries...

  Processed 1000 queries

  Processed 2000 queries

  Processed 3000 queries

  Processed 4000 queries

  Processed 5000 queries

  Processed 6000 queries

  Processed 7000 queries

  Processed 8000 queries

  Processed 9000 queries

  Processed 10000 queries


========== RESULTS ==========

Total queries: 10000

Average recall@10: 0.973750

Average query time: 1.412796 ms

Total query time: 14127.959183 ms


========== DISTANCE STATISTICS ==========

Total queries reported by index: 10000

Total distance computations: 110510559

Average distance ops per query: 11051.055900

Last query distance ops: 12898


========== PERFORMANCE SUMMARY ==========

Data loading time: 2321.336511 ms

Index build time: 4181.545497 ms

Query execution time: 14127.959183 ms

Total elapsed time: 20635.677409 ms


========== EFFICIENCY METRICS ==========

Queries per second: 707.816314

Distance ops per second: 7822117.658223


========== END OF LOG ==========

Log saved to: Log/run_20251209_033209_167.log

