========== HNSW Search Test ==========

Timestamp: Thu Dec  4 11:20:04 2025

Command line arguments:
  argv[0]: ./hng1
  argv[1]: --m
  argv[2]: 43
  argv[3]: --max_layer
  argv[4]: 10
  argv[5]: --efc
  argv[6]: 735
  argv[7]: --efs
  argv[8]: 425

Configuration:
  Base file: data_o/glove/base.txt
  Query file: data_o/glove/query.txt
  Truth file: data_o/glove/truth.txt
  K: 10
  M: 43
  Max layer: 10
  EFC: 735
  EFS: 425
  Threads: -1
  Debug: -1

HNSW parameters set.

Ablation flags: csr=0, prefetch=0, simd=0, pruning=0, heap=0

Loading base vectors...
✓ Base loaded in 2120.609926 ms

Loading query vectors...
✓ Queries loaded in 67.713919 ms

Loading ground truth...
✓ Truth loaded in 69.406611 ms

Data Summary:
  Dimension d=100, Base vectors=1183514, Queries=10000


Building HNSW index...
✓ Index built.
  build_time(local)=3817.707796 ms
  build_time(internal)=3813.025610 ms


========== GRAPH QUALITY ==========

  num_nodes: 1183514

  max_level (entry point): 4

  actual_max_layer: 4

  avg_degree_l0: 56.845631

  avg_degree_upper: 0.141073


  Layer Distribution:

    L0: 1183514 nodes (100.00%)

    L1: 27546 nodes (2.33%)

    L2: 625 nodes (0.05%)

    L3: 12 nodes (0.00%)

    L4: 1 nodes (0.00%)



Executing queries...

  Processed 1000 queries

  Processed 2000 queries

  Processed 3000 queries

  Processed 4000 queries

  Processed 5000 queries

  Processed 6000 queries

  Processed 7000 queries

  Processed 8000 queries

  Processed 9000 queries

  Processed 10000 queries


========== RESULTS ==========

Total queries: 10000

Average recall@10: 0.980000

Average query time: 1.346210 ms

Total query time: 13462.101148 ms


========== DISTANCE STATISTICS ==========

Total queries reported by index: 10000

Total distance computations: 192065459

Average distance ops per query: 19206.545900

Last query distance ops: 16068


========== PERFORMANCE SUMMARY ==========

Data loading time: 2257.730456 ms

Index build time: 3813.025610 ms

Query execution time: 13462.101148 ms

Total elapsed time: 19537.539400 ms


========== EFFICIENCY METRICS ==========

Queries per second: 742.826093

Distance ops per second: 14267123.451864


========== END OF LOG ==========

Log saved to: Log/run_20251204_112004_886.log

