========== HNSW Search Test ==========

Timestamp: Mon Dec 15 13:15:05 2025

Command line arguments:
  argv[0]: ./hnga
  argv[1]: --m
  argv[2]: 57
  argv[3]: --max_layer
  argv[4]: 7
  argv[5]: --efc
  argv[6]: 1301
  argv[7]: --efs
  argv[8]: 432

Configuration:
  Base file: data_o/glove/base.txt
  Query file: data_o/glove/query.txt
  Truth file: data_o/glove/truth.txt
  K: 10
  M: 57
  Max layer: 7
  EFC: 1301
  EFS: 432
  Threads: -1
  Debug: -1
  Adaptive EP K: -1

HNSW parameters set.

Ablation flags: prefetch=0, simd=0, pruning=0, heap=0, reorder=0, adaptive_ep=0

Loading base vectors...
✓ Base loaded in 2149.789780 ms

Loading query vectors...
✓ Queries loaded in 64.627083 ms

Loading ground truth...
✓ Truth loaded in 66.102386 ms

Data Summary:
  Dimension d=100, Base vectors=1183514, Queries=10000


Building HNSW index...
✓ Index built.
  build_time(local)=4054631.087570 ms
  build_time(internal)=4031189.468250 ms


========== GRAPH QUALITY ==========

  num_nodes: 1183514

  max_level (entry point): 3

  actual_max_layer: 3

  avg_degree_l0: 87.309067

  avg_degree_upper: 0.203218


  Layer Distribution:

    L0: 1183514 nodes (100.00%)

    L1: 20998 nodes (1.77%)

    L2: 378 nodes (0.03%)

    L3: 5 nodes (0.00%)



Executing queries...

  Processed 1000 queries

  Processed 2000 queries

  Processed 3000 queries

  Processed 4000 queries

  Processed 5000 queries

  Processed 6000 queries

  Processed 7000 queries

  Processed 8000 queries

  Processed 9000 queries

  Processed 10000 queries


========== RESULTS ==========

Total queries: 10000

Average recall@10: 0.990920

Average query time: 1.968207 ms

Total query time: 19682.067194 ms


========== DISTANCE STATISTICS ==========

Total queries reported by index: 10000

Total distance computations: 297859522

Average distance ops per query: 29785.952200

Last query distance ops: 28338


========== PERFORMANCE SUMMARY ==========

Data loading time: 2280.519249 ms

Index build time: 4031189.468250 ms

Query execution time: 19682.067194 ms

Total elapsed time: 4076593.674013 ms


========== EFFICIENCY METRICS ==========

Queries per second: 508.076713

Distance ops per second: 15133548.679826


========== END OF LOG ==========

Log saved to: Log/run_20251215_131504_999.log

