========== HNSW Search Test ==========

Timestamp: Thu Dec  4 08:15:20 2025

Command line arguments:
  argv[0]: ./hng1
  argv[1]: --m
  argv[2]: 63
  argv[3]: --max_layer
  argv[4]: 3
  argv[5]: --efc
  argv[6]: 547
  argv[7]: --efs
  argv[8]: 666

Configuration:
  Base file: data_o/glove/base.txt
  Query file: data_o/glove/query.txt
  Truth file: data_o/glove/truth.txt
  K: 10
  M: 63
  Max layer: 3
  EFC: 547
  EFS: 666
  Threads: -1
  Debug: -1

HNSW parameters set.

Ablation flags: csr=0, prefetch=0, simd=0, pruning=0, heap=0

Loading base vectors...
✓ Base loaded in 2064.319874 ms

Loading query vectors...
✓ Queries loaded in 65.464381 ms

Loading ground truth...
✓ Truth loaded in 64.788243 ms

Data Summary:
  Dimension d=100, Base vectors=1183514, Queries=10000


Building HNSW index...
✓ Index built.
  build_time(local)=3634.992834 ms
  build_time(internal)=3630.396653 ms


========== GRAPH QUALITY ==========

  num_nodes: 1183514

  max_level (entry point): 3

  actual_max_layer: 3

  avg_degree_l0: 53.295289

  avg_degree_upper: 0.153114


  Layer Distribution:

    L0: 1183514 nodes (100.00%)

    L1: 19119 nodes (1.62%)

    L2: 320 nodes (0.03%)

    L3: 4 nodes (0.00%)



Executing queries...

  Processed 1000 queries

  Processed 2000 queries

  Processed 3000 queries

  Processed 4000 queries

  Processed 5000 queries

  Processed 6000 queries

  Processed 7000 queries

  Processed 8000 queries

  Processed 9000 queries

  Processed 10000 queries


========== RESULTS ==========

Total queries: 10000

Average recall@10: 0.989980

Average query time: 2.379995 ms

Total query time: 23799.950127 ms


========== DISTANCE STATISTICS ==========

Total queries reported by index: 10000

Total distance computations: 281993689

Average distance ops per query: 28199.368900

Last query distance ops: 21315


========== PERFORMANCE SUMMARY ==========

Data loading time: 2194.572498 ms

Index build time: 3630.396653 ms

Query execution time: 23799.950127 ms

Total elapsed time: 29629.515459 ms


========== EFFICIENCY METRICS ==========

Queries per second: 420.168948

Distance ops per second: 11848499.156311


========== END OF LOG ==========

Log saved to: Log/run_20251204_081520_144.log

