========== HNSW Search Test ==========

Timestamp: Tue Dec  9 03:50:55 2025

Command line arguments:
  argv[0]: ./hng3
  argv[1]: --m
  argv[2]: 40
  argv[3]: --max_layer
  argv[4]: 7
  argv[5]: --efc
  argv[6]: 2000
  argv[7]: --efs
  argv[8]: 896
  argv[9]: --hamming_threshold
  argv[10]: 41

Configuration:
  Base file: data_o/glove/base.txt
  Query file: data_o/glove/query.txt
  Truth file: data_o/glove/truth.txt
  K: 10
  M: 40
  Max layer: 7
  EFC: 2000
  EFS: 896
  Threads: -1
  Debug: -1

HNSW parameters set.

Ablation flags: csr=0, prefetch=0, simd=0, pruning=0, heap=0

  Hamming threshold: 41
Loading base vectors...
✓ Base loaded in 2239.184305 ms

Loading query vectors...
✓ Queries loaded in 72.508394 ms

Loading ground truth...
✓ Truth loaded in 70.502039 ms

Data Summary:
  Dimension d=100, Base vectors=1183514, Queries=10000


Building HNSW index...
✓ Index built.
  build_time(local)=4417.398349 ms
  build_time(internal)=4412.525148 ms


========== GRAPH QUALITY ==========

  num_nodes: 1183514

  max_level (entry point): 3

  actual_max_layer: 3

  avg_degree_l0: 72.658490

  avg_degree_upper: 36.400908


  Layer Distribution:

    L0: 1183514 nodes (100.00%)

    L1: 29680 nodes (2.51%)

    L2: 692 nodes (0.06%)

    L3: 24 nodes (0.00%)



Executing queries...

  Processed 1000 queries

  Processed 2000 queries

  Processed 3000 queries

  Processed 4000 queries

  Processed 5000 queries

  Processed 6000 queries

  Processed 7000 queries

  Processed 8000 queries

  Processed 9000 queries

  Processed 10000 queries


========== RESULTS ==========

Total queries: 10000

Average recall@10: 0.990990

Average query time: 3.462461 ms

Total query time: 34624.605727 ms


========== DISTANCE STATISTICS ==========

Total queries reported by index: 10000

Total distance computations: 232207354

Average distance ops per query: 23220.735400

Last query distance ops: 25095


========== PERFORMANCE SUMMARY ==========

Data loading time: 2382.194738 ms

Index build time: 4412.525148 ms

Query execution time: 34624.605727 ms

Total elapsed time: 41424.198814 ms


========== EFFICIENCY METRICS ==========

Queries per second: 288.811953

Distance ops per second: 6706425.939716


========== END OF LOG ==========

Log saved to: Log/run_20251209_035055_079.log

