========== HNSW Search Test ==========

Timestamp: Fri Dec  5 21:05:37 2025

Command line arguments:
  argv[0]: ./basic

Configuration:
  Base file: data_o/glove/base.txt
  Query file: data_o/glove/query.txt
  Truth file: data_o/glove/truth.txt
  K: 10
  M: -1
  Max layer: -1
  EFC: -1
  EFS: -1
  Threads: -1
  Debug: -1

Ablation flags: csr=0, prefetch=0, simd=0, pruning=0, heap=0

Loading base vectors...
✓ Base loaded in 2313.074278 ms

Loading query vectors...
✓ Queries loaded in 67.272924 ms

Loading ground truth...
✓ Truth loaded in 74.431820 ms

Data Summary:
  Dimension d=100, Base vectors=1183514, Queries=10000


Building HNSW index...
