========== HNSW Search Test ==========

Timestamp: Tue Dec  9 08:26:54 2025

Command line arguments:
  argv[0]: ./hng3
  argv[1]: --m
  argv[2]: 64
  argv[3]: --max_layer
  argv[4]: 7
  argv[5]: --efc
  argv[6]: 2000
  argv[7]: --efs
  argv[8]: 528
  argv[9]: --hamming_threshold
  argv[10]: 41

Configuration:
  Base file: data_o/glove/base.txt
  Query file: data_o/glove/query.txt
  Truth file: data_o/glove/truth.txt
  K: 10
  M: 64
  Max layer: 7
  EFC: 2000
  EFS: 528
  Threads: -1
  Debug: -1

HNSW parameters set.

Ablation flags: csr=0, prefetch=0, simd=0, pruning=0, heap=0

  Hamming threshold: 41
Loading base vectors...
✓ Base loaded in 2269.273780 ms

Loading query vectors...
✓ Queries loaded in 70.529089 ms

Loading ground truth...
✓ Truth loaded in 69.383575 ms

Data Summary:
  Dimension d=100, Base vectors=1183514, Queries=10000


Building HNSW index...
✓ Index built.
  build_time(local)=5086.737749 ms
  build_time(internal)=5081.858642 ms


========== GRAPH QUALITY ==========

  num_nodes: 1183514

  max_level (entry point): 3

  actual_max_layer: 3

  avg_degree_l0: 97.280339

  avg_degree_upper: 41.717826


  Layer Distribution:

    L0: 1183514 nodes (100.00%)

    L1: 18543 nodes (1.57%)

    L2: 294 nodes (0.02%)

    L3: 6 nodes (0.00%)



Executing queries...

  Processed 1000 queries

  Processed 2000 queries

  Processed 3000 queries

  Processed 4000 queries

  Processed 5000 queries

  Processed 6000 queries

  Processed 7000 queries

  Processed 8000 queries

  Processed 9000 queries

  Processed 10000 queries


========== RESULTS ==========

Total queries: 10000

Average recall@10: 0.989860

Average query time: 2.805825 ms

Total query time: 28058.248931 ms


========== DISTANCE STATISTICS ==========

Total queries reported by index: 10000

Total distance computations: 209475813

Average distance ops per query: 20947.581300

Last query distance ops: 24328


========== PERFORMANCE SUMMARY ==========

Data loading time: 2409.186444 ms

Index build time: 5081.858642 ms

Query execution time: 28058.248931 ms

Total elapsed time: 35554.173124 ms


========== EFFICIENCY METRICS ==========

Queries per second: 356.401428

Distance ops per second: 7465747.898778


========== END OF LOG ==========

Log saved to: Log/run_20251209_082654_789.log

