========== HNSW Search Test ==========

Timestamp: Fri Nov 28 17:04:29 2025

Command line arguments:
  argv[0]: ./hng

Configuration:
  Base file: data_o/glove/base.txt
  Query file: data_o/glove/query.txt
  Truth file: data_o/glove/truth.txt
  K: 10
  M: -1
  Max layer: -1
  EFC: -1
  EFS: -1
  Threads: -1
  Debug: -1

Loading base vectors...
✓ Base loaded in 2315.907834 ms

Loading query vectors...
✓ Queries loaded in 73.942604 ms

Loading ground truth...
✓ Truth loaded in 71.995623 ms

Data Summary:
  Dimension d=100, Base vectors=1183514, Queries=10000


Building HNSW index...
✓ Index built.
  build_time(local)=1389653.696038 ms
  build_time(internal)=1280742.590811 ms


========== GRAPH QUALITY ==========

  num_nodes: 1183514

  max_level (entry point): 3

  actual_max_layer: 3

  avg_degree_l0: 73.988805

  avg_degree_upper: 0.265197


  Layer Distribution:

    L0: 1183514 nodes (100.00%)

    L1: 29134 nodes (2.46%)

    L2: 704 nodes (0.06%)

    L3: 19 nodes (0.00%)



Executing queries...

  Processed 1000 queries

  Processed 2000 queries

  Processed 3000 queries

  Processed 4000 queries

  Processed 5000 queries

  Processed 6000 queries

  Processed 7000 queries

  Processed 8000 queries

  Processed 9000 queries

  Processed 10000 queries


========== RESULTS ==========

Total queries: 10000

Average recall@10: 0.979600

Average query time: 2.269165 ms

Total query time: 22691.654298 ms


========== DISTANCE STATISTICS ==========

Total queries reported by index: 10000

Total distance computations: 207089967

Average distance ops per query: 20708.996700

Last query distance ops: 17002


========== PERFORMANCE SUMMARY ==========

Data loading time: 2461.846061 ms

Index build time: 1280742.590811 ms

Query execution time: 22691.654298 ms

Total elapsed time: 1414807.196397 ms


========== EFFICIENCY METRICS ==========

Queries per second: 440.690655

Distance ops per second: 9126261.324114


========== END OF LOG ==========

Log saved to: Log/run_20251128_170429_943.log

