========== HNSW Search Test ==========

Timestamp: Thu Dec  4 07:55:16 2025

Command line arguments:
  argv[0]: ./hng1
  argv[1]: --m
  argv[2]: 52
  argv[3]: --max_layer
  argv[4]: 9
  argv[5]: --efc
  argv[6]: 549
  argv[7]: --efs
  argv[8]: 800

Configuration:
  Base file: data_o/glove/base.txt
  Query file: data_o/glove/query.txt
  Truth file: data_o/glove/truth.txt
  K: 10
  M: 52
  Max layer: 9
  EFC: 549
  EFS: 800
  Threads: -1
  Debug: -1

HNSW parameters set.

Ablation flags: csr=0, prefetch=0, simd=0, pruning=0, heap=0

Loading base vectors...
✓ Base loaded in 2165.760130 ms

Loading query vectors...
✓ Queries loaded in 73.961445 ms

Loading ground truth...
✓ Truth loaded in 65.962870 ms

Data Summary:
  Dimension d=100, Base vectors=1183514, Queries=10000


Building HNSW index...
✓ Index built.
  build_time(local)=3791.866051 ms
  build_time(internal)=3787.161327 ms


========== GRAPH QUALITY ==========

  num_nodes: 1183514

  max_level (entry point): 3

  actual_max_layer: 3

  avg_degree_l0: 52.916125

  avg_degree_upper: 0.141438


  Layer Distribution:

    L0: 1183514 nodes (100.00%)

    L1: 22814 nodes (1.93%)

    L2: 431 nodes (0.04%)

    L3: 9 nodes (0.00%)



Executing queries...

  Processed 1000 queries

  Processed 2000 queries

  Processed 3000 queries

  Processed 4000 queries

  Processed 5000 queries

  Processed 6000 queries

  Processed 7000 queries

  Processed 8000 queries

  Processed 9000 queries

  Processed 10000 queries


========== RESULTS ==========

Total queries: 10000

Average recall@10: 0.992260

Average query time: 2.350491 ms

Total query time: 23504.906811 ms


========== DISTANCE STATISTICS ==========

Total queries reported by index: 10000

Total distance computations: 324475549

Average distance ops per query: 32447.554900

Last query distance ops: 24492


========== PERFORMANCE SUMMARY ==========

Data loading time: 2305.684445 ms

Index build time: 3787.161327 ms

Query execution time: 23504.906811 ms

Total elapsed time: 29602.457307 ms


========== EFFICIENCY METRICS ==========

Queries per second: 425.443082

Distance ops per second: 13804587.765826


========== END OF LOG ==========

Log saved to: Log/run_20251204_075516_940.log

