========== HNSW Search Test ==========

Timestamp: Thu Dec  4 19:33:15 2025

Command line arguments:
  argv[0]: ./hng1
  argv[1]: --m
  argv[2]: 30
  argv[3]: --max_layer
  argv[4]: 7
  argv[5]: --efc
  argv[6]: 675
  argv[7]: --efs
  argv[8]: 2000

Configuration:
  Base file: data_o/glove/base.txt
  Query file: data_o/glove/query.txt
  Truth file: data_o/glove/truth.txt
  K: 10
  M: 30
  Max layer: 7
  EFC: 675
  EFS: 2000
  Threads: -1
  Debug: -1

HNSW parameters set.

Ablation flags: csr=0, prefetch=0, simd=0, pruning=0, heap=0

Loading base vectors...
✓ Base loaded in 2144.295918 ms

Loading query vectors...
✓ Queries loaded in 69.407609 ms

Loading ground truth...
✓ Truth loaded in 70.374177 ms

Data Summary:
  Dimension d=100, Base vectors=1183514, Queries=10000


Building HNSW index...
