========== HNSW Search Test ==========

Timestamp: Wed Nov 26 06:25:48 2025

Command line arguments:
  argv[0]: ./hng
  argv[1]: --m
  argv[2]: 29
  argv[3]: --efc
  argv[4]: 686
  argv[5]: --efs
  argv[6]: 759

Configuration:
  Base file: data_o/glove/base.txt
  Query file: data_o/glove/query.txt
  Truth file: data_o/glove/truth.txt
  K: 10
  M: 29
  Max layer: -1
  EFC: 686
  EFS: 759
  Threads: -1
  Debug: -1

HNSW parameters set.

Loading base vectors...
✓ Base loaded in 4109.716588 ms

Loading query vectors...
✓ Queries loaded in 93.989337 ms

Loading ground truth...
✓ Truth loaded in 93.379117 ms

Data Summary:
  Dimension d=100, Base vectors=1183514, Queries=10000


Building HNSW index...
✓ Index built.
  build_time(local)=584986.895762 ms
  build_time(internal)=583941.677857 ms


Executing queries...

  Processed 1000 queries

  Processed 2000 queries

  Processed 3000 queries

  Processed 4000 queries

  Processed 5000 queries

  Processed 6000 queries

  Processed 7000 queries

  Processed 8000 queries

  Processed 9000 queries

  Processed 10000 queries


========== RESULTS ==========

Total queries: 10000

Average recall@10: 0.985700

Average query time: 3.342043 ms

Total query time: 33420.428539 ms


========== DISTANCE STATISTICS ==========

Total queries reported by index: 10000

Total distance computations: 251874953

Average distance ops per query: 25187.495300

Last query distance ops: 21473


========== PERFORMANCE SUMMARY ==========

Data loading time: 4297.085042 ms

Index build time: 583941.677857 ms

Query execution time: 33420.428539 ms

Total elapsed time: 622704.409343 ms


========== EFFICIENCY METRICS ==========

Queries per second: 299.218186

Distance ops per second: 7536556.651453


========== END OF LOG ==========

Log saved to: Log/run_20251126_062548_328.log

