========== HNSW Search Test ==========

Timestamp: Mon Dec  8 17:22:39 2025

Command line arguments:
  argv[0]: ./hng3
  argv[1]: --m
  argv[2]: 57
  argv[3]: --max_layer
  argv[4]: 7
  argv[5]: --efc
  argv[6]: 1000
  argv[7]: --efs
  argv[8]: 288
  argv[9]: --hamming_threshold
  argv[10]: 44

Configuration:
  Base file: data_o/glove/base.txt
  Query file: data_o/glove/query.txt
  Truth file: data_o/glove/truth.txt
  K: 10
  M: 57
  Max layer: 7
  EFC: 1000
  EFS: 288
  Threads: -1
  Debug: -1

HNSW parameters set.

Ablation flags: csr=0, prefetch=0, simd=0, pruning=0, heap=0

  Hamming threshold: 44
Loading base vectors...
✓ Base loaded in 4269.351021 ms

Loading query vectors...
✓ Queries loaded in 71.577560 ms

Loading ground truth...
✓ Truth loaded in 72.603799 ms

Data Summary:
  Dimension d=100, Base vectors=1183514, Queries=10000


Building HNSW index...
✓ Index built.
  build_time(local)=5266.081127 ms
  build_time(internal)=5260.851102 ms


========== GRAPH QUALITY ==========

  num_nodes: 1183514

  max_level (entry point): 3

  actual_max_layer: 3

  avg_degree_l0: 83.402588

  avg_degree_upper: 41.035055


  Layer Distribution:

    L0: 1183514 nodes (100.00%)

    L1: 20983 nodes (1.77%)

    L2: 351 nodes (0.03%)

    L3: 4 nodes (0.00%)



Executing queries...

  Processed 1000 queries

  Processed 2000 queries

  Processed 3000 queries

  Processed 4000 queries

  Processed 5000 queries

  Processed 6000 queries

  Processed 7000 queries

  Processed 8000 queries

  Processed 9000 queries

  Processed 10000 queries


========== RESULTS ==========

Total queries: 10000

Average recall@10: 0.980270

Average query time: 1.815131 ms

Total query time: 18151.314515 ms


========== DISTANCE STATISTICS ==========

Total queries reported by index: 10000

Total distance computations: 157396044

Average distance ops per query: 15739.604400

Last query distance ops: 17703


========== PERFORMANCE SUMMARY ==========

Data loading time: 4413.532380 ms

Index build time: 5260.851102 ms

Query execution time: 18151.314515 ms

Total elapsed time: 27830.928022 ms


========== EFFICIENCY METRICS ==========

Queries per second: 550.924287

Distance ops per second: 8671330.325411


========== END OF LOG ==========

Log saved to: Log/run_20251208_172239_496.log

