========== HNSW Search Test ==========

Timestamp: Fri Nov 28 01:11:58 2025

Command line arguments:
  argv[0]: ./hng
  argv[1]: --m
  argv[2]: 27
  argv[3]: --max_layer
  argv[4]: 13
  argv[5]: --efc
  argv[6]: 932
  argv[7]: --efs
  argv[8]: 159

Configuration:
  Base file: data_o/glove/base.txt
  Query file: data_o/glove/query.txt
  Truth file: data_o/glove/truth.txt
  K: 10
  M: 27
  Max layer: 13
  EFC: 932
  EFS: 159
  Threads: -1
  Debug: -1

HNSW parameters set.

Loading base vectors...
✓ Base loaded in 2284.262382 ms

Loading query vectors...
✓ Queries loaded in 73.404958 ms

Loading ground truth...
✓ Truth loaded in 70.601197 ms

Data Summary:
  Dimension d=100, Base vectors=1183514, Queries=10000


Building HNSW index...
✓ Index built.
  build_time(local)=1186677.978111 ms
  build_time(internal)=1080066.268457 ms


========== GRAPH QUALITY ==========

  num_nodes: 1183514

  max_level (entry point): 4

  actual_max_layer: 4

  avg_degree_l0: 46.294005

  avg_degree_upper: 0.189700


  Layer Distribution:

    L0: 1183514 nodes (100.00%)

    L1: 43667 nodes (3.69%)

    L2: 1561 nodes (0.13%)

    L3: 52 nodes (0.00%)

    L4: 2 nodes (0.00%)



Executing queries...

  Processed 1000 queries

  Processed 2000 queries

  Processed 3000 queries

  Processed 4000 queries

  Processed 5000 queries

  Processed 6000 queries

  Processed 7000 queries

  Processed 8000 queries

  Processed 9000 queries

  Processed 10000 queries


========== RESULTS ==========

Total queries: 10000

Average recall@10: 0.915960

Average query time: 0.695321 ms

Total query time: 6953.208306 ms


========== DISTANCE STATISTICS ==========

Total queries reported by index: 10000

Total distance computations: 62830710

Average distance ops per query: 6283.071000

Last query distance ops: 6291


========== PERFORMANCE SUMMARY ==========

Data loading time: 2428.268537 ms

Index build time: 1080066.268457 ms

Query execution time: 6953.208306 ms

Total elapsed time: 1196059.454954 ms


========== EFFICIENCY METRICS ==========

Queries per second: 1438.185016

Distance ops per second: 9036218.567734


========== END OF LOG ==========

Log saved to: Log/run_20251128_011158_381.log

