========== HNSW Search Test ==========

Timestamp: Fri Nov 28 14:08:19 2025

Command line arguments:
  argv[0]: ./hng
  argv[1]: --m
  argv[2]: 50
  argv[3]: --max_layer
  argv[4]: 2
  argv[5]: --efc
  argv[6]: 710
  argv[7]: --efs
  argv[8]: 615

Configuration:
  Base file: data_o/glove/base.txt
  Query file: data_o/glove/query.txt
  Truth file: data_o/glove/truth.txt
  K: 10
  M: 50
  Max layer: 2
  EFC: 710
  EFS: 615
  Threads: -1
  Debug: -1

HNSW parameters set.

Loading base vectors...
✓ Base loaded in 4505.956398 ms

Loading query vectors...
✓ Queries loaded in 72.843389 ms

Loading ground truth...
✓ Truth loaded in 74.556308 ms

Data Summary:
  Dimension d=100, Base vectors=1183514, Queries=10000


Building HNSW index...
✓ Index built.
  build_time(local)=1146678.693503 ms
  build_time(internal)=1060422.832043 ms


========== GRAPH QUALITY ==========

  num_nodes: 1183514

  max_level (entry point): 2

  actual_max_layer: 2

  avg_degree_l0: 80.938643

  avg_degree_upper: 0.303255


  Layer Distribution:

    L0: 1183514 nodes (100.00%)

    L1: 23612 nodes (2.00%)

    L2: 503 nodes (0.04%)



Executing queries...

  Processed 1000 queries

  Processed 2000 queries

  Processed 3000 queries

  Processed 4000 queries

  Processed 5000 queries

  Processed 6000 queries

  Processed 7000 queries

  Processed 8000 queries

  Processed 9000 queries

  Processed 10000 queries


========== RESULTS ==========

Total queries: 10000

Average recall@10: 0.990720

Average query time: 3.147625 ms

Total query time: 31476.245097 ms


========== DISTANCE STATISTICS ==========

Total queries reported by index: 10000

Total distance computations: 312556430

Average distance ops per query: 31255.643000

Last query distance ops: 24129


========== PERFORMANCE SUMMARY ==========

Data loading time: 4653.356095 ms

Index build time: 1060422.832043 ms

Query execution time: 31476.245097 ms

Total elapsed time: 1182808.294695 ms


========== EFFICIENCY METRICS ==========

Queries per second: 317.699903

Distance ops per second: 9929914.735280


========== END OF LOG ==========

Log saved to: Log/run_20251128_140819_719.log

