========== HNSW Search Test ==========

Timestamp: Thu Dec  4 02:59:12 2025

Command line arguments:
  argv[0]: ./hng1
  argv[1]: --m
  argv[2]: 38
  argv[3]: --max_layer
  argv[4]: 4
  argv[5]: --efc
  argv[6]: 599
  argv[7]: --efs
  argv[8]: 743

Configuration:
  Base file: data_o/glove/base.txt
  Query file: data_o/glove/query.txt
  Truth file: data_o/glove/truth.txt
  K: 10
  M: 38
  Max layer: 4
  EFC: 599
  EFS: 743
  Threads: -1
  Debug: -1

HNSW parameters set.

Ablation flags: csr=0, prefetch=0, simd=0, pruning=0, heap=0

Loading base vectors...
✓ Base loaded in 2097.346819 ms

Loading query vectors...
✓ Queries loaded in 70.340906 ms

Loading ground truth...
✓ Truth loaded in 69.158229 ms

Data Summary:
  Dimension d=100, Base vectors=1183514, Queries=10000


Building HNSW index...
✓ Index built.
  build_time(local)=3691.769081 ms
  build_time(internal)=3686.856932 ms


========== GRAPH QUALITY ==========

  num_nodes: 1183514

  max_level (entry point): 3

  actual_max_layer: 3

  avg_degree_l0: 51.459643

  avg_degree_upper: 0.209647


  Layer Distribution:

    L0: 1183514 nodes (100.00%)

    L1: 30945 nodes (2.61%)

    L2: 761 nodes (0.06%)

    L3: 14 nodes (0.00%)



Executing queries...

  Processed 1000 queries

  Processed 2000 queries

  Processed 3000 queries

  Processed 4000 queries

  Processed 5000 queries

  Processed 6000 queries

  Processed 7000 queries

  Processed 8000 queries

  Processed 9000 queries

  Processed 10000 queries


========== RESULTS ==========

Total queries: 10000

Average recall@10: 0.989970

Average query time: 2.089048 ms

Total query time: 20890.478406 ms


========== DISTANCE STATISTICS ==========

Total queries reported by index: 10000

Total distance computations: 283422250

Average distance ops per query: 28342.225000

Last query distance ops: 22746


========== PERFORMANCE SUMMARY ==========

Data loading time: 2236.845954 ms

Index build time: 3686.856932 ms

Query execution time: 20890.478406 ms

Total elapsed time: 26819.093441 ms


========== EFFICIENCY METRICS ==========

Queries per second: 478.686979

Distance ops per second: 13567054.066057


========== END OF LOG ==========

Log saved to: Log/run_20251204_025912_439.log

