========== HNSW Search Test ==========

Timestamp: Tue Dec  2 08:52:55 2025

Command line arguments:
  argv[0]: ./hng
  argv[1]: --m
  argv[2]: 48
  argv[3]: --max_layer
  argv[4]: 11
  argv[5]: --efc
  argv[6]: 647
  argv[7]: --efs
  argv[8]: 960

Configuration:
  Base file: data_o/glove/base.txt
  Query file: data_o/glove/query.txt
  Truth file: data_o/glove/truth.txt
  K: 10
  M: 48
  Max layer: 11
  EFC: 647
  EFS: 960
  Threads: -1
  Debug: -1

HNSW parameters set.

Loading base vectors...
✓ Base loaded in 3759.309906 ms

Loading query vectors...
✓ Queries loaded in 85.661718 ms

Loading ground truth...
✓ Truth loaded in 85.250961 ms

Data Summary:
  Dimension d=100, Base vectors=1183514, Queries=10000


Building HNSW index...
✓ Index built.
  build_time(local)=894761.544769 ms
  build_time(internal)=939269.630957 ms


========== GRAPH QUALITY ==========

  num_nodes: 1183514

  max_level (entry point): 3

  actual_max_layer: 3

  avg_degree_l0: 55.817641

  avg_degree_upper: 0.186862


  Layer Distribution:

    L0: 1183514 nodes (100.00%)

    L1: 25043 nodes (2.12%)

    L2: 524 nodes (0.04%)

    L3: 8 nodes (0.00%)



Executing queries...

  Processed 1000 queries

  Processed 2000 queries

  Processed 3000 queries

  Processed 4000 queries

  Processed 5000 queries

  Processed 6000 queries

  Processed 7000 queries

  Processed 8000 queries

  Processed 9000 queries

  Processed 10000 queries


========== RESULTS ==========

Total queries: 10000

Average recall@10: 0.995190

Average query time: 3.171492 ms

Total query time: 31714.920114 ms


========== DISTANCE STATISTICS ==========

Total queries reported by index: 10000

Total distance computations: 0

Average distance ops per query: 0.000000

Last query distance ops: 0


========== PERFORMANCE SUMMARY ==========

Data loading time: 3930.222585 ms

Index build time: 939269.630957 ms

Query execution time: 31714.920114 ms

Total elapsed time: 930406.687468 ms


========== EFFICIENCY METRICS ==========

Queries per second: 315.309008


========== END OF LOG ==========

Log saved to: Log/run_20251202_085255_116.log

