========== HNSW Search Test ==========

Timestamp: Mon Dec  8 16:19:56 2025

Command line arguments:
  argv[0]: ./hng3
  argv[1]: --m
  argv[2]: 40
  argv[3]: --max_layer
  argv[4]: 7
  argv[5]: --efc
  argv[6]: 1000
  argv[7]: --efs
  argv[8]: 512
  argv[9]: --hamming_threshold
  argv[10]: 44

Configuration:
  Base file: data_o/glove/base.txt
  Query file: data_o/glove/query.txt
  Truth file: data_o/glove/truth.txt
  K: 10
  M: 40
  Max layer: 7
  EFC: 1000
  EFS: 512
  Threads: -1
  Debug: -1

HNSW parameters set.

Ablation flags: csr=0, prefetch=0, simd=0, pruning=0, heap=0

  Hamming threshold: 44
Loading base vectors...
✓ Base loaded in 4061.272975 ms

Loading query vectors...
✓ Queries loaded in 86.177247 ms

Loading ground truth...
✓ Truth loaded in 93.202072 ms

Data Summary:
  Dimension d=100, Base vectors=1183514, Queries=10000


Building HNSW index...
✓ Index built.
  build_time(local)=5120.849031 ms
  build_time(internal)=5115.606936 ms


========== GRAPH QUALITY ==========

  num_nodes: 1183514

  max_level (entry point): 4

  actual_max_layer: 4

  avg_degree_l0: 68.582917

  avg_degree_upper: 36.158961


  Layer Distribution:

    L0: 1183514 nodes (100.00%)

    L1: 29240 nodes (2.47%)

    L2: 710 nodes (0.06%)

    L3: 24 nodes (0.00%)

    L4: 2 nodes (0.00%)



Executing queries...

  Processed 1000 queries

  Processed 2000 queries

  Processed 3000 queries

  Processed 4000 queries

  Processed 5000 queries

  Processed 6000 queries

  Processed 7000 queries

  Processed 8000 queries

  Processed 9000 queries

  Processed 10000 queries


========== RESULTS ==========

Total queries: 10000

Average recall@10: 0.988550

Average query time: 2.449731 ms

Total query time: 24497.313286 ms


========== DISTANCE STATISTICS ==========

Total queries reported by index: 10000

Total distance computations: 200217254

Average distance ops per query: 20021.725400

Last query distance ops: 20793


========== PERFORMANCE SUMMARY ==========

Data loading time: 4240.652294 ms

Index build time: 5115.606936 ms

Query execution time: 24497.313286 ms

Total elapsed time: 33858.814611 ms


========== EFFICIENCY METRICS ==========

Queries per second: 408.208030

Distance ops per second: 8173029.085374


========== END OF LOG ==========

Log saved to: Log/run_20251208_161956_953.log

