========== HNSW Search Test ==========

Timestamp: Mon Dec  8 19:41:25 2025

Command line arguments:
  argv[0]: ./hng3
  argv[1]: --m
  argv[2]: 64
  argv[3]: --max_layer
  argv[4]: 7
  argv[5]: --efc
  argv[6]: 1000
  argv[7]: --efs
  argv[8]: 360
  argv[9]: --hamming_threshold
  argv[10]: 41

Configuration:
  Base file: data_o/glove/base.txt
  Query file: data_o/glove/query.txt
  Truth file: data_o/glove/truth.txt
  K: 10
  M: 64
  Max layer: 7
  EFC: 1000
  EFS: 360
  Threads: -1
  Debug: -1

HNSW parameters set.

Ablation flags: csr=0, prefetch=0, simd=0, pruning=0, heap=0

  Hamming threshold: 41
Loading base vectors...
✓ Base loaded in 2088.518650 ms

Loading query vectors...
✓ Queries loaded in 65.096297 ms

Loading ground truth...
✓ Truth loaded in 68.826532 ms

Data Summary:
  Dimension d=100, Base vectors=1183514, Queries=10000


Building HNSW index...
✓ Index built.
  build_time(local)=4373.146804 ms
  build_time(internal)=4368.241908 ms


========== GRAPH QUALITY ==========

  num_nodes: 1183514

  max_level (entry point): 3

  actual_max_layer: 3

  avg_degree_l0: 86.924785

  avg_degree_upper: 41.054540


  Layer Distribution:

    L0: 1183514 nodes (100.00%)

    L1: 18574 nodes (1.57%)

    L2: 291 nodes (0.02%)

    L3: 2 nodes (0.00%)



Executing queries...

  Processed 1000 queries

  Processed 2000 queries

  Processed 3000 queries

  Processed 4000 queries

  Processed 5000 queries

  Processed 6000 queries

  Processed 7000 queries

  Processed 8000 queries

  Processed 9000 queries

  Processed 10000 queries


========== RESULTS ==========

Total queries: 10000

Average recall@10: 0.982530

Average query time: 1.889884 ms

Total query time: 18898.839632 ms


========== DISTANCE STATISTICS ==========

Total queries reported by index: 10000

Total distance computations: 145299314

Average distance ops per query: 14529.931400

Last query distance ops: 17623


========== PERFORMANCE SUMMARY ==========

Data loading time: 2222.441479 ms

Index build time: 4368.241908 ms

Query execution time: 18898.839632 ms

Total elapsed time: 25494.427915 ms


========== EFFICIENCY METRICS ==========

Queries per second: 529.133015

Distance ops per second: 7688266.413668


========== END OF LOG ==========

Log saved to: Log/run_20251208_194125_300.log

