========== HNSW Search Test ==========

Timestamp: Fri Dec  5 16:35:10 2025

Command line arguments:
  argv[0]: ./hng

Configuration:
  Base file: data_o/glove/base.txt
  Query file: data_o/glove/query.txt
  Truth file: data_o/glove/truth.txt
  K: 10
  M: -1
  Max layer: -1
  EFC: -1
  EFS: -1
  Threads: -1
  Debug: -1

Ablation flags: csr=0, prefetch=0, simd=0, pruning=0, heap=0

Loading base vectors...
✓ Base loaded in 2249.388986 ms

Loading query vectors...
✓ Queries loaded in 72.155272 ms

Loading ground truth...
✓ Truth loaded in 68.958287 ms

Data Summary:
  Dimension d=100, Base vectors=1183514, Queries=10000


Building HNSW index...
✓ Index built.
  build_time(local)=47466.694387 ms
  build_time(internal)=47462.004438 ms


========== GRAPH QUALITY ==========

  num_nodes: 1183514

  max_level (entry point): 3

  actual_max_layer: 3

  avg_degree_l0: 15.973116

  avg_degree_upper: 0.077347


  Layer Distribution:

    L0: 1183514 nodes (100.00%)

    L1: 24894 nodes (2.10%)

    L2: 505 nodes (0.04%)

    L3: 6 nodes (0.00%)



Executing queries...

  Processed 1000 queries

  Processed 2000 queries

  Processed 3000 queries

  Processed 4000 queries

  Processed 5000 queries

  Processed 6000 queries

  Processed 7000 queries

  Processed 8000 queries

  Processed 9000 queries

  Processed 10000 queries


========== RESULTS ==========

Total queries: 10000

Average recall@10: 0.939200

Average query time: 2.051062 ms

Total query time: 20510.620091 ms


========== DISTANCE STATISTICS ==========

Total queries reported by index: 10000

Total distance computations: 168869317

Average distance ops per query: 16886.931700

Last query distance ops: 14776


========== PERFORMANCE SUMMARY ==========

Data loading time: 2390.502545 ms

Index build time: 47462.004438 ms

Query execution time: 20510.620091 ms

Total elapsed time: 70367.817023 ms


========== EFFICIENCY METRICS ==========

Queries per second: 487.552300

Distance ops per second: 8233262.390448


========== END OF LOG ==========

Log saved to: Log/run_20251205_163510_238.log

