========== HNSW Search Test ==========

Timestamp: Fri Nov 28 08:23:05 2025

Command line arguments:
  argv[0]: ./hng
  argv[1]: --m
  argv[2]: 51
  argv[3]: --max_layer
  argv[4]: 19
  argv[5]: --efc
  argv[6]: 707
  argv[7]: --efs
  argv[8]: 734

Configuration:
  Base file: data_o/glove/base.txt
  Query file: data_o/glove/query.txt
  Truth file: data_o/glove/truth.txt
  K: 10
  M: 51
  Max layer: 19
  EFC: 707
  EFS: 734
  Threads: -1
  Debug: -1

HNSW parameters set.

Loading base vectors...
✓ Base loaded in 2280.354917 ms

Loading query vectors...
✓ Queries loaded in 72.377242 ms

Loading ground truth...
✓ Truth loaded in 74.436397 ms

Data Summary:
  Dimension d=100, Base vectors=1183514, Queries=10000


Building HNSW index...
✓ Index built.
  build_time(local)=1238449.026696 ms
  build_time(internal)=1123879.973247 ms


========== GRAPH QUALITY ==========

  num_nodes: 1183514

  max_level (entry point): 3

  actual_max_layer: 3

  avg_degree_l0: 58.055857

  avg_degree_upper: 0.152034


  Layer Distribution:

    L0: 1183514 nodes (100.00%)

    L1: 23068 nodes (1.95%)

    L2: 401 nodes (0.03%)

    L3: 6 nodes (0.00%)



Executing queries...

  Processed 1000 queries

  Processed 2000 queries

  Processed 3000 queries

  Processed 4000 queries

  Processed 5000 queries

  Processed 6000 queries

  Processed 7000 queries

  Processed 8000 queries

  Processed 9000 queries

  Processed 10000 queries


========== RESULTS ==========

Total queries: 10000

Average recall@10: 0.992820

Average query time: 3.706551 ms

Total query time: 37065.514733 ms


========== DISTANCE STATISTICS ==========

Total queries reported by index: 10000

Total distance computations: 325202585

Average distance ops per query: 32520.258500

Last query distance ops: 24750


========== PERFORMANCE SUMMARY ==========

Data loading time: 2427.168556 ms

Index build time: 1123879.973247 ms

Query execution time: 37065.514733 ms

Total elapsed time: 1277941.709985 ms


========== EFFICIENCY METRICS ==========

Queries per second: 269.792557

Distance ops per second: 8773723.698230


========== END OF LOG ==========

Log saved to: Log/run_20251128_082305_118.log

