========== HNSW Search Test ==========

Timestamp: Tue Dec  9 03:47:31 2025

Command line arguments:
  argv[0]: ./hng3
  argv[1]: --m
  argv[2]: 40
  argv[3]: --max_layer
  argv[4]: 7
  argv[5]: --efc
  argv[6]: 2000
  argv[7]: --efs
  argv[8]: 816
  argv[9]: --hamming_threshold
  argv[10]: 41

Configuration:
  Base file: data_o/glove/base.txt
  Query file: data_o/glove/query.txt
  Truth file: data_o/glove/truth.txt
  K: 10
  M: 40
  Max layer: 7
  EFC: 2000
  EFS: 816
  Threads: -1
  Debug: -1

HNSW parameters set.

Ablation flags: csr=0, prefetch=0, simd=0, pruning=0, heap=0

  Hamming threshold: 41
Loading base vectors...
✓ Base loaded in 2255.224987 ms

Loading query vectors...
✓ Queries loaded in 70.565503 ms

Loading ground truth...
✓ Truth loaded in 69.474028 ms

Data Summary:
  Dimension d=100, Base vectors=1183514, Queries=10000


Building HNSW index...
✓ Index built.
  build_time(local)=4176.235460 ms
  build_time(internal)=4171.270308 ms


========== GRAPH QUALITY ==========

  num_nodes: 1183514

  max_level (entry point): 3

  actual_max_layer: 3

  avg_degree_l0: 72.658490

  avg_degree_upper: 36.400908


  Layer Distribution:

    L0: 1183514 nodes (100.00%)

    L1: 29680 nodes (2.51%)

    L2: 692 nodes (0.06%)

    L3: 24 nodes (0.00%)



Executing queries...

  Processed 1000 queries

  Processed 2000 queries

  Processed 3000 queries

  Processed 4000 queries

  Processed 5000 queries

  Processed 6000 queries

  Processed 7000 queries

  Processed 8000 queries

  Processed 9000 queries

  Processed 10000 queries


========== RESULTS ==========

Total queries: 10000

Average recall@10: 0.990220

Average query time: 3.097446 ms

Total query time: 30974.459819 ms


========== DISTANCE STATISTICS ==========

Total queries reported by index: 10000

Total distance computations: 216787300

Average distance ops per query: 21678.730000

Last query distance ops: 23617


========== PERFORMANCE SUMMARY ==========

Data loading time: 2395.264518 ms

Index build time: 4171.270308 ms

Query execution time: 30974.459819 ms

Total elapsed time: 37545.959797 ms


========== EFFICIENCY METRICS ==========

Queries per second: 322.846631

Distance ops per second: 6998904.945132


========== END OF LOG ==========

Log saved to: Log/run_20251209_034731_027.log

