========== HNSW Search Test ==========

Timestamp: Mon Dec  1 22:49:19 2025

Command line arguments:
  argv[0]: ./hng
  argv[1]: --m
  argv[2]: 57
  argv[3]: --max_layer
  argv[4]: 6
  argv[5]: --efc
  argv[6]: 720
  argv[7]: --efs
  argv[8]: 847

Configuration:
  Base file: data_o/glove/base.txt
  Query file: data_o/glove/query.txt
  Truth file: data_o/glove/truth.txt
  K: 10
  M: 57
  Max layer: 6
  EFC: 720
  EFS: 847
  Threads: -1
  Debug: -1

HNSW parameters set.

Loading base vectors...
✓ Base loaded in 3836.622404 ms

Loading query vectors...
✓ Queries loaded in 75.371950 ms

Loading ground truth...
✓ Truth loaded in 74.310611 ms

Data Summary:
  Dimension d=100, Base vectors=1183514, Queries=10000


Building HNSW index...
