========== HNSW Search Test ==========

Timestamp: Sat Dec  6 02:46:07 2025

Command line arguments:
  argv[0]: ./hng1
  argv[1]: --base
  argv[2]: data_o/glove/base.txt
  argv[3]: --query
  argv[4]: data_o/glove/query.txt
  argv[5]: --truth
  argv[6]: data_o/glove/truth.txt
  argv[7]: --k
  argv[8]: 10
  argv[9]: --m
  argv[10]: 59
  argv[11]: --max_layer
  argv[12]: 5
  argv[13]: --efc
  argv[14]: 763
  argv[15]: --efs
  argv[16]: 325
  argv[17]: --threads
  argv[18]: 32
  argv[19]: --ablate_csr
  argv[20]: 0
  argv[21]: --ablate_prefetch
  argv[22]: 0
  argv[23]: --ablate_simd
  argv[24]: 0
  argv[25]: --ablate_pruning
  argv[26]: 0
  argv[27]: --ablate_heap
  argv[28]: 0
  argv[29]: --ablate_flat_index
  argv[30]: 0
  argv[31]: --ablate_reorder
  argv[32]: 0

Configuration:
  Base file: data_o/glove/base.txt
  Query file: data_o/glove/query.txt
  Truth file: data_o/glove/truth.txt
  K: 10
  M: 59
  Max layer: 5
  EFC: 763
  EFS: 325
  Threads: 32
  Debug: -1

HNSW parameters set.

Ablation flags: csr=0, prefetch=0, simd=0, pruning=0, heap=0

Loading base vectors...
✓ Base loaded in 2495.397989 ms

Loading query vectors...
✓ Queries loaded in 77.101048 ms

Loading ground truth...
✓ Truth loaded in 72.553558 ms

Data Summary:
  Dimension d=100, Base vectors=1183514, Queries=10000


Building HNSW index...
✓ Index built.
  build_time(local)=4525.122052 ms
  build_time(internal)=4519.462335 ms


========== GRAPH QUALITY ==========

  num_nodes: 1183514

  max_level (entry point): 3

  actual_max_layer: 3

  avg_degree_l0: 60.351923

  avg_degree_upper: 0.135749


  Layer Distribution:

    L0: 1183514 nodes (100.00%)

    L1: 20159 nodes (1.70%)

    L2: 318 nodes (0.03%)

    L3: 2 nodes (0.00%)



Executing queries...

  Processed 1000 queries

  Processed 2000 queries

  Processed 3000 queries

  Processed 4000 queries

  Processed 5000 queries

  Processed 6000 queries

  Processed 7000 queries

  Processed 8000 queries

  Processed 9000 queries

  Processed 10000 queries


========== RESULTS ==========

Total queries: 10000

Average recall@10: 0.974710

Average query time: 1.575677 ms

Total query time: 15756.772949 ms


========== DISTANCE STATISTICS ==========

Total queries reported by index: 10000

Total distance computations: 166221995

Average distance ops per query: 16622.199500

Last query distance ops: 13586


========== PERFORMANCE SUMMARY ==========

Data loading time: 2645.052595 ms

Index build time: 4519.462335 ms

Query execution time: 15756.772949 ms

Total elapsed time: 22926.947596 ms


========== EFFICIENCY METRICS ==========

Queries per second: 634.647718

Distance ops per second: 10549240.985956


========== END OF LOG ==========

Log saved to: Log/run_20251206_024607_451.log

