========== HNSW Search Test ==========

Timestamp: Sat Dec  6 06:18:07 2025

Command line arguments:
  argv[0]: ./hng1
  argv[1]: --m
  argv[2]: 70
  argv[3]: --max_layer
  argv[4]: 1
  argv[5]: --efc
  argv[6]: 1096
  argv[7]: --efs
  argv[8]: 338

Configuration:
  Base file: data_o/glove/base.txt
  Query file: data_o/glove/query.txt
  Truth file: data_o/glove/truth.txt
  K: 10
  M: 70
  Max layer: 1
  EFC: 1096
  EFS: 338
  Threads: -1
  Debug: -1

HNSW parameters set.

Ablation flags: csr=0, prefetch=0, simd=0, pruning=0, heap=0

Loading base vectors...
✓ Base loaded in 2158.836727 ms

Loading query vectors...
✓ Queries loaded in 69.947269 ms

Loading ground truth...
✓ Truth loaded in 66.833766 ms

Data Summary:
  Dimension d=100, Base vectors=1183514, Queries=10000


Building HNSW index...
✓ Index built.
  build_time(local)=3929.453434 ms
  build_time(internal)=3924.333558 ms


========== GRAPH QUALITY ==========

  num_nodes: 1183514

  max_level (entry point): 1

  actual_max_layer: 1

  avg_degree_l0: 68.126655

  avg_degree_upper: 0.203692


  Layer Distribution:

    L0: 1183514 nodes (100.00%)

    L1: 16795 nodes (1.42%)



Executing queries...

  Processed 1000 queries

  Processed 2000 queries

  Processed 3000 queries

  Processed 4000 queries

  Processed 5000 queries

  Processed 6000 queries

  Processed 7000 queries

  Processed 8000 queries

  Processed 9000 queries

  Processed 10000 queries


========== RESULTS ==========

Total queries: 10000

Average recall@10: 0.980060

Average query time: 1.331507 ms

Total query time: 13315.070962 ms


========== DISTANCE STATISTICS ==========

Total queries reported by index: 10000

Total distance computations: 194856716

Average distance ops per query: 19485.671600

Last query distance ops: 15579


========== PERFORMANCE SUMMARY ==========

Data loading time: 2295.617762 ms

Index build time: 3924.333558 ms

Query execution time: 13315.070962 ms

Total elapsed time: 19540.142158 ms


========== EFFICIENCY METRICS ==========

Queries per second: 751.028667

Distance ops per second: 14634297.973785


========== END OF LOG ==========

Log saved to: Log/run_20251206_061807_114.log

