========== HNSW Search Test ==========

========== HNSW Search Test ==========

Timestamp: Sat Dec  6 02:25:41 2025

Command line arguments:
  argv[0]: ./hng1
Timestamp: Sat Dec  6 02:25:41 2025

  argv[1]: --base
Command line arguments:
  argv[2]: data_o/glove/base.txt
  argv[0]: ./hng1
  argv[3]: --query
  argv[1]: --base
  argv[4]: data_o/glove/query.txt
  argv[2]: data_o/glove/base.txt
  argv[5]: --truth
  argv[3]: --query
  argv[6]: data_o/glove/truth.txt
  argv[4]: data_o/glove/query.txt
  argv[7]: --k
  argv[5]: --truth
  argv[8]: 10
  argv[6]: data_o/glove/truth.txt
  argv[9]: --m
  argv[7]: --k
  argv[10]: 59
  argv[8]: 10
  argv[11]: --max_layer
  argv[9]: --m
  argv[12]: 5
  argv[10]: 59
  argv[13]: --efc
  argv[11]: --max_layer
  argv[14]: 763
  argv[12]: 5
  argv[15]: --efs
  argv[13]: --efc
  argv[16]: 825
  argv[14]: 763
  argv[17]: --threads
  argv[15]: --efs
  argv[18]: 32
  argv[16]: 1025
  argv[19]: --ablate_csr
  argv[17]: --threads
  argv[20]: 0
  argv[18]: 32
  argv[21]: --ablate_prefetch
  argv[19]: --ablate_csr
  argv[22]: 0
  argv[20]: 0
  argv[23]: --ablate_simd
  argv[21]: --ablate_prefetch
  argv[24]: 0
  argv[22]: 0
  argv[25]: --ablate_pruning
  argv[23]: --ablate_simd
  argv[26]: 0
  argv[24]: 0
  argv[27]: --ablate_heap
  argv[25]: --ablate_pruning
  argv[28]: 0
  argv[26]: 0
  argv[29]: --ablate_flat_index
  argv[27]: --ablate_heap
  argv[30]: 0
  argv[28]: 0
  argv[31]: --ablate_reorder
  argv[29]: --ablate_flat_index
  argv[32]: 0
  argv[30]: 0

Configuration:
  argv[31]: --ablate_reorder
  Base file: data_o/glove/base.txt
  argv[32]: 0
  Query file: data_o/glove/query.txt

Configuration:
  Truth file: data_o/glove/truth.txt
  Base file: data_o/glove/base.txt
  K: 10
  Query file: data_o/glove/query.txt
  M: 59
  Truth file: data_o/glove/truth.txt
  Max layer: 5
  K: 10
  EFC: 763
  M: 59
  EFS: 825
  Max layer: 5
  Threads: 32
  EFC: 763
  Debug: -1
  EFS: 1025

  Threads: 32
HNSW parameters set.

  Debug: -1
Ablation flags: csr=0, prefetch=0, simd=0, pruning=0, heap=0


Loading base vectors...
HNSW parameters set.

Ablation flags: csr=0, prefetch=0, simd=0, pruning=0, heap=0

Loading base vectors...
