========== HNSW Search Test ==========

Timestamp: Mon Dec  8 16:01:14 2025

Command line arguments:
  argv[0]: ./hng3
  argv[1]: --m
  argv[2]: 40
  argv[3]: --max_layer
  argv[4]: 7
  argv[5]: --efc
  argv[6]: 1000
  argv[7]: --efs
  argv[8]: 416
  argv[9]: --hamming_threshold
  argv[10]: 64

Configuration:
  Base file: data_o/glove/base.txt
  Query file: data_o/glove/query.txt
  Truth file: data_o/glove/truth.txt
  K: 10
  M: 40
  Max layer: 7
  EFC: 1000
  EFS: 416
  Threads: -1
  Debug: -1

HNSW parameters set.

Ablation flags: csr=0, prefetch=0, simd=0, pruning=0, heap=0

  Hamming threshold: 64
Loading base vectors...
✓ Base loaded in 3893.348967 ms

Loading query vectors...
✓ Queries loaded in 79.711337 ms

Loading ground truth...
✓ Truth loaded in 75.743356 ms

Data Summary:
  Dimension d=100, Base vectors=1183514, Queries=10000


Building HNSW index...
✓ Index built.
  build_time(local)=4988.949708 ms
  build_time(internal)=4982.752814 ms


========== GRAPH QUALITY ==========

  num_nodes: 1183514

  max_level (entry point): 4

  actual_max_layer: 4

  avg_degree_l0: 68.582917

  avg_degree_upper: 36.158961


  Layer Distribution:

    L0: 1183514 nodes (100.00%)

    L1: 29240 nodes (2.47%)

    L2: 710 nodes (0.06%)

    L3: 24 nodes (0.00%)

    L4: 2 nodes (0.00%)



Executing queries...

  Processed 1000 queries

  Processed 2000 queries

  Processed 3000 queries

  Processed 4000 queries

  Processed 5000 queries

  Processed 6000 queries

  Processed 7000 queries

  Processed 8000 queries

  Processed 9000 queries

  Processed 10000 queries


========== RESULTS ==========

Total queries: 10000

Average recall@10: 0.984300

Average query time: 1.936113 ms

Total query time: 19361.125116 ms


========== DISTANCE STATISTICS ==========

Total queries reported by index: 10000

Total distance computations: 216285494

Average distance ops per query: 21628.549400

Last query distance ops: 19819


========== PERFORMANCE SUMMARY ==========

Data loading time: 4048.803660 ms

Index build time: 4982.752814 ms

Query execution time: 19361.125116 ms

Total elapsed time: 28398.878484 ms


========== EFFICIENCY METRICS ==========

Queries per second: 516.498909

Distance ops per second: 11171122.168993


========== END OF LOG ==========

Log saved to: Log/run_20251208_160114_815.log

