========== HNSW Search Test ==========

Timestamp: Thu Nov 27 17:11:56 2025

Command line arguments:
  argv[0]: ./hng

Configuration:
  Base file: data_o/glove/base.txt
  Query file: data_o/glove/query.txt
  Truth file: data_o/glove/truth.txt
  K: 10
  M: -1
  Max layer: -1
  EFC: -1
  EFS: -1
  Threads: -1
  Debug: -1

Loading base vectors...
✓ Base loaded in 2459.585120 ms

Loading query vectors...
✓ Queries loaded in 77.815089 ms

Loading ground truth...
✓ Truth loaded in 80.251799 ms

Data Summary:
  Dimension d=100, Base vectors=1183514, Queries=10000


Building HNSW index...
✓ Index built.
  build_time(local)=1662022.629410 ms
  build_time(internal)=1523161.018514 ms


========== GRAPH QUALITY ==========

  num_nodes: 1183514

  max_level (entry point): 3

  actual_max_layer: 3

  avg_degree_l0: 59.879601

  avg_degree_upper: 0.198375


  Layer Distribution:

    L0: 1183514 nodes (100.00%)

    L1: 29197 nodes (2.47%)

    L2: 696 nodes (0.06%)

    L3: 20 nodes (0.00%)



Executing queries...

  Processed 1000 queries

  Processed 2000 queries

  Processed 3000 queries

  Processed 4000 queries

  Processed 5000 queries

  Processed 6000 queries

  Processed 7000 queries

  Processed 8000 queries

  Processed 9000 queries

  Processed 10000 queries


========== RESULTS ==========

Total queries: 10000

Average recall@10: 0.981840

Average query time: 2.143024 ms

Total query time: 21430.244789 ms


========== DISTANCE STATISTICS ==========

Total queries reported by index: 10000

Total distance computations: 202768776

Average distance ops per query: 20276.877600

Last query distance ops: 17692


========== PERFORMANCE SUMMARY ==========

Data loading time: 2617.652008 ms

Index build time: 1523161.018514 ms

Query execution time: 21430.244789 ms

Total elapsed time: 1686070.526207 ms


========== EFFICIENCY METRICS ==========

Queries per second: 466.630227

Distance ops per second: 9461804.006274


========== END OF LOG ==========

Log saved to: Log/run_20251127_171156_396.log

