========== HNSW Search Test ==========

Timestamp: Wed Nov 26 07:05:33 2025

Command line arguments:
  argv[0]: ./hng
  argv[1]: --m
  argv[2]: 40
  argv[3]: --efc
  argv[4]: 758
  argv[5]: --efs
  argv[6]: 503

Configuration:
  Base file: data_o/glove/base.txt
  Query file: data_o/glove/query.txt
  Truth file: data_o/glove/truth.txt
  K: 10
  M: 40
  Max layer: -1
  EFC: 758
  EFS: 503
  Threads: -1
  Debug: -1

HNSW parameters set.

Loading base vectors...
✓ Base loaded in 3997.275559 ms

Loading query vectors...
✓ Queries loaded in 92.149425 ms

Loading ground truth...
✓ Truth loaded in 94.349469 ms

Data Summary:
  Dimension d=100, Base vectors=1183514, Queries=10000


Building HNSW index...
✓ Index built.
  build_time(local)=826075.289586 ms
  build_time(internal)=824445.916537 ms


Executing queries...

  Processed 1000 queries

  Processed 2000 queries

  Processed 3000 queries

  Processed 4000 queries

  Processed 5000 queries

  Processed 6000 queries

  Processed 7000 queries

  Processed 8000 queries

  Processed 9000 queries

  Processed 10000 queries


========== RESULTS ==========

Total queries: 10000

Average recall@10: 0.983830

Average query time: 2.416189 ms

Total query time: 24161.891234 ms


========== DISTANCE STATISTICS ==========

Total queries reported by index: 10000

Total distance computations: 217608109

Average distance ops per query: 21760.810900

Last query distance ops: 18291


========== PERFORMANCE SUMMARY ==========

Data loading time: 4183.774453 ms

Index build time: 824445.916537 ms

Query execution time: 24161.891234 ms

Total elapsed time: 854420.955273 ms


========== EFFICIENCY METRICS ==========

Queries per second: 413.874887

Distance ops per second: 9006253.148503


========== END OF LOG ==========

Log saved to: Log/run_20251126_070533_095.log

