========== HNSW Search Test ==========

Timestamp: Thu Nov 27 07:49:30 2025

Command line arguments:
  argv[0]: ./hng
  argv[1]: --m
  argv[2]: 49
  argv[3]: --max_layer
  argv[4]: 9
  argv[5]: --efc
  argv[6]: 718
  argv[7]: --efs
  argv[8]: 236

Configuration:
  Base file: data_o/glove/base.txt
  Query file: data_o/glove/query.txt
  Truth file: data_o/glove/truth.txt
  K: 10
  M: 49
  Max layer: 9
  EFC: 718
  EFS: 236
  Threads: -1
  Debug: -1

HNSW parameters set.

Loading base vectors...
✓ Base loaded in 2230.774375 ms

Loading query vectors...
✓ Queries loaded in 78.789860 ms

Loading ground truth...
✓ Truth loaded in 75.119712 ms

Data Summary:
  Dimension d=100, Base vectors=1183514, Queries=10000


Building HNSW index...
✓ Index built.
  build_time(local)=1190350.511479 ms
  build_time(internal)=1114886.799527 ms


========== GRAPH QUALITY ==========

  num_nodes: 1183514

  max_level (entry point): 3

  actual_max_layer: 3

  avg_degree_l0: 58.035010

  avg_degree_upper: 0.161125


  Layer Distribution:

    L0: 1183514 nodes (100.00%)

    L1: 24087 nodes (2.04%)

    L2: 507 nodes (0.04%)

    L3: 8 nodes (0.00%)



Executing queries...

  Processed 1000 queries

  Processed 2000 queries

  Processed 3000 queries

  Processed 4000 queries

  Processed 5000 queries

  Processed 6000 queries

  Processed 7000 queries

  Processed 8000 queries

  Processed 9000 queries

  Processed 10000 queries


========== RESULTS ==========

Total queries: 10000

Average recall@10: 0.958400

Average query time: 1.171075 ms

Total query time: 11710.751922 ms


========== DISTANCE STATISTICS ==========

Total queries reported by index: 10000

Total distance computations: 119040108

Average distance ops per query: 11904.010800

Last query distance ops: 10415


========== PERFORMANCE SUMMARY ==========

Data loading time: 2384.683947 ms

Index build time: 1114886.799527 ms

Query execution time: 11710.751922 ms

Total elapsed time: 1204445.947348 ms


========== EFFICIENCY METRICS ==========

Queries per second: 853.916133

Distance ops per second: 10165026.873840


========== END OF LOG ==========

Log saved to: Log/run_20251127_074930_804.log

