========== HNSW Search Test ==========

Timestamp: Tue Dec  2 07:41:36 2025

Command line arguments:
  argv[0]: ./hng
  argv[1]: --m
  argv[2]: 34
  argv[3]: --max_layer
  argv[4]: 9
  argv[5]: --efc
  argv[6]: 963
  argv[7]: --efs
  argv[8]: 1282

Configuration:
  Base file: data_o/glove/base.txt
  Query file: data_o/glove/query.txt
  Truth file: data_o/glove/truth.txt
  K: 10
  M: 34
  Max layer: 9
  EFC: 963
  EFS: 1282
  Threads: -1
  Debug: -1

HNSW parameters set.

Loading base vectors...
✓ Base loaded in 3882.433041 ms

Loading query vectors...
✓ Queries loaded in 81.385524 ms

Loading ground truth...
✓ Truth loaded in 83.465045 ms

Data Summary:
  Dimension d=100, Base vectors=1183514, Queries=10000


Building HNSW index...
✓ Index built.
  build_time(local)=1162620.973120 ms
  build_time(internal)=1223863.533710 ms


========== GRAPH QUALITY ==========

  num_nodes: 1183514

  max_level (entry point): 4

  actual_max_layer: 4

  avg_degree_l0: 54.357899

  avg_degree_upper: 0.162728


  Layer Distribution:

    L0: 1183514 nodes (100.00%)

    L1: 34645 nodes (2.93%)

    L2: 1037 nodes (0.09%)

    L3: 32 nodes (0.00%)

    L4: 2 nodes (0.00%)



Executing queries...

  Processed 1000 queries

  Processed 2000 queries

  Processed 3000 queries

  Processed 4000 queries

  Processed 5000 queries

  Processed 6000 queries

  Processed 7000 queries

  Processed 8000 queries

  Processed 9000 queries

  Processed 10000 queries


========== RESULTS ==========

Total queries: 10000

Average recall@10: 0.996590

Average query time: 3.621966 ms

Total query time: 36219.662739 ms


========== DISTANCE STATISTICS ==========

Total queries reported by index: 10000

Total distance computations: 0

Average distance ops per query: 0.000000

Last query distance ops: 0


========== PERFORMANCE SUMMARY ==========

Data loading time: 4047.283610 ms

Index build time: 1223863.533710 ms

Query execution time: 36219.662739 ms

Total elapsed time: 1202887.919469 ms


========== EFFICIENCY METRICS ==========

Queries per second: 276.093129


========== END OF LOG ==========

Log saved to: Log/run_20251202_074136_845.log

