========== HNSW Search Test ==========

Timestamp: Tue Nov 25 23:51:59 2025

Command line arguments:
  argv[0]: ./hng
  argv[1]: --m
  argv[2]: 50
  argv[3]: --efc
  argv[4]: 547
  argv[5]: --efs
  argv[6]: 718

Configuration:
  Base file: data_o/glove/base.txt
  Query file: data_o/glove/query.txt
  Truth file: data_o/glove/truth.txt
  K: 10
  M: 50
  Max layer: -1
  EFC: 547
  EFS: 718
  Threads: -1
  Debug: -1

HNSW parameters set.

Loading base vectors...
✓ Base loaded in 6187.338165 ms

Loading query vectors...
✓ Queries loaded in 192.771003 ms

Loading ground truth...
✓ Truth loaded in 245.325721 ms

Data Summary:
  Dimension d=100, Base vectors=1183514, Queries=10000


Building HNSW index...
✓ Index built.
  build_time(local)=528479.147395 ms
  build_time(internal)=564252.435560 ms


Executing queries...

  Processed 1000 queries

  Processed 2000 queries

  Processed 3000 queries

  Processed 4000 queries

  Processed 5000 queries

  Processed 6000 queries

  Processed 7000 queries

  Processed 8000 queries

  Processed 9000 queries

  Processed 10000 queries


========== RESULTS ==========

Total queries: 10000

Average recall@10: 0.990690

Average query time: 3.508275 ms

Total query time: 35082.748094 ms


========== DISTANCE STATISTICS ==========

Total queries reported by index: 10000

Total distance computations: 293104221

Average distance ops per query: 29310.422100

Last query distance ops: 22476


========== PERFORMANCE SUMMARY ==========

Data loading time: 6625.434889 ms

Index build time: 564252.435560 ms

Query execution time: 35082.748094 ms

Total elapsed time: 570187.330378 ms


========== EFFICIENCY METRICS ==========

Queries per second: 285.040384

Distance ops per second: 8354653.980203


========== END OF LOG ==========

Log saved to: Log/run_20251125_235159_626.log

