========== HNSW Search Test ==========

Timestamp: Mon Dec  8 17:03:26 2025

Command line arguments:
  argv[0]: ./hng3
  argv[1]: --m
  argv[2]: 40
  argv[3]: --max_layer
  argv[4]: 7
  argv[5]: --efc
  argv[6]: 1300
  argv[7]: --efs
  argv[8]: 464
  argv[9]: --hamming_threshold
  argv[10]: 50

Configuration:
  Base file: data_o/glove/base.txt
  Query file: data_o/glove/query.txt
  Truth file: data_o/glove/truth.txt
  K: 10
  M: 40
  Max layer: 7
  EFC: 1300
  EFS: 464
  Threads: -1
  Debug: -1

HNSW parameters set.

Ablation flags: csr=0, prefetch=0, simd=0, pruning=0, heap=0

  Hamming threshold: 50
Loading base vectors...
✓ Base loaded in 2296.666196 ms

Loading query vectors...
✓ Queries loaded in 74.579013 ms

Loading ground truth...
✓ Truth loaded in 76.857122 ms

Data Summary:
  Dimension d=100, Base vectors=1183514, Queries=10000


Building HNSW index...
✓ Index built.
  build_time(local)=4272.763490 ms
  build_time(internal)=4267.112593 ms


========== GRAPH QUALITY ==========

  num_nodes: 1183514

  max_level (entry point): 4

  actual_max_layer: 4

  avg_degree_l0: 70.480409

  avg_degree_upper: 36.234139


  Layer Distribution:

    L0: 1183514 nodes (100.00%)

    L1: 29379 nodes (2.48%)

    L2: 691 nodes (0.06%)

    L3: 18 nodes (0.00%)

    L4: 1 nodes (0.00%)



Executing queries...

  Processed 1000 queries

  Processed 2000 queries

  Processed 3000 queries

  Processed 4000 queries

  Processed 5000 queries

  Processed 6000 queries

  Processed 7000 queries

  Processed 8000 queries

  Processed 9000 queries

  Processed 10000 queries


========== RESULTS ==========

Total queries: 10000

Average recall@10: 0.987290

Average query time: 2.692552 ms

Total query time: 26925.517730 ms


========== DISTANCE STATISTICS ==========

Total queries reported by index: 10000

Total distance computations: 236284106

Average distance ops per query: 23628.410600

Last query distance ops: 21907


========== PERFORMANCE SUMMARY ==========

Data loading time: 2448.102331 ms

Index build time: 4267.112593 ms

Query execution time: 26925.517730 ms

Total elapsed time: 33646.383551 ms


========== EFFICIENCY METRICS ==========

Queries per second: 371.394901

Distance ops per second: 8775471.222852


========== END OF LOG ==========

Log saved to: Log/run_20251208_170326_643.log

