========== HNSW Search Test ==========

Timestamp: Mon Dec  1 21:02:53 2025

Command line arguments:
  argv[0]: ./hng
  argv[1]: --m
  argv[2]: 40
  argv[3]: --max_layer
  argv[4]: 17
  argv[5]: --efc
  argv[6]: 648
  argv[7]: --efs
  argv[8]: 457

Configuration:
  Base file: data_o/glove/base.txt
  Query file: data_o/glove/query.txt
  Truth file: data_o/glove/truth.txt
  K: 10
  M: 40
  Max layer: 17
  EFC: 648
  EFS: 457
  Threads: -1
  Debug: -1

HNSW parameters set.

Loading base vectors...
✓ Base loaded in 2320.876903 ms

Loading query vectors...
✓ Queries loaded in 72.909463 ms

Loading ground truth...
✓ Truth loaded in 70.882055 ms

Data Summary:
  Dimension d=100, Base vectors=1183514, Queries=10000


Building HNSW index...
✓ Index built.
  build_time(local)=1020521.984055 ms
  build_time(internal)=1017970.956416 ms


========== GRAPH QUALITY ==========

  num_nodes: 1183514

  max_level (entry point): 3

  actual_max_layer: 3

  avg_degree_l0: 53.588742

  avg_degree_upper: 0.207177


  Layer Distribution:

    L0: 1183514 nodes (100.00%)

    L1: 29590 nodes (2.50%)

    L2: 745 nodes (0.06%)

    L3: 11 nodes (0.00%)



Executing queries...

  Processed 1000 queries

  Processed 2000 queries

  Processed 3000 queries

  Processed 4000 queries

  Processed 5000 queries

  Processed 6000 queries

  Processed 7000 queries

  Processed 8000 queries

  Processed 9000 queries

  Processed 10000 queries


========== RESULTS ==========

Total queries: 10000

Average recall@10: 0.979940

Average query time: 1.670214 ms

Total query time: 16702.138574 ms


========== DISTANCE STATISTICS ==========

Total queries reported by index: 10000

Total distance computations: 0

Average distance ops per query: 0.000000

Last query distance ops: 0


========== PERFORMANCE SUMMARY ==========

Data loading time: 2464.668421 ms

Index build time: 1017970.956416 ms

Query execution time: 16702.138574 ms

Total elapsed time: 1039688.791050 ms


========== EFFICIENCY METRICS ==========

Queries per second: 598.725723


========== END OF LOG ==========

Log saved to: Log/run_20251201_210253_220.log

