========== HNSW Search Test ==========

Timestamp: Fri Nov 28 06:53:15 2025

Command line arguments:
  argv[0]: ./hng
  argv[1]: --m
  argv[2]: 35
  argv[3]: --max_layer
  argv[4]: 14
  argv[5]: --efc
  argv[6]: 923
  argv[7]: --efs
  argv[8]: 421

Configuration:
  Base file: data_o/glove/base.txt
  Query file: data_o/glove/query.txt
  Truth file: data_o/glove/truth.txt
  K: 10
  M: 35
  Max layer: 14
  EFC: 923
  EFS: 421
  Threads: -1
  Debug: -1

HNSW parameters set.

Loading base vectors...
✓ Base loaded in 2229.445718 ms

Loading query vectors...
✓ Queries loaded in 71.498666 ms

Loading ground truth...
✓ Truth loaded in 71.711524 ms

Data Summary:
  Dimension d=100, Base vectors=1183514, Queries=10000


Building HNSW index...
✓ Index built.
  build_time(local)=1446399.822452 ms
  build_time(internal)=1312264.677208 ms


========== GRAPH QUALITY ==========

  num_nodes: 1183514

  max_level (entry point): 3

  actual_max_layer: 3

  avg_degree_l0: 54.908018

  avg_degree_upper: 0.235472


  Layer Distribution:

    L0: 1183514 nodes (100.00%)

    L1: 34082 nodes (2.88%)

    L2: 955 nodes (0.08%)

    L3: 33 nodes (0.00%)



Executing queries...

  Processed 1000 queries

  Processed 2000 queries

  Processed 3000 queries

  Processed 4000 queries

  Processed 5000 queries

  Processed 6000 queries

  Processed 7000 queries

  Processed 8000 queries

  Processed 9000 queries

  Processed 10000 queries


========== RESULTS ==========

Total queries: 10000

Average recall@10: 0.977220

Average query time: 1.967467 ms

Total query time: 19674.670752 ms


========== DISTANCE STATISTICS ==========

Total queries reported by index: 10000

Total distance computations: 178212127

Average distance ops per query: 17821.212700

Last query distance ops: 15909


========== PERFORMANCE SUMMARY ==========

Data loading time: 2372.655908 ms

Index build time: 1312264.677208 ms

Query execution time: 19674.670752 ms

Total elapsed time: 1468447.149112 ms


========== EFFICIENCY METRICS ==========

Queries per second: 508.267718

Distance ops per second: 9057947.106021


========== END OF LOG ==========

Log saved to: Log/run_20251128_065315_877.log

