========== HNSW Search Test ==========

Timestamp: Mon Dec  8 19:38:28 2025

Command line arguments:
  argv[0]: ./hng3
  argv[1]: --m
  argv[2]: 57
  argv[3]: --max_layer
  argv[4]: 7
  argv[5]: --efc
  argv[6]: 1300
  argv[7]: --efs
  argv[8]: 456
  argv[9]: --hamming_threshold
  argv[10]: 41

Configuration:
  Base file: data_o/glove/base.txt
  Query file: data_o/glove/query.txt
  Truth file: data_o/glove/truth.txt
  K: 10
  M: 57
  Max layer: 7
  EFC: 1300
  EFS: 456
  Threads: -1
  Debug: -1

HNSW parameters set.

Ablation flags: csr=0, prefetch=0, simd=0, pruning=0, heap=0

  Hamming threshold: 41
Loading base vectors...
✓ Base loaded in 2068.990872 ms

Loading query vectors...
✓ Queries loaded in 70.147083 ms

Loading ground truth...
✓ Truth loaded in 64.939092 ms

Data Summary:
  Dimension d=100, Base vectors=1183514, Queries=10000


Building HNSW index...
✓ Index built.
  build_time(local)=4383.766355 ms
  build_time(internal)=4378.861903 ms


========== GRAPH QUALITY ==========

  num_nodes: 1183514

  max_level (entry point): 3

  actual_max_layer: 3

  avg_degree_l0: 87.299657

  avg_degree_upper: 41.202402


  Layer Distribution:

    L0: 1183514 nodes (100.00%)

    L1: 20771 nodes (1.76%)

    L2: 369 nodes (0.03%)

    L3: 6 nodes (0.00%)



Executing queries...

  Processed 1000 queries

  Processed 2000 queries

  Processed 3000 queries

  Processed 4000 queries

  Processed 5000 queries

  Processed 6000 queries

  Processed 7000 queries

  Processed 8000 queries

  Processed 9000 queries

  Processed 10000 queries


========== RESULTS ==========

Total queries: 10000

Average recall@10: 0.986730

Average query time: 2.184953 ms

Total query time: 21849.526853 ms


========== DISTANCE STATISTICS ==========

Total queries reported by index: 10000

Total distance computations: 170537537

Average distance ops per query: 17053.753700

Last query distance ops: 20228


========== PERFORMANCE SUMMARY ==========

Data loading time: 2204.077047 ms

Index build time: 4378.861903 ms

Query execution time: 21849.526853 ms

Total elapsed time: 28437.370255 ms


========== EFFICIENCY METRICS ==========

Queries per second: 457.675815

Distance ops per second: 7805090.615799


========== END OF LOG ==========

Log saved to: Log/run_20251208_193828_705.log

