========== HNSW Search Test ==========

Timestamp: Tue Dec  2 06:12:41 2025

Command line arguments:
  argv[0]: ./hng
  argv[1]: --m
  argv[2]: 23
  argv[3]: --max_layer
  argv[4]: 17
  argv[5]: --efc
  argv[6]: 809
  argv[7]: --efs
  argv[8]: 1074

Configuration:
  Base file: data_o/glove/base.txt
  Query file: data_o/glove/query.txt
  Truth file: data_o/glove/truth.txt
  K: 10
  M: 23
  Max layer: 17
  EFC: 809
  EFS: 1074
  Threads: -1
  Debug: -1

HNSW parameters set.

Loading base vectors...
✓ Base loaded in 3164.699589 ms

Loading query vectors...
✓ Queries loaded in 85.888152 ms

Loading ground truth...
✓ Truth loaded in 84.276647 ms

Data Summary:
  Dimension d=100, Base vectors=1183514, Queries=10000


Building HNSW index...
✓ Index built.
  build_time(local)=690388.761144 ms
  build_time(internal)=729774.206771 ms


========== GRAPH QUALITY ==========

  num_nodes: 1183514

  max_level (entry point): 4

  actual_max_layer: 4

  avg_degree_l0: 40.366716

  avg_degree_upper: 0.198750


  Layer Distribution:

    L0: 1183514 nodes (100.00%)

    L1: 51262 nodes (4.33%)

    L2: 2218 nodes (0.19%)

    L3: 107 nodes (0.01%)

    L4: 3 nodes (0.00%)



Executing queries...

  Processed 1000 queries

  Processed 2000 queries

  Processed 3000 queries

  Processed 4000 queries

  Processed 5000 queries

  Processed 6000 queries

  Processed 7000 queries

  Processed 8000 queries

  Processed 9000 queries

  Processed 10000 queries


========== RESULTS ==========

Total queries: 10000

Average recall@10: 0.986840

Average query time: 2.148778 ms

Total query time: 21487.779459 ms


========== DISTANCE STATISTICS ==========

Total queries reported by index: 10000

Total distance computations: 0

Average distance ops per query: 0.000000

Last query distance ops: 0


========== PERFORMANCE SUMMARY ==========

Data loading time: 3334.864388 ms

Index build time: 729774.206771 ms

Query execution time: 21487.779459 ms

Total elapsed time: 715211.404991 ms


========== EFFICIENCY METRICS ==========

Queries per second: 465.380800


========== END OF LOG ==========

Log saved to: Log/run_20251202_061241_681.log

