========== HNSW Search Test ==========

Timestamp: Sun Dec  7 04:10:44 2025

Command line arguments:
  argv[0]: ./hng2
  argv[1]: --m
  argv[2]: 64
  argv[3]: --max_layer
  argv[4]: 7
  argv[5]: --efc
  argv[6]: 600
  argv[7]: --efs
  argv[8]: 500

Configuration:
  Base file: data_o/glove/base.txt
  Query file: data_o/glove/query.txt
  Truth file: data_o/glove/truth.txt
  K: 10
  M: 64
  Max layer: 7
  EFC: 600
  EFS: 500
  Threads: -1
  Debug: -1

HNSW parameters set.

Ablation flags: csr=0, prefetch=0, simd=0, pruning=0, heap=0

Loading base vectors...
✓ Base loaded in 3598.772207 ms

Loading query vectors...
✓ Queries loaded in 69.014914 ms

Loading ground truth...
✓ Truth loaded in 67.357288 ms

Data Summary:
  Dimension d=100, Base vectors=1183514, Queries=10000


Building HNSW index...
✓ Index built.
  build_time(local)=1810254.889991 ms
  build_time(internal)=1790765.092916 ms


========== GRAPH QUALITY ==========

  num_nodes: 1183514

  max_level (entry point): 4

  actual_max_layer: 4

  avg_degree_l0: 75.967228

  avg_degree_upper: 0.130254


  Layer Distribution:

    L0: 1183514 nodes (100.00%)

    L1: 18263 nodes (1.54%)

    L2: 286 nodes (0.02%)

    L3: 6 nodes (0.00%)

    L4: 1 nodes (0.00%)



Executing queries...

  Processed 1000 queries

  Processed 2000 queries

  Processed 3000 queries

  Processed 4000 queries

  Processed 5000 queries

  Processed 6000 queries

  Processed 7000 queries

  Processed 8000 queries

  Processed 9000 queries

  Processed 10000 queries


========== RESULTS ==========

Total queries: 10000

Average recall@10: 0.991740

Average query time: 2.726631 ms

Total query time: 27266.308835 ms


========== DISTANCE STATISTICS ==========

Total queries reported by index: 10000

Total distance computations: 314992981

Average distance ops per query: 31499.298100

Last query distance ops: 30811


========== PERFORMANCE SUMMARY ==========

Data loading time: 3735.144409 ms

Index build time: 1790765.092916 ms

Query execution time: 27266.308835 ms

Total elapsed time: 1841256.343235 ms


========== EFFICIENCY METRICS ==========

Queries per second: 366.752979

Distance ops per second: 11552461.424322


========== END OF LOG ==========

Log saved to: Log/run_20251207_041044_651.log

