========== HNSW Search Test ==========

Timestamp: Mon Dec  8 20:43:15 2025

Command line arguments:
  argv[0]: ./hng3
  argv[1]: --m
  argv[2]: 64
  argv[3]: --max_layer
  argv[4]: 7
  argv[5]: --efc
  argv[6]: 1000
  argv[7]: --efs
  argv[8]: 448
  argv[9]: --hamming_threshold
  argv[10]: 41

Configuration:
  Base file: data_o/glove/base.txt
  Query file: data_o/glove/query.txt
  Truth file: data_o/glove/truth.txt
  K: 10
  M: 64
  Max layer: 7
  EFC: 1000
  EFS: 448
  Threads: -1
  Debug: -1

HNSW parameters set.

Ablation flags: csr=0, prefetch=0, simd=0, pruning=0, heap=0

  Hamming threshold: 41
Loading base vectors...
✓ Base loaded in 3731.152133 ms

Loading query vectors...
✓ Queries loaded in 86.985738 ms

Loading ground truth...
✓ Truth loaded in 93.516432 ms

Data Summary:
  Dimension d=100, Base vectors=1183514, Queries=10000


Building HNSW index...
✓ Index built.
  build_time(local)=5162.649465 ms
  build_time(internal)=5157.777473 ms


========== GRAPH QUALITY ==========

  num_nodes: 1183514

  max_level (entry point): 3

  actual_max_layer: 3

  avg_degree_l0: 86.924785

  avg_degree_upper: 41.054540


  Layer Distribution:

    L0: 1183514 nodes (100.00%)

    L1: 18574 nodes (1.57%)

    L2: 291 nodes (0.02%)

    L3: 2 nodes (0.00%)



Executing queries...

  Processed 1000 queries

  Processed 2000 queries

  Processed 3000 queries

  Processed 4000 queries

  Processed 5000 queries

  Processed 6000 queries

  Processed 7000 queries

  Processed 8000 queries

  Processed 9000 queries

  Processed 10000 queries


========== RESULTS ==========

Total queries: 10000

Average recall@10: 0.986600

Average query time: 2.185616 ms

Total query time: 21856.160894 ms


========== DISTANCE STATISTICS ==========

Total queries reported by index: 10000

Total distance computations: 171901063

Average distance ops per query: 17190.106300

Last query distance ops: 20487


========== PERFORMANCE SUMMARY ==========

Data loading time: 3911.654303 ms

Index build time: 5157.777473 ms

Query execution time: 21856.160894 ms

Total elapsed time: 30930.464662 ms


========== EFFICIENCY METRICS ==========

Queries per second: 457.536895

Distance ops per second: 7865107.867466


========== END OF LOG ==========

Log saved to: Log/run_20251208_204315_879.log

