========== HNSW Search Test ==========

Timestamp: Tue Dec  2 02:12:31 2025

Command line arguments:
  argv[0]: ./hng
  argv[1]: --m
  argv[2]: 61
  argv[3]: --max_layer
  argv[4]: 20
  argv[5]: --efc
  argv[6]: 681
  argv[7]: --efs
  argv[8]: 246

Configuration:
  Base file: data_o/glove/base.txt
  Query file: data_o/glove/query.txt
  Truth file: data_o/glove/truth.txt
  K: 10
  M: 61
  Max layer: 20
  EFC: 681
  EFS: 246
  Threads: -1
  Debug: -1

HNSW parameters set.

Loading base vectors...
✓ Base loaded in 3497.236270 ms

Loading query vectors...
✓ Queries loaded in 89.745991 ms

Loading ground truth...
✓ Truth loaded in 70.025834 ms

Data Summary:
  Dimension d=100, Base vectors=1183514, Queries=10000


Building HNSW index...
✓ Index built.
  build_time(local)=937419.478541 ms
  build_time(internal)=994764.672862 ms


========== GRAPH QUALITY ==========

  num_nodes: 1183514

  max_level (entry point): 4

  actual_max_layer: 4

  avg_degree_l0: 58.030244

  avg_degree_upper: 0.096711


  Layer Distribution:

    L0: 1183514 nodes (100.00%)

    L1: 19480 nodes (1.65%)

    L2: 299 nodes (0.03%)

    L3: 11 nodes (0.00%)

    L4: 1 nodes (0.00%)



Executing queries...

  Processed 1000 queries

  Processed 2000 queries

  Processed 3000 queries

  Processed 4000 queries

  Processed 5000 queries

  Processed 6000 queries

  Processed 7000 queries

  Processed 8000 queries

  Processed 9000 queries

  Processed 10000 queries


========== RESULTS ==========

Total queries: 10000

Average recall@10: 0.961800

Average query time: 0.836297 ms

Total query time: 8362.969204 ms


========== DISTANCE STATISTICS ==========

Total queries reported by index: 10000

Total distance computations: 0

Average distance ops per query: 0.000000

Last query distance ops: 0


========== PERFORMANCE SUMMARY ==========

Data loading time: 3657.008095 ms

Index build time: 994764.672862 ms

Query execution time: 8362.969204 ms

Total elapsed time: 949439.455840 ms


========== EFFICIENCY METRICS ==========

Queries per second: 1195.747558


========== END OF LOG ==========

Log saved to: Log/run_20251202_021231_132.log

