========== HNSW Search Test ==========

Timestamp: Wed Nov 26 09:07:16 2025

Command line arguments:
  argv[0]: ./hng
  argv[1]: --m
  argv[2]: 20
  argv[3]: --efc
  argv[4]: 987
  argv[5]: --efs
  argv[6]: 1633

Configuration:
  Base file: data_o/glove/base.txt
  Query file: data_o/glove/query.txt
  Truth file: data_o/glove/truth.txt
  K: 10
  M: 20
  Max layer: -1
  EFC: 987
  EFS: 1633
  Threads: -1
  Debug: -1

HNSW parameters set.

Loading base vectors...
✓ Base loaded in 4177.622391 ms

Loading query vectors...
✓ Queries loaded in 92.691442 ms

Loading ground truth...
✓ Truth loaded in 90.026390 ms

Data Summary:
  Dimension d=100, Base vectors=1183514, Queries=10000


Building HNSW index...
✓ Index built.
  build_time(local)=619786.718655 ms
  build_time(internal)=618019.186570 ms


Executing queries...

  Processed 1000 queries

  Processed 2000 queries

  Processed 3000 queries

  Processed 4000 queries

  Processed 5000 queries

  Processed 6000 queries

  Processed 7000 queries

  Processed 8000 queries

  Processed 9000 queries

  Processed 10000 queries


========== RESULTS ==========

Total queries: 10000

Average recall@10: 0.990080

Average query time: 5.659659 ms

Total query time: 56596.586897 ms


========== DISTANCE STATISTICS ==========

Total queries reported by index: 10000

Total distance computations: 371131667

Average distance ops per query: 37113.166700

Last query distance ops: 30711


========== PERFORMANCE SUMMARY ==========

Data loading time: 4360.340223 ms

Index build time: 618019.186570 ms

Query execution time: 56596.586897 ms

Total elapsed time: 680743.645775 ms


========== EFFICIENCY METRICS ==========

Queries per second: 176.689100

Distance ops per second: 6557492.021125


========== END OF LOG ==========

Log saved to: Log/run_20251126_090716_373.log

