========== HNSW Search Test ==========

Timestamp: Thu Dec  4 07:28:25 2025

Command line arguments:
  argv[0]: ./hng1
  argv[1]: --m
  argv[2]: 50
  argv[3]: --max_layer
  argv[4]: 5
  argv[5]: --efc
  argv[6]: 630
  argv[7]: --efs
  argv[8]: 620

Configuration:
  Base file: data_o/glove/base.txt
  Query file: data_o/glove/query.txt
  Truth file: data_o/glove/truth.txt
  K: 10
  M: 50
  Max layer: 5
  EFC: 630
  EFS: 620
  Threads: -1
  Debug: -1

HNSW parameters set.

Ablation flags: csr=0, prefetch=0, simd=0, pruning=0, heap=0

Loading base vectors...
✓ Base loaded in 2071.473279 ms

Loading query vectors...
✓ Queries loaded in 69.055815 ms

Loading ground truth...
✓ Truth loaded in 66.432423 ms

Data Summary:
  Dimension d=100, Base vectors=1183514, Queries=10000


Building HNSW index...
✓ Index built.
  build_time(local)=3732.407166 ms
  build_time(internal)=3727.707469 ms


========== GRAPH QUALITY ==========

  num_nodes: 1183514

  max_level (entry point): 3

  actual_max_layer: 3

  avg_degree_l0: 55.584567

  avg_degree_upper: 0.182471


  Layer Distribution:

    L0: 1183514 nodes (100.00%)

    L1: 23578 nodes (1.99%)

    L2: 485 nodes (0.04%)

    L3: 12 nodes (0.00%)



Executing queries...

  Processed 1000 queries

  Processed 2000 queries

  Processed 3000 queries

  Processed 4000 queries

  Processed 5000 queries

  Processed 6000 queries

  Processed 7000 queries

  Processed 8000 queries

  Processed 9000 queries

  Processed 10000 queries


========== RESULTS ==========

Total queries: 10000

Average recall@10: 0.989140

Average query time: 1.928504 ms

Total query time: 19285.036876 ms


========== DISTANCE STATISTICS ==========

Total queries reported by index: 10000

Total distance computations: 269369418

Average distance ops per query: 26936.941800

Last query distance ops: 20812


========== PERFORMANCE SUMMARY ==========

Data loading time: 2206.961517 ms

Index build time: 3727.707469 ms

Query execution time: 19285.036876 ms

Total elapsed time: 25224.405559 ms


========== EFFICIENCY METRICS ==========

Queries per second: 518.536732

Distance ops per second: 13967793.773588


========== END OF LOG ==========

Log saved to: Log/run_20251204_072825_158.log

