========== HNSW Search Test ==========

Timestamp: Thu Dec  4 14:36:22 2025

Command line arguments:
  argv[0]: ./hng1
  argv[1]: --m
  argv[2]: 34
  argv[3]: --max_layer
  argv[4]: 7
  argv[5]: --efc
  argv[6]: 445
  argv[7]: --efs
  argv[8]: 924

Configuration:
  Base file: data_o/glove/base.txt
  Query file: data_o/glove/query.txt
  Truth file: data_o/glove/truth.txt
  K: 10
  M: 34
  Max layer: 7
  EFC: 445
  EFS: 924
  Threads: -1
  Debug: -1

HNSW parameters set.

Ablation flags: csr=0, prefetch=0, simd=0, pruning=0, heap=0

Loading base vectors...
✓ Base loaded in 3730.817886 ms

Loading query vectors...
✓ Queries loaded in 138.658432 ms

Loading ground truth...
✓ Truth loaded in 136.970961 ms

Data Summary:
  Dimension d=100, Base vectors=1183514, Queries=10000


Building HNSW index...
✓ Index built.
  build_time(local)=4057.984618 ms
  build_time(internal)=4052.684544 ms


========== GRAPH QUALITY ==========

  num_nodes: 1183514

  max_level (entry point): 4

  actual_max_layer: 4

  avg_degree_l0: 44.902996

  avg_degree_upper: 0.185868


  Layer Distribution:

    L0: 1183514 nodes (100.00%)

    L1: 34698 nodes (2.93%)

    L2: 1051 nodes (0.09%)

    L3: 28 nodes (0.00%)

    L4: 1 nodes (0.00%)



Executing queries...

  Processed 1000 queries

  Processed 2000 queries

  Processed 3000 queries

  Processed 4000 queries

  Processed 5000 queries

  Processed 6000 queries

  Processed 7000 queries

  Processed 8000 queries

  Processed 9000 queries

  Processed 10000 queries


========== RESULTS ==========

Total queries: 10000

Average recall@10: 0.989960

Average query time: 2.951157 ms

Total query time: 29511.572615 ms


========== DISTANCE STATISTICS ==========

Total queries reported by index: 10000

Total distance computations: 301783853

Average distance ops per query: 30178.385300

Last query distance ops: 23949


========== PERFORMANCE SUMMARY ==========

Data loading time: 4006.447279 ms

Index build time: 4052.684544 ms

Query execution time: 29511.572615 ms

Total elapsed time: 37576.004512 ms


========== EFFICIENCY METRICS ==========

Queries per second: 338.850123

Distance ops per second: 10225949.560093


========== END OF LOG ==========

Log saved to: Log/run_20251204_143622_842.log

