========== HNSW Search Test ==========

Timestamp: Wed Nov 26 09:50:17 2025

Command line arguments:
  argv[0]: ./hng
  argv[1]: --m
  argv[2]: 25
  argv[3]: --efc
  argv[4]: 588
  argv[5]: --efs
  argv[6]: 222

Configuration:
  Base file: data_o/glove/base.txt
  Query file: data_o/glove/query.txt
  Truth file: data_o/glove/truth.txt
  K: 10
  M: 25
  Max layer: -1
  EFC: 588
  EFS: 222
  Threads: -1
  Debug: -1

HNSW parameters set.

Loading base vectors...
✓ Base loaded in 4506.966312 ms

Loading query vectors...
✓ Queries loaded in 96.260091 ms

Loading ground truth...
✓ Truth loaded in 88.707690 ms

Data Summary:
  Dimension d=100, Base vectors=1183514, Queries=10000


Building HNSW index...
✓ Index built.
  build_time(local)=466574.669200 ms
  build_time(internal)=464138.418757 ms


Executing queries...

  Processed 1000 queries

  Processed 2000 queries

  Processed 3000 queries

  Processed 4000 queries

  Processed 5000 queries

  Processed 6000 queries

  Processed 7000 queries

  Processed 8000 queries

  Processed 9000 queries

  Processed 10000 queries


========== RESULTS ==========

Total queries: 10000

Average recall@10: 0.929080

Average query time: 0.897193 ms

Total query time: 8971.925183 ms


========== DISTANCE STATISTICS ==========

Total queries reported by index: 10000

Total distance computations: 75081245

Average distance ops per query: 7508.124500

Last query distance ops: 7293


========== PERFORMANCE SUMMARY ==========

Data loading time: 4691.934093 ms

Index build time: 464138.418757 ms

Query execution time: 8971.925183 ms

Total elapsed time: 480238.528476 ms


========== EFFICIENCY METRICS ==========

Queries per second: 1114.587984

Distance ops per second: 8368465.348136


========== END OF LOG ==========

Log saved to: Log/run_20251126_095017_850.log

