========== HNSW Search Test ==========

Timestamp: Tue Dec  9 02:56:40 2025

Command line arguments:
  argv[0]: ./hng3
  argv[1]: --m
  argv[2]: 32
  argv[3]: --max_layer
  argv[4]: 7
  argv[5]: --efc
  argv[6]: 2000
  argv[7]: --efs
  argv[8]: 480
  argv[9]: --hamming_threshold
  argv[10]: 41

Configuration:
  Base file: data_o/glove/base.txt
  Query file: data_o/glove/query.txt
  Truth file: data_o/glove/truth.txt
  K: 10
  M: 32
  Max layer: 7
  EFC: 2000
  EFS: 480
  Threads: -1
  Debug: -1

HNSW parameters set.

Ablation flags: csr=0, prefetch=0, simd=0, pruning=0, heap=0

  Hamming threshold: 41
Loading base vectors...
✓ Base loaded in 2197.480337 ms

Loading query vectors...
✓ Queries loaded in 70.250932 ms

Loading ground truth...
✓ Truth loaded in 67.562962 ms

Data Summary:
  Dimension d=100, Base vectors=1183514, Queries=10000


Building HNSW index...
✓ Index built.
  build_time(local)=4167.805371 ms
  build_time(internal)=3339.719079 ms


========== GRAPH QUALITY ==========

  num_nodes: 1183514

  max_level (entry point): 3

  actual_max_layer: 3

  avg_degree_l0: 60.310219

  avg_degree_upper: 30.603494


  Layer Distribution:

    L0: 1183514 nodes (100.00%)

    L1: 37279 nodes (3.15%)

    L2: 1153 nodes (0.10%)

    L3: 39 nodes (0.00%)



Executing queries...

  Processed 1000 queries

  Processed 2000 queries

  Processed 3000 queries

  Processed 4000 queries

  Processed 5000 queries

  Processed 6000 queries

  Processed 7000 queries

  Processed 8000 queries

  Processed 9000 queries

  Processed 10000 queries


========== RESULTS ==========

Total queries: 10000

Average recall@10: 0.976730

Average query time: 1.651375 ms

Total query time: 16513.747804 ms


========== DISTANCE STATISTICS ==========

Total queries reported by index: 10000

Total distance computations: 122580973

Average distance ops per query: 12258.097300

Last query distance ops: 13975


========== PERFORMANCE SUMMARY ==========

Data loading time: 2335.294231 ms

Index build time: 3339.719079 ms

Query execution time: 16513.747804 ms

Total elapsed time: 23016.847406 ms


========== EFFICIENCY METRICS ==========

Queries per second: 605.556057

Distance ops per second: 7422965.062498


========== END OF LOG ==========

Log saved to: Log/run_20251209_025640_544.log

