========== HNSW Search Test ==========

Timestamp: Thu Nov 27 18:34:11 2025

Command line arguments:
  argv[0]: ./hng
  argv[1]: --m
  argv[2]: 57
  argv[3]: --max_layer
  argv[4]: 20
  argv[5]: --efc
  argv[6]: 652
  argv[7]: --efs
  argv[8]: 345

Configuration:
  Base file: data_o/glove/base.txt
  Query file: data_o/glove/query.txt
  Truth file: data_o/glove/truth.txt
  K: 10
  M: 57
  Max layer: 20
  EFC: 652
  EFS: 345
  Threads: -1
  Debug: -1

HNSW parameters set.

Loading base vectors...
✓ Base loaded in 2872.544442 ms

Loading query vectors...
✓ Queries loaded in 74.827691 ms

Loading ground truth...
✓ Truth loaded in 75.211325 ms

Data Summary:
  Dimension d=100, Base vectors=1183514, Queries=10000


Building HNSW index...
