========== HNSW Search Test ==========

Timestamp: Sun Dec  7 10:36:37 2025

Command line arguments:
  argv[0]: ./hng2
  argv[1]: --m
  argv[2]: 80
  argv[3]: --max_layer
  argv[4]: 7
  argv[5]: --efc
  argv[6]: 1000
  argv[7]: --efs
  argv[8]: 600

Configuration:
  Base file: data_o/glove/base.txt
  Query file: data_o/glove/query.txt
  Truth file: data_o/glove/truth.txt
  K: 10
  M: 80
  Max layer: 7
  EFC: 1000
  EFS: 600
  Threads: -1
  Debug: -1

HNSW parameters set.

Ablation flags: csr=0, prefetch=0, simd=0, pruning=0, heap=0

Loading base vectors...
✓ Base loaded in 3581.095934 ms

Loading query vectors...
✓ Queries loaded in 67.695421 ms

Loading ground truth...
✓ Truth loaded in 66.905145 ms

Data Summary:
  Dimension d=100, Base vectors=1183514, Queries=10000


Building HNSW index...
✓ Index built.
  build_time(local)=4537.423324 ms
  build_time(internal)=4532.480594 ms


========== GRAPH QUALITY ==========

  num_nodes: 1183514

  max_level (entry point): 3

  actual_max_layer: 3

  avg_degree_l0: 91.449963

  avg_degree_upper: 0.128239


  Layer Distribution:

    L0: 1183514 nodes (100.00%)

    L1: 14838 nodes (1.25%)

    L2: 171 nodes (0.01%)

    L3: 2 nodes (0.00%)



Executing queries...

  Processed 1000 queries

  Processed 2000 queries

  Processed 3000 queries

  Processed 4000 queries

  Processed 5000 queries

  Processed 6000 queries

  Processed 7000 queries

  Processed 8000 queries

  Processed 9000 queries

  Processed 10000 queries


========== RESULTS ==========

Total queries: 10000

Average recall@10: 0.996030

Average query time: 3.636001 ms

Total query time: 36360.005574 ms


========== DISTANCE STATISTICS ==========

Total queries reported by index: 10000

Total distance computations: 448702886

Average distance ops per query: 44870.288600

Last query distance ops: 42355


========== PERFORMANCE SUMMARY ==========

Data loading time: 3715.696500 ms

Index build time: 4532.480594 ms

Query execution time: 36360.005574 ms

Total elapsed time: 44613.125398 ms


========== EFFICIENCY METRICS ==========

Queries per second: 275.027461

Distance ops per second: 12340561.529530


========== END OF LOG ==========

Log saved to: Log/run_20251207_103637_404.log

