========== HNSW Search Test ==========

========== HNSW Search Test ==========

========== HNSW Search Test ==========

Timestamp: Thu Dec  4 20:41:29 2025

Command line arguments:
Timestamp: Thu Dec  4 20:41:29 2025

Timestamp: Thu Dec  4 20:41:29 2025

  argv[0]: ./hng1
Command line arguments:
Command line arguments:
  argv[1]: --base
  argv[0]: ./hng1
  argv[0]: ./hng1
  argv[2]: data_o/glove/base.txt
  argv[1]: --base
  argv[1]: --base
  argv[3]: --query
  argv[2]: data_o/glove/base.txt
  argv[2]: data_o/glove/base.txt
  argv[4]: data_o/glove/query.txt
  argv[3]: --query
  argv[3]: --query
  argv[5]: --truth
  argv[4]: data_o/glove/query.txt
  argv[4]: data_o/glove/query.txt
  argv[6]: data_o/glove/truth.txt
  argv[5]: --truth
  argv[5]: --truth
  argv[7]: --k
  argv[6]: data_o/glove/truth.txt
  argv[6]: data_o/glove/truth.txt
  argv[8]: 10
  argv[7]: --k
  argv[7]: --k
  argv[9]: --m
  argv[8]: 10
  argv[8]: 10
  argv[10]: 59
  argv[9]: --m
  argv[9]: --m
  argv[11]: --max_layer
  argv[10]: 59
  argv[10]: 59
  argv[12]: 5
  argv[11]: --max_layer
  argv[11]: --max_layer
  argv[13]: --efc
  argv[12]: 5
  argv[12]: 5
  argv[14]: 763
  argv[13]: --efc
  argv[13]: --efc
  argv[15]: --efs
  argv[14]: 763
  argv[14]: 763
  argv[16]: 425
  argv[15]: --efs
  argv[15]: --efs
  argv[17]: --threads
  argv[16]: 425
  argv[16]: 425
  argv[18]: 32
  argv[17]: --threads
  argv[17]: --threads
  argv[19]: --ablate_csr
  argv[18]: 32
  argv[18]: 32
  argv[20]: 0
  argv[19]: --ablate_csr
  argv[19]: --ablate_csr
  argv[21]: --ablate_prefetch
  argv[20]: 0
  argv[20]: 0
  argv[22]: 0
  argv[21]: --ablate_prefetch
  argv[21]: --ablate_prefetch
  argv[23]: --ablate_simd
  argv[22]: 0
  argv[22]: 1
  argv[24]: 1
  argv[23]: --ablate_simd
  argv[23]: --ablate_simd
  argv[25]: --ablate_pruning
  argv[24]: 0
  argv[24]: 0
  argv[26]: 0
  argv[25]: --ablate_pruning
  argv[25]: --ablate_pruning
  argv[27]: --ablate_heap
  argv[26]: 0
  argv[26]: 0
  argv[28]: 0
  argv[27]: --ablate_heap
  argv[27]: --ablate_heap
  argv[29]: --ablate_flat_index
  argv[28]: 0
  argv[28]: 0
  argv[30]: 0
  argv[29]: --ablate_flat_index
  argv[29]: --ablate_flat_index
  argv[31]: --ablate_reorder
  argv[30]: 1
  argv[30]: 0
  argv[32]: 0
  argv[31]: --ablate_reorder
  argv[31]: --ablate_reorder

Configuration:
  argv[32]: 0
  argv[32]: 0
  Base file: data_o/glove/base.txt

Configuration:

Configuration:
  Query file: data_o/glove/query.txt
  Base file: data_o/glove/base.txt
  Base file: data_o/glove/base.txt
  Truth file: data_o/glove/truth.txt
  Query file: data_o/glove/query.txt
  Query file: data_o/glove/query.txt
  K: 10
  Truth file: data_o/glove/truth.txt
  Truth file: data_o/glove/truth.txt
  M: 59
  K: 10
  K: 10
  Max layer: 5
  M: 59
  M: 59
  EFC: 763
  Max layer: 5
  Max layer: 5
  EFS: 425
  EFC: 763
  EFC: 763
  Threads: 32
  EFS: 425
  EFS: 425
  Debug: -1
  Threads: 32
  Threads: 32

  Debug: -1
  Debug: -1
HNSW parameters set.



Ablation flags: csr=0, prefetch=0, simd=1, pruning=0, heap=0

HNSW parameters set.

HNSW parameters set.

Loading base vectors...
Ablation flags: csr=0, prefetch=0, simd=0, pruning=0, heap=0

Ablation flags: csr=0, prefetch=1, simd=0, pruning=0, heap=0

Loading base vectors...
Loading base vectors...
✓ Base loaded in 12055.683154 ms

Loading query vectors...
✓ Base loaded in 12059.931799 ms

Loading query vectors...
✓ Base loaded in 12062.065454 ms

Loading query vectors...
✓ Queries loaded in 178.720514 ms

✓ Queries loaded in 176.197753 ms

Loading ground truth...
Loading ground truth...
✓ Queries loaded in 175.979500 ms

Loading ground truth...
✓ Truth loaded in 174.912405 ms

Data Summary:
  Dimension d=100, Base vectors=1183514, Queries=10000


Building HNSW index...
✓ Truth loaded in 176.496953 ms

✓ Truth loaded in 174.280530 ms

Data Summary:
  Dimension d=100, Base vectors=1183514, Queries=10000


Data Summary:
  Dimension d=100, Base vectors=1183514, Queries=10000


Building HNSW index...
Building HNSW index...
✓ Index built.
  build_time(local)=17964.933113 ms
  build_time(internal)=17954.690351 ms

✓ Index built.
  build_time(local)=17964.145333 ms
  build_time(internal)=17953.540888 ms


========== GRAPH QUALITY ==========


========== GRAPH QUALITY ==========

✓ Index built.
  build_time(local)=17976.158202 ms
  build_time(internal)=17967.344974 ms


========== GRAPH QUALITY ==========

  num_nodes: 1183514

  num_nodes: 1183514

  max_level (entry point): 3

  max_level (entry point): 3

  actual_max_layer: 3

  actual_max_layer: 3

  avg_degree_l0: 60.350342

  avg_degree_l0: 60.350342

  avg_degree_upper: 0.146105

  avg_degree_upper: 0.146105


  Layer Distribution:


  Layer Distribution:

    L0: 1183514 nodes (100.00%)

    L0: 1183514 nodes (100.00%)

    L1: 20263 nodes (1.71%)

    L1: 20263 nodes (1.71%)

    L2: 320 nodes (0.03%)

    L2: 320 nodes (0.03%)

    L3: 5 nodes (0.00%)

    L3: 5 nodes (0.00%)





Executing queries...

Executing queries...

  num_nodes: 1183514

  max_level (entry point): 3

  actual_max_layer: 3

  avg_degree_l0: 60.350342

  avg_degree_upper: 0.146105


  Layer Distribution:

    L0: 1183514 nodes (100.00%)

    L1: 20263 nodes (1.71%)

    L2: 320 nodes (0.03%)

    L3: 5 nodes (0.00%)



Executing queries...

  Processed 1000 queries

  Processed 1000 queries

  Processed 1000 queries

  Processed 2000 queries

  Processed 2000 queries

  Processed 2000 queries

  Processed 3000 queries

  Processed 3000 queries

  Processed 3000 queries

  Processed 4000 queries

  Processed 4000 queries

  Processed 5000 queries

  Processed 4000 queries

  Processed 5000 queries

  Processed 6000 queries

  Processed 5000 queries

  Processed 6000 queries

  Processed 7000 queries

  Processed 7000 queries

  Processed 6000 queries

  Processed 8000 queries

  Processed 8000 queries

  Processed 7000 queries

  Processed 9000 queries

  Processed 9000 queries

  Processed 8000 queries

  Processed 10000 queries


========== RESULTS ==========

Total queries: 10000

Average recall@10: 0.982750

Average query time: 5.732176 ms

Total query time: 57321.756985 ms


========== DISTANCE STATISTICS ==========

Total queries reported by index: 10000

Total distance computations: 210934299

Average distance ops per query: 21093.429900

Last query distance ops: 16854


========== PERFORMANCE SUMMARY ==========

Data loading time: 12411.041957 ms

Index build time: 17954.690351 ms

Query execution time: 57321.756985 ms

Total elapsed time: 87697.732055 ms


========== EFFICIENCY METRICS ==========

Queries per second: 174.453829

Distance ops per second: 3679829.616095


========== END OF LOG ==========

Log saved to: Log/run_20251204_204129_209.log

  Processed 10000 queries


========== RESULTS ==========

Total queries: 10000

Average recall@10: 0.982750

Average query time: 5.892401 ms

Total query time: 58924.013367 ms


========== DISTANCE STATISTICS ==========

Total queries reported by index: 10000

Total distance computations: 210934299

Average distance ops per query: 21093.429900

Last query distance ops: 16854


========== PERFORMANCE SUMMARY ==========

Data loading time: 12412.325484 ms

Index build time: 17953.540888 ms

Query execution time: 58924.013367 ms

Total elapsed time: 89300.484184 ms


========== EFFICIENCY METRICS ==========

Queries per second: 169.710097

Distance ops per second: 3579768.025749


========== END OF LOG ==========

Log saved to: Log/run_20251204_204129_209.log

  Processed 9000 queries

  Processed 10000 queries


========== RESULTS ==========

Total queries: 10000

Average recall@10: 0.982750

Average query time: 6.300808 ms

Total query time: 63008.078986 ms


========== DISTANCE STATISTICS ==========

Total queries reported by index: 10000

Total distance computations: 210934299

Average distance ops per query: 21093.429900

Last query distance ops: 16854


========== PERFORMANCE SUMMARY ==========

Data loading time: 12410.900621 ms

Index build time: 17967.344974 ms

Query execution time: 63008.078986 ms

Total elapsed time: 93395.137809 ms


========== EFFICIENCY METRICS ==========

Queries per second: 158.709806

Distance ops per second: 3347734.169881


========== END OF LOG ==========

Log saved to: Log/run_20251204_204129_209.log

