========== HNSW Search Test ==========

Timestamp: Tue Dec  9 02:58:24 2025

Command line arguments:
  argv[0]: ./hng3
  argv[1]: --m
  argv[2]: 32
  argv[3]: --max_layer
  argv[4]: 7
  argv[5]: --efc
  argv[6]: 2000
  argv[7]: --efs
  argv[8]: 128
  argv[9]: --hamming_threshold
  argv[10]: 41

Configuration:
  Base file: data_o/glove/base.txt
  Query file: data_o/glove/query.txt
  Truth file: data_o/glove/truth.txt
  K: 10
  M: 32
  Max layer: 7
  EFC: 2000
  EFS: 128
  Threads: -1
  Debug: -1

HNSW parameters set.

Ablation flags: csr=0, prefetch=0, simd=0, pruning=0, heap=0

  Hamming threshold: 41
Loading base vectors...
✓ Base loaded in 2859.649481 ms

Loading query vectors...
✓ Queries loaded in 74.966571 ms

Loading ground truth...
✓ Truth loaded in 68.217032 ms

Data Summary:
  Dimension d=100, Base vectors=1183514, Queries=10000


Building HNSW index...
✓ Index built.
  build_time(local)=4148.072304 ms
  build_time(internal)=4142.596764 ms


========== GRAPH QUALITY ==========

  num_nodes: 1183514

  max_level (entry point): 3

  actual_max_layer: 3

  avg_degree_l0: 60.310219

  avg_degree_upper: 30.603494


  Layer Distribution:

    L0: 1183514 nodes (100.00%)

    L1: 37279 nodes (3.15%)

    L2: 1153 nodes (0.10%)

    L3: 39 nodes (0.00%)



Executing queries...

  Processed 1000 queries

  Processed 2000 queries

  Processed 3000 queries

  Processed 4000 queries

  Processed 5000 queries

  Processed 6000 queries

  Processed 7000 queries

  Processed 8000 queries

  Processed 9000 queries

  Processed 10000 queries


========== RESULTS ==========

Total queries: 10000

Average recall@10: 0.914220

Average query time: 0.528422 ms

Total query time: 5284.220182 ms


========== DISTANCE STATISTICS ==========

Total queries reported by index: 10000

Total distance computations: 43468855

Average distance ops per query: 4346.885500

Last query distance ops: 5257


========== PERFORMANCE SUMMARY ==========

Data loading time: 3002.833084 ms

Index build time: 4142.596764 ms

Query execution time: 5284.220182 ms

Total elapsed time: 12435.125570 ms


========== EFFICIENCY METRICS ==========

Queries per second: 1892.426821

Distance ops per second: 8226162.707616


========== END OF LOG ==========

Log saved to: Log/run_20251209_025824_551.log

