========== HNSW Search Test ==========

Timestamp: Tue Dec  9 08:27:30 2025

Command line arguments:
  argv[0]: ./hng3
  argv[1]: --m
  argv[2]: 64
  argv[3]: --max_layer
  argv[4]: 7
  argv[5]: --efc
  argv[6]: 2000
  argv[7]: --efs
  argv[8]: 544
  argv[9]: --hamming_threshold
  argv[10]: 41

Configuration:
  Base file: data_o/glove/base.txt
  Query file: data_o/glove/query.txt
  Truth file: data_o/glove/truth.txt
  K: 10
  M: 64
  Max layer: 7
  EFC: 2000
  EFS: 544
  Threads: -1
  Debug: -1

HNSW parameters set.

Ablation flags: csr=0, prefetch=0, simd=0, pruning=0, heap=0

  Hamming threshold: 41
Loading base vectors...
✓ Base loaded in 2224.103865 ms

Loading query vectors...
✓ Queries loaded in 71.601748 ms

Loading ground truth...
✓ Truth loaded in 66.908566 ms

Data Summary:
  Dimension d=100, Base vectors=1183514, Queries=10000


Building HNSW index...
✓ Index built.
  build_time(local)=4800.682382 ms
  build_time(internal)=4795.626387 ms


========== GRAPH QUALITY ==========

  num_nodes: 1183514

  max_level (entry point): 3

  actual_max_layer: 3

  avg_degree_l0: 97.280339

  avg_degree_upper: 41.717826


  Layer Distribution:

    L0: 1183514 nodes (100.00%)

    L1: 18543 nodes (1.57%)

    L2: 294 nodes (0.02%)

    L3: 6 nodes (0.00%)



Executing queries...

  Processed 1000 queries

  Processed 2000 queries

  Processed 3000 queries

  Processed 4000 queries

  Processed 5000 queries

  Processed 6000 queries

  Processed 7000 queries

  Processed 8000 queries

  Processed 9000 queries

  Processed 10000 queries


========== RESULTS ==========

Total queries: 10000

Average recall@10: 0.990200

Average query time: 3.324131 ms

Total query time: 33241.307710 ms


========== DISTANCE STATISTICS ==========

Total queries reported by index: 10000

Total distance computations: 214226487

Average distance ops per query: 21422.648700

Last query distance ops: 24754


========== PERFORMANCE SUMMARY ==========

Data loading time: 2362.614179 ms

Index build time: 4795.626387 ms

Query execution time: 33241.307710 ms

Total elapsed time: 40404.604271 ms


========== EFFICIENCY METRICS ==========

Queries per second: 300.830523

Distance ops per second: 6444586.623033


========== END OF LOG ==========

Log saved to: Log/run_20251209_082730_822.log

