========== HNSW Search Test ==========

Timestamp: Wed Nov 26 14:45:21 2025

Command line arguments:
  argv[0]: ./hng
  argv[1]: --m
  argv[2]: 44
  argv[3]: --efc
  argv[4]: 618
  argv[5]: --efs
  argv[6]: 644

Configuration:
  Base file: data_o/glove/base.txt
  Query file: data_o/glove/query.txt
  Truth file: data_o/glove/truth.txt
  K: 10
  M: 44
  Max layer: -1
  EFC: 618
  EFS: 644
  Threads: -1
  Debug: -1

HNSW parameters set.

Loading base vectors...
✓ Base loaded in 2026.471922 ms

Loading query vectors...
✓ Queries loaded in 76.520391 ms

Loading ground truth...
✓ Truth loaded in 71.006849 ms

Data Summary:
  Dimension d=100, Base vectors=1183514, Queries=10000


Building HNSW index...
