========== HNSW Search Test ==========

Timestamp: Wed Nov 26 00:51:38 2025

Command line arguments:
  argv[0]: ./hng
  argv[1]: --m
  argv[2]: 46
  argv[3]: --efc
  argv[4]: 613
  argv[5]: --efs
  argv[6]: 356

Configuration:
  Base file: data_o/glove/base.txt
  Query file: data_o/glove/query.txt
  Truth file: data_o/glove/truth.txt
  K: 10
  M: 46
  Max layer: -1
  EFC: 613
  EFS: 356
  Threads: -1
  Debug: -1

HNSW parameters set.

Loading base vectors...
✓ Base loaded in 2975.084279 ms

Loading query vectors...
✓ Queries loaded in 73.143169 ms

Loading ground truth...
✓ Truth loaded in 69.755385 ms

Data Summary:
  Dimension d=100, Base vectors=1183514, Queries=10000


Building HNSW index...
✓ Index built.
  build_time(local)=576171.832018 ms
  build_time(internal)=626610.704075 ms


Executing queries...

  Processed 1000 queries

  Processed 2000 queries

  Processed 3000 queries

  Processed 4000 queries

  Processed 5000 queries

  Processed 6000 queries

  Processed 7000 queries

  Processed 8000 queries

  Processed 9000 queries

  Processed 10000 queries


========== RESULTS ==========

Total queries: 10000

Average recall@10: 0.973080

Average query time: 1.549181 ms

Total query time: 15491.807779 ms


========== DISTANCE STATISTICS ==========

Total queries reported by index: 10000

Total distance computations: 160357651

Average distance ops per query: 16035.765100

Last query distance ops: 13513


========== PERFORMANCE SUMMARY ==========

Data loading time: 3117.982833 ms

Index build time: 626610.704075 ms

Query execution time: 15491.807779 ms

Total elapsed time: 594781.622630 ms


========== EFFICIENCY METRICS ==========

Queries per second: 645.502458

Distance ops per second: 10351125.787745


========== END OF LOG ==========

Log saved to: Log/run_20251126_005138_578.log

