========== HNSW Search Test ==========

Timestamp: Tue Dec  9 00:30:16 2025

Command line arguments:
  argv[0]: ./hng3
  argv[1]: --m
  argv[2]: 40
  argv[3]: --max_layer
  argv[4]: 7
  argv[5]: --efc
  argv[6]: 2000
  argv[7]: --efs
  argv[8]: 448
  argv[9]: --hamming_threshold
  argv[10]: 41

Configuration:
  Base file: data_o/glove/base.txt
  Query file: data_o/glove/query.txt
  Truth file: data_o/glove/truth.txt
  K: 10
  M: 40
  Max layer: 7
  EFC: 2000
  EFS: 448
  Threads: -1
  Debug: -1

HNSW parameters set.

Ablation flags: csr=0, prefetch=0, simd=0, pruning=0, heap=0

  Hamming threshold: 41
Loading base vectors...
✓ Base loaded in 2377.406743 ms

Loading query vectors...
✓ Queries loaded in 65.783362 ms

Loading ground truth...
✓ Truth loaded in 71.457722 ms

Data Summary:
  Dimension d=100, Base vectors=1183514, Queries=10000


Building HNSW index...
✓ Index built.
  build_time(local)=4190.317821 ms
  build_time(internal)=4185.505660 ms


========== GRAPH QUALITY ==========

  num_nodes: 1183514

  max_level (entry point): 3

  actual_max_layer: 3

  avg_degree_l0: 72.658490

  avg_degree_upper: 36.400908


  Layer Distribution:

    L0: 1183514 nodes (100.00%)

    L1: 29680 nodes (2.51%)

    L2: 692 nodes (0.06%)

    L3: 24 nodes (0.00%)



Executing queries...

  Processed 1000 queries

  Processed 2000 queries

  Processed 3000 queries

  Processed 4000 queries

  Processed 5000 queries

  Processed 6000 queries

  Processed 7000 queries

  Processed 8000 queries

  Processed 9000 queries

  Processed 10000 queries


========== RESULTS ==========

Total queries: 10000

Average recall@10: 0.981530

Average query time: 1.810756 ms

Total query time: 18107.562782 ms


========== DISTANCE STATISTICS ==========

Total queries reported by index: 10000

Total distance computations: 138045326

Average distance ops per query: 13804.532600

Last query distance ops: 15802


========== PERFORMANCE SUMMARY ==========

Data loading time: 2514.647827 ms

Index build time: 4185.505660 ms

Query execution time: 18107.562782 ms

Total elapsed time: 24812.528430 ms


========== EFFICIENCY METRICS ==========

Queries per second: 552.255437

Distance ops per second: 7623628.185745


========== END OF LOG ==========

Log saved to: Log/run_20251209_003016_785.log

