========== HNSW Search Test ==========

Timestamp: Mon Dec  8 16:23:00 2025

Command line arguments:
  argv[0]: ./hng3
  argv[1]: --m
  argv[2]: 40
  argv[3]: --max_layer
  argv[4]: 7
  argv[5]: --efc
  argv[6]: 1300
  argv[7]: --efs
  argv[8]: 256
  argv[9]: --hamming_threshold
  argv[10]: 42

Configuration:
  Base file: data_o/glove/base.txt
  Query file: data_o/glove/query.txt
  Truth file: data_o/glove/truth.txt
  K: 10
  M: 40
  Max layer: 7
  EFC: 1300
  EFS: 256
  Threads: -1
  Debug: -1

HNSW parameters set.

Ablation flags: csr=0, prefetch=0, simd=0, pruning=0, heap=0

  Hamming threshold: 42
Loading base vectors...
✓ Base loaded in 4165.848698 ms

Loading query vectors...
✓ Queries loaded in 110.213330 ms

Loading ground truth...
✓ Truth loaded in 113.725318 ms

Data Summary:
  Dimension d=100, Base vectors=1183514, Queries=10000


Building HNSW index...
✓ Index built.
  build_time(local)=5209.561525 ms
  build_time(internal)=5204.001087 ms


========== GRAPH QUALITY ==========

  num_nodes: 1183514

  max_level (entry point): 4

  actual_max_layer: 4

  avg_degree_l0: 70.480409

  avg_degree_upper: 36.234139


  Layer Distribution:

    L0: 1183514 nodes (100.00%)

    L1: 29379 nodes (2.48%)

    L2: 691 nodes (0.06%)

    L3: 18 nodes (0.00%)

    L4: 1 nodes (0.00%)



Executing queries...

  Processed 1000 queries

  Processed 2000 queries

  Processed 3000 queries

  Processed 4000 queries

  Processed 5000 queries

  Processed 6000 queries

  Processed 7000 queries

  Processed 8000 queries

  Processed 9000 queries

  Processed 10000 queries


========== RESULTS ==========

Total queries: 10000

Average recall@10: 0.966020

Average query time: 1.217222 ms

Total query time: 12172.221904 ms


========== DISTANCE STATISTICS ==========

Total queries reported by index: 10000

Total distance computations: 97177737

Average distance ops per query: 9717.773700

Last query distance ops: 11404


========== PERFORMANCE SUMMARY ==========

Data loading time: 4389.787346 ms

Index build time: 5204.001087 ms

Query execution time: 12172.221904 ms

Total elapsed time: 21771.570775 ms


========== EFFICIENCY METRICS ==========

Queries per second: 821.542696

Distance ops per second: 7983566.005157


========== END OF LOG ==========

Log saved to: Log/run_20251208_162300_221.log

