========== HNSW Search Test ==========

Timestamp: Thu Dec  4 09:20:09 2025

Command line arguments:
  argv[0]: ./hng1
  argv[1]: --m
  argv[2]: 63
  argv[3]: --max_layer
  argv[4]: 3
  argv[5]: --efc
  argv[6]: 661
  argv[7]: --efs
  argv[8]: 613

Configuration:
  Base file: data_o/glove/base.txt
  Query file: data_o/glove/query.txt
  Truth file: data_o/glove/truth.txt
  K: 10
  M: 63
  Max layer: 3
  EFC: 661
  EFS: 613
  Threads: -1
  Debug: -1

HNSW parameters set.

Ablation flags: csr=0, prefetch=0, simd=0, pruning=0, heap=0

Loading base vectors...
✓ Base loaded in 2129.753298 ms

Loading query vectors...
✓ Queries loaded in 73.000965 ms

Loading ground truth...
✓ Truth loaded in 67.660075 ms

Data Summary:
  Dimension d=100, Base vectors=1183514, Queries=10000


Building HNSW index...
✓ Index built.
  build_time(local)=3725.626631 ms
  build_time(internal)=3720.945227 ms


========== GRAPH QUALITY ==========

  num_nodes: 1183514

  max_level (entry point): 3

  actual_max_layer: 3

  avg_degree_l0: 57.447374

  avg_degree_upper: 0.129794


  Layer Distribution:

    L0: 1183514 nodes (100.00%)

    L1: 18751 nodes (1.58%)

    L2: 307 nodes (0.03%)

    L3: 3 nodes (0.00%)



Executing queries...

  Processed 1000 queries

  Processed 2000 queries

  Processed 3000 queries

  Processed 4000 queries

  Processed 5000 queries

  Processed 6000 queries

  Processed 7000 queries

  Processed 8000 queries

  Processed 9000 queries

  Processed 10000 queries


========== RESULTS ==========

Total queries: 10000

Average recall@10: 0.989920

Average query time: 2.007760 ms

Total query time: 20077.603076 ms


========== DISTANCE STATISTICS ==========

Total queries reported by index: 10000

Total distance computations: 279985076

Average distance ops per query: 27998.507600

Last query distance ops: 21131


========== PERFORMANCE SUMMARY ==========

Data loading time: 2270.414338 ms

Index build time: 3720.945227 ms

Query execution time: 20077.603076 ms

Total elapsed time: 26073.644045 ms


========== EFFICIENCY METRICS ==========

Queries per second: 498.067422

Distance ops per second: 13945144.494598


========== END OF LOG ==========

Log saved to: Log/run_20251204_092009_890.log

