========== HNSW Search Test ==========

Timestamp: Thu Nov 27 01:43:11 2025

Command line arguments:
  argv[0]: ./hng
  argv[1]: --m
  argv[2]: 40
  argv[3]: --max_layer
  argv[4]: 20
  argv[5]: --efc
  argv[6]: 830
  argv[7]: --efs
  argv[8]: 715

Configuration:
  Base file: data_o/glove/base.txt
  Query file: data_o/glove/query.txt
  Truth file: data_o/glove/truth.txt
  K: 10
  M: 40
  Max layer: 20
  EFC: 830
  EFS: 715
  Threads: -1
  Debug: -1

HNSW parameters set.

Loading base vectors...
✓ Base loaded in 2149.788731 ms

Loading query vectors...
✓ Queries loaded in 71.109137 ms

Loading ground truth...
✓ Truth loaded in 70.919503 ms

Data Summary:
  Dimension d=100, Base vectors=1183514, Queries=10000


Building HNSW index...
✓ Index built.
  build_time(local)=1288073.103196 ms
  build_time(internal)=1221134.820575 ms


========== GRAPH QUALITY ==========

  num_nodes: 1183514

  max_level (entry point): 3

  actual_max_layer: 3

  avg_degree_l0: 57.298606

  avg_degree_upper: 0.183066


  Layer Distribution:

    L0: 1183514 nodes (100.00%)

    L1: 29607 nodes (2.50%)

    L2: 756 nodes (0.06%)

    L3: 25 nodes (0.00%)



Executing queries...

  Processed 1000 queries

  Processed 2000 queries

  Processed 3000 queries

  Processed 4000 queries

  Processed 5000 queries

  Processed 6000 queries

  Processed 7000 queries

  Processed 8000 queries

  Processed 9000 queries

  Processed 10000 queries


========== RESULTS ==========

Total queries: 10000

Average recall@10: 0.991480

Average query time: 3.307310 ms

Total query time: 33073.098362 ms


========== DISTANCE STATISTICS ==========

Total queries reported by index: 10000

Total distance computations: 301946078

Average distance ops per query: 30194.607800

Last query distance ops: 24289


========== PERFORMANCE SUMMARY ==========

Data loading time: 2291.817371 ms

Index build time: 1221134.820575 ms

Query execution time: 33073.098362 ms

Total elapsed time: 1323438.018929 ms


========== EFFICIENCY METRICS ==========

Queries per second: 302.360544

Distance ops per second: 9129658.028863


========== END OF LOG ==========

Log saved to: Log/run_20251127_014311_011.log

