========== HNSW Search Test ==========

Timestamp: Thu Dec  4 20:34:50 2025

========== HNSW Search Test ==========

Command line arguments:
  argv[0]: ./hng1
Timestamp: Thu Dec  4 20:34:50 2025

  argv[1]: --base
Command line arguments:
  argv[2]: data_o/glove/base.txt
  argv[0]: ./hng1
  argv[3]: --query
  argv[1]: --base
  argv[4]: data_o/glove/query.txt
  argv[2]: data_o/glove/base.txt
  argv[5]: --truth
  argv[3]: --query
  argv[6]: data_o/glove/truth.txt
  argv[4]: data_o/glove/query.txt
  argv[7]: --k
  argv[5]: --truth
  argv[8]: 10
  argv[6]: data_o/glove/truth.txt
  argv[9]: --m
  argv[7]: --k
  argv[10]: 59
  argv[8]: 10
  argv[11]: --max_layer
  argv[9]: --m
  argv[12]: 5
  argv[10]: 59
  argv[13]: --efc
  argv[11]: --max_layer
  argv[14]: 763
  argv[12]: 5
  argv[15]: --efs
  argv[13]: --efc
  argv[16]: 500
  argv[14]: 763
  argv[17]: --threads
  argv[15]: --efs
  argv[18]: 32
  argv[16]: 425
  argv[19]: --ablate_csr
  argv[17]: --threads
  argv[20]: 0
  argv[18]: 32
  argv[21]: --ablate_prefetch
  argv[19]: --ablate_csr
  argv[22]: 0
  argv[20]: 0
  argv[23]: --ablate_simd
  argv[21]: --ablate_prefetch
  argv[24]: 1
  argv[22]: 0
  argv[25]: --ablate_pruning
  argv[23]: --ablate_simd
  argv[26]: 0
  argv[24]: 0
  argv[27]: --ablate_heap
  argv[25]: --ablate_pruning
  argv[28]: 0
  argv[26]: 0
  argv[29]: --ablate_flat_index
  argv[27]: --ablate_heap
  argv[30]: 0
  argv[28]: 1
  argv[31]: --ablate_reorder
  argv[29]: --ablate_flat_index
  argv[32]: 0
  argv[30]: 0

Configuration:
  argv[31]: --ablate_reorder
  Base file: data_o/glove/base.txt
  argv[32]: 0
  Query file: data_o/glove/query.txt

Configuration:
  Truth file: data_o/glove/truth.txt
  Base file: data_o/glove/base.txt
  K: 10
  Query file: data_o/glove/query.txt
  M: 59
  Truth file: data_o/glove/truth.txt
  Max layer: 5
  K: 10
  EFC: 763
  M: 59
  EFS: 500
  Max layer: 5
  Threads: 32
  EFC: 763
  Debug: -1
  EFS: 425

  Threads: 32
HNSW parameters set.

  Debug: -1
Ablation flags: csr=0, prefetch=0, simd=1, pruning=0, heap=0


Loading base vectors...
HNSW parameters set.

Ablation flags: csr=0, prefetch=0, simd=0, pruning=0, heap=1

Loading base vectors...
✓ Base loaded in 20305.868078 ms

Loading query vectors...
✓ Base loaded in 20429.955063 ms

Loading query vectors...
✓ Queries loaded in 298.869658 ms

Loading ground truth...
✓ Queries loaded in 226.897270 ms

Loading ground truth...
✓ Truth loaded in 236.224161 ms

Data Summary:
  Dimension d=100, Base vectors=1183514, Queries=10000


Building HNSW index...
✓ Truth loaded in 303.152628 ms

Data Summary:
  Dimension d=100, Base vectors=1183514, Queries=10000


Building HNSW index...
✓ Index built.
  build_time(local)=32501.048742 ms
  build_time(internal)=32489.410146 ms


========== GRAPH QUALITY ==========

  num_nodes: 1183514

  max_level (entry point): 3

  actual_max_layer: 3

  avg_degree_l0: 60.350342

  avg_degree_upper: 0.146105


  Layer Distribution:

    L0: 1183514 nodes (100.00%)

    L1: 20263 nodes (1.71%)

    L2: 320 nodes (0.03%)

    L3: 5 nodes (0.00%)



Executing queries...

✓ Index built.
  build_time(local)=32689.984353 ms
  build_time(internal)=32678.934640 ms


========== GRAPH QUALITY ==========

  num_nodes: 1183514

  max_level (entry point): 3

  actual_max_layer: 3

  avg_degree_l0: 60.350342

  avg_degree_upper: 0.146105


  Layer Distribution:

    L0: 1183514 nodes (100.00%)

    L1: 20263 nodes (1.71%)

    L2: 320 nodes (0.03%)

    L3: 5 nodes (0.00%)



Executing queries...

  Processed 1000 queries

  Processed 1000 queries

  Processed 2000 queries

  Processed 2000 queries

  Processed 3000 queries

  Processed 3000 queries

  Processed 4000 queries

  Processed 4000 queries

  Processed 5000 queries

  Processed 5000 queries

  Processed 6000 queries

  Processed 7000 queries

  Processed 6000 queries

  Processed 8000 queries

  Processed 7000 queries

  Processed 9000 queries

  Processed 8000 queries

  Processed 10000 queries


========== RESULTS ==========

Total queries: 10000

Average recall@10: 0.982750

Average query time: 10.118646 ms

Total query time: 101186.460858 ms


========== DISTANCE STATISTICS ==========

Total queries reported by index: 10000

Total distance computations: 210934299

Average distance ops per query: 21093.429900

Last query distance ops: 16854


========== PERFORMANCE SUMMARY ==========

Data loading time: 20840.961897 ms

Index build time: 32489.410146 ms

Query execution time: 101186.460858 ms

Total elapsed time: 154528.471497 ms


========== EFFICIENCY METRICS ==========

Queries per second: 98.827451

Distance ops per second: 2084609.909383


========== END OF LOG ==========

Log saved to: Log/run_20251204_203450_795.log

  Processed 9000 queries

  Processed 10000 queries


========== RESULTS ==========

Total queries: 10000

Average recall@10: 0.986780

Average query time: 11.718172 ms

Total query time: 117181.723911 ms


========== DISTANCE STATISTICS ==========

Total queries reported by index: 10000

Total distance computations: 243476616

Average distance ops per query: 24347.661600

Last query distance ops: 19198


========== PERFORMANCE SUMMARY ==========

Data loading time: 20960.004961 ms

Index build time: 32678.934640 ms

Query execution time: 117181.723911 ms

Total elapsed time: 170831.713225 ms


========== EFFICIENCY METRICS ==========

Queries per second: 85.337540

Distance ops per second: 2077769.534991


========== END OF LOG ==========

Log saved to: Log/run_20251204_203450_795.log

