========== HNSW Search Test ==========

Timestamp: Thu Nov 27 07:13:22 2025

Command line arguments:
  argv[0]: ./hng
  argv[1]: --m
  argv[2]: 57
  argv[3]: --max_layer
  argv[4]: 7
  argv[5]: --efc
  argv[6]: 710
  argv[7]: --efs
  argv[8]: 648

Configuration:
  Base file: data_o/glove/base.txt
  Query file: data_o/glove/query.txt
  Truth file: data_o/glove/truth.txt
  K: 10
  M: 57
  Max layer: 7
  EFC: 710
  EFS: 648
  Threads: -1
  Debug: -1

HNSW parameters set.

Loading base vectors...
✓ Base loaded in 2140.522271 ms

Loading query vectors...
✓ Queries loaded in 70.028521 ms

Loading ground truth...
✓ Truth loaded in 73.378109 ms

Data Summary:
  Dimension d=100, Base vectors=1183514, Queries=10000


Building HNSW index...
✓ Index built.
  build_time(local)=1189579.970660 ms
  build_time(internal)=1118538.387730 ms


========== GRAPH QUALITY ==========

  num_nodes: 1183514

  max_level (entry point): 3

  actual_max_layer: 3

  avg_degree_l0: 58.731328

  avg_degree_upper: 0.165841


  Layer Distribution:

    L0: 1183514 nodes (100.00%)

    L1: 20781 nodes (1.76%)

    L2: 413 nodes (0.03%)

    L3: 7 nodes (0.00%)



Executing queries...

  Processed 1000 queries

  Processed 2000 queries

  Processed 3000 queries

  Processed 4000 queries

  Processed 5000 queries

  Processed 6000 queries

  Processed 7000 queries

  Processed 8000 queries

  Processed 9000 queries

  Processed 10000 queries


========== RESULTS ==========

Total queries: 10000

Average recall@10: 0.990980

Average query time: 3.253158 ms

Total query time: 32531.583083 ms


========== DISTANCE STATISTICS ==========

Total queries reported by index: 10000

Total distance computations: 298105265

Average distance ops per query: 29810.526500

Last query distance ops: 22573


========== PERFORMANCE SUMMARY ==========

Data loading time: 2283.928901 ms

Index build time: 1118538.387730 ms

Query execution time: 32531.583083 ms

Total elapsed time: 1224395.482644 ms


========== EFFICIENCY METRICS ==========

Queries per second: 307.393587

Distance ops per second: 9163564.657749


========== END OF LOG ==========

Log saved to: Log/run_20251127_071322_267.log

