========== HNSW Search Test ==========

Timestamp: Mon Dec 15 22:55:04 2025

Command line arguments:
  argv[0]: ./hnga
  argv[1]: --base
  argv[2]: data_o/glove/base.txt
  argv[3]: --query
  argv[4]: data_o/glove/query.txt
  argv[5]: --truth
  argv[6]: data_o/glove/truth.txt
  argv[7]: --k
  argv[8]: 10
  argv[9]: --m
  argv[10]: 47
  argv[11]: --max_layer
  argv[12]: 7
  argv[13]: --efc
  argv[14]: 771
  argv[15]: --efs
  argv[16]: 1500
  argv[17]: --threads
  argv[18]: 32
  argv[19]: --ablate_adaptive_ep
  argv[20]: 0
  argv[21]: --ablate_csr
  argv[22]: 0
  argv[23]: --ablate_prefetch
  argv[24]: 0
  argv[25]: --ablate_simd
  argv[26]: 0
  argv[27]: --ablate_pruning
  argv[28]: 0
  argv[29]: --ablate_heap
  argv[30]: 0

Configuration:
  Base file: data_o/glove/base.txt
  Query file: data_o/glove/query.txt
  Truth file: data_o/glove/truth.txt
  K: 10
  M: 47
  Max layer: 7
  EFC: 771
  EFS: 1500
  Threads: 32
  Debug: -1
  Adaptive EP K: -1

HNSW parameters set.

Ablation flags: prefetch=0, simd=0, pruning=0, heap=0, reorder=0, adaptive_ep=0

Loading base vectors...
✓ Base loaded in 2129.766743 ms

Loading query vectors...
✓ Queries loaded in 68.597076 ms

Loading ground truth...
✓ Truth loaded in 68.237329 ms

Data Summary:
  Dimension d=100, Base vectors=1183514, Queries=10000


Building HNSW index...
✓ Index built.
  build_time(local)=4056.323424 ms
  build_time(internal)=4051.308359 ms


========== GRAPH QUALITY ==========

  num_nodes: 1183514

  max_level (entry point): 3

  actual_max_layer: 3

  avg_degree_l0: 72.482102

  avg_degree_upper: 0.206483


  Layer Distribution:

    L0: 1183514 nodes (100.00%)

    L1: 25153 nodes (2.13%)

    L2: 534 nodes (0.05%)

    L3: 10 nodes (0.00%)



Executing queries...

  Processed 1000 queries

  Processed 2000 queries

  Processed 3000 queries

  Processed 4000 queries

  Processed 5000 queries

  Processed 6000 queries

  Processed 7000 queries

  Processed 8000 queries

  Processed 9000 queries

  Processed 10000 queries


========== RESULTS ==========

Total queries: 10000

Average recall@10: 0.999070

Average query time: 5.887204 ms

Total query time: 58872.039245 ms


========== DISTANCE STATISTICS ==========

Total queries reported by index: 10000

Total distance computations: 712946618

Average distance ops per query: 71294.661800

Last query distance ops: 58550


========== PERFORMANCE SUMMARY ==========

Data loading time: 2266.601148 ms

Index build time: 4051.308359 ms

Query execution time: 58872.039245 ms

Total elapsed time: 65194.963817 ms


========== EFFICIENCY METRICS ==========

Queries per second: 169.859922

Distance ops per second: 12110105.699465


========== END OF LOG ==========

Log saved to: Log/run_20251215_225504_837.log

