========== HNSW Search Test ==========

Timestamp: Fri Nov 28 19:26:26 2025

Command line arguments:
  argv[0]: ./hng
  argv[1]: --m
  argv[2]: 42
  argv[3]: --max_layer
  argv[4]: 15
  argv[5]: --efc
  argv[6]: 661
  argv[7]: --efs
  argv[8]: 384

Configuration:
  Base file: data_o/glove/base.txt
  Query file: data_o/glove/query.txt
  Truth file: data_o/glove/truth.txt
  K: 10
  M: 42
  Max layer: 15
  EFC: 661
  EFS: 384
  Threads: -1
  Debug: -1

HNSW parameters set.

Loading base vectors...
✓ Base loaded in 17813.926610 ms

Loading query vectors...
✓ Queries loaded in 680.252288 ms

Loading ground truth...
✓ Truth loaded in 236.576097 ms

Data Summary:
  Dimension d=100, Base vectors=1183514, Queries=10000


Building HNSW index...
