========== HNSW Search Test ==========

Timestamp: Wed Nov 26 02:49:03 2025

Command line arguments:
  argv[0]: ./hng
  argv[1]: --m
  argv[2]: 45
  argv[3]: --efc
  argv[4]: 705
  argv[5]: --efs
  argv[6]: 431

Configuration:
  Base file: data_o/glove/base.txt
  Query file: data_o/glove/query.txt
  Truth file: data_o/glove/truth.txt
  K: 10
  M: 45
  Max layer: -1
  EFC: 705
  EFS: 431
  Threads: -1
  Debug: -1

HNSW parameters set.

Loading base vectors...
✓ Base loaded in 3465.452162 ms

Loading query vectors...
✓ Queries loaded in 86.979460 ms

Loading ground truth...
✓ Truth loaded in 83.629747 ms

Data Summary:
  Dimension d=100, Base vectors=1183514, Queries=10000


Building HNSW index...
✓ Index built.
  build_time(local)=676207.690078 ms
  build_time(internal)=736692.924320 ms


Executing queries...

  Processed 1000 queries

  Processed 2000 queries

  Processed 3000 queries

  Processed 4000 queries

  Processed 5000 queries

  Processed 6000 queries

  Processed 7000 queries

  Processed 8000 queries

  Processed 9000 queries

  Processed 10000 queries


========== RESULTS ==========

Total queries: 10000

Average recall@10: 0.980520

Average query time: 1.962101 ms

Total query time: 19621.014906 ms


========== DISTANCE STATISTICS ==========

Total queries reported by index: 10000

Total distance computations: 196078300

Average distance ops per query: 19607.830000

Last query distance ops: 16274


========== PERFORMANCE SUMMARY ==========

Data loading time: 3636.061369 ms

Index build time: 736692.924320 ms

Query execution time: 19621.014906 ms

Total elapsed time: 699464.766353 ms


========== EFFICIENCY METRICS ==========

Queries per second: 509.657632

Distance ops per second: 9993280.212026


========== END OF LOG ==========

Log saved to: Log/run_20251126_024903_746.log

