========== HNSW Search Test ==========

Timestamp: Tue Dec  9 05:50:04 2025

Command line arguments:
  argv[0]: ./hng3
  argv[1]: --m
  argv[2]: 57
  argv[3]: --max_layer
  argv[4]: 7
  argv[5]: --efc
  argv[6]: 2000
  argv[7]: --efs
  argv[8]: 480
  argv[9]: --hamming_threshold
  argv[10]: 41

Configuration:
  Base file: data_o/glove/base.txt
  Query file: data_o/glove/query.txt
  Truth file: data_o/glove/truth.txt
  K: 10
  M: 57
  Max layer: 7
  EFC: 2000
  EFS: 480
  Threads: -1
  Debug: -1

HNSW parameters set.

Ablation flags: csr=0, prefetch=0, simd=0, pruning=0, heap=0

  Hamming threshold: 41
Loading base vectors...
✓ Base loaded in 4485.229495 ms

Loading query vectors...
✓ Queries loaded in 87.652654 ms

Loading ground truth...
✓ Truth loaded in 92.122327 ms

Data Summary:
  Dimension d=100, Base vectors=1183514, Queries=10000


Building HNSW index...
✓ Index built.
  build_time(local)=5413.999152 ms
  build_time(internal)=4349.826191 ms


========== GRAPH QUALITY ==========

  num_nodes: 1183514

  max_level (entry point): 3

  actual_max_layer: 3

  avg_degree_l0: 92.141564

  avg_degree_upper: 41.456413


  Layer Distribution:

    L0: 1183514 nodes (100.00%)

    L1: 20584 nodes (1.74%)

    L2: 341 nodes (0.03%)

    L3: 10 nodes (0.00%)



Executing queries...

  Processed 1000 queries

  Processed 2000 queries

  Processed 3000 queries

  Processed 4000 queries

  Processed 5000 queries

  Processed 6000 queries

  Processed 7000 queries

  Processed 8000 queries

  Processed 9000 queries

  Processed 10000 queries


========== RESULTS ==========

Total queries: 10000

Average recall@10: 0.988200

Average query time: 2.448012 ms

Total query time: 24480.122200 ms


========== DISTANCE STATISTICS ==========

Total queries reported by index: 10000

Total distance computations: 183580255

Average distance ops per query: 18358.025500

Last query distance ops: 21223


========== PERFORMANCE SUMMARY ==========

Data loading time: 4665.004476 ms

Index build time: 4349.826191 ms

Query execution time: 24480.122200 ms

Total elapsed time: 34559.125828 ms


========== EFFICIENCY METRICS ==========

Queries per second: 408.494693

Distance ops per second: 7499155.988690


========== END OF LOG ==========

Log saved to: Log/run_20251209_055004_105.log

