========== HNSW Search Test ==========

Timestamp: Tue Dec  9 08:42:36 2025

Command line arguments:
  argv[0]: ./hng3
  argv[1]: --m
  argv[2]: 64
  argv[3]: --max_layer
  argv[4]: 7
  argv[5]: --efc
  argv[6]: 2000
  argv[7]: --efs
  argv[8]: 864
  argv[9]: --hamming_threshold
  argv[10]: 41

Configuration:
  Base file: data_o/glove/base.txt
  Query file: data_o/glove/query.txt
  Truth file: data_o/glove/truth.txt
  K: 10
  M: 64
  Max layer: 7
  EFC: 2000
  EFS: 864
  Threads: -1
  Debug: -1

HNSW parameters set.

Ablation flags: csr=0, prefetch=0, simd=0, pruning=0, heap=0

  Hamming threshold: 41
Loading base vectors...
✓ Base loaded in 2245.241196 ms

Loading query vectors...
✓ Queries loaded in 75.645211 ms

Loading ground truth...
✓ Truth loaded in 70.841330 ms

Data Summary:
  Dimension d=100, Base vectors=1183514, Queries=10000


Building HNSW index...
✓ Index built.
  build_time(local)=4937.669904 ms
  build_time(internal)=4931.976640 ms


========== GRAPH QUALITY ==========

  num_nodes: 1183514

  max_level (entry point): 3

  actual_max_layer: 3

  avg_degree_l0: 97.280339

  avg_degree_upper: 41.717826


  Layer Distribution:

    L0: 1183514 nodes (100.00%)

    L1: 18543 nodes (1.57%)

    L2: 294 nodes (0.02%)

    L3: 6 nodes (0.00%)



Executing queries...

  Processed 1000 queries

  Processed 2000 queries

  Processed 3000 queries

  Processed 4000 queries

  Processed 5000 queries

  Processed 6000 queries

  Processed 7000 queries

  Processed 8000 queries

  Processed 9000 queries

  Processed 10000 queries


========== RESULTS ==========

Total queries: 10000

Average recall@10: 0.993360

Average query time: 4.723867 ms

Total query time: 47238.673781 ms


========== DISTANCE STATISTICS ==========

Total queries reported by index: 10000

Total distance computations: 300540650

Average distance ops per query: 30054.065000

Last query distance ops: 32868


========== PERFORMANCE SUMMARY ==========

Data loading time: 2391.727737 ms

Index build time: 4931.976640 ms

Query execution time: 47238.673781 ms

Total elapsed time: 54568.071422 ms


========== EFFICIENCY METRICS ==========

Queries per second: 211.690956

Distance ops per second: 6362173.743347


========== END OF LOG ==========

Log saved to: Log/run_20251209_084236_426.log

