========== HNSW Search Test ==========

Timestamp: Thu Dec  4 04:55:09 2025

Command line arguments:
  argv[0]: ./hng1
  argv[1]: --m
  argv[2]: 48
  argv[3]: --max_layer
  argv[4]: 9
  argv[5]: --efc
  argv[6]: 515
  argv[7]: --efs
  argv[8]: 680

Configuration:
  Base file: data_o/glove/base.txt
  Query file: data_o/glove/query.txt
  Truth file: data_o/glove/truth.txt
  K: 10
  M: 48
  Max layer: 9
  EFC: 515
  EFS: 680
  Threads: -1
  Debug: -1

HNSW parameters set.

Ablation flags: csr=0, prefetch=0, simd=0, pruning=0, heap=0

Loading base vectors...
✓ Base loaded in 2118.596219 ms

Loading query vectors...
✓ Queries loaded in 67.369237 ms

Loading ground truth...
✓ Truth loaded in 68.126690 ms

Data Summary:
  Dimension d=100, Base vectors=1183514, Queries=10000


Building HNSW index...
✓ Index built.
  build_time(local)=4270.794401 ms
  build_time(internal)=4263.185209 ms


========== GRAPH QUALITY ==========

  num_nodes: 1183514

  max_level (entry point): 3

  actual_max_layer: 3

  avg_degree_l0: 51.178766

  avg_degree_upper: 0.174164


  Layer Distribution:

    L0: 1183514 nodes (100.00%)

    L1: 24615 nodes (2.08%)

    L2: 518 nodes (0.04%)

    L3: 10 nodes (0.00%)



Executing queries...

  Processed 1000 queries

  Processed 2000 queries

  Processed 3000 queries

  Processed 4000 queries

  Processed 5000 queries

  Processed 6000 queries

  Processed 7000 queries

  Processed 8000 queries

  Processed 9000 queries

  Processed 10000 queries


========== RESULTS ==========

Total queries: 10000

Average recall@10: 0.989410

Average query time: 2.192372 ms

Total query time: 21923.721208 ms


========== DISTANCE STATISTICS ==========

Total queries reported by index: 10000

Total distance computations: 271428785

Average distance ops per query: 27142.878500

Last query distance ops: 20947


========== PERFORMANCE SUMMARY ==========

Data loading time: 2254.092146 ms

Index build time: 4263.185209 ms

Query execution time: 21923.721208 ms

Total elapsed time: 28448.607755 ms


========== EFFICIENCY METRICS ==========

Queries per second: 456.126946

Distance ops per second: 12380598.276398


========== END OF LOG ==========

Log saved to: Log/run_20251204_045509_892.log

