========== HNSW Search Test ==========

Timestamp: Mon Dec  8 16:01:42 2025

Command line arguments:
  argv[0]: ./hng3
  argv[1]: --m
  argv[2]: 40
  argv[3]: --max_layer
  argv[4]: 7
  argv[5]: --efc
  argv[6]: 1000
  argv[7]: --efs
  argv[8]: 432
  argv[9]: --hamming_threshold
  argv[10]: 32

Configuration:
  Base file: data_o/glove/base.txt
  Query file: data_o/glove/query.txt
  Truth file: data_o/glove/truth.txt
  K: 10
  M: 40
  Max layer: 7
  EFC: 1000
  EFS: 432
  Threads: -1
  Debug: -1

HNSW parameters set.

Ablation flags: csr=0, prefetch=0, simd=0, pruning=0, heap=0

  Hamming threshold: 32
Loading base vectors...
✓ Base loaded in 2209.411636 ms

Loading query vectors...
✓ Queries loaded in 68.389756 ms

Loading ground truth...
✓ Truth loaded in 72.044380 ms

Data Summary:
  Dimension d=100, Base vectors=1183514, Queries=10000


Building HNSW index...
✓ Index built.
  build_time(local)=4256.368336 ms
  build_time(internal)=4251.074033 ms


========== GRAPH QUALITY ==========

  num_nodes: 1183514

  max_level (entry point): 4

  actual_max_layer: 4

  avg_degree_l0: 68.582917

  avg_degree_upper: 36.158961


  Layer Distribution:

    L0: 1183514 nodes (100.00%)

    L1: 29240 nodes (2.47%)

    L2: 710 nodes (0.06%)

    L3: 24 nodes (0.00%)

    L4: 2 nodes (0.00%)



Executing queries...

  Processed 1000 queries

  Processed 2000 queries

  Processed 3000 queries

  Processed 4000 queries

  Processed 5000 queries

  Processed 6000 queries

  Processed 7000 queries

  Processed 8000 queries

  Processed 9000 queries

  Processed 10000 queries


========== RESULTS ==========

Total queries: 10000

Average recall@10: 0.479890

Average query time: 0.500472 ms

Total query time: 5004.718657 ms


========== DISTANCE STATISTICS ==========

Total queries reported by index: 10000

Total distance computations: 13060588

Average distance ops per query: 1306.058800

Last query distance ops: 2220


========== PERFORMANCE SUMMARY ==========

Data loading time: 2349.845772 ms

Index build time: 4251.074033 ms

Query execution time: 5004.718657 ms

Total elapsed time: 11610.932765 ms


========== EFFICIENCY METRICS ==========

Queries per second: 1998.114317

Distance ops per second: 2609654.786835


========== END OF LOG ==========

Log saved to: Log/run_20251208_160142_397.log

