========== HNSW Search Test ==========

Timestamp: Fri Nov 28 18:51:34 2025

Command line arguments:
  argv[0]: ./hng

Configuration:
  Base file: data_o/glove/base.txt
  Query file: data_o/glove/query.txt
  Truth file: data_o/glove/truth.txt
  K: 10
  M: -1
  Max layer: -1
  EFC: -1
  EFS: -1
  Threads: -1
  Debug: -1

Loading base vectors...
✓ Base loaded in 2364.389756 ms

Loading query vectors...
✓ Queries loaded in 72.666035 ms

Loading ground truth...
✓ Truth loaded in 74.430779 ms

Data Summary:
  Dimension d=100, Base vectors=1183514, Queries=10000


Building HNSW index...
✓ Index built.
  build_time(local)=1765421.354811 ms
  build_time(internal)=1627185.281710 ms


========== GRAPH QUALITY ==========

  num_nodes: 1183514

  max_level (entry point): 3

  actual_max_layer: 3

  avg_degree_l0: 59.878753

  avg_degree_upper: 0.199966


  Layer Distribution:

    L0: 1183514 nodes (100.00%)

    L1: 28971 nodes (2.45%)

    L2: 667 nodes (0.06%)

    L3: 7 nodes (0.00%)



Executing queries...

  Processed 1000 queries

  Processed 2000 queries

  Processed 3000 queries

  Processed 4000 queries

  Processed 5000 queries

  Processed 6000 queries

  Processed 7000 queries

  Processed 8000 queries

  Processed 9000 queries

  Processed 10000 queries


========== RESULTS ==========

Total queries: 10000

Average recall@10: 0.981780

Average query time: 2.171005 ms

Total query time: 21710.046654 ms


========== DISTANCE STATISTICS ==========

Total queries reported by index: 10000

Total distance computations: 202806452

Average distance ops per query: 20280.645200

Last query distance ops: 17440


========== PERFORMANCE SUMMARY ==========

Data loading time: 2511.486570 ms

Index build time: 1627185.281710 ms

Query execution time: 21710.046654 ms

Total elapsed time: 1789642.888035 ms


========== EFFICIENCY METRICS ==========

Queries per second: 460.616237

Distance ops per second: 9341594.480758


========== END OF LOG ==========

Log saved to: Log/run_20251128_185134_958.log

