========== HNSW Search Test ==========

Timestamp: Mon Dec  8 16:26:08 2025

Command line arguments:
  argv[0]: ./hng3
  argv[1]: --m
  argv[2]: 40
  argv[3]: --max_layer
  argv[4]: 7
  argv[5]: --efc
  argv[6]: 1300
  argv[7]: --efs
  argv[8]: 272
  argv[9]: --hamming_threshold
  argv[10]: 46

Configuration:
  Base file: data_o/glove/base.txt
  Query file: data_o/glove/query.txt
  Truth file: data_o/glove/truth.txt
  K: 10
  M: 40
  Max layer: 7
  EFC: 1300
  EFS: 272
  Threads: -1
  Debug: -1

HNSW parameters set.

Ablation flags: csr=0, prefetch=0, simd=0, pruning=0, heap=0

  Hamming threshold: 46
Loading base vectors...
✓ Base loaded in 4063.516950 ms

Loading query vectors...
✓ Queries loaded in 91.849902 ms

Loading ground truth...
✓ Truth loaded in 90.866934 ms

Data Summary:
  Dimension d=100, Base vectors=1183514, Queries=10000


Building HNSW index...
✓ Index built.
  build_time(local)=4986.641278 ms
  build_time(internal)=4981.299701 ms


========== GRAPH QUALITY ==========

  num_nodes: 1183514

  max_level (entry point): 4

  actual_max_layer: 4

  avg_degree_l0: 70.480409

  avg_degree_upper: 36.234139


  Layer Distribution:

    L0: 1183514 nodes (100.00%)

    L1: 29379 nodes (2.48%)

    L2: 691 nodes (0.06%)

    L3: 18 nodes (0.00%)

    L4: 1 nodes (0.00%)



Executing queries...

  Processed 1000 queries

  Processed 2000 queries

  Processed 3000 queries

  Processed 4000 queries

  Processed 5000 queries

  Processed 6000 queries

  Processed 7000 queries

  Processed 8000 queries

  Processed 9000 queries

  Processed 10000 queries


========== RESULTS ==========

Total queries: 10000

Average recall@10: 0.971690

Average query time: 1.360398 ms

Total query time: 13603.977340 ms


========== DISTANCE STATISTICS ==========

Total queries reported by index: 10000

Total distance computations: 135067368

Average distance ops per query: 13506.736800

Last query distance ops: 13882


========== PERFORMANCE SUMMARY ==========

Data loading time: 4246.233786 ms

Index build time: 4981.299701 ms

Query execution time: 13603.977340 ms

Total elapsed time: 22836.852404 ms


========== EFFICIENCY METRICS ==========

Queries per second: 735.079143

Distance ops per second: 9928520.507224


========== END OF LOG ==========

Log saved to: Log/run_20251208_162608_197.log

