========== HNSW Search Test ==========

Timestamp: Thu Dec  4 06:32:01 2025

Command line arguments:
  argv[0]: ./hng1
  argv[1]: --m
  argv[2]: 56
  argv[3]: --max_layer
  argv[4]: 11
  argv[5]: --efc
  argv[6]: 541
  argv[7]: --efs
  argv[8]: 560

Configuration:
  Base file: data_o/glove/base.txt
  Query file: data_o/glove/query.txt
  Truth file: data_o/glove/truth.txt
  K: 10
  M: 56
  Max layer: 11
  EFC: 541
  EFS: 560
  Threads: -1
  Debug: -1

HNSW parameters set.

Ablation flags: csr=0, prefetch=0, simd=0, pruning=0, heap=0

Loading base vectors...
✓ Base loaded in 2118.729601 ms

Loading query vectors...
✓ Queries loaded in 67.578911 ms

Loading ground truth...
✓ Truth loaded in 66.127877 ms

Data Summary:
  Dimension d=100, Base vectors=1183514, Queries=10000


Building HNSW index...
✓ Index built.
  build_time(local)=3738.893538 ms
  build_time(internal)=3734.112516 ms


========== GRAPH QUALITY ==========

  num_nodes: 1183514

  max_level (entry point): 3

  actual_max_layer: 3

  avg_degree_l0: 52.848949

  avg_degree_upper: 0.173348


  Layer Distribution:

    L0: 1183514 nodes (100.00%)

    L1: 20962 nodes (1.77%)

    L2: 410 nodes (0.03%)

    L3: 7 nodes (0.00%)



Executing queries...

  Processed 1000 queries

  Processed 2000 queries

  Processed 3000 queries

  Processed 4000 queries

  Processed 5000 queries

  Processed 6000 queries

  Processed 7000 queries

  Processed 8000 queries

  Processed 9000 queries

  Processed 10000 queries


========== RESULTS ==========

Total queries: 10000

Average recall@10: 0.986030

Average query time: 1.699032 ms

Total query time: 16990.320512 ms


========== DISTANCE STATISTICS ==========

Total queries reported by index: 10000

Total distance computations: 238545004

Average distance ops per query: 23854.500500

Last query distance ops: 18406


========== PERFORMANCE SUMMARY ==========

Data loading time: 2252.436389 ms

Index build time: 3734.112516 ms

Query execution time: 16990.320512 ms

Total elapsed time: 22981.650439 ms


========== EFFICIENCY METRICS ==========

Queries per second: 588.570415

Distance ops per second: 14040053.266301


========== END OF LOG ==========

Log saved to: Log/run_20251204_063201_298.log

