========== HNSW Search Test ==========

========== HNSW Search Test ==========

Timestamp: Fri Dec  5 21:39:34 2025

Command line arguments:
Timestamp: Fri Dec  5 21:39:34 2025

  argv[0]: ./basic
Command line arguments:
  argv[1]: --base
  argv[0]: ./basic
  argv[2]: data_o/glove/base.txt
  argv[1]: --base
  argv[3]: --query
  argv[2]: data_o/glove/base.txt
  argv[4]: data_o/glove/query.txt
  argv[3]: --query
  argv[5]: --truth
  argv[4]: data_o/glove/query.txt
  argv[6]: data_o/glove/truth.txt
  argv[5]: --truth
  argv[7]: --k
  argv[6]: data_o/glove/truth.txt
  argv[8]: 10
  argv[7]: --k
  argv[9]: --m
  argv[8]: 10
  argv[10]: 59
  argv[9]: --m
  argv[11]: --max_layer
  argv[10]: 59
  argv[12]: 5
  argv[11]: --max_layer
  argv[13]: --efc
  argv[12]: 5
  argv[14]: 763
  argv[13]: --efc
  argv[15]: --efs
  argv[14]: 763
  argv[16]: 350
  argv[15]: --efs
  argv[17]: --threads
  argv[16]: 375
  argv[18]: 8
  argv[17]: --threads
  argv[19]: --debug
  argv[18]: 8
  argv[20]: 1
  argv[19]: --debug

Configuration:
  argv[20]: 1
  Base file: data_o/glove/base.txt

Configuration:
  Query file: data_o/glove/query.txt
  Base file: data_o/glove/base.txt
  Truth file: data_o/glove/truth.txt
  Query file: data_o/glove/query.txt
  K: 10
  Truth file: data_o/glove/truth.txt
  M: 59
  K: 10
  Max layer: 5
  M: 59
  EFC: 763
  Max layer: 5
  EFS: 350
  EFC: 763
  Threads: 8
  EFS: 375
  Debug: 1
  Threads: 8

  Debug: 1
HNSW parameters set.


HNSW parameters set.

Ablation flags: csr=0, prefetch=0, simd=0, pruning=0, heap=0

Ablation flags: csr=0, prefetch=0, simd=0, pruning=0, heap=0

Loading base vectors...
Loading base vectors...
✓ Base loaded in 17075.652600 ms

Loading query vectors...
✓ Base loaded in 17075.952813 ms

Loading query vectors...
✓ Queries loaded in 242.870280 ms

Loading ground truth...
✓ Queries loaded in 255.048445 ms

Loading ground truth...
✓ Truth loaded in 223.366021 ms

Data Summary:
  Dimension d=100, Base vectors=1183514, Queries=10000


Building HNSW index...
✓ Truth loaded in 216.401840 ms

Data Summary:
  Dimension d=100, Base vectors=1183514, Queries=10000


Building HNSW index...
