========== HNSW Search Test ==========

Timestamp: Tue Dec  9 03:34:57 2025

Command line arguments:
  argv[0]: ./hng3
  argv[1]: --m
  argv[2]: 40
  argv[3]: --max_layer
  argv[4]: 7
  argv[5]: --efc
  argv[6]: 2000
  argv[7]: --efs
  argv[8]: 448
  argv[9]: --hamming_threshold
  argv[10]: 41

Configuration:
  Base file: data_o/glove/base.txt
  Query file: data_o/glove/query.txt
  Truth file: data_o/glove/truth.txt
  K: 10
  M: 40
  Max layer: 7
  EFC: 2000
  EFS: 448
  Threads: -1
  Debug: -1

HNSW parameters set.

Ablation flags: csr=0, prefetch=0, simd=0, pruning=0, heap=0

  Hamming threshold: 41
Loading base vectors...
✓ Base loaded in 2282.691477 ms

Loading query vectors...
✓ Queries loaded in 76.459207 ms

Loading ground truth...
✓ Truth loaded in 76.001679 ms

Data Summary:
  Dimension d=100, Base vectors=1183514, Queries=10000


Building HNSW index...
✓ Index built.
  build_time(local)=4237.351186 ms
  build_time(internal)=3646.666547 ms


========== GRAPH QUALITY ==========

  num_nodes: 1183514

  max_level (entry point): 3

  actual_max_layer: 3

  avg_degree_l0: 72.658490

  avg_degree_upper: 36.400908


  Layer Distribution:

    L0: 1183514 nodes (100.00%)

    L1: 29680 nodes (2.51%)

    L2: 692 nodes (0.06%)

    L3: 24 nodes (0.00%)



Executing queries...

  Processed 1000 queries

  Processed 2000 queries

  Processed 3000 queries

  Processed 4000 queries

  Processed 5000 queries

  Processed 6000 queries

  Processed 7000 queries

  Processed 8000 queries

  Processed 9000 queries

  Processed 10000 queries


========== RESULTS ==========

Total queries: 10000

Average recall@10: 0.981530

Average query time: 1.827063 ms

Total query time: 18270.625998 ms


========== DISTANCE STATISTICS ==========

Total queries reported by index: 10000

Total distance computations: 138045326

Average distance ops per query: 13804.532600

Last query distance ops: 15802


========== PERFORMANCE SUMMARY ==========

Data loading time: 2435.152363 ms

Index build time: 3646.666547 ms

Query execution time: 18270.625998 ms

Total elapsed time: 24943.129547 ms


========== EFFICIENCY METRICS ==========

Queries per second: 547.326621

Distance ops per second: 7555588.189212


========== END OF LOG ==========

Log saved to: Log/run_20251209_033457_679.log

