========== HNSW Search Test ==========

Timestamp: Sat Dec  6 03:22:32 2025

Command line arguments:
  argv[0]: ./basic
  argv[1]: --base
  argv[2]: data_o/glove/base.txt
  argv[3]: --query
  argv[4]: data_o/glove/query.txt
  argv[5]: --truth
  argv[6]: data_o/glove/truth.txt
  argv[7]: --k
  argv[8]: 10
  argv[9]: --m
  argv[10]: 59
  argv[11]: --max_layer
  argv[12]: 7
  argv[13]: --efc
  argv[14]: 763
  argv[15]: --efs
  argv[16]: 12000
  argv[17]: --threads
  argv[18]: 32
  argv[19]: --debug
  argv[20]: 1

Configuration:
  Base file: data_o/glove/base.txt
  Query file: data_o/glove/query.txt
  Truth file: data_o/glove/truth.txt
  K: 10
  M: 59
  Max layer: 7
  EFC: 763
  EFS: 12000
  Threads: 32
  Debug: 1

HNSW parameters set.

Ablation flags: csr=0, prefetch=0, simd=0, pruning=0, heap=0

Loading base vectors...
✓ Base loaded in 13368.005659 ms

Loading query vectors...
✓ Queries loaded in 1051.848524 ms

Loading ground truth...
✓ Truth loaded in 629.562611 ms

Data Summary:
  Dimension d=100, Base vectors=1183514, Queries=10000


Building HNSW index...
✓ Index built.
  build_time(local)=45079.517481 ms
  build_time(internal)=44202.105131 ms

Executing queries...

  Processed 1000 queries

  Processed 2000 queries

  Processed 3000 queries

  Processed 4000 queries

  Processed 5000 queries

  Processed 6000 queries

  Processed 7000 queries

  Processed 8000 queries

  Processed 9000 queries

  Processed 10000 queries


========== RESULTS ==========

Total queries: 10000

Average recall@10: 0.943050

Average query time: 4.545077 ms

Total query time: 45450.771450 ms


========== DISTANCE STATISTICS ==========

Total queries reported by index: 10000

Total distance computations: 123736738

Average distance ops per query: 12373.673800

Last query distance ops: 12455


========== PERFORMANCE SUMMARY ==========

Data loading time: 15049.416794 ms

Index build time: 44202.105131 ms

Query execution time: 45450.771450 ms

Total elapsed time: 105579.705725 ms


========== EFFICIENCY METRICS ==========

Queries per second: 220.018268

Distance ops per second: 2722434.274545


========== END OF LOG ==========

Log saved to: Log/run_20251206_032232_025.log

