========== HNSW Search Test ==========

Timestamp: Thu Dec  4 14:17:06 2025

Command line arguments:
  argv[0]: ./hng1
  argv[1]: --m
  argv[2]: 33
  argv[3]: --max_layer
  argv[4]: 12
  argv[5]: --efc
  argv[6]: 647
  argv[7]: --efs
  argv[8]: 1040

Configuration:
  Base file: data_o/glove/base.txt
  Query file: data_o/glove/query.txt
  Truth file: data_o/glove/truth.txt
  K: 10
  M: 33
  Max layer: 12
  EFC: 647
  EFS: 1040
  Threads: -1
  Debug: -1

HNSW parameters set.

Ablation flags: csr=0, prefetch=0, simd=0, pruning=0, heap=0

Loading base vectors...
✓ Base loaded in 4094.289083 ms

Loading query vectors...
✓ Queries loaded in 91.276178 ms

Loading ground truth...
✓ Truth loaded in 89.434596 ms

Data Summary:
  Dimension d=100, Base vectors=1183514, Queries=10000


Building HNSW index...
✓ Index built.
  build_time(local)=4511.286104 ms
  build_time(internal)=4505.769580 ms


========== GRAPH QUALITY ==========

  num_nodes: 1183514

  max_level (entry point): 4

  actual_max_layer: 4

  avg_degree_l0: 49.557230

  avg_degree_upper: 0.153136


  Layer Distribution:

    L0: 1183514 nodes (100.00%)

    L1: 35967 nodes (3.04%)

    L2: 1052 nodes (0.09%)

    L3: 44 nodes (0.00%)

    L4: 2 nodes (0.00%)



Executing queries...

  Processed 1000 queries

  Processed 2000 queries

  Processed 3000 queries

  Processed 4000 queries

  Processed 5000 queries

  Processed 6000 queries

  Processed 7000 queries

  Processed 8000 queries

  Processed 9000 queries

  Processed 10000 queries


========== RESULTS ==========

Total queries: 10000

Average recall@10: 0.993180

Average query time: 3.319256 ms

Total query time: 33192.563110 ms


========== DISTANCE STATISTICS ==========

Total queries reported by index: 10000

Total distance computations: 358124318

Average distance ops per query: 35812.431800

Last query distance ops: 28640


========== PERFORMANCE SUMMARY ==========

Data loading time: 4274.999857 ms

Index build time: 4505.769580 ms

Query execution time: 33192.563110 ms

Total elapsed time: 41978.849071 ms


========== EFFICIENCY METRICS ==========

Queries per second: 301.272305

Distance ops per second: 10789293.879270


========== END OF LOG ==========

Log saved to: Log/run_20251204_141706_744.log

