========== HNSW Search Test ==========

Timestamp: Tue Dec  2 05:09:32 2025

Command line arguments:
  argv[0]: ./hng
  argv[1]: --m
  argv[2]: 17
  argv[3]: --max_layer
  argv[4]: 20
  argv[5]: --efc
  argv[6]: 855
  argv[7]: --efs
  argv[8]: 1534

Configuration:
  Base file: data_o/glove/base.txt
  Query file: data_o/glove/query.txt
  Truth file: data_o/glove/truth.txt
  K: 10
  M: 17
  Max layer: 20
  EFC: 855
  EFS: 1534
  Threads: -1
  Debug: -1

HNSW parameters set.

Loading base vectors...
✓ Base loaded in 3867.661334 ms

Loading query vectors...
✓ Queries loaded in 67.208030 ms

Loading ground truth...
✓ Truth loaded in 67.547068 ms

Data Summary:
  Dimension d=100, Base vectors=1183514, Queries=10000


Building HNSW index...
✓ Index built.
  build_time(local)=548398.745851 ms
  build_time(internal)=572819.644825 ms


========== GRAPH QUALITY ==========

  num_nodes: 1183514

  max_level (entry point): 5

  actual_max_layer: 5

  avg_degree_l0: 31.382645

  avg_degree_upper: 0.175789


  Layer Distribution:

    L0: 1183514 nodes (100.00%)

    L1: 69675 nodes (5.89%)

    L2: 4154 nodes (0.35%)

    L3: 246 nodes (0.02%)

    L4: 20 nodes (0.00%)

    L5: 5 nodes (0.00%)



Executing queries...

  Processed 1000 queries

  Processed 2000 queries

  Processed 3000 queries

  Processed 4000 queries

  Processed 5000 queries

  Processed 6000 queries

  Processed 7000 queries

  Processed 8000 queries

  Processed 9000 queries

  Processed 10000 queries


========== RESULTS ==========

Total queries: 10000

Average recall@10: 0.982620

Average query time: 2.422561 ms

Total query time: 24225.606033 ms


========== DISTANCE STATISTICS ==========

Total queries reported by index: 10000

Total distance computations: 0

Average distance ops per query: 0.000000

Last query distance ops: 0


========== PERFORMANCE SUMMARY ==========

Data loading time: 4002.416432 ms

Index build time: 572819.644825 ms

Query execution time: 24225.606033 ms

Total elapsed time: 576626.768316 ms


========== EFFICIENCY METRICS ==========

Queries per second: 412.786371


========== END OF LOG ==========

Log saved to: Log/run_20251202_050932_268.log

