========== HNSW Search Test ==========

Timestamp: Thu Dec  4 08:57:22 2025

Command line arguments:
  argv[0]: ./hng1
  argv[1]: --m
  argv[2]: 55
  argv[3]: --max_layer
  argv[4]: 1
  argv[5]: --efc
  argv[6]: 683
  argv[7]: --efs
  argv[8]: 800

Configuration:
  Base file: data_o/glove/base.txt
  Query file: data_o/glove/query.txt
  Truth file: data_o/glove/truth.txt
  K: 10
  M: 55
  Max layer: 1
  EFC: 683
  EFS: 800
  Threads: -1
  Debug: -1

HNSW parameters set.

Ablation flags: csr=0, prefetch=0, simd=0, pruning=0, heap=0

Loading base vectors...
✓ Base loaded in 3935.971859 ms

Loading query vectors...
✓ Queries loaded in 70.414211 ms

Loading ground truth...
✓ Truth loaded in 69.070670 ms

Data Summary:
  Dimension d=100, Base vectors=1183514, Queries=10000


Building HNSW index...
✓ Index built.
  build_time(local)=3729.573142 ms
  build_time(internal)=3724.793734 ms


========== GRAPH QUALITY ==========

  num_nodes: 1183514

  max_level (entry point): 1

  actual_max_layer: 1

  avg_degree_l0: 57.773690

  avg_degree_upper: 0.305242


  Layer Distribution:

    L0: 1183514 nodes (100.00%)

    L1: 21596 nodes (1.82%)



Executing queries...

  Processed 1000 queries

  Processed 2000 queries

  Processed 3000 queries

  Processed 4000 queries

  Processed 5000 queries

  Processed 6000 queries

  Processed 7000 queries

  Processed 8000 queries

  Processed 9000 queries

  Processed 10000 queries


========== RESULTS ==========

Total queries: 10000

Average recall@10: 0.993930

Average query time: 2.575939 ms

Total query time: 25759.387170 ms


========== DISTANCE STATISTICS ==========

Total queries reported by index: 10000

Total distance computations: 351666455

Average distance ops per query: 35166.645500

Last query distance ops: 26032


========== PERFORMANCE SUMMARY ==========

Data loading time: 4075.456740 ms

Index build time: 3724.793734 ms

Query execution time: 25759.387170 ms

Total elapsed time: 33564.417052 ms


========== EFFICIENCY METRICS ==========

Queries per second: 388.207993

Distance ops per second: 13651972.878049


========== END OF LOG ==========

Log saved to: Log/run_20251204_085722_275.log

