========== HNSW Search Test ==========

Timestamp: Wed Nov 26 13:52:52 2025

Command line arguments:
  argv[0]: ./hng
  argv[1]: --m
  argv[2]: 49
  argv[3]: --efc
  argv[4]: 712
  argv[5]: --efs
  argv[6]: 671

Configuration:
  Base file: data_o/glove/base.txt
  Query file: data_o/glove/query.txt
  Truth file: data_o/glove/truth.txt
  K: 10
  M: 49
  Max layer: -1
  EFC: 712
  EFS: 671
  Threads: -1
  Debug: -1

HNSW parameters set.

Loading base vectors...
✓ Base loaded in 2642.387053 ms

Loading query vectors...
✓ Queries loaded in 102.597220 ms

Loading ground truth...
✓ Truth loaded in 103.676312 ms

Data Summary:
  Dimension d=100, Base vectors=1183514, Queries=10000


Building HNSW index...
✓ Index built.
  build_time(local)=774223.289531 ms
  build_time(internal)=771781.960227 ms


Executing queries...

  Processed 1000 queries

  Processed 2000 queries

  Processed 3000 queries

  Processed 4000 queries

  Processed 5000 queries

  Processed 6000 queries

  Processed 7000 queries

  Processed 8000 queries

  Processed 9000 queries

  Processed 10000 queries


========== RESULTS ==========

Total queries: 10000

Average recall@10: 0.991040

Average query time: 3.474047 ms

Total query time: 34740.467420 ms


========== DISTANCE STATISTICS ==========

Total queries reported by index: 10000

Total distance computations: 298203179

Average distance ops per query: 29820.317900

Last query distance ops: 22766


========== PERFORMANCE SUMMARY ==========

Data loading time: 2848.660585 ms

Index build time: 771781.960227 ms

Query execution time: 34740.467420 ms

Total elapsed time: 811812.417536 ms


========== EFFICIENCY METRICS ==========

Queries per second: 287.848747

Distance ops per second: 8583741.128029


========== END OF LOG ==========

Log saved to: Log/run_20251126_135252_725.log

