========== HNSW Search Test ==========

Timestamp: Sat Dec  6 22:40:01 2025

Command line arguments:
  argv[0]: ./hng2

Configuration:
  Base file: data_o/glove/base.txt
  Query file: data_o/glove/query.txt
  Truth file: data_o/glove/truth.txt
  K: 10
  M: -1
  Max layer: -1
  EFC: -1
  EFS: -1
  Threads: -1
  Debug: -1

Ablation flags: csr=0, prefetch=0, simd=0, pruning=0, heap=0

Loading base vectors...
✓ Base loaded in 2206.760953 ms

Loading query vectors...
✓ Queries loaded in 69.146675 ms

Loading ground truth...
✓ Truth loaded in 67.828398 ms

Data Summary:
  Dimension d=100, Base vectors=1183514, Queries=10000


Building HNSW index...
✓ Index built.
  build_time(local)=42345.796930 ms
  build_time(internal)=42340.924448 ms


========== GRAPH QUALITY ==========

  num_nodes: 1183514

  max_level (entry point): 4

  actual_max_layer: 4

  avg_degree_l0: 23.917294

  avg_degree_upper: 0.048348


  Layer Distribution:

    L0: 1183514 nodes (100.00%)

    L1: 14627 nodes (1.24%)

    L2: 200 nodes (0.02%)

    L3: 2 nodes (0.00%)

    L4: 1 nodes (0.00%)



Executing queries...

  Processed 1000 queries

  Processed 2000 queries

  Processed 3000 queries

  Processed 4000 queries

  Processed 5000 queries

  Processed 6000 queries

  Processed 7000 queries

  Processed 8000 queries

  Processed 9000 queries

  Processed 10000 queries


========== RESULTS ==========

Total queries: 10000

Average recall@10: 0.876340

Average query time: 0.826121 ms

Total query time: 8261.208796 ms


========== DISTANCE STATISTICS ==========

Total queries reported by index: 10000

Total distance computations: 130747095

Average distance ops per query: 13074.709500

Last query distance ops: 10652


========== PERFORMANCE SUMMARY ==========

Data loading time: 2343.736026 ms

Index build time: 42340.924448 ms

Query execution time: 8261.208796 ms

Total elapsed time: 52950.741752 ms


========== EFFICIENCY METRICS ==========

Queries per second: 1210.476608

Distance ops per second: 15826630.003990


========== END OF LOG ==========

Log saved to: Log/run_20251206_224001_426.log

