========== HNSW Search Test ==========

Timestamp: Wed Nov 26 08:05:18 2025

Command line arguments:
  argv[0]: ./hng
  argv[1]: --m
  argv[2]: 36
  argv[3]: --efc
  argv[4]: 331
  argv[5]: --efs
  argv[6]: 705

Configuration:
  Base file: data_o/glove/base.txt
  Query file: data_o/glove/query.txt
  Truth file: data_o/glove/truth.txt
  K: 10
  M: 36
  Max layer: -1
  EFC: 331
  EFS: 705
  Threads: -1
  Debug: -1

HNSW parameters set.

Loading base vectors...
✓ Base loaded in 2215.093627 ms

Loading query vectors...
✓ Queries loaded in 76.512274 ms

Loading ground truth...
✓ Truth loaded in 74.945364 ms

Data Summary:
  Dimension d=100, Base vectors=1183514, Queries=10000


Building HNSW index...
✓ Index built.
  build_time(local)=281428.045448 ms
  build_time(internal)=280686.975567 ms


Executing queries...

  Processed 1000 queries

  Processed 2000 queries

  Processed 3000 queries

  Processed 4000 queries

  Processed 5000 queries

  Processed 6000 queries

  Processed 7000 queries

  Processed 8000 queries

  Processed 9000 queries

  Processed 10000 queries


========== RESULTS ==========

Total queries: 10000

Average recall@10: 0.922670

Average query time: 2.759619 ms

Total query time: 27596.190936 ms


========== DISTANCE STATISTICS ==========

Total queries reported by index: 10000

Total distance computations: 218592586

Average distance ops per query: 21859.258700

Last query distance ops: 18290


========== PERFORMANCE SUMMARY ==========

Data loading time: 2366.551265 ms

Index build time: 280686.975567 ms

Query execution time: 27596.190936 ms

Total elapsed time: 311390.787649 ms


========== EFFICIENCY METRICS ==========

Queries per second: 362.368851

Distance ops per second: 7921114.457678


========== END OF LOG ==========

Log saved to: Log/run_20251126_080518_567.log

