========== HNSW Search Test ==========

Timestamp: Mon Dec  8 18:13:59 2025

Command line arguments:
  argv[0]: ./hng3
  argv[1]: --m
  argv[2]: 57
  argv[3]: --max_layer
  argv[4]: 7
  argv[5]: --efc
  argv[6]: 1000
  argv[7]: --efs
  argv[8]: 512
  argv[9]: --hamming_threshold
  argv[10]: 38

Configuration:
  Base file: data_o/glove/base.txt
  Query file: data_o/glove/query.txt
  Truth file: data_o/glove/truth.txt
  K: 10
  M: 57
  Max layer: 7
  EFC: 1000
  EFS: 512
  Threads: -1
  Debug: -1

HNSW parameters set.

Ablation flags: csr=0, prefetch=0, simd=0, pruning=0, heap=0

  Hamming threshold: 38
Loading base vectors...
✓ Base loaded in 2253.128005 ms

Loading query vectors...
✓ Queries loaded in 70.217217 ms

Loading ground truth...
✓ Truth loaded in 68.869349 ms

Data Summary:
  Dimension d=100, Base vectors=1183514, Queries=10000


Building HNSW index...
✓ Index built.
  build_time(local)=4699.538212 ms
  build_time(internal)=4694.408533 ms


========== GRAPH QUALITY ==========

  num_nodes: 1183514

  max_level (entry point): 3

  actual_max_layer: 3

  avg_degree_l0: 83.402588

  avg_degree_upper: 41.035055


  Layer Distribution:

    L0: 1183514 nodes (100.00%)

    L1: 20983 nodes (1.77%)

    L2: 351 nodes (0.03%)

    L3: 4 nodes (0.00%)



Executing queries...

  Processed 1000 queries

  Processed 2000 queries

  Processed 3000 queries

  Processed 4000 queries

  Processed 5000 queries

  Processed 6000 queries

  Processed 7000 queries

  Processed 8000 queries

  Processed 9000 queries

  Processed 10000 queries


========== RESULTS ==========

Total queries: 10000

Average recall@10: 0.964310

Average query time: 1.875311 ms

Total query time: 18753.114960 ms


========== DISTANCE STATISTICS ==========

Total queries reported by index: 10000

Total distance computations: 106793199

Average distance ops per query: 10679.319900

Last query distance ops: 13858


========== PERFORMANCE SUMMARY ==========

Data loading time: 2392.214571 ms

Index build time: 4694.408533 ms

Query execution time: 18753.114960 ms

Total elapsed time: 25844.867743 ms


========== EFFICIENCY METRICS ==========

Queries per second: 533.244745

Distance ops per second: 5694691.214115


========== END OF LOG ==========

Log saved to: Log/run_20251208_181359_956.log

