========== HNSW Search Test ==========

Timestamp: Fri Nov 28 02:35:18 2025

Command line arguments:
  argv[0]: ./hng
  argv[1]: --m
  argv[2]: 46
  argv[3]: --max_layer
  argv[4]: 12
  argv[5]: --efc
  argv[6]: 881
  argv[7]: --efs
  argv[8]: 232

Configuration:
  Base file: data_o/glove/base.txt
  Query file: data_o/glove/query.txt
  Truth file: data_o/glove/truth.txt
  K: 10
  M: 46
  Max layer: 12
  EFC: 881
  EFS: 232
  Threads: -1
  Debug: -1

HNSW parameters set.

Loading base vectors...
✓ Base loaded in 2254.271967 ms

Loading query vectors...
✓ Queries loaded in 76.527735 ms

Loading ground truth...
✓ Truth loaded in 81.291344 ms

Data Summary:
  Dimension d=100, Base vectors=1183514, Queries=10000


Building HNSW index...
✓ Index built.
  build_time(local)=1556189.658600 ms
  build_time(internal)=1412811.950941 ms


========== GRAPH QUALITY ==========

  num_nodes: 1183514

  max_level (entry point): 3

  actual_max_layer: 3

  avg_degree_l0: 60.906859

  avg_degree_upper: 0.198693


  Layer Distribution:

    L0: 1183514 nodes (100.00%)

    L1: 26058 nodes (2.20%)

    L2: 552 nodes (0.05%)

    L3: 14 nodes (0.00%)



Executing queries...

  Processed 1000 queries

  Processed 2000 queries

  Processed 3000 queries

  Processed 4000 queries

  Processed 5000 queries

  Processed 6000 queries

  Processed 7000 queries

  Processed 8000 queries

  Processed 9000 queries

  Processed 10000 queries


========== RESULTS ==========

Total queries: 10000

Average recall@10: 0.959640

Average query time: 1.245403 ms

Total query time: 12454.034099 ms


========== DISTANCE STATISTICS ==========

Total queries reported by index: 10000

Total distance computations: 121038571

Average distance ops per query: 12103.857100

Last query distance ops: 10858


========== PERFORMANCE SUMMARY ==========

Data loading time: 2412.091046 ms

Index build time: 1412811.950941 ms

Query execution time: 12454.034099 ms

Total elapsed time: 1571055.783745 ms


========== EFFICIENCY METRICS ==========

Queries per second: 802.952675

Distance ops per second: 9718824.441770


========== END OF LOG ==========

Log saved to: Log/run_20251128_023518_185.log

