========== HNSW Search Test ==========

Timestamp: Thu Nov 27 11:30:07 2025

Command line arguments:
  argv[0]: ./hng
  argv[1]: --m
  argv[2]: 52
  argv[3]: --max_layer
  argv[4]: 14
  argv[5]: --efc
  argv[6]: 624
  argv[7]: --efs
  argv[8]: 539

Configuration:
  Base file: data_o/glove/base.txt
  Query file: data_o/glove/query.txt
  Truth file: data_o/glove/truth.txt
  K: 10
  M: 52
  Max layer: 14
  EFC: 624
  EFS: 539
  Threads: -1
  Debug: -1

HNSW parameters set.

Loading base vectors...
✓ Base loaded in 2160.726195 ms

Loading query vectors...
✓ Queries loaded in 70.007790 ms

Loading ground truth...
✓ Truth loaded in 74.203428 ms

Data Summary:
  Dimension d=100, Base vectors=1183514, Queries=10000


Building HNSW index...
✓ Index built.
  build_time(local)=999367.052085 ms
  build_time(internal)=937539.374601 ms


========== GRAPH QUALITY ==========

  num_nodes: 1183514

  max_level (entry point): 3

  actual_max_layer: 3

  avg_degree_l0: 55.614904

  avg_degree_upper: 0.142894


  Layer Distribution:

    L0: 1183514 nodes (100.00%)

    L1: 22797 nodes (1.93%)

    L2: 464 nodes (0.04%)

    L3: 8 nodes (0.00%)



Executing queries...

  Processed 1000 queries

  Processed 2000 queries

  Processed 3000 queries

  Processed 4000 queries

  Processed 5000 queries

  Processed 6000 queries

  Processed 7000 queries

  Processed 8000 queries

  Processed 9000 queries

  Processed 10000 queries


========== RESULTS ==========

Total queries: 10000

Average recall@10: 0.986450

Average query time: 2.466438 ms

Total query time: 24664.377403 ms


========== DISTANCE STATISTICS ==========

Total queries reported by index: 10000

Total distance computations: 239416136

Average distance ops per query: 23941.613600

Last query distance ops: 18709


========== PERFORMANCE SUMMARY ==========

Data loading time: 2304.937413 ms

Index build time: 937539.374601 ms

Query execution time: 24664.377403 ms

Total elapsed time: 1026336.366901 ms


========== EFFICIENCY METRICS ==========

Queries per second: 405.443034

Distance ops per second: 9706960.451022


========== END OF LOG ==========

Log saved to: Log/run_20251127_113007_411.log

