========== HNSW Search Test ==========

Timestamp: Tue Dec  2 08:39:41 2025

Command line arguments:
  argv[0]: ./hng
  argv[1]: --m
  argv[2]: 36
  argv[3]: --max_layer
  argv[4]: 13
  argv[5]: --efc
  argv[6]: 569
  argv[7]: --efs
  argv[8]: 656

Configuration:
  Base file: data_o/glove/base.txt
  Query file: data_o/glove/query.txt
  Truth file: data_o/glove/truth.txt
  K: 10
  M: 36
  Max layer: 13
  EFC: 569
  EFS: 656
  Threads: -1
  Debug: -1

HNSW parameters set.

Loading base vectors...
✓ Base loaded in 3708.019489 ms

Loading query vectors...
✓ Queries loaded in 90.569867 ms

Loading ground truth...
✓ Truth loaded in 91.660436 ms

Data Summary:
  Dimension d=100, Base vectors=1183514, Queries=10000


Building HNSW index...
✓ Index built.
  build_time(local)=732364.028235 ms
  build_time(internal)=767572.514838 ms


========== GRAPH QUALITY ==========

  num_nodes: 1183514

  max_level (entry point): 4

  actual_max_layer: 4

  avg_degree_l0: 49.701345

  avg_degree_upper: 0.164822


  Layer Distribution:

    L0: 1183514 nodes (100.00%)

    L1: 32607 nodes (2.76%)

    L2: 895 nodes (0.08%)

    L3: 24 nodes (0.00%)

    L4: 1 nodes (0.00%)



Executing queries...

  Processed 1000 queries

  Processed 2000 queries

  Processed 3000 queries

  Processed 4000 queries

  Processed 5000 queries

  Processed 6000 queries

  Processed 7000 queries

  Processed 8000 queries

  Processed 9000 queries

  Processed 10000 queries


========== RESULTS ==========

Total queries: 10000

Average recall@10: 0.986550

Average query time: 1.842715 ms

Total query time: 18427.152418 ms


========== DISTANCE STATISTICS ==========

Total queries reported by index: 10000

Total distance computations: 0

Average distance ops per query: 0.000000

Last query distance ops: 0


========== PERFORMANCE SUMMARY ==========

Data loading time: 3890.249792 ms

Index build time: 767572.514838 ms

Query execution time: 18427.152418 ms

Total elapsed time: 754681.430445 ms


========== EFFICIENCY METRICS ==========

Queries per second: 542.677445


========== END OF LOG ==========

Log saved to: Log/run_20251202_083941_206.log

