========== HNSW Search Test ==========

Timestamp: Mon Dec  8 17:45:59 2025

Command line arguments:
  argv[0]: ./hng3
  argv[1]: --m
  argv[2]: 57
  argv[3]: --max_layer
  argv[4]: 7
  argv[5]: --efc
  argv[6]: 1000
  argv[7]: --efs
  argv[8]: 400
  argv[9]: --hamming_threshold
  argv[10]: 32

Configuration:
  Base file: data_o/glove/base.txt
  Query file: data_o/glove/query.txt
  Truth file: data_o/glove/truth.txt
  K: 10
  M: 57
  Max layer: 7
  EFC: 1000
  EFS: 400
  Threads: -1
  Debug: -1

HNSW parameters set.

Ablation flags: csr=0, prefetch=0, simd=0, pruning=0, heap=0

  Hamming threshold: 32
Loading base vectors...
✓ Base loaded in 2313.116907 ms

Loading query vectors...
✓ Queries loaded in 71.335208 ms

Loading ground truth...
✓ Truth loaded in 71.988362 ms

Data Summary:
  Dimension d=100, Base vectors=1183514, Queries=10000


Building HNSW index...
✓ Index built.
  build_time(local)=4875.417624 ms
  build_time(internal)=4870.207177 ms


========== GRAPH QUALITY ==========

  num_nodes: 1183514

  max_level (entry point): 3

  actual_max_layer: 3

  avg_degree_l0: 83.402588

  avg_degree_upper: 41.035055


  Layer Distribution:

    L0: 1183514 nodes (100.00%)

    L1: 20983 nodes (1.77%)

    L2: 351 nodes (0.03%)

    L3: 4 nodes (0.00%)



Executing queries...

  Processed 1000 queries

  Processed 2000 queries

  Processed 3000 queries

  Processed 4000 queries

  Processed 5000 queries

  Processed 6000 queries

  Processed 7000 queries

  Processed 8000 queries

  Processed 9000 queries

  Processed 10000 queries


========== RESULTS ==========

Total queries: 10000

Average recall@10: 0.616260

Average query time: 0.839500 ms

Total query time: 8394.999821 ms


========== DISTANCE STATISTICS ==========

Total queries reported by index: 10000

Total distance computations: 16947513

Average distance ops per query: 1694.751300

Last query distance ops: 2557


========== PERFORMANCE SUMMARY ==========

Data loading time: 2456.440477 ms

Index build time: 4870.207177 ms

Query execution time: 8394.999821 ms

Total elapsed time: 15726.857922 ms


========== EFFICIENCY METRICS ==========

Queries per second: 1191.185255

Distance ops per second: 2018762.758947


========== END OF LOG ==========

Log saved to: Log/run_20251208_174559_037.log

