========== HNSW Search Test ==========

Timestamp: Thu Dec  4 05:29:11 2025

Command line arguments:
  argv[0]: ./hng1
  argv[1]: --m
  argv[2]: 62
  argv[3]: --max_layer
  argv[4]: 7
  argv[5]: --efc
  argv[6]: 479
  argv[7]: --efs
  argv[8]: 2000

Configuration:
  Base file: data_o/glove/base.txt
  Query file: data_o/glove/query.txt
  Truth file: data_o/glove/truth.txt
  K: 10
  M: 62
  Max layer: 7
  EFC: 479
  EFS: 2000
  Threads: -1
  Debug: -1

HNSW parameters set.

Ablation flags: csr=0, prefetch=0, simd=0, pruning=0, heap=0

Loading base vectors...
✓ Base loaded in 2078.416661 ms

Loading query vectors...
✓ Queries loaded in 67.893857 ms

Loading ground truth...
✓ Truth loaded in 69.697478 ms

Data Summary:
  Dimension d=100, Base vectors=1183514, Queries=10000


Building HNSW index...
✓ Index built.
  build_time(local)=509870.382525 ms
  build_time(internal)=496563.988698 ms


========== GRAPH QUALITY ==========

  num_nodes: 1183514

  max_level (entry point): 3

  actual_max_layer: 3

  avg_degree_l0: 50.345257

  avg_degree_upper: 0.138491


  Layer Distribution:

    L0: 1183514 nodes (100.00%)

    L1: 19170 nodes (1.62%)

    L2: 357 nodes (0.03%)

    L3: 5 nodes (0.00%)



Executing queries...

  Processed 1000 queries

  Processed 2000 queries

  Processed 3000 queries

  Processed 4000 queries

  Processed 5000 queries

  Processed 6000 queries

  Processed 7000 queries

  Processed 8000 queries

  Processed 9000 queries

  Processed 10000 queries


========== RESULTS ==========

Total queries: 10000

Average recall@10: 0.998570

Average query time: 5.588157 ms

Total query time: 55881.569426 ms


========== DISTANCE STATISTICS ==========

Total queries reported by index: 10000

Total distance computations: 692484243

Average distance ops per query: 69248.424300

Last query distance ops: 47267


========== PERFORMANCE SUMMARY ==========

Data loading time: 2216.007996 ms

Index build time: 496563.988698 ms

Query execution time: 55881.569426 ms

Total elapsed time: 567967.959947 ms


========== EFFICIENCY METRICS ==========

Queries per second: 178.949877

Distance ops per second: 12391997.041476


========== END OF LOG ==========

Log saved to: Log/run_20251204_052911_044.log

