========== HNSW Search Test ==========

Timestamp: Thu Dec  4 13:53:09 2025

Command line arguments:
  argv[0]: ./hng1
  argv[1]: --m
  argv[2]: 55
  argv[3]: --max_layer
  argv[4]: 11
  argv[5]: --efc
  argv[6]: 598
  argv[7]: --efs
  argv[8]: 646

Configuration:
  Base file: data_o/glove/base.txt
  Query file: data_o/glove/query.txt
  Truth file: data_o/glove/truth.txt
  K: 10
  M: 55
  Max layer: 11
  EFC: 598
  EFS: 646
  Threads: -1
  Debug: -1

HNSW parameters set.

Ablation flags: csr=0, prefetch=0, simd=0, pruning=0, heap=0

Loading base vectors...
✓ Base loaded in 2381.506297 ms

Loading query vectors...
✓ Queries loaded in 66.734545 ms

Loading ground truth...
✓ Truth loaded in 72.329816 ms

Data Summary:
  Dimension d=100, Base vectors=1183514, Queries=10000


Building HNSW index...
✓ Index built.
  build_time(local)=3702.105388 ms
  build_time(internal)=3697.427029 ms


========== GRAPH QUALITY ==========

  num_nodes: 1183514

  max_level (entry point): 3

  actual_max_layer: 3

  avg_degree_l0: 54.957942

  avg_degree_upper: 0.174786


  Layer Distribution:

    L0: 1183514 nodes (100.00%)

    L1: 21583 nodes (1.82%)

    L2: 413 nodes (0.03%)

    L3: 8 nodes (0.00%)



Executing queries...

  Processed 1000 queries

  Processed 2000 queries

  Processed 3000 queries

  Processed 4000 queries

  Processed 5000 queries

  Processed 6000 queries

  Processed 7000 queries

  Processed 8000 queries

  Processed 9000 queries

  Processed 10000 queries


========== RESULTS ==========

Total queries: 10000

Average recall@10: 0.989990

Average query time: 2.381378 ms

Total query time: 23813.778176 ms


========== DISTANCE STATISTICS ==========

Total queries reported by index: 10000

Total distance computations: 279332337

Average distance ops per query: 27933.233700

Last query distance ops: 21259


========== PERFORMANCE SUMMARY ==========

Data loading time: 2520.570658 ms

Index build time: 3697.427029 ms

Query execution time: 23813.778176 ms

Total elapsed time: 30036.454222 ms


========== EFFICIENCY METRICS ==========

Queries per second: 419.924966

Distance ops per second: 11729862.222430


========== END OF LOG ==========

Log saved to: Log/run_20251204_135309_102.log

