========== HNSW Search Test ==========

Timestamp: Sun Dec  7 23:50:55 2025

Command line arguments:
  argv[0]: ./hng3
  argv[1]: --m
  argv[2]: 59
  argv[3]: --max_layer
  argv[4]: 4
  argv[5]: --efc
  argv[6]: 765
  argv[7]: --efs
  argv[8]: 438

Configuration:
  Base file: data_o/glove/base.txt
  Query file: data_o/glove/query.txt
  Truth file: data_o/glove/truth.txt
  K: 10
  M: 59
  Max layer: 4
  EFC: 765
  EFS: 438
  Threads: -1
  Debug: -1

HNSW parameters set.

Ablation flags: csr=0, prefetch=0, simd=0, pruning=0, heap=0

Loading base vectors...
✓ Base loaded in 2364.021232 ms

Loading query vectors...
✓ Queries loaded in 71.252069 ms

Loading ground truth...
✓ Truth loaded in 73.219791 ms

Data Summary:
  Dimension d=100, Base vectors=1183514, Queries=10000


Building HNSW index...
✓ Index built.
  build_time(local)=2647.026883 ms
  build_time(internal)=2641.865988 ms


========== GRAPH QUALITY ==========

  num_nodes: 1183514

  max_level (entry point): 0

  actual_max_layer: 0

  avg_degree_l0: 0.000000

  avg_degree_upper: 0.000000


  Layer Distribution:

    L0: 1183514 nodes (100.00%)



Executing queries...

  Processed 1000 queries

  Processed 2000 queries

  Processed 3000 queries

  Processed 4000 queries

  Processed 5000 queries

  Processed 6000 queries

  Processed 7000 queries

  Processed 8000 queries

  Processed 9000 queries

  Processed 10000 queries


========== RESULTS ==========

Total queries: 10000

Average recall@10: 0.000000

Average query time: 0.000989 ms

Total query time: 9.890321 ms


========== DISTANCE STATISTICS ==========

Total queries reported by index: 10000

Total distance computations: 10000

Average distance ops per query: 1.000000

Last query distance ops: 1


========== PERFORMANCE SUMMARY ==========

Data loading time: 2508.493092 ms

Index build time: 2641.865988 ms

Query execution time: 9.890321 ms

Total elapsed time: 5165.410296 ms


========== EFFICIENCY METRICS ==========

Queries per second: 1011089.528843

Distance ops per second: 1011089.528843


========== END OF LOG ==========

Log saved to: Log/run_20251207_235055_095.log

