========== HNSW Search Test ==========

Timestamp: Wed Nov 26 05:25:57 2025

Command line arguments:
  argv[0]: ./hng
  argv[1]: --m
  argv[2]: 49
  argv[3]: --efc
  argv[4]: 259
  argv[5]: --efs
  argv[6]: 143

Configuration:
  Base file: data_o/glove/base.txt
  Query file: data_o/glove/query.txt
  Truth file: data_o/glove/truth.txt
  K: 10
  M: 49
  Max layer: -1
  EFC: 259
  EFS: 143
  Threads: -1
  Debug: -1

HNSW parameters set.

Loading base vectors...
✓ Base loaded in 3905.095878 ms

Loading query vectors...
✓ Queries loaded in 88.188326 ms

Loading ground truth...
✓ Truth loaded in 75.136532 ms

Data Summary:
  Dimension d=100, Base vectors=1183514, Queries=10000


Building HNSW index...
✓ Index built.
  build_time(local)=230516.342944 ms
  build_time(internal)=229298.206768 ms


Executing queries...

  Processed 1000 queries

  Processed 2000 queries

  Processed 3000 queries

  Processed 4000 queries

  Processed 5000 queries

  Processed 6000 queries

  Processed 7000 queries

  Processed 8000 queries

  Processed 9000 queries

  Processed 10000 queries


========== RESULTS ==========

Total queries: 10000

Average recall@10: 0.901550

Average query time: 0.610465 ms

Total query time: 6104.648050 ms


========== DISTANCE STATISTICS ==========

Total queries reported by index: 10000

Total distance computations: 53516053

Average distance ops per query: 5351.605300

Last query distance ops: 5249


========== PERFORMANCE SUMMARY ==========

Data loading time: 4068.420736 ms

Index build time: 229298.206768 ms

Query execution time: 6104.648050 ms

Total elapsed time: 240689.411730 ms


========== EFFICIENCY METRICS ==========

Queries per second: 1638.096073

Distance ops per second: 8766443.628147


========== END OF LOG ==========

Log saved to: Log/run_20251126_052557_181.log

