========== HNSW Search Test ==========

Timestamp: Fri Nov 28 19:26:26 2025

Command line arguments:
  argv[0]: ./hng
  argv[1]: --m
  argv[2]: 61
  argv[3]: --max_layer
  argv[4]: 9
  argv[5]: --efc
  argv[6]: 749
  argv[7]: --efs
  argv[8]: 601

Configuration:
  Base file: data_o/glove/base.txt
  Query file: data_o/glove/query.txt
  Truth file: data_o/glove/truth.txt
  K: 10
  M: 61
  Max layer: 9
  EFC: 749
  EFS: 601
  Threads: -1
  Debug: -1

HNSW parameters set.

Loading base vectors...
✓ Base loaded in 18284.996519 ms

Loading query vectors...
✓ Queries loaded in 235.991111 ms

Loading ground truth...
✓ Truth loaded in 218.581695 ms

Data Summary:
  Dimension d=100, Base vectors=1183514, Queries=10000


Building HNSW index...
