========== HNSW Search Test ==========

Timestamp: Thu Nov 27 09:02:31 2025

Command line arguments:
  argv[0]: ./hng
  argv[1]: --m
  argv[2]: 16
  argv[3]: --max_layer
  argv[4]: 3
  argv[5]: --efc
  argv[6]: 876
  argv[7]: --efs
  argv[8]: 298

Configuration:
  Base file: data_o/glove/base.txt
  Query file: data_o/glove/query.txt
  Truth file: data_o/glove/truth.txt
  K: 10
  M: 16
  Max layer: 3
  EFC: 876
  EFS: 298
  Threads: -1
  Debug: -1

HNSW parameters set.

Loading base vectors...
✓ Base loaded in 2153.312687 ms

Loading query vectors...
✓ Queries loaded in 70.519087 ms

Loading ground truth...
✓ Truth loaded in 73.647587 ms

Data Summary:
  Dimension d=100, Base vectors=1183514, Queries=10000


Building HNSW index...
✓ Index built.
  build_time(local)=650894.708062 ms
  build_time(internal)=606460.864169 ms


========== GRAPH QUALITY ==========

  num_nodes: 1183514

  max_level (entry point): 3

  actual_max_layer: 3

  avg_degree_l0: 29.756871

  avg_degree_upper: 0.257740


  Layer Distribution:

    L0: 1183514 nodes (100.00%)

    L1: 73792 nodes (6.23%)

    L2: 4468 nodes (0.38%)

    L3: 261 nodes (0.02%)



Executing queries...

  Processed 1000 queries

  Processed 2000 queries

  Processed 3000 queries

  Processed 4000 queries

  Processed 5000 queries

  Processed 6000 queries

  Processed 7000 queries

  Processed 8000 queries

  Processed 9000 queries

  Processed 10000 queries


========== RESULTS ==========

Total queries: 10000

Average recall@10: 0.917010

Average query time: 0.810534 ms

Total query time: 8105.337158 ms


========== DISTANCE STATISTICS ==========

Total queries reported by index: 10000

Total distance computations: 67640282

Average distance ops per query: 6764.028200

Last query distance ops: 6390


========== PERFORMANCE SUMMARY ==========

Data loading time: 2297.479361 ms

Index build time: 606460.864169 ms

Query execution time: 8105.337158 ms

Total elapsed time: 661297.524581 ms


========== EFFICIENCY METRICS ==========

Queries per second: 1233.754970

Distance ops per second: 8345153.407127


========== END OF LOG ==========

Log saved to: Log/run_20251127_090231_914.log

