========== HNSW Search Test ==========

Timestamp: Thu Nov 27 11:46:13 2025

Command line arguments:
  argv[0]: ./hng
  argv[1]: --m
  argv[2]: 52
  argv[3]: --max_layer
  argv[4]: 12
  argv[5]: --efc
  argv[6]: 573
  argv[7]: --efs
  argv[8]: 335

Configuration:
  Base file: data_o/glove/base.txt
  Query file: data_o/glove/query.txt
  Truth file: data_o/glove/truth.txt
  K: 10
  M: 52
  Max layer: 12
  EFC: 573
  EFS: 335
  Threads: -1
  Debug: -1

HNSW parameters set.

Loading base vectors...
✓ Base loaded in 2138.026218 ms

Loading query vectors...
✓ Queries loaded in 69.625569 ms

Loading ground truth...
✓ Truth loaded in 74.218762 ms

Data Summary:
  Dimension d=100, Base vectors=1183514, Queries=10000


Building HNSW index...
✓ Index built.
  build_time(local)=892145.401542 ms
  build_time(internal)=844079.766350 ms


========== GRAPH QUALITY ==========

  num_nodes: 1183514

  max_level (entry point): 3

  actual_max_layer: 3

  avg_degree_l0: 53.826605

  avg_degree_upper: 0.170026


  Layer Distribution:

    L0: 1183514 nodes (100.00%)

    L1: 22591 nodes (1.91%)

    L2: 468 nodes (0.04%)

    L3: 8 nodes (0.00%)



Executing queries...

  Processed 1000 queries

  Processed 2000 queries

  Processed 3000 queries

  Processed 4000 queries

  Processed 5000 queries

  Processed 6000 queries

  Processed 7000 queries

  Processed 8000 queries

  Processed 9000 queries

  Processed 10000 queries


========== RESULTS ==========

Total queries: 10000

Average recall@10: 0.970860

Average query time: 1.586366 ms

Total query time: 15863.661549 ms


========== DISTANCE STATISTICS ==========

Total queries reported by index: 10000

Total distance computations: 153269950

Average distance ops per query: 15326.995000

Last query distance ops: 12811


========== PERFORMANCE SUMMARY ==========

Data loading time: 2281.870549 ms

Index build time: 844079.766350 ms

Query execution time: 15863.661549 ms

Total elapsed time: 910290.933640 ms


========== EFFICIENCY METRICS ==========

Queries per second: 630.371492

Distance ops per second: 9661700.706774


========== END OF LOG ==========

Log saved to: Log/run_20251127_114613_425.log

