========== HNSW Search Test ==========

Timestamp: Mon Dec  8 13:09:29 2025

Command line arguments:
  argv[0]: ./hng3
  argv[1]: --m
  argv[2]: 64
  argv[3]: --max_layer
  argv[4]: 3
  argv[5]: --efc
  argv[6]: 2000
  argv[7]: --efs
  argv[8]: 276

Configuration:
  Base file: data_o/glove/base.txt
  Query file: data_o/glove/query.txt
  Truth file: data_o/glove/truth.txt
  K: 10
  M: 64
  Max layer: 3
  EFC: 2000
  EFS: 276
  Threads: -1
  Debug: -1

HNSW parameters set.

Ablation flags: csr=0, prefetch=0, simd=0, pruning=0, heap=0

Loading base vectors...
✓ Base loaded in 2310.787353 ms

Loading query vectors...
✓ Queries loaded in 104.245975 ms

Loading ground truth...
✓ Truth loaded in 104.131311 ms

Data Summary:
  Dimension d=100, Base vectors=1183514, Queries=10000


Building HNSW index...
✓ Index built.
  build_time(local)=5942.561887 ms
  build_time(internal)=5937.082205 ms


========== GRAPH QUALITY ==========

  num_nodes: 1183514

  max_level (entry point): 3

  actual_max_layer: 3

  avg_degree_l0: 128.000000

  avg_degree_upper: 1.943434


  Layer Distribution:

    L0: 1183514 nodes (100.00%)

    L1: 18344 nodes (1.55%)

    L2: 284 nodes (0.02%)

    L3: 5 nodes (0.00%)



Executing queries...

  Processed 1000 queries

  Processed 2000 queries

  Processed 3000 queries

  Processed 4000 queries

  Processed 5000 queries

  Processed 6000 queries

  Processed 7000 queries

  Processed 8000 queries

  Processed 9000 queries

  Processed 10000 queries


========== RESULTS ==========

Total queries: 10000

Average recall@10: 0.000010

Average query time: 0.001822 ms

Total query time: 18.222255 ms


========== DISTANCE STATISTICS ==========

Total queries reported by index: 10000

Total distance computations: 52687

Average distance ops per query: 5.268700

Last query distance ops: 6


========== PERFORMANCE SUMMARY ==========

Data loading time: 2519.164639 ms

Index build time: 5937.082205 ms

Query execution time: 18.222255 ms

Total elapsed time: 8479.948781 ms


========== EFFICIENCY METRICS ==========

Queries per second: 548779.500671

Distance ops per second: 2891354.555185


========== END OF LOG ==========

Log saved to: Log/run_20251208_130929_683.log

