========== HNSW Search Test ==========

Timestamp: Fri Nov 28 22:46:51 2025

Command line arguments:
  argv[0]: ./hng
  argv[1]: --m
  argv[2]: 42
  argv[3]: --max_layer
  argv[4]: 4
  argv[5]: --efc
  argv[6]: 850
  argv[7]: --efs
  argv[8]: 546

Configuration:
  Base file: data_o/glove/base.txt
  Query file: data_o/glove/query.txt
  Truth file: data_o/glove/truth.txt
  K: 10
  M: 42
  Max layer: 4
  EFC: 850
  EFS: 546
  Threads: -1
  Debug: -1

HNSW parameters set.

Loading base vectors...
✓ Base loaded in 3534.271667 ms

Loading query vectors...
✓ Queries loaded in 151.830998 ms

Loading ground truth...
✓ Truth loaded in 89.971020 ms

Data Summary:
  Dimension d=100, Base vectors=1183514, Queries=10000


Building HNSW index...
✓ Index built.
  build_time(local)=1144774.379694 ms
  build_time(internal)=1248056.146995 ms


========== GRAPH QUALITY ==========

  num_nodes: 1183514

  max_level (entry point): 3

  actual_max_layer: 3

  avg_degree_l0: 58.685563

  avg_degree_upper: 0.199695


  Layer Distribution:

    L0: 1183514 nodes (100.00%)

    L1: 28155 nodes (2.38%)

    L2: 661 nodes (0.06%)

    L3: 18 nodes (0.00%)



Executing queries...

  Processed 1000 queries

  Processed 2000 queries

  Processed 3000 queries

  Processed 4000 queries

  Processed 5000 queries

  Processed 6000 queries

  Processed 7000 queries

  Processed 8000 queries

  Processed 9000 queries

  Processed 10000 queries


========== RESULTS ==========

Total queries: 10000

Average recall@10: 0.987210

Average query time: 2.211937 ms

Total query time: 22119.371356 ms


========== DISTANCE STATISTICS ==========

Total queries reported by index: 10000

Total distance computations: 245712295

Average distance ops per query: 24571.229500

Last query distance ops: 20298


========== PERFORMANCE SUMMARY ==========

Data loading time: 3776.073685 ms

Index build time: 1248056.146995 ms

Query execution time: 22119.371356 ms

Total elapsed time: 1170669.824735 ms


========== EFFICIENCY METRICS ==========

Queries per second: 452.092414

Distance ops per second: 11108466.467938


========== END OF LOG ==========

Log saved to: Log/run_20251128_224651_906.log

