========== HNSW Search Test ==========

Timestamp: Wed Nov 26 17:58:51 2025

Command line arguments:
  argv[0]: ./hng
  argv[1]: --m
  argv[2]: 37
  argv[3]: --efc
  argv[4]: 825
  argv[5]: --efs
  argv[6]: 1358

Configuration:
  Base file: data_o/glove/base.txt
  Query file: data_o/glove/query.txt
  Truth file: data_o/glove/truth.txt
  K: 10
  M: 37
  Max layer: -1
  EFC: 825
  EFS: 1358
  Threads: -1
  Debug: -1

HNSW parameters set.

Loading base vectors...
✓ Base loaded in 2030.439082 ms

Loading query vectors...
✓ Queries loaded in 66.034005 ms

Loading ground truth...
✓ Truth loaded in 65.050243 ms

Data Summary:
  Dimension d=100, Base vectors=1183514, Queries=10000


Building HNSW index...
✓ Index built.
  build_time(local)=1117386.351248 ms
  build_time(internal)=1083657.530047 ms


Executing queries...

  Processed 1000 queries

  Processed 2000 queries

  Processed 3000 queries

  Processed 4000 queries

  Processed 5000 queries

  Processed 6000 queries

  Processed 7000 queries

  Processed 8000 queries

  Processed 9000 queries

  Processed 10000 queries


========== RESULTS ==========

Total queries: 10000

Average recall@10: 0.997130

Average query time: 5.608686 ms

Total query time: 56086.856129 ms


========== DISTANCE STATISTICS ==========

Total queries reported by index: 10000

Total distance computations: 504457581

Average distance ops per query: 50445.758200

Last query distance ops: 39243


========== PERFORMANCE SUMMARY ==========

Data loading time: 2161.523330 ms

Index build time: 1083657.530047 ms

Query execution time: 56086.856129 ms

Total elapsed time: 1175634.730707 ms


========== EFFICIENCY METRICS ==========

Queries per second: 178.294893

Distance ops per second: 8994221.049576


========== END OF LOG ==========

Log saved to: Log/run_20251126_175851_885.log

