========== HNSW Search Test ==========

Timestamp: Fri Nov 28 19:26:26 2025

Command line arguments:
  argv[0]: ./hng
  argv[1]: --m
  argv[2]: 60
  argv[3]: --max_layer
  argv[4]: 7
  argv[5]: --efc
  argv[6]: 796
  argv[7]: --efs
  argv[8]: 59

Configuration:
  Base file: data_o/glove/base.txt
  Query file: data_o/glove/query.txt
  Truth file: data_o/glove/truth.txt
  K: 10
  M: 60
  Max layer: 7
  EFC: 796
  EFS: 59
  Threads: -1
  Debug: -1

HNSW parameters set.

Loading base vectors...
✓ Base loaded in 18288.906718 ms

Loading query vectors...
✓ Queries loaded in 236.206554 ms

Loading ground truth...
✓ Truth loaded in 219.135006 ms

Data Summary:
  Dimension d=100, Base vectors=1183514, Queries=10000


Building HNSW index...
