========== HNSW Search Test ==========

Timestamp: Wed Nov 26 20:29:47 2025

Command line arguments:
  argv[0]: ./hng
  argv[1]: --m
  argv[2]: 56
  argv[3]: --max_layer
  argv[4]: 10
  argv[5]: --efc
  argv[6]: 600
  argv[7]: --efs
  argv[8]: 150

Configuration:
  Base file: data_o/glove/base.txt
  Query file: data_o/glove/query.txt
  Truth file: data_o/glove/truth.txt
  K: 10
  M: 56
  Max layer: 10
  EFC: 600
  EFS: 150
  Threads: -1
  Debug: -1

HNSW parameters set.

Loading base vectors...
✓ Base loaded in 2159.486251 ms

Loading query vectors...
✓ Queries loaded in 65.353540 ms

Loading ground truth...
✓ Truth loaded in 66.410327 ms

Data Summary:
  Dimension d=100, Base vectors=1183514, Queries=10000


Building HNSW index...
