========== HNSW Search Test ==========

Timestamp: Thu Dec  4 07:56:44 2025

Command line arguments:
  argv[0]: ./hng1
  argv[1]: --m
  argv[2]: 52
  argv[3]: --max_layer
  argv[4]: 9
  argv[5]: --efc
  argv[6]: 549
  argv[7]: --efs
  argv[8]: 710

Configuration:
  Base file: data_o/glove/base.txt
  Query file: data_o/glove/query.txt
  Truth file: data_o/glove/truth.txt
  K: 10
  M: 52
  Max layer: 9
  EFC: 549
  EFS: 710
  Threads: -1
  Debug: -1

HNSW parameters set.

Ablation flags: csr=0, prefetch=0, simd=0, pruning=0, heap=0

Loading base vectors...
✓ Base loaded in 3868.121062 ms

Loading query vectors...
✓ Queries loaded in 67.986553 ms

Loading ground truth...
✓ Truth loaded in 67.605792 ms

Data Summary:
  Dimension d=100, Base vectors=1183514, Queries=10000


Building HNSW index...
✓ Index built.
  build_time(local)=3663.812292 ms
  build_time(internal)=3659.204659 ms


========== GRAPH QUALITY ==========

  num_nodes: 1183514

  max_level (entry point): 3

  actual_max_layer: 3

  avg_degree_l0: 52.916125

  avg_degree_upper: 0.141438


  Layer Distribution:

    L0: 1183514 nodes (100.00%)

    L1: 22814 nodes (1.93%)

    L2: 431 nodes (0.04%)

    L3: 9 nodes (0.00%)



Executing queries...

  Processed 1000 queries

  Processed 2000 queries

  Processed 3000 queries

  Processed 4000 queries

  Processed 5000 queries

  Processed 6000 queries

  Processed 7000 queries

  Processed 8000 queries

  Processed 9000 queries

  Processed 10000 queries


========== RESULTS ==========

Total queries: 10000

Average recall@10: 0.990620

Average query time: 2.136181 ms

Total query time: 21361.811879 ms


========== DISTANCE STATISTICS ==========

Total queries reported by index: 10000

Total distance computations: 292312106

Average distance ops per query: 29231.210600

Last query distance ops: 22412


========== PERFORMANCE SUMMARY ==========

Data loading time: 4003.713407 ms

Index build time: 3659.204659 ms

Query execution time: 21361.811879 ms

Total elapsed time: 29029.337578 ms


========== EFFICIENCY METRICS ==========

Queries per second: 468.125085

Distance ops per second: 13683862.944574


========== END OF LOG ==========

Log saved to: Log/run_20251204_075644_076.log

