========== HNSW Search Test ==========

Timestamp: Fri Nov 28 11:55:56 2025

Command line arguments:
  argv[0]: ./hng
  argv[1]: --m
  argv[2]: 47
  argv[3]: --max_layer
  argv[4]: 18
  argv[5]: --efc
  argv[6]: 998
  argv[7]: --efs
  argv[8]: 254

Configuration:
  Base file: data_o/glove/base.txt
  Query file: data_o/glove/query.txt
  Truth file: data_o/glove/truth.txt
  K: 10
  M: 47
  Max layer: 18
  EFC: 998
  EFS: 254
  Threads: -1
  Debug: -1

HNSW parameters set.

Loading base vectors...
✓ Base loaded in 3767.702563 ms

Loading query vectors...
✓ Queries loaded in 119.639836 ms

Loading ground truth...
✓ Truth loaded in 96.655249 ms

Data Summary:
  Dimension d=100, Base vectors=1183514, Queries=10000


Building HNSW index...
