========== HNSW Search Test ==========

Timestamp: Wed Nov 26 03:24:41 2025

Command line arguments:
  argv[0]: ./hng
  argv[1]: --m
  argv[2]: 39
  argv[3]: --efc
  argv[4]: 449
  argv[5]: --efs
  argv[6]: 925

Configuration:
  Base file: data_o/glove/base.txt
  Query file: data_o/glove/query.txt
  Truth file: data_o/glove/truth.txt
  K: 10
  M: 39
  Max layer: -1
  EFC: 449
  EFS: 925
  Threads: -1
  Debug: -1

HNSW parameters set.

Loading base vectors...
✓ Base loaded in 2002.333220 ms

Loading query vectors...
✓ Queries loaded in 67.302189 ms

Loading ground truth...
✓ Truth loaded in 66.986727 ms

Data Summary:
  Dimension d=100, Base vectors=1183514, Queries=10000


Building HNSW index...
✓ Index built.
  build_time(local)=377441.808784 ms
  build_time(internal)=408992.546857 ms


Executing queries...

  Processed 1000 queries

  Processed 2000 queries

  Processed 3000 queries

  Processed 4000 queries

  Processed 5000 queries

  Processed 6000 queries

  Processed 7000 queries

  Processed 8000 queries

  Processed 9000 queries

  Processed 10000 queries


========== RESULTS ==========

Total queries: 10000

Average recall@10: 0.991260

Average query time: 3.663035 ms

Total query time: 36630.346647 ms


========== DISTANCE STATISTICS ==========

Total queries reported by index: 10000

Total distance computations: 320754135

Average distance ops per query: 32075.413500

Last query distance ops: 24747


========== PERFORMANCE SUMMARY ==========

Data loading time: 2136.622136 ms

Index build time: 408992.546857 ms

Query execution time: 36630.346647 ms

Total elapsed time: 416208.777567 ms


========== EFFICIENCY METRICS ==========

Queries per second: 272.997689

Distance ops per second: 8756513.775069


========== END OF LOG ==========

Log saved to: Log/run_20251126_032441_653.log

