========== HNSW Search Test ==========

Timestamp: Thu Nov 27 02:34:20 2025

Command line arguments:
  argv[0]: ./hng
  argv[1]: --m
  argv[2]: 26
  argv[3]: --max_layer
  argv[4]: 2
  argv[5]: --efc
  argv[6]: 926
  argv[7]: --efs
  argv[8]: 1568

Configuration:
  Base file: data_o/glove/base.txt
  Query file: data_o/glove/query.txt
  Truth file: data_o/glove/truth.txt
  K: 10
  M: 26
  Max layer: 2
  EFC: 926
  EFS: 1568
  Threads: -1
  Debug: -1

HNSW parameters set.

Loading base vectors...
✓ Base loaded in 2230.184075 ms

Loading query vectors...
✓ Queries loaded in 70.410104 ms

Loading ground truth...
✓ Truth loaded in 78.502178 ms

Data Summary:
  Dimension d=100, Base vectors=1183514, Queries=10000


Building HNSW index...
✓ Index built.
  build_time(local)=1081578.671151 ms
  build_time(internal)=1030167.706857 ms


========== GRAPH QUALITY ==========

  num_nodes: 1183514

  max_level (entry point): 2

  actual_max_layer: 2

  avg_degree_l0: 44.963780

  avg_degree_upper: 0.306691


  Layer Distribution:

    L0: 1183514 nodes (100.00%)

    L1: 45092 nodes (3.81%)

    L2: 1675 nodes (0.14%)



Executing queries...

  Processed 1000 queries

  Processed 2000 queries

  Processed 3000 queries

  Processed 4000 queries

  Processed 5000 queries

  Processed 6000 queries

  Processed 7000 queries

  Processed 8000 queries

  Processed 9000 queries

  Processed 10000 queries


========== RESULTS ==========

Total queries: 10000

Average recall@10: 0.995020

Average query time: 6.115466 ms

Total query time: 61154.662285 ms


========== DISTANCE STATISTICS ==========

Total queries reported by index: 10000

Total distance computations: 449124107

Average distance ops per query: 44912.410700

Last query distance ops: 36553


========== PERFORMANCE SUMMARY ==========

Data loading time: 2379.096357 ms

Index build time: 1030167.706857 ms

Query execution time: 61154.662285 ms

Total elapsed time: 1145112.429793 ms


========== EFFICIENCY METRICS ==========

Queries per second: 163.519830

Distance ops per second: 7344069.776838


========== END OF LOG ==========

Log saved to: Log/run_20251127_023420_092.log

