========== HNSW Search Test ==========

Timestamp: Thu Nov 27 01:00:20 2025

Command line arguments:
  argv[0]: ./hng
  argv[1]: --m
  argv[2]: 31
  argv[3]: --max_layer
  argv[4]: 10
  argv[5]: --efc
  argv[6]: 800
  argv[7]: --efs
  argv[8]: 375

Configuration:
  Base file: data_o/glove/base.txt
  Query file: data_o/glove/query.txt
  Truth file: data_o/glove/truth.txt
  K: 10
  M: 31
  Max layer: 10
  EFC: 800
  EFS: 375
  Threads: -1
  Debug: -1

HNSW parameters set.

Loading base vectors...
✓ Base loaded in 2151.946108 ms

Loading query vectors...
✓ Queries loaded in 71.643786 ms

Loading ground truth...
✓ Truth loaded in 83.326606 ms

Data Summary:
  Dimension d=100, Base vectors=1183514, Queries=10000


Building HNSW index...
✓ Index built.
  build_time(local)=1067659.555757 ms
  build_time(internal)=1015089.742555 ms


========== GRAPH QUALITY ==========

  num_nodes: 1183514

  max_level (entry point): 3

  actual_max_layer: 3

  avg_degree_l0: 49.903367

  avg_degree_upper: 0.234266


  Layer Distribution:

    L0: 1183514 nodes (100.00%)

    L1: 38189 nodes (3.23%)

    L2: 1205 nodes (0.10%)

    L3: 44 nodes (0.00%)



Executing queries...

  Processed 1000 queries

  Processed 2000 queries

  Processed 3000 queries

  Processed 4000 queries

  Processed 5000 queries

  Processed 6000 queries

  Processed 7000 queries

  Processed 8000 queries

  Processed 9000 queries

  Processed 10000 queries


========== RESULTS ==========

Total queries: 10000

Average recall@10: 0.968000

Average query time: 1.559467 ms

Total query time: 15594.668843 ms


========== DISTANCE STATISTICS ==========

Total queries reported by index: 10000

Total distance computations: 145236069

Average distance ops per query: 14523.606900

Last query distance ops: 13216


========== PERFORMANCE SUMMARY ==========

Data loading time: 2306.916500 ms

Index build time: 1015089.742555 ms

Query execution time: 15594.668843 ms

Total elapsed time: 1085561.141100 ms


========== EFFICIENCY METRICS ==========

Queries per second: 641.244781

Distance ops per second: 9313187.119404


========== END OF LOG ==========

Log saved to: Log/run_20251127_010020_042.log

