========== HNSW Search Test ==========

Timestamp: Wed Nov 26 14:23:00 2025

Command line arguments:
  argv[0]: ./hng
  argv[1]: --m
  argv[2]: 31
  argv[3]: --efc
  argv[4]: 725
  argv[5]: --efs
  argv[6]: 503

Configuration:
  Base file: data_o/glove/base.txt
  Query file: data_o/glove/query.txt
  Truth file: data_o/glove/truth.txt
  K: 10
  M: 31
  Max layer: -1
  EFC: 725
  EFS: 503
  Threads: -1
  Debug: -1

HNSW parameters set.

Loading base vectors...
✓ Base loaded in 2198.057148 ms

Loading query vectors...
✓ Queries loaded in 68.140232 ms

Loading ground truth...
✓ Truth loaded in 66.229500 ms

Data Summary:
  Dimension d=100, Base vectors=1183514, Queries=10000


Building HNSW index...
✓ Index built.
  build_time(local)=722482.746148 ms
  build_time(internal)=712591.456321 ms


Executing queries...

  Processed 1000 queries

  Processed 2000 queries

  Processed 3000 queries

  Processed 4000 queries

  Processed 5000 queries

  Processed 6000 queries

  Processed 7000 queries

  Processed 8000 queries

  Processed 9000 queries

  Processed 10000 queries


========== RESULTS ==========

Total queries: 10000

Average recall@10: 0.977810

Average query time: 2.191680 ms

Total query time: 21916.803734 ms


========== DISTANCE STATISTICS ==========

Total queries reported by index: 10000

Total distance computations: 185345049

Average distance ops per query: 18534.504900

Last query distance ops: 16543


========== PERFORMANCE SUMMARY ==========

Data loading time: 2332.426880 ms

Index build time: 712591.456321 ms

Query execution time: 21916.803734 ms

Total elapsed time: 746731.976762 ms


========== EFFICIENCY METRICS ==========

Queries per second: 456.270911

Distance ops per second: 8456755.430650


========== END OF LOG ==========

Log saved to: Log/run_20251126_142300_020.log

