========== HNSW Search Test ==========

Timestamp: Mon Dec  8 18:04:24 2025

Command line arguments:
  argv[0]: ./hng3
  argv[1]: --m
  argv[2]: 57
  argv[3]: --max_layer
  argv[4]: 7
  argv[5]: --efc
  argv[6]: 1000
  argv[7]: --efs
  argv[8]: 464
  argv[9]: --hamming_threshold
  argv[10]: 50

Configuration:
  Base file: data_o/glove/base.txt
  Query file: data_o/glove/query.txt
  Truth file: data_o/glove/truth.txt
  K: 10
  M: 57
  Max layer: 7
  EFC: 1000
  EFS: 464
  Threads: -1
  Debug: -1

HNSW parameters set.

Ablation flags: csr=0, prefetch=0, simd=0, pruning=0, heap=0

  Hamming threshold: 50
Loading base vectors...
✓ Base loaded in 2232.769810 ms

Loading query vectors...
✓ Queries loaded in 69.541922 ms

Loading ground truth...
✓ Truth loaded in 73.424101 ms

Data Summary:
  Dimension d=100, Base vectors=1183514, Queries=10000


Building HNSW index...
✓ Index built.
  build_time(local)=4549.667972 ms
  build_time(internal)=4544.582132 ms


========== GRAPH QUALITY ==========

  num_nodes: 1183514

  max_level (entry point): 3

  actual_max_layer: 3

  avg_degree_l0: 83.402588

  avg_degree_upper: 41.035055


  Layer Distribution:

    L0: 1183514 nodes (100.00%)

    L1: 20983 nodes (1.77%)

    L2: 351 nodes (0.03%)

    L3: 4 nodes (0.00%)



Executing queries...

  Processed 1000 queries

  Processed 2000 queries

  Processed 3000 queries

  Processed 4000 queries

  Processed 5000 queries

  Processed 6000 queries

  Processed 7000 queries

  Processed 8000 queries

  Processed 9000 queries

  Processed 10000 queries


========== RESULTS ==========

Total queries: 10000

Average recall@10: 0.991630

Average query time: 2.703963 ms

Total query time: 27039.626229 ms


========== DISTANCE STATISTICS ==========

Total queries reported by index: 10000

Total distance computations: 298314538

Average distance ops per query: 29831.453800

Last query distance ops: 29001


========== PERFORMANCE SUMMARY ==========

Data loading time: 2375.735833 ms

Index build time: 4544.582132 ms

Query execution time: 27039.626229 ms

Total elapsed time: 33965.030034 ms


========== EFFICIENCY METRICS ==========

Queries per second: 369.827597

Distance ops per second: 11032494.882642


========== END OF LOG ==========

Log saved to: Log/run_20251208_180424_958.log

