========== HNSW Search Test ==========

Timestamp: Wed Nov 26 01:54:51 2025

Command line arguments:
  argv[0]: ./hng
  argv[1]: --m
  argv[2]: 40
  argv[3]: --efc
  argv[4]: 570
  argv[5]: --efs
  argv[6]: 611

Configuration:
  Base file: data_o/glove/base.txt
  Query file: data_o/glove/query.txt
  Truth file: data_o/glove/truth.txt
  K: 10
  M: 40
  Max layer: -1
  EFC: 570
  EFS: 611
  Threads: -1
  Debug: -1

HNSW parameters set.

Loading base vectors...
✓ Base loaded in 3596.293843 ms

Loading query vectors...
✓ Queries loaded in 82.517053 ms

Loading ground truth...
✓ Truth loaded in 73.773430 ms

Data Summary:
  Dimension d=100, Base vectors=1183514, Queries=10000


Building HNSW index...
✓ Index built.
  build_time(local)=496114.595096 ms
  build_time(internal)=541902.381069 ms


Executing queries...

  Processed 1000 queries

  Processed 2000 queries

  Processed 3000 queries

  Processed 4000 queries

  Processed 5000 queries

  Processed 6000 queries

  Processed 7000 queries

  Processed 8000 queries

  Processed 9000 queries

  Processed 10000 queries


========== RESULTS ==========

Total queries: 10000

Average recall@10: 0.986540

Average query time: 2.887710 ms

Total query time: 28877.096632 ms


========== DISTANCE STATISTICS ==========

Total queries reported by index: 10000

Total distance computations: 241244990

Average distance ops per query: 24124.499000

Last query distance ops: 19507


========== PERFORMANCE SUMMARY ==========

Data loading time: 3752.584326 ms

Index build time: 541902.381069 ms

Query execution time: 28877.096632 ms

Total elapsed time: 528744.276054 ms


========== EFFICIENCY METRICS ==========

Queries per second: 346.295202

Distance ops per second: 8354198.244870


========== END OF LOG ==========

Log saved to: Log/run_20251126_015451_983.log

