========== HNSW Search Test ==========

Timestamp: Mon Dec  8 04:25:17 2025

Command line arguments:
  argv[0]: ./hng3
  argv[1]: --m
  argv[2]: 40
  argv[3]: --max_layer
  argv[4]: 7
  argv[5]: --efc
  argv[6]: 600
  argv[7]: --efs
  argv[8]: 250

Configuration:
  Base file: data_o/glove/base.txt
  Query file: data_o/glove/query.txt
  Truth file: data_o/glove/truth.txt
  K: 10
  M: 40
  Max layer: 7
  EFC: 600
  EFS: 250
  Threads: -1
  Debug: -1

HNSW parameters set.

Ablation flags: csr=0, prefetch=0, simd=0, pruning=0, heap=0

Loading base vectors...
✓ Base loaded in 3428.633221 ms

Loading query vectors...
✓ Queries loaded in 72.879297 ms

Loading ground truth...
✓ Truth loaded in 73.485235 ms

Data Summary:
  Dimension d=100, Base vectors=1183514, Queries=10000


Building HNSW index...
✓ Index built.
  build_time(local)=4200.894546 ms
  build_time(internal)=2506.773564 ms


========== GRAPH QUALITY ==========

  num_nodes: 1183514

  max_level (entry point): 3

  actual_max_layer: 3

  avg_degree_l0: 63.122614

  avg_degree_upper: 35.487836


  Layer Distribution:

    L0: 1183514 nodes (100.00%)

    L1: 29453 nodes (2.49%)

    L2: 741 nodes (0.06%)

    L3: 17 nodes (0.00%)



Executing queries...

  Processed 1000 queries

  Processed 2000 queries

  Processed 3000 queries

  Processed 4000 queries

  Processed 5000 queries

  Processed 6000 queries

  Processed 7000 queries

  Processed 8000 queries

  Processed 9000 queries

  Processed 10000 queries


========== RESULTS ==========

Total queries: 10000

Average recall@10: 0.574320

Average query time: 0.368870 ms

Total query time: 3688.701917 ms


========== DISTANCE STATISTICS ==========

Total queries reported by index: 10000

Total distance computations: 11414324

Average distance ops per query: 1141.432500

Last query distance ops: 1742


========== PERFORMANCE SUMMARY ==========

Data loading time: 3574.997753 ms

Index build time: 2506.773564 ms

Query execution time: 3688.701917 ms

Total elapsed time: 11464.594216 ms


========== EFFICIENCY METRICS ==========

Queries per second: 2710.980780

Distance ops per second: 3094401.569125


========== END OF LOG ==========

Log saved to: Log/run_20251208_042517_472.log

