========== HNSW Search Test ==========

Timestamp: Thu Dec  4 03:11:18 2025

Command line arguments:
  argv[0]: ./hng1
  argv[1]: --m
  argv[2]: 61
  argv[3]: --max_layer
  argv[4]: 3
  argv[5]: --efc
  argv[6]: 539
  argv[7]: --efs
  argv[8]: 560

Configuration:
  Base file: data_o/glove/base.txt
  Query file: data_o/glove/query.txt
  Truth file: data_o/glove/truth.txt
  K: 10
  M: 61
  Max layer: 3
  EFC: 539
  EFS: 560
  Threads: -1
  Debug: -1

HNSW parameters set.

Ablation flags: csr=0, prefetch=0, simd=0, pruning=0, heap=0

Loading base vectors...
✓ Base loaded in 2232.064405 ms

Loading query vectors...
✓ Queries loaded in 70.096497 ms

Loading ground truth...
✓ Truth loaded in 71.932189 ms

Data Summary:
  Dimension d=100, Base vectors=1183514, Queries=10000


Building HNSW index...
✓ Index built.
  build_time(local)=3801.378277 ms
  build_time(internal)=3796.266859 ms


========== GRAPH QUALITY ==========

  num_nodes: 1183514

  max_level (entry point): 3

  actual_max_layer: 3

  avg_degree_l0: 52.931496

  avg_degree_upper: 0.153036


  Layer Distribution:

    L0: 1183514 nodes (100.00%)

    L1: 19434 nodes (1.64%)

    L2: 318 nodes (0.03%)

    L3: 8 nodes (0.00%)



Executing queries...

  Processed 1000 queries

  Processed 2000 queries

  Processed 3000 queries

  Processed 4000 queries

  Processed 5000 queries

  Processed 6000 queries

  Processed 7000 queries

  Processed 8000 queries

  Processed 9000 queries

  Processed 10000 queries


========== RESULTS ==========

Total queries: 10000

Average recall@10: 0.986140

Average query time: 1.716892 ms

Total query time: 17168.924101 ms


========== DISTANCE STATISTICS ==========

Total queries reported by index: 10000

Total distance computations: 240661961

Average distance ops per query: 24066.196100

Last query distance ops: 18645


========== PERFORMANCE SUMMARY ==========

Data loading time: 2374.093091 ms

Index build time: 3796.266859 ms

Query execution time: 17168.924101 ms

Total elapsed time: 23344.395469 ms


========== EFFICIENCY METRICS ==========

Queries per second: 582.447679

Distance ops per second: 14017300.069839


========== END OF LOG ==========

Log saved to: Log/run_20251204_031118_385.log

