========== HNSW Search Test ==========

Timestamp: Thu Nov 27 06:37:22 2025

Command line arguments:
  argv[0]: ./hng
  argv[1]: --m
  argv[2]: 51
  argv[3]: --max_layer
  argv[4]: 10
  argv[5]: --efc
  argv[6]: 656
  argv[7]: --efs
  argv[8]: 508

Configuration:
  Base file: data_o/glove/base.txt
  Query file: data_o/glove/query.txt
  Truth file: data_o/glove/truth.txt
  K: 10
  M: 51
  Max layer: 10
  EFC: 656
  EFS: 508
  Threads: -1
  Debug: -1

HNSW parameters set.

Loading base vectors...
✓ Base loaded in 2134.654746 ms

Loading query vectors...
✓ Queries loaded in 72.883356 ms

Loading ground truth...
✓ Truth loaded in 74.213408 ms

Data Summary:
  Dimension d=100, Base vectors=1183514, Queries=10000


Building HNSW index...
✓ Index built.
  build_time(local)=1060125.049488 ms
  build_time(internal)=1008196.597194 ms


========== GRAPH QUALITY ==========

  num_nodes: 1183514

  max_level (entry point): 3

  actual_max_layer: 3

  avg_degree_l0: 56.537117

  avg_degree_upper: 0.142379


  Layer Distribution:

    L0: 1183514 nodes (100.00%)

    L1: 23157 nodes (1.96%)

    L2: 429 nodes (0.04%)

    L3: 6 nodes (0.00%)



Executing queries...

  Processed 1000 queries

  Processed 2000 queries

  Processed 3000 queries

  Processed 4000 queries

  Processed 5000 queries

  Processed 6000 queries

  Processed 7000 queries

  Processed 8000 queries

  Processed 9000 queries

  Processed 10000 queries


========== RESULTS ==========

Total queries: 10000

Average recall@10: 0.985280

Average query time: 2.350059 ms

Total query time: 23500.591120 ms


========== DISTANCE STATISTICS ==========

Total queries reported by index: 10000

Total distance computations: 230144362

Average distance ops per query: 23014.436200

Last query distance ops: 18327


========== PERFORMANCE SUMMARY ==========

Data loading time: 2281.751510 ms

Index build time: 1008196.597194 ms

Query execution time: 23500.591120 ms

Total elapsed time: 1085907.392118 ms


========== EFFICIENCY METRICS ==========

Queries per second: 425.521211

Distance ops per second: 9793130.769555


========== END OF LOG ==========

Log saved to: Log/run_20251127_063722_752.log

