========== HNSW Search Test ==========

Timestamp: Tue Dec  9 02:53:46 2025

Command line arguments:
  argv[0]: ./hng3
  argv[1]: --m
  argv[2]: 32
  argv[3]: --max_layer
  argv[4]: 7
  argv[5]: --efc
  argv[6]: 2000
  argv[7]: --efs
  argv[8]: 192
  argv[9]: --hamming_threshold
  argv[10]: 41

Configuration:
  Base file: data_o/glove/base.txt
  Query file: data_o/glove/query.txt
  Truth file: data_o/glove/truth.txt
  K: 10
  M: 32
  Max layer: 7
  EFC: 2000
  EFS: 192
  Threads: -1
  Debug: -1

HNSW parameters set.

Ablation flags: csr=0, prefetch=0, simd=0, pruning=0, heap=0

  Hamming threshold: 41
Loading base vectors...
✓ Base loaded in 2204.434531 ms

Loading query vectors...
✓ Queries loaded in 68.867818 ms

Loading ground truth...
✓ Truth loaded in 68.960857 ms

Data Summary:
  Dimension d=100, Base vectors=1183514, Queries=10000


Building HNSW index...
✓ Index built.
  build_time(local)=4136.524573 ms
  build_time(internal)=4130.756051 ms


========== GRAPH QUALITY ==========

  num_nodes: 1183514

  max_level (entry point): 3

  actual_max_layer: 3

  avg_degree_l0: 60.310219

  avg_degree_upper: 30.603494


  Layer Distribution:

    L0: 1183514 nodes (100.00%)

    L1: 37279 nodes (3.15%)

    L2: 1153 nodes (0.10%)

    L3: 39 nodes (0.00%)



Executing queries...

  Processed 1000 queries

  Processed 2000 queries

  Processed 3000 queries

  Processed 4000 queries

  Processed 5000 queries

  Processed 6000 queries

  Processed 7000 queries

  Processed 8000 queries

  Processed 9000 queries

  Processed 10000 queries


========== RESULTS ==========

Total queries: 10000

Average recall@10: 0.939670

Average query time: 0.736491 ms

Total query time: 7364.906424 ms


========== DISTANCE STATISTICS ==========

Total queries reported by index: 10000

Total distance computations: 59900140

Average distance ops per query: 5990.014000

Last query distance ops: 7225


========== PERFORMANCE SUMMARY ==========

Data loading time: 2342.263206 ms

Index build time: 4130.756051 ms

Query execution time: 7364.906424 ms

Total elapsed time: 13843.694203 ms


========== EFFICIENCY METRICS ==========

Queries per second: 1357.790503

Distance ops per second: 8133184.123671


========== END OF LOG ==========

Log saved to: Log/run_20251209_025346_538.log

