========== HNSW Search Test ==========

Timestamp: Mon Dec  8 08:56:02 2025

Command line arguments:
  argv[0]: ./hng3
  argv[1]: --m
  argv[2]: 64
  argv[3]: --max_layer
  argv[4]: 7
  argv[5]: --efc
  argv[6]: 600
  argv[7]: --efs
  argv[8]: 800

Configuration:
  Base file: data_o/glove/base.txt
  Query file: data_o/glove/query.txt
  Truth file: data_o/glove/truth.txt
  K: 10
  M: 64
  Max layer: 7
  EFC: 600
  EFS: 800
  Threads: -1
  Debug: -1

HNSW parameters set.

Ablation flags: csr=0, prefetch=0, simd=0, pruning=0, heap=0

Loading base vectors...
✓ Base loaded in 2591.662847 ms

Loading query vectors...
✓ Queries loaded in 83.591311 ms

Loading ground truth...
✓ Truth loaded in 83.604360 ms

Data Summary:
  Dimension d=100, Base vectors=1183514, Queries=10000


Building HNSW index...
✓ Index built.
  build_time(local)=4728.681261 ms
  build_time(internal)=4723.488140 ms


========== GRAPH QUALITY ==========

  num_nodes: 1183514

  max_level (entry point): 3

  actual_max_layer: 3

  avg_degree_l0: 75.965370

  avg_degree_upper: 40.223564


  Layer Distribution:

    L0: 1183514 nodes (100.00%)

    L1: 18695 nodes (1.58%)

    L2: 271 nodes (0.02%)

    L3: 4 nodes (0.00%)



Executing queries...

  Processed 1000 queries

  Processed 2000 queries

  Processed 3000 queries

  Processed 4000 queries

  Processed 5000 queries

  Processed 6000 queries

  Processed 7000 queries

  Processed 8000 queries

  Processed 9000 queries

  Processed 10000 queries


========== RESULTS ==========

Total queries: 10000

Average recall@10: 0.612920

Average query time: 1.238566 ms

Total query time: 12385.659952 ms


========== DISTANCE STATISTICS ==========

Total queries reported by index: 10000

Total distance computations: 22570958

Average distance ops per query: 2257.095800

Last query distance ops: 3246


========== PERFORMANCE SUMMARY ==========

Data loading time: 2758.858518 ms

Index build time: 4723.488140 ms

Query execution time: 12385.659952 ms

Total elapsed time: 19873.199731 ms


========== EFFICIENCY METRICS ==========

Queries per second: 807.385318

Distance ops per second: 1822346.010424


========== END OF LOG ==========

Log saved to: Log/run_20251208_085602_916.log

