========== HNSW Search Test ==========

Timestamp: Tue Nov 25 18:57:12 2025

Command line arguments:
  argv[0]: ./hng

Configuration:
  Base file: data_o/glove/base.txt
  Query file: data_o/glove/query.txt
  Truth file: data_o/glove/truth.txt
  K: 10
  M: -1
  Max layer: -1
  EFC: -1
  EFS: -1
  Threads: -1
  Debug: -1

Loading base vectors...
✓ Base loaded in 2026.617164 ms

Loading query vectors...
✓ Queries loaded in 63.847973 ms

Loading ground truth...
✓ Truth loaded in 62.651453 ms

Data Summary:
  Dimension d=100, Base vectors=1183514, Queries=10000


Building HNSW index...
