========== HNSW Search Test ==========

Timestamp: Mon Dec  8 15:58:03 2025

Command line arguments:
  argv[0]: ./hng3
  argv[1]: --m
  argv[2]: 40
  argv[3]: --max_layer
  argv[4]: 7
  argv[5]: --efc
  argv[6]: 1000
  argv[7]: --efs
  argv[8]: 400
  argv[9]: --hamming_threshold
  argv[10]: 64

Configuration:
  Base file: data_o/glove/base.txt
  Query file: data_o/glove/query.txt
  Truth file: data_o/glove/truth.txt
  K: 10
  M: 40
  Max layer: 7
  EFC: 1000
  EFS: 400
  Threads: -1
  Debug: -1

HNSW parameters set.

Ablation flags: csr=0, prefetch=0, simd=0, pruning=0, heap=0

  Hamming threshold: 64
Loading base vectors...
✓ Base loaded in 4083.452794 ms

Loading query vectors...
✓ Queries loaded in 88.990621 ms

Loading ground truth...
✓ Truth loaded in 83.735510 ms

Data Summary:
  Dimension d=100, Base vectors=1183514, Queries=10000


Building HNSW index...
✓ Index built.
  build_time(local)=4862.560214 ms
  build_time(internal)=4857.279698 ms


========== GRAPH QUALITY ==========

  num_nodes: 1183514

  max_level (entry point): 4

  actual_max_layer: 4

  avg_degree_l0: 68.582917

  avg_degree_upper: 36.158961


  Layer Distribution:

    L0: 1183514 nodes (100.00%)

    L1: 29240 nodes (2.47%)

    L2: 710 nodes (0.06%)

    L3: 24 nodes (0.00%)

    L4: 2 nodes (0.00%)



Executing queries...

  Processed 1000 queries

  Processed 2000 queries

  Processed 3000 queries

  Processed 4000 queries

  Processed 5000 queries

  Processed 6000 queries

  Processed 7000 queries

  Processed 8000 queries

  Processed 9000 queries

  Processed 10000 queries


========== RESULTS ==========

Total queries: 10000

Average recall@10: 0.983300

Average query time: 1.903499 ms

Total query time: 19034.993016 ms


========== DISTANCE STATISTICS ==========

Total queries reported by index: 10000

Total distance computations: 209002927

Average distance ops per query: 20900.292700

Last query distance ops: 19196


========== PERFORMANCE SUMMARY ==========

Data loading time: 4256.178925 ms

Index build time: 4857.279698 ms

Query execution time: 19034.993016 ms

Total elapsed time: 28153.732155 ms


========== EFFICIENCY METRICS ==========

Queries per second: 525.348236

Distance ops per second: 10979931.898284


========== END OF LOG ==========

Log saved to: Log/run_20251208_155803_940.log

