========== HNSW Search Test ==========

Timestamp: Wed Nov 26 05:39:37 2025

Command line arguments:
  argv[0]: ./hng
  argv[1]: --m
  argv[2]: 49
  argv[3]: --efc
  argv[4]: 686
  argv[5]: --efs
  argv[6]: 763

Configuration:
  Base file: data_o/glove/base.txt
  Query file: data_o/glove/query.txt
  Truth file: data_o/glove/truth.txt
  K: 10
  M: 49
  Max layer: -1
  EFC: 686
  EFS: 763
  Threads: -1
  Debug: -1

HNSW parameters set.

Loading base vectors...
✓ Base loaded in 3898.145078 ms

Loading query vectors...
✓ Queries loaded in 92.270957 ms

Loading ground truth...
✓ Truth loaded in 81.579531 ms

Data Summary:
  Dimension d=100, Base vectors=1183514, Queries=10000


Building HNSW index...
✓ Index built.
  build_time(local)=777399.159982 ms
  build_time(internal)=776194.258523 ms


Executing queries...

  Processed 1000 queries

  Processed 2000 queries

  Processed 3000 queries

  Processed 4000 queries

  Processed 5000 queries

  Processed 6000 queries

  Processed 7000 queries

  Processed 8000 queries

  Processed 9000 queries

  Processed 10000 queries


========== RESULTS ==========

Total queries: 10000

Average recall@10: 0.992890

Average query time: 3.956537 ms

Total query time: 39565.374117 ms


========== DISTANCE STATISTICS ==========

Total queries reported by index: 10000

Total distance computations: 330147955

Average distance ops per query: 33014.795500

Last query distance ops: 25210


========== PERFORMANCE SUMMARY ==========

Data loading time: 4071.995566 ms

Index build time: 776194.258523 ms

Query execution time: 39565.374117 ms

Total elapsed time: 821036.529665 ms


========== EFFICIENCY METRICS ==========

Queries per second: 252.746252

Distance ops per second: 8344365.808945


========== END OF LOG ==========

Log saved to: Log/run_20251126_053937_065.log

