========== HNSW Search Test ==========

Timestamp: Thu Nov 27 15:27:11 2025

Command line arguments:
  argv[0]: ./hng
  argv[1]: --m
  argv[2]: 57
  argv[3]: --max_layer
  argv[4]: 17
  argv[5]: --efc
  argv[6]: 847
  argv[7]: --efs
  argv[8]: 325

Configuration:
  Base file: data_o/glove/base.txt
  Query file: data_o/glove/query.txt
  Truth file: data_o/glove/truth.txt
  K: 10
  M: 57
  Max layer: 17
  EFC: 847
  EFS: 325
  Threads: -1
  Debug: -1

HNSW parameters set.

Loading base vectors...
✓ Base loaded in 2302.243396 ms

Loading query vectors...
✓ Queries loaded in 78.734099 ms

Loading ground truth...
✓ Truth loaded in 75.924312 ms

Data Summary:
  Dimension d=100, Base vectors=1183514, Queries=10000


Building HNSW index...
✓ Index built.
  build_time(local)=1480580.126594 ms
  build_time(internal)=1385023.806371 ms


========== GRAPH QUALITY ==========

  num_nodes: 1183514

  max_level (entry point): 3

  actual_max_layer: 3

  avg_degree_l0: 62.343987

  avg_degree_upper: 0.145091


  Layer Distribution:

    L0: 1183514 nodes (100.00%)

    L1: 20841 nodes (1.76%)

    L2: 382 nodes (0.03%)

    L3: 5 nodes (0.00%)



Executing queries...

  Processed 1000 queries

  Processed 2000 queries

  Processed 3000 queries

  Processed 4000 queries

  Processed 5000 queries

  Processed 6000 queries

  Processed 7000 queries

  Processed 8000 queries

  Processed 9000 queries

  Processed 10000 queries


========== RESULTS ==========

Total queries: 10000

Average recall@10: 0.975650

Average query time: 1.704030 ms

Total query time: 17040.299903 ms


========== DISTANCE STATISTICS ==========

Total queries reported by index: 10000

Total distance computations: 171474682

Average distance ops per query: 17147.468200

Last query distance ops: 14248


========== PERFORMANCE SUMMARY ==========

Data loading time: 2456.901807 ms

Index build time: 1385023.806371 ms

Query execution time: 17040.299903 ms

Total elapsed time: 1500077.328304 ms


========== EFFICIENCY METRICS ==========

Queries per second: 586.844132

Distance ops per second: 10062891.086196


========== END OF LOG ==========

Log saved to: Log/run_20251127_152711_642.log

