========== HNSW Search Test ==========

Timestamp: Tue Dec  2 06:25:21 2025

Command line arguments:
  argv[0]: ./hng
  argv[1]: --m
  argv[2]: 44
  argv[3]: --max_layer
  argv[4]: 15
  argv[5]: --efc
  argv[6]: 649
  argv[7]: --efs
  argv[8]: 115

Configuration:
  Base file: data_o/glove/base.txt
  Query file: data_o/glove/query.txt
  Truth file: data_o/glove/truth.txt
  K: 10
  M: 44
  Max layer: 15
  EFC: 649
  EFS: 115
  Threads: -1
  Debug: -1

HNSW parameters set.

Loading base vectors...
✓ Base loaded in 3540.259138 ms

Loading query vectors...
✓ Queries loaded in 63.459355 ms

Loading ground truth...
✓ Truth loaded in 79.534612 ms

Data Summary:
  Dimension d=100, Base vectors=1183514, Queries=10000


Building HNSW index...
✓ Index built.
  build_time(local)=833465.407559 ms
  build_time(internal)=880317.075882 ms


========== GRAPH QUALITY ==========

  num_nodes: 1183514

  max_level (entry point): 3

  actual_max_layer: 3

  avg_degree_l0: 54.987948

  avg_degree_upper: 0.177415


  Layer Distribution:

    L0: 1183514 nodes (100.00%)

    L1: 26833 nodes (2.27%)

    L2: 632 nodes (0.05%)

    L3: 13 nodes (0.00%)



Executing queries...

  Processed 1000 queries

  Processed 2000 queries

  Processed 3000 queries

  Processed 4000 queries

  Processed 5000 queries

  Processed 6000 queries

  Processed 7000 queries

  Processed 8000 queries

  Processed 9000 queries

  Processed 10000 queries


========== RESULTS ==========

Total queries: 10000

Average recall@10: 0.909320

Average query time: 0.420442 ms

Total query time: 4204.419641 ms


========== DISTANCE STATISTICS ==========

Total queries reported by index: 10000

Total distance computations: 0

Average distance ops per query: 0.000000

Last query distance ops: 0


========== PERFORMANCE SUMMARY ==========

Data loading time: 3683.253105 ms

Index build time: 880317.075882 ms

Query execution time: 4204.419641 ms

Total elapsed time: 841353.080305 ms


========== EFFICIENCY METRICS ==========

Queries per second: 2378.449549


========== END OF LOG ==========

Log saved to: Log/run_20251202_062521_168.log

