========== HNSW Search Test ==========

Timestamp: Thu Dec  4 21:41:33 2025

Command line arguments:
  argv[0]: ./hng1
  argv[1]: --m
  argv[2]: 32
  argv[3]: --max_layer
  argv[4]: 5
  argv[5]: --efc
  argv[6]: 530
  argv[7]: --efs
  argv[8]: 907

Configuration:
  Base file: data_o/glove/base.txt
  Query file: data_o/glove/query.txt
  Truth file: data_o/glove/truth.txt
  K: 10
  M: 32
  Max layer: 5
  EFC: 530
  EFS: 907
  Threads: -1
  Debug: -1

HNSW parameters set.

Ablation flags: csr=0, prefetch=0, simd=0, pruning=0, heap=0

Loading base vectors...
✓ Base loaded in 2336.136958 ms

Loading query vectors...
✓ Queries loaded in 75.521913 ms

Loading ground truth...
✓ Truth loaded in 73.838680 ms

Data Summary:
  Dimension d=100, Base vectors=1183514, Queries=10000


Building HNSW index...
✓ Index built.
  build_time(local)=3775.429010 ms
  build_time(internal)=3770.213747 ms


========== GRAPH QUALITY ==========

  num_nodes: 1183514

  max_level (entry point): 4

  actual_max_layer: 4

  avg_degree_l0: 46.388556

  avg_degree_upper: 0.194932


  Layer Distribution:

    L0: 1183514 nodes (100.00%)

    L1: 36962 nodes (3.12%)

    L2: 1244 nodes (0.11%)

    L3: 32 nodes (0.00%)

    L4: 1 nodes (0.00%)



Executing queries...

  Processed 1000 queries

  Processed 2000 queries

  Processed 3000 queries

  Processed 4000 queries

  Processed 5000 queries

  Processed 6000 queries

  Processed 7000 queries

  Processed 8000 queries

  Processed 9000 queries

  Processed 10000 queries


========== RESULTS ==========

Total queries: 10000

Average recall@10: 0.989990

Average query time: 2.493704 ms

Total query time: 24937.036947 ms


========== DISTANCE STATISTICS ==========

Total queries reported by index: 10000

Total distance computations: 299837592

Average distance ops per query: 29983.759200

Last query distance ops: 24254


========== PERFORMANCE SUMMARY ==========

Data loading time: 2485.497551 ms

Index build time: 3770.213747 ms

Query execution time: 24937.036947 ms

Total elapsed time: 31197.963508 ms


========== EFFICIENCY METRICS ==========

Queries per second: 401.009952

Distance ops per second: 12023785.850631


========== END OF LOG ==========

Log saved to: Log/run_20251204_214133_659.log

