========== HNSW Search Test ==========

Timestamp: Thu Dec  4 03:27:35 2025

Command line arguments:
  argv[0]: ./hng1
  argv[1]: --m
  argv[2]: 45
  argv[3]: --max_layer
  argv[4]: 6
  argv[5]: --efc
  argv[6]: 435
  argv[7]: --efs
  argv[8]: 808

Configuration:
  Base file: data_o/glove/base.txt
  Query file: data_o/glove/query.txt
  Truth file: data_o/glove/truth.txt
  K: 10
  M: 45
  Max layer: 6
  EFC: 435
  EFS: 808
  Threads: -1
  Debug: -1

HNSW parameters set.

Ablation flags: csr=0, prefetch=0, simd=0, pruning=0, heap=0

Loading base vectors...
✓ Base loaded in 2066.781505 ms

Loading query vectors...
✓ Queries loaded in 68.516044 ms

Loading ground truth...
✓ Truth loaded in 66.752990 ms

Data Summary:
  Dimension d=100, Base vectors=1183514, Queries=10000


Building HNSW index...
✓ Index built.
  build_time(local)=3678.734682 ms
  build_time(internal)=3673.948171 ms


========== GRAPH QUALITY ==========

  num_nodes: 1183514

  max_level (entry point): 3

  actual_max_layer: 3

  avg_degree_l0: 47.313313

  avg_degree_upper: 0.187777


  Layer Distribution:

    L0: 1183514 nodes (100.00%)

    L1: 26445 nodes (2.23%)

    L2: 574 nodes (0.05%)

    L3: 13 nodes (0.00%)



Executing queries...

  Processed 1000 queries

  Processed 2000 queries

  Processed 3000 queries

  Processed 4000 queries

  Processed 5000 queries

  Processed 6000 queries

  Processed 7000 queries

  Processed 8000 queries

  Processed 9000 queries

  Processed 10000 queries


========== RESULTS ==========

Total queries: 10000

Average recall@10: 0.990020

Average query time: 2.189403 ms

Total query time: 21894.026539 ms


========== DISTANCE STATISTICS ==========

Total queries reported by index: 10000

Total distance computations: 293663768

Average distance ops per query: 29366.376800

Last query distance ops: 22451


========== PERFORMANCE SUMMARY ==========

Data loading time: 2202.050539 ms

Index build time: 3673.948171 ms

Query execution time: 21894.026539 ms

Total elapsed time: 27774.811760 ms


========== EFFICIENCY METRICS ==========

Queries per second: 456.745587

Distance ops per second: 13412963.005087


========== END OF LOG ==========

Log saved to: Log/run_20251204_032735_282.log

