========== HNSW Search Test ==========

Timestamp: Tue Dec  2 09:43:59 2025

Command line arguments:
  argv[0]: ./hng
  argv[1]: --m
  argv[2]: 31
  argv[3]: --max_layer
  argv[4]: 11
  argv[5]: --efc
  argv[6]: 604
  argv[7]: --efs
  argv[8]: 572

Configuration:
  Base file: data_o/glove/base.txt
  Query file: data_o/glove/query.txt
  Truth file: data_o/glove/truth.txt
  K: 10
  M: 31
  Max layer: 11
  EFC: 604
  EFS: 572
  Threads: -1
  Debug: -1

HNSW parameters set.

Loading base vectors...
✓ Base loaded in 3779.923738 ms

Loading query vectors...
✓ Queries loaded in 69.377755 ms

Loading ground truth...
✓ Truth loaded in 69.105135 ms

Data Summary:
  Dimension d=100, Base vectors=1183514, Queries=10000


Building HNSW index...
✓ Index built.
  build_time(local)=690020.660573 ms
  build_time(internal)=718522.941835 ms


========== GRAPH QUALITY ==========

  num_nodes: 1183514

  max_level (entry point): 3

  actual_max_layer: 3

  avg_degree_l0: 47.235157

  avg_degree_upper: 0.245518


  Layer Distribution:

    L0: 1183514 nodes (100.00%)

    L1: 38174 nodes (3.23%)

    L2: 1216 nodes (0.10%)

    L3: 45 nodes (0.00%)



Executing queries...

  Processed 1000 queries

  Processed 2000 queries

  Processed 3000 queries

  Processed 4000 queries

  Processed 5000 queries

  Processed 6000 queries

  Processed 7000 queries

  Processed 8000 queries

  Processed 9000 queries

  Processed 10000 queries


========== RESULTS ==========

Total queries: 10000

Average recall@10: 0.980190

Average query time: 1.539140 ms

Total query time: 15391.397417 ms


========== DISTANCE STATISTICS ==========

Total queries reported by index: 10000

Total distance computations: 0

Average distance ops per query: 0.000000

Last query distance ops: 0


========== PERFORMANCE SUMMARY ==========

Data loading time: 3918.406628 ms

Index build time: 718522.941835 ms

Query execution time: 15391.397417 ms

Total elapsed time: 709330.464618 ms


========== EFFICIENCY METRICS ==========

Queries per second: 649.713585


========== END OF LOG ==========

Log saved to: Log/run_20251202_094359_744.log

