========== HNSW Search Test ==========

Timestamp: Mon Dec  8 20:34:06 2025

Command line arguments:
  argv[0]: ./hng3
  argv[1]: --m
  argv[2]: 57
  argv[3]: --max_layer
  argv[4]: 7
  argv[5]: --efc
  argv[6]: 1300
  argv[7]: --efs
  argv[8]: 128
  argv[9]: --hamming_threshold
  argv[10]: 41

Configuration:
  Base file: data_o/glove/base.txt
  Query file: data_o/glove/query.txt
  Truth file: data_o/glove/truth.txt
  K: 10
  M: 57
  Max layer: 7
  EFC: 1300
  EFS: 128
  Threads: -1
  Debug: -1

HNSW parameters set.

Ablation flags: csr=0, prefetch=0, simd=0, pruning=0, heap=0

  Hamming threshold: 41
Loading base vectors...
✓ Base loaded in 3743.069348 ms

Loading query vectors...
✓ Queries loaded in 87.110884 ms

Loading ground truth...
✓ Truth loaded in 86.589018 ms

Data Summary:
  Dimension d=100, Base vectors=1183514, Queries=10000


Building HNSW index...
✓ Index built.
  build_time(local)=5042.835657 ms
  build_time(internal)=5037.908759 ms


========== GRAPH QUALITY ==========

  num_nodes: 1183514

  max_level (entry point): 3

  actual_max_layer: 3

  avg_degree_l0: 87.299657

  avg_degree_upper: 41.202402


  Layer Distribution:

    L0: 1183514 nodes (100.00%)

    L1: 20771 nodes (1.76%)

    L2: 369 nodes (0.03%)

    L3: 6 nodes (0.00%)



Executing queries...

  Processed 1000 queries

  Processed 2000 queries

  Processed 3000 queries

  Processed 4000 queries

  Processed 5000 queries

  Processed 6000 queries

  Processed 7000 queries

  Processed 8000 queries

  Processed 9000 queries

  Processed 10000 queries


========== RESULTS ==========

Total queries: 10000

Average recall@10: 0.937930

Average query time: 0.720388 ms

Total query time: 7203.876791 ms


========== DISTANCE STATISTICS ==========

Total queries reported by index: 10000

Total distance computations: 62731502

Average distance ops per query: 6273.150200

Last query distance ops: 8399


========== PERFORMANCE SUMMARY ==========

Data loading time: 3916.769250 ms

Index build time: 5037.908759 ms

Query execution time: 7203.876791 ms

Total elapsed time: 16163.481698 ms


========== EFFICIENCY METRICS ==========

Queries per second: 1388.141454

Distance ops per second: 8708019.837093


========== END OF LOG ==========

Log saved to: Log/run_20251208_203406_337.log

