========== HNSW Search Test ==========

Timestamp: Wed Nov 26 12:58:15 2025

Command line arguments:
  argv[0]: ./hng
  argv[1]: --m
  argv[2]: 48
  argv[3]: --efc
  argv[4]: 697
  argv[5]: --efs
  argv[6]: 396

Configuration:
  Base file: data_o/glove/base.txt
  Query file: data_o/glove/query.txt
  Truth file: data_o/glove/truth.txt
  K: 10
  M: 48
  Max layer: -1
  EFC: 697
  EFS: 396
  Threads: -1
  Debug: -1

HNSW parameters set.

Loading base vectors...
✓ Base loaded in 2142.898133 ms

Loading query vectors...
✓ Queries loaded in 65.811482 ms

Loading ground truth...
✓ Truth loaded in 65.867302 ms

Data Summary:
  Dimension d=100, Base vectors=1183514, Queries=10000


Building HNSW index...
✓ Index built.
  build_time(local)=749194.645830 ms
  build_time(internal)=746097.828014 ms


Executing queries...

  Processed 1000 queries

  Processed 2000 queries

  Processed 3000 queries

  Processed 4000 queries

  Processed 5000 queries

  Processed 6000 queries

  Processed 7000 queries

  Processed 8000 queries

  Processed 9000 queries

  Processed 10000 queries


========== RESULTS ==========

Total queries: 10000

Average recall@10: 0.978640

Average query time: 1.999326 ms

Total query time: 19993.263989 ms


========== DISTANCE STATISTICS ==========

Total queries reported by index: 10000

Total distance computations: 185187465

Average distance ops per query: 18518.746500

Last query distance ops: 15227


========== PERFORMANCE SUMMARY ==========

Data loading time: 2274.576917 ms

Index build time: 746097.828014 ms

Query execution time: 19993.263989 ms

Total elapsed time: 771462.486736 ms


========== EFFICIENCY METRICS ==========

Queries per second: 500.168457

Distance ops per second: 9262492.862691


========== END OF LOG ==========

Log saved to: Log/run_20251126_125815_218.log

