   [START] m=35, ml=15, efc=991, efs=186
   [LOG] Log/trial_m35_ml15_efc991_efs186_20251127_155900.log
   [RUN 1/1] Executing: ./hng --m 35 --max_layer 15 --efc 991 --efs 186

============================================================
Trial: m=35, ml=15, efc=991, efs=186, Run 1/1
Timestamp: 2025-11-27T15:59:00.126485
Command: ./hng --m 35 --max_layer 15 --efc 991 --efs 186
============================================================

[ERR] Loaded base from binary cache: data_o/glove/base.txt.bin
[OUT] ========== HNSW Search Test ==========
[OUT] 
[OUT] Timestamp: Thu Nov 27 15:59:00 2025
[OUT] 
[OUT] Command line arguments:
[OUT]   argv[0]: ./hng
[OUT]   argv[1]: --m
[OUT]   argv[2]: 35
[OUT]   argv[3]: --max_layer
[OUT]   argv[4]: 15
[OUT]   argv[5]: --efc
[OUT]   argv[6]: 991
[OUT]   argv[7]: --efs
[OUT]   argv[8]: 186
[OUT] 
[OUT] Configuration:
[OUT]   Base file: data_o/glove/base.txt
[OUT]   Query file: data_o/glove/query.txt
[OUT]   Truth file: data_o/glove/truth.txt
[OUT]   K: 10
[OUT]   M: 35
[OUT]   Max layer: 15
[OUT]   EFC: 991
[OUT]   EFS: 186
[OUT]   Threads: -1
[OUT]   Debug: -1
[OUT] 
[OUT] HNSW parameters set.
[OUT] 
[OUT] Loading base vectors...
[OUT] ✓ Base loaded in 2451.148479 ms
[ERR] Loaded queries from binary cache: data_o/glove/query.txt.bin
[OUT] 
[OUT] Loading query vectors...
[OUT] ✓ Queries loaded in 76.296294 ms
[ERR] Loaded truth from binary cache: data_o/glove/truth.txt.bin
[OUT] 
[OUT] Loading ground truth...
