   [START] m=30, efc=680, efs=339
   [LOG] Log/trial_m30_efc680_efs339_20251125_233002.log
   [RUN 1/1] Executing: ./hng --m 30 --efc 680 --efs 339

============================================================
Trial: m=30, efc=680, efs=339, Run 1/1
Timestamp: 2025-11-25T23:30:02.747591
Command: ./hng --m 30 --efc 680 --efs 339
============================================================

[ERR] Loaded base from binary cache: data_o/glove/base.txt.bin
[OUT] ========== HNSW Search Test ==========
[OUT] 
[OUT] Timestamp: Tue Nov 25 23:30:02 2025
[OUT] 
[OUT] Command line arguments:
[OUT]   argv[0]: ./hng
[OUT]   argv[1]: --m
[OUT]   argv[2]: 30
[OUT]   argv[3]: --efc
[OUT]   argv[4]: 680
[OUT]   argv[5]: --efs
[OUT]   argv[6]: 339
[OUT] 
[OUT] Configuration:
[OUT]   Base file: data_o/glove/base.txt
[OUT]   Query file: data_o/glove/query.txt
[OUT]   Truth file: data_o/glove/truth.txt
[OUT]   K: 10
[OUT]   M: 30
[OUT]   Max layer: -1
[OUT]   EFC: 680
[OUT]   EFS: 339
[OUT]   Threads: -1
[OUT]   Debug: -1
[OUT] 
[OUT] HNSW parameters set.
[OUT] 
[OUT] Loading base vectors...
[OUT] ✓ Base loaded in 3816.922792 ms
[ERR] Loaded queries from binary cache: data_o/glove/query.txt.bin
[OUT] 
[OUT] Loading query vectors...
[OUT] ✓ Queries loaded in 72.624456 ms
[ERR] Loaded truth from binary cache: data_o/glove/truth.txt.bin
[OUT] 
[OUT] Loading ground truth...
[OUT] ✓ Truth loaded in 70.379811 ms
[OUT] 
[OUT] Data Summary:
[OUT]   Dimension d=100, Base vectors=1183514, Queries=10000
[OUT] 
[OUT] 
[OUT] Building HNSW index...
[OUT] [Progress] 119001/1183514 (10.1%) Time: 13018.52 ms
[OUT] [Progress] 238001/1183514 (20.1%) Time: 55960.63 ms
[OUT] [Progress] 357001/1183514 (30.2%) Time: 114859.68 ms
[OUT] [Progress] 477001/1183514 (40.3%) Time: 183670.13 ms
[OUT] [Progress] 596001/1183514 (50.4%) Time: 257605.25 ms
[OUT] [Progress] 716001/1183514 (60.5%) Time: 333519.62 ms
[OUT] [Progress] 836001/1183514 (70.6%) Time: 409445.07 ms
[OUT] [Progress] 955001/1183514 (80.7%) Time: 484847.76 ms
[OUT] [Progress] 1074001/1183514 (90.7%) Time: 572544.20 ms
[OUT] [Timing] Parallel Build: 635533.59 ms for 1183514 points.
[OUT] ✓ Index built.
[OUT]   build_time(local)=585486.403042 ms
[OUT]   build_time(internal)=635533.589664 ms
[OUT] 
[OUT] 
[OUT] Executing queries...
[OUT] 
[OUT]   Processed 1000 queries
[OUT] 
[OUT]   Processed 2000 queries
[OUT] 
[OUT]   Processed 3000 queries
[OUT] 
[OUT]   Processed 4000 queries
[OUT] 
[OUT]   Processed 5000 queries
[OUT] 
[OUT]   Processed 6000 queries
[OUT] 
[OUT]   Processed 7000 queries
[OUT] 
[OUT]   Processed 8000 queries
[OUT] 
[OUT]   Processed 9000 queries
[OUT] 
[OUT]   Processed 10000 queries
[OUT] 
[OUT] 
[OUT] ========== RESULTS ==========
[OUT] 
[OUT] Total queries: 10000
[OUT] 
[OUT] Average recall@10: 0.961580
[OUT] 
[OUT] Average query time: 1.645120 ms
[OUT] 
[OUT] Total query time: 16451.196253 ms
[OUT] 
[OUT] 
[OUT] ========== DISTANCE STATISTICS ==========
[OUT] 
[OUT] Total queries reported by index: 10000
[OUT] 
[OUT] Total distance computations: 126711159
[OUT] 
[OUT] Average distance ops per query: 12671.115900
[OUT] 
[OUT] Last query distance ops: 11622
[OUT] 
[OUT] 
[OUT] ========== PERFORMANCE SUMMARY ==========
[OUT] 
[OUT] Data loading time: 3959.927059 ms
[OUT] 
[OUT] Index build time: 635533.589664 ms
[OUT] 
[OUT] Query execution time: 16451.196253 ms
[OUT] 
[OUT] Total elapsed time: 605897.526354 ms
[OUT] 
[OUT] 
[OUT] ========== EFFICIENCY METRICS ==========
[OUT] 
[OUT] Queries per second: 607.858532
[OUT] 
[OUT] Distance ops per second: 7702245.906701
[OUT] 
[OUT] 
[OUT] ========== END OF LOG ==========
[OUT] 
[OUT] Log saved to: Log/run_20251125_233002_762.log
[OUT] 

Return Code: 0
   [PARSED] Build=635533.59ms, Query=1.6451ms, Recall=0.9616
   [RESULT] m=30 efc=680  efs=339  | Rec=0.9616 Time=1.6451ms Build=635533.59ms
   [SUCCESS] Logged to Log/trial_m30_efc680_efs339_20251125_233002.log
