   [START] m=37, efc=525, efs=625
   [LOG] Log/trial_m37_efc525_efs625_20251126_020431.log
   [RUN 1/1] Executing: ./hng --m 37 --efc 525 --efs 625

============================================================
Trial: m=37, efc=525, efs=625, Run 1/1
Timestamp: 2025-11-26T02:04:31.112740
Command: ./hng --m 37 --efc 525 --efs 625
============================================================

[OUT] ========== HNSW Search Test ==========
[ERR] Loaded base from binary cache: data_o/glove/base.txt.bin
[OUT] 
[OUT] Timestamp: Wed Nov 26 02:04:31 2025
[OUT] 
[OUT] Command line arguments:
[OUT]   argv[0]: ./hng
[OUT]   argv[1]: --m
[OUT]   argv[2]: 37
[OUT]   argv[3]: --efc
[OUT]   argv[4]: 525
[OUT]   argv[5]: --efs
[OUT]   argv[6]: 625
[OUT] 
[OUT] Configuration:
[OUT]   Base file: data_o/glove/base.txt
[OUT]   Query file: data_o/glove/query.txt
[OUT]   Truth file: data_o/glove/truth.txt
[OUT]   K: 10
[OUT]   M: 37
[OUT]   Max layer: -1
[OUT]   EFC: 525
[OUT]   EFS: 625
[OUT]   Threads: -1
[OUT]   Debug: -1
[OUT] 
[OUT] HNSW parameters set.
[OUT] 
[OUT] Loading base vectors...
[OUT] ✓ Base loaded in 3596.991714 ms
[ERR] Loaded queries from binary cache: data_o/glove/query.txt.bin
[OUT] 
[OUT] Loading query vectors...
[OUT] ✓ Queries loaded in 88.421160 ms
[ERR] Loaded truth from binary cache: data_o/glove/truth.txt.bin
[OUT] 
[OUT] Loading ground truth...
[OUT] ✓ Truth loaded in 84.056523 ms
[OUT] 
[OUT] Data Summary:
[OUT]   Dimension d=100, Base vectors=1183514, Queries=10000
[OUT] 
[OUT] 
[OUT] Building HNSW index...
[OUT] [Progress] 120001/1183514 (10.1%) Time: 10017.86 ms
[OUT] [Progress] 240001/1183514 (20.3%) Time: 40968.35 ms
[OUT] [Progress] 360001/1183514 (30.4%) Time: 83925.21 ms
[OUT] [Progress] 479001/1183514 (40.5%) Time: 137817.05 ms
[OUT] [Progress] 600001/1183514 (50.7%) Time: 188784.48 ms
[OUT] [Progress] 719001/1183514 (60.8%) Time: 247213.70 ms
[OUT] [Progress] 838001/1183514 (70.8%) Time: 307109.85 ms
[OUT] [Progress] 958001/1183514 (80.9%) Time: 365089.00 ms
[OUT] [Progress] 1077001/1183514 (91.0%) Time: 428494.09 ms
[OUT] [Timing] Parallel Build: 475951.21 ms for 1183514 points.
[OUT] ✓ Index built.
[OUT]   build_time(local)=438936.458211 ms
[OUT]   build_time(internal)=475951.207169 ms
[OUT] 
[OUT] 
[OUT] Executing queries...
[OUT] 
[OUT]   Processed 1000 queries
[OUT] 
[OUT]   Processed 2000 queries
[OUT] 
[OUT]   Processed 3000 queries
[OUT] 
[OUT]   Processed 4000 queries
[OUT] 
[OUT]   Processed 5000 queries
[OUT] 
[OUT]   Processed 6000 queries
[OUT] 
[OUT]   Processed 7000 queries
[OUT] 
[OUT]   Processed 8000 queries
[OUT] 
[OUT]   Processed 9000 queries
[OUT] 
[OUT]   Processed 10000 queries
[OUT] 
[OUT] 
[OUT] ========== RESULTS ==========
[OUT] 
[OUT] Total queries: 10000
[OUT] 
[OUT] Average recall@10: 0.985270
[OUT] 
[OUT] Average query time: 2.482011 ms
[OUT] 
[OUT] Total query time: 24820.113667 ms
[OUT] 
[OUT] 
[OUT] ========== DISTANCE STATISTICS ==========
[OUT] 
[OUT] Total queries reported by index: 10000
[OUT] 
[OUT] Total distance computations: 232917832
[OUT] 
[OUT] Average distance ops per query: 23291.783200
[OUT] 
[OUT] Last query distance ops: 19242
[OUT] 
[OUT] 
[OUT] ========== PERFORMANCE SUMMARY ==========
[OUT] 
[OUT] Data loading time: 3769.469397 ms
[OUT] 
[OUT] Index build time: 475951.207169 ms
[OUT] 
[OUT] Query execution time: 24820.113667 ms
[OUT] 
[OUT] Total elapsed time: 467526.041275 ms
[OUT] 
[OUT] 
[OUT] ========== EFFICIENCY METRICS ==========
[OUT] 
[OUT] Queries per second: 402.899041
[OUT] 
[OUT] Distance ops per second: 9384237.120142
[OUT] 
[OUT] 
[OUT] ========== END OF LOG ==========
[OUT] 
[OUT] Log saved to: Log/run_20251126_020431_127.log
[OUT] 

Return Code: 0
   [PARSED] Build=475951.21ms, Query=2.4820ms, Recall=0.9853
   [RESULT] m=37 efc=525  efs=625  | Rec=0.9853 Time=2.4820ms Build=475951.21ms
   [SUCCESS] Logged to Log/trial_m37_efc525_efs625_20251126_020431.log
