   [START] m=42, efc=253, efs=1987
   [LOG] Log/trial_m42_efc253_efs1987_20251126_061303.log
   [RUN 1/1] Executing: ./hng --m 42 --efc 253 --efs 1987

============================================================
Trial: m=42, efc=253, efs=1987, Run 1/1
Timestamp: 2025-11-26T06:13:03.288054
Command: ./hng --m 42 --efc 253 --efs 1987
============================================================

[ERR] Loaded base from binary cache: data_o/glove/base.txt.bin
[OUT] ========== HNSW Search Test ==========
[OUT] 
[OUT] Timestamp: Wed Nov 26 06:13:03 2025
[OUT] 
[OUT] Command line arguments:
[OUT]   argv[0]: ./hng
[OUT]   argv[1]: --m
[OUT]   argv[2]: 42
[OUT]   argv[3]: --efc
[OUT]   argv[4]: 253
[OUT]   argv[5]: --efs
[OUT]   argv[6]: 1987
[OUT] 
[OUT] Configuration:
[OUT]   Base file: data_o/glove/base.txt
[OUT]   Query file: data_o/glove/query.txt
[OUT]   Truth file: data_o/glove/truth.txt
[OUT]   K: 10
[OUT]   M: 42
[OUT]   Max layer: -1
[OUT]   EFC: 253
[OUT]   EFS: 1987
[OUT]   Threads: -1
[OUT]   Debug: -1
[OUT] 
[OUT] HNSW parameters set.
[OUT] 
[OUT] Loading base vectors...
[OUT] ✓ Base loaded in 3868.710887 ms
[ERR] Loaded queries from binary cache: data_o/glove/query.txt.bin
[OUT] 
[OUT] Loading query vectors...
[OUT] ✓ Queries loaded in 98.338169 ms
[OUT] 
[ERR] Loaded truth from binary cache: data_o/glove/truth.txt.bin
[OUT] Loading ground truth...
[OUT] ✓ Truth loaded in 91.547865 ms
[OUT] 
[OUT] Data Summary:
[OUT]   Dimension d=100, Base vectors=1183514, Queries=10000
[OUT] 
[OUT] 
[OUT] Building HNSW index...
[OUT] [Progress] 120001/1183514 (10.1%) Time: 5020.27 ms
[OUT] [Progress] 239001/1183514 (20.2%) Time: 18027.41 ms
[OUT] [Progress] 359001/1183514 (30.3%) Time: 36550.22 ms
[OUT] [Progress] 480001/1183514 (40.6%) Time: 57080.84 ms
[OUT] [Progress] 601001/1183514 (50.8%) Time: 79103.50 ms
[OUT] [Progress] 723001/1183514 (61.1%) Time: 102131.33 ms
[OUT] [Progress] 847001/1183514 (71.6%) Time: 126155.27 ms
[OUT] [Progress] 966001/1183514 (81.6%) Time: 152205.88 ms
[OUT] [Progress] 1086001/1183514 (91.8%) Time: 177741.94 ms
[OUT] [Timing] Parallel Build: 194765.49 ms for 1183514 points.
[OUT] ✓ Index built.
[OUT]   build_time(local)=195931.579869 ms
[OUT]   build_time(internal)=194765.488781 ms
[OUT] 
[OUT] 
[OUT] Executing queries...
[OUT] 
[OUT]   Processed 1000 queries
[OUT] 
[OUT]   Processed 2000 queries
[OUT] 
[OUT]   Processed 3000 queries
[OUT] 
[OUT]   Processed 4000 queries
[OUT] 
[OUT]   Processed 5000 queries
[OUT] 
[OUT]   Processed 6000 queries
[OUT] 
[OUT]   Processed 7000 queries
[OUT] 
[OUT]   Processed 8000 queries
[OUT] 
[OUT]   Processed 9000 queries
[OUT] 
[OUT]   Processed 10000 queries
[OUT] 
[OUT] 
[OUT] ========== RESULTS ==========
[OUT] 
[OUT] Total queries: 10000
[OUT] 
[OUT] Average recall@10: 0.995240
[OUT] 
[OUT] Average query time: 7.986376 ms
[OUT] 
[OUT] Total query time: 79863.762654 ms
[OUT] 
[OUT] 
[OUT] ========== DISTANCE STATISTICS ==========
[OUT] 
[OUT] Total queries reported by index: 10000
[OUT] 
[OUT] Total distance computations: 512696110
[OUT] 
[OUT] Average distance ops per query: 51269.611000
[OUT] 
[OUT] Last query distance ops: 37775
[OUT] 
[OUT] 
[OUT] ========== PERFORMANCE SUMMARY ==========
[OUT] 
[OUT] Data loading time: 4058.596921 ms
[OUT] 
[OUT] Index build time: 194765.488781 ms
[OUT] 
[OUT] Query execution time: 79863.762654 ms
[OUT] 
[OUT] Total elapsed time: 279853.939444 ms
[OUT] 
[OUT] 
[OUT] ========== EFFICIENCY METRICS ==========
[OUT] 
[OUT] Queries per second: 125.213234
[OUT] 
[OUT] Distance ops per second: 6419633.798387
[OUT] 
[OUT] 
[OUT] ========== END OF LOG ==========
[OUT] 
[OUT] Log saved to: Log/run_20251126_061303_303.log
[OUT] 

Return Code: 0
   [PARSED] Build=194765.49ms, Query=7.9864ms, Recall=0.9952
   [RESULT] m=42 efc=253  efs=1987 | Rec=0.9952 Time=7.9864ms Build=194765.49ms
   [SUCCESS] Logged to Log/trial_m42_efc253_efs1987_20251126_061303.log
