   [START] m=40, ml=17, efc=648, efs=457
   [LOG] Log/trial_m40_ml17_efc648_efs457_20251201_223139.log
   [RUN 1/1] Executing: ./hng --m 40 --max_layer 17 --efc 648 --efs 457

============================================================
Trial: m=40, ml=17, efc=648, efs=457, Run 1/1
Timestamp: 2025-12-01T22:31:39.415137
Command: ./hng --m 40 --max_layer 17 --efc 648 --efs 457
============================================================

[OUT] ========== HNSW Search Test ==========
[ERR] Loaded base from binary cache: data_o/glove/base.txt.bin
[OUT] 
[OUT] Timestamp: Mon Dec  1 22:31:39 2025
[OUT] 
[OUT] Command line arguments:
[OUT]   argv[0]: ./hng
[OUT]   argv[1]: --m
[OUT]   argv[2]: 40
[OUT]   argv[3]: --max_layer
[OUT]   argv[4]: 17
[OUT]   argv[5]: --efc
[OUT]   argv[6]: 648
[OUT]   argv[7]: --efs
[OUT]   argv[8]: 457
[OUT] 
[OUT] Configuration:
[OUT]   Base file: data_o/glove/base.txt
[OUT]   Query file: data_o/glove/query.txt
[OUT]   Truth file: data_o/glove/truth.txt
[OUT]   K: 10
[OUT]   M: 40
[OUT]   Max layer: 17
[OUT]   EFC: 648
[OUT]   EFS: 457
[OUT]   Threads: -1
[OUT]   Debug: -1
[OUT] 
[OUT] HNSW parameters set.
[OUT] 
[OUT] Loading base vectors...
[OUT] ✓ Base loaded in 2289.399725 ms
[ERR] Loaded queries from binary cache: data_o/glove/query.txt.bin
[OUT] 
[OUT] Loading query vectors...
[OUT] ✓ Queries loaded in 71.306142 ms
[ERR] Loaded truth from binary cache: data_o/glove/truth.txt.bin
[OUT] 
[OUT] Loading ground truth...
[OUT] ✓ Truth loaded in 68.873089 ms
[OUT] 
[OUT] Data Summary:
[OUT]   Dimension d=100, Base vectors=1183514, Queries=10000
[OUT] 
[OUT] 
[OUT] Building HNSW index...
[OUT] ✓ Index built.
[OUT]   build_time(local)=1057340.052623 ms
[OUT]   build_time(internal)=1037395.833091 ms
[OUT] 
[OUT] 
[OUT] ========== GRAPH QUALITY ==========
[OUT] 
[OUT]   num_nodes: 1183514
[OUT] 
[OUT]   max_level (entry point): 4
[OUT] 
[OUT]   actual_max_layer: 4
[OUT] 
[OUT]   avg_degree_l0: 53.590180
[OUT] 
[OUT]   avg_degree_upper: 0.163673
[OUT] 
[OUT] 
[OUT]   Layer Distribution:
[OUT] 
[OUT]     L0: 1183514 nodes (100.00%)
[OUT] 
[OUT]     L1: 29479 nodes (2.49%)
[OUT] 
[OUT]     L2: 731 nodes (0.06%)
[OUT] 
[OUT]     L3: 20 nodes (0.00%)
[OUT] 
[OUT]     L4: 1 nodes (0.00%)
[OUT] 
[OUT] 
[OUT] 
[OUT] Executing queries...
[OUT] 
[OUT]   Processed 1000 queries
[OUT] 
[OUT]   Processed 2000 queries
[OUT] 
[OUT]   Processed 3000 queries
[OUT] 
[OUT]   Processed 4000 queries
[OUT] 
[OUT]   Processed 5000 queries
[OUT] 
[OUT]   Processed 6000 queries
[OUT] 
[OUT]   Processed 7000 queries
[OUT] 
[OUT]   Processed 8000 queries
[OUT] 
[OUT]   Processed 9000 queries
[OUT] 
[OUT]   Processed 10000 queries
[OUT] 
[OUT] 
[OUT] ========== RESULTS ==========
[OUT] 
[OUT] Total queries: 10000
[OUT] 
[OUT] Average recall@10: 0.980180
[OUT] 
[OUT] Average query time: 1.841085 ms
[OUT] 
[OUT] Total query time: 18410.848891 ms
[OUT] 
[OUT] 
[OUT] ========== DISTANCE STATISTICS ==========
[OUT] 
[OUT] Total queries reported by index: 10000
[OUT] 
[OUT] Total distance computations: 0
[OUT] 
[OUT] Average distance ops per query: 0.000000
[OUT] 
[OUT] Last query distance ops: 0
[OUT] 
[OUT] 
[OUT] ========== PERFORMANCE SUMMARY ==========
[OUT] 
[OUT] Data loading time: 2429.578956 ms
[OUT] 
[OUT] Index build time: 1037395.833091 ms
[OUT] 
[OUT] Query execution time: 18410.848891 ms
[OUT] 
[OUT] Total elapsed time: 1078180.480470 ms
[OUT] 
[OUT] 
[OUT] ========== EFFICIENCY METRICS ==========
[OUT] 
[OUT] Queries per second: 543.158007
[OUT] 
[OUT] 
[OUT] ========== END OF LOG ==========
[OUT] 
[OUT] Log saved to: Log/run_20251201_223139_419.log
[OUT] 

Return Code: 0
   [PARSED] Build=1037395.83ms, Query=1.8411ms, Recall=0.9802
   [RESULT] m=40 ml=17 efc=648  efs=457  | Rec=0.9802 Time=1.8411ms Build=1037395.83ms
   [SUCCESS] Logged to Log/trial_m40_ml17_efc648_efs457_20251201_223139.log
