   [START] m=41, efc=757, efs=718
   [LOG] Log/trial_m41_efc757_efs718_20251126_035652.log
   [RUN 1/1] Executing: ./hng --m 41 --efc 757 --efs 718

============================================================
Trial: m=41, efc=757, efs=718, Run 1/1
Timestamp: 2025-11-26T03:56:52.939322
Command: ./hng --m 41 --efc 757 --efs 718
============================================================

[ERR] Loaded base from binary cache: data_o/glove/base.txt.bin
[OUT] ========== HNSW Search Test ==========
[OUT] 
[OUT] Timestamp: Wed Nov 26 03:56:52 2025
[OUT] 
[OUT] Command line arguments:
[OUT]   argv[0]: ./hng
[OUT]   argv[1]: --m
[OUT]   argv[2]: 41
[OUT]   argv[3]: --efc
[OUT]   argv[4]: 757
[OUT]   argv[5]: --efs
[OUT]   argv[6]: 718
[OUT] 
[OUT] Configuration:
[OUT]   Base file: data_o/glove/base.txt
[OUT]   Query file: data_o/glove/query.txt
[OUT]   Truth file: data_o/glove/truth.txt
[OUT]   K: 10
[OUT]   M: 41
[OUT]   Max layer: -1
[OUT]   EFC: 757
[OUT]   EFS: 718
[OUT]   Threads: -1
[OUT]   Debug: -1
[OUT] 
[OUT] HNSW parameters set.
[OUT] 
[OUT] Loading base vectors...
[OUT] ✓ Base loaded in 3444.255413 ms
[ERR] Loaded queries from binary cache: data_o/glove/query.txt.bin
[OUT] 
[OUT] Loading query vectors...
[OUT] ✓ Queries loaded in 85.407585 ms
[ERR] Loaded truth from binary cache: data_o/glove/truth.txt.bin
[OUT] 
[OUT] Loading ground truth...
[OUT] ✓ Truth loaded in 83.286963 ms
[OUT] 
[OUT] Data Summary:
[OUT]   Dimension d=100, Base vectors=1183514, Queries=10000
[OUT] 
[OUT] 
[OUT] Building HNSW index...
[OUT] [Progress] 121001/1183514 (10.2%) Time: 18454.07 ms
[OUT] [Progress] 242001/1183514 (20.4%) Time: 64408.65 ms
[OUT] [Progress] 361001/1183514 (30.5%) Time: 136305.27 ms
[OUT] [Progress] 480001/1183514 (40.6%) Time: 219593.90 ms
[OUT] [Progress] 601001/1183514 (50.8%) Time: 309128.03 ms
[OUT] [Progress] 720001/1183514 (60.8%) Time: 405461.98 ms
[OUT] [Progress] 840001/1183514 (71.0%) Time: 500360.72 ms
[OUT] [Progress] 959001/1183514 (81.0%) Time: 599715.34 ms
[OUT] [Progress] 1078001/1183514 (91.1%) Time: 703069.83 ms
[OUT] [Timing] Parallel Build: 779972.39 ms for 1183514 points.
[OUT] ✓ Index built.
[OUT]   build_time(local)=717658.743783 ms
[OUT]   build_time(internal)=779972.390641 ms
[OUT] 
[OUT] 
[OUT] Executing queries...
[OUT] 
[OUT]   Processed 1000 queries
[OUT] 
[OUT]   Processed 2000 queries
[OUT] 
[OUT]   Processed 3000 queries
[OUT] 
[OUT]   Processed 4000 queries
[OUT] 
[OUT]   Processed 5000 queries
[OUT] 
[OUT]   Processed 6000 queries
[OUT] 
[OUT]   Processed 7000 queries
[OUT] 
[OUT]   Processed 8000 queries
[OUT] 
[OUT]   Processed 9000 queries
[OUT] 
[OUT]   Processed 10000 queries
[OUT] 
[OUT] 
[OUT] ========== RESULTS ==========
[OUT] 
[OUT] Total queries: 10000
[OUT] 
[OUT] Average recall@10: 0.991450
[OUT] 
[OUT] Average query time: 3.187731 ms
[OUT] 
[OUT] Total query time: 31877.306823 ms
[OUT] 
[OUT] 
[OUT] ========== DISTANCE STATISTICS ==========
[OUT] 
[OUT] Total queries reported by index: 10000
[OUT] 
[OUT] Total distance computations: 301057986
[OUT] 
[OUT] Average distance ops per query: 30105.798600
[OUT] 
[OUT] Last query distance ops: 24066
[OUT] 
[OUT] 
[OUT] ========== PERFORMANCE SUMMARY ==========
[OUT] 
[OUT] Data loading time: 3612.949961 ms
[OUT] 
[OUT] Index build time: 779972.390641 ms
[OUT] 
[OUT] Query execution time: 31877.306823 ms
[OUT] 
[OUT] Total elapsed time: 753149.000567 ms
[OUT] 
[OUT] 
[OUT] ========== EFFICIENCY METRICS ==========
[OUT] 
[OUT] Queries per second: 313.702787
[OUT] 
[OUT] Distance ops per second: 9444272.932831
[OUT] 
[OUT] 
[OUT] ========== END OF LOG ==========
[OUT] 
[OUT] Log saved to: Log/run_20251126_035652_953.log
[OUT] 

Return Code: 0
   [PARSED] Build=779972.39ms, Query=3.1877ms, Recall=0.9915
   [RESULT] m=41 efc=757  efs=718  | Rec=0.9915 Time=3.1877ms Build=779972.39ms
   [SUCCESS] Logged to Log/trial_m41_efc757_efs718_20251126_035652.log
