   [START] m=45, ml=8, efc=558, efs=692
   [LOG] Log/trial_m45_ml8_efc558_efs692_20251127_130924.log
   [RUN 1/1] Executing: ./hng --m 45 --max_layer 8 --efc 558 --efs 692

============================================================
Trial: m=45, ml=8, efc=558, efs=692, Run 1/1
Timestamp: 2025-11-27T13:09:24.692831
Command: ./hng --m 45 --max_layer 8 --efc 558 --efs 692
============================================================

[OUT] ========== HNSW Search Test ==========
[ERR] Loaded base from binary cache: data_o/glove/base.txt.bin
[OUT] 
[OUT] Timestamp: Thu Nov 27 13:09:24 2025
[OUT] 
[OUT] Command line arguments:
[OUT]   argv[0]: ./hng
[OUT]   argv[1]: --m
[OUT]   argv[2]: 45
[OUT]   argv[3]: --max_layer
[OUT]   argv[4]: 8
[OUT]   argv[5]: --efc
[OUT]   argv[6]: 558
[OUT]   argv[7]: --efs
[OUT]   argv[8]: 692
[OUT] 
[OUT] Configuration:
[OUT]   Base file: data_o/glove/base.txt
[OUT]   Query file: data_o/glove/query.txt
[OUT]   Truth file: data_o/glove/truth.txt
[OUT]   K: 10
[OUT]   M: 45
[OUT]   Max layer: 8
[OUT]   EFC: 558
[OUT]   EFS: 692
[OUT]   Threads: -1
[OUT]   Debug: -1
[OUT] 
[OUT] HNSW parameters set.
[OUT] 
[OUT] Loading base vectors...
[OUT] ✓ Base loaded in 2262.253692 ms
[ERR] Loaded queries from binary cache: data_o/glove/query.txt.bin
[OUT] 
[OUT] Loading query vectors...
[OUT] ✓ Queries loaded in 68.761011 ms
[ERR] Loaded truth from binary cache: data_o/glove/truth.txt.bin
[OUT] 
[OUT] Loading ground truth...
[OUT] ✓ Truth loaded in 71.514446 ms
[OUT] 
[OUT] Data Summary:
[OUT]   Dimension d=100, Base vectors=1183514, Queries=10000
[OUT] 
[OUT] 
[OUT] Building HNSW index...
[OUT] [Progress] 120001/1183514 (10.1%) Time: 17018.90 ms
[OUT] [Progress] 239001/1183514 (20.2%) Time: 71237.23 ms
[OUT] [Progress] 359001/1183514 (30.3%) Time: 142774.94 ms
[OUT] [Progress] 478001/1183514 (40.4%) Time: 235784.62 ms
[OUT] [Progress] 597001/1183514 (50.4%) Time: 328533.22 ms
[OUT] [Progress] 716001/1183514 (60.5%) Time: 419670.07 ms
[OUT] [Progress] 835001/1183514 (70.6%) Time: 516753.78 ms
[OUT] [Progress] 954001/1183514 (80.6%) Time: 614765.49 ms
[OUT] [Progress] 1074001/1183514 (90.7%) Time: 718525.79 ms
[OUT] [Timing] Parallel Build: 798557.35 ms for 1183514 points.
[OUT] [FlatHNSW] Converted 1183514 nodes, L0 size: 420702 KB, Upper size: 3582 KB
[OUT] [Timing] Flat Conversion: 690.53 ms
[OUT] ✓ Index built.
[OUT]   build_time(local)=846587.318781 ms
[OUT]   build_time(internal)=798557.349319 ms
[OUT] 
[OUT] 
[OUT] ========== GRAPH QUALITY ==========
[OUT] 
[OUT]   num_nodes: 1183514
[OUT] 
[OUT]   max_level (entry point): 4
[OUT] 
[OUT]   actual_max_layer: 4
[OUT] 
[OUT]   avg_degree_l0: 52.350287
[OUT] 
[OUT]   avg_degree_upper: 0.146432
[OUT] 
[OUT] 
[OUT]   Layer Distribution:
[OUT] 
[OUT]     L0: 1183514 nodes (100.00%)
[OUT] 
[OUT]     L1: 26070 nodes (2.20%)
[OUT] 
[OUT]     L2: 573 nodes (0.05%)
[OUT] 
[OUT]     L3: 10 nodes (0.00%)
[OUT] 
[OUT]     L4: 1 nodes (0.00%)
[OUT] 
[OUT] 
[OUT] 
[OUT] Executing queries...
[OUT] 
[OUT]   Processed 1000 queries
[OUT] 
[OUT]   Processed 2000 queries
[OUT] 
[OUT]   Processed 3000 queries
[OUT] 
[OUT]   Processed 4000 queries
[OUT] 
[OUT]   Processed 5000 queries
[OUT] 
[OUT]   Processed 6000 queries
[OUT] 
[OUT]   Processed 7000 queries
[OUT] 
[OUT]   Processed 8000 queries
[OUT] 
[OUT]   Processed 9000 queries
[OUT] 
[OUT]   Processed 10000 queries
[OUT] 
[OUT] 
[OUT] ========== RESULTS ==========
[OUT] 
[OUT] Total queries: 10000
[OUT] 
[OUT] Average recall@10: 0.989720
[OUT] 
[OUT] Average query time: 3.072039 ms
[OUT] 
[OUT] Total query time: 30720.394428 ms
[OUT] 
[OUT] 
[OUT] ========== DISTANCE STATISTICS ==========
[OUT] 
[OUT] Total queries reported by index: 10000
[OUT] 
[OUT] Total distance computations: 278631806
[OUT] 
[OUT] Average distance ops per query: 27863.180600
[OUT] 
[OUT] Last query distance ops: 21738
[OUT] 
[OUT] 
[OUT] ========== PERFORMANCE SUMMARY ==========
[OUT] 
[OUT] Data loading time: 2402.529149 ms
[OUT] 
[OUT] Index build time: 798557.349319 ms
[OUT] 
[OUT] Query execution time: 30720.394428 ms
[OUT] 
[OUT] Total elapsed time: 879710.242358 ms
[OUT] 
[OUT] 
[OUT] ========== EFFICIENCY METRICS ==========
[OUT] 
[OUT] Queries per second: 325.516654
[OUT] 
[OUT] Distance ops per second: 9069929.315297
[OUT] 
[OUT] 
[OUT] ========== END OF LOG ==========
[OUT] 
[OUT] Log saved to: Log/run_20251127_130924_699.log
[OUT] 

Return Code: 0
   [PARSED] Build=798557.35ms, Query=3.0720ms, Recall=0.9897
   [RESULT] m=45 ml=8  efc=558  efs=692  | Rec=0.9897 Time=3.0720ms Build=798557.35ms
   [SUCCESS] Logged to Log/trial_m45_ml8_efc558_efs692_20251127_130924.log
