   [START] m=39, ml=13, efc=542, efs=645
   [LOG] Log/trial_m39_ml13_efc542_efs645_20251127_011734.log
   [RUN 1/1] Executing: ./hng --m 39 --max_layer 13 --efc 542 --efs 645

============================================================
Trial: m=39, ml=13, efc=542, efs=645, Run 1/1
Timestamp: 2025-11-27T01:17:34.939946
Command: ./hng --m 39 --max_layer 13 --efc 542 --efs 645
============================================================

[OUT] ========== HNSW Search Test ==========
[ERR] Loaded base from binary cache: data_o/glove/base.txt.bin
[OUT] 
[OUT] Timestamp: Thu Nov 27 01:17:34 2025
[OUT] 
[OUT] Command line arguments:
[OUT]   argv[0]: ./hng
[OUT]   argv[1]: --m
[OUT]   argv[2]: 39
[OUT]   argv[3]: --max_layer
[OUT]   argv[4]: 13
[OUT]   argv[5]: --efc
[OUT]   argv[6]: 542
[OUT]   argv[7]: --efs
[OUT]   argv[8]: 645
[OUT] 
[OUT] Configuration:
[OUT]   Base file: data_o/glove/base.txt
[OUT]   Query file: data_o/glove/query.txt
[OUT]   Truth file: data_o/glove/truth.txt
[OUT]   K: 10
[OUT]   M: 39
[OUT]   Max layer: 13
[OUT]   EFC: 542
[OUT]   EFS: 645
[OUT]   Threads: -1
[OUT]   Debug: -1
[OUT] 
[OUT] HNSW parameters set.
[OUT] 
[OUT] Loading base vectors...
[ERR] Loaded queries from binary cache: data_o/glove/query.txt.bin
[OUT] ✓ Base loaded in 2112.375055 ms
[OUT] 
[OUT] Loading query vectors...
[OUT] ✓ Queries loaded in 66.233786 ms
[ERR] Loaded truth from binary cache: data_o/glove/truth.txt.bin
[OUT] 
[OUT] Loading ground truth...
[OUT] ✓ Truth loaded in 66.666683 ms
[OUT] 
[OUT] Data Summary:
[OUT]   Dimension d=100, Base vectors=1183514, Queries=10000
[OUT] 
[OUT] 
[OUT] Building HNSW index...
[OUT] [Progress] 121001/1183514 (10.2%) Time: 14973.57 ms
[OUT] [Progress] 240001/1183514 (20.3%) Time: 67896.66 ms
[OUT] [Progress] 360001/1183514 (30.4%) Time: 140842.94 ms
[OUT] [Progress] 480001/1183514 (40.6%) Time: 223730.51 ms
[OUT] [Progress] 599001/1183514 (50.6%) Time: 307678.36 ms
[OUT] [Progress] 718001/1183514 (60.7%) Time: 394022.17 ms
[OUT] [Progress] 837001/1183514 (70.7%) Time: 483415.36 ms
[OUT] [Progress] 957001/1183514 (80.9%) Time: 575234.83 ms
[OUT] [Progress] 1076001/1183514 (90.9%) Time: 667583.66 ms
[OUT] [Timing] Parallel Build: 744193.80 ms for 1183514 points.
[OUT] [FlatHNSW] Converted 1183514 nodes, L0 size: 365225 KB, Upper size: 3972 KB
[OUT] [Timing] Flat Conversion: 545.75 ms
[OUT] ✓ Index built.
[OUT]   build_time(local)=783757.417734 ms
[OUT]   build_time(internal)=744193.797845 ms
[OUT] 
[OUT] 
[OUT] ========== GRAPH QUALITY ==========
[OUT] 
[OUT]   num_nodes: 1183514
[OUT] 
[OUT]   max_level (entry point): 3
[OUT] 
[OUT]   actual_max_layer: 3
[OUT] 
[OUT]   avg_degree_l0: 50.194112
[OUT] 
[OUT]   avg_degree_upper: 0.219222
[OUT] 
[OUT] 
[OUT]   Layer Distribution:
[OUT] 
[OUT]     L0: 1183514 nodes (100.00%)
[OUT] 
[OUT]     L1: 30118 nodes (2.54%)
[OUT] 
[OUT]     L2: 751 nodes (0.06%)
[OUT] 
[OUT]     L3: 13 nodes (0.00%)
[OUT] 
[OUT] 
[OUT] 
[OUT] Executing queries...
[OUT] 
[OUT]   Processed 1000 queries
[OUT] 
[OUT]   Processed 2000 queries
[OUT] 
[OUT]   Processed 3000 queries
[OUT] 
[OUT]   Processed 4000 queries
[OUT] 
[OUT]   Processed 5000 queries
[OUT] 
[OUT]   Processed 6000 queries
[OUT] 
[OUT]   Processed 7000 queries
[OUT] 
[OUT]   Processed 8000 queries
[OUT] 
[OUT]   Processed 9000 queries
[OUT] 
[OUT]   Processed 10000 queries
[OUT] 
[OUT] 
[OUT] ========== RESULTS ==========
[OUT] 
[OUT] Total queries: 10000
[OUT] 
[OUT] Average recall@10: 0.986700
[OUT] 
[OUT] Average query time: 2.724956 ms
[OUT] 
[OUT] Total query time: 27249.561316 ms
[OUT] 
[OUT] 
[OUT] ========== DISTANCE STATISTICS ==========
[OUT] 
[OUT] Total queries reported by index: 10000
[OUT] 
[OUT] Total distance computations: 247213838
[OUT] 
[OUT] Average distance ops per query: 24721.383800
[OUT] 
[OUT] Last query distance ops: 20017
[OUT] 
[OUT] 
[OUT] ========== PERFORMANCE SUMMARY ==========
[OUT] 
[OUT] Data loading time: 2245.275524 ms
[OUT] 
[OUT] Index build time: 744193.797845 ms
[OUT] 
[OUT] Query execution time: 27249.561316 ms
[OUT] 
[OUT] Total elapsed time: 813252.254574 ms
[OUT] 
[OUT] 
[OUT] ========== EFFICIENCY METRICS ==========
[OUT] 
[OUT] Queries per second: 366.978385
[OUT] 
[OUT] Distance ops per second: 9072213.498529
[OUT] 
[OUT] 
[OUT] ========== END OF LOG ==========
[OUT] 
[OUT] Log saved to: Log/run_20251127_011734_944.log
[OUT] 

Return Code: 0
   [PARSED] Build=744193.80ms, Query=2.7250ms, Recall=0.9867
   [RESULT] m=39 ml=13 efc=542  efs=645  | Rec=0.9867 Time=2.7250ms Build=744193.80ms
   [SUCCESS] Logged to Log/trial_m39_ml13_efc542_efs645_20251127_011734.log
