   [START] m=34, efc=578, efs=439
   [LOG] Log/trial_m34_efc578_efs439_20251126_073037.log
   [RUN 1/1] Executing: ./hng --m 34 --efc 578 --efs 439

============================================================
Trial: m=34, efc=578, efs=439, Run 1/1
Timestamp: 2025-11-26T07:30:37.869905
Command: ./hng --m 34 --efc 578 --efs 439
============================================================

[ERR] Loaded base from binary cache: data_o/glove/base.txt.bin
[OUT] ========== HNSW Search Test ==========
[OUT] 
[OUT] Timestamp: Wed Nov 26 07:30:37 2025
[OUT] 
[OUT] Command line arguments:
[OUT]   argv[0]: ./hng
[OUT]   argv[1]: --m
[OUT]   argv[2]: 34
[OUT]   argv[3]: --efc
[OUT]   argv[4]: 578
[OUT]   argv[5]: --efs
[OUT]   argv[6]: 439
[OUT] 
[OUT] Configuration:
[OUT]   Base file: data_o/glove/base.txt
[OUT]   Query file: data_o/glove/query.txt
[OUT]   Truth file: data_o/glove/truth.txt
[OUT]   K: 10
[OUT]   M: 34
[OUT]   Max layer: -1
[OUT]   EFC: 578
[OUT]   EFS: 439
[OUT]   Threads: -1
[OUT]   Debug: -1
[OUT] 
[OUT] HNSW parameters set.
[OUT] 
[OUT] Loading base vectors...
[OUT] ✓ Base loaded in 3880.278045 ms
[ERR] Loaded queries from binary cache: data_o/glove/query.txt.bin
[OUT] 
[OUT] Loading query vectors...
[ERR] Loaded truth from binary cache: data_o/glove/truth.txt.bin
[OUT] ✓ Queries loaded in 95.414879 ms
[OUT] 
[OUT] Loading ground truth...
[OUT] ✓ Truth loaded in 90.586519 ms
[OUT] 
[OUT] Data Summary:
[OUT]   Dimension d=100, Base vectors=1183514, Queries=10000
[OUT] 
[OUT] 
[OUT] Building HNSW index...
[OUT] [Progress] 120001/1183514 (10.1%) Time: 12021.16 ms
[OUT] [Progress] 239001/1183514 (20.2%) Time: 48037.82 ms
[OUT] [Progress] 359001/1183514 (30.3%) Time: 99083.30 ms
[OUT] [Progress] 479001/1183514 (40.5%) Time: 159629.27 ms
[OUT] [Progress] 598001/1183514 (50.5%) Time: 218670.37 ms
[OUT] [Progress] 717001/1183514 (60.6%) Time: 280701.17 ms
[OUT] [Progress] 837001/1183514 (70.7%) Time: 345735.81 ms
[OUT] [Progress] 958001/1183514 (80.9%) Time: 410267.81 ms
[OUT] [Progress] 1077001/1183514 (91.0%) Time: 481311.43 ms
[OUT] [Timing] Parallel Build: 536876.13 ms for 1183514 points.
[OUT] ✓ Index built.
[OUT]   build_time(local)=538323.002168 ms
[OUT]   build_time(internal)=536876.133624 ms
[OUT] 
[OUT] 
[OUT] Executing queries...
[OUT] 
[OUT]   Processed 1000 queries
[OUT] 
[OUT]   Processed 2000 queries
[OUT] 
[OUT]   Processed 3000 queries
[OUT] 
[OUT]   Processed 4000 queries
[OUT] 
[OUT]   Processed 5000 queries
[OUT] 
[OUT]   Processed 6000 queries
[OUT] 
[OUT]   Processed 7000 queries
[OUT] 
[OUT]   Processed 8000 queries
[OUT] 
[OUT]   Processed 9000 queries
[OUT] 
[OUT]   Processed 10000 queries
[OUT] 
[OUT] 
[OUT] ========== RESULTS ==========
[OUT] 
[OUT] Total queries: 10000
[OUT] 
[OUT] Average recall@10: 0.974300
[OUT] 
[OUT] Average query time: 1.966269 ms
[OUT] 
[OUT] Total query time: 19662.692416 ms
[OUT] 
[OUT] 
[OUT] ========== DISTANCE STATISTICS ==========
[OUT] 
[OUT] Total queries reported by index: 10000
[OUT] 
[OUT] Total distance computations: 167189693
[OUT] 
[OUT] Average distance ops per query: 16718.969300
[OUT] 
[OUT] Last query distance ops: 14713
[OUT] 
[OUT] 
[OUT] ========== PERFORMANCE SUMMARY ==========
[OUT] 
[OUT] Data loading time: 4066.279443 ms
[OUT] 
[OUT] Index build time: 536876.133624 ms
[OUT] 
[OUT] Query execution time: 19662.692416 ms
[OUT] 
[OUT] Total elapsed time: 562051.974027 ms
[OUT] 
[OUT] 
[OUT] ========== EFFICIENCY METRICS ==========
[OUT] 
[OUT] Queries per second: 508.577350
[OUT] 
[OUT] Distance ops per second: 8502889.098949
[OUT] 
[OUT] 
[OUT] ========== END OF LOG ==========
[OUT] 
[OUT] Log saved to: Log/run_20251126_073037_885.log
[OUT] 

Return Code: 0
   [PARSED] Build=536876.13ms, Query=1.9663ms, Recall=0.9743
   [RESULT] m=34 efc=578  efs=439  | Rec=0.9743 Time=1.9663ms Build=536876.13ms
   [SUCCESS] Logged to Log/trial_m34_efc578_efs439_20251126_073037.log
