   [START] m=50, ml=5, efc=772, efs=1531
[OUT] ========== HNSW Search Test ==========
[ERR] Loaded base from binary cache: data_o/glove/base.txt.bin
[OUT] 
[OUT] Timestamp: Tue Dec  2 09:24:06 2025
[OUT] 
[OUT] Command line arguments:
[OUT]   argv[0]: ./hng
[OUT]   argv[1]: --m
[OUT]   argv[2]: 50
[OUT]   argv[3]: --max_layer
[OUT]   argv[4]: 5
[OUT]   argv[5]: --efc
[OUT]   argv[6]: 772
[OUT]   argv[7]: --efs
[OUT]   argv[8]: 1531
[OUT] 
[OUT] Configuration:
[OUT]   Base file: data_o/glove/base.txt
[OUT]   Query file: data_o/glove/query.txt
[OUT]   Truth file: data_o/glove/truth.txt
[OUT]   K: 10
[OUT]   M: 50
[OUT]   Max layer: 5
[OUT]   EFC: 772
[OUT]   EFS: 1531
[OUT]   Threads: -1
[OUT]   Debug: -1
[OUT] 
[OUT] HNSW parameters set.
[OUT] 
[OUT] Loading base vectors...
[OUT] ✓ Base loaded in 3551.625728 ms
[ERR] Loaded queries from binary cache: data_o/glove/query.txt.bin
[OUT] 
[OUT] Loading query vectors...
[ERR] Loaded truth from binary cache: data_o/glove/truth.txt.bin
[OUT] ✓ Queries loaded in 82.183128 ms
[OUT] 
[OUT] Loading ground truth...
[OUT] ✓ Truth loaded in 78.805578 ms
[OUT] 
[OUT] Data Summary:
[OUT]   Dimension d=100, Base vectors=1183514, Queries=10000
[OUT] 
[OUT] 
[OUT] Building HNSW index...
[OUT] [Progress] 125001/1183514 (10.6%) Time: 21171.64 ms
[OUT] [Progress] 244001/1183514 (20.6%) Time: 105687.57 ms
[OUT] [Progress] 363001/1183514 (30.7%) Time: 205252.00 ms
[OUT] [Progress] 482001/1183514 (40.7%) Time: 333801.68 ms
[OUT] [Progress] 602001/1183514 (50.9%) Time: 459574.88 ms
[OUT] [Progress] 722001/1183514 (61.0%) Time: 601993.05 ms
[OUT] [Progress] 841001/1183514 (71.1%) Time: 742655.52 ms
[OUT] [Progress] 961001/1183514 (81.2%) Time: 884736.43 ms
[OUT] [Progress] 1080001/1183514 (91.3%) Time: 1031569.15 ms
[OUT] [Timing] Parallel Build: 1139535.90 ms for 1183514 points.
[OUT] [FlatHNSW] Converted 1183514 nodes, L0 size: 466933 KB, Upper size: 3332 KB
[OUT] [Timing] Flat Conversion: 512.35 ms
[OUT] ✓ Index built.
[OUT]   build_time(local)=1089858.976409 ms
[OUT]   build_time(internal)=1139535.900760 ms
[OUT] 
[OUT] 
[OUT] ========== GRAPH QUALITY ==========
[OUT] 
[OUT]   num_nodes: 1183514
[OUT] 
[OUT]   max_level (entry point): 3
[OUT] 
[OUT]   actual_max_layer: 3
[OUT] 
[OUT]   avg_degree_l0: 59.606098
[OUT] 
[OUT]   avg_degree_upper: 0.172904
[OUT] 
[OUT] 
[OUT]   Layer Distribution:
[OUT] 
[OUT]     L0: 1183514 nodes (100.00%)
[OUT] 
[OUT]     L1: 23518 nodes (1.99%)
[OUT] 
[OUT]     L2: 469 nodes (0.04%)
[OUT] 
[OUT]     L3: 9 nodes (0.00%)
[OUT] 
[OUT] 
[OUT] 
[OUT] Executing queries...
[OUT] 
[OUT]   Processed 1000 queries
[OUT] 
[OUT]   Processed 2000 queries
[OUT] 
[OUT]   Processed 3000 queries
[OUT] 
[OUT]   Processed 4000 queries
[OUT] 
[OUT]   Processed 5000 queries
[OUT] 
[OUT]   Processed 6000 queries
[OUT] 
[OUT]   Processed 7000 queries
[OUT] 
[OUT]   Processed 8000 queries
[OUT] 
[OUT]   Processed 9000 queries
[OUT] 
[OUT]   Processed 10000 queries
[OUT] 
[OUT] 
[OUT] ========== RESULTS ==========
[OUT] 
[OUT] Total queries: 10000
[OUT] 
[OUT] Average recall@10: 0.998400
[OUT] 
[OUT] Average query time: 4.358364 ms
[OUT] 
[OUT] Total query time: 43583.642833 ms
[OUT] 
[OUT] 
[OUT] ========== DISTANCE STATISTICS ==========
[OUT] 
[OUT] Total queries reported by index: 10000
[OUT] 
[OUT] Total distance computations: 0
[OUT] 
[OUT] Average distance ops per query: 0.000000
[OUT] 
[OUT] Last query distance ops: 0
[OUT] 
[OUT] 
[OUT] ========== PERFORMANCE SUMMARY ==========
[OUT] 
[OUT] Data loading time: 3712.614434 ms
[OUT] 
[OUT] Index build time: 1139535.900760 ms
[OUT] 
[OUT] Query execution time: 43583.642833 ms
[OUT] 
[OUT] Total elapsed time: 1137155.233676 ms
[OUT] 
[OUT] 
[OUT] ========== EFFICIENCY METRICS ==========
[OUT] 
[OUT] Queries per second: 229.443877
[OUT] 
[OUT] 
[OUT] ========== END OF LOG ==========
[OUT] 
[OUT] Log saved to: Log/run_20251202_092406_888.log
[OUT] 
   [PARSED] Rec=0.9984, Time=4.3584ms, Build=1139535.90ms
   [RESULT] Rec=0.9984 Time=4.3584ms
