   [START] m=58, ml=8, efc=455, efs=470
[OUT] ========== HNSW Search Test ==========
[OUT] 
[OUT] Timestamp: Sat Dec  6 10:56:41 2025
[OUT] 
[OUT] Command line arguments:
[OUT]   argv[0]: ./hng1
[OUT]   argv[1]: --m
[OUT]   argv[2]: 58
[OUT]   argv[3]: --max_layer
[OUT]   argv[4]: 8
[OUT]   argv[5]: --efc
[OUT]   argv[6]: 455
[OUT]   argv[7]: --efs
[OUT]   argv[8]: 470
[OUT] 
[ERR] Loaded base from binary cache: data_o/glove/base.txt.bin
[OUT] Configuration:
[OUT]   Base file: data_o/glove/base.txt
[OUT]   Query file: data_o/glove/query.txt
[OUT]   Truth file: data_o/glove/truth.txt
[OUT]   K: 10
[OUT]   M: 58
[OUT]   Max layer: 8
[OUT]   EFC: 455
[OUT]   EFS: 470
[OUT]   Threads: -1
[OUT]   Debug: -1
[OUT] 
[OUT] HNSW parameters set.
[OUT] 
[OUT] Ablation flags: csr=0, prefetch=0, simd=0, pruning=0, heap=0
[OUT] 
[OUT] Loading base vectors...
[OUT] ✓ Base loaded in 2206.770115 ms
[OUT] 
[ERR] Loaded queries from binary cache: data_o/glove/query.txt.bin
[OUT] Loading query vectors...
[OUT] ✓ Queries loaded in 77.468911 ms
[OUT] 
[OUT] Loading ground truth...
[ERR] Loaded truth from binary cache: data_o/glove/truth.txt.bin
[OUT] ✓ Truth loaded in 71.816203 ms
[OUT] 
[OUT] Data Summary:
[OUT]   Dimension d=100, Base vectors=1183514, Queries=10000
[OUT] 
[OUT] 
[OUT] Building HNSW index...
[OUT] [Cache] Loaded index from: cache/hnsw_n1183514_d100_M58_L8_efc455.idx
[OUT] [Cache] Load time: 3591.23 ms
[OUT] ✓ Index built.
[OUT]   build_time(local)=3596.860538 ms
[OUT]   build_time(internal)=3591.227577 ms
[OUT] 
[OUT] 
[OUT] ========== GRAPH QUALITY ==========
[OUT] 
[OUT]   num_nodes: 1183514
[OUT] 
[OUT]   max_level (entry point): 4
[OUT] 
[OUT]   actual_max_layer: 4
[OUT] 
[OUT]   avg_degree_l0: 49.121205
[OUT] 
[OUT]   avg_degree_upper: 0.125743
[OUT] 
[OUT] 
[OUT]   Layer Distribution:
[OUT] 
[OUT]     L0: 1183514 nodes (100.00%)
[OUT] 
[OUT]     L1: 20455 nodes (1.73%)
[OUT] 
[OUT]     L2: 380 nodes (0.03%)
[OUT] 
[OUT]     L3: 15 nodes (0.00%)
[OUT] 
[OUT]     L4: 2 nodes (0.00%)
[OUT] 
[OUT] 
[OUT] 
[OUT] Executing queries...
[OUT] 
[OUT]   Processed 1000 queries
[OUT] 
[OUT]   Processed 2000 queries
[OUT] 
[OUT]   Processed 3000 queries
[OUT] 
[OUT]   Processed 4000 queries
[OUT] 
[OUT]   Processed 5000 queries
[OUT] 
[OUT]   Processed 6000 queries
[OUT] 
[OUT]   Processed 7000 queries
[OUT] 
[OUT]   Processed 8000 queries
[OUT] 
[OUT]   Processed 9000 queries
[OUT] 
[OUT]   Processed 10000 queries
[OUT] 
[OUT] 
[OUT] ========== RESULTS ==========
[OUT] 
[OUT] Total queries: 10000
[OUT] 
[OUT] Average recall@10: 0.979550
[OUT] 
[OUT] Average query time: 1.505321 ms
[OUT] 
[OUT] Total query time: 15053.210771 ms
[OUT] 
[OUT] 
[OUT] ========== DISTANCE STATISTICS ==========
[OUT] 
[OUT] Total queries reported by index: 10000
[OUT] 
[OUT] Total distance computations: 192459075
[OUT] 
[OUT] Average distance ops per query: 19245.907500
[OUT] 
[OUT] Last query distance ops: 15535
[OUT] 
[OUT] 
[OUT] ========== PERFORMANCE SUMMARY ==========
[OUT] 
[OUT] Data loading time: 2356.055229 ms
[OUT] 
[OUT] Index build time: 3591.227577 ms
[OUT] 
[OUT] Query execution time: 15053.210771 ms
[OUT] 
[OUT] Total elapsed time: 21006.126538 ms
[OUT] 
[OUT] 
[OUT] ========== EFFICIENCY METRICS ==========
[OUT] 
[OUT] Queries per second: 664.310103
[OUT] 
[OUT] Distance ops per second: 12785250.796513
[OUT] 
[OUT] 
[OUT] ========== END OF LOG ==========
[OUT] 
[OUT] Log saved to: Log/run_20251206_105641_097.log
[OUT] 
   [RESULT] Rec=0.9796 Time=1.5053ms
