   [START] m=32, efc=870, efs=987
   [LOG] Log/trial_m32_efc870_efs987_20251126_033216.log
   [RUN 1/1] Executing: ./hng --m 32 --efc 870 --efs 987

============================================================
Trial: m=32, efc=870, efs=987, Run 1/1
Timestamp: 2025-11-26T03:32:16.523212
Command: ./hng --m 32 --efc 870 --efs 987
============================================================

[OUT] ========== HNSW Search Test ==========
[ERR] Loaded base from binary cache: data_o/glove/base.txt.bin
[OUT] 
[OUT] Timestamp: Wed Nov 26 03:32:16 2025
[OUT] 
[OUT] Command line arguments:
[OUT]   argv[0]: ./hng
[OUT]   argv[1]: --m
[OUT]   argv[2]: 32
[OUT]   argv[3]: --efc
[OUT]   argv[4]: 870
[OUT]   argv[5]: --efs
[OUT]   argv[6]: 987
[OUT] 
[OUT] Configuration:
[OUT]   Base file: data_o/glove/base.txt
[OUT]   Query file: data_o/glove/query.txt
[OUT]   Truth file: data_o/glove/truth.txt
[OUT]   K: 10
[OUT]   M: 32
[OUT]   Max layer: -1
[OUT]   EFC: 870
[OUT]   EFS: 987
[OUT]   Threads: -1
[OUT]   Debug: -1
[OUT] 
[OUT] HNSW parameters set.
[OUT] 
[OUT] Loading base vectors...
[OUT] ✓ Base loaded in 3429.733621 ms
[ERR] Loaded queries from binary cache: data_o/glove/query.txt.bin
[OUT] 
[OUT] Loading query vectors...
[OUT] ✓ Queries loaded in 86.599542 ms
[ERR] Loaded truth from binary cache: data_o/glove/truth.txt.bin
[OUT] 
[OUT] Loading ground truth...
[OUT] ✓ Truth loaded in 83.310379 ms
[OUT] 
[OUT] Data Summary:
[OUT]   Dimension d=100, Base vectors=1183514, Queries=10000
[OUT] 
[OUT] 
[OUT] Building HNSW index...
[OUT] [Progress] 121001/1183514 (10.2%) Time: 15025.70 ms
[OUT] [Progress] 241001/1183514 (20.4%) Time: 64984.94 ms
[OUT] [Progress] 360001/1183514 (30.4%) Time: 133379.18 ms
[OUT] [Progress] 480001/1183514 (40.6%) Time: 219231.19 ms
[OUT] [Progress] 599001/1183514 (50.6%) Time: 309646.94 ms
[OUT] [Progress] 718001/1183514 (60.7%) Time: 401496.52 ms
[OUT] [Progress] 837001/1183514 (70.7%) Time: 499864.87 ms
[OUT] [Progress] 958001/1183514 (80.9%) Time: 601225.01 ms
[OUT] [Progress] 1077001/1183514 (91.0%) Time: 696643.40 ms
[OUT] [Timing] Parallel Build: 775977.89 ms for 1183514 points.
[OUT] ✓ Index built.
[OUT]   build_time(local)=712821.434641 ms
[OUT]   build_time(internal)=775977.887489 ms
[OUT] 
[OUT] 
[OUT] Executing queries...
[OUT] 
[OUT]   Processed 1000 queries
[OUT] 
[OUT]   Processed 2000 queries
[OUT] 
[OUT]   Processed 3000 queries
[OUT] 
[OUT]   Processed 4000 queries
[OUT] 
[OUT]   Processed 5000 queries
[OUT] 
[OUT]   Processed 6000 queries
[OUT] 
[OUT]   Processed 7000 queries
[OUT] 
[OUT]   Processed 8000 queries
[OUT] 
[OUT]   Processed 9000 queries
[OUT] 
[OUT]   Processed 10000 queries
[OUT] 
[OUT] 
[OUT] ========== RESULTS ==========
[OUT] 
[OUT] Total queries: 10000
[OUT] 
[OUT] Average recall@10: 0.992950
[OUT] 
[OUT] Average query time: 4.272976 ms
[OUT] 
[OUT] Total query time: 42729.759599 ms
[OUT] 
[OUT] 
[OUT] ========== DISTANCE STATISTICS ==========
[OUT] 
[OUT] Total queries reported by index: 10000
[OUT] 
[OUT] Total distance computations: 351152074
[OUT] 
[OUT] Average distance ops per query: 35115.207500
[OUT] 
[OUT] Last query distance ops: 28731
[OUT] 
[OUT] 
[OUT] ========== PERFORMANCE SUMMARY ==========
[OUT] 
[OUT] Data loading time: 3599.643542 ms
[OUT] 
[OUT] Index build time: 775977.887489 ms
[OUT] 
[OUT] Query execution time: 42729.759599 ms
[OUT] 
[OUT] Total elapsed time: 759150.837782 ms
[OUT] 
[OUT] 
[OUT] ========== EFFICIENCY METRICS ==========
[OUT] 
[OUT] Queries per second: 234.028932
[OUT] 
[OUT] Distance ops per second: 8217974.505249
[OUT] 
[OUT] 
[OUT] ========== END OF LOG ==========
[OUT] 
[OUT] Log saved to: Log/run_20251126_033216_536.log
[OUT] 

Return Code: 0
   [PARSED] Build=775977.89ms, Query=4.2730ms, Recall=0.9929
   [RESULT] m=32 efc=870  efs=987  | Rec=0.9929 Time=4.2730ms Build=775977.89ms
   [SUCCESS] Logged to Log/trial_m32_efc870_efs987_20251126_033216.log
