   [START] m=40, efc=352, efs=1684
   [LOG] Log/trial_m40_efc352_efs1684_20251125_201625.log
   [RUN 1/1] Executing: ./hng --m 40 --efc 352 --efs 1684

============================================================
Trial: m=40, efc=352, efs=1684, Run 1/1
Timestamp: 2025-11-25T20:16:25.269864
Command: ./hng --m 40 --efc 352 --efs 1684
============================================================

[OUT] ========== HNSW Search Test ==========
[ERR] Loaded base from binary cache: data_o/glove/base.txt.bin
[OUT] 
[OUT] Timestamp: Tue Nov 25 20:16:25 2025
[OUT] 
[OUT] Command line arguments:
[OUT]   argv[0]: ./hng
[OUT]   argv[1]: --m
[OUT]   argv[2]: 40
[OUT]   argv[3]: --efc
[OUT]   argv[4]: 352
[OUT]   argv[5]: --efs
[OUT]   argv[6]: 1684
[OUT] 
[OUT] Configuration:
[OUT]   Base file: data_o/glove/base.txt
[OUT]   Query file: data_o/glove/query.txt
[OUT]   Truth file: data_o/glove/truth.txt
[OUT]   K: 10
[OUT]   M: 40
[OUT]   Max layer: -1
[OUT]   EFC: 352
[OUT]   EFS: 1684
[OUT]   Threads: -1
[OUT]   Debug: -1
[OUT] 
[OUT] HNSW parameters set.
[OUT] 
[OUT] Loading base vectors...
[OUT] ✓ Base loaded in 3335.804124 ms
[ERR] Loaded queries from binary cache: data_o/glove/query.txt.bin
[OUT] 
[OUT] Loading query vectors...
[OUT] ✓ Queries loaded in 68.955695 ms
[ERR] Loaded truth from binary cache: data_o/glove/truth.txt.bin
[OUT] 
[OUT] Loading ground truth...
[OUT] ✓ Truth loaded in 64.609126 ms
[OUT] 
[OUT] Data Summary:
[OUT]   Dimension d=100, Base vectors=1183514, Queries=10000
[OUT] 
[OUT] 
[OUT] Building HNSW index...
[OUT] [Progress] 128001/1183514 (10.8%) Time: 6513.72 ms
[OUT] [Progress] 249001/1183514 (21.0%) Time: 31468.50 ms
[OUT] [Progress] 370001/1183514 (31.3%) Time: 61936.25 ms
[OUT] [Progress] 494001/1183514 (41.7%) Time: 96877.85 ms
[OUT] [Progress] 617001/1183514 (52.1%) Time: 134864.37 ms
[OUT] [Progress] 736001/1183514 (62.2%) Time: 170808.27 ms
[OUT] [Progress] 857001/1183514 (72.4%) Time: 207258.56 ms
[OUT] [Progress] 977001/1183514 (82.6%) Time: 245723.99 ms
[OUT] [Progress] 1097001/1183514 (92.7%) Time: 284679.06 ms
[OUT] [Timing] Parallel Build: 305690.29 ms for 1183514 points.
[OUT] ✓ Index built.
[OUT]   build_time(local)=283059.448805 ms
[OUT]   build_time(internal)=305690.285011 ms
[OUT] 
[OUT] 
[OUT] Executing queries...
[OUT] 
[OUT]   Processed 1000 queries
[OUT] 
[OUT]   Processed 2000 queries
[OUT] 
[OUT]   Processed 3000 queries
[OUT] 
[OUT]   Processed 4000 queries
[OUT] 
[OUT]   Processed 5000 queries
[OUT] 
[OUT]   Processed 6000 queries
[OUT] 
[OUT]   Processed 7000 queries
[OUT] 
[OUT]   Processed 8000 queries
[OUT] 
[OUT]   Processed 9000 queries
[OUT] 
[OUT]   Processed 10000 queries
[OUT] 
[OUT] 
[OUT] ========== RESULTS ==========
[OUT] 
[OUT] Total queries: 10000
[OUT] 
[OUT] Average recall@10: 0.996000
[OUT] 
[OUT] Average query time: 6.510622 ms
[OUT] 
[OUT] Total query time: 65106.222167 ms
[OUT] 
[OUT] 
[OUT] ========== DISTANCE STATISTICS ==========
[OUT] 
[OUT] Total queries reported by index: 10000
[OUT] 
[OUT] Total distance computations: 500620429
[OUT] 
[OUT] Average distance ops per query: 50062.042900
[OUT] 
[OUT] Last query distance ops: 36731
[OUT] 
[OUT] 
[OUT] ========== PERFORMANCE SUMMARY ==========
[OUT] 
[OUT] Data loading time: 3469.368945 ms
[OUT] 
[OUT] Index build time: 305690.285011 ms
[OUT] 
[OUT] Query execution time: 65106.222167 ms
[OUT] 
[OUT] Total elapsed time: 351635.039917 ms
[OUT] 
[OUT] 
[OUT] ========== EFFICIENCY METRICS ==========
[OUT] 
[OUT] Queries per second: 153.595151
[OUT] 
[OUT] Distance ops per second: 7689287.019540
[OUT] 
[OUT] 
[OUT] ========== END OF LOG ==========
[OUT] 
[OUT] Log saved to: Log/run_20251125_201625_281.log
[OUT] 

Return Code: 0
   [PARSED] Build=305690.29ms, Query=6.5106ms, Recall=0.9960
   [RESULT] m=40 efc=352  efs=1684 | Rec=0.9960 Time=6.5106ms Build=305690.29ms
   [SUCCESS] Logged to Log/trial_m40_efc352_efs1684_20251125_201625.log
