   [START] m=31, ml=18, efc=457, efs=385
   [LOG] Log/trial_m31_ml18_efc457_efs385_20251128_050234.log
   [RUN 1/1] Executing: ./hng --m 31 --max_layer 18 --efc 457 --efs 385

============================================================
Trial: m=31, ml=18, efc=457, efs=385, Run 1/1
Timestamp: 2025-11-28T05:02:34.468971
Command: ./hng --m 31 --max_layer 18 --efc 457 --efs 385
============================================================

[OUT] ========== HNSW Search Test ==========
[ERR] Loaded base from binary cache: data_o/glove/base.txt.bin
[OUT] 
[OUT] Timestamp: Fri Nov 28 05:02:34 2025
[OUT] 
[OUT] Command line arguments:
[OUT]   argv[0]: ./hng
[OUT]   argv[1]: --m
[OUT]   argv[2]: 31
[OUT]   argv[3]: --max_layer
[OUT]   argv[4]: 18
[OUT]   argv[5]: --efc
[OUT]   argv[6]: 457
[OUT]   argv[7]: --efs
[OUT]   argv[8]: 385
[OUT] 
[OUT] Configuration:
[OUT]   Base file: data_o/glove/base.txt
[OUT]   Query file: data_o/glove/query.txt
[OUT]   Truth file: data_o/glove/truth.txt
[OUT]   K: 10
[OUT]   M: 31
[OUT]   Max layer: 18
[OUT]   EFC: 457
[OUT]   EFS: 385
[OUT]   Threads: -1
[OUT]   Debug: -1
[OUT] 
[OUT] HNSW parameters set.
[OUT] 
[OUT] Loading base vectors...
[OUT] ✓ Base loaded in 2255.431762 ms
[ERR] Loaded queries from binary cache: data_o/glove/query.txt.bin
[OUT] 
[OUT] Loading query vectors...
[OUT] ✓ Queries loaded in 79.108296 ms
[ERR] Loaded truth from binary cache: data_o/glove/truth.txt.bin
[OUT] 
[OUT] Loading ground truth...
[OUT] ✓ Truth loaded in 80.144071 ms
[OUT] 
[OUT] Data Summary:
[OUT]   Dimension d=100, Base vectors=1183514, Queries=10000
[OUT] 
[OUT] 
[OUT] Building HNSW index...
[OUT] [Progress] 119001/1183514 (10.1%) Time: 14521.01 ms
[OUT] [Progress] 239001/1183514 (20.2%) Time: 56692.83 ms
[OUT] [Progress] 359001/1183514 (30.3%) Time: 110869.39 ms
[OUT] [Progress] 478001/1183514 (40.4%) Time: 176088.63 ms
[OUT] [Progress] 598001/1183514 (50.5%) Time: 237314.56 ms
[OUT] [Progress] 718001/1183514 (60.7%) Time: 305493.40 ms
[OUT] [Progress] 840001/1183514 (71.0%) Time: 371772.68 ms
[OUT] [Progress] 959001/1183514 (81.0%) Time: 444959.65 ms
[OUT] [Progress] 1079001/1183514 (91.2%) Time: 515684.58 ms
[OUT] [Timing] Parallel Build: 568429.56 ms for 1183514 points.
[OUT] [FlatHNSW] Converted 1183514 nodes, L0 size: 291255 KB, Upper size: 4406 KB
[OUT] [Timing] Flat Conversion: 396.69 ms
[OUT] ✓ Index built.
[OUT]   build_time(local)=625770.525379 ms
[OUT]   build_time(internal)=568429.556919 ms
[OUT] 
[OUT] 
[OUT] ========== GRAPH QUALITY ==========
[OUT] 
[OUT]   num_nodes: 1183514
[OUT] 
[OUT]   max_level (entry point): 4
[OUT] 
[OUT]   actual_max_layer: 4
[OUT] 
[OUT]   avg_degree_l0: 43.768800
[OUT] 
[OUT]   avg_degree_upper: 0.171021
[OUT] 
[OUT] 
[OUT]   Layer Distribution:
[OUT] 
[OUT]     L0: 1183514 nodes (100.00%)
[OUT] 
[OUT]     L1: 38075 nodes (3.22%)
[OUT] 
[OUT]     L2: 1232 nodes (0.10%)
[OUT] 
[OUT]     L3: 44 nodes (0.00%)
[OUT] 
[OUT]     L4: 1 nodes (0.00%)
[OUT] 
[OUT] 
[OUT] 
[OUT] Executing queries...
[OUT] 
[OUT]   Processed 1000 queries
[OUT] 
[OUT]   Processed 2000 queries
[OUT] 
[OUT]   Processed 3000 queries
[OUT] 
[OUT]   Processed 4000 queries
[OUT] 
[OUT]   Processed 5000 queries
[OUT] 
[OUT]   Processed 6000 queries
[OUT] 
[OUT]   Processed 7000 queries
[OUT] 
[OUT]   Processed 8000 queries
[OUT] 
[OUT]   Processed 9000 queries
[OUT] 
[OUT]   Processed 10000 queries
[OUT] 
[OUT] 
[OUT] ========== RESULTS ==========
[OUT] 
[OUT] Total queries: 10000
[OUT] 
[OUT] Average recall@10: 0.964460
[OUT] 
[OUT] Average query time: 1.579867 ms
[OUT] 
[OUT] Total query time: 15798.669341 ms
[OUT] 
[OUT] 
[OUT] ========== DISTANCE STATISTICS ==========
[OUT] 
[OUT] Total queries reported by index: 10000
[OUT] 
[OUT] Total distance computations: 134441102
[OUT] 
[OUT] Average distance ops per query: 13444.110200
[OUT] 
[OUT] Last query distance ops: 12023
[OUT] 
[OUT] 
[OUT] ========== PERFORMANCE SUMMARY ==========
[OUT] 
[OUT] Data loading time: 2414.684129 ms
[OUT] 
[OUT] Index build time: 568429.556919 ms
[OUT] 
[OUT] Query execution time: 15798.669341 ms
[OUT] 
[OUT] Total elapsed time: 643983.878849 ms
[OUT] 
[OUT] 
[OUT] ========== EFFICIENCY METRICS ==========
[OUT] 
[OUT] Queries per second: 632.964700
[OUT] 
[OUT] Distance ops per second: 8509647.179659
[OUT] 
[OUT] 
[OUT] ========== END OF LOG ==========
[OUT] 
[OUT] Log saved to: Log/run_20251128_050234_481.log
[OUT] 

Return Code: 0
   [PARSED] Build=568429.56ms, Query=1.5799ms, Recall=0.9645
   [RESULT] m=31 ml=18 efc=457  efs=385  | Rec=0.9645 Time=1.5799ms Build=568429.56ms
   [SUCCESS] Logged to Log/trial_m31_ml18_efc457_efs385_20251128_050234.log
