   [START] m=40, efc=563, efs=135
   [LOG] Log/trial_m40_efc563_efs135_20251126_060333.log
   [RUN 1/1] Executing: ./hng --m 40 --efc 563 --efs 135

============================================================
Trial: m=40, efc=563, efs=135, Run 1/1
Timestamp: 2025-11-26T06:03:33.750232
Command: ./hng --m 40 --efc 563 --efs 135
============================================================

[OUT] ========== HNSW Search Test ==========
[ERR] Loaded base from binary cache: data_o/glove/base.txt.bin
[OUT] 
[OUT] Timestamp: Wed Nov 26 06:03:33 2025
[OUT] 
[OUT] Command line arguments:
[OUT]   argv[0]: ./hng
[OUT]   argv[1]: --m
[OUT]   argv[2]: 40
[OUT]   argv[3]: --efc
[OUT]   argv[4]: 563
[OUT]   argv[5]: --efs
[OUT]   argv[6]: 135
[OUT] 
[OUT] Configuration:
[OUT]   Base file: data_o/glove/base.txt
[OUT]   Query file: data_o/glove/query.txt
[OUT]   Truth file: data_o/glove/truth.txt
[OUT]   K: 10
[OUT]   M: 40
[OUT]   Max layer: -1
[OUT]   EFC: 563
[OUT]   EFS: 135
[OUT]   Threads: -1
[OUT]   Debug: -1
[OUT] 
[OUT] HNSW parameters set.
[OUT] 
[OUT] Loading base vectors...
[OUT] ✓ Base loaded in 3840.933211 ms
[ERR] Loaded queries from binary cache: data_o/glove/query.txt.bin
[OUT] 
[OUT] Loading query vectors...
[OUT] ✓ Queries loaded in 95.595625 ms
[ERR] Loaded truth from binary cache: data_o/glove/truth.txt.bin
[OUT] 
[OUT] Loading ground truth...
[OUT] ✓ Truth loaded in 92.668574 ms
[OUT] 
[OUT] Data Summary:
[OUT]   Dimension d=100, Base vectors=1183514, Queries=10000
[OUT] 
[OUT] 
[OUT] Building HNSW index...
[OUT] [Progress] 120001/1183514 (10.1%) Time: 12017.00 ms
[OUT] [Progress] 239001/1183514 (20.2%) Time: 51037.19 ms
[OUT] [Progress] 358001/1183514 (30.2%) Time: 103563.51 ms
[OUT] [Progress] 478001/1183514 (40.4%) Time: 168111.08 ms
[OUT] [Progress] 597001/1183514 (50.4%) Time: 228145.98 ms
[OUT] [Progress] 717001/1183514 (60.6%) Time: 293192.87 ms
[OUT] [Progress] 836001/1183514 (70.6%) Time: 357737.52 ms
[OUT] [Progress] 955001/1183514 (80.7%) Time: 424775.67 ms
[OUT] [Progress] 1075001/1183514 (90.8%) Time: 501840.97 ms
[OUT] [Timing] Parallel Build: 557372.05 ms for 1183514 points.
[OUT] ✓ Index built.
[OUT]   build_time(local)=558479.107928 ms
[OUT]   build_time(internal)=557372.048806 ms
[OUT] 
[OUT] 
[OUT] Executing queries...
[OUT] 
[OUT]   Processed 1000 queries
[OUT] 
[OUT]   Processed 2000 queries
[OUT] 
[OUT]   Processed 3000 queries
[OUT] 
[OUT]   Processed 4000 queries
[OUT] 
[OUT]   Processed 5000 queries
[OUT] 
[OUT]   Processed 6000 queries
[OUT] 
[OUT]   Processed 7000 queries
[OUT] 
[OUT]   Processed 8000 queries
[OUT] 
[OUT]   Processed 9000 queries
[OUT] 
[OUT]   Processed 10000 queries
[OUT] 
[OUT] 
[OUT] ========== RESULTS ==========
[OUT] 
[OUT] Total queries: 10000
[OUT] 
[OUT] Average recall@10: 0.916410
[OUT] 
[OUT] Average query time: 0.651821 ms
[OUT] 
[OUT] Total query time: 6518.208863 ms
[OUT] 
[OUT] 
[OUT] ========== DISTANCE STATISTICS ==========
[OUT] 
[OUT] Total queries reported by index: 10000
[OUT] 
[OUT] Total distance computations: 63668476
[OUT] 
[OUT] Average distance ops per query: 6366.847600
[OUT] 
[OUT] Last query distance ops: 5933
[OUT] 
[OUT] 
[OUT] ========== PERFORMANCE SUMMARY ==========
[OUT] 
[OUT] Data loading time: 4029.197410 ms
[OUT] 
[OUT] Index build time: 557372.048806 ms
[OUT] 
[OUT] Query execution time: 6518.208863 ms
[OUT] 
[OUT] Total elapsed time: 569026.514201 ms
[OUT] 
[OUT] 
[OUT] ========== EFFICIENCY METRICS ==========
[OUT] 
[OUT] Queries per second: 1534.163788
[OUT] 
[OUT] Distance ops per second: 9767787.031405
[OUT] 
[OUT] 
[OUT] ========== END OF LOG ==========
[OUT] 
[OUT] Log saved to: Log/run_20251126_060333_765.log
[OUT] 

Return Code: 0
   [PARSED] Build=557372.05ms, Query=0.6518ms, Recall=0.9164
   [RESULT] m=40 efc=563  efs=135  | Rec=0.9164 Time=0.6518ms Build=557372.05ms
   [SUCCESS] Logged to Log/trial_m40_efc563_efs135_20251126_060333.log
