   [START] m=54, efc=828, efs=811
   [LOG] Log/trial_m54_efc828_efs811_20251125_204952.log
   [RUN 1/1] Executing: ./hng --m 54 --efc 828 --efs 811

============================================================
Trial: m=54, efc=828, efs=811, Run 1/1
Timestamp: 2025-11-25T20:49:52.405676
Command: ./hng --m 54 --efc 828 --efs 811
============================================================

[OUT] ========== HNSW Search Test ==========
[ERR] Loaded base from binary cache: data_o/glove/base.txt.bin
[OUT] 
[OUT] Timestamp: Tue Nov 25 20:49:52 2025
[OUT] 
[OUT] Command line arguments:
[OUT]   argv[0]: ./hng
[OUT]   argv[1]: --m
[OUT]   argv[2]: 54
[OUT]   argv[3]: --efc
[OUT]   argv[4]: 828
[OUT]   argv[5]: --efs
[OUT]   argv[6]: 811
[OUT] 
[OUT] Configuration:
[OUT]   Base file: data_o/glove/base.txt
[OUT]   Query file: data_o/glove/query.txt
[OUT]   Truth file: data_o/glove/truth.txt
[OUT]   K: 10
[OUT]   M: 54
[OUT]   Max layer: -1
[OUT]   EFC: 828
[OUT]   EFS: 811
[OUT]   Threads: -1
[OUT]   Debug: -1
[OUT] 
[OUT] HNSW parameters set.
[OUT] 
[OUT] Loading base vectors...
[ERR] Loaded queries from binary cache: data_o/glove/query.txt.bin
[OUT] ✓ Base loaded in 3522.380910 ms
[OUT] 
[OUT] Loading query vectors...
[OUT] ✓ Queries loaded in 79.981252 ms
[ERR] Loaded truth from binary cache: data_o/glove/truth.txt.bin
[OUT] 
[OUT] Loading ground truth...
[OUT] ✓ Truth loaded in 78.458181 ms
[OUT] 
[OUT] Data Summary:
[OUT]   Dimension d=100, Base vectors=1183514, Queries=10000
[OUT] 
[OUT] 
[OUT] Building HNSW index...
[OUT] [Progress] 125001/1183514 (10.6%) Time: 16014.16 ms
[OUT] [Progress] 247001/1183514 (20.9%) Time: 79432.54 ms
[OUT] [Progress] 369001/1183514 (31.2%) Time: 170770.98 ms
[OUT] [Progress] 489001/1183514 (41.3%) Time: 276645.85 ms
[OUT] [Progress] 608001/1183514 (51.4%) Time: 390008.05 ms
[OUT] [Progress] 727001/1183514 (61.4%) Time: 507870.48 ms
[OUT] [Progress] 846001/1183514 (71.5%) Time: 631703.97 ms
[OUT] [Progress] 965001/1183514 (81.5%) Time: 760104.77 ms
[OUT] [Progress] 1085001/1183514 (91.7%) Time: 888399.35 ms
[OUT] [Timing] Parallel Build: 984745.08 ms for 1183514 points.
[OUT] ✓ Index built.
[OUT]   build_time(local)=903553.884297 ms
[OUT]   build_time(internal)=984745.075075 ms
[OUT] 
[OUT] 
[OUT] Executing queries...
[OUT] 
[OUT]   Processed 1000 queries
[OUT] 
[OUT]   Processed 2000 queries
[OUT] 
[OUT]   Processed 3000 queries
[OUT] 
[OUT]   Processed 4000 queries
[OUT] 
[OUT]   Processed 5000 queries
[OUT] 
[OUT]   Processed 6000 queries
[OUT] 
[OUT]   Processed 7000 queries
[OUT] 
[OUT]   Processed 8000 queries
[OUT] 
[OUT]   Processed 9000 queries
[OUT] 
[OUT]   Processed 10000 queries
[OUT] 
[OUT] 
[OUT] ========== RESULTS ==========
[OUT] 
[OUT] Total queries: 10000
[OUT] 
[OUT] Average recall@10: 0.994850
[OUT] 
[OUT] Average query time: 3.973704 ms
[OUT] 
[OUT] Total query time: 39737.035637 ms
[OUT] 
[OUT] 
[OUT] ========== DISTANCE STATISTICS ==========
[OUT] 
[OUT] Total queries reported by index: 10000
[OUT] 
[OUT] Total distance computations: 375708827
[OUT] 
[OUT] Average distance ops per query: 37570.882700
[OUT] 
[OUT] Last query distance ops: 27993
[OUT] 
[OUT] 
[OUT] ========== PERFORMANCE SUMMARY ==========
[OUT] 
[OUT] Data loading time: 3680.820343 ms
[OUT] 
[OUT] Index build time: 984745.075075 ms
[OUT] 
[OUT] Query execution time: 39737.035637 ms
[OUT] 
[OUT] Total elapsed time: 946971.740277 ms
[OUT] 
[OUT] 
[OUT] ========== EFFICIENCY METRICS ==========
[OUT] 
[OUT] Queries per second: 251.654403
[OUT] 
[OUT] Distance ops per second: 9454878.074754
[OUT] 
[OUT] 
[OUT] ========== END OF LOG ==========
[OUT] 
[OUT] Log saved to: Log/run_20251125_204952_418.log
[OUT] 

Return Code: 0
   [PARSED] Build=984745.08ms, Query=3.9737ms, Recall=0.9949
   [RESULT] m=54 efc=828  efs=811  | Rec=0.9949 Time=3.9737ms Build=984745.08ms
   [SUCCESS] Logged to Log/trial_m54_efc828_efs811_20251125_204952.log
