   [START] m=48, ml=14, efc=778, efs=537
   [LOG] Log/trial_m48_ml14_efc778_efs537_20251127_135013.log
   [RUN 1/1] Executing: ./hng --m 48 --max_layer 14 --efc 778 --efs 537

============================================================
Trial: m=48, ml=14, efc=778, efs=537, Run 1/1
Timestamp: 2025-11-27T13:50:13.567880
Command: ./hng --m 48 --max_layer 14 --efc 778 --efs 537
============================================================

[OUT] ========== HNSW Search Test ==========
[ERR] Loaded base from binary cache: data_o/glove/base.txt.bin
[OUT] 
[OUT] Timestamp: Thu Nov 27 13:50:13 2025
[OUT] 
[OUT] Command line arguments:
[OUT]   argv[0]: ./hng
[OUT]   argv[1]: --m
[OUT]   argv[2]: 48
[OUT]   argv[3]: --max_layer
[OUT]   argv[4]: 14
[OUT]   argv[5]: --efc
[OUT]   argv[6]: 778
[OUT]   argv[7]: --efs
[OUT]   argv[8]: 537
[OUT] 
[OUT] Configuration:
[OUT]   Base file: data_o/glove/base.txt
[OUT]   Query file: data_o/glove/query.txt
[OUT]   Truth file: data_o/glove/truth.txt
[OUT]   K: 10
[OUT]   M: 48
[OUT]   Max layer: 14
[OUT]   EFC: 778
[OUT]   EFS: 537
[OUT]   Threads: -1
[OUT]   Debug: -1
[OUT] 
[OUT] HNSW parameters set.
[OUT] 
[OUT] Loading base vectors...
[OUT] ✓ Base loaded in 2421.715982 ms
[ERR] Loaded queries from binary cache: data_o/glove/query.txt.bin
[OUT] 
[OUT] Loading query vectors...
[OUT] ✓ Queries loaded in 67.137759 ms
[ERR] Loaded truth from binary cache: data_o/glove/truth.txt.bin
[OUT] 
[OUT] Loading ground truth...
[OUT] ✓ Truth loaded in 64.101235 ms
[OUT] 
[OUT] Data Summary:
[OUT]   Dimension d=100, Base vectors=1183514, Queries=10000
[OUT] 
[OUT] 
[OUT] Building HNSW index...
[OUT] [Progress] 123001/1183514 (10.4%) Time: 25026.66 ms
[OUT] [Progress] 242001/1183514 (20.4%) Time: 114354.83 ms
[OUT] [Progress] 361001/1183514 (30.5%) Time: 232145.94 ms
[OUT] [Progress] 480001/1183514 (40.6%) Time: 356113.71 ms
[OUT] [Progress] 599001/1183514 (50.6%) Time: 491871.84 ms
[OUT] [Progress] 720001/1183514 (60.8%) Time: 635333.56 ms
[OUT] [Progress] 839001/1183514 (70.9%) Time: 783826.36 ms
[OUT] [Progress] 958001/1183514 (80.9%) Time: 932623.92 ms
[OUT] [Progress] 1077001/1183514 (91.0%) Time: 1085288.46 ms
[OUT] [Timing] Parallel Build: 1203588.75 ms for 1183514 points.
[OUT] [FlatHNSW] Converted 1183514 nodes, L0 size: 448440 KB, Upper size: 3476 KB
[OUT] [Timing] Flat Conversion: 643.91 ms
[OUT] ✓ Index built.
[OUT]   build_time(local)=1276662.212471 ms
[OUT]   build_time(internal)=1203588.746338 ms
[OUT] 
[OUT] 
[OUT] ========== GRAPH QUALITY ==========
[OUT] 
[OUT]   num_nodes: 1183514
[OUT] 
[OUT]   max_level (entry point): 3
[OUT] 
[OUT]   actual_max_layer: 3
[OUT] 
[OUT]   avg_degree_l0: 59.338751
[OUT] 
[OUT]   avg_degree_upper: 0.164402
[OUT] 
[OUT] 
[OUT]   Layer Distribution:
[OUT] 
[OUT]     L0: 1183514 nodes (100.00%)
[OUT] 
[OUT]     L1: 24637 nodes (2.08%)
[OUT] 
[OUT]     L2: 526 nodes (0.04%)
[OUT] 
[OUT]     L3: 7 nodes (0.00%)
[OUT] 
[OUT] 
[OUT] 
[OUT] Executing queries...
[OUT] 
[OUT]   Processed 1000 queries
[OUT] 
[OUT]   Processed 2000 queries
[OUT] 
[OUT]   Processed 3000 queries
[OUT] 
[OUT]   Processed 4000 queries
[OUT] 
[OUT]   Processed 5000 queries
[OUT] 
[OUT]   Processed 6000 queries
[OUT] 
[OUT]   Processed 7000 queries
[OUT] 
[OUT]   Processed 8000 queries
[OUT] 
[OUT]   Processed 9000 queries
[OUT] 
[OUT]   Processed 10000 queries
[OUT] 
[OUT] 
[OUT] ========== RESULTS ==========
[OUT] 
[OUT] Total queries: 10000
[OUT] 
[OUT] Average recall@10: 0.987530
[OUT] 
[OUT] Average query time: 2.617473 ms
[OUT] 
[OUT] Total query time: 26174.726068 ms
[OUT] 
[OUT] 
[OUT] ========== DISTANCE STATISTICS ==========
[OUT] 
[OUT] Total queries reported by index: 10000
[OUT] 
[OUT] Total distance computations: 249698182
[OUT] 
[OUT] Average distance ops per query: 24969.818200
[OUT] 
[OUT] Last query distance ops: 19869
[OUT] 
[OUT] 
[OUT] ========== PERFORMANCE SUMMARY ==========
[OUT] 
[OUT] Data loading time: 2552.954976 ms
[OUT] 
[OUT] Index build time: 1203588.746338 ms
[OUT] 
[OUT] Query execution time: 26174.726068 ms
[OUT] 
[OUT] Total elapsed time: 1305389.893515 ms
[OUT] 
[OUT] 
[OUT] ========== EFFICIENCY METRICS ==========
[OUT] 
[OUT] Queries per second: 382.047933
[OUT] 
[OUT] Distance ops per second: 9539667.439166
[OUT] 
[OUT] 
[OUT] ========== END OF LOG ==========
[OUT] 
[OUT] Log saved to: Log/run_20251127_135013_572.log
[OUT] 

Return Code: 0
   [PARSED] Build=1203588.75ms, Query=2.6175ms, Recall=0.9875
   [RESULT] m=48 ml=14 efc=778  efs=537  | Rec=0.9875 Time=2.6175ms Build=1203588.75ms
   [SUCCESS] Logged to Log/trial_m48_ml14_efc778_efs537_20251127_135013.log
