   [START] m=45, efc=454, efs=578
   [LOG] Log/trial_m45_efc454_efs578_20251126_061743.log
   [RUN 1/1] Executing: ./hng --m 45 --efc 454 --efs 578

============================================================
Trial: m=45, efc=454, efs=578, Run 1/1
Timestamp: 2025-11-26T06:17:43.397283
Command: ./hng --m 45 --efc 454 --efs 578
============================================================

[OUT] ========== HNSW Search Test ==========
[ERR] Loaded base from binary cache: data_o/glove/base.txt.bin
[OUT] 
[OUT] Timestamp: Wed Nov 26 06:17:43 2025
[OUT] 
[OUT] Command line arguments:
[OUT]   argv[0]: ./hng
[OUT]   argv[1]: --m
[OUT]   argv[2]: 45
[OUT]   argv[3]: --efc
[OUT]   argv[4]: 454
[OUT]   argv[5]: --efs
[OUT]   argv[6]: 578
[OUT] 
[OUT] Configuration:
[OUT]   Base file: data_o/glove/base.txt
[OUT]   Query file: data_o/glove/query.txt
[OUT]   Truth file: data_o/glove/truth.txt
[OUT]   K: 10
[OUT]   M: 45
[OUT]   Max layer: -1
[OUT]   EFC: 454
[OUT]   EFS: 578
[OUT]   Threads: -1
[OUT]   Debug: -1
[OUT] 
[OUT] HNSW parameters set.
[OUT] 
[OUT] Loading base vectors...
[OUT] ✓ Base loaded in 2114.783445 ms
[ERR] Loaded queries from binary cache: data_o/glove/query.txt.bin
[OUT] 
[OUT] Loading query vectors...
[OUT] ✓ Queries loaded in 71.297236 ms
[ERR] Loaded truth from binary cache: data_o/glove/truth.txt.bin
[OUT] 
[OUT] Loading ground truth...
[OUT] ✓ Truth loaded in 71.666023 ms
[OUT] 
[OUT] Data Summary:
[OUT]   Dimension d=100, Base vectors=1183514, Queries=10000
[OUT] 
[OUT] 
[OUT] Building HNSW index...
[OUT] [Progress] 120001/1183514 (10.1%) Time: 11011.34 ms
[OUT] [Progress] 239001/1183514 (20.2%) Time: 44040.06 ms
[OUT] [Progress] 361001/1183514 (30.5%) Time: 85570.91 ms
[OUT] [Progress] 481001/1183514 (40.6%) Time: 135595.85 ms
[OUT] [Progress] 600001/1183514 (50.7%) Time: 186618.90 ms
[OUT] [Progress] 720001/1183514 (60.8%) Time: 241156.77 ms
[OUT] [Progress] 839001/1183514 (70.9%) Time: 292688.63 ms
[OUT] [Progress] 960001/1183514 (81.1%) Time: 355246.18 ms
[OUT] [Progress] 1080001/1183514 (91.3%) Time: 413818.10 ms
[OUT] [Timing] Parallel Build: 454851.12 ms for 1183514 points.
[OUT] ✓ Index built.
[OUT]   build_time(local)=455593.971546 ms
[OUT]   build_time(internal)=454851.124950 ms
[OUT] 
[OUT] 
[OUT] Executing queries...
[OUT] 
[OUT]   Processed 1000 queries
[OUT] 
[OUT]   Processed 2000 queries
[OUT] 
[OUT]   Processed 3000 queries
[OUT] 
[OUT]   Processed 4000 queries
[OUT] 
[OUT]   Processed 5000 queries
[OUT] 
[OUT]   Processed 6000 queries
[OUT] 
[OUT]   Processed 7000 queries
[OUT] 
[OUT]   Processed 8000 queries
[OUT] 
[OUT]   Processed 9000 queries
[OUT] 
[OUT]   Processed 10000 queries
[OUT] 
[OUT] 
[OUT] ========== RESULTS ==========
[OUT] 
[OUT] Total queries: 10000
[OUT] 
[OUT] Average recall@10: 0.984020
[OUT] 
[OUT] Average query time: 2.643465 ms
[OUT] 
[OUT] Total query time: 26434.646770 ms
[OUT] 
[OUT] 
[OUT] ========== DISTANCE STATISTICS ==========
[OUT] 
[OUT] Total queries reported by index: 10000
[OUT] 
[OUT] Total distance computations: 222264067
[OUT] 
[OUT] Average distance ops per query: 22226.406700
[OUT] 
[OUT] Last query distance ops: 17813
[OUT] 
[OUT] 
[OUT] ========== PERFORMANCE SUMMARY ==========
[OUT] 
[OUT] Data loading time: 2257.746704 ms
[OUT] 
[OUT] Index build time: 454851.124950 ms
[OUT] 
[OUT] Query execution time: 26434.646770 ms
[OUT] 
[OUT] Total elapsed time: 484286.365020 ms
[OUT] 
[OUT] 
[OUT] ========== EFFICIENCY METRICS ==========
[OUT] 
[OUT] Queries per second: 378.291418
[OUT] 
[OUT] Distance ops per second: 8408058.898379
[OUT] 
[OUT] 
[OUT] ========== END OF LOG ==========
[OUT] 
[OUT] Log saved to: Log/run_20251126_061743_402.log
[OUT] 

Return Code: 0
   [PARSED] Build=454851.12ms, Query=2.6435ms, Recall=0.9840
   [RESULT] m=45 efc=454  efs=578  | Rec=0.9840 Time=2.6435ms Build=454851.12ms
   [SUCCESS] Logged to Log/trial_m45_efc454_efs578_20251126_061743.log
