   [START] m=37, efc=825, efs=1358
   [LOG] Log/trial_m37_efc825_efs1358_20251126_175851.log
   [RUN 1/1] Executing: ./hng --m 37 --efc 825 --efs 1358

============================================================
Trial: m=37, efc=825, efs=1358, Run 1/1
Timestamp: 2025-11-26T17:58:51.880909
Command: ./hng --m 37 --efc 825 --efs 1358
============================================================

[OUT] ========== HNSW Search Test ==========
[ERR] Loaded base from binary cache: data_o/glove/base.txt.bin
[OUT] 
[OUT] Timestamp: Wed Nov 26 17:58:51 2025
[OUT] 
[OUT] Command line arguments:
[OUT]   argv[0]: ./hng
[OUT]   argv[1]: --m
[OUT]   argv[2]: 37
[OUT]   argv[3]: --efc
[OUT]   argv[4]: 825
[OUT]   argv[5]: --efs
[OUT]   argv[6]: 1358
[OUT] 
[OUT] Configuration:
[OUT]   Base file: data_o/glove/base.txt
[OUT]   Query file: data_o/glove/query.txt
[OUT]   Truth file: data_o/glove/truth.txt
[OUT]   K: 10
[OUT]   M: 37
[OUT]   Max layer: -1
[OUT]   EFC: 825
[OUT]   EFS: 1358
[OUT]   Threads: -1
[OUT]   Debug: -1
[OUT] 
[OUT] HNSW parameters set.
[OUT] 
[OUT] Loading base vectors...
[OUT] ✓ Base loaded in 2030.439082 ms
[ERR] Loaded queries from binary cache: data_o/glove/query.txt.bin
[OUT] 
[OUT] Loading query vectors...
[OUT] ✓ Queries loaded in 66.034005 ms
[ERR] Loaded truth from binary cache: data_o/glove/truth.txt.bin
[OUT] 
[OUT] Loading ground truth...
[OUT] ✓ Truth loaded in 65.050243 ms
[OUT] 
[OUT] Data Summary:
[OUT]   Dimension d=100, Base vectors=1183514, Queries=10000
[OUT] 
[OUT] 
[OUT] Building HNSW index...
[OUT] ✓ Index built.
[OUT]   build_time(local)=1117386.351248 ms
[OUT]   build_time(internal)=1083657.530047 ms
[OUT] 
[OUT] 
[OUT] Executing queries...
[OUT] 
[OUT]   Processed 1000 queries
[OUT] 
[OUT]   Processed 2000 queries
[OUT] 
[OUT]   Processed 3000 queries
[OUT] 
[OUT]   Processed 4000 queries
[OUT] 
[OUT]   Processed 5000 queries
[OUT] 
[OUT]   Processed 6000 queries
[OUT] 
[OUT]   Processed 7000 queries
[OUT] 
[OUT]   Processed 8000 queries
[OUT] 
[OUT]   Processed 9000 queries
[OUT] 
[OUT]   Processed 10000 queries
[OUT] 
[OUT] 
[OUT] ========== RESULTS ==========
[OUT] 
[OUT] Total queries: 10000
[OUT] 
[OUT] Average recall@10: 0.997130
[OUT] 
[OUT] Average query time: 5.608686 ms
[OUT] 
[OUT] Total query time: 56086.856129 ms
[OUT] 
[OUT] 
[OUT] ========== DISTANCE STATISTICS ==========
[OUT] 
[OUT] Total queries reported by index: 10000
[OUT] 
[OUT] Total distance computations: 504457581
[OUT] 
[OUT] Average distance ops per query: 50445.758200
[OUT] 
[OUT] Last query distance ops: 39243
[OUT] 
[OUT] 
[OUT] ========== PERFORMANCE SUMMARY ==========
[OUT] 
[OUT] Data loading time: 2161.523330 ms
[OUT] 
[OUT] Index build time: 1083657.530047 ms
[OUT] 
[OUT] Query execution time: 56086.856129 ms
[OUT] 
[OUT] Total elapsed time: 1175634.730707 ms
[OUT] 
[OUT] 
[OUT] ========== EFFICIENCY METRICS ==========
[OUT] 
[OUT] Queries per second: 178.294893
[OUT] 
[OUT] Distance ops per second: 8994221.049576
[OUT] 
[OUT] 
[OUT] ========== END OF LOG ==========
[OUT] 
[OUT] Log saved to: Log/run_20251126_175851_885.log
[OUT] 

Return Code: 0
   [PARSED] Build=1083657.53ms, Query=5.6087ms, Recall=0.9971
   [RESULT] m=37 efc=825  efs=1358 | Rec=0.9971 Time=5.6087ms Build=1083657.53ms
   [SUCCESS] Logged to Log/trial_m37_efc825_efs1358_20251126_175851.log
