   [START] m=27, efc=389, efs=175
   [LOG] Log/trial_m27_efc389_efs175_20251126_014156.log
   [RUN 1/1] Executing: ./hng --m 27 --efc 389 --efs 175

============================================================
Trial: m=27, efc=389, efs=175, Run 1/1
Timestamp: 2025-11-26T01:41:56.423933
Command: ./hng --m 27 --efc 389 --efs 175
============================================================

[OUT] ========== HNSW Search Test ==========
[OUT] 
[ERR] Loaded base from binary cache: data_o/glove/base.txt.bin
[OUT] Timestamp: Wed Nov 26 01:41:56 2025
[OUT] 
[OUT] Command line arguments:
[OUT]   argv[0]: ./hng
[OUT]   argv[1]: --m
[OUT]   argv[2]: 27
[OUT]   argv[3]: --efc
[OUT]   argv[4]: 389
[OUT]   argv[5]: --efs
[OUT]   argv[6]: 175
[OUT] 
[OUT] Configuration:
[OUT]   Base file: data_o/glove/base.txt
[OUT]   Query file: data_o/glove/query.txt
[OUT]   Truth file: data_o/glove/truth.txt
[OUT]   K: 10
[OUT]   M: 27
[OUT]   Max layer: -1
[OUT]   EFC: 389
[OUT]   EFS: 175
[OUT]   Threads: -1
[OUT]   Debug: -1
[OUT] 
[OUT] HNSW parameters set.
[OUT] 
[OUT] Loading base vectors...
[OUT] ✓ Base loaded in 3454.067893 ms
[ERR] Loaded queries from binary cache: data_o/glove/query.txt.bin
[OUT] 
[OUT] Loading query vectors...
[OUT] ✓ Queries loaded in 74.055159 ms
[OUT] 
[ERR] Loaded truth from binary cache: data_o/glove/truth.txt.bin
[OUT] Loading ground truth...
[OUT] ✓ Truth loaded in 67.473856 ms
[OUT] 
[OUT] Data Summary:
[OUT]   Dimension d=100, Base vectors=1183514, Queries=10000
[OUT] 
[OUT] 
[OUT] Building HNSW index...
[OUT] [Progress] 119001/1183514 (10.1%) Time: 9450.87 ms
[OUT] [Progress] 238001/1183514 (20.1%) Time: 26958.25 ms
[OUT] [Progress] 360001/1183514 (30.4%) Time: 54908.40 ms
[OUT] [Progress] 480001/1183514 (40.6%) Time: 85347.90 ms
[OUT] [Progress] 599001/1183514 (50.6%) Time: 119801.94 ms
[OUT] [Progress] 718001/1183514 (60.7%) Time: 153771.42 ms
[OUT] [Progress] 837001/1183514 (70.7%) Time: 188714.43 ms
[OUT] [Progress] 956001/1183514 (80.8%) Time: 223657.59 ms
[OUT] [Progress] 1077001/1183514 (91.0%) Time: 260635.45 ms
[OUT] [Timing] Parallel Build: 289565.76 ms for 1183514 points.
[OUT] ✓ Index built.
[OUT]   build_time(local)=264206.791370 ms
[OUT]   build_time(internal)=289565.761414 ms
[OUT] 
[OUT] 
[OUT] Executing queries...
[OUT] 
[OUT]   Processed 1000 queries
[OUT] 
[OUT]   Processed 2000 queries
[OUT] 
[OUT]   Processed 3000 queries
[OUT] 
[OUT]   Processed 4000 queries
[OUT] 
[OUT]   Processed 5000 queries
[OUT] 
[OUT]   Processed 6000 queries
[OUT] 
[OUT]   Processed 7000 queries
[OUT] 
[OUT]   Processed 8000 queries
[OUT] 
[OUT]   Processed 9000 queries
[OUT] 
[OUT]   Processed 10000 queries
[OUT] 
[OUT] 
[OUT] ========== RESULTS ==========
[OUT] 
[OUT] Total queries: 10000
[OUT] 
[OUT] Average recall@10: 0.913520
[OUT] 
[OUT] Average query time: 0.623084 ms
[OUT] 
[OUT] Total query time: 6230.837135 ms
[OUT] 
[OUT] 
[OUT] ========== DISTANCE STATISTICS ==========
[OUT] 
[OUT] Total queries reported by index: 10000
[OUT] 
[OUT] Total distance computations: 60128801
[OUT] 
[OUT] Average distance ops per query: 6012.880200
[OUT] 
[OUT] Last query distance ops: 5928
[OUT] 
[OUT] 
[OUT] ========== PERFORMANCE SUMMARY ==========
[OUT] 
[OUT] Data loading time: 3595.596908 ms
[OUT] 
[OUT] Index build time: 289565.761414 ms
[OUT] 
[OUT] Query execution time: 6230.837135 ms
[OUT] 
[OUT] Total elapsed time: 274033.225413 ms
[OUT] 
[OUT] 
[OUT] ========== EFFICIENCY METRICS ==========
[OUT] 
[OUT] Queries per second: 1604.920781
[OUT] 
[OUT] Distance ops per second: 9650196.385690
[OUT] 
[OUT] 
[OUT] ========== END OF LOG ==========
[OUT] 
[OUT] Log saved to: Log/run_20251126_014156_436.log
[OUT] 

Return Code: 0
   [PARSED] Build=289565.76ms, Query=0.6231ms, Recall=0.9135
   [RESULT] m=27 efc=389  efs=175  | Rec=0.9135 Time=0.6231ms Build=289565.76ms
   [SUCCESS] Logged to Log/trial_m27_efc389_efs175_20251126_014156.log
