   [START] m=44, efc=647, efs=977
   [LOG] Log/trial_m44_efc647_efs977_20251126_092738.log
   [RUN 1/1] Executing: ./hng --m 44 --efc 647 --efs 977

============================================================
Trial: m=44, efc=647, efs=977, Run 1/1
Timestamp: 2025-11-26T09:27:38.527194
Command: ./hng --m 44 --efc 647 --efs 977
============================================================

[ERR] Loaded base from binary cache: data_o/glove/base.txt.bin
[OUT] ========== HNSW Search Test ==========
[OUT] 
[OUT] Timestamp: Wed Nov 26 09:27:38 2025
[OUT] 
[OUT] Command line arguments:
[OUT]   argv[0]: ./hng
[OUT]   argv[1]: --m
[OUT]   argv[2]: 44
[OUT]   argv[3]: --efc
[OUT]   argv[4]: 647
[OUT]   argv[5]: --efs
[OUT]   argv[6]: 977
[OUT] 
[OUT] Configuration:
[OUT]   Base file: data_o/glove/base.txt
[OUT]   Query file: data_o/glove/query.txt
[OUT]   Truth file: data_o/glove/truth.txt
[OUT]   K: 10
[OUT]   M: 44
[OUT]   Max layer: -1
[OUT]   EFC: 647
[OUT]   EFS: 977
[OUT]   Threads: -1
[OUT]   Debug: -1
[OUT] 
[OUT] HNSW parameters set.
[OUT] 
[OUT] Loading base vectors...
[OUT] ✓ Base loaded in 3927.970058 ms
[ERR] Loaded queries from binary cache: data_o/glove/query.txt.bin
[OUT] 
[OUT] Loading query vectors...
[OUT] ✓ Queries loaded in 89.076668 ms
[ERR] Loaded truth from binary cache: data_o/glove/truth.txt.bin
[OUT] 
[OUT] Loading ground truth...
[OUT] ✓ Truth loaded in 88.896932 ms
[OUT] 
[OUT] Data Summary:
[OUT]   Dimension d=100, Base vectors=1183514, Queries=10000
[OUT] 
[OUT] 
[OUT] Building HNSW index...
[OUT] [Progress] 119001/1183514 (10.1%) Time: 14023.35 ms
[OUT] [Progress] 239001/1183514 (20.2%) Time: 55054.77 ms
[OUT] [Progress] 358001/1183514 (30.2%) Time: 113585.90 ms
[OUT] [Progress] 478001/1183514 (40.4%) Time: 181132.25 ms
[OUT] [Progress] 597001/1183514 (50.4%) Time: 265208.46 ms
[OUT] [Progress] 716001/1183514 (60.5%) Time: 340358.16 ms
[OUT] [Progress] 836001/1183514 (70.6%) Time: 427035.67 ms
[OUT] [Progress] 955001/1183514 (80.7%) Time: 517856.27 ms
[OUT] [Progress] 1075001/1183514 (90.8%) Time: 608086.16 ms
[OUT] [Timing] Parallel Build: 684423.73 ms for 1183514 points.
[OUT] ✓ Index built.
[OUT]   build_time(local)=686806.370243 ms
[OUT]   build_time(internal)=684423.730064 ms
[OUT] 
[OUT] 
[OUT] Executing queries...
[OUT] 
[OUT]   Processed 1000 queries
[OUT] 
[OUT]   Processed 2000 queries
[OUT] 
[OUT]   Processed 3000 queries
[OUT] 
[OUT]   Processed 4000 queries
[OUT] 
[OUT]   Processed 5000 queries
[OUT] 
[OUT]   Processed 6000 queries
[OUT] 
[OUT]   Processed 7000 queries
[OUT] 
[OUT]   Processed 8000 queries
[OUT] 
[OUT]   Processed 9000 queries
[OUT] 
[OUT]   Processed 10000 queries
[OUT] 
[OUT] 
[OUT] ========== RESULTS ==========
[OUT] 
[OUT] Total queries: 10000
[OUT] 
[OUT] Average recall@10: 0.994960
[OUT] 
[OUT] Average query time: 4.755443 ms
[OUT] 
[OUT] Total query time: 47554.433247 ms
[OUT] 
[OUT] 
[OUT] ========== DISTANCE STATISTICS ==========
[OUT] 
[OUT] Total queries reported by index: 10000
[OUT] 
[OUT] Total distance computations: 390009616
[OUT] 
[OUT] Average distance ops per query: 39000.961600
[OUT] 
[OUT] Last query distance ops: 29342
[OUT] 
[OUT] 
[OUT] ========== PERFORMANCE SUMMARY ==========
[OUT] 
[OUT] Data loading time: 4105.943658 ms
[OUT] 
[OUT] Index build time: 684423.730064 ms
[OUT] 
[OUT] Query execution time: 47554.433247 ms
[OUT] 
[OUT] Total elapsed time: 738466.747148 ms
[OUT] 
[OUT] 
[OUT] ========== EFFICIENCY METRICS ==========
[OUT] 
[OUT] Queries per second: 210.285337
[OUT] 
[OUT] Distance ops per second: 8201330.336002
[OUT] 
[OUT] 
[OUT] ========== END OF LOG ==========
[OUT] 
[OUT] Log saved to: Log/run_20251126_092738_542.log
[OUT] 

Return Code: 0
   [PARSED] Build=684423.73ms, Query=4.7554ms, Recall=0.9950
   [RESULT] m=44 efc=647  efs=977  | Rec=0.9950 Time=4.7554ms Build=684423.73ms
   [SUCCESS] Logged to Log/trial_m44_efc647_efs977_20251126_092738.log
