   [START] m=44, ml=4, efc=1409, efs=2000
[OUT] ========== HNSW Search Test ==========
[OUT] 
[OUT] Timestamp: Sat Dec  6 10:10:09 2025
[OUT] 
[OUT] Command line arguments:
[OUT]   argv[0]: ./hng1
[OUT]   argv[1]: --m
[OUT]   argv[2]: 44
[OUT]   argv[3]: --max_layer
[OUT]   argv[4]: 4
[OUT]   argv[5]: --efc
[OUT]   argv[6]: 1409
[OUT]   argv[7]: --efs
[OUT]   argv[8]: 2000
[OUT] 
[OUT] Configuration:
[OUT]   Base file: data_o/glove/base.txt
[OUT]   Query file: data_o/glove/query.txt
[OUT]   Truth file: data_o/glove/truth.txt
[OUT]   K: 10
[OUT]   M: 44
[OUT]   Max layer: 4
[OUT]   EFC: 1409
[OUT]   EFS: 2000
[OUT]   Threads: -1
[OUT]   Debug: -1
[OUT] 
[OUT] HNSW parameters set.
[OUT] 
[OUT] Ablation flags: csr=0, prefetch=0, simd=0, pruning=0, heap=0
[OUT] 
[OUT] Loading base vectors...
[ERR] Loaded base from binary cache: data_o/glove/base.txt.bin
[OUT] ✓ Base loaded in 2480.396096 ms
[OUT] 
[OUT] Loading query vectors...
[ERR] Loaded queries from binary cache: data_o/glove/query.txt.bin
[OUT] ✓ Queries loaded in 102.733833 ms
[OUT] 
[OUT] Loading ground truth...
[ERR] Loaded truth from binary cache: data_o/glove/truth.txt.bin
[OUT] ✓ Truth loaded in 105.829052 ms
[OUT] 
[OUT] Data Summary:
[OUT]   Dimension d=100, Base vectors=1183514, Queries=10000
[OUT] 
[OUT] 
[OUT] Building HNSW index...
[OUT] [Cache] Cache miss, building index...
[OUT] [Progress] 119001/1183514 (10.1%) Time: 32649.00 ms
[OUT] [Progress] 238001/1183514 (20.1%) Time: 141599.21 ms
[OUT] [Progress] 357001/1183514 (30.2%) Time: 289770.03 ms
[OUT] [Progress] 476001/1183514 (40.2%) Time: 475085.61 ms
[OUT] [Progress] 595001/1183514 (50.3%) Time: 674882.81 ms
[OUT] [Progress] 714001/1183514 (60.3%) Time: 881638.79 ms
[OUT] [Progress] 833001/1183514 (70.4%) Time: 1113569.90 ms
[OUT] [Progress] 953001/1183514 (80.5%) Time: 1346475.44 ms
[OUT] [Progress] 1072001/1183514 (90.6%) Time: 1586795.44 ms
[OUT] [Timing] Parallel Build: 1776603.79 ms for 1183514 points.
[OUT] [FlatConvert] Starting conversion for 1183514 nodes, dim=100
[OUT] [Reorder] Generated DFS mapping for 1183514 nodes.
[OUT] [FlatConvert] Reorder enabled, enter_point=0, max_level=3
[OUT] [FlatConvert] Allocating data array: 118351400 floats (451 MB)
[OUT] [FlatConvert] Copying vector data...
[OUT] [FlatConvert] Vector data copied.
[OUT] [FlatConvert] Building L0 CSR structure...
[OUT] [FlatConvert] Total L0 links: 78193676
[OUT] [FlatConvert] L0 CSR built, actual links: 78193676
[OUT] [FlatConvert] Building upper layer structure, max_level=3
[OUT] [FlatHNSW-CSR] Converted & Reordered 1183514 nodes.
[OUT] [Timing] Flat Conversion: 13682.03 ms
[OUT] [Cache] Saved index to: cache/hnsw_n1183514_d100_M44_L4_efc1409.idx
[OUT] [Cache] Save time: 4726.48 ms
[OUT] ✓ Index built.
[OUT]   build_time(local)=1881001.936277 ms
[OUT]   build_time(internal)=1776603.792665 ms
[OUT] 
[OUT] 
[OUT] ========== GRAPH QUALITY ==========
[OUT] 
[OUT]   num_nodes: 1183514
[OUT] 
[OUT]   max_level (entry point): 3
[OUT] 
[OUT]   actual_max_layer: 3
[OUT] 
[OUT]   avg_degree_l0: 66.069076
[OUT] 
[OUT]   avg_degree_upper: 0.185795
[OUT] 
[OUT] 
[OUT]   Layer Distribution:
[OUT] 
[OUT]     L0: 1183514 nodes (100.00%)
[OUT] 
[OUT]     L1: 26670 nodes (2.25%)
[OUT] 
[OUT]     L2: 635 nodes (0.05%)
[OUT] 
[OUT]     L3: 10 nodes (0.00%)
[OUT] 
[OUT] 
[OUT] 
[OUT] Executing queries...
[OUT] 
[OUT]   Processed 1000 queries
[OUT] 
[OUT]   Processed 2000 queries
[OUT] 
[OUT]   Processed 3000 queries
[OUT] 
[OUT]   Processed 4000 queries
[OUT] 
[OUT]   Processed 5000 queries
[OUT] 
[OUT]   Processed 6000 queries
[OUT] 
[OUT]   Processed 7000 queries
[OUT] 
[OUT]   Processed 8000 queries
[OUT] 
[OUT]   Processed 9000 queries
[OUT] 
[OUT]   Processed 10000 queries
[OUT] 
[OUT] 
[OUT] ========== RESULTS ==========
[OUT] 
[OUT] Total queries: 10000
[OUT] 
[OUT] Average recall@10: 0.999410
[OUT] 
[OUT] Average query time: 7.037024 ms
[OUT] 
[OUT] Total query time: 70370.243721 ms
[OUT] 
[OUT] 
[OUT] ========== DISTANCE STATISTICS ==========
[OUT] 
[OUT] Total queries reported by index: 10000
[OUT] 
[OUT] Total distance computations: 836204139
[OUT] 
[OUT] Average distance ops per query: 83620.413900
[OUT] 
[OUT] Last query distance ops: 61533
[OUT] 
[OUT] 
[OUT] ========== PERFORMANCE SUMMARY ==========
[OUT] 
[OUT] Data loading time: 2688.958981 ms
[OUT] 
[OUT] Index build time: 1776603.792665 ms
[OUT] 
[OUT] Query execution time: 70370.243721 ms
[OUT] 
[OUT] Total elapsed time: 1954061.138979 ms
[OUT] 
[OUT] 
[OUT] ========== EFFICIENCY METRICS ==========
[OUT] 
[OUT] Queries per second: 142.105519
[OUT] 
[OUT] Distance ops per second: 11882922.308971
[OUT] 
[OUT] 
[OUT] ========== END OF LOG ==========
[OUT] 
[OUT] Log saved to: Log/run_20251206_101009_768.log
[OUT] 
   [RESULT] Rec=0.9994 Time=7.0370ms
