   [START] m=38, ml=11, efc=499, efs=767
   [LOG] Log/trial_m38_ml11_efc499_efs767_20251127_000629.log
   [RUN 1/1] Executing: ./hng --m 38 --max_layer 11 --efc 499 --efs 767

============================================================
Trial: m=38, ml=11, efc=499, efs=767, Run 1/1
Timestamp: 2025-11-27T00:06:29.564465
Command: ./hng --m 38 --max_layer 11 --efc 499 --efs 767
============================================================

[OUT] ========== HNSW Search Test ==========
[ERR] Loaded base from binary cache: data_o/glove/base.txt.bin
[OUT] 
[OUT] Timestamp: Thu Nov 27 00:06:29 2025
[OUT] 
[OUT] Command line arguments:
[OUT]   argv[0]: ./hng
[OUT]   argv[1]: --m
[OUT]   argv[2]: 38
[OUT]   argv[3]: --max_layer
[OUT]   argv[4]: 11
[OUT]   argv[5]: --efc
[OUT]   argv[6]: 499
[OUT]   argv[7]: --efs
[OUT]   argv[8]: 767
[OUT] 
[OUT] Configuration:
[OUT]   Base file: data_o/glove/base.txt
[OUT]   Query file: data_o/glove/query.txt
[OUT]   Truth file: data_o/glove/truth.txt
[OUT]   K: 10
[OUT]   M: 38
[OUT]   Max layer: 11
[OUT]   EFC: 499
[OUT]   EFS: 767
[OUT]   Threads: -1
[OUT]   Debug: -1
[OUT] 
[OUT] HNSW parameters set.
[OUT] 
[OUT] Loading base vectors...
[OUT] ✓ Base loaded in 2183.442408 ms
[ERR] Loaded queries from binary cache: data_o/glove/query.txt.bin
[OUT] 
[OUT] Loading query vectors...
[OUT] ✓ Queries loaded in 76.271482 ms
[ERR] Loaded truth from binary cache: data_o/glove/truth.txt.bin
[OUT] 
[OUT] Loading ground truth...
[OUT] ✓ Truth loaded in 72.418979 ms
[OUT] 
[OUT] Data Summary:
[OUT]   Dimension d=100, Base vectors=1183514, Queries=10000
[OUT] 
[OUT] 
[OUT] Building HNSW index...
[OUT] [Progress] 122001/1183514 (10.3%) Time: 17030.09 ms
[OUT] [Progress] 242001/1183514 (20.4%) Time: 71340.32 ms
[OUT] [Progress] 362001/1183514 (30.6%) Time: 137201.48 ms
[OUT] [Progress] 481001/1183514 (40.6%) Time: 208475.23 ms
[OUT] [Progress] 600001/1183514 (50.7%) Time: 282943.81 ms
[OUT] [Progress] 719001/1183514 (60.8%) Time: 365764.13 ms
[OUT] [Progress] 839001/1183514 (70.9%) Time: 451575.16 ms
[OUT] [Progress] 958001/1183514 (80.9%) Time: 536940.81 ms
[OUT] [Progress] 1077001/1183514 (91.0%) Time: 620702.08 ms
[OUT] [Timing] Parallel Build: 685818.43 ms for 1183514 points.
[OUT] [FlatHNSW] Converted 1183514 nodes, L0 size: 355978 KB, Upper size: 4031 KB
[OUT] [Timing] Flat Conversion: 453.09 ms
[OUT] ✓ Index built.
[OUT]   build_time(local)=718065.434824 ms
[OUT]   build_time(internal)=685818.428099 ms
[OUT] 
[OUT] 
[OUT] ========== GRAPH QUALITY ==========
[OUT] 
[OUT]   num_nodes: 1183514
[OUT] 
[OUT]   max_level (entry point): 3
[OUT] 
[OUT]   actual_max_layer: 3
[OUT] 
[OUT]   avg_degree_l0: 48.399588
[OUT] 
[OUT]   avg_degree_upper: 0.193939
[OUT] 
[OUT] 
[OUT]   Layer Distribution:
[OUT] 
[OUT]     L0: 1183514 nodes (100.00%)
[OUT] 
[OUT]     L1: 31025 nodes (2.62%)
[OUT] 
[OUT]     L2: 794 nodes (0.07%)
[OUT] 
[OUT]     L3: 26 nodes (0.00%)
[OUT] 
[OUT] 
[OUT] 
[OUT] Executing queries...
[OUT] 
[OUT]   Processed 1000 queries
[OUT] 
[OUT]   Processed 2000 queries
[OUT] 
[OUT]   Processed 3000 queries
[OUT] 
[OUT]   Processed 4000 queries
[OUT] 
[OUT]   Processed 5000 queries
[OUT] 
[OUT]   Processed 6000 queries
[OUT] 
[OUT]   Processed 7000 queries
[OUT] 
[OUT]   Processed 8000 queries
[OUT] 
[OUT]   Processed 9000 queries
[OUT] 
[OUT]   Processed 10000 queries
[OUT] 
[OUT] 
[OUT] ========== RESULTS ==========
[OUT] 
[OUT] Total queries: 10000
[OUT] 
[OUT] Average recall@10: 0.988750
[OUT] 
[OUT] Average query time: 3.226021 ms
[OUT] 
[OUT] Total query time: 32260.210881 ms
[OUT] 
[OUT] 
[OUT] ========== DISTANCE STATISTICS ==========
[OUT] 
[OUT] Total queries reported by index: 10000
[OUT] 
[OUT] Total distance computations: 278420040
[OUT] 
[OUT] Average distance ops per query: 27842.004000
[OUT] 
[OUT] Last query distance ops: 22288
[OUT] 
[OUT] 
[OUT] ========== PERFORMANCE SUMMARY ==========
[OUT] 
[OUT] Data loading time: 2332.132869 ms
[OUT] 
[OUT] Index build time: 685818.428099 ms
[OUT] 
[OUT] Query execution time: 32260.210881 ms
[OUT] 
[OUT] Total elapsed time: 752657.778574 ms
[OUT] 
[OUT] 
[OUT] ========== EFFICIENCY METRICS ==========
[OUT] 
[OUT] Queries per second: 309.979375
[OUT] 
[OUT] Distance ops per second: 8630446.993264
[OUT] 
[OUT] 
[OUT] ========== END OF LOG ==========
[OUT] 
[OUT] Log saved to: Log/run_20251127_000629_569.log
[OUT] 

Return Code: 0
   [PARSED] Build=685818.43ms, Query=3.2260ms, Recall=0.9888
   [RESULT] m=38 ml=11 efc=499  efs=767  | Rec=0.9888 Time=3.2260ms Build=685818.43ms
   [SUCCESS] Logged to Log/trial_m38_ml11_efc499_efs767_20251127_000629.log
