   [START] m=53, ml=8, efc=1264, efs=2000
[ERR] Loaded base from binary cache: data_o/glove/base.txt.bin
[OUT] ========== HNSW Search Test ==========
[OUT] 
[OUT] Timestamp: Mon Dec  8 01:05:12 2025
[OUT] 
[OUT] Command line arguments:
[OUT]   argv[0]: ./hng3
[OUT]   argv[1]: --m
[OUT]   argv[2]: 53
[OUT]   argv[3]: --max_layer
[OUT]   argv[4]: 8
[OUT]   argv[5]: --efc
[OUT]   argv[6]: 1264
[OUT]   argv[7]: --efs
[OUT]   argv[8]: 2000
[OUT] 
[OUT] Configuration:
[OUT]   Base file: data_o/glove/base.txt
[OUT]   Query file: data_o/glove/query.txt
[OUT]   Truth file: data_o/glove/truth.txt
[OUT]   K: 10
[OUT]   M: 53
[OUT]   Max layer: 8
[OUT]   EFC: 1264
[OUT]   EFS: 2000
[OUT]   Threads: -1
[OUT]   Debug: -1
[OUT] 
[OUT] HNSW parameters set.
[OUT] 
[OUT] Ablation flags: csr=0, prefetch=0, simd=0, pruning=0, heap=0
[OUT] 
[OUT] Loading base vectors...
[OUT] ✓ Base loaded in 2387.422956 ms
[OUT] 
[OUT] Loading query vectors...
[ERR] Loaded queries from binary cache: data_o/glove/query.txt.bin
[OUT] ✓ Queries loaded in 68.431366 ms
[OUT] 
[OUT] Loading ground truth...
[ERR] Loaded truth from binary cache: data_o/glove/truth.txt.bin
[OUT] ✓ Truth loaded in 70.572784 ms
[OUT] 
[OUT] Data Summary:
[OUT]   Dimension d=100, Base vectors=1183514, Queries=10000
[OUT] 
[OUT] 
[OUT] Building HNSW index...
[OUT] [Progress] 53001/1183514 (4.5%) Time: 75853.34 ms
[OUT] [Progress] 105001/1183514 (8.9%) Time: 202249.48 ms
[OUT] [Progress] 155001/1183514 (13.1%) Time: 284753.05 ms
[OUT] [Progress] 205001/1183514 (17.3%) Time: 446969.80 ms
[OUT] [Progress] 255001/1183514 (21.5%) Time: 561440.33 ms
[OUT] [Progress] 306001/1183514 (25.9%) Time: 718650.37 ms
[OUT] [Progress] 356001/1183514 (30.1%) Time: 889057.42 ms
[OUT] [Progress] 406001/1183514 (34.3%) Time: 1006947.58 ms
[OUT] [Progress] 456001/1183514 (38.5%) Time: 1177569.83 ms
[OUT] [Progress] 506001/1183514 (42.8%) Time: 1312522.50 ms
[OUT] [Progress] 556001/1183514 (47.0%) Time: 1482136.09 ms
[OUT] [Progress] 606001/1183514 (51.2%) Time: 1630706.81 ms
[OUT] [Progress] 656001/1183514 (55.4%) Time: 1794434.60 ms
[OUT] [Progress] 706001/1183514 (59.7%) Time: 1968269.60 ms
[OUT] [Progress] 756001/1183514 (63.9%) Time: 2124022.68 ms
[OUT] [Progress] 806001/1183514 (68.1%) Time: 2296309.77 ms
[OUT] [Progress] 856001/1183514 (72.3%) Time: 2453038.85 ms
[OUT] [Progress] 906001/1183514 (76.6%) Time: 2631287.70 ms
[OUT] [Progress] 956001/1183514 (80.8%) Time: 2800806.11 ms
[OUT] [Progress] 1006001/1183514 (85.0%) Time: 2987013.25 ms
