   [START] m=42, ml=4, efc=850, efs=546
   [LOG] Log/trial_m42_ml4_efc850_efs546_20251128_224651.log
   [RUN 1/1] Executing: ./hng --m 42 --max_layer 4 --efc 850 --efs 546

============================================================
Trial: m=42, ml=4, efc=850, efs=546, Run 1/1
Timestamp: 2025-11-28T22:46:51.888055
Command: ./hng --m 42 --max_layer 4 --efc 850 --efs 546
============================================================

[ERR] Loaded base from binary cache: data_o/glove/base.txt.bin
[OUT] ========== HNSW Search Test ==========
[OUT] 
[OUT] Timestamp: Fri Nov 28 22:46:51 2025
[OUT] 
[OUT] Command line arguments:
[OUT]   argv[0]: ./hng
[OUT]   argv[1]: --m
[OUT]   argv[2]: 42
[OUT]   argv[3]: --max_layer
[OUT]   argv[4]: 4
[OUT]   argv[5]: --efc
[OUT]   argv[6]: 850
[OUT]   argv[7]: --efs
[OUT]   argv[8]: 546
[OUT] 
[OUT] Configuration:
[OUT]   Base file: data_o/glove/base.txt
[OUT]   Query file: data_o/glove/query.txt
[OUT]   Truth file: data_o/glove/truth.txt
[OUT]   K: 10
[OUT]   M: 42
[OUT]   Max layer: 4
[OUT]   EFC: 850
[OUT]   EFS: 546
[OUT]   Threads: -1
[OUT]   Debug: -1
[OUT] 
[OUT] HNSW parameters set.
[OUT] 
[OUT] Loading base vectors...
[OUT] ✓ Base loaded in 3534.271667 ms
[ERR] Loaded queries from binary cache: data_o/glove/query.txt.bin
[OUT] 
[OUT] Loading query vectors...
[ERR] Loaded truth from binary cache: data_o/glove/truth.txt.bin
[OUT] ✓ Queries loaded in 151.830998 ms
[OUT] 
[OUT] Loading ground truth...
[OUT] ✓ Truth loaded in 89.971020 ms
[OUT] 
[OUT] Data Summary:
[OUT]   Dimension d=100, Base vectors=1183514, Queries=10000
[OUT] 
[OUT] 
[OUT] Building HNSW index...
[OUT] [Progress] 125001/1183514 (10.6%) Time: 26325.13 ms
[OUT] [Progress] 246001/1183514 (20.8%) Time: 116384.28 ms
[OUT] [Progress] 365001/1183514 (30.8%) Time: 239225.00 ms
[OUT] [Progress] 484001/1183514 (40.9%) Time: 371166.27 ms
[OUT] [Progress] 603001/1183514 (51.0%) Time: 506076.40 ms
[OUT] [Progress] 723001/1183514 (61.1%) Time: 661869.90 ms
[OUT] [Progress] 842001/1183514 (71.1%) Time: 811199.90 ms
[OUT] [Progress] 961001/1183514 (81.2%) Time: 966464.70 ms
[OUT] [Progress] 1081001/1183514 (91.3%) Time: 1124765.60 ms
[OUT] [Timing] Parallel Build: 1248056.15 ms for 1183514 points.
[OUT] [FlatHNSW] Converted 1183514 nodes, L0 size: 392963 KB, Upper size: 3889 KB
[OUT] [Timing] Flat Conversion: 516.24 ms
[OUT] ✓ Index built.
[OUT]   build_time(local)=1144774.379694 ms
[OUT]   build_time(internal)=1248056.146995 ms
[OUT] 
[OUT] 
[OUT] ========== GRAPH QUALITY ==========
[OUT] 
[OUT]   num_nodes: 1183514
[OUT] 
[OUT]   max_level (entry point): 3
[OUT] 
[OUT]   actual_max_layer: 3
[OUT] 
[OUT]   avg_degree_l0: 58.685563
[OUT] 
[OUT]   avg_degree_upper: 0.199695
[OUT] 
[OUT] 
[OUT]   Layer Distribution:
[OUT] 
[OUT]     L0: 1183514 nodes (100.00%)
[OUT] 
[OUT]     L1: 28155 nodes (2.38%)
[OUT] 
[OUT]     L2: 661 nodes (0.06%)
[OUT] 
[OUT]     L3: 18 nodes (0.00%)
[OUT] 
[OUT] 
[OUT] 
[OUT] Executing queries...
[OUT] 
[OUT]   Processed 1000 queries
[OUT] 
[OUT]   Processed 2000 queries
[OUT] 
[OUT]   Processed 3000 queries
[OUT] 
[OUT]   Processed 4000 queries
[OUT] 
[OUT]   Processed 5000 queries
[OUT] 
[OUT]   Processed 6000 queries
[OUT] 
[OUT]   Processed 7000 queries
[OUT] 
[OUT]   Processed 8000 queries
[OUT] 
[OUT]   Processed 9000 queries
[OUT] 
[OUT]   Processed 10000 queries
[OUT] 
[OUT] 
[OUT] ========== RESULTS ==========
[OUT] 
[OUT] Total queries: 10000
[OUT] 
[OUT] Average recall@10: 0.987210
[OUT] 
[OUT] Average query time: 2.211937 ms
[OUT] 
[OUT] Total query time: 22119.371356 ms
[OUT] 
[OUT] 
[OUT] ========== DISTANCE STATISTICS ==========
[OUT] 
[OUT] Total queries reported by index: 10000
[OUT] 
[OUT] Total distance computations: 245712295
[OUT] 
[OUT] Average distance ops per query: 24571.229500
[OUT] 
[OUT] Last query distance ops: 20298
[OUT] 
[OUT] 
[OUT] ========== PERFORMANCE SUMMARY ==========
[OUT] 
[OUT] Data loading time: 3776.073685 ms
[OUT] 
[OUT] Index build time: 1248056.146995 ms
[OUT] 
[OUT] Query execution time: 22119.371356 ms
[OUT] 
[OUT] Total elapsed time: 1170669.824735 ms
[OUT] 
[OUT] 
[OUT] ========== EFFICIENCY METRICS ==========
[OUT] 
[OUT] Queries per second: 452.092414
[OUT] 
[OUT] Distance ops per second: 11108466.467938
[OUT] 
[OUT] 
[OUT] ========== END OF LOG ==========
[OUT] 
[OUT] Log saved to: Log/run_20251128_224651_906.log
[OUT] 

Return Code: 0
   [PARSED] Build=1248056.15ms, Query=2.2119ms, Recall=0.9872
   [RESULT] m=42 ml=4  efc=850  efs=546  | Rec=0.9872 Time=2.2119ms Build=1248056.15ms
   [SUCCESS] Logged to Log/trial_m42_ml4_efc850_efs546_20251128_224651.log
