   [START] m=17, ml=20, efc=674, efs=1388
   [LOG] Log/trial_m17_ml20_efc674_efs1388_20251202_071848.log
   [RUN 1/1] Executing: ./hng --m 17 --max_layer 20 --efc 674 --efs 1388

============================================================
Trial: m=17, ml=20, efc=674, efs=1388, Run 1/1
Timestamp: 2025-12-02T07:18:48.382909
Command: ./hng --m 17 --max_layer 20 --efc 674 --efs 1388
============================================================

[OUT] ========== HNSW Search Test ==========
[ERR] Loaded base from binary cache: data_o/glove/base.txt.bin
[OUT] 
[OUT] Timestamp: Tue Dec  2 07:18:48 2025
[OUT] 
[OUT] Command line arguments:
[OUT]   argv[0]: ./hng
[OUT]   argv[1]: --m
[OUT]   argv[2]: 17
[OUT]   argv[3]: --max_layer
[OUT]   argv[4]: 20
[OUT]   argv[5]: --efc
[OUT]   argv[6]: 674
[OUT]   argv[7]: --efs
[OUT]   argv[8]: 1388
[OUT] 
[OUT] Configuration:
[OUT]   Base file: data_o/glove/base.txt
[OUT]   Query file: data_o/glove/query.txt
[OUT]   Truth file: data_o/glove/truth.txt
[OUT]   K: 10
[OUT]   M: 17
[OUT]   Max layer: 20
[OUT]   EFC: 674
[OUT]   EFS: 1388
[OUT]   Threads: -1
[OUT]   Debug: -1
[OUT] 
[OUT] HNSW parameters set.
[OUT] 
[OUT] Loading base vectors...
[OUT] ✓ Base loaded in 4144.260188 ms
[ERR] Loaded queries from binary cache: data_o/glove/query.txt.bin
[OUT] 
[OUT] Loading query vectors...
[OUT] ✓ Queries loaded in 88.477123 ms
[ERR] Loaded truth from binary cache: data_o/glove/truth.txt.bin
[OUT] 
[OUT] Loading ground truth...
[OUT] ✓ Truth loaded in 87.683500 ms
[OUT] 
[OUT] Data Summary:
[OUT]   Dimension d=100, Base vectors=1183514, Queries=10000
[OUT] 
[OUT] 
[OUT] Building HNSW index...
[OUT] [Progress] 127001/1183514 (10.7%) Time: 12546.27 ms
[OUT] [Progress] 252001/1183514 (21.3%) Time: 48584.09 ms
[OUT] [Progress] 372001/1183514 (31.4%) Time: 94117.71 ms
[OUT] [Progress] 491001/1183514 (41.5%) Time: 141216.40 ms
[OUT] [Progress] 611001/1183514 (51.6%) Time: 193346.94 ms
[OUT] [Progress] 730001/1183514 (61.7%) Time: 246917.56 ms
[OUT] [Progress] 850001/1183514 (71.8%) Time: 302557.36 ms
[OUT] [Progress] 970001/1183514 (82.0%) Time: 360204.74 ms
[OUT] [Progress] 1089001/1183514 (92.0%) Time: 415776.60 ms
[OUT] [Timing] Parallel Build: 453810.77 ms for 1183514 points.
[OUT] [FlatHNSW] Converted 1183514 nodes, L0 size: 161808 KB, Upper size: 5022 KB
[OUT] [Timing] Flat Conversion: 236.78 ms
[OUT] ✓ Index built.
[OUT]   build_time(local)=428244.751728 ms
[OUT]   build_time(internal)=453810.768324 ms
[OUT] 
[OUT] 
[OUT] ========== GRAPH QUALITY ==========
[OUT] 
[OUT]   num_nodes: 1183514
[OUT] 
[OUT]   max_level (entry point): 5
[OUT] 
[OUT]   actual_max_layer: 5
[OUT] 
[OUT]   avg_degree_l0: 30.990969
[OUT] 
[OUT]   avg_degree_upper: 0.165062
[OUT] 
[OUT] 
[OUT]   Layer Distribution:
[OUT] 
[OUT]     L0: 1183514 nodes (100.00%)
[OUT] 
[OUT]     L1: 69379 nodes (5.86%)
[OUT] 
[OUT]     L2: 4093 nodes (0.35%)
[OUT] 
[OUT]     L3: 244 nodes (0.02%)
[OUT] 
[OUT]     L4: 13 nodes (0.00%)
[OUT] 
[OUT]     L5: 1 nodes (0.00%)
[OUT] 
[OUT] 
[OUT] 
[OUT] Executing queries...
[OUT] 
[OUT]   Processed 1000 queries
[OUT] 
[OUT]   Processed 2000 queries
[OUT] 
[OUT]   Processed 3000 queries
[OUT] 
[OUT]   Processed 4000 queries
[OUT] 
[OUT]   Processed 5000 queries
[OUT] 
[OUT]   Processed 6000 queries
[OUT] 
[OUT]   Processed 7000 queries
[OUT] 
[OUT]   Processed 8000 queries
[OUT] 
[OUT]   Processed 9000 queries
[OUT] 
[OUT]   Processed 10000 queries
[OUT] 
[OUT] 
[OUT] ========== RESULTS ==========
[OUT] 
[OUT] Total queries: 10000
[OUT] 
[OUT] Average recall@10: 0.980000
[OUT] 
[OUT] Average query time: 2.199817 ms
[OUT] 
[OUT] Total query time: 21998.165324 ms
[OUT] 
[OUT] 
[OUT] ========== DISTANCE STATISTICS ==========
[OUT] 
[OUT] Total queries reported by index: 10000
[OUT] 
[OUT] Total distance computations: 0
[OUT] 
[OUT] Average distance ops per query: 0.000000
[OUT] 
[OUT] Last query distance ops: 0
[OUT] 
[OUT] 
[OUT] ========== PERFORMANCE SUMMARY ==========
[OUT] 
[OUT] Data loading time: 4320.420811 ms
[OUT] 
[OUT] Index build time: 453810.768324 ms
[OUT] 
[OUT] Query execution time: 21998.165324 ms
[OUT] 
[OUT] Total elapsed time: 454563.337863 ms
[OUT] 
[OUT] 
[OUT] ========== EFFICIENCY METRICS ==========
[OUT] 
[OUT] Queries per second: 454.583364
[OUT] 
[OUT] 
[OUT] ========== END OF LOG ==========
[OUT] 
[OUT] Log saved to: Log/run_20251202_071848_402.log
[OUT] 

Return Code: 0
   [PARSED] Build=453810.77ms, Query=2.1998ms, Recall=0.9800
   [RESULT] m=17 ml=20 efc=674  efs=1388 | Rec=0.9800 Time=2.1998ms Build=453810.77ms
   [SUCCESS] Logged to Log/trial_m17_ml20_efc674_efs1388_20251202_071848.log
