   [START] m=36, efc=689, efs=181
   [LOG] Log/trial_m36_efc689_efs181_20251125_203806.log
   [RUN 1/1] Executing: ./hng --m 36 --efc 689 --efs 181

============================================================
Trial: m=36, efc=689, efs=181, Run 1/1
Timestamp: 2025-11-25T20:38:06.472110
Command: ./hng --m 36 --efc 689 --efs 181
============================================================

[OUT] ========== HNSW Search Test ==========
[ERR] Loaded base from binary cache: data_o/glove/base.txt.bin
[OUT] 
[OUT] Timestamp: Tue Nov 25 20:38:06 2025
[OUT] 
[OUT] Command line arguments:
[OUT]   argv[0]: ./hng
[OUT]   argv[1]: --m
[OUT]   argv[2]: 36
[OUT]   argv[3]: --efc
[OUT]   argv[4]: 689
[OUT]   argv[5]: --efs
[OUT]   argv[6]: 181
[OUT] 
[OUT] Configuration:
[OUT]   Base file: data_o/glove/base.txt
[OUT]   Query file: data_o/glove/query.txt
[OUT]   Truth file: data_o/glove/truth.txt
[OUT]   K: 10
[OUT]   M: 36
[OUT]   Max layer: -1
[OUT]   EFC: 689
[OUT]   EFS: 181
[OUT]   Threads: -1
[OUT]   Debug: -1
[OUT] 
[OUT] HNSW parameters set.
[OUT] 
[OUT] Loading base vectors...
[OUT] ✓ Base loaded in 3475.340406 ms
[ERR] Loaded queries from binary cache: data_o/glove/query.txt.bin
[OUT] 
[OUT] Loading query vectors...
[OUT] ✓ Queries loaded in 113.927178 ms
[ERR] Loaded truth from binary cache: data_o/glove/truth.txt.bin
[OUT] 
[OUT] Loading ground truth...
[OUT] ✓ Truth loaded in 63.145198 ms
[OUT] 
[OUT] Data Summary:
[OUT]   Dimension d=100, Base vectors=1183514, Queries=10000
[OUT] 
[OUT] 
[OUT] Building HNSW index...
[OUT] [Progress] 127001/1183514 (10.7%) Time: 13015.84 ms
[OUT] [Progress] 247001/1183514 (20.9%) Time: 60359.95 ms
[OUT] [Progress] 369001/1183514 (31.2%) Time: 126282.33 ms
[OUT] [Progress] 489001/1183514 (41.3%) Time: 201721.30 ms
[OUT] [Progress] 608001/1183514 (51.4%) Time: 279042.19 ms
[OUT] [Progress] 727001/1183514 (61.4%) Time: 364810.83 ms
[OUT] [Progress] 847001/1183514 (71.6%) Time: 452172.91 ms
[OUT] [Progress] 966001/1183514 (81.6%) Time: 536108.82 ms
[OUT] [Progress] 1086001/1183514 (91.8%) Time: 624535.00 ms
[OUT] [Timing] Parallel Build: 689955.58 ms for 1183514 points.
[OUT] ✓ Index built.
[OUT]   build_time(local)=633865.666382 ms
[OUT]   build_time(internal)=689955.584702 ms
[OUT] 
[OUT] 
[OUT] Executing queries...
[OUT] 
[OUT]   Processed 1000 queries
[OUT] 
[OUT]   Processed 2000 queries
[OUT] 
[OUT]   Processed 3000 queries
[OUT] 
[OUT]   Processed 4000 queries
[OUT] 
[OUT]   Processed 5000 queries
[OUT] 
[OUT]   Processed 6000 queries
[OUT] 
[OUT]   Processed 7000 queries
[OUT] 
[OUT]   Processed 8000 queries
[OUT] 
[OUT]   Processed 9000 queries
[OUT] 
[OUT]   Processed 10000 queries
[OUT] 
[OUT] 
[OUT] ========== RESULTS ==========
[OUT] 
[OUT] Total queries: 10000
[OUT] 
[OUT] Average recall@10: 0.935810
[OUT] 
[OUT] Average query time: 0.792656 ms
[OUT] 
[OUT] Total query time: 7926.561310 ms
[OUT] 
[OUT] 
[OUT] ========== DISTANCE STATISTICS ==========
[OUT] 
[OUT] Total queries reported by index: 10000
[OUT] 
[OUT] Total distance computations: 81920809
[OUT] 
[OUT] Average distance ops per query: 8192.080900
[OUT] 
[OUT] Last query distance ops: 7666
[OUT] 
[OUT] 
[OUT] ========== PERFORMANCE SUMMARY ==========
[OUT] 
[OUT] Data loading time: 3652.412782 ms
[OUT] 
[OUT] Index build time: 689955.584702 ms
[OUT] 
[OUT] Query execution time: 7926.561310 ms
[OUT] 
[OUT] Total elapsed time: 645444.640474 ms
[OUT] 
[OUT] 
[OUT] ========== EFFICIENCY METRICS ==========
[OUT] 
[OUT] Queries per second: 1261.581108
[OUT] 
[OUT] Distance ops per second: 10334974.498545
[OUT] 
[OUT] 
[OUT] ========== END OF LOG ==========
[OUT] 
[OUT] Log saved to: Log/run_20251125_203806_486.log
[OUT] 

Return Code: 0
   [PARSED] Build=689955.58ms, Query=0.7927ms, Recall=0.9358
   [RESULT] m=36 efc=689  efs=181  | Rec=0.9358 Time=0.7927ms Build=689955.58ms
   [SUCCESS] Logged to Log/trial_m36_efc689_efs181_20251125_203806.log
