   [START] m=43, ml=11, efc=951, efs=525
   [LOG] Log/trial_m43_ml11_efc951_efs525_20251128_043701.log
   [RUN 1/1] Executing: ./hng --m 43 --max_layer 11 --efc 951 --efs 525

============================================================
Trial: m=43, ml=11, efc=951, efs=525, Run 1/1
Timestamp: 2025-11-28T04:37:01.730647
Command: ./hng --m 43 --max_layer 11 --efc 951 --efs 525
============================================================

[OUT] ========== HNSW Search Test ==========
[ERR] Loaded base from binary cache: data_o/glove/base.txt.bin
[OUT] 
[OUT] Timestamp: Fri Nov 28 04:37:01 2025
[OUT] 
[OUT] Command line arguments:
[OUT]   argv[0]: ./hng
[OUT]   argv[1]: --m
[OUT]   argv[2]: 43
[OUT]   argv[3]: --max_layer
[OUT]   argv[4]: 11
[OUT]   argv[5]: --efc
[OUT]   argv[6]: 951
[OUT]   argv[7]: --efs
[OUT]   argv[8]: 525
[OUT] 
[OUT] Configuration:
[OUT]   Base file: data_o/glove/base.txt
[OUT]   Query file: data_o/glove/query.txt
[OUT]   Truth file: data_o/glove/truth.txt
[OUT]   K: 10
[OUT]   M: 43
[OUT]   Max layer: 11
[OUT]   EFC: 951
[OUT]   EFS: 525
[OUT]   Threads: -1
[OUT]   Debug: -1
[OUT] 
[OUT] HNSW parameters set.
[OUT] 
[OUT] Loading base vectors...
[OUT] ✓ Base loaded in 2265.310543 ms
[ERR] Loaded queries from binary cache: data_o/glove/query.txt.bin
[OUT] 
[OUT] Loading query vectors...
[OUT] ✓ Queries loaded in 74.052502 ms
[ERR] Loaded truth from binary cache: data_o/glove/truth.txt.bin
[OUT] 
[OUT] Loading ground truth...
[OUT] ✓ Truth loaded in 76.102745 ms
[OUT] 
[OUT] Data Summary:
[OUT]   Dimension d=100, Base vectors=1183514, Queries=10000
[OUT] 
[OUT] 
[OUT] Building HNSW index...
[OUT] [Progress] 119001/1183514 (10.1%) Time: 30582.48 ms
[OUT] [Progress] 238001/1183514 (20.1%) Time: 130804.96 ms
[OUT] [Progress] 357001/1183514 (30.2%) Time: 274190.07 ms
[OUT] [Progress] 476001/1183514 (40.2%) Time: 430667.34 ms
[OUT] [Progress] 595001/1183514 (50.3%) Time: 606675.17 ms
[OUT] [Progress] 714001/1183514 (60.3%) Time: 784804.61 ms
[OUT] [Progress] 833001/1183514 (70.4%) Time: 963462.43 ms
[OUT] [Progress] 952001/1183514 (80.4%) Time: 1157081.69 ms
[OUT] [Progress] 1071001/1183514 (90.5%) Time: 1344692.29 ms
[OUT] [Timing] Parallel Build: 1503576.45 ms for 1183514 points.
[OUT] [FlatHNSW] Converted 1183514 nodes, L0 size: 402209 KB, Upper size: 3841 KB
[OUT] [Timing] Flat Conversion: 673.85 ms
[OUT] ✓ Index built.
[OUT]   build_time(local)=1656111.938302 ms
[OUT]   build_time(internal)=1503576.447679 ms
[OUT] 
[OUT] 
[OUT] ========== GRAPH QUALITY ==========
[OUT] 
[OUT]   num_nodes: 1183514
[OUT] 
[OUT]   max_level (entry point): 3
[OUT] 
[OUT]   actual_max_layer: 3
[OUT] 
[OUT]   avg_degree_l0: 60.781392
[OUT] 
[OUT]   avg_degree_upper: 0.206666
[OUT] 
[OUT] 
[OUT]   Layer Distribution:
[OUT] 
[OUT]     L0: 1183514 nodes (100.00%)
[OUT] 
[OUT]     L1: 27443 nodes (2.32%)
[OUT] 
[OUT]     L2: 625 nodes (0.05%)
[OUT] 
[OUT]     L3: 16 nodes (0.00%)
[OUT] 
[OUT] 
[OUT] 
[OUT] Executing queries...
[OUT] 
[OUT]   Processed 1000 queries
[OUT] 
[OUT]   Processed 2000 queries
[OUT] 
[OUT]   Processed 3000 queries
[OUT] 
[OUT]   Processed 4000 queries
[OUT] 
[OUT]   Processed 5000 queries
[OUT] 
[OUT]   Processed 6000 queries
[OUT] 
[OUT]   Processed 7000 queries
[OUT] 
[OUT]   Processed 8000 queries
[OUT] 
[OUT]   Processed 9000 queries
[OUT] 
[OUT]   Processed 10000 queries
[OUT] 
[OUT] 
[OUT] ========== RESULTS ==========
[OUT] 
[OUT] Total queries: 10000
[OUT] 
[OUT] Average recall@10: 0.987140
[OUT] 
[OUT] Average query time: 2.698850 ms
[OUT] 
[OUT] Total query time: 26988.502029 ms
[OUT] 
[OUT] 
[OUT] ========== DISTANCE STATISTICS ==========
[OUT] 
[OUT] Total queries reported by index: 10000
[OUT] 
[OUT] Total distance computations: 245371629
[OUT] 
[OUT] Average distance ops per query: 24537.162900
[OUT] 
[OUT] Last query distance ops: 20495
[OUT] 
[OUT] 
[OUT] ========== PERFORMANCE SUMMARY ==========
[OUT] 
[OUT] Data loading time: 2415.465790 ms
[OUT] 
[OUT] Index build time: 1503576.447679 ms
[OUT] 
[OUT] Query execution time: 26988.502029 ms
[OUT] 
[OUT] Total elapsed time: 1685515.906121 ms
[OUT] 
[OUT] 
[OUT] ========== EFFICIENCY METRICS ==========
[OUT] 
[OUT] Queries per second: 370.528160
[OUT] 
[OUT] Distance ops per second: 9091709.822810
[OUT] 
[OUT] 
[OUT] ========== END OF LOG ==========
[OUT] 
[OUT] Log saved to: Log/run_20251128_043701_735.log
[OUT] 

Return Code: 0
   [PARSED] Build=1503576.45ms, Query=2.6989ms, Recall=0.9871
   [RESULT] m=43 ml=11 efc=951  efs=525  | Rec=0.9871 Time=2.6989ms Build=1503576.45ms
   [SUCCESS] Logged to Log/trial_m43_ml11_efc951_efs525_20251128_043701.log
