   [START] m=56, ml=2, efc=754, efs=1039
   [LOG] Log/trial_m56_ml2_efc754_efs1039_20251126_230020.log
   [RUN 1/1] Executing: ./hng --m 56 --max_layer 2 --efc 754 --efs 1039

============================================================
Trial: m=56, ml=2, efc=754, efs=1039, Run 1/1
Timestamp: 2025-11-26T23:00:20.575740
Command: ./hng --m 56 --max_layer 2 --efc 754 --efs 1039
============================================================

[OUT] ========== HNSW Search Test ==========
[ERR] Loaded base from binary cache: data_o/glove/base.txt.bin
[OUT] 
[OUT] Timestamp: Wed Nov 26 23:00:20 2025
[OUT] 
[OUT] Command line arguments:
[OUT]   argv[0]: ./hng
[OUT]   argv[1]: --m
[OUT]   argv[2]: 56
[OUT]   argv[3]: --max_layer
[OUT]   argv[4]: 2
[OUT]   argv[5]: --efc
[OUT]   argv[6]: 754
[OUT]   argv[7]: --efs
[OUT]   argv[8]: 1039
[OUT] 
[OUT] Configuration:
[OUT]   Base file: data_o/glove/base.txt
[OUT]   Query file: data_o/glove/query.txt
[OUT]   Truth file: data_o/glove/truth.txt
[OUT]   K: 10
[OUT]   M: 56
[OUT]   Max layer: 2
[OUT]   EFC: 754
[OUT]   EFS: 1039
[OUT]   Threads: -1
[OUT]   Debug: -1
[OUT] 
[OUT] HNSW parameters set.
[OUT] 
[OUT] Loading base vectors...
[OUT] ✓ Base loaded in 2117.515453 ms
[ERR] Loaded queries from binary cache: data_o/glove/query.txt.bin
[OUT] 
[OUT] Loading query vectors...
[OUT] ✓ Queries loaded in 75.969586 ms
[ERR] Loaded truth from binary cache: data_o/glove/truth.txt.bin
[OUT] 
[OUT] Loading ground truth...
[OUT] ✓ Truth loaded in 69.672311 ms
[OUT] 
[OUT] Data Summary:
[OUT]   Dimension d=100, Base vectors=1183514, Queries=10000
[OUT] 
[OUT] 
[OUT] Building HNSW index...
[OUT] [Progress] 119001/1183514 (10.1%) Time: 22032.58 ms
[OUT] [Progress] 238001/1183514 (20.1%) Time: 99718.63 ms
[OUT] [Progress] 358001/1183514 (30.2%) Time: 214631.76 ms
[OUT] [Progress] 477001/1183514 (40.3%) Time: 349597.10 ms
[OUT] [Progress] 596001/1183514 (50.4%) Time: 484967.24 ms
[OUT] [Progress] 715001/1183514 (60.4%) Time: 626932.94 ms
[OUT] [Progress] 834001/1183514 (70.5%) Time: 778454.47 ms
[OUT] [Progress] 953001/1183514 (80.5%) Time: 924345.56 ms
[OUT] [Progress] 1072001/1183514 (90.6%) Time: 1080081.62 ms
[OUT] [Timing] Parallel Build: 1208770.44 ms for 1183514 points.
[OUT] [FlatHNSW] Converted 1183514 nodes, L0 size: 522410 KB, Upper size: 3029 KB
[OUT] [Timing] Flat Conversion: 660.62 ms
[OUT] ✓ Index built.
[OUT]   build_time(local)=1255676.731285 ms
[OUT]   build_time(internal)=1208770.439396 ms
[OUT] 
[OUT] 
[OUT] ========== GRAPH QUALITY ==========
[OUT] 
[OUT]   num_nodes: 1183514
[OUT] 
[OUT]   max_level (entry point): 2
[OUT] 
[OUT]   actual_max_layer: 2
[OUT] 
[OUT]   avg_degree_l0: 59.904055
[OUT] 
[OUT]   avg_degree_upper: 0.206496
[OUT] 
[OUT] 
[OUT]   Layer Distribution:
[OUT] 
[OUT]     L0: 1183514 nodes (100.00%)
[OUT] 
[OUT]     L1: 21480 nodes (1.81%)
[OUT] 
[OUT]     L2: 380 nodes (0.03%)
[OUT] 
[OUT] 
[OUT] 
[OUT] Executing queries...
[OUT] 
[OUT]   Processed 1000 queries
[OUT] 
[OUT]   Processed 2000 queries
[OUT] 
[OUT]   Processed 3000 queries
[OUT] 
[OUT]   Processed 4000 queries
[OUT] 
[OUT]   Processed 5000 queries
[OUT] 
[OUT]   Processed 6000 queries
[OUT] 
[OUT]   Processed 7000 queries
[OUT] 
[OUT]   Processed 8000 queries
[OUT] 
[OUT]   Processed 9000 queries
[OUT] 
[OUT]   Processed 10000 queries
[OUT] 
[OUT] 
[OUT] ========== RESULTS ==========
[OUT] 
[OUT] Total queries: 10000
[OUT] 
[OUT] Average recall@10: 0.996670
[OUT] 
[OUT] Average query time: 5.039809 ms
[OUT] 
[OUT] Total query time: 50398.090580 ms
[OUT] 
[OUT] 
[OUT] ========== DISTANCE STATISTICS ==========
[OUT] 
[OUT] Total queries reported by index: 10000
[OUT] 
[OUT] Total distance computations: 456607682
[OUT] 
[OUT] Average distance ops per query: 45660.768200
[OUT] 
[OUT] Last query distance ops: 32938
[OUT] 
[OUT] 
[OUT] ========== PERFORMANCE SUMMARY ==========
[OUT] 
[OUT] Data loading time: 2263.157350 ms
[OUT] 
[OUT] Index build time: 1208770.439396 ms
[OUT] 
[OUT] Query execution time: 50398.090580 ms
[OUT] 
[OUT] Total elapsed time: 1308337.979215 ms
[OUT] 
[OUT] 
[OUT] ========== EFFICIENCY METRICS ==========
[OUT] 
[OUT] Queries per second: 198.420216
[OUT] 
[OUT] Distance ops per second: 9060019.471873
[OUT] 
[OUT] 
[OUT] ========== END OF LOG ==========
[OUT] 
[OUT] Log saved to: Log/run_20251126_230020_580.log
[OUT] 

Return Code: 0
   [PARSED] Build=1208770.44ms, Query=5.0398ms, Recall=0.9967
   [RESULT] m=56 ml=2  efc=754  efs=1039 | Rec=0.9967 Time=5.0398ms Build=1208770.44ms
   [SUCCESS] Logged to Log/trial_m56_ml2_efc754_efs1039_20251126_230020.log
