   [START] m=39, ml=3, efc=856, efs=521
   [LOG] Log/trial_m39_ml3_efc856_efs521_20251128_201027.log
   [RUN 1/1] Executing: ./hng --m 39 --max_layer 3 --efc 856 --efs 521

============================================================
Trial: m=39, ml=3, efc=856, efs=521, Run 1/1
Timestamp: 2025-11-28T20:10:27.311965
Command: ./hng --m 39 --max_layer 3 --efc 856 --efs 521
============================================================

[ERR] Loaded base from binary cache: data_o/glove/base.txt.bin
[OUT] ========== HNSW Search Test ==========
[OUT] 
[OUT] Timestamp: Fri Nov 28 20:10:27 2025
[OUT] 
[OUT] Command line arguments:
[OUT]   argv[0]: ./hng
[OUT]   argv[1]: --m
[OUT]   argv[2]: 39
[OUT]   argv[3]: --max_layer
[OUT]   argv[4]: 3
[OUT]   argv[5]: --efc
[OUT]   argv[6]: 856
[OUT]   argv[7]: --efs
[OUT]   argv[8]: 521
[OUT] 
[OUT] Configuration:
[OUT]   Base file: data_o/glove/base.txt
[OUT]   Query file: data_o/glove/query.txt
[OUT]   Truth file: data_o/glove/truth.txt
[OUT]   K: 10
[OUT]   M: 39
[OUT]   Max layer: 3
[OUT]   EFC: 856
[OUT]   EFS: 521
[OUT]   Threads: -1
[OUT]   Debug: -1
[OUT] 
[OUT] HNSW parameters set.
[OUT] 
[OUT] Loading base vectors...
[OUT] ✓ Base loaded in 4542.572307 ms
[ERR] Loaded queries from binary cache: data_o/glove/query.txt.bin
[OUT] 
[OUT] Loading query vectors...
[OUT] ✓ Queries loaded in 82.966001 ms
[ERR] Loaded truth from binary cache: data_o/glove/truth.txt.bin
[OUT] 
[OUT] Loading ground truth...
[OUT] ✓ Truth loaded in 76.842970 ms
[OUT] 
[OUT] Data Summary:
[OUT]   Dimension d=100, Base vectors=1183514, Queries=10000
[OUT] 
[OUT] 
[OUT] Building HNSW index...
[OUT] [Progress] 119001/1183514 (10.1%) Time: 28015.34 ms
[OUT] [Progress] 238001/1183514 (20.1%) Time: 122561.37 ms
[OUT] [Progress] 357001/1183514 (30.2%) Time: 244034.26 ms
[OUT] [Progress] 476001/1183514 (40.2%) Time: 384546.97 ms
[OUT] [Progress] 595001/1183514 (50.3%) Time: 528558.77 ms
[OUT] [Progress] 714001/1183514 (60.3%) Time: 687162.40 ms
[OUT] [Progress] 834001/1183514 (70.5%) Time: 848584.48 ms
[OUT] [Progress] 953001/1183514 (80.5%) Time: 1009066.23 ms
[OUT] [Progress] 1072001/1183514 (90.6%) Time: 1174428.64 ms
[OUT] [Timing] Parallel Build: 1309192.05 ms for 1183514 points.
[OUT] [FlatHNSW] Converted 1183514 nodes, L0 size: 365225 KB, Upper size: 4051 KB
[OUT] [Timing] Flat Conversion: 502.39 ms
[OUT] ✓ Index built.
[OUT]   build_time(local)=1411606.330249 ms
[OUT]   build_time(internal)=1309192.048689 ms
[OUT] 
[OUT] 
[OUT] ========== GRAPH QUALITY ==========
[OUT] 
[OUT]   num_nodes: 1183514
[OUT] 
[OUT]   max_level (entry point): 3
[OUT] 
[OUT]   actual_max_layer: 3
[OUT] 
[OUT]   avg_degree_l0: 57.106133
[OUT] 
[OUT]   avg_degree_upper: 0.215352
[OUT] 
[OUT] 
[OUT]   Layer Distribution:
[OUT] 
[OUT]     L0: 1183514 nodes (100.00%)
[OUT] 
[OUT]     L1: 30074 nodes (2.54%)
[OUT] 
[OUT]     L2: 794 nodes (0.07%)
[OUT] 
[OUT]     L3: 21 nodes (0.00%)
[OUT] 
[OUT] 
[OUT] 
[OUT] Executing queries...
[OUT] 
[OUT]   Processed 1000 queries
[OUT] 
[OUT]   Processed 2000 queries
[OUT] 
[OUT]   Processed 3000 queries
[OUT] 
[OUT]   Processed 4000 queries
[OUT] 
[OUT]   Processed 5000 queries
[OUT] 
[OUT]   Processed 6000 queries
[OUT] 
[OUT]   Processed 7000 queries
[OUT] 
[OUT]   Processed 8000 queries
[OUT] 
[OUT]   Processed 9000 queries
[OUT] 
[OUT]   Processed 10000 queries
[OUT] 
[OUT] 
[OUT] ========== RESULTS ==========
[OUT] 
[OUT] Total queries: 10000
[OUT] 
[OUT] Average recall@10: 0.985270
[OUT] 
[OUT] Average query time: 2.555456 ms
[OUT] 
[OUT] Total query time: 25554.556652 ms
[OUT] 
[OUT] 
[OUT] ========== DISTANCE STATISTICS ==========
[OUT] 
[OUT] Total queries reported by index: 10000
[OUT] 
[OUT] Total distance computations: 227179965
[OUT] 
[OUT] Average distance ops per query: 22717.996500
[OUT] 
[OUT] Last query distance ops: 19322
[OUT] 
[OUT] 
[OUT] ========== PERFORMANCE SUMMARY ==========
[OUT] 
[OUT] Data loading time: 4702.381278 ms
[OUT] 
[OUT] Index build time: 1309192.048689 ms
[OUT] 
[OUT] Query execution time: 25554.556652 ms
[OUT] 
[OUT] Total elapsed time: 1441863.268179 ms
[OUT] 
[OUT] 
[OUT] ========== EFFICIENCY METRICS ==========
[OUT] 
[OUT] Queries per second: 391.319644
[OUT] 
[OUT] Distance ops per second: 8889998.292427
[OUT] 
[OUT] 
[OUT] ========== END OF LOG ==========
[OUT] 
[OUT] Log saved to: Log/run_20251128_201027_333.log
[OUT] 

Return Code: 0
   [PARSED] Build=1309192.05ms, Query=2.5555ms, Recall=0.9853
   [RESULT] m=39 ml=3  efc=856  efs=521  | Rec=0.9853 Time=2.5555ms Build=1309192.05ms
   [SUCCESS] Logged to Log/trial_m39_ml3_efc856_efs521_20251128_201027.log
