   [START] m=27, ml=1, efc=733, efs=367
   [LOG] Log/trial_m27_ml1_efc733_efs367_20251202_051936.log
   [RUN 1/1] Executing: ./hng --m 27 --max_layer 1 --efc 733 --efs 367

============================================================
Trial: m=27, ml=1, efc=733, efs=367, Run 1/1
Timestamp: 2025-12-02T05:19:36.826911
Command: ./hng --m 27 --max_layer 1 --efc 733 --efs 367
============================================================

[OUT] ========== HNSW Search Test ==========
[ERR] Loaded base from binary cache: data_o/glove/base.txt.bin
[OUT] 
[OUT] Timestamp: Tue Dec  2 05:19:36 2025
[OUT] 
[OUT] Command line arguments:
[OUT]   argv[0]: ./hng
[OUT]   argv[1]: --m
[OUT]   argv[2]: 27
[OUT]   argv[3]: --max_layer
[OUT]   argv[4]: 1
[OUT]   argv[5]: --efc
[OUT]   argv[6]: 733
[OUT]   argv[7]: --efs
[OUT]   argv[8]: 367
[OUT] 
[OUT] Configuration:
[OUT]   Base file: data_o/glove/base.txt
[OUT]   Query file: data_o/glove/query.txt
[OUT]   Truth file: data_o/glove/truth.txt
[OUT]   K: 10
[OUT]   M: 27
[OUT]   Max layer: 1
[OUT]   EFC: 733
[OUT]   EFS: 367
[OUT]   Threads: -1
[OUT]   Debug: -1
[OUT] 
[OUT] HNSW parameters set.
[OUT] 
[OUT] Loading base vectors...
[OUT] ✓ Base loaded in 3719.955571 ms
[ERR] Loaded queries from binary cache: data_o/glove/query.txt.bin
[OUT] 
[OUT] Loading query vectors...
[ERR] Loaded truth from binary cache: data_o/glove/truth.txt.bin
[OUT] ✓ Queries loaded in 66.138908 ms
[OUT] 
[OUT] Loading ground truth...
[OUT] ✓ Truth loaded in 67.786758 ms
[OUT] 
[OUT] Data Summary:
[OUT]   Dimension d=100, Base vectors=1183514, Queries=10000
[OUT] 
[OUT] 
[OUT] Building HNSW index...
[OUT] [Progress] 120001/1183514 (10.1%) Time: 15017.38 ms
[OUT] [Progress] 240001/1183514 (20.3%) Time: 73865.42 ms
[OUT] [Progress] 359001/1183514 (30.3%) Time: 145747.87 ms
[OUT] [Progress] 479001/1183514 (40.5%) Time: 226650.23 ms
[OUT] [Progress] 598001/1183514 (50.5%) Time: 313739.47 ms
[OUT] [Progress] 717001/1183514 (60.6%) Time: 403365.97 ms
[OUT] [Progress] 838001/1183514 (70.8%) Time: 496467.59 ms
[OUT] [Progress] 957001/1183514 (80.9%) Time: 589260.87 ms
[OUT] [Progress] 1076001/1183514 (90.9%) Time: 688429.45 ms
[OUT] [Timing] Parallel Build: 760103.76 ms for 1183514 points.
[OUT] [FlatHNSW] Converted 1183514 nodes, L0 size: 254270 KB, Upper size: 4501 KB
[OUT] [Timing] Flat Conversion: 600.26 ms
[OUT] ✓ Index built.
[OUT]   build_time(local)=723306.305753 ms
[OUT]   build_time(internal)=760103.755209 ms
[OUT] 
[OUT] 
[OUT] ========== GRAPH QUALITY ==========
[OUT] 
[OUT]   num_nodes: 1183514
[OUT] 
[OUT]   max_level (entry point): 1
[OUT] 
[OUT]   actual_max_layer: 1
[OUT] 
[OUT]   avg_degree_l0: 44.982444
[OUT] 
[OUT]   avg_degree_upper: 0.446364
[OUT] 
[OUT] 
[OUT]   Layer Distribution:
[OUT] 
[OUT]     L0: 1183514 nodes (100.00%)
[OUT] 
[OUT]     L1: 43646 nodes (3.69%)
[OUT] 
[OUT] 
[OUT] 
[OUT] Executing queries...
[OUT] 
[OUT]   Processed 1000 queries
[OUT] 
[OUT]   Processed 2000 queries
[OUT] 
[OUT]   Processed 3000 queries
[OUT] 
[OUT]   Processed 4000 queries
[OUT] 
[OUT]   Processed 5000 queries
[OUT] 
[OUT]   Processed 6000 queries
[OUT] 
[OUT]   Processed 7000 queries
[OUT] 
[OUT]   Processed 8000 queries
[OUT] 
[OUT]   Processed 9000 queries
[OUT] 
[OUT]   Processed 10000 queries
[OUT] 
[OUT] 
[OUT] ========== RESULTS ==========
[OUT] 
[OUT] Total queries: 10000
[OUT] 
[OUT] Average recall@10: 0.960750
[OUT] 
[OUT] Average query time: 0.923029 ms
[OUT] 
[OUT] Total query time: 9230.292093 ms
[OUT] 
[OUT] 
[OUT] ========== DISTANCE STATISTICS ==========
[OUT] 
[OUT] Total queries reported by index: 10000
[OUT] 
[OUT] Total distance computations: 0
[OUT] 
[OUT] Average distance ops per query: 0.000000
[OUT] 
[OUT] Last query distance ops: 0
[OUT] 
[OUT] 
[OUT] ========== PERFORMANCE SUMMARY ==========
[OUT] 
[OUT] Data loading time: 3853.881237 ms
[OUT] 
[OUT] Index build time: 760103.755209 ms
[OUT] 
[OUT] Query execution time: 9230.292093 ms
[OUT] 
[OUT] Total elapsed time: 736390.479083 ms
[OUT] 
[OUT] 
[OUT] ========== EFFICIENCY METRICS ==========
[OUT] 
[OUT] Queries per second: 1083.389334
[OUT] 
[OUT] 
[OUT] ========== END OF LOG ==========
[OUT] 
[OUT] Log saved to: Log/run_20251202_051936_847.log
[OUT] 

Return Code: 0
   [PARSED] Build=760103.76ms, Query=0.9230ms, Recall=0.9607
   [RESULT] m=27 ml=1  efc=733  efs=367  | Rec=0.9607 Time=0.9230ms Build=760103.76ms
   [SUCCESS] Logged to Log/trial_m27_ml1_efc733_efs367_20251202_051936.log
