   [START] m=42, efc=537, efs=541
   [LOG] Log/trial_m42_efc537_efs541_20251126_131104.log
   [RUN 1/1] Executing: ./hng --m 42 --efc 537 --efs 541

============================================================
Trial: m=42, efc=537, efs=541, Run 1/1
Timestamp: 2025-11-26T13:11:04.519881
Command: ./hng --m 42 --efc 537 --efs 541
============================================================

[OUT] ========== HNSW Search Test ==========
[ERR] Loaded base from binary cache: data_o/glove/base.txt.bin
[OUT] 
[OUT] Timestamp: Wed Nov 26 13:11:04 2025
[OUT] 
[OUT] Command line arguments:
[OUT]   argv[0]: ./hng
[OUT]   argv[1]: --m
[OUT]   argv[2]: 42
[OUT]   argv[3]: --efc
[OUT]   argv[4]: 537
[OUT]   argv[5]: --efs
[OUT]   argv[6]: 541
[OUT] 
[OUT] Configuration:
[OUT]   Base file: data_o/glove/base.txt
[OUT]   Query file: data_o/glove/query.txt
[OUT]   Truth file: data_o/glove/truth.txt
[OUT]   K: 10
[OUT]   M: 42
[OUT]   Max layer: -1
[OUT]   EFC: 537
[OUT]   EFS: 541
[OUT]   Threads: -1
[OUT]   Debug: -1
[OUT] 
[OUT] HNSW parameters set.
[OUT] 
[OUT] Loading base vectors...
[OUT] ✓ Base loaded in 1983.954926 ms
[ERR] Loaded queries from binary cache: data_o/glove/query.txt.bin
[OUT] 
[OUT] Loading query vectors...
[OUT] ✓ Queries loaded in 64.487325 ms
[ERR] Loaded truth from binary cache: data_o/glove/truth.txt.bin
[OUT] 
[OUT] Loading ground truth...
[OUT] ✓ Truth loaded in 64.032463 ms
[OUT] 
[OUT] Data Summary:
[OUT]   Dimension d=100, Base vectors=1183514, Queries=10000
[OUT] 
[OUT] 
[OUT] Building HNSW index...
[OUT] [Progress] 125001/1183514 (10.6%) Time: 11008.27 ms
[OUT] [Progress] 244001/1183514 (20.6%) Time: 47025.82 ms
[OUT] [Progress] 363001/1183514 (30.7%) Time: 94129.26 ms
[OUT] [Progress] 482001/1183514 (40.7%) Time: 152767.04 ms
[OUT] [Progress] 604001/1183514 (51.0%) Time: 208904.71 ms
[OUT] [Progress] 724001/1183514 (61.2%) Time: 277109.43 ms
[OUT] [Progress] 843001/1183514 (71.2%) Time: 342283.96 ms
[OUT] [Progress] 962001/1183514 (81.3%) Time: 409421.04 ms
[OUT] [Progress] 1081001/1183514 (91.3%) Time: 473564.85 ms
[OUT] [Timing] Parallel Build: 527677.95 ms for 1183514 points.
[OUT] ✓ Index built.
[OUT]   build_time(local)=533799.755821 ms
[OUT]   build_time(internal)=527677.945827 ms
[OUT] 
[OUT] 
[OUT] Executing queries...
[OUT] 
[OUT]   Processed 1000 queries
[OUT] 
[OUT]   Processed 2000 queries
[OUT] 
[OUT]   Processed 3000 queries
[OUT] 
[OUT]   Processed 4000 queries
[OUT] 
[OUT]   Processed 5000 queries
[OUT] 
[OUT]   Processed 6000 queries
[OUT] 
[OUT]   Processed 7000 queries
[OUT] 
[OUT]   Processed 8000 queries
[OUT] 
[OUT]   Processed 9000 queries
[OUT] 
[OUT]   Processed 10000 queries
[OUT] 
[OUT] 
[OUT] ========== RESULTS ==========
[OUT] 
[OUT] Total queries: 10000
[OUT] 
[OUT] Average recall@10: 0.983070
[OUT] 
[OUT] Average query time: 2.489080 ms
[OUT] 
[OUT] Total query time: 24890.797252 ms
[OUT] 
[OUT] 
[OUT] ========== DISTANCE STATISTICS ==========
[OUT] 
[OUT] Total queries reported by index: 10000
[OUT] 
[OUT] Total distance computations: 216979038
[OUT] 
[OUT] Average distance ops per query: 21697.903800
[OUT] 
[OUT] Last query distance ops: 17743
[OUT] 
[OUT] 
[OUT] ========== PERFORMANCE SUMMARY ==========
[OUT] 
[OUT] Data loading time: 2112.474714 ms
[OUT] 
[OUT] Index build time: 527677.945827 ms
[OUT] 
[OUT] Query execution time: 24890.797252 ms
[OUT] 
[OUT] Total elapsed time: 560803.027787 ms
[OUT] 
[OUT] 
[OUT] ========== EFFICIENCY METRICS ==========
[OUT] 
[OUT] Queries per second: 401.754910
[OUT] 
[OUT] Distance ops per second: 8717239.379810
[OUT] 
[OUT] 
[OUT] ========== END OF LOG ==========
[OUT] 
[OUT] Log saved to: Log/run_20251126_131104_523.log
[OUT] 

Return Code: 0
   [PARSED] Build=527677.95ms, Query=2.4891ms, Recall=0.9831
   [RESULT] m=42 efc=537  efs=541  | Rec=0.9831 Time=2.4891ms Build=527677.95ms
   [SUCCESS] Logged to Log/trial_m42_efc537_efs541_20251126_131104.log
