   [START] m=18, efc=762, efs=129
   [LOG] Log/trial_m18_efc762_efs129_20251126_174934.log
   [RUN 1/1] Executing: ./hng --m 18 --efc 762 --efs 129

============================================================
Trial: m=18, efc=762, efs=129, Run 1/1
Timestamp: 2025-11-26T17:49:34.686907
Command: ./hng --m 18 --efc 762 --efs 129
============================================================

[OUT] ========== HNSW Search Test ==========
[ERR] Loaded base from binary cache: data_o/glove/base.txt.bin
[OUT] 
[OUT] Timestamp: Wed Nov 26 17:49:34 2025
[OUT] 
[OUT] Command line arguments:
[OUT]   argv[0]: ./hng
[OUT]   argv[1]: --m
[OUT]   argv[2]: 18
[OUT]   argv[3]: --efc
[OUT]   argv[4]: 762
[OUT]   argv[5]: --efs
[OUT]   argv[6]: 129
[OUT] 
[OUT] Configuration:
[OUT]   Base file: data_o/glove/base.txt
[OUT]   Query file: data_o/glove/query.txt
[OUT]   Truth file: data_o/glove/truth.txt
[OUT]   K: 10
[OUT]   M: 18
[OUT]   Max layer: -1
[OUT]   EFC: 762
[OUT]   EFS: 129
[OUT]   Threads: -1
[OUT]   Debug: -1
[OUT] 
[OUT] HNSW parameters set.
[OUT] 
[OUT] Loading base vectors...
[OUT] ✓ Base loaded in 2013.401016 ms
[ERR] Loaded queries from binary cache: data_o/glove/query.txt.bin
[OUT] 
[OUT] Loading query vectors...
[OUT] ✓ Queries loaded in 65.774438 ms
[OUT] 
[ERR] Loaded truth from binary cache: data_o/glove/truth.txt.bin
[OUT] Loading ground truth...
[OUT] ✓ Truth loaded in 63.345940 ms
[OUT] 
[OUT] Data Summary:
[OUT]   Dimension d=100, Base vectors=1183514, Queries=10000
[OUT] 
[OUT] 
[OUT] Building HNSW index...
[OUT] ✓ Index built.
[OUT]   build_time(local)=566115.505204 ms
[OUT]   build_time(internal)=550113.963649 ms
[OUT] 
[OUT] 
[OUT] Executing queries...
[OUT] 
[OUT]   Processed 1000 queries
[OUT] 
[OUT]   Processed 2000 queries
[OUT] 
[OUT]   Processed 3000 queries
[OUT] 
[OUT]   Processed 4000 queries
[OUT] 
[OUT]   Processed 5000 queries
[OUT] 
[OUT]   Processed 6000 queries
[OUT] 
[OUT]   Processed 7000 queries
[OUT] 
[OUT]   Processed 8000 queries
[OUT] 
[OUT]   Processed 9000 queries
[OUT] 
[OUT]   Processed 10000 queries
[OUT] 
[OUT] 
[OUT] ========== RESULTS ==========
[OUT] 
[OUT] Total queries: 10000
[OUT] 
[OUT] Average recall@10: 0.867840
[OUT] 
[OUT] Average query time: 0.361472 ms
[OUT] 
[OUT] Total query time: 3614.724858 ms
[OUT] 
[OUT] 
[OUT] ========== DISTANCE STATISTICS ==========
[OUT] 
[OUT] Total queries reported by index: 10000
[OUT] 
[OUT] Total distance computations: 36895068
[OUT] 
[OUT] Average distance ops per query: 3689.506800
[OUT] 
[OUT] Last query distance ops: 3750
[OUT] 
[OUT] 
[OUT] ========== PERFORMANCE SUMMARY ==========
[OUT] 
[OUT] Data loading time: 2142.521394 ms
[OUT] 
[OUT] Index build time: 550113.963649 ms
[OUT] 
[OUT] Query execution time: 3614.724858 ms
[OUT] 
[OUT] Total elapsed time: 571872.751456 ms
[OUT] 
[OUT] 
[OUT] ========== EFFICIENCY METRICS ==========
[OUT] 
[OUT] Queries per second: 2766.462288
[OUT] 
[OUT] Distance ops per second: 10206881.422343
[OUT] 
[OUT] 
[OUT] ========== END OF LOG ==========
[OUT] 
[OUT] Log saved to: Log/run_20251126_174934_691.log
[OUT] 

Return Code: 0
   [PARSED] Build=550113.96ms, Query=0.3615ms, Recall=0.8678
   [RESULT] m=18 efc=762  efs=129  | Rec=0.8678 Time=0.3615ms Build=550113.96ms
   [SUCCESS] Logged to Log/trial_m18_efc762_efs129_20251126_174934.log
