   [START] m=54, ml=12, efc=218, efs=148
   [LOG] Log/trial_m54_ml12_efc218_efs148_20251202_012245.log
   [RUN 1/1] Executing: ./hng --m 54 --max_layer 12 --efc 218 --efs 148

============================================================
Trial: m=54, ml=12, efc=218, efs=148, Run 1/1
Timestamp: 2025-12-02T01:22:45.296789
Command: ./hng --m 54 --max_layer 12 --efc 218 --efs 148
============================================================

[OUT] ========== HNSW Search Test ==========
[ERR] Loaded base from binary cache: data_o/glove/base.txt.bin
[OUT] 
[OUT] Timestamp: Tue Dec  2 01:22:45 2025
[OUT] 
[OUT] Command line arguments:
[OUT]   argv[0]: ./hng
[OUT]   argv[1]: --m
[OUT]   argv[2]: 54
[OUT]   argv[3]: --max_layer
[OUT]   argv[4]: 12
[OUT]   argv[5]: --efc
[OUT]   argv[6]: 218
[OUT]   argv[7]: --efs
[OUT]   argv[8]: 148
[OUT] 
[OUT] Configuration:
[OUT]   Base file: data_o/glove/base.txt
[OUT]   Query file: data_o/glove/query.txt
[OUT]   Truth file: data_o/glove/truth.txt
[OUT]   K: 10
[OUT]   M: 54
[OUT]   Max layer: 12
[OUT]   EFC: 218
[OUT]   EFS: 148
[OUT]   Threads: -1
[OUT]   Debug: -1
[OUT] 
[OUT] HNSW parameters set.
[OUT] 
[OUT] Loading base vectors...
[OUT] ✓ Base loaded in 3673.758301 ms
[ERR] Loaded queries from binary cache: data_o/glove/query.txt.bin
[OUT] 
[OUT] Loading query vectors...
[ERR] Loaded truth from binary cache: data_o/glove/truth.txt.bin
[OUT] ✓ Queries loaded in 74.314747 ms
[OUT] 
[OUT] Loading ground truth...
[OUT] ✓ Truth loaded in 64.694765 ms
[OUT] 
[OUT] Data Summary:
[OUT]   Dimension d=100, Base vectors=1183514, Queries=10000
[OUT] 
[OUT] 
[OUT] Building HNSW index...
[OUT] [Progress] 125001/1183514 (10.6%) Time: 5525.04 ms
[OUT] [Progress] 245001/1183514 (20.7%) Time: 25487.06 ms
[OUT] [Progress] 364001/1183514 (30.8%) Time: 44496.64 ms
[OUT] [Progress] 485001/1183514 (41.0%) Time: 69942.53 ms
[OUT] [Progress] 608001/1183514 (51.4%) Time: 97380.18 ms
[OUT] [Progress] 727001/1183514 (61.4%) Time: 123873.68 ms
[OUT] [Progress] 846001/1183514 (71.5%) Time: 150895.73 ms
[OUT] [Progress] 965001/1183514 (81.5%) Time: 180973.09 ms
[OUT] [Progress] 1084001/1183514 (91.6%) Time: 213101.90 ms
[OUT] [Timing] Parallel Build: 236043.90 ms for 1183514 points.
[OUT] [FlatHNSW] Converted 1183514 nodes, L0 size: 503918 KB, Upper size: 2552 KB
[OUT] [Timing] Flat Conversion: 591.55 ms
[OUT] ✓ Index built.
[OUT]   build_time(local)=223963.074306 ms
[OUT]   build_time(internal)=236043.900596 ms
[OUT] 
[OUT] 
[OUT] ========== GRAPH QUALITY ==========
[OUT] 
[OUT]   num_nodes: 1183514
[OUT] 
[OUT]   max_level (entry point): 3
[OUT] 
[OUT]   actual_max_layer: 3
[OUT] 
[OUT]   avg_degree_l0: 33.675251
[OUT] 
[OUT]   avg_degree_upper: 0.142613
[OUT] 
[OUT] 
[OUT]   Layer Distribution:
[OUT] 
[OUT]     L0: 1183514 nodes (100.00%)
[OUT] 
[OUT]     L1: 21847 nodes (1.85%)
[OUT] 
[OUT]     L2: 414 nodes (0.03%)
[OUT] 
[OUT]     L3: 9 nodes (0.00%)
[OUT] 
[OUT] 
[OUT] 
[OUT] Executing queries...
[OUT] 
[OUT]   Processed 1000 queries
[OUT] 
[OUT]   Processed 2000 queries
[OUT] 
[OUT]   Processed 3000 queries
[OUT] 
[OUT]   Processed 4000 queries
[OUT] 
[OUT]   Processed 5000 queries
[OUT] 
[OUT]   Processed 6000 queries
[OUT] 
[OUT]   Processed 7000 queries
[OUT] 
[OUT]   Processed 8000 queries
[OUT] 
[OUT]   Processed 9000 queries
[OUT] 
[OUT]   Processed 10000 queries
[OUT] 
[OUT] 
[OUT] ========== RESULTS ==========
[OUT] 
[OUT] Total queries: 10000
[OUT] 
[OUT] Average recall@10: 0.897530
[OUT] 
[OUT] Average query time: 0.381183 ms
[OUT] 
[OUT] Total query time: 3811.834740 ms
[OUT] 
[OUT] 
[OUT] ========== DISTANCE STATISTICS ==========
[OUT] 
[OUT] Total queries reported by index: 10000
[OUT] 
[OUT] Total distance computations: 0
[OUT] 
[OUT] Average distance ops per query: 0.000000
[OUT] 
[OUT] Last query distance ops: 0
[OUT] 
[OUT] 
[OUT] ========== PERFORMANCE SUMMARY ==========
[OUT] 
[OUT] Data loading time: 3812.767813 ms
[OUT] 
[OUT] Index build time: 236043.900596 ms
[OUT] 
[OUT] Query execution time: 3811.834740 ms
[OUT] 
[OUT] Total elapsed time: 231587.676859 ms
[OUT] 
[OUT] 
[OUT] ========== EFFICIENCY METRICS ==========
[OUT] 
[OUT] Queries per second: 2623.408590
[OUT] 
[OUT] 
[OUT] ========== END OF LOG ==========
[OUT] 
[OUT] Log saved to: Log/run_20251202_012245_315.log
[OUT] 

Return Code: 0
   [PARSED] Build=236043.90ms, Query=0.3812ms, Recall=0.8975
   [RESULT] m=54 ml=12 efc=218  efs=148  | Rec=0.8975 Time=0.3812ms Build=236043.90ms
   [SUCCESS] Logged to Log/trial_m54_ml12_efc218_efs148_20251202_012245.log
