   [START] m=33, efc=666, efs=918
   [LOG] Log/trial_m33_efc666_efs918_20251126_034606.log
   [RUN 1/1] Executing: ./hng --m 33 --efc 666 --efs 918

============================================================
Trial: m=33, efc=666, efs=918, Run 1/1
Timestamp: 2025-11-26T03:46:06.697741
Command: ./hng --m 33 --efc 666 --efs 918
============================================================

[ERR] Loaded base from binary cache: data_o/glove/base.txt.bin
[OUT] ========== HNSW Search Test ==========
[OUT] 
[OUT] Timestamp: Wed Nov 26 03:46:06 2025
[OUT] 
[OUT] Command line arguments:
[OUT]   argv[0]: ./hng
[OUT]   argv[1]: --m
[OUT]   argv[2]: 33
[OUT]   argv[3]: --efc
[OUT]   argv[4]: 666
[OUT]   argv[5]: --efs
[OUT]   argv[6]: 918
[OUT] 
[OUT] Configuration:
[OUT]   Base file: data_o/glove/base.txt
[OUT]   Query file: data_o/glove/query.txt
[OUT]   Truth file: data_o/glove/truth.txt
[OUT]   K: 10
[OUT]   M: 33
[OUT]   Max layer: -1
[OUT]   EFC: 666
[OUT]   EFS: 918
[OUT]   Threads: -1
[OUT]   Debug: -1
[OUT] 
[OUT] HNSW parameters set.
[OUT] 
[OUT] Loading base vectors...
[OUT] ✓ Base loaded in 3535.157238 ms
[ERR] Loaded queries from binary cache: data_o/glove/query.txt.bin
[OUT] 
[OUT] Loading query vectors...
[OUT] ✓ Queries loaded in 87.061212 ms
[ERR] Loaded truth from binary cache: data_o/glove/truth.txt.bin
[OUT] 
[OUT] Loading ground truth...
[OUT] ✓ Truth loaded in 87.565369 ms
[OUT] 
[OUT] Data Summary:
[OUT]   Dimension d=100, Base vectors=1183514, Queries=10000
[OUT] 
[OUT] 
[OUT] Building HNSW index...
[OUT] [Progress] 119001/1183514 (10.1%) Time: 12017.08 ms
[OUT] [Progress] 241001/1183514 (20.4%) Time: 53408.06 ms
[OUT] [Progress] 361001/1183514 (30.5%) Time: 108362.73 ms
[OUT] [Progress] 480001/1183514 (40.6%) Time: 172273.49 ms
[OUT] [Progress] 599001/1183514 (50.6%) Time: 240654.42 ms
[OUT] [Progress] 718001/1183514 (60.7%) Time: 311566.26 ms
[OUT] [Progress] 838001/1183514 (70.8%) Time: 385977.32 ms
[OUT] [Progress] 957001/1183514 (80.9%) Time: 460391.22 ms
[OUT] [Progress] 1076001/1183514 (90.9%) Time: 539286.83 ms
[OUT] [Timing] Parallel Build: 600694.47 ms for 1183514 points.
[OUT] ✓ Index built.
[OUT]   build_time(local)=552786.204407 ms
[OUT]   build_time(internal)=600694.466179 ms
[OUT] 
[OUT] 
[OUT] Executing queries...
[OUT] 
[OUT]   Processed 1000 queries
[OUT] 
[OUT]   Processed 2000 queries
[OUT] 
[OUT]   Processed 3000 queries
[OUT] 
[OUT]   Processed 4000 queries
[OUT] 
[OUT]   Processed 5000 queries
[OUT] 
[OUT]   Processed 6000 queries
[OUT] 
[OUT]   Processed 7000 queries
[OUT] 
[OUT]   Processed 8000 queries
[OUT] 
[OUT]   Processed 9000 queries
[OUT] 
[OUT]   Processed 10000 queries
[OUT] 
[OUT] 
[OUT] ========== RESULTS ==========
[OUT] 
[OUT] Total queries: 10000
[OUT] 
[OUT] Average recall@10: 0.991720
[OUT] 
[OUT] Average query time: 3.636059 ms
[OUT] 
[OUT] Total query time: 36360.592584 ms
[OUT] 
[OUT] 
[OUT] ========== DISTANCE STATISTICS ==========
[OUT] 
[OUT] Total queries reported by index: 10000
[OUT] 
[OUT] Total distance computations: 323088287
[OUT] 
[OUT] Average distance ops per query: 32308.828700
[OUT] 
[OUT] Last query distance ops: 26209
[OUT] 
[OUT] 
[OUT] ========== PERFORMANCE SUMMARY ==========
[OUT] 
[OUT] Data loading time: 3709.783819 ms
[OUT] 
[OUT] Index build time: 600694.466179 ms
[OUT] 
[OUT] Query execution time: 36360.592584 ms
[OUT] 
[OUT] Total elapsed time: 592856.580810 ms
[OUT] 
[OUT] 
[OUT] ========== EFFICIENCY METRICS ==========
[OUT] 
[OUT] Queries per second: 275.023021
[OUT] 
[OUT] Distance ops per second: 8885671.658227
[OUT] 
[OUT] 
[OUT] ========== END OF LOG ==========
[OUT] 
[OUT] Log saved to: Log/run_20251126_034606_712.log
[OUT] 

Return Code: 0
   [PARSED] Build=600694.47ms, Query=3.6361ms, Recall=0.9917
   [RESULT] m=33 efc=666  efs=918  | Rec=0.9917 Time=3.6361ms Build=600694.47ms
   [SUCCESS] Logged to Log/trial_m33_efc666_efs918_20251126_034606.log
