   [START] m=37, efc=657, efs=822
   [LOG] Log/trial_m37_efc657_efs822_20251125_234103.log
   [RUN 1/1] Executing: ./hng --m 37 --efc 657 --efs 822

============================================================
Trial: m=37, efc=657, efs=822, Run 1/1
Timestamp: 2025-11-25T23:41:03.216961
Command: ./hng --m 37 --efc 657 --efs 822
============================================================

[OUT] ========== HNSW Search Test ==========
[ERR] Loaded base from binary cache: data_o/glove/base.txt.bin
[OUT] 
[OUT] Timestamp: Tue Nov 25 23:41:03 2025
[OUT] 
[OUT] Command line arguments:
[OUT]   argv[0]: ./hng
[OUT]   argv[1]: --m
[OUT]   argv[2]: 37
[OUT]   argv[3]: --efc
[OUT]   argv[4]: 657
[OUT]   argv[5]: --efs
[OUT]   argv[6]: 822
[OUT] 
[OUT] Configuration:
[OUT]   Base file: data_o/glove/base.txt
[OUT]   Query file: data_o/glove/query.txt
[OUT]   Truth file: data_o/glove/truth.txt
[OUT]   K: 10
[OUT]   M: 37
[OUT]   Max layer: -1
[OUT]   EFC: 657
[OUT]   EFS: 822
[OUT]   Threads: -1
[OUT]   Debug: -1
[OUT] 
[OUT] HNSW parameters set.
[OUT] 
[OUT] Loading base vectors...
[OUT] ✓ Base loaded in 3938.096151 ms
[ERR] Loaded queries from binary cache: data_o/glove/query.txt.bin
[OUT] 
[OUT] Loading query vectors...
[OUT] ✓ Queries loaded in 79.498469 ms
[ERR] Loaded truth from binary cache: data_o/glove/truth.txt.bin
[OUT] 
[OUT] Loading ground truth...
[OUT] ✓ Truth loaded in 75.444378 ms
[OUT] 
[OUT] Data Summary:
[OUT]   Dimension d=100, Base vectors=1183514, Queries=10000
[OUT] 
[OUT] 
[OUT] Building HNSW index...
[OUT] [Progress] 121001/1183514 (10.2%) Time: 16527.40 ms
[OUT] [Progress] 240001/1183514 (20.3%) Time: 66337.24 ms
[OUT] [Progress] 359001/1183514 (30.3%) Time: 124797.90 ms
[OUT] [Progress] 478001/1183514 (40.4%) Time: 202121.80 ms
[OUT] [Progress] 597001/1183514 (50.4%) Time: 280069.08 ms
[OUT] [Progress] 716001/1183514 (60.5%) Time: 361463.30 ms
