   [START] m=51, ml=19, efc=643, efs=224
   [LOG] Log/trial_m51_ml19_efc643_efs224_20251128_080605.log
   [RUN 1/1] Executing: ./hng --m 51 --max_layer 19 --efc 643 --efs 224

============================================================
Trial: m=51, ml=19, efc=643, efs=224, Run 1/1
Timestamp: 2025-11-28T08:06:05.568558
Command: ./hng --m 51 --max_layer 19 --efc 643 --efs 224
============================================================

[OUT] ========== HNSW Search Test ==========
[ERR] Loaded base from binary cache: data_o/glove/base.txt.bin
[OUT] 
[OUT] Timestamp: Fri Nov 28 08:06:05 2025
[OUT] 
[OUT] Command line arguments:
[OUT]   argv[0]: ./hng
[OUT]   argv[1]: --m
[OUT]   argv[2]: 51
[OUT]   argv[3]: --max_layer
[OUT]   argv[4]: 19
[OUT]   argv[5]: --efc
[OUT]   argv[6]: 643
[OUT]   argv[7]: --efs
[OUT]   argv[8]: 224
[OUT] 
[OUT] Configuration:
[OUT]   Base file: data_o/glove/base.txt
[OUT]   Query file: data_o/glove/query.txt
[OUT]   Truth file: data_o/glove/truth.txt
[OUT]   K: 10
[OUT]   M: 51
[OUT]   Max layer: 19
[OUT]   EFC: 643
[OUT]   EFS: 224
[OUT]   Threads: -1
[OUT]   Debug: -1
[OUT] 
[OUT] HNSW parameters set.
[OUT] 
[OUT] Loading base vectors...
[OUT] ✓ Base loaded in 2286.758435 ms
[ERR] Loaded queries from binary cache: data_o/glove/query.txt.bin
[OUT] 
[OUT] Loading query vectors...
[OUT] ✓ Queries loaded in 73.054760 ms
[ERR] Loaded truth from binary cache: data_o/glove/truth.txt.bin
[OUT] 
[OUT] Loading ground truth...
[OUT] ✓ Truth loaded in 83.879718 ms
[OUT] 
[OUT] Data Summary:
[OUT]   Dimension d=100, Base vectors=1183514, Queries=10000
[OUT] 
[OUT] 
[OUT] Building HNSW index...
[OUT] [Progress] 121001/1183514 (10.2%) Time: 22523.41 ms
[OUT] [Progress] 240001/1183514 (20.3%) Time: 93822.27 ms
[OUT] [Progress] 359001/1183514 (30.3%) Time: 187684.47 ms
[OUT] [Progress] 478001/1183514 (40.4%) Time: 294093.75 ms
[OUT] [Progress] 597001/1183514 (50.4%) Time: 404037.82 ms
[OUT] [Progress] 716001/1183514 (60.5%) Time: 523999.03 ms
[OUT] [Progress] 835001/1183514 (70.6%) Time: 647448.60 ms
[OUT] [Progress] 954001/1183514 (80.6%) Time: 770370.50 ms
[OUT] [Progress] 1073001/1183514 (90.7%) Time: 901865.36 ms
[OUT] [Timing] Parallel Build: 1006010.39 ms for 1183514 points.
[OUT] [FlatHNSW] Converted 1183514 nodes, L0 size: 476179 KB, Upper size: 3271 KB
[OUT] [Timing] Flat Conversion: 583.02 ms
[OUT] ✓ Index built.
[OUT]   build_time(local)=1108047.482219 ms
[OUT]   build_time(internal)=1006010.389600 ms
[OUT] 
[OUT] 
[OUT] ========== GRAPH QUALITY ==========
[OUT] 
[OUT]   num_nodes: 1183514
[OUT] 
[OUT]   max_level (entry point): 4
[OUT] 
[OUT]   actual_max_layer: 4
[OUT] 
[OUT]   avg_degree_l0: 56.129640
[OUT] 
[OUT]   avg_degree_upper: 0.150054
[OUT] 
[OUT] 
[OUT]   Layer Distribution:
[OUT] 
[OUT]     L0: 1183514 nodes (100.00%)
[OUT] 
[OUT]     L1: 23445 nodes (1.98%)
[OUT] 
[OUT]     L2: 423 nodes (0.04%)
[OUT] 
[OUT]     L3: 9 nodes (0.00%)
[OUT] 
[OUT]     L4: 1 nodes (0.00%)
[OUT] 
[OUT] 
[OUT] 
[OUT] Executing queries...
[OUT] 
[OUT]   Processed 1000 queries
[OUT] 
[OUT]   Processed 2000 queries
[OUT] 
[OUT]   Processed 3000 queries
[OUT] 
[OUT]   Processed 4000 queries
[OUT] 
[OUT]   Processed 5000 queries
[OUT] 
[OUT]   Processed 6000 queries
[OUT] 
[OUT]   Processed 7000 queries
[OUT] 
[OUT]   Processed 8000 queries
[OUT] 
[OUT]   Processed 9000 queries
[OUT] 
[OUT]   Processed 10000 queries
[OUT] 
[OUT] 
[OUT] ========== RESULTS ==========
[OUT] 
[OUT] Total queries: 10000
[OUT] 
[OUT] Average recall@10: 0.955160
[OUT] 
[OUT] Average query time: 1.174589 ms
[OUT] 
[OUT] Total query time: 11745.888639 ms
[OUT] 
[OUT] 
[OUT] ========== DISTANCE STATISTICS ==========
[OUT] 
[OUT] Total queries reported by index: 10000
[OUT] 
[OUT] Total distance computations: 111493387
[OUT] 
[OUT] Average distance ops per query: 11149.338700
[OUT] 
[OUT] Last query distance ops: 9713
[OUT] 
[OUT] 
[OUT] ========== PERFORMANCE SUMMARY ==========
[OUT] 
[OUT] Data loading time: 2443.692913 ms
[OUT] 
[OUT] Index build time: 1006010.389600 ms
[OUT] 
[OUT] Query execution time: 11745.888639 ms
[OUT] 
[OUT] Total elapsed time: 1122237.063771 ms
[OUT] 
[OUT] 
[OUT] ========== EFFICIENCY METRICS ==========
[OUT] 
[OUT] Queries per second: 851.361724
[OUT] 
[OUT] Distance ops per second: 9492120.215563
[OUT] 
[OUT] 
[OUT] ========== END OF LOG ==========
[OUT] 
[OUT] Log saved to: Log/run_20251128_080605_573.log
[OUT] 

Return Code: 0
   [PARSED] Build=1006010.39ms, Query=1.1746ms, Recall=0.9552
   [RESULT] m=51 ml=19 efc=643  efs=224  | Rec=0.9552 Time=1.1746ms Build=1006010.39ms
   [SUCCESS] Logged to Log/trial_m51_ml19_efc643_efs224_20251128_080605.log
