   [START] m=46, ml=12, efc=881, efs=232
   [LOG] Log/trial_m46_ml12_efc881_efs232_20251128_023518.log
   [RUN 1/1] Executing: ./hng --m 46 --max_layer 12 --efc 881 --efs 232

============================================================
Trial: m=46, ml=12, efc=881, efs=232, Run 1/1
Timestamp: 2025-11-28T02:35:18.180383
Command: ./hng --m 46 --max_layer 12 --efc 881 --efs 232
============================================================

[OUT] ========== HNSW Search Test ==========
[ERR] Loaded base from binary cache: data_o/glove/base.txt.bin
[OUT] 
[OUT] Timestamp: Fri Nov 28 02:35:18 2025
[OUT] 
[OUT] Command line arguments:
[OUT]   argv[0]: ./hng
[OUT]   argv[1]: --m
[OUT]   argv[2]: 46
[OUT]   argv[3]: --max_layer
[OUT]   argv[4]: 12
[OUT]   argv[5]: --efc
[OUT]   argv[6]: 881
[OUT]   argv[7]: --efs
[OUT]   argv[8]: 232
[OUT] 
[OUT] Configuration:
[OUT]   Base file: data_o/glove/base.txt
[OUT]   Query file: data_o/glove/query.txt
[OUT]   Truth file: data_o/glove/truth.txt
[OUT]   K: 10
[OUT]   M: 46
[OUT]   Max layer: 12
[OUT]   EFC: 881
[OUT]   EFS: 232
[OUT]   Threads: -1
[OUT]   Debug: -1
[OUT] 
[OUT] HNSW parameters set.
[OUT] 
[OUT] Loading base vectors...
[OUT] ✓ Base loaded in 2254.271967 ms
[ERR] Loaded queries from binary cache: data_o/glove/query.txt.bin
[OUT] 
[OUT] Loading query vectors...
[OUT] ✓ Queries loaded in 76.527735 ms
[ERR] Loaded truth from binary cache: data_o/glove/truth.txt.bin
[OUT] 
[OUT] Loading ground truth...
[OUT] ✓ Truth loaded in 81.291344 ms
[OUT] 
[OUT] Data Summary:
[OUT]   Dimension d=100, Base vectors=1183514, Queries=10000
[OUT] 
[OUT] 
[OUT] Building HNSW index...
[OUT] [Progress] 120001/1183514 (10.1%) Time: 27607.80 ms
[OUT] [Progress] 239001/1183514 (20.2%) Time: 126868.26 ms
[OUT] [Progress] 358001/1183514 (30.2%) Time: 257764.27 ms
[OUT] [Progress] 479001/1183514 (40.5%) Time: 408248.22 ms
[OUT] [Progress] 598001/1183514 (50.5%) Time: 566257.71 ms
[OUT] [Progress] 718001/1183514 (60.7%) Time: 732719.69 ms
[OUT] [Progress] 838001/1183514 (70.8%) Time: 906825.33 ms
[OUT] [Progress] 957001/1183514 (80.9%) Time: 1090416.48 ms
[OUT] [Progress] 1077001/1183514 (91.0%) Time: 1272484.67 ms
[OUT] [Timing] Parallel Build: 1412811.95 ms for 1183514 points.
[OUT] [FlatHNSW] Converted 1183514 nodes, L0 size: 429948 KB, Upper size: 3675 KB
[OUT] [Timing] Flat Conversion: 666.34 ms
[OUT] ✓ Index built.
[OUT]   build_time(local)=1556189.658600 ms
[OUT]   build_time(internal)=1412811.950941 ms
[OUT] 
[OUT] 
[OUT] ========== GRAPH QUALITY ==========
[OUT] 
[OUT]   num_nodes: 1183514
[OUT] 
[OUT]   max_level (entry point): 3
[OUT] 
[OUT]   actual_max_layer: 3
[OUT] 
[OUT]   avg_degree_l0: 60.906859
[OUT] 
[OUT]   avg_degree_upper: 0.198693
[OUT] 
[OUT] 
[OUT]   Layer Distribution:
[OUT] 
[OUT]     L0: 1183514 nodes (100.00%)
[OUT] 
[OUT]     L1: 26058 nodes (2.20%)
[OUT] 
[OUT]     L2: 552 nodes (0.05%)
[OUT] 
[OUT]     L3: 14 nodes (0.00%)
[OUT] 
[OUT] 
[OUT] 
[OUT] Executing queries...
[OUT] 
[OUT]   Processed 1000 queries
[OUT] 
[OUT]   Processed 2000 queries
[OUT] 
[OUT]   Processed 3000 queries
[OUT] 
[OUT]   Processed 4000 queries
[OUT] 
[OUT]   Processed 5000 queries
[OUT] 
[OUT]   Processed 6000 queries
[OUT] 
[OUT]   Processed 7000 queries
[OUT] 
[OUT]   Processed 8000 queries
[OUT] 
[OUT]   Processed 9000 queries
[OUT] 
[OUT]   Processed 10000 queries
[OUT] 
[OUT] 
[OUT] ========== RESULTS ==========
[OUT] 
[OUT] Total queries: 10000
[OUT] 
[OUT] Average recall@10: 0.959640
[OUT] 
[OUT] Average query time: 1.245403 ms
[OUT] 
[OUT] Total query time: 12454.034099 ms
[OUT] 
[OUT] 
[OUT] ========== DISTANCE STATISTICS ==========
[OUT] 
[OUT] Total queries reported by index: 10000
[OUT] 
[OUT] Total distance computations: 121038571
[OUT] 
[OUT] Average distance ops per query: 12103.857100
[OUT] 
[OUT] Last query distance ops: 10858
[OUT] 
[OUT] 
[OUT] ========== PERFORMANCE SUMMARY ==========
[OUT] 
[OUT] Data loading time: 2412.091046 ms
[OUT] 
[OUT] Index build time: 1412811.950941 ms
[OUT] 
[OUT] Query execution time: 12454.034099 ms
[OUT] 
[OUT] Total elapsed time: 1571055.783745 ms
[OUT] 
[OUT] 
[OUT] ========== EFFICIENCY METRICS ==========
[OUT] 
[OUT] Queries per second: 802.952675
[OUT] 
[OUT] Distance ops per second: 9718824.441770
[OUT] 
[OUT] 
[OUT] ========== END OF LOG ==========
[OUT] 
[OUT] Log saved to: Log/run_20251128_023518_185.log
[OUT] 

Return Code: 0
   [PARSED] Build=1412811.95ms, Query=1.2454ms, Recall=0.9596
   [RESULT] m=46 ml=12 efc=881  efs=232  | Rec=0.9596 Time=1.2454ms Build=1412811.95ms
   [SUCCESS] Logged to Log/trial_m46_ml12_efc881_efs232_20251128_023518.log
