   [START] m=57, ml=6, efc=720, efs=847
   [LOG] Log/trial_m57_ml6_efc720_efs847_20251201_224919.log
   [RUN 1/1] Executing: ./hng --m 57 --max_layer 6 --efc 720 --efs 847

============================================================
Trial: m=57, ml=6, efc=720, efs=847, Run 1/1
Timestamp: 2025-12-01T22:49:19.523496
Command: ./hng --m 57 --max_layer 6 --efc 720 --efs 847
============================================================

[OUT] ========== HNSW Search Test ==========
[ERR] Loaded base from binary cache: data_o/glove/base.txt.bin
[OUT] 
[OUT] Timestamp: Mon Dec  1 22:49:19 2025
[OUT] 
[OUT] Command line arguments:
[OUT]   argv[0]: ./hng
[OUT]   argv[1]: --m
[OUT]   argv[2]: 57
[OUT]   argv[3]: --max_layer
[OUT]   argv[4]: 6
[OUT]   argv[5]: --efc
[OUT]   argv[6]: 720
[OUT]   argv[7]: --efs
[OUT]   argv[8]: 847
[OUT] 
[OUT] Configuration:
[OUT]   Base file: data_o/glove/base.txt
[OUT]   Query file: data_o/glove/query.txt
[OUT]   Truth file: data_o/glove/truth.txt
[OUT]   K: 10
[OUT]   M: 57
[OUT]   Max layer: 6
[OUT]   EFC: 720
[OUT]   EFS: 847
[OUT]   Threads: -1
[OUT]   Debug: -1
[OUT] 
[OUT] HNSW parameters set.
[OUT] 
[OUT] Loading base vectors...
[OUT] ✓ Base loaded in 3836.622404 ms
[ERR] Loaded queries from binary cache: data_o/glove/query.txt.bin
[OUT] 
[OUT] Loading query vectors...
[OUT] ✓ Queries loaded in 75.371950 ms
[ERR] Loaded truth from binary cache: data_o/glove/truth.txt.bin
[OUT] 
[OUT] Loading ground truth...
