   [START] m=61, efc=840, efs=674
   [LOG] Log/trial_m61_efc840_efs674_20251125_212954.log
   [RUN 1/1] Executing: ./hng --m 61 --efc 840 --efs 674

============================================================
Trial: m=61, efc=840, efs=674, Run 1/1
Timestamp: 2025-11-25T21:29:54.139710
Command: ./hng --m 61 --efc 840 --efs 674
============================================================

[OUT] ========== HNSW Search Test ==========
[OUT] 
[ERR] Loaded base from binary cache: data_o/glove/base.txt.bin
[OUT] Timestamp: Tue Nov 25 21:29:54 2025
[OUT] 
[OUT] Command line arguments:
[OUT]   argv[0]: ./hng
[OUT]   argv[1]: --m
[OUT]   argv[2]: 61
[OUT]   argv[3]: --efc
[OUT]   argv[4]: 840
[OUT]   argv[5]: --efs
[OUT]   argv[6]: 674
[OUT] 
[OUT] Configuration:
[OUT]   Base file: data_o/glove/base.txt
[OUT]   Query file: data_o/glove/query.txt
[OUT]   Truth file: data_o/glove/truth.txt
[OUT]   K: 10
[OUT]   M: 61
[OUT]   Max layer: -1
[OUT]   EFC: 840
[OUT]   EFS: 674
[OUT]   Threads: -1
[OUT]   Debug: -1
[OUT] 
[OUT] HNSW parameters set.
[OUT] 
[OUT] Loading base vectors...
[OUT] ✓ Base loaded in 3475.571697 ms
[ERR] Loaded queries from binary cache: data_o/glove/query.txt.bin
[OUT] 
[OUT] Loading query vectors...
[OUT] ✓ Queries loaded in 81.365802 ms
[ERR] Loaded truth from binary cache: data_o/glove/truth.txt.bin
[OUT] 
[OUT] Loading ground truth...
[OUT] ✓ Truth loaded in 78.092015 ms
[OUT] 
[OUT] Data Summary:
[OUT]   Dimension d=100, Base vectors=1183514, Queries=10000
[OUT] 
[OUT] 
[OUT] Building HNSW index...
[OUT] [Progress] 122001/1183514 (10.3%) Time: 16518.34 ms
[OUT] [Progress] 241001/1183514 (20.4%) Time: 79376.36 ms
[OUT] [Progress] 360001/1183514 (30.4%) Time: 171609.96 ms
[OUT] [Progress] 479001/1183514 (40.5%) Time: 272028.12 ms
[OUT] [Progress] 598001/1183514 (50.5%) Time: 374831.17 ms
[OUT] [Progress] 717001/1183514 (60.6%) Time: 488295.78 ms
[OUT] [Progress] 837001/1183514 (70.7%) Time: 615566.63 ms
[OUT] [Progress] 956001/1183514 (80.8%) Time: 738985.46 ms
[OUT] [Progress] 1075001/1183514 (90.8%) Time: 871799.38 ms
[OUT] [Timing] Parallel Build: 973582.30 ms for 1183514 points.
[OUT] ✓ Index built.
[OUT]   build_time(local)=900516.851581 ms
[OUT]   build_time(internal)=973582.300464 ms
[OUT] 
[OUT] 
[OUT] Executing queries...
[OUT] 
[OUT]   Processed 1000 queries
[OUT] 
[OUT]   Processed 2000 queries
[OUT] 
[OUT]   Processed 3000 queries
[OUT] 
[OUT]   Processed 4000 queries
[OUT] 
[OUT]   Processed 5000 queries
[OUT] 
[OUT]   Processed 6000 queries
[OUT] 
[OUT]   Processed 7000 queries
[OUT] 
[OUT]   Processed 8000 queries
[OUT] 
[OUT]   Processed 9000 queries
[OUT] 
[OUT]   Processed 10000 queries
[OUT] 
[OUT] 
[OUT] ========== RESULTS ==========
[OUT] 
[OUT] Total queries: 10000
[OUT] 
[OUT] Average recall@10: 0.992640
[OUT] 
[OUT] Average query time: 3.392421 ms
[OUT] 
[OUT] Total query time: 33924.210716 ms
[OUT] 
[OUT] 
[OUT] ========== DISTANCE STATISTICS ==========
[OUT] 
[OUT] Total queries reported by index: 10000
[OUT] 
[OUT] Total distance computations: 327425312
[OUT] 
[OUT] Average distance ops per query: 32742.531200
[OUT] 
[OUT] Last query distance ops: 24454
[OUT] 
[OUT] 
[OUT] ========== PERFORMANCE SUMMARY ==========
[OUT] 
[OUT] Data loading time: 3635.029514 ms
[OUT] 
[OUT] Index build time: 973582.300464 ms
[OUT] 
[OUT] Query execution time: 33924.210716 ms
[OUT] 
[OUT] Total elapsed time: 938076.091811 ms
[OUT] 
[OUT] 
[OUT] ========== EFFICIENCY METRICS ==========
[OUT] 
[OUT] Queries per second: 294.774728
[OUT] 
[OUT] Distance ops per second: 9651670.741615
[OUT] 
[OUT] 
[OUT] ========== END OF LOG ==========
[OUT] 
[OUT] Log saved to: Log/run_20251125_212954_153.log
[OUT] 

Return Code: 0
   [PARSED] Build=973582.30ms, Query=3.3924ms, Recall=0.9926
   [RESULT] m=61 efc=840  efs=674  | Rec=0.9926 Time=3.3924ms Build=973582.30ms
   [SUCCESS] Logged to Log/trial_m61_efc840_efs674_20251125_212954.log
