   [START] m=39, ml=15, efc=856, efs=521
   [LOG] Log/trial_m39_ml15_efc856_efs521_20251129_003125.log
   [RUN 1/1] Executing: ./hng --m 39 --max_layer 15 --efc 856 --efs 521

============================================================
Trial: m=39, ml=15, efc=856, efs=521, Run 1/1
Timestamp: 2025-11-29T00:31:25.598788
Command: ./hng --m 39 --max_layer 15 --efc 856 --efs 521
============================================================

[OUT] ========== HNSW Search Test ==========
[ERR] Loaded base from binary cache: data_o/glove/base.txt.bin
[OUT] 
[OUT] Timestamp: Sat Nov 29 00:31:25 2025
[OUT] 
[OUT] Command line arguments:
[OUT]   argv[0]: ./hng
[OUT]   argv[1]: --m
[OUT]   argv[2]: 39
[OUT]   argv[3]: --max_layer
[OUT]   argv[4]: 15
[OUT]   argv[5]: --efc
[OUT]   argv[6]: 856
[OUT]   argv[7]: --efs
[OUT]   argv[8]: 521
[OUT] 
[OUT] Configuration:
[OUT]   Base file: data_o/glove/base.txt
[OUT]   Query file: data_o/glove/query.txt
[OUT]   Truth file: data_o/glove/truth.txt
[OUT]   K: 10
[OUT]   M: 39
[OUT]   Max layer: 15
[OUT]   EFC: 856
[OUT]   EFS: 521
[OUT]   Threads: -1
[OUT]   Debug: -1
[OUT] 
[OUT] HNSW parameters set.
[OUT] 
[OUT] Loading base vectors...
[OUT] ✓ Base loaded in 3247.382443 ms
[ERR] Loaded queries from binary cache: data_o/glove/query.txt.bin
[OUT] 
[OUT] Loading query vectors...
[OUT] ✓ Queries loaded in 70.141958 ms
[ERR] Loaded truth from binary cache: data_o/glove/truth.txt.bin
[OUT] 
[OUT] Loading ground truth...
[OUT] ✓ Truth loaded in 87.765537 ms
[OUT] 
[OUT] Data Summary:
[OUT]   Dimension d=100, Base vectors=1183514, Queries=10000
[OUT] 
[OUT] 
[OUT] Building HNSW index...
[OUT] [Progress] 120001/1183514 (10.1%) Time: 28948.02 ms
[OUT] [Progress] 239001/1183514 (20.2%) Time: 122293.35 ms
[OUT] [Progress] 358001/1183514 (30.2%) Time: 246685.13 ms
