   [START] m=55, ml=19, efc=832, efs=1096
   [LOG] Log/trial_m55_ml19_efc832_efs1096_20251126_193613.log
   [RUN 1/1] Executing: ./hng --m 55 --max_layer 19 --efc 832 --efs 1096

============================================================
Trial: m=55, ml=19, efc=832, efs=1096, Run 1/1
Timestamp: 2025-11-26T19:36:13.017718
Command: ./hng --m 55 --max_layer 19 --efc 832 --efs 1096
============================================================

[OUT] ========== HNSW Search Test ==========
[ERR] Loaded base from binary cache: data_o/glove/base.txt.bin
[OUT] 
[OUT] Timestamp: Wed Nov 26 19:36:13 2025
[OUT] 
[OUT] Command line arguments:
[OUT]   argv[0]: ./hng
[OUT]   argv[1]: --m
[OUT]   argv[2]: 55
[OUT]   argv[3]: --max_layer
[OUT]   argv[4]: 19
[OUT]   argv[5]: --efc
[OUT]   argv[6]: 832
[OUT]   argv[7]: --efs
[OUT]   argv[8]: 1096
[OUT] 
[OUT] Configuration:
[OUT]   Base file: data_o/glove/base.txt
[OUT]   Query file: data_o/glove/query.txt
[OUT]   Truth file: data_o/glove/truth.txt
[OUT]   K: 10
[OUT]   M: 55
[OUT]   Max layer: 19
[OUT]   EFC: 832
[OUT]   EFS: 1096
[OUT]   Threads: -1
[OUT]   Debug: -1
[OUT] 
[OUT] HNSW parameters set.
[OUT] 
[OUT] Loading base vectors...
[OUT] ✓ Base loaded in 2049.716828 ms
[ERR] Loaded queries from binary cache: data_o/glove/query.txt.bin
[OUT] 
[OUT] Loading query vectors...
[OUT] ✓ Queries loaded in 66.952687 ms
[ERR] Loaded truth from binary cache: data_o/glove/truth.txt.bin
[OUT] 
[OUT] Loading ground truth...
[OUT] ✓ Truth loaded in 65.585953 ms
[OUT] 
[OUT] Data Summary:
[OUT]   Dimension d=100, Base vectors=1183514, Queries=10000
[OUT] 
[OUT] 
[OUT] Building HNSW index...
[OUT] [Progress] 119001/1183514 (10.1%) Time: 22931.13 ms
[OUT] [Progress] 238001/1183514 (20.1%) Time: 111239.55 ms
[OUT] [Progress] 357001/1183514 (30.2%) Time: 233988.18 ms
[OUT] [Progress] 476001/1183514 (40.2%) Time: 368192.73 ms
[OUT] [Progress] 595001/1183514 (50.3%) Time: 515162.81 ms
