   [START] m=20, efc=987, efs=1633
   [LOG] Log/trial_m20_efc987_efs1633_20251126_090716.log
   [RUN 1/1] Executing: ./hng --m 20 --efc 987 --efs 1633

============================================================
Trial: m=20, efc=987, efs=1633, Run 1/1
Timestamp: 2025-11-26T09:07:16.355087
Command: ./hng --m 20 --efc 987 --efs 1633
============================================================

[OUT] ========== HNSW Search Test ==========
[ERR] Loaded base from binary cache: data_o/glove/base.txt.bin
[OUT] 
[OUT] Timestamp: Wed Nov 26 09:07:16 2025
[OUT] 
[OUT] Command line arguments:
[OUT]   argv[0]: ./hng
[OUT]   argv[1]: --m
[OUT]   argv[2]: 20
[OUT]   argv[3]: --efc
[OUT]   argv[4]: 987
[OUT]   argv[5]: --efs
[OUT]   argv[6]: 1633
[OUT] 
[OUT] Configuration:
[OUT]   Base file: data_o/glove/base.txt
[OUT]   Query file: data_o/glove/query.txt
[OUT]   Truth file: data_o/glove/truth.txt
[OUT]   K: 10
[OUT]   M: 20
[OUT]   Max layer: -1
[OUT]   EFC: 987
[OUT]   EFS: 1633
[OUT]   Threads: -1
[OUT]   Debug: -1
[OUT] 
[OUT] HNSW parameters set.
[OUT] 
[OUT] Loading base vectors...
[OUT] ✓ Base loaded in 4177.622391 ms
[ERR] Loaded queries from binary cache: data_o/glove/query.txt.bin
[OUT] 
[OUT] Loading query vectors...
[OUT] ✓ Queries loaded in 92.691442 ms
[OUT] 
[ERR] Loaded truth from binary cache: data_o/glove/truth.txt.bin
[OUT] Loading ground truth...
[OUT] ✓ Truth loaded in 90.026390 ms
[OUT] 
[OUT] Data Summary:
[OUT]   Dimension d=100, Base vectors=1183514, Queries=10000
[OUT] 
[OUT] 
[OUT] Building HNSW index...
[OUT] [Progress] 119001/1183514 (10.1%) Time: 14513.07 ms
[OUT] [Progress] 238001/1183514 (20.1%) Time: 55540.52 ms
[OUT] [Progress] 358001/1183514 (30.2%) Time: 111070.89 ms
[OUT] [Progress] 479001/1183514 (40.5%) Time: 173606.03 ms
[OUT] [Progress] 600001/1183514 (50.7%) Time: 249675.49 ms
[OUT] [Progress] 719001/1183514 (60.8%) Time: 320228.42 ms
[OUT] [Progress] 839001/1183514 (70.9%) Time: 396269.13 ms
[OUT] [Progress] 958001/1183514 (80.9%) Time: 472310.27 ms
[OUT] [Progress] 1077001/1183514 (91.0%) Time: 558954.98 ms
[OUT] [Timing] Parallel Build: 618019.19 ms for 1183514 points.
[OUT] ✓ Index built.
[OUT]   build_time(local)=619786.718655 ms
[OUT]   build_time(internal)=618019.186570 ms
[OUT] 
[OUT] 
[OUT] Executing queries...
[OUT] 
[OUT]   Processed 1000 queries
[OUT] 
[OUT]   Processed 2000 queries
[OUT] 
[OUT]   Processed 3000 queries
[OUT] 
[OUT]   Processed 4000 queries
[OUT] 
[OUT]   Processed 5000 queries
[OUT] 
[OUT]   Processed 6000 queries
[OUT] 
[OUT]   Processed 7000 queries
[OUT] 
[OUT]   Processed 8000 queries
[OUT] 
[OUT]   Processed 9000 queries
[OUT] 
[OUT]   Processed 10000 queries
[OUT] 
[OUT] 
[OUT] ========== RESULTS ==========
[OUT] 
[OUT] Total queries: 10000
[OUT] 
[OUT] Average recall@10: 0.990080
[OUT] 
[OUT] Average query time: 5.659659 ms
[OUT] 
[OUT] Total query time: 56596.586897 ms
[OUT] 
[OUT] 
[OUT] ========== DISTANCE STATISTICS ==========
[OUT] 
[OUT] Total queries reported by index: 10000
[OUT] 
[OUT] Total distance computations: 371131667
[OUT] 
[OUT] Average distance ops per query: 37113.166700
[OUT] 
[OUT] Last query distance ops: 30711
[OUT] 
[OUT] 
[OUT] ========== PERFORMANCE SUMMARY ==========
[OUT] 
[OUT] Data loading time: 4360.340223 ms
[OUT] 
[OUT] Index build time: 618019.186570 ms
[OUT] 
[OUT] Query execution time: 56596.586897 ms
[OUT] 
[OUT] Total elapsed time: 680743.645775 ms
[OUT] 
[OUT] 
[OUT] ========== EFFICIENCY METRICS ==========
[OUT] 
[OUT] Queries per second: 176.689100
[OUT] 
[OUT] Distance ops per second: 6557492.021125
[OUT] 
[OUT] 
[OUT] ========== END OF LOG ==========
[OUT] 
[OUT] Log saved to: Log/run_20251126_090716_373.log
[OUT] 

Return Code: 0
   [PARSED] Build=618019.19ms, Query=5.6597ms, Recall=0.9901
   [RESULT] m=20 efc=987  efs=1633 | Rec=0.9901 Time=5.6597ms Build=618019.19ms
   [SUCCESS] Logged to Log/trial_m20_efc987_efs1633_20251126_090716.log
