   [START] m=45, ml=13, efc=566, efs=726
   [LOG] Log/trial_m45_ml13_efc566_efs726_20251127_022004.log
   [RUN 1/1] Executing: ./hng --m 45 --max_layer 13 --efc 566 --efs 726

============================================================
Trial: m=45, ml=13, efc=566, efs=726, Run 1/1
Timestamp: 2025-11-27T02:20:04.366284
Command: ./hng --m 45 --max_layer 13 --efc 566 --efs 726
============================================================

[OUT] ========== HNSW Search Test ==========
[ERR] Loaded base from binary cache: data_o/glove/base.txt.bin
[OUT] 
[OUT] Timestamp: Thu Nov 27 02:20:04 2025
[OUT] 
[OUT] Command line arguments:
[OUT]   argv[0]: ./hng
[OUT]   argv[1]: --m
[OUT]   argv[2]: 45
[OUT]   argv[3]: --max_layer
[OUT]   argv[4]: 13
[OUT]   argv[5]: --efc
[OUT]   argv[6]: 566
[OUT]   argv[7]: --efs
[OUT]   argv[8]: 726
[OUT] 
[OUT] Configuration:
[OUT]   Base file: data_o/glove/base.txt
[OUT]   Query file: data_o/glove/query.txt
[OUT]   Truth file: data_o/glove/truth.txt
[OUT]   K: 10
[OUT]   M: 45
[OUT]   Max layer: 13
[OUT]   EFC: 566
[OUT]   EFS: 726
[OUT]   Threads: -1
[OUT]   Debug: -1
[OUT] 
[OUT] HNSW parameters set.
[OUT] 
[OUT] Loading base vectors...
[OUT] ✓ Base loaded in 2091.572860 ms
[ERR] Loaded queries from binary cache: data_o/glove/query.txt.bin
[OUT] 
[OUT] Loading query vectors...
[OUT] ✓ Queries loaded in 69.516988 ms
[ERR] Loaded truth from binary cache: data_o/glove/truth.txt.bin
[OUT] 
[OUT] Loading ground truth...
[OUT] ✓ Truth loaded in 66.692389 ms
[OUT] 
[OUT] Data Summary:
[OUT]   Dimension d=100, Base vectors=1183514, Queries=10000
[OUT] 
[OUT] 
[OUT] Building HNSW index...
[OUT] [Progress] 119001/1183514 (10.1%) Time: 17274.25 ms
[OUT] [Progress] 239001/1183514 (20.2%) Time: 75588.93 ms
[OUT] [Progress] 358001/1183514 (30.2%) Time: 154181.28 ms
[OUT] [Progress] 477001/1183514 (40.3%) Time: 245491.07 ms
[OUT] [Progress] 596001/1183514 (50.4%) Time: 333929.57 ms
[OUT] [Progress] 715001/1183514 (60.4%) Time: 431057.12 ms
[OUT] [Progress] 834001/1183514 (70.5%) Time: 528811.70 ms
[OUT] [Progress] 953001/1183514 (80.5%) Time: 636363.11 ms
[OUT] [Progress] 1072001/1183514 (90.6%) Time: 735081.85 ms
[OUT] [Timing] Parallel Build: 820335.34 ms for 1183514 points.
[OUT] [FlatHNSW] Converted 1183514 nodes, L0 size: 420702 KB, Upper size: 3598 KB
[OUT] [Timing] Flat Conversion: 687.83 ms
[OUT] ✓ Index built.
[OUT]   build_time(local)=857880.368668 ms
[OUT]   build_time(internal)=820335.335613 ms
[OUT] 
[OUT] 
[OUT] ========== GRAPH QUALITY ==========
[OUT] 
[OUT]   num_nodes: 1183514
[OUT] 
[OUT]   max_level (entry point): 3
[OUT] 
[OUT]   actual_max_layer: 3
[OUT] 
[OUT]   avg_degree_l0: 52.629324
[OUT] 
[OUT]   avg_degree_upper: 0.191485
[OUT] 
[OUT] 
[OUT]   Layer Distribution:
[OUT] 
[OUT]     L0: 1183514 nodes (100.00%)
[OUT] 
[OUT]     L1: 26270 nodes (2.22%)
[OUT] 
[OUT]     L2: 584 nodes (0.05%)
[OUT] 
[OUT]     L3: 15 nodes (0.00%)
[OUT] 
[OUT] 
[OUT] 
[OUT] Executing queries...
[OUT] 
[OUT]   Processed 1000 queries
[OUT] 
[OUT]   Processed 2000 queries
[OUT] 
[OUT]   Processed 3000 queries
[OUT] 
[OUT]   Processed 4000 queries
[OUT] 
[OUT]   Processed 5000 queries
[OUT] 
[OUT]   Processed 6000 queries
[OUT] 
[OUT]   Processed 7000 queries
[OUT] 
[OUT]   Processed 8000 queries
[OUT] 
[OUT]   Processed 9000 queries
[OUT] 
[OUT]   Processed 10000 queries
[OUT] 
[OUT] 
[OUT] ========== RESULTS ==========
[OUT] 
[OUT] Total queries: 10000
[OUT] 
[OUT] Average recall@10: 0.990640
[OUT] 
[OUT] Average query time: 3.236955 ms
[OUT] 
[OUT] Total query time: 32369.545546 ms
[OUT] 
[OUT] 
[OUT] ========== DISTANCE STATISTICS ==========
[OUT] 
[OUT] Total queries reported by index: 10000
[OUT] 
[OUT] Total distance computations: 292131738
[OUT] 
[OUT] Average distance ops per query: 29213.173800
[OUT] 
[OUT] Last query distance ops: 22654
[OUT] 
[OUT] 
[OUT] ========== PERFORMANCE SUMMARY ==========
[OUT] 
[OUT] Data loading time: 2227.782237 ms
[OUT] 
[OUT] Index build time: 820335.335613 ms
[OUT] 
[OUT] Query execution time: 32369.545546 ms
[OUT] 
[OUT] Total elapsed time: 892477.696451 ms
[OUT] 
[OUT] 
[OUT] ========== EFFICIENCY METRICS ==========
[OUT] 
[OUT] Queries per second: 308.932357
[OUT] 
[OUT] Distance ops per second: 9024894.636993
[OUT] 
[OUT] 
[OUT] ========== END OF LOG ==========
[OUT] 
[OUT] Log saved to: Log/run_20251127_022004_371.log
[OUT] 

Return Code: 0
   [PARSED] Build=820335.34ms, Query=3.2370ms, Recall=0.9906
   [RESULT] m=45 ml=13 efc=566  efs=726  | Rec=0.9906 Time=3.2370ms Build=820335.34ms
   [SUCCESS] Logged to Log/trial_m45_ml13_efc566_efs726_20251127_022004.log
