   [START] m=51, ml=18, efc=968, efs=1153
   [LOG] Log/trial_m51_ml18_efc968_efs1153_20251202_053234.log
   [RUN 1/1] Executing: ./hng --m 51 --max_layer 18 --efc 968 --efs 1153

============================================================
Trial: m=51, ml=18, efc=968, efs=1153, Run 1/1
Timestamp: 2025-12-02T05:32:34.429362
Command: ./hng --m 51 --max_layer 18 --efc 968 --efs 1153
============================================================

[ERR] Loaded base from binary cache: data_o/glove/base.txt.bin
[OUT] ========== HNSW Search Test ==========
[OUT] 
[OUT] Timestamp: Tue Dec  2 05:32:34 2025
[OUT] 
[OUT] Command line arguments:
[OUT]   argv[0]: ./hng
[OUT]   argv[1]: --m
[OUT]   argv[2]: 51
[OUT]   argv[3]: --max_layer
[OUT]   argv[4]: 18
[OUT]   argv[5]: --efc
[OUT]   argv[6]: 968
[OUT]   argv[7]: --efs
[OUT]   argv[8]: 1153
[OUT] 
[OUT] Configuration:
[OUT]   Base file: data_o/glove/base.txt
[OUT]   Query file: data_o/glove/query.txt
[OUT]   Truth file: data_o/glove/truth.txt
[OUT]   K: 10
[OUT]   M: 51
[OUT]   Max layer: 18
[OUT]   EFC: 968
[OUT]   EFS: 1153
[OUT]   Threads: -1
[OUT]   Debug: -1
[OUT] 
[OUT] HNSW parameters set.
[OUT] 
[OUT] Loading base vectors...
[OUT] ✓ Base loaded in 3849.218276 ms
[OUT] 
[ERR] Loaded queries from binary cache: data_o/glove/query.txt.bin
[OUT] Loading query vectors...
[OUT] ✓ Queries loaded in 84.051151 ms
[ERR] Loaded truth from binary cache: data_o/glove/truth.txt.bin
[OUT] 
[OUT] Loading ground truth...
[OUT] ✓ Truth loaded in 86.961575 ms
[OUT] 
[OUT] Data Summary:
[OUT]   Dimension d=100, Base vectors=1183514, Queries=10000
[OUT] 
[OUT] 
[OUT] Building HNSW index...
[OUT] [Progress] 120001/1183514 (10.1%) Time: 25833.90 ms
[OUT] [Progress] 239001/1183514 (20.2%) Time: 125854.77 ms
[OUT] [Progress] 358001/1183514 (30.2%) Time: 257258.57 ms
[OUT] [Progress] 477001/1183514 (40.3%) Time: 406689.40 ms
[OUT] [Progress] 596001/1183514 (50.4%) Time: 572254.38 ms
[OUT] [Progress] 715001/1183514 (60.4%) Time: 746442.97 ms
[OUT] [Progress] 834001/1183514 (70.5%) Time: 936459.62 ms
[OUT] [Progress] 953001/1183514 (80.5%) Time: 1123658.16 ms
[OUT] [Progress] 1072001/1183514 (90.6%) Time: 1323977.89 ms
[OUT] [Timing] Parallel Build: 1479579.38 ms for 1183514 points.
[OUT] [FlatHNSW] Converted 1183514 nodes, L0 size: 476179 KB, Upper size: 3303 KB
[OUT] [Timing] Flat Conversion: 706.70 ms
[OUT] ✓ Index built.
[OUT]   build_time(local)=1402409.783114 ms
[OUT]   build_time(internal)=1479579.382759 ms
[OUT] 
[OUT] 
[OUT] ========== GRAPH QUALITY ==========
[OUT] 
[OUT]   num_nodes: 1183514
[OUT] 
[OUT]   max_level (entry point): 4
[OUT] 
[OUT]   actual_max_layer: 4
[OUT] 
[OUT]   avg_degree_l0: 63.943775
[OUT] 
[OUT]   avg_degree_upper: 0.119414
[OUT] 
[OUT] 
[OUT]   Layer Distribution:
[OUT] 
[OUT]     L0: 1183514 nodes (100.00%)
[OUT] 
[OUT]     L1: 23127 nodes (1.95%)
[OUT] 
[OUT]     L2: 406 nodes (0.03%)
[OUT] 
[OUT]     L3: 6 nodes (0.00%)
[OUT] 
[OUT]     L4: 1 nodes (0.00%)
[OUT] 
[OUT] 
[OUT] 
[OUT] Executing queries...
[OUT] 
[OUT]   Processed 1000 queries
[OUT] 
[OUT]   Processed 2000 queries
[OUT] 
[OUT]   Processed 3000 queries
[OUT] 
[OUT]   Processed 4000 queries
[OUT] 
[OUT]   Processed 5000 queries
[OUT] 
[OUT]   Processed 6000 queries
[OUT] 
[OUT]   Processed 7000 queries
[OUT] 
[OUT]   Processed 8000 queries
[OUT] 
[OUT]   Processed 9000 queries
[OUT] 
[OUT]   Processed 10000 queries
[OUT] 
[OUT] 
[OUT] ========== RESULTS ==========
[OUT] 
[OUT] Total queries: 10000
[OUT] 
[OUT] Average recall@10: 0.997610
[OUT] 
[OUT] Average query time: 3.677964 ms
[OUT] 
[OUT] Total query time: 36779.643448 ms
[OUT] 
[OUT] 
[OUT] ========== DISTANCE STATISTICS ==========
[OUT] 
[OUT] Total queries reported by index: 10000
[OUT] 
[OUT] Total distance computations: 0
[OUT] 
[OUT] Average distance ops per query: 0.000000
[OUT] 
[OUT] Last query distance ops: 0
[OUT] 
[OUT] 
[OUT] ========== PERFORMANCE SUMMARY ==========
[OUT] 
[OUT] Data loading time: 4020.231002 ms
[OUT] 
[OUT] Index build time: 1479579.382759 ms
[OUT] 
[OUT] Query execution time: 36779.643448 ms
[OUT] 
[OUT] Total elapsed time: 1443209.657564 ms
[OUT] 
[OUT] 
[OUT] ========== EFFICIENCY METRICS ==========
[OUT] 
[OUT] Queries per second: 271.889531
[OUT] 
[OUT] 
[OUT] ========== END OF LOG ==========
[OUT] 
[OUT] Log saved to: Log/run_20251202_053234_451.log
[OUT] 

Return Code: 0
   [PARSED] Build=1479579.38ms, Query=3.6780ms, Recall=0.9976
   [RESULT] m=51 ml=18 efc=968  efs=1153 | Rec=0.9976 Time=3.6780ms Build=1479579.38ms
   [SUCCESS] Logged to Log/trial_m51_ml18_efc968_efs1153_20251202_053234.log
