   [START] m=48, ml=9, efc=567, efs=2000
[OUT] ========== HNSW Search Test ==========
[OUT] 
[OUT] Timestamp: Thu Dec  4 04:26:49 2025
[OUT] 
[OUT] Command line arguments:
[OUT]   argv[0]: ./hng1
[OUT]   argv[1]: --m
[OUT]   argv[2]: 48
[OUT]   argv[3]: --max_layer
[OUT]   argv[4]: 9
[OUT]   argv[5]: --efc
[OUT]   argv[6]: 567
[OUT]   argv[7]: --efs
[OUT]   argv[8]: 2000
[OUT] 
[OUT] Configuration:
[OUT]   Base file: data_o/glove/base.txt
[OUT]   Query file: data_o/glove/query.txt
[OUT]   Truth file: data_o/glove/truth.txt
[OUT]   K: 10
[OUT]   M: 48
[OUT]   Max layer: 9
[OUT]   EFC: 567
[OUT]   EFS: 2000
[OUT]   Threads: -1
[OUT]   Debug: -1
[OUT] 
[OUT] HNSW parameters set.
[OUT] 
[OUT] Ablation flags: csr=0, prefetch=0, simd=0, pruning=0, heap=0
[OUT] 
[OUT] Loading base vectors...
[ERR] Loaded base from binary cache: data_o/glove/base.txt.bin
[OUT] ✓ Base loaded in 3924.337202 ms
[OUT] 
[OUT] Loading query vectors...
[ERR] Loaded queries from binary cache: data_o/glove/query.txt.bin
[OUT] ✓ Queries loaded in 70.881587 ms
[OUT] 
[OUT] Loading ground truth...
[ERR] Loaded truth from binary cache: data_o/glove/truth.txt.bin
[OUT] ✓ Truth loaded in 72.316802 ms
[OUT] 
[OUT] Data Summary:
[OUT]   Dimension d=100, Base vectors=1183514, Queries=10000
[OUT] 
[OUT] 
[OUT] Building HNSW index...
[OUT] [Cache] Cache miss, building index...
[OUT] [Progress] 121001/1183514 (10.2%) Time: 12522.45 ms
[OUT] [Progress] 240001/1183514 (20.3%) Time: 48540.66 ms
[OUT] [Progress] 359001/1183514 (30.3%) Time: 100068.60 ms
[OUT] [Progress] 478001/1183514 (40.4%) Time: 163614.47 ms
[OUT] [Progress] 598001/1183514 (50.5%) Time: 231180.71 ms
[OUT] [Progress] 717001/1183514 (60.6%) Time: 304724.94 ms
[OUT] [Progress] 836001/1183514 (70.6%) Time: 380286.38 ms
[OUT] [Progress] 957001/1183514 (80.9%) Time: 458336.89 ms
[OUT] [Progress] 1077001/1183514 (91.0%) Time: 540387.05 ms
[OUT] [Timing] Parallel Build: 603427.81 ms for 1183514 points.
[OUT] [FlatConvert] Starting conversion for 1183514 nodes, dim=100
[OUT] [Reorder] Generated DFS mapping for 1183514 nodes.
[OUT] [FlatConvert] Reorder enabled, enter_point=0, max_level=4
[OUT] [FlatConvert] Allocating data array: 118351400 floats (451 MB)
[OUT] [FlatConvert] Copying vector data...
[OUT] [FlatConvert] Vector data copied.
[OUT] [FlatConvert] Building L0 CSR structure...
[OUT] [FlatConvert] Total L0 links: 62921837
[OUT] [FlatConvert] L0 CSR built, actual links: 62921837
[OUT] [FlatConvert] Building upper layer structure, max_level=4
[OUT] [FlatHNSW-CSR] Converted & Reordered 1183514 nodes.
[OUT] [Timing] Flat Conversion: 8177.74 ms
[OUT] [Cache] Saved index to: cache/hnsw_n1183514_d100_M48_L9_efc567.idx
[OUT] [Cache] Save time: 3276.00 ms
[OUT] ✓ Index built.
[OUT]   build_time(local)=616510.754306 ms
[OUT]   build_time(internal)=603427.811199 ms
[OUT] 
[OUT] 
[OUT] ========== GRAPH QUALITY ==========
[OUT] 
[OUT]   num_nodes: 1183514
[OUT] 
[OUT]   max_level (entry point): 4
[OUT] 
[OUT]   actual_max_layer: 4
[OUT] 
[OUT]   avg_degree_l0: 53.165266
[OUT] 
[OUT]   avg_degree_upper: 0.142385
[OUT] 
[OUT] 
[OUT]   Layer Distribution:
[OUT] 
[OUT]     L0: 1183514 nodes (100.00%)
[OUT] 
[OUT]     L1: 24601 nodes (2.08%)
[OUT] 
[OUT]     L2: 514 nodes (0.04%)
[OUT] 
[OUT]     L3: 12 nodes (0.00%)
[OUT] 
[OUT]     L4: 2 nodes (0.00%)
[OUT] 
[OUT] 
[OUT] 
[OUT] Executing queries...
[OUT] 
[OUT]   Processed 1000 queries
[OUT] 
[OUT]   Processed 2000 queries
[OUT] 
[OUT]   Processed 3000 queries
[OUT] 
[OUT]   Processed 4000 queries
[OUT] 
[OUT]   Processed 5000 queries
[OUT] 
[OUT]   Processed 6000 queries
[OUT] 
[OUT]   Processed 7000 queries
[OUT] 
[OUT]   Processed 8000 queries
[OUT] 
[OUT]   Processed 9000 queries
[OUT] 
[OUT]   Processed 10000 queries
[OUT] 
[OUT] 
[OUT] ========== RESULTS ==========
[OUT] 
[OUT] Total queries: 10000
[OUT] 
[OUT] Average recall@10: 0.998490
[OUT] 
[OUT] Average query time: 5.747988 ms
[OUT] 
[OUT] Total query time: 57479.879680 ms
[OUT] 
[OUT] 
[OUT] ========== DISTANCE STATISTICS ==========
[OUT] 
[OUT] Total queries reported by index: 10000
[OUT] 
[OUT] Total distance computations: 710289884
[OUT] 
[OUT] Average distance ops per query: 71028.988400
[OUT] 
[OUT] Last query distance ops: 49231
[OUT] 
[OUT] 
[OUT] ========== PERFORMANCE SUMMARY ==========
[OUT] 
[OUT] Data loading time: 4067.535591 ms
[OUT] 
[OUT] Index build time: 603427.811199 ms
[OUT] 
[OUT] Query execution time: 57479.879680 ms
[OUT] 
[OUT] Total elapsed time: 678058.169577 ms
[OUT] 
[OUT] 
[OUT] ========== EFFICIENCY METRICS ==========
[OUT] 
[OUT] Queries per second: 173.973920
[OUT] 
[OUT] Distance ops per second: 12357191.559104
[OUT] 
[OUT] 
[OUT] ========== END OF LOG ==========
[OUT] 
[OUT] Log saved to: Log/run_20251204_042649_143.log
[OUT] 
   [RESULT] Rec=0.9985 Time=5.7480ms
