   [START] m=39, ml=17, efc=999, efs=585
   [LOG] Log/trial_m39_ml17_efc999_efs585_20251128_030746.log
   [RUN 1/1] Executing: ./hng --m 39 --max_layer 17 --efc 999 --efs 585

============================================================
Trial: m=39, ml=17, efc=999, efs=585, Run 1/1
Timestamp: 2025-11-28T03:07:46.814954
Command: ./hng --m 39 --max_layer 17 --efc 999 --efs 585
============================================================

[OUT] ========== HNSW Search Test ==========
[ERR] Loaded base from binary cache: data_o/glove/base.txt.bin
[OUT] 
[OUT] Timestamp: Fri Nov 28 03:07:46 2025
[OUT] 
[OUT] Command line arguments:
[OUT]   argv[0]: ./hng
[OUT]   argv[1]: --m
[OUT]   argv[2]: 39
[OUT]   argv[3]: --max_layer
[OUT]   argv[4]: 17
[OUT]   argv[5]: --efc
[OUT]   argv[6]: 999
[OUT]   argv[7]: --efs
[OUT]   argv[8]: 585
[OUT] 
[OUT] Configuration:
[OUT]   Base file: data_o/glove/base.txt
[OUT]   Query file: data_o/glove/query.txt
[OUT]   Truth file: data_o/glove/truth.txt
[OUT]   K: 10
[OUT]   M: 39
[OUT]   Max layer: 17
[OUT]   EFC: 999
[OUT]   EFS: 585
[OUT]   Threads: -1
[OUT]   Debug: -1
[OUT] 
[OUT] HNSW parameters set.
[OUT] 
[OUT] Loading base vectors...
[OUT] ✓ Base loaded in 2283.899664 ms
[ERR] Loaded queries from binary cache: data_o/glove/query.txt.bin
[OUT] 
[OUT] Loading query vectors...
[OUT] ✓ Queries loaded in 74.663598 ms
[ERR] Loaded truth from binary cache: data_o/glove/truth.txt.bin
[OUT] 
[OUT] Loading ground truth...
[OUT] ✓ Truth loaded in 75.002248 ms
[OUT] 
[OUT] Data Summary:
[OUT]   Dimension d=100, Base vectors=1183514, Queries=10000
[OUT] 
[OUT] 
[OUT] Building HNSW index...
[OUT] [Progress] 119001/1183514 (10.1%) Time: 31093.73 ms
[OUT] [Progress] 238001/1183514 (20.1%) Time: 138071.34 ms
[OUT] [Progress] 357001/1183514 (30.2%) Time: 279086.97 ms
[OUT] [Progress] 477001/1183514 (40.3%) Time: 450341.24 ms
[OUT] [Progress] 597001/1183514 (50.4%) Time: 616463.38 ms
[OUT] [Progress] 716001/1183514 (60.5%) Time: 801189.04 ms
[OUT] [Progress] 835001/1183514 (70.6%) Time: 979835.43 ms
[OUT] [Progress] 954001/1183514 (80.6%) Time: 1167103.81 ms
[OUT] [Progress] 1074001/1183514 (90.7%) Time: 1360357.07 ms
[OUT] [Timing] Parallel Build: 1513385.61 ms for 1183514 points.
[OUT] [FlatHNSW] Converted 1183514 nodes, L0 size: 365225 KB, Upper size: 4105 KB
[OUT] [Timing] Flat Conversion: 542.10 ms
[OUT] ✓ Index built.
[OUT]   build_time(local)=1668546.757261 ms
[OUT]   build_time(internal)=1513385.614829 ms
[OUT] 
[OUT] 
[OUT] ========== GRAPH QUALITY ==========
[OUT] 
[OUT]   num_nodes: 1183514
[OUT] 
[OUT]   max_level (entry point): 3
[OUT] 
[OUT]   actual_max_layer: 3
[OUT] 
[OUT]   avg_degree_l0: 58.923624
[OUT] 
[OUT]   avg_degree_upper: 0.207312
[OUT] 
[OUT] 
[OUT]   Layer Distribution:
[OUT] 
[OUT]     L0: 1183514 nodes (100.00%)
[OUT] 
[OUT]     L1: 30382 nodes (2.57%)
[OUT] 
[OUT]     L2: 776 nodes (0.07%)
[OUT] 
[OUT]     L3: 22 nodes (0.00%)
[OUT] 
[OUT] 
[OUT] 
[OUT] Executing queries...
[OUT] 
[OUT]   Processed 1000 queries
[OUT] 
[OUT]   Processed 2000 queries
[OUT] 
[OUT]   Processed 3000 queries
[OUT] 
[OUT]   Processed 4000 queries
[OUT] 
[OUT]   Processed 5000 queries
[OUT] 
[OUT]   Processed 6000 queries
[OUT] 
[OUT]   Processed 7000 queries
[OUT] 
[OUT]   Processed 8000 queries
[OUT] 
[OUT]   Processed 9000 queries
[OUT] 
[OUT]   Processed 10000 queries
[OUT] 
[OUT] 
[OUT] ========== RESULTS ==========
[OUT] 
[OUT] Total queries: 10000
[OUT] 
[OUT] Average recall@10: 0.988280
[OUT] 
[OUT] Average query time: 2.858906 ms
[OUT] 
[OUT] Total query time: 28589.059695 ms
[OUT] 
[OUT] 
[OUT] ========== DISTANCE STATISTICS ==========
[OUT] 
[OUT] Total queries reported by index: 10000
[OUT] 
[OUT] Total distance computations: 257997353
[OUT] 
[OUT] Average distance ops per query: 25799.735300
[OUT] 
[OUT] Last query distance ops: 21804
[OUT] 
[OUT] 
[OUT] ========== PERFORMANCE SUMMARY ==========
[OUT] 
[OUT] Data loading time: 2433.565510 ms
[OUT] 
[OUT] Index build time: 1513385.614829 ms
[OUT] 
[OUT] Query execution time: 28589.059695 ms
[OUT] 
[OUT] Total elapsed time: 1699569.382466 ms
[OUT] 
[OUT] 
[OUT] ========== EFFICIENCY METRICS ==========
[OUT] 
[OUT] Queries per second: 349.784152
[OUT] 
[OUT] Distance ops per second: 9024338.532027
[OUT] 
[OUT] 
[OUT] ========== END OF LOG ==========
[OUT] 
[OUT] Log saved to: Log/run_20251128_030746_819.log
[OUT] 

Return Code: 0
   [PARSED] Build=1513385.61ms, Query=2.8589ms, Recall=0.9883
   [RESULT] m=39 ml=17 efc=999  efs=585  | Rec=0.9883 Time=2.8589ms Build=1513385.61ms
   [SUCCESS] Logged to Log/trial_m39_ml17_efc999_efs585_20251128_030746.log
