   [START] m=56, ml=10, efc=785, efs=1192
   [LOG] Log/trial_m56_ml10_efc785_efs1192_20251202_025213.log
   [RUN 1/1] Executing: ./hng --m 56 --max_layer 10 --efc 785 --efs 1192

============================================================
Trial: m=56, ml=10, efc=785, efs=1192, Run 1/1
Timestamp: 2025-12-02T02:52:13.143699
Command: ./hng --m 56 --max_layer 10 --efc 785 --efs 1192
============================================================

[OUT] ========== HNSW Search Test ==========
[ERR] Loaded base from binary cache: data_o/glove/base.txt.bin
[OUT] 
[OUT] Timestamp: Tue Dec  2 02:52:13 2025
[OUT] 
[OUT] Command line arguments:
[OUT]   argv[0]: ./hng
[OUT]   argv[1]: --m
[OUT]   argv[2]: 56
[OUT]   argv[3]: --max_layer
[OUT]   argv[4]: 10
[OUT]   argv[5]: --efc
[OUT]   argv[6]: 785
[OUT]   argv[7]: --efs
[OUT]   argv[8]: 1192
[OUT] 
[OUT] Configuration:
[OUT]   Base file: data_o/glove/base.txt
[OUT]   Query file: data_o/glove/query.txt
[OUT]   Truth file: data_o/glove/truth.txt
[OUT]   K: 10
[OUT]   M: 56
[OUT]   Max layer: 10
[OUT]   EFC: 785
[OUT]   EFS: 1192
[OUT]   Threads: -1
[OUT]   Debug: -1
[OUT] 
[OUT] HNSW parameters set.
[OUT] 
[OUT] Loading base vectors...
[OUT] ✓ Base loaded in 4038.051874 ms
[ERR] Loaded queries from binary cache: data_o/glove/query.txt.bin
[OUT] 
[OUT] Loading query vectors...
[ERR] Loaded truth from binary cache: data_o/glove/truth.txt.bin
[OUT] ✓ Queries loaded in 79.230911 ms
[OUT] 
[OUT] Loading ground truth...
[OUT] ✓ Truth loaded in 80.601932 ms
[OUT] 
[OUT] Data Summary:
[OUT]   Dimension d=100, Base vectors=1183514, Queries=10000
[OUT] 
[OUT] 
[OUT] Building HNSW index...
[OUT] [Progress] 120001/1183514 (10.1%) Time: 18517.65 ms
[OUT] [Progress] 239001/1183514 (20.2%) Time: 101294.52 ms
[OUT] [Progress] 359001/1183514 (30.3%) Time: 201239.45 ms
[OUT] [Progress] 479001/1183514 (40.5%) Time: 323870.91 ms
[OUT] [Progress] 598001/1183514 (50.5%) Time: 462071.93 ms
[OUT] [Progress] 717001/1183514 (60.6%) Time: 593928.41 ms
[OUT] [Progress] 837001/1183514 (70.7%) Time: 733988.71 ms
[OUT] [Progress] 956001/1183514 (80.8%) Time: 886310.14 ms
[OUT] [Progress] 1075001/1183514 (90.8%) Time: 1034150.13 ms
[OUT] [Timing] Parallel Build: 1154360.53 ms for 1183514 points.
[OUT] [FlatHNSW] Converted 1183514 nodes, L0 size: 522410 KB, Upper size: 2971 KB
[OUT] [Timing] Flat Conversion: 548.48 ms
[OUT] ✓ Index built.
[OUT]   build_time(local)=1106974.399533 ms
[OUT]   build_time(internal)=1154360.526728 ms
[OUT] 
[OUT] 
[OUT] ========== GRAPH QUALITY ==========
[OUT] 
[OUT]   num_nodes: 1183514
[OUT] 
[OUT]   max_level (entry point): 3
[OUT] 
[OUT]   actual_max_layer: 3
[OUT] 
[OUT]   avg_degree_l0: 60.726552
[OUT] 
[OUT]   avg_degree_upper: 0.132674
[OUT] 
[OUT] 
[OUT]   Layer Distribution:
[OUT] 
[OUT]     L0: 1183514 nodes (100.00%)
[OUT] 
[OUT]     L1: 21054 nodes (1.78%)
[OUT] 
[OUT]     L2: 378 nodes (0.03%)
[OUT] 
[OUT]     L3: 4 nodes (0.00%)
[OUT] 
[OUT] 
[OUT] 
[OUT] Executing queries...
[OUT] 
[OUT]   Processed 1000 queries
[OUT] 
[OUT]   Processed 2000 queries
[OUT] 
[OUT]   Processed 3000 queries
[OUT] 
[OUT]   Processed 4000 queries
[OUT] 
[OUT]   Processed 5000 queries
[OUT] 
[OUT]   Processed 6000 queries
[OUT] 
[OUT]   Processed 7000 queries
[OUT] 
[OUT]   Processed 8000 queries
[OUT] 
[OUT]   Processed 9000 queries
[OUT] 
[OUT]   Processed 10000 queries
[OUT] 
[OUT] 
[OUT] ========== RESULTS ==========
[OUT] 
[OUT] Total queries: 10000
[OUT] 
[OUT] Average recall@10: 0.997480
[OUT] 
[OUT] Average query time: 3.564960 ms
[OUT] 
[OUT] Total query time: 35649.600970 ms
[OUT] 
[OUT] 
[OUT] ========== DISTANCE STATISTICS ==========
[OUT] 
[OUT] Total queries reported by index: 10000
[OUT] 
[OUT] Total distance computations: 0
[OUT] 
[OUT] Average distance ops per query: 0.000000
[OUT] 
[OUT] Last query distance ops: 0
[OUT] 
[OUT] 
[OUT] ========== PERFORMANCE SUMMARY ==========
[OUT] 
[OUT] Data loading time: 4197.884717 ms
[OUT] 
[OUT] Index build time: 1154360.526728 ms
[OUT] 
[OUT] Query execution time: 35649.600970 ms
[OUT] 
[OUT] Total elapsed time: 1146821.885220 ms
[OUT] 
[OUT] 
[OUT] ========== EFFICIENCY METRICS ==========
[OUT] 
[OUT] Queries per second: 280.508049
[OUT] 
[OUT] 
[OUT] ========== END OF LOG ==========
[OUT] 
[OUT] Log saved to: Log/run_20251202_025213_166.log
[OUT] 

Return Code: 0
   [PARSED] Build=1154360.53ms, Query=3.5650ms, Recall=0.9975
   [RESULT] m=56 ml=10 efc=785  efs=1192 | Rec=0.9975 Time=3.5650ms Build=1154360.53ms
   [SUCCESS] Logged to Log/trial_m56_ml10_efc785_efs1192_20251202_025213.log
