   [START] m=43, ml=8, efc=941, efs=243
   [LOG] Log/trial_m43_ml8_efc941_efs243_20251127_044936.log
   [RUN 1/1] Executing: ./hng --m 43 --max_layer 8 --efc 941 --efs 243

============================================================
Trial: m=43, ml=8, efc=941, efs=243, Run 1/1
Timestamp: 2025-11-27T04:49:36.111800
Command: ./hng --m 43 --max_layer 8 --efc 941 --efs 243
============================================================

[OUT] ========== HNSW Search Test ==========
[ERR] Loaded base from binary cache: data_o/glove/base.txt.bin
[OUT] 
[OUT] Timestamp: Thu Nov 27 04:49:36 2025
[OUT] 
[OUT] Command line arguments:
[OUT]   argv[0]: ./hng
[OUT]   argv[1]: --m
[OUT]   argv[2]: 43
[OUT]   argv[3]: --max_layer
[OUT]   argv[4]: 8
[OUT]   argv[5]: --efc
[OUT]   argv[6]: 941
[OUT]   argv[7]: --efs
[OUT]   argv[8]: 243
[OUT] 
[OUT] Configuration:
[OUT]   Base file: data_o/glove/base.txt
[OUT]   Query file: data_o/glove/query.txt
[OUT]   Truth file: data_o/glove/truth.txt
[OUT]   K: 10
[OUT]   M: 43
[OUT]   Max layer: 8
[OUT]   EFC: 941
[OUT]   EFS: 243
[OUT]   Threads: -1
[OUT]   Debug: -1
[OUT] 
[OUT] HNSW parameters set.
[OUT] 
[OUT] Loading base vectors...
[OUT] ✓ Base loaded in 2182.743680 ms
[ERR] Loaded queries from binary cache: data_o/glove/query.txt.bin
[OUT] 
[OUT] Loading query vectors...
[OUT] ✓ Queries loaded in 71.008716 ms
[ERR] Loaded truth from binary cache: data_o/glove/truth.txt.bin
[OUT] 
[OUT] Loading ground truth...
[OUT] ✓ Truth loaded in 72.668794 ms
[OUT] 
[OUT] Data Summary:
[OUT]   Dimension d=100, Base vectors=1183514, Queries=10000
[OUT] 
[OUT] 
[OUT] Building HNSW index...
[OUT] [Progress] 119001/1183514 (10.1%) Time: 30138.06 ms
[OUT] [Progress] 238001/1183514 (20.1%) Time: 127084.25 ms
[OUT] [Progress] 357001/1183514 (30.2%) Time: 263639.84 ms
[OUT] [Progress] 476001/1183514 (40.2%) Time: 425061.73 ms
[OUT] [Progress] 595001/1183514 (50.3%) Time: 584348.53 ms
[OUT] [Progress] 714001/1183514 (60.3%) Time: 753171.16 ms
[OUT] [Progress] 833001/1183514 (70.4%) Time: 932490.77 ms
[OUT] [Progress] 952001/1183514 (80.4%) Time: 1111234.00 ms
[OUT] [Progress] 1072001/1183514 (90.6%) Time: 1298735.43 ms
[OUT] [Timing] Parallel Build: 1450409.68 ms for 1183514 points.
[OUT] [FlatHNSW] Converted 1183514 nodes, L0 size: 402209 KB, Upper size: 3855 KB
[OUT] [Timing] Flat Conversion: 672.83 ms
[OUT] ✓ Index built.
[OUT]   build_time(local)=1540977.709608 ms
[OUT]   build_time(internal)=1450409.678027 ms
[OUT] 
[OUT] 
[OUT] ========== GRAPH QUALITY ==========
[OUT] 
[OUT]   num_nodes: 1183514
[OUT] 
[OUT]   max_level (entry point): 4
[OUT] 
[OUT]   actual_max_layer: 4
[OUT] 
[OUT]   avg_degree_l0: 60.634211
[OUT] 
[OUT]   avg_degree_upper: 0.183556
[OUT] 
[OUT] 
[OUT]   Layer Distribution:
[OUT] 
[OUT]     L0: 1183514 nodes (100.00%)
[OUT] 
[OUT]     L1: 27560 nodes (2.33%)
[OUT] 
[OUT]     L2: 661 nodes (0.06%)
[OUT] 
[OUT]     L3: 19 nodes (0.00%)
[OUT] 
[OUT]     L4: 2 nodes (0.00%)
[OUT] 
[OUT] 
[OUT] 
[OUT] Executing queries...
[OUT] 
[OUT]   Processed 1000 queries
[OUT] 
[OUT]   Processed 2000 queries
[OUT] 
[OUT]   Processed 3000 queries
[OUT] 
[OUT]   Processed 4000 queries
[OUT] 
[OUT]   Processed 5000 queries
[OUT] 
[OUT]   Processed 6000 queries
[OUT] 
[OUT]   Processed 7000 queries
[OUT] 
[OUT]   Processed 8000 queries
[OUT] 
[OUT]   Processed 9000 queries
[OUT] 
[OUT]   Processed 10000 queries
[OUT] 
[OUT] 
[OUT] ========== RESULTS ==========
[OUT] 
[OUT] Total queries: 10000
[OUT] 
[OUT] Average recall@10: 0.961510
[OUT] 
[OUT] Average query time: 1.238091 ms
[OUT] 
[OUT] Total query time: 12380.913779 ms
[OUT] 
[OUT] 
[OUT] ========== DISTANCE STATISTICS ==========
[OUT] 
[OUT] Total queries reported by index: 10000
[OUT] 
[OUT] Total distance computations: 123922013
[OUT] 
[OUT] Average distance ops per query: 12392.201300
[OUT] 
[OUT] Last query distance ops: 11091
[OUT] 
[OUT] 
[OUT] ========== PERFORMANCE SUMMARY ==========
[OUT] 
[OUT] Data loading time: 2326.421190 ms
[OUT] 
[OUT] Index build time: 1450409.678027 ms
[OUT] 
[OUT] Query execution time: 12380.913779 ms
[OUT] 
[OUT] Total elapsed time: 1555685.044577 ms
[OUT] 
[OUT] 
[OUT] ========== EFFICIENCY METRICS ==========
[OUT] 
[OUT] Queries per second: 807.694826
[OUT] 
[OUT] Distance ops per second: 10009116.872310
[OUT] 
[OUT] 
[OUT] ========== END OF LOG ==========
[OUT] 
[OUT] Log saved to: Log/run_20251127_044936_116.log
[OUT] 

Return Code: 0
   [PARSED] Build=1450409.68ms, Query=1.2381ms, Recall=0.9615
   [RESULT] m=43 ml=8  efc=941  efs=243  | Rec=0.9615 Time=1.2381ms Build=1450409.68ms
   [SUCCESS] Logged to Log/trial_m43_ml8_efc941_efs243_20251127_044936.log
