   [START] m=50, ml=1, efc=439, efs=320
   [LOG] Log/trial_m50_ml1_efc439_efs320_20251126_192606.log
   [RUN 1/1] Executing: ./hng --m 50 --max_layer 1 --efc 439 --efs 320

============================================================
Trial: m=50, ml=1, efc=439, efs=320, Run 1/1
Timestamp: 2025-11-26T19:26:06.750232
Command: ./hng --m 50 --max_layer 1 --efc 439 --efs 320
============================================================

[OUT] ========== HNSW Search Test ==========
[ERR] Loaded base from binary cache: data_o/glove/base.txt.bin
[OUT] 
[OUT] Timestamp: Wed Nov 26 19:26:06 2025
[OUT] 
[OUT] Command line arguments:
[OUT]   argv[0]: ./hng
[OUT]   argv[1]: --m
[OUT]   argv[2]: 50
[OUT]   argv[3]: --max_layer
[OUT]   argv[4]: 1
[OUT]   argv[5]: --efc
[OUT]   argv[6]: 439
[OUT]   argv[7]: --efs
[OUT]   argv[8]: 320
[OUT] 
[OUT] Configuration:
[OUT]   Base file: data_o/glove/base.txt
[OUT]   Query file: data_o/glove/query.txt
[OUT]   Truth file: data_o/glove/truth.txt
[OUT]   K: 10
[OUT]   M: 50
[OUT]   Max layer: 1
[OUT]   EFC: 439
[OUT]   EFS: 320
[OUT]   Threads: -1
[OUT]   Debug: -1
[OUT] 
[OUT] HNSW parameters set.
[OUT] 
[OUT] Loading base vectors...
[OUT] ✓ Base loaded in 2165.516339 ms
[ERR] Loaded queries from binary cache: data_o/glove/query.txt.bin
[OUT] 
[OUT] Loading query vectors...
[OUT] ✓ Queries loaded in 66.261050 ms
[ERR] Loaded truth from binary cache: data_o/glove/truth.txt.bin
[OUT] 
[OUT] Loading ground truth...
[OUT] ✓ Truth loaded in 66.401711 ms
[OUT] 
[OUT] Data Summary:
[OUT]   Dimension d=100, Base vectors=1183514, Queries=10000
[OUT] 
[OUT] 
[OUT] Building HNSW index...
[OUT] [Progress] 125001/1183514 (10.6%) Time: 12511.76 ms
[OUT] [Progress] 244001/1183514 (20.6%) Time: 55909.71 ms
[OUT] [Progress] 365001/1183514 (30.8%) Time: 113390.76 ms
[OUT] [Progress] 486001/1183514 (41.1%) Time: 177751.62 ms
[OUT] [Progress] 606001/1183514 (51.2%) Time: 244511.28 ms
[OUT] [Progress] 727001/1183514 (61.4%) Time: 313914.09 ms
[OUT] [Progress] 846001/1183514 (71.5%) Time: 386301.05 ms
[OUT] [Progress] 965001/1183514 (81.5%) Time: 460531.74 ms
[OUT] [Progress] 1084001/1183514 (91.6%) Time: 535479.56 ms
[OUT] [Timing] Parallel Build: 588456.44 ms for 1183514 points.
[OUT] [FlatHNSW] Converted 1183514 nodes, L0 size: 466933 KB, Upper size: 3188 KB
[OUT] [Timing] Flat Conversion: 504.54 ms
[OUT] ✓ Index built.
[OUT]   build_time(local)=611444.905908 ms
[OUT]   build_time(internal)=588456.438199 ms
[OUT] 
[OUT] 
[OUT] ========== GRAPH QUALITY ==========
[OUT] 
[OUT]   num_nodes: 1183514
[OUT] 
[OUT]   max_level (entry point): 1
[OUT] 
[OUT]   actual_max_layer: 1
[OUT] 
[OUT]   avg_degree_l0: 47.988020
[OUT] 
[OUT]   avg_degree_upper: 0.330627
[OUT] 
[OUT] 
[OUT]   Layer Distribution:
[OUT] 
[OUT]     L0: 1183514 nodes (100.00%)
[OUT] 
[OUT]     L1: 23770 nodes (2.01%)
[OUT] 
[OUT] 
[OUT] 
[OUT] Executing queries...
[OUT] 
[OUT]   Processed 1000 queries
[OUT] 
[OUT]   Processed 2000 queries
[OUT] 
[OUT]   Processed 3000 queries
[OUT] 
[OUT]   Processed 4000 queries
[OUT] 
[OUT]   Processed 5000 queries
[OUT] 
[OUT]   Processed 6000 queries
[OUT] 
[OUT]   Processed 7000 queries
[OUT] 
[OUT]   Processed 8000 queries
[OUT] 
[OUT]   Processed 9000 queries
[OUT] 
[OUT]   Processed 10000 queries
[OUT] 
[OUT] 
[OUT] ========== RESULTS ==========
[OUT] 
[OUT] Total queries: 10000
[OUT] 
[OUT] Average recall@10: 0.964570
[OUT] 
[OUT] Average query time: 1.339564 ms
[OUT] 
[OUT] Total query time: 13395.638586 ms
[OUT] 
[OUT] 
[OUT] ========== DISTANCE STATISTICS ==========
[OUT] 
[OUT] Total queries reported by index: 10000
[OUT] 
[OUT] Total distance computations: 133457357
[OUT] 
[OUT] Average distance ops per query: 13345.735700
[OUT] 
[OUT] Last query distance ops: 11482
[OUT] 
[OUT] 
[OUT] ========== PERFORMANCE SUMMARY ==========
[OUT] 
[OUT] Data loading time: 2298.179100 ms
[OUT] 
[OUT] Index build time: 588456.438199 ms
[OUT] 
[OUT] Query execution time: 13395.638586 ms
[OUT] 
[OUT] Total elapsed time: 627138.723594 ms
[OUT] 
[OUT] 
[OUT] ========== EFFICIENCY METRICS ==========
[OUT] 
[OUT] Queries per second: 746.511630
[OUT] 
[OUT] Distance ops per second: 9962746.915215
[OUT] 
[OUT] 
[OUT] ========== END OF LOG ==========
[OUT] 
[OUT] Log saved to: Log/run_20251126_192606_754.log
[OUT] 

Return Code: 0
   [PARSED] Build=588456.44ms, Query=1.3396ms, Recall=0.9646
   [RESULT] m=50 ml=1  efc=439  efs=320  | Rec=0.9646 Time=1.3396ms Build=588456.44ms
   [SUCCESS] Logged to Log/trial_m50_ml1_efc439_efs320_20251126_192606.log
