   [START] m=63, efc=859, efs=230
   [LOG] Log/trial_m63_efc859_efs230_20251125_214654.log
   [RUN 1/1] Executing: ./hng --m 63 --efc 859 --efs 230

============================================================
Trial: m=63, efc=859, efs=230, Run 1/1
Timestamp: 2025-11-25T21:46:54.537637
Command: ./hng --m 63 --efc 859 --efs 230
============================================================

[OUT] ========== HNSW Search Test ==========
[ERR] Loaded base from binary cache: data_o/glove/base.txt.bin
[OUT] 
[OUT] Timestamp: Tue Nov 25 21:46:54 2025
[OUT] 
[OUT] Command line arguments:
[OUT]   argv[0]: ./hng
[OUT]   argv[1]: --m
[OUT]   argv[2]: 63
[OUT]   argv[3]: --efc
[OUT]   argv[4]: 859
[OUT]   argv[5]: --efs
[OUT]   argv[6]: 230
[OUT] 
[OUT] Configuration:
[OUT]   Base file: data_o/glove/base.txt
[OUT]   Query file: data_o/glove/query.txt
[OUT]   Truth file: data_o/glove/truth.txt
[OUT]   K: 10
[OUT]   M: 63
[OUT]   Max layer: -1
[OUT]   EFC: 859
[OUT]   EFS: 230
[OUT]   Threads: -1
[OUT]   Debug: -1
[OUT] 
[OUT] HNSW parameters set.
[OUT] 
[OUT] Loading base vectors...
[OUT] ✓ Base loaded in 3209.683021 ms
[ERR] Loaded queries from binary cache: data_o/glove/query.txt.bin
[OUT] 
[OUT] Loading query vectors...
[OUT] ✓ Queries loaded in 68.483629 ms
[ERR] Loaded truth from binary cache: data_o/glove/truth.txt.bin
[OUT] 
[OUT] Loading ground truth...
[OUT] ✓ Truth loaded in 66.915726 ms
[OUT] 
[OUT] Data Summary:
[OUT]   Dimension d=100, Base vectors=1183514, Queries=10000
[OUT] 
[OUT] 
[OUT] Building HNSW index...
[OUT] [Progress] 120001/1183514 (10.1%) Time: 19458.24 ms
[OUT] [Progress] 242001/1183514 (20.4%) Time: 76413.59 ms
[OUT] [Progress] 362001/1183514 (30.6%) Time: 165724.35 ms
[OUT] [Progress] 484001/1183514 (40.9%) Time: 277862.16 ms
[OUT] [Progress] 603001/1183514 (51.0%) Time: 390032.67 ms
[OUT] [Progress] 723001/1183514 (61.1%) Time: 512827.49 ms
[OUT] [Progress] 843001/1183514 (71.2%) Time: 650002.29 ms
[OUT] [Progress] 962001/1183514 (81.3%) Time: 789855.47 ms
[OUT] [Progress] 1082001/1183514 (91.4%) Time: 925548.31 ms
[OUT] [Timing] Parallel Build: 1030946.15 ms for 1183514 points.
[OUT] ✓ Index built.
[OUT]   build_time(local)=946918.328259 ms
[OUT]   build_time(internal)=1030946.145032 ms
[OUT] 
[OUT] 
[OUT] Executing queries...
[OUT] 
[OUT]   Processed 1000 queries
[OUT] 
[OUT]   Processed 2000 queries
[OUT] 
[OUT]   Processed 3000 queries
[OUT] 
[OUT]   Processed 4000 queries
[OUT] 
[OUT]   Processed 5000 queries
[OUT] 
[OUT]   Processed 6000 queries
[OUT] 
[OUT]   Processed 7000 queries
[OUT] 
[OUT]   Processed 8000 queries
[OUT] 
[OUT]   Processed 9000 queries
[OUT] 
[OUT]   Processed 10000 queries
[OUT] 
[OUT] 
[OUT] ========== RESULTS ==========
[OUT] 
[OUT] Total queries: 10000
[OUT] 
[OUT] Average recall@10: 0.961870
[OUT] 
[OUT] Average query time: 1.219468 ms
[OUT] 
[OUT] Total query time: 12194.682023 ms
[OUT] 
[OUT] 
[OUT] ========== DISTANCE STATISTICS ==========
[OUT] 
[OUT] Total queries reported by index: 10000
[OUT] 
[OUT] Total distance computations: 127924300
[OUT] 
[OUT] Average distance ops per query: 12792.430000
[OUT] 
[OUT] Last query distance ops: 10784
[OUT] 
[OUT] 
[OUT] ========== PERFORMANCE SUMMARY ==========
[OUT] 
[OUT] Data loading time: 3345.082376 ms
[OUT] 
[OUT] Index build time: 1030946.145032 ms
[OUT] 
[OUT] Query execution time: 12194.682023 ms
[OUT] 
[OUT] Total elapsed time: 962458.092658 ms
[OUT] 
[OUT] 
[OUT] ========== EFFICIENCY METRICS ==========
[OUT] 
[OUT] Queries per second: 820.029582
[OUT] 
[OUT] Distance ops per second: 10490171.023625
[OUT] 
[OUT] 
[OUT] ========== END OF LOG ==========
[OUT] 
[OUT] Log saved to: Log/run_20251125_214654_550.log
[OUT] 

Return Code: 0
   [PARSED] Build=1030946.15ms, Query=1.2195ms, Recall=0.9619
   [RESULT] m=63 efc=859  efs=230  | Rec=0.9619 Time=1.2195ms Build=1030946.15ms
   [SUCCESS] Logged to Log/trial_m63_efc859_efs230_20251125_214654.log
