   [START] m=59, ml=19, efc=494, efs=588
   [LOG] Log/trial_m59_ml19_efc494_efs588_20251128_034638.log
   [RUN 1/1] Executing: ./hng --m 59 --max_layer 19 --efc 494 --efs 588

============================================================
Trial: m=59, ml=19, efc=494, efs=588, Run 1/1
Timestamp: 2025-11-28T03:46:38.211409
Command: ./hng --m 59 --max_layer 19 --efc 494 --efs 588
============================================================

[OUT] ========== HNSW Search Test ==========
[ERR] Loaded base from binary cache: data_o/glove/base.txt.bin
[OUT] 
[OUT] Timestamp: Fri Nov 28 03:46:38 2025
[OUT] 
[OUT] Command line arguments:
[OUT]   argv[0]: ./hng
[OUT]   argv[1]: --m
[OUT]   argv[2]: 59
[OUT]   argv[3]: --max_layer
[OUT]   argv[4]: 19
[OUT]   argv[5]: --efc
[OUT]   argv[6]: 494
[OUT]   argv[7]: --efs
[OUT]   argv[8]: 588
[OUT] 
[OUT] Configuration:
[OUT]   Base file: data_o/glove/base.txt
[OUT]   Query file: data_o/glove/query.txt
[OUT]   Truth file: data_o/glove/truth.txt
[OUT]   K: 10
[OUT]   M: 59
[OUT]   Max layer: 19
[OUT]   EFC: 494
[OUT]   EFS: 588
[OUT]   Threads: -1
[OUT]   Debug: -1
[OUT] 
[OUT] HNSW parameters set.
[OUT] 
[OUT] Loading base vectors...
[OUT] ✓ Base loaded in 2242.788072 ms
[ERR] Loaded queries from binary cache: data_o/glove/query.txt.bin
[OUT] 
[OUT] Loading query vectors...
[OUT] ✓ Queries loaded in 73.488701 ms
[ERR] Loaded truth from binary cache: data_o/glove/truth.txt.bin
[OUT] 
[OUT] Loading ground truth...
[OUT] ✓ Truth loaded in 75.871948 ms
[OUT] 
[OUT] Data Summary:
[OUT]   Dimension d=100, Base vectors=1183514, Queries=10000
[OUT] 
[OUT] 
[OUT] Building HNSW index...
[OUT] [Progress] 122001/1183514 (10.3%) Time: 14598.09 ms
[OUT] [Progress] 241001/1183514 (20.4%) Time: 68275.80 ms
[OUT] [Progress] 360001/1183514 (30.4%) Time: 137929.86 ms
[OUT] [Progress] 480001/1183514 (40.6%) Time: 218162.22 ms
[OUT] [Progress] 599001/1183514 (50.6%) Time: 297414.93 ms
[OUT] [Progress] 718001/1183514 (60.7%) Time: 387587.59 ms
[OUT] [Progress] 838001/1183514 (70.8%) Time: 475315.58 ms
[OUT] [Progress] 957001/1183514 (80.9%) Time: 566609.25 ms
[OUT] [Progress] 1076001/1183514 (90.9%) Time: 661340.63 ms
[OUT] [Timing] Parallel Build: 735185.34 ms for 1183514 points.
[OUT] [FlatHNSW] Converted 1183514 nodes, L0 size: 550149 KB, Upper size: 2692 KB
[OUT] [Timing] Flat Conversion: 715.86 ms
[OUT] ✓ Index built.
[OUT]   build_time(local)=811248.338492 ms
[OUT]   build_time(internal)=735185.336215 ms
[OUT] 
[OUT] 
[OUT] ========== GRAPH QUALITY ==========
[OUT] 
[OUT]   num_nodes: 1183514
[OUT] 
[OUT]   max_level (entry point): 3
[OUT] 
[OUT]   actual_max_layer: 3
[OUT] 
[OUT]   avg_degree_l0: 50.957425
[OUT] 
[OUT]   avg_degree_upper: 0.145906
[OUT] 
[OUT] 
[OUT]   Layer Distribution:
[OUT] 
[OUT]     L0: 1183514 nodes (100.00%)
[OUT] 
[OUT]     L1: 20044 nodes (1.69%)
[OUT] 
[OUT]     L2: 335 nodes (0.03%)
[OUT] 
[OUT]     L3: 4 nodes (0.00%)
[OUT] 
[OUT] 
[OUT] 
[OUT] Executing queries...
[OUT] 
[OUT]   Processed 1000 queries
[OUT] 
[OUT]   Processed 2000 queries
[OUT] 
[OUT]   Processed 3000 queries
[OUT] 
[OUT]   Processed 4000 queries
[OUT] 
[OUT]   Processed 5000 queries
[OUT] 
[OUT]   Processed 6000 queries
[OUT] 
[OUT]   Processed 7000 queries
[OUT] 
[OUT]   Processed 8000 queries
[OUT] 
[OUT]   Processed 9000 queries
[OUT] 
[OUT]   Processed 10000 queries
[OUT] 
[OUT] 
[OUT] ========== RESULTS ==========
[OUT] 
[OUT] Total queries: 10000
[OUT] 
[OUT] Average recall@10: 0.986370
[OUT] 
[OUT] Average query time: 2.746942 ms
[OUT] 
[OUT] Total query time: 27469.419370 ms
[OUT] 
[OUT] 
[OUT] ========== DISTANCE STATISTICS ==========
[OUT] 
[OUT] Total queries reported by index: 10000
[OUT] 
[OUT] Total distance computations: 242482915
[OUT] 
[OUT] Average distance ops per query: 24248.291500
[OUT] 
[OUT] Last query distance ops: 18864
[OUT] 
[OUT] 
[OUT] ========== PERFORMANCE SUMMARY ==========
[OUT] 
[OUT] Data loading time: 2392.148721 ms
[OUT] 
[OUT] Index build time: 735185.336215 ms
[OUT] 
[OUT] Query execution time: 27469.419370 ms
[OUT] 
[OUT] Total elapsed time: 841109.906583 ms
[OUT] 
[OUT] 
[OUT] ========== EFFICIENCY METRICS ==========
[OUT] 
[OUT] Queries per second: 364.041186
[OUT] 
[OUT] Distance ops per second: 8827376.790673
[OUT] 
[OUT] 
[OUT] ========== END OF LOG ==========
[OUT] 
[OUT] Log saved to: Log/run_20251128_034638_216.log
[OUT] 

Return Code: 0
   [PARSED] Build=735185.34ms, Query=2.7469ms, Recall=0.9864
   [RESULT] m=59 ml=19 efc=494  efs=588  | Rec=0.9864 Time=2.7469ms Build=735185.34ms
   [SUCCESS] Logged to Log/trial_m59_ml19_efc494_efs588_20251128_034638.log
