   [START] m=57, ml=20, efc=652, efs=345
   [LOG] Log/trial_m57_ml20_efc652_efs345_20251127_183411.log
   [RUN 1/1] Executing: ./hng --m 57 --max_layer 20 --efc 652 --efs 345

============================================================
Trial: m=57, ml=20, efc=652, efs=345, Run 1/1
Timestamp: 2025-11-27T18:34:11.091943
Command: ./hng --m 57 --max_layer 20 --efc 652 --efs 345
============================================================

[OUT] ========== HNSW Search Test ==========
[ERR] Loaded base from binary cache: data_o/glove/base.txt.bin
[OUT] 
[OUT] Timestamp: Thu Nov 27 18:34:11 2025
[OUT] 
[OUT] Command line arguments:
[OUT]   argv[0]: ./hng
[OUT]   argv[1]: --m
[OUT]   argv[2]: 57
[OUT]   argv[3]: --max_layer
[OUT]   argv[4]: 20
[OUT]   argv[5]: --efc
[OUT]   argv[6]: 652
[OUT]   argv[7]: --efs
[OUT]   argv[8]: 345
[OUT] 
[OUT] Configuration:
[OUT]   Base file: data_o/glove/base.txt
[OUT]   Query file: data_o/glove/query.txt
[OUT]   Truth file: data_o/glove/truth.txt
[OUT]   K: 10
[OUT]   M: 57
[OUT]   Max layer: 20
[OUT]   EFC: 652
[OUT]   EFS: 345
[OUT]   Threads: -1
[OUT]   Debug: -1
[OUT] 
[OUT] HNSW parameters set.
[OUT] 
[OUT] Loading base vectors...
[OUT] ✓ Base loaded in 2872.544442 ms
[ERR] Loaded queries from binary cache: data_o/glove/query.txt.bin
[OUT] 
[OUT] Loading query vectors...
[OUT] ✓ Queries loaded in 74.827691 ms
[ERR] Loaded truth from binary cache: data_o/glove/truth.txt.bin
[OUT] 
[OUT] Loading ground truth...
[OUT] ✓ Truth loaded in 75.211325 ms
[OUT] 
[OUT] Data Summary:
[OUT]   Dimension d=100, Base vectors=1183514, Queries=10000
[OUT] 
[OUT] 
[OUT] Building HNSW index...
[OUT] [Progress] 119001/1183514 (10.1%) Time: 26366.66 ms
[OUT] [Progress] 239001/1183514 (20.2%) Time: 105234.56 ms
[OUT] [Progress] 358001/1183514 (30.2%) Time: 208627.12 ms
[OUT] [Progress] 478001/1183514 (40.4%) Time: 324857.60 ms
