   [START] m=40, ml=20, efc=830, efs=715
   [LOG] Log/trial_m40_ml20_efc830_efs715_20251127_014311.log
   [RUN 1/1] Executing: ./hng --m 40 --max_layer 20 --efc 830 --efs 715

============================================================
Trial: m=40, ml=20, efc=830, efs=715, Run 1/1
Timestamp: 2025-11-27T01:43:11.006793
Command: ./hng --m 40 --max_layer 20 --efc 830 --efs 715
============================================================

[OUT] ========== HNSW Search Test ==========
[ERR] Loaded base from binary cache: data_o/glove/base.txt.bin
[OUT] 
[OUT] Timestamp: Thu Nov 27 01:43:11 2025
[OUT] 
[OUT] Command line arguments:
[OUT]   argv[0]: ./hng
[OUT]   argv[1]: --m
[OUT]   argv[2]: 40
[OUT]   argv[3]: --max_layer
[OUT]   argv[4]: 20
[OUT]   argv[5]: --efc
[OUT]   argv[6]: 830
[OUT]   argv[7]: --efs
[OUT]   argv[8]: 715
[OUT] 
[OUT] Configuration:
[OUT]   Base file: data_o/glove/base.txt
[OUT]   Query file: data_o/glove/query.txt
[OUT]   Truth file: data_o/glove/truth.txt
[OUT]   K: 10
[OUT]   M: 40
[OUT]   Max layer: 20
[OUT]   EFC: 830
[OUT]   EFS: 715
[OUT]   Threads: -1
[OUT]   Debug: -1
[OUT] 
[OUT] HNSW parameters set.
[OUT] 
[OUT] Loading base vectors...
[OUT] ✓ Base loaded in 2149.788731 ms
[ERR] Loaded queries from binary cache: data_o/glove/query.txt.bin
[OUT] 
[OUT] Loading query vectors...
[OUT] ✓ Queries loaded in 71.109137 ms
[ERR] Loaded truth from binary cache: data_o/glove/truth.txt.bin
[OUT] 
[OUT] Loading ground truth...
[OUT] ✓ Truth loaded in 70.919503 ms
[OUT] 
[OUT] Data Summary:
[OUT]   Dimension d=100, Base vectors=1183514, Queries=10000
[OUT] 
[OUT] 
[OUT] Building HNSW index...
[OUT] [Progress] 119001/1183514 (10.1%) Time: 23367.14 ms
[OUT] [Progress] 238001/1183514 (20.1%) Time: 103154.70 ms
[OUT] [Progress] 357001/1183514 (30.2%) Time: 222471.93 ms
[OUT] [Progress] 477001/1183514 (40.3%) Time: 359571.84 ms
[OUT] [Progress] 596001/1183514 (50.4%) Time: 494168.71 ms
[OUT] [Progress] 715001/1183514 (60.4%) Time: 640062.29 ms
[OUT] [Progress] 834001/1183514 (70.5%) Time: 784471.43 ms
[OUT] [Progress] 953001/1183514 (80.5%) Time: 939375.90 ms
[OUT] [Progress] 1072001/1183514 (90.6%) Time: 1089762.09 ms
[OUT] [Timing] Parallel Build: 1221134.82 ms for 1183514 points.
[OUT] [FlatHNSW] Converted 1183514 nodes, L0 size: 374471 KB, Upper size: 4029 KB
[OUT] [Timing] Flat Conversion: 464.90 ms
[OUT] ✓ Index built.
[OUT]   build_time(local)=1288073.103196 ms
[OUT]   build_time(internal)=1221134.820575 ms
[OUT] 
[OUT] 
[OUT] ========== GRAPH QUALITY ==========
[OUT] 
[OUT]   num_nodes: 1183514
[OUT] 
[OUT]   max_level (entry point): 3
[OUT] 
[OUT]   actual_max_layer: 3
[OUT] 
[OUT]   avg_degree_l0: 57.298606
[OUT] 
[OUT]   avg_degree_upper: 0.183066
[OUT] 
[OUT] 
[OUT]   Layer Distribution:
[OUT] 
[OUT]     L0: 1183514 nodes (100.00%)
[OUT] 
[OUT]     L1: 29607 nodes (2.50%)
[OUT] 
[OUT]     L2: 756 nodes (0.06%)
[OUT] 
[OUT]     L3: 25 nodes (0.00%)
[OUT] 
[OUT] 
[OUT] 
[OUT] Executing queries...
[OUT] 
[OUT]   Processed 1000 queries
[OUT] 
[OUT]   Processed 2000 queries
[OUT] 
[OUT]   Processed 3000 queries
[OUT] 
[OUT]   Processed 4000 queries
[OUT] 
[OUT]   Processed 5000 queries
[OUT] 
[OUT]   Processed 6000 queries
[OUT] 
[OUT]   Processed 7000 queries
[OUT] 
[OUT]   Processed 8000 queries
[OUT] 
[OUT]   Processed 9000 queries
[OUT] 
[OUT]   Processed 10000 queries
[OUT] 
[OUT] 
[OUT] ========== RESULTS ==========
[OUT] 
[OUT] Total queries: 10000
[OUT] 
[OUT] Average recall@10: 0.991480
[OUT] 
[OUT] Average query time: 3.307310 ms
[OUT] 
[OUT] Total query time: 33073.098362 ms
[OUT] 
[OUT] 
[OUT] ========== DISTANCE STATISTICS ==========
[OUT] 
[OUT] Total queries reported by index: 10000
[OUT] 
[OUT] Total distance computations: 301946078
[OUT] 
[OUT] Average distance ops per query: 30194.607800
[OUT] 
[OUT] Last query distance ops: 24289
[OUT] 
[OUT] 
[OUT] ========== PERFORMANCE SUMMARY ==========
[OUT] 
[OUT] Data loading time: 2291.817371 ms
[OUT] 
[OUT] Index build time: 1221134.820575 ms
[OUT] 
[OUT] Query execution time: 33073.098362 ms
[OUT] 
[OUT] Total elapsed time: 1323438.018929 ms
[OUT] 
[OUT] 
[OUT] ========== EFFICIENCY METRICS ==========
[OUT] 
[OUT] Queries per second: 302.360544
[OUT] 
[OUT] Distance ops per second: 9129658.028863
[OUT] 
[OUT] 
[OUT] ========== END OF LOG ==========
[OUT] 
[OUT] Log saved to: Log/run_20251127_014311_011.log
[OUT] 

Return Code: 0
   [PARSED] Build=1221134.82ms, Query=3.3073ms, Recall=0.9915
   [RESULT] m=40 ml=20 efc=830  efs=715  | Rec=0.9915 Time=3.3073ms Build=1221134.82ms
   [SUCCESS] Logged to Log/trial_m40_ml20_efc830_efs715_20251127_014311.log
