   [START] m=44, ml=11, efc=381, efs=848
   [LOG] Log/trial_m44_ml11_efc381_efs848_20251126_233459.log
   [RUN 1/1] Executing: ./hng --m 44 --max_layer 11 --efc 381 --efs 848

============================================================
Trial: m=44, ml=11, efc=381, efs=848, Run 1/1
Timestamp: 2025-11-26T23:34:59.424624
Command: ./hng --m 44 --max_layer 11 --efc 381 --efs 848
============================================================

[ERR] Loaded base from binary cache: data_o/glove/base.txt.bin
[OUT] ========== HNSW Search Test ==========
[OUT] 
[OUT] Timestamp: Wed Nov 26 23:34:59 2025
[OUT] 
[OUT] Command line arguments:
[OUT]   argv[0]: ./hng
[OUT]   argv[1]: --m
[OUT]   argv[2]: 44
[OUT]   argv[3]: --max_layer
[OUT]   argv[4]: 11
[OUT]   argv[5]: --efc
[OUT]   argv[6]: 381
[OUT]   argv[7]: --efs
[OUT]   argv[8]: 848
[OUT] 
[OUT] Configuration:
[OUT]   Base file: data_o/glove/base.txt
[OUT]   Query file: data_o/glove/query.txt
[OUT]   Truth file: data_o/glove/truth.txt
[OUT]   K: 10
[OUT]   M: 44
[OUT]   Max layer: 11
[OUT]   EFC: 381
[OUT]   EFS: 848
[OUT]   Threads: -1
[OUT]   Debug: -1
[OUT] 
[OUT] HNSW parameters set.
[OUT] 
[OUT] Loading base vectors...
[OUT] ✓ Base loaded in 2132.749231 ms
[ERR] Loaded queries from binary cache: data_o/glove/query.txt.bin
[OUT] 
[OUT] Loading query vectors...
[OUT] ✓ Queries loaded in 71.788548 ms
[ERR] Loaded truth from binary cache: data_o/glove/truth.txt.bin
[OUT] 
[OUT] Loading ground truth...
[OUT] ✓ Truth loaded in 79.337466 ms
[OUT] 
[OUT] Data Summary:
[OUT]   Dimension d=100, Base vectors=1183514, Queries=10000
[OUT] 
[OUT] 
[OUT] Building HNSW index...
[OUT] [Progress] 122001/1183514 (10.3%) Time: 11010.70 ms
[OUT] [Progress] 241001/1183514 (20.4%) Time: 49414.41 ms
[OUT] [Progress] 360001/1183514 (30.4%) Time: 94185.35 ms
[OUT] [Progress] 479001/1183514 (40.5%) Time: 150148.45 ms
[OUT] [Progress] 598001/1183514 (50.5%) Time: 207599.44 ms
[OUT] [Progress] 717001/1183514 (60.6%) Time: 268007.60 ms
[OUT] [Progress] 838001/1183514 (70.8%) Time: 330440.64 ms
[OUT] [Progress] 957001/1183514 (80.9%) Time: 395408.83 ms
[OUT] [Progress] 1076001/1183514 (90.9%) Time: 460305.03 ms
[OUT] [Timing] Parallel Build: 509385.10 ms for 1183514 points.
[OUT] [FlatHNSW] Converted 1183514 nodes, L0 size: 411456 KB, Upper size: 3558 KB
[OUT] [Timing] Flat Conversion: 516.43 ms
[OUT] ✓ Index built.
[OUT]   build_time(local)=533303.270187 ms
[OUT]   build_time(internal)=509385.098669 ms
[OUT] 
[OUT] 
[OUT] ========== GRAPH QUALITY ==========
[OUT] 
[OUT]   num_nodes: 1183514
[OUT] 
[OUT]   max_level (entry point): 3
[OUT] 
[OUT]   actual_max_layer: 3
[OUT] 
[OUT]   avg_degree_l0: 44.471785
[OUT] 
[OUT]   avg_degree_upper: 0.173990
[OUT] 
[OUT] 
[OUT]   Layer Distribution:
[OUT] 
[OUT]     L0: 1183514 nodes (100.00%)
[OUT] 
[OUT]     L1: 27013 nodes (2.28%)
[OUT] 
[OUT]     L2: 623 nodes (0.05%)
[OUT] 
[OUT]     L3: 15 nodes (0.00%)
[OUT] 
[OUT] 
[OUT] 
[OUT] Executing queries...
[OUT] 
[OUT]   Processed 1000 queries
[OUT] 
[OUT]   Processed 2000 queries
[OUT] 
[OUT]   Processed 3000 queries
[OUT] 
[OUT]   Processed 4000 queries
[OUT] 
[OUT]   Processed 5000 queries
[OUT] 
[OUT]   Processed 6000 queries
[OUT] 
[OUT]   Processed 7000 queries
[OUT] 
[OUT]   Processed 8000 queries
[OUT] 
[OUT]   Processed 9000 queries
[OUT] 
[OUT]   Processed 10000 queries
[OUT] 
[OUT] 
[OUT] ========== RESULTS ==========
[OUT] 
[OUT] Total queries: 10000
[OUT] 
[OUT] Average recall@10: 0.989150
[OUT] 
[OUT] Average query time: 3.415286 ms
[OUT] 
[OUT] Total query time: 34152.855126 ms
[OUT] 
[OUT] 
[OUT] ========== DISTANCE STATISTICS ==========
[OUT] 
[OUT] Total queries reported by index: 10000
[OUT] 
[OUT] Total distance computations: 290975258
[OUT] 
[OUT] Average distance ops per query: 29097.525800
[OUT] 
[OUT] Last query distance ops: 22601
[OUT] 
[OUT] 
[OUT] ========== PERFORMANCE SUMMARY ==========
[OUT] 
[OUT] Data loading time: 2283.875245 ms
[OUT] 
[OUT] Index build time: 509385.098669 ms
[OUT] 
[OUT] Query execution time: 34152.855126 ms
[OUT] 
[OUT] Total elapsed time: 569740.000558 ms
[OUT] 
[OUT] 
[OUT] ========== EFFICIENCY METRICS ==========
[OUT] 
[OUT] Queries per second: 292.801289
[OUT] 
[OUT] Distance ops per second: 8519793.057608
[OUT] 
[OUT] 
[OUT] ========== END OF LOG ==========
[OUT] 
[OUT] Log saved to: Log/run_20251126_233459_430.log
[OUT] 

Return Code: 0
   [PARSED] Build=509385.10ms, Query=3.4153ms, Recall=0.9891
   [RESULT] m=44 ml=11 efc=381  efs=848  | Rec=0.9891 Time=3.4153ms Build=509385.10ms
   [SUCCESS] Logged to Log/trial_m44_ml11_efc381_efs848_20251126_233459.log
