   [START] m=51, ml=10, efc=656, efs=508
   [LOG] Log/trial_m51_ml10_efc656_efs508_20251127_063722.log
   [RUN 1/1] Executing: ./hng --m 51 --max_layer 10 --efc 656 --efs 508

============================================================
Trial: m=51, ml=10, efc=656, efs=508, Run 1/1
Timestamp: 2025-11-27T06:37:22.747570
Command: ./hng --m 51 --max_layer 10 --efc 656 --efs 508
============================================================

[OUT] ========== HNSW Search Test ==========
[ERR] Loaded base from binary cache: data_o/glove/base.txt.bin
[OUT] 
[OUT] Timestamp: Thu Nov 27 06:37:22 2025
[OUT] 
[OUT] Command line arguments:
[OUT]   argv[0]: ./hng
[OUT]   argv[1]: --m
[OUT]   argv[2]: 51
[OUT]   argv[3]: --max_layer
[OUT]   argv[4]: 10
[OUT]   argv[5]: --efc
[OUT]   argv[6]: 656
[OUT]   argv[7]: --efs
[OUT]   argv[8]: 508
[OUT] 
[OUT] Configuration:
[OUT]   Base file: data_o/glove/base.txt
[OUT]   Query file: data_o/glove/query.txt
[OUT]   Truth file: data_o/glove/truth.txt
[OUT]   K: 10
[OUT]   M: 51
[OUT]   Max layer: 10
[OUT]   EFC: 656
[OUT]   EFS: 508
[OUT]   Threads: -1
[OUT]   Debug: -1
[OUT] 
[OUT] HNSW parameters set.
[OUT] 
[OUT] Loading base vectors...
[OUT] ✓ Base loaded in 2134.654746 ms
[ERR] Loaded queries from binary cache: data_o/glove/query.txt.bin
[OUT] 
[OUT] Loading query vectors...
[OUT] ✓ Queries loaded in 72.883356 ms
[ERR] Loaded truth from binary cache: data_o/glove/truth.txt.bin
[OUT] 
[OUT] Loading ground truth...
[OUT] ✓ Truth loaded in 74.213408 ms
[OUT] 
[OUT] Data Summary:
[OUT]   Dimension d=100, Base vectors=1183514, Queries=10000
[OUT] 
[OUT] 
[OUT] Building HNSW index...
[OUT] [Progress] 121001/1183514 (10.2%) Time: 19048.78 ms
[OUT] [Progress] 240001/1183514 (20.3%) Time: 92758.68 ms
[OUT] [Progress] 360001/1183514 (30.4%) Time: 185494.13 ms
[OUT] [Progress] 479001/1183514 (40.5%) Time: 292212.92 ms
[OUT] [Progress] 598001/1183514 (50.5%) Time: 406025.50 ms
[OUT] [Progress] 717001/1183514 (60.6%) Time: 522236.15 ms
[OUT] [Progress] 836001/1183514 (70.6%) Time: 646203.57 ms
[OUT] [Progress] 955001/1183514 (80.7%) Time: 776572.75 ms
[OUT] [Progress] 1074001/1183514 (90.7%) Time: 901017.21 ms
[OUT] [Timing] Parallel Build: 1008196.60 ms for 1183514 points.
[OUT] [FlatHNSW] Converted 1183514 nodes, L0 size: 476179 KB, Upper size: 3250 KB
[OUT] [Timing] Flat Conversion: 621.27 ms
[OUT] ✓ Index built.
[OUT]   build_time(local)=1060125.049488 ms
[OUT]   build_time(internal)=1008196.597194 ms
[OUT] 
[OUT] 
[OUT] ========== GRAPH QUALITY ==========
[OUT] 
[OUT]   num_nodes: 1183514
[OUT] 
[OUT]   max_level (entry point): 3
[OUT] 
[OUT]   actual_max_layer: 3
[OUT] 
[OUT]   avg_degree_l0: 56.537117
[OUT] 
[OUT]   avg_degree_upper: 0.142379
[OUT] 
[OUT] 
[OUT]   Layer Distribution:
[OUT] 
[OUT]     L0: 1183514 nodes (100.00%)
[OUT] 
[OUT]     L1: 23157 nodes (1.96%)
[OUT] 
[OUT]     L2: 429 nodes (0.04%)
[OUT] 
[OUT]     L3: 6 nodes (0.00%)
[OUT] 
[OUT] 
[OUT] 
[OUT] Executing queries...
[OUT] 
[OUT]   Processed 1000 queries
[OUT] 
[OUT]   Processed 2000 queries
[OUT] 
[OUT]   Processed 3000 queries
[OUT] 
[OUT]   Processed 4000 queries
[OUT] 
[OUT]   Processed 5000 queries
[OUT] 
[OUT]   Processed 6000 queries
[OUT] 
[OUT]   Processed 7000 queries
[OUT] 
[OUT]   Processed 8000 queries
[OUT] 
[OUT]   Processed 9000 queries
[OUT] 
[OUT]   Processed 10000 queries
[OUT] 
[OUT] 
[OUT] ========== RESULTS ==========
[OUT] 
[OUT] Total queries: 10000
[OUT] 
[OUT] Average recall@10: 0.985280
[OUT] 
[OUT] Average query time: 2.350059 ms
[OUT] 
[OUT] Total query time: 23500.591120 ms
[OUT] 
[OUT] 
[OUT] ========== DISTANCE STATISTICS ==========
[OUT] 
[OUT] Total queries reported by index: 10000
[OUT] 
[OUT] Total distance computations: 230144362
[OUT] 
[OUT] Average distance ops per query: 23014.436200
[OUT] 
[OUT] Last query distance ops: 18327
[OUT] 
[OUT] 
[OUT] ========== PERFORMANCE SUMMARY ==========
[OUT] 
[OUT] Data loading time: 2281.751510 ms
[OUT] 
[OUT] Index build time: 1008196.597194 ms
[OUT] 
[OUT] Query execution time: 23500.591120 ms
[OUT] 
[OUT] Total elapsed time: 1085907.392118 ms
[OUT] 
[OUT] 
[OUT] ========== EFFICIENCY METRICS ==========
[OUT] 
[OUT] Queries per second: 425.521211
[OUT] 
[OUT] Distance ops per second: 9793130.769555
[OUT] 
[OUT] 
[OUT] ========== END OF LOG ==========
[OUT] 
[OUT] Log saved to: Log/run_20251127_063722_752.log
[OUT] 

Return Code: 0
   [PARSED] Build=1008196.60ms, Query=2.3501ms, Recall=0.9853
   [RESULT] m=51 ml=10 efc=656  efs=508  | Rec=0.9853 Time=2.3501ms Build=1008196.60ms
   [SUCCESS] Logged to Log/trial_m51_ml10_efc656_efs508_20251127_063722.log
