   [START] m=39, efc=399, efs=1085
   [LOG] Log/trial_m39_efc399_efs1085_20251125_202245.log
   [RUN 1/1] Executing: ./hng --m 39 --efc 399 --efs 1085

============================================================
Trial: m=39, efc=399, efs=1085, Run 1/1
Timestamp: 2025-11-25T20:22:45.121105
Command: ./hng --m 39 --efc 399 --efs 1085
============================================================

[OUT] ========== HNSW Search Test ==========
[ERR] Loaded base from binary cache: data_o/glove/base.txt.bin
[OUT] 
[OUT] Timestamp: Tue Nov 25 20:22:45 2025
[OUT] 
[OUT] Command line arguments:
[OUT]   argv[0]: ./hng
[OUT]   argv[1]: --m
[OUT]   argv[2]: 39
[OUT]   argv[3]: --efc
[OUT]   argv[4]: 399
[OUT]   argv[5]: --efs
[OUT]   argv[6]: 1085
[OUT] 
[OUT] Configuration:
[OUT]   Base file: data_o/glove/base.txt
[OUT]   Query file: data_o/glove/query.txt
[OUT]   Truth file: data_o/glove/truth.txt
[OUT]   K: 10
[OUT]   M: 39
[OUT]   Max layer: -1
[OUT]   EFC: 399
[OUT]   EFS: 1085
[OUT]   Threads: -1
[OUT]   Debug: -1
[OUT] 
[OUT] HNSW parameters set.
[OUT] 
[OUT] Loading base vectors...
[OUT] ✓ Base loaded in 3372.654345 ms
[ERR] Loaded queries from binary cache: data_o/glove/query.txt.bin
[OUT] 
[OUT] Loading query vectors...
[OUT] ✓ Queries loaded in 68.022050 ms
[OUT] 
[ERR] Loaded truth from binary cache: data_o/glove/truth.txt.bin
[OUT] Loading ground truth...
[OUT] ✓ Truth loaded in 63.711719 ms
[OUT] 
[OUT] Data Summary:
[OUT]   Dimension d=100, Base vectors=1183514, Queries=10000
[OUT] 
[OUT] 
[OUT] Building HNSW index...
[OUT] [Progress] 126001/1183514 (10.6%) Time: 8015.79 ms
[OUT] [Progress] 246001/1183514 (20.8%) Time: 39196.37 ms
[OUT] [Progress] 366001/1183514 (30.9%) Time: 73738.16 ms
[OUT] [Progress] 486001/1183514 (41.1%) Time: 112890.15 ms
[OUT] [Progress] 605001/1183514 (51.1%) Time: 157268.06 ms
[OUT] [Progress] 726001/1183514 (61.3%) Time: 199740.83 ms
[OUT] [Progress] 845001/1183514 (71.4%) Time: 244709.09 ms
[OUT] [Progress] 964001/1183514 (81.5%) Time: 291679.44 ms
[OUT] [Progress] 1085001/1183514 (91.7%) Time: 340168.98 ms
[OUT] [Timing] Parallel Build: 372695.32 ms for 1183514 points.
[OUT] ✓ Index built.
[OUT]   build_time(local)=348163.251897 ms
[OUT]   build_time(internal)=372695.321250 ms
[OUT] 
[OUT] 
[OUT] Executing queries...
[OUT] 
[OUT]   Processed 1000 queries
[OUT] 
[OUT]   Processed 2000 queries
[OUT] 
[OUT]   Processed 3000 queries
[OUT] 
[OUT]   Processed 4000 queries
[OUT] 
[OUT]   Processed 5000 queries
[OUT] 
[OUT]   Processed 6000 queries
[OUT] 
[OUT]   Processed 7000 queries
[OUT] 
[OUT]   Processed 8000 queries
[OUT] 
[OUT]   Processed 9000 queries
[OUT] 
[OUT]   Processed 10000 queries
[OUT] 
[OUT] 
[OUT] ========== RESULTS ==========
[OUT] 
[OUT] Total queries: 10000
[OUT] 
[OUT] Average recall@10: 0.992680
[OUT] 
[OUT] Average query time: 4.633633 ms
[OUT] 
[OUT] Total query time: 46336.332284 ms
[OUT] 
[OUT] 
[OUT] ========== DISTANCE STATISTICS ==========
[OUT] 
[OUT] Total queries reported by index: 10000
[OUT] 
[OUT] Total distance computations: 354875868
[OUT] 
[OUT] Average distance ops per query: 35487.586800
[OUT] 
[OUT] Last query distance ops: 27405
[OUT] 
[OUT] 
[OUT] ========== PERFORMANCE SUMMARY ==========
[OUT] 
[OUT] Data loading time: 3504.388114 ms
[OUT] 
[OUT] Index build time: 372695.321250 ms
[OUT] 
[OUT] Query execution time: 46336.332284 ms
[OUT] 
[OUT] Total elapsed time: 398003.972295 ms
[OUT] 
[OUT] 
[OUT] ========== EFFICIENCY METRICS ==========
[OUT] 
[OUT] Queries per second: 215.813369
[OUT] 
[OUT] Distance ops per second: 7658695.682363
[OUT] 
[OUT] 
[OUT] ========== END OF LOG ==========
[OUT] 
[OUT] Log saved to: Log/run_20251125_202245_131.log
[OUT] 

Return Code: 0
   [PARSED] Build=372695.32ms, Query=4.6336ms, Recall=0.9927
   [RESULT] m=39 efc=399  efs=1085 | Rec=0.9927 Time=4.6336ms Build=372695.32ms
   [SUCCESS] Logged to Log/trial_m39_efc399_efs1085_20251125_202245.log
