   [START] m=20, ml=10, efc=612, efs=2000
[OUT] ========== HNSW Search Test ==========
[OUT] 
[OUT] Timestamp: Thu Dec  4 00:14:45 2025
[OUT] 
[OUT] Command line arguments:
[OUT]   argv[0]: ./hng1
[OUT]   argv[1]: --m
[OUT]   argv[2]: 20
[OUT]   argv[3]: --max_layer
[OUT]   argv[4]: 10
[OUT]   argv[5]: --efc
[OUT]   argv[6]: 612
[OUT]   argv[7]: --efs
[OUT]   argv[8]: 2000
[OUT] 
[OUT] Configuration:
[OUT]   Base file: data_o/glove/base.txt
[OUT]   Query file: data_o/glove/query.txt
[OUT]   Truth file: data_o/glove/truth.txt
[OUT]   K: 10
[ERR] Loaded base from binary cache: data_o/glove/base.txt.bin
[OUT]   M: 20
[OUT]   Max layer: 10
[OUT]   EFC: 612
[OUT]   EFS: 2000
[OUT]   Threads: -1
[OUT]   Debug: -1
[OUT] 
[OUT] HNSW parameters set.
[OUT] 
[OUT] Ablation flags: csr=0, prefetch=0, simd=0, pruning=0, heap=0
[OUT] 
[OUT] Loading base vectors...
[OUT] ✓ Base loaded in 2291.473308 ms
[OUT] 
[OUT] Loading query vectors...
[ERR] Loaded queries from binary cache: data_o/glove/query.txt.bin
[OUT] ✓ Queries loaded in 66.146837 ms
[OUT] 
[OUT] Loading ground truth...
[ERR] Loaded truth from binary cache: data_o/glove/truth.txt.bin
[OUT] ✓ Truth loaded in 67.996837 ms
[OUT] 
[OUT] Data Summary:
[OUT]   Dimension d=100, Base vectors=1183514, Queries=10000
[OUT] 
[OUT] 
[OUT] Building HNSW index...
[OUT] [Cache] Cache miss, building index...
[OUT] [Progress] 119001/1183514 (10.1%) Time: 9012.02 ms
[OUT] [Progress] 241001/1183514 (20.4%) Time: 36042.80 ms
[OUT] [Progress] 365001/1183514 (30.8%) Time: 72570.87 ms
[OUT] [Progress] 484001/1183514 (40.9%) Time: 114616.26 ms
[OUT] [Progress] 604001/1183514 (51.0%) Time: 159165.03 ms
[OUT] [Progress] 724001/1183514 (61.2%) Time: 206717.49 ms
[OUT] [Progress] 844001/1183514 (71.3%) Time: 254769.47 ms
[OUT] [Progress] 963001/1183514 (81.4%) Time: 304810.79 ms
[OUT] [Progress] 1083001/1183514 (91.5%) Time: 356852.29 ms
[OUT] [Timing] Parallel Build: 394401.58 ms for 1183514 points.
[OUT] [FlatConvert] Starting conversion for 1183514 nodes, dim=100
[OUT] [Reorder] Generated DFS mapping for 1183514 nodes.
[OUT] [FlatConvert] Reorder enabled, enter_point=0, max_level=5
[OUT] [FlatConvert] Allocating data array: 118351400 floats (451 MB)
[OUT] [FlatConvert] Copying vector data...
[OUT] [FlatConvert] Vector data copied.
[OUT] [FlatConvert] Building L0 CSR structure...
[OUT] [FlatConvert] Total L0 links: 41636237
[OUT] [FlatConvert] L0 CSR built, actual links: 41636237
[OUT] [FlatConvert] Building upper layer structure, max_level=5
[OUT] [FlatHNSW-CSR] Converted & Reordered 1183514 nodes.
[OUT] [Timing] Flat Conversion: 10860.26 ms
[OUT] [Cache] Saved index to: cache/hnsw_n1183514_d100_M20_L10_efc612.idx
[OUT] [Cache] Save time: 3120.37 ms
[OUT] ✓ Index built.
[OUT]   build_time(local)=410631.612569 ms
[OUT]   build_time(internal)=394401.575505 ms
[OUT] 
[OUT] 
[OUT] ========== GRAPH QUALITY ==========
[OUT] 
[OUT]   num_nodes: 1183514
[OUT] 
[OUT]   max_level (entry point): 5
[OUT] 
[OUT]   actual_max_layer: 5
[OUT] 
[OUT]   avg_degree_l0: 35.180181
[OUT] 
[OUT]   avg_degree_upper: 0.164917
[OUT] 
[OUT] 
[OUT]   Layer Distribution:
[OUT] 
[OUT]     L0: 1183514 nodes (100.00%)
[OUT] 
[OUT]     L1: 58929 nodes (4.98%)
[OUT] 
[OUT]     L2: 2947 nodes (0.25%)
[OUT] 
[OUT]     L3: 143 nodes (0.01%)
[OUT] 
[OUT]     L4: 5 nodes (0.00%)
[OUT] 
[OUT]     L5: 1 nodes (0.00%)
[OUT] 
[OUT] 
[OUT] 
[OUT] Executing queries...
[OUT] 
[OUT]   Processed 1000 queries
[OUT] 
[OUT]   Processed 2000 queries
[OUT] 
[OUT]   Processed 3000 queries
[OUT] 
[OUT]   Processed 4000 queries
[OUT] 
[OUT]   Processed 5000 queries
[OUT] 
[OUT]   Processed 6000 queries
[OUT] 
[OUT]   Processed 7000 queries
[OUT] 
[OUT]   Processed 8000 queries
[OUT] 
[OUT]   Processed 9000 queries
[OUT] 
[OUT]   Processed 10000 queries
[OUT] 
[OUT] 
[OUT] ========== RESULTS ==========
[OUT] 
[OUT] Total queries: 10000
[OUT] 
[OUT] Average recall@10: 0.991200
[OUT] 
[OUT] Average query time: 3.954397 ms
[OUT] 
[OUT] Total query time: 39543.967566 ms
[OUT] 
[OUT] 
[OUT] ========== DISTANCE STATISTICS ==========
[OUT] 
[OUT] Total queries reported by index: 10000
[OUT] 
[OUT] Total distance computations: 428657588
[OUT] 
[OUT] Average distance ops per query: 42865.758800
[OUT] 
[OUT] Last query distance ops: 34367
[OUT] 
[OUT] 
[OUT] ========== PERFORMANCE SUMMARY ==========
[OUT] 
[OUT] Data loading time: 2425.616982 ms
[OUT] 
[OUT] Index build time: 394401.575505 ms
[OUT] 
[OUT] Query execution time: 39543.967566 ms
[OUT] 
[OUT] Total elapsed time: 452601.197117 ms
[OUT] 
[OUT] 
[OUT] ========== EFFICIENCY METRICS ==========
[OUT] 
[OUT] Queries per second: 252.883072
[OUT] 
[OUT] Distance ops per second: 10840024.772035
[OUT] 
[OUT] 
[OUT] ========== END OF LOG ==========
[OUT] 
[OUT] Log saved to: Log/run_20251204_001445_120.log
[OUT] 
   [RESULT] Rec=0.9912 Time=3.9544ms
