   [START] m=18, ml=20, efc=894, efs=409
   [LOG] Log/trial_m18_ml20_efc894_efs409_20251202_045846.log
   [RUN 1/1] Executing: ./hng --m 18 --max_layer 20 --efc 894 --efs 409

============================================================
Trial: m=18, ml=20, efc=894, efs=409, Run 1/1
Timestamp: 2025-12-02T04:58:46.100599
Command: ./hng --m 18 --max_layer 20 --efc 894 --efs 409
============================================================

[ERR] Loaded base from binary cache: data_o/glove/base.txt.bin
[OUT] ========== HNSW Search Test ==========
[OUT] 
[OUT] Timestamp: Tue Dec  2 04:58:46 2025
[OUT] 
[OUT] Command line arguments:
[OUT]   argv[0]: ./hng
[OUT]   argv[1]: --m
[OUT]   argv[2]: 18
[OUT]   argv[3]: --max_layer
[OUT]   argv[4]: 20
[OUT]   argv[5]: --efc
[OUT]   argv[6]: 894
[OUT]   argv[7]: --efs
[OUT]   argv[8]: 409
[OUT] 
[OUT] Configuration:
[OUT]   Base file: data_o/glove/base.txt
[OUT]   Query file: data_o/glove/query.txt
[OUT]   Truth file: data_o/glove/truth.txt
[OUT]   K: 10
[OUT]   M: 18
[OUT]   Max layer: 20
[OUT]   EFC: 894
[OUT]   EFS: 409
[OUT]   Threads: -1
[OUT]   Debug: -1
[OUT] 
[OUT] HNSW parameters set.
[OUT] 
[OUT] Loading base vectors...
[OUT] ✓ Base loaded in 3832.429468 ms
[ERR] Loaded queries from binary cache: data_o/glove/query.txt.bin
[OUT] 
[OUT] Loading query vectors...
[ERR] Loaded truth from binary cache: data_o/glove/truth.txt.bin
[OUT] ✓ Queries loaded in 64.628136 ms
[OUT] 
[OUT] Loading ground truth...
[OUT] ✓ Truth loaded in 63.702502 ms
[OUT] 
[OUT] Data Summary:
[OUT]   Dimension d=100, Base vectors=1183514, Queries=10000
[OUT] 
[OUT] 
[OUT] Building HNSW index...
[OUT] [Progress] 120001/1183514 (10.1%) Time: 13018.98 ms
[OUT] [Progress] 241001/1183514 (20.4%) Time: 62165.13 ms
[OUT] [Progress] 361001/1183514 (30.5%) Time: 117780.75 ms
[OUT] [Progress] 480001/1183514 (40.6%) Time: 185814.73 ms
[OUT] [Progress] 599001/1183514 (50.6%) Time: 259264.72 ms
[OUT] [Progress] 719001/1183514 (60.8%) Time: 333943.37 ms
[OUT] [Progress] 839001/1183514 (70.9%) Time: 409664.74 ms
[OUT] [Progress] 959001/1183514 (81.0%) Time: 490349.77 ms
[OUT] [Progress] 1079001/1183514 (91.2%) Time: 571035.36 ms
[OUT] [Timing] Parallel Build: 629011.25 ms for 1183514 points.
[OUT] [FlatHNSW] Converted 1183514 nodes, L0 size: 171054 KB, Upper size: 5002 KB
[OUT] [Timing] Flat Conversion: 260.06 ms
[OUT] ✓ Index built.
[OUT]   build_time(local)=605779.070596 ms
[OUT]   build_time(internal)=629011.253371 ms
[OUT] 
[OUT] 
[OUT] ========== GRAPH QUALITY ==========
[OUT] 
[OUT]   num_nodes: 1183514
[OUT] 
[OUT]   max_level (entry point): 5
[OUT] 
[OUT]   actual_max_layer: 5
[OUT] 
[OUT]   avg_degree_l0: 33.073089
[OUT] 
[OUT]   avg_degree_upper: 0.167836
[OUT] 
[OUT] 
[OUT]   Layer Distribution:
[OUT] 
[OUT]     L0: 1183514 nodes (100.00%)
[OUT] 
[OUT]     L1: 65909 nodes (5.57%)
[OUT] 
[OUT]     L2: 3573 nodes (0.30%)
[OUT] 
[OUT]     L3: 217 nodes (0.02%)
[OUT] 
[OUT]     L4: 16 nodes (0.00%)
[OUT] 
[OUT]     L5: 2 nodes (0.00%)
[OUT] 
[OUT] 
[OUT] 
[OUT] Executing queries...
[OUT] 
[OUT]   Processed 1000 queries
[OUT] 
[OUT]   Processed 2000 queries
[OUT] 
[OUT]   Processed 3000 queries
[OUT] 
[OUT]   Processed 4000 queries
[OUT] 
[OUT]   Processed 5000 queries
[OUT] 
[OUT]   Processed 6000 queries
[OUT] 
[OUT]   Processed 7000 queries
[OUT] 
[OUT]   Processed 8000 queries
[OUT] 
[OUT]   Processed 9000 queries
[OUT] 
[OUT]   Processed 10000 queries
[OUT] 
[OUT] 
[OUT] ========== RESULTS ==========
[OUT] 
[OUT] Total queries: 10000
[OUT] 
[OUT] Average recall@10: 0.943220
[OUT] 
[OUT] Average query time: 0.813594 ms
[OUT] 
[OUT] Total query time: 8135.942430 ms
[OUT] 
[OUT] 
[OUT] ========== DISTANCE STATISTICS ==========
[OUT] 
[OUT] Total queries reported by index: 10000
[OUT] 
[OUT] Total distance computations: 0
[OUT] 
[OUT] Average distance ops per query: 0.000000
[OUT] 
[OUT] Last query distance ops: 0
[OUT] 
[OUT] 
[OUT] ========== PERFORMANCE SUMMARY ==========
[OUT] 
[OUT] Data loading time: 3960.760106 ms
[OUT] 
[OUT] Index build time: 629011.253371 ms
[OUT] 
[OUT] Query execution time: 8135.942430 ms
[OUT] 
[OUT] Total elapsed time: 617875.773132 ms
[OUT] 
[OUT] 
[OUT] ========== EFFICIENCY METRICS ==========
[OUT] 
[OUT] Queries per second: 1229.113909
[OUT] 
[OUT] 
[OUT] ========== END OF LOG ==========
[OUT] 
[OUT] Log saved to: Log/run_20251202_045846_122.log
[OUT] 

Return Code: 0
   [PARSED] Build=629011.25ms, Query=0.8136ms, Recall=0.9432
   [RESULT] m=18 ml=20 efc=894  efs=409  | Rec=0.9432 Time=0.8136ms Build=629011.25ms
   [SUCCESS] Logged to Log/trial_m18_ml20_efc894_efs409_20251202_045846.log
