   [START] m=33, efc=537, efs=1460
   [LOG] Log/trial_m33_efc537_efs1460_20251126_161839.log
   [RUN 1/1] Executing: ./hng --m 33 --efc 537 --efs 1460

============================================================
Trial: m=33, efc=537, efs=1460, Run 1/1
Timestamp: 2025-11-26T16:18:39.291299
Command: ./hng --m 33 --efc 537 --efs 1460
============================================================

[ERR] Loaded base from binary cache: data_o/glove/base.txt.bin
[OUT] ========== HNSW Search Test ==========
[OUT] 
[OUT] Timestamp: Wed Nov 26 16:18:39 2025
[OUT] 
[OUT] Command line arguments:
[OUT]   argv[0]: ./hng
[OUT]   argv[1]: --m
[OUT]   argv[2]: 33
[OUT]   argv[3]: --efc
[OUT]   argv[4]: 537
[OUT]   argv[5]: --efs
[OUT]   argv[6]: 1460
[OUT] 
[OUT] Configuration:
[OUT]   Base file: data_o/glove/base.txt
[OUT]   Query file: data_o/glove/query.txt
[OUT]   Truth file: data_o/glove/truth.txt
[OUT]   K: 10
[OUT]   M: 33
[OUT]   Max layer: -1
[OUT]   EFC: 537
[OUT]   EFS: 1460
[OUT]   Threads: -1
[OUT]   Debug: -1
[OUT] 
[OUT] HNSW parameters set.
[OUT] 
[OUT] Loading base vectors...
[OUT] ✓ Base loaded in 2144.803197 ms
[ERR] Loaded queries from binary cache: data_o/glove/query.txt.bin
[OUT] 
[OUT] Loading query vectors...
[OUT] ✓ Queries loaded in 67.090790 ms
[ERR] Loaded truth from binary cache: data_o/glove/truth.txt.bin
[OUT] 
[OUT] Loading ground truth...
[OUT] ✓ Truth loaded in 66.784738 ms
[OUT] 
[OUT] Data Summary:
[OUT]   Dimension d=100, Base vectors=1183514, Queries=10000
[OUT] 
[OUT] 
[OUT] Building HNSW index...
[OUT] ✓ Index built.
[OUT]   build_time(local)=693176.609452 ms
[OUT]   build_time(internal)=676007.038387 ms
[OUT] 
[OUT] 
[OUT] Executing queries...
[OUT] 
[OUT]   Processed 1000 queries
[OUT] 
[OUT]   Processed 2000 queries
[OUT] 
[OUT]   Processed 3000 queries
[OUT] 
[OUT]   Processed 4000 queries
[OUT] 
[OUT]   Processed 5000 queries
[OUT] 
[OUT]   Processed 6000 queries
[OUT] 
[OUT]   Processed 7000 queries
[OUT] 
[OUT]   Processed 8000 queries
[OUT] 
[OUT]   Processed 9000 queries
[OUT] 
[OUT]   Processed 10000 queries
[OUT] 
[OUT] 
[OUT] ========== RESULTS ==========
[OUT] 
[OUT] Total queries: 10000
[OUT] 
[OUT] Average recall@10: 0.995760
[OUT] 
[OUT] Average query time: 5.509834 ms
[OUT] 
[OUT] Total query time: 55098.337546 ms
[OUT] 
[OUT] 
[OUT] ========== DISTANCE STATISTICS ==========
[OUT] 
[OUT] Total queries reported by index: 10000
[OUT] 
[OUT] Total distance computations: 463246550
[OUT] 
[OUT] Average distance ops per query: 46324.655000
[OUT] 
[OUT] Last query distance ops: 36018
[OUT] 
[OUT] 
[OUT] ========== PERFORMANCE SUMMARY ==========
[OUT] 
[OUT] Data loading time: 2278.678725 ms
[OUT] 
[OUT] Index build time: 676007.038387 ms
[OUT] 
[OUT] Query execution time: 55098.337546 ms
[OUT] 
[OUT] Total elapsed time: 750553.625723 ms
[OUT] 
[OUT] 
[OUT] ========== EFFICIENCY METRICS ==========
[OUT] 
[OUT] Queries per second: 181.493679
[OUT] 
[OUT] Distance ops per second: 8407632.074439
[OUT] 
[OUT] 
[OUT] ========== END OF LOG ==========
[OUT] 
[OUT] Log saved to: Log/run_20251126_161839_295.log
[OUT] 

Return Code: 0
   [PARSED] Build=676007.04ms, Query=5.5098ms, Recall=0.9958
   [RESULT] m=33 efc=537  efs=1460 | Rec=0.9958 Time=5.5098ms Build=676007.04ms
   [SUCCESS] Logged to Log/trial_m33_efc537_efs1460_20251126_161839.log
