   [START] m=27, ml=12, efc=904, efs=544
   [LOG] Log/trial_m27_ml12_efc904_efs544_20251128_055645.log
   [RUN 1/1] Executing: ./hng --m 27 --max_layer 12 --efc 904 --efs 544

============================================================
Trial: m=27, ml=12, efc=904, efs=544, Run 1/1
Timestamp: 2025-11-28T05:56:45.104546
Command: ./hng --m 27 --max_layer 12 --efc 904 --efs 544
============================================================

[OUT] ========== HNSW Search Test ==========
[ERR] Loaded base from binary cache: data_o/glove/base.txt.bin
[OUT] 
[OUT] Timestamp: Fri Nov 28 05:56:45 2025
[OUT] 
[OUT] Command line arguments:
[OUT]   argv[0]: ./hng
[OUT]   argv[1]: --m
[OUT]   argv[2]: 27
[OUT]   argv[3]: --max_layer
[OUT]   argv[4]: 12
[OUT]   argv[5]: --efc
[OUT]   argv[6]: 904
[OUT]   argv[7]: --efs
[OUT]   argv[8]: 544
[OUT] 
[OUT] Configuration:
[OUT]   Base file: data_o/glove/base.txt
[OUT]   Query file: data_o/glove/query.txt
[OUT]   Truth file: data_o/glove/truth.txt
[OUT]   K: 10
[OUT]   M: 27
[OUT]   Max layer: 12
[OUT]   EFC: 904
[OUT]   EFS: 544
[OUT]   Threads: -1
[OUT]   Debug: -1
[OUT] 
[OUT] HNSW parameters set.
[OUT] 
[OUT] Loading base vectors...
[OUT] ✓ Base loaded in 2295.015539 ms
[ERR] Loaded queries from binary cache: data_o/glove/query.txt.bin
[OUT] 
[OUT] Loading query vectors...
[OUT] ✓ Queries loaded in 80.571902 ms
[ERR] Loaded truth from binary cache: data_o/glove/truth.txt.bin
[OUT] 
[OUT] Loading ground truth...
[OUT] ✓ Truth loaded in 83.624563 ms
[OUT] 
[OUT] Data Summary:
[OUT]   Dimension d=100, Base vectors=1183514, Queries=10000
[OUT] 
[OUT] 
[OUT] Building HNSW index...
[OUT] [Progress] 120001/1183514 (10.1%) Time: 24077.84 ms
[OUT] [Progress] 239001/1183514 (20.2%) Time: 103809.89 ms
[OUT] [Progress] 358001/1183514 (30.2%) Time: 207577.15 ms
[OUT] [Progress] 477001/1183514 (40.3%) Time: 316450.05 ms
[OUT] [Progress] 596001/1183514 (50.4%) Time: 439824.94 ms
[OUT] [Progress] 716001/1183514 (60.5%) Time: 563128.23 ms
[OUT] [Progress] 835001/1183514 (70.6%) Time: 688581.58 ms
[OUT] [Progress] 954001/1183514 (80.6%) Time: 820906.96 ms
[OUT] [Progress] 1073001/1183514 (90.7%) Time: 954262.68 ms
[OUT] [Timing] Parallel Build: 1060913.65 ms for 1183514 points.
[OUT] [FlatHNSW] Converted 1183514 nodes, L0 size: 254270 KB, Upper size: 4715 KB
[OUT] [Timing] Flat Conversion: 514.37 ms
[OUT] ✓ Index built.
[OUT]   build_time(local)=1168770.424482 ms
[OUT]   build_time(internal)=1060913.648523 ms
[OUT] 
[OUT] 
[OUT] ========== GRAPH QUALITY ==========
[OUT] 
[OUT]   num_nodes: 1183514
[OUT] 
[OUT]   max_level (entry point): 4
[OUT] 
[OUT]   actual_max_layer: 4
[OUT] 
[OUT]   avg_degree_l0: 46.146972
[OUT] 
[OUT]   avg_degree_upper: 0.192658
[OUT] 
[OUT] 
[OUT]   Layer Distribution:
[OUT] 
[OUT]     L0: 1183514 nodes (100.00%)
[OUT] 
[OUT]     L1: 44408 nodes (3.75%)
[OUT] 
[OUT]     L2: 1624 nodes (0.14%)
[OUT] 
[OUT]     L3: 57 nodes (0.00%)
[OUT] 
[OUT]     L4: 3 nodes (0.00%)
[OUT] 
[OUT] 
[OUT] 
[OUT] Executing queries...
[OUT] 
[OUT]   Processed 1000 queries
[OUT] 
[OUT]   Processed 2000 queries
[OUT] 
[OUT]   Processed 3000 queries
[OUT] 
[OUT]   Processed 4000 queries
[OUT] 
[OUT]   Processed 5000 queries
[OUT] 
[OUT]   Processed 6000 queries
[OUT] 
[OUT]   Processed 7000 queries
[OUT] 
[OUT]   Processed 8000 queries
[OUT] 
[OUT]   Processed 9000 queries
[OUT] 
[OUT]   Processed 10000 queries
[OUT] 
[OUT] 
[OUT] ========== RESULTS ==========
[OUT] 
[OUT] Total queries: 10000
[OUT] 
[OUT] Average recall@10: 0.976470
[OUT] 
[OUT] Average query time: 2.222469 ms
[OUT] 
[OUT] Total query time: 22224.687166 ms
[OUT] 
[OUT] 
[OUT] ========== DISTANCE STATISTICS ==========
[OUT] 
[OUT] Total queries reported by index: 10000
[OUT] 
[OUT] Total distance computations: 183621667
[OUT] 
[OUT] Average distance ops per query: 18362.166700
[OUT] 
[OUT] Last query distance ops: 16550
[OUT] 
[OUT] 
[OUT] ========== PERFORMANCE SUMMARY ==========
[OUT] 
[OUT] Data loading time: 2459.212004 ms
[OUT] 
[OUT] Index build time: 1060913.648523 ms
[OUT] 
[OUT] Query execution time: 22224.687166 ms
[OUT] 
[OUT] Total elapsed time: 1193454.323652 ms
[OUT] 
[OUT] 
[OUT] ========== EFFICIENCY METRICS ==========
[OUT] 
[OUT] Queries per second: 449.950090
[OUT] 
[OUT] Distance ops per second: 8262058.567056
[OUT] 
[OUT] 
[OUT] ========== END OF LOG ==========
[OUT] 
[OUT] Log saved to: Log/run_20251128_055645_109.log
[OUT] 

Return Code: 0
   [PARSED] Build=1060913.65ms, Query=2.2225ms, Recall=0.9765
   [RESULT] m=27 ml=12 efc=904  efs=544  | Rec=0.9765 Time=2.2225ms Build=1060913.65ms
   [SUCCESS] Logged to Log/trial_m27_ml12_efc904_efs544_20251128_055645.log
