   [START] m=16, ml=7, efc=677, efs=1428
   [LOG] Log/trial_m16_ml7_efc677_efs1428_20251127_003102.log
   [RUN 1/1] Executing: ./hng --m 16 --max_layer 7 --efc 677 --efs 1428

============================================================
Trial: m=16, ml=7, efc=677, efs=1428, Run 1/1
Timestamp: 2025-11-27T00:31:02.995042
Command: ./hng --m 16 --max_layer 7 --efc 677 --efs 1428
============================================================

[OUT] ========== HNSW Search Test ==========
[ERR] Loaded base from binary cache: data_o/glove/base.txt.bin
[OUT] 
[OUT] Timestamp: Thu Nov 27 00:31:03 2025
[OUT] 
[OUT] Command line arguments:
[OUT]   argv[0]: ./hng
[OUT]   argv[1]: --m
[OUT]   argv[2]: 16
[OUT]   argv[3]: --max_layer
[OUT]   argv[4]: 7
[OUT]   argv[5]: --efc
[OUT]   argv[6]: 677
[OUT]   argv[7]: --efs
[OUT]   argv[8]: 1428
[OUT] 
[OUT] Configuration:
[OUT]   Base file: data_o/glove/base.txt
[OUT]   Query file: data_o/glove/query.txt
[OUT]   Truth file: data_o/glove/truth.txt
[OUT]   K: 10
[OUT]   M: 16
[OUT]   Max layer: 7
[OUT]   EFC: 677
[OUT]   EFS: 1428
[OUT]   Threads: -1
[OUT]   Debug: -1
[OUT] 
[OUT] HNSW parameters set.
[OUT] 
[OUT] Loading base vectors...
[OUT] ✓ Base loaded in 2144.856297 ms
[ERR] Loaded queries from binary cache: data_o/glove/query.txt.bin
[OUT] 
[OUT] Loading query vectors...
[OUT] ✓ Queries loaded in 67.940255 ms
[ERR] Loaded truth from binary cache: data_o/glove/truth.txt.bin
[OUT] 
[OUT] Loading ground truth...
[OUT] ✓ Truth loaded in 69.042578 ms
[OUT] 
[OUT] Data Summary:
[OUT]   Dimension d=100, Base vectors=1183514, Queries=10000
[OUT] 
[OUT] 
[OUT] Building HNSW index...
[OUT] [Progress] 121001/1183514 (10.2%) Time: 10519.23 ms
[OUT] [Progress] 240001/1183514 (20.3%) Time: 45066.64 ms
[OUT] [Progress] 359001/1183514 (30.3%) Time: 89689.76 ms
[OUT] [Progress] 478001/1183514 (40.4%) Time: 140835.28 ms
[OUT] [Progress] 597001/1183514 (50.4%) Time: 191311.55 ms
[OUT] [Progress] 716001/1183514 (60.5%) Time: 247356.95 ms
[OUT] [Progress] 835001/1183514 (70.6%) Time: 301586.64 ms
[OUT] [Progress] 954001/1183514 (80.6%) Time: 359270.72 ms
[OUT] [Progress] 1073001/1183514 (90.7%) Time: 415839.49 ms
[OUT] [Timing] Parallel Build: 465607.80 ms for 1183514 points.
[OUT] [FlatHNSW] Converted 1183514 nodes, L0 size: 152562 KB, Upper size: 5070 KB
[OUT] [Timing] Flat Conversion: 248.64 ms
[OUT] ✓ Index built.
[OUT]   build_time(local)=488418.832214 ms
[OUT]   build_time(internal)=465607.800720 ms
[OUT] 
[OUT] 
[OUT] ========== GRAPH QUALITY ==========
[OUT] 
[OUT]   num_nodes: 1183514
[OUT] 
[OUT]   max_level (entry point): 4
[OUT] 
[OUT]   actual_max_layer: 4
[OUT] 
[OUT]   avg_degree_l0: 29.410984
[OUT] 
[OUT]   avg_degree_upper: 0.213312
[OUT] 
[OUT] 
[OUT]   Layer Distribution:
[OUT] 
[OUT]     L0: 1183514 nodes (100.00%)
[OUT] 
[OUT]     L1: 73774 nodes (6.23%)
[OUT] 
[OUT]     L2: 4627 nodes (0.39%)
[OUT] 
[OUT]     L3: 276 nodes (0.02%)
[OUT] 
[OUT]     L4: 20 nodes (0.00%)
[OUT] 
[OUT] 
[OUT] 
[OUT] Executing queries...
[OUT] 
[OUT]   Processed 1000 queries
[OUT] 
[OUT]   Processed 2000 queries
[OUT] 
[OUT]   Processed 3000 queries
[OUT] 
[OUT]   Processed 4000 queries
[OUT] 
[OUT]   Processed 5000 queries
[OUT] 
[OUT]   Processed 6000 queries
[OUT] 
[OUT]   Processed 7000 queries
[OUT] 
[OUT]   Processed 8000 queries
[OUT] 
[OUT]   Processed 9000 queries
[OUT] 
[OUT]   Processed 10000 queries
[OUT] 
[OUT] 
[OUT] ========== RESULTS ==========
[OUT] 
[OUT] Total queries: 10000
[OUT] 
[OUT] Average recall@10: 0.977630
[OUT] 
[OUT] Average query time: 4.107369 ms
[OUT] 
[OUT] Total query time: 41073.691044 ms
[OUT] 
[OUT] 
[OUT] ========== DISTANCE STATISTICS ==========
[OUT] 
[OUT] Total queries reported by index: 10000
[OUT] 
[OUT] Total distance computations: 262806513
[OUT] 
[OUT] Average distance ops per query: 26280.651300
[OUT] 
[OUT] Last query distance ops: 22613
[OUT] 
[OUT] 
[OUT] ========== PERFORMANCE SUMMARY ==========
[OUT] 
[OUT] Data loading time: 2281.839130 ms
[OUT] 
[OUT] Index build time: 465607.800720 ms
[OUT] 
[OUT] Query execution time: 41073.691044 ms
[OUT] 
[OUT] Total elapsed time: 531774.362388 ms
[OUT] 
[OUT] 
[OUT] ========== EFFICIENCY METRICS ==========
[OUT] 
[OUT] Queries per second: 243.464849
[OUT] 
[OUT] Distance ops per second: 6398414.808118
[OUT] 
[OUT] 
[OUT] ========== END OF LOG ==========
[OUT] 
[OUT] Log saved to: Log/run_20251127_003103_000.log
[OUT] 

Return Code: 0
   [PARSED] Build=465607.80ms, Query=4.1074ms, Recall=0.9776
   [RESULT] m=16 ml=7  efc=677  efs=1428 | Rec=0.9776 Time=4.1074ms Build=465607.80ms
   [SUCCESS] Logged to Log/trial_m16_ml7_efc677_efs1428_20251127_003102.log
