   [START] m=48, ml=10, efc=772, efs=840
   [LOG] Log/trial_m48_ml10_efc772_efs840_20251127_093133.log
   [RUN 1/1] Executing: ./hng --m 48 --max_layer 10 --efc 772 --efs 840

============================================================
Trial: m=48, ml=10, efc=772, efs=840, Run 1/1
Timestamp: 2025-11-27T09:31:33.303424
Command: ./hng --m 48 --max_layer 10 --efc 772 --efs 840
============================================================

[OUT] ========== HNSW Search Test ==========
[ERR] Loaded base from binary cache: data_o/glove/base.txt.bin
[OUT] 
[OUT] Timestamp: Thu Nov 27 09:31:33 2025
[OUT] 
[OUT] Command line arguments:
[OUT]   argv[0]: ./hng
[OUT]   argv[1]: --m
[OUT]   argv[2]: 48
[OUT]   argv[3]: --max_layer
[OUT]   argv[4]: 10
[OUT]   argv[5]: --efc
[OUT]   argv[6]: 772
[OUT]   argv[7]: --efs
[OUT]   argv[8]: 840
[OUT] 
[OUT] Configuration:
[OUT]   Base file: data_o/glove/base.txt
[OUT]   Query file: data_o/glove/query.txt
[OUT]   Truth file: data_o/glove/truth.txt
[OUT]   K: 10
[OUT]   M: 48
[OUT]   Max layer: 10
[OUT]   EFC: 772
[OUT]   EFS: 840
[OUT]   Threads: -1
[OUT]   Debug: -1
[OUT] 
[OUT] HNSW parameters set.
[OUT] 
[OUT] Loading base vectors...
[OUT] ✓ Base loaded in 2155.056753 ms
[ERR] Loaded queries from binary cache: data_o/glove/query.txt.bin
[OUT] 
[OUT] Loading query vectors...
[OUT] ✓ Queries loaded in 80.105813 ms
[ERR] Loaded truth from binary cache: data_o/glove/truth.txt.bin
[OUT] 
[OUT] Loading ground truth...
[OUT] ✓ Truth loaded in 81.130305 ms
[OUT] 
[OUT] Data Summary:
[OUT]   Dimension d=100, Base vectors=1183514, Queries=10000
[OUT] 
[OUT] 
[OUT] Building HNSW index...
[OUT] [Progress] 122001/1183514 (10.3%) Time: 22296.56 ms
[OUT] [Progress] 241001/1183514 (20.4%) Time: 106292.34 ms
[OUT] [Progress] 360001/1183514 (30.4%) Time: 221804.05 ms
[OUT] [Progress] 480001/1183514 (40.6%) Time: 350419.84 ms
[OUT] [Progress] 599001/1183514 (50.6%) Time: 481387.01 ms
[OUT] [Progress] 718001/1183514 (60.7%) Time: 629161.90 ms
[OUT] [Progress] 837001/1183514 (70.7%) Time: 774334.89 ms
[OUT] [Progress] 957001/1183514 (80.9%) Time: 923083.95 ms
[OUT] [Progress] 1076001/1183514 (90.9%) Time: 1076828.33 ms
[OUT] [Timing] Parallel Build: 1201678.99 ms for 1183514 points.
[OUT] [FlatHNSW] Converted 1183514 nodes, L0 size: 448440 KB, Upper size: 3498 KB
[OUT] [Timing] Flat Conversion: 767.59 ms
[OUT] ✓ Index built.
[OUT]   build_time(local)=1290158.422379 ms
[OUT]   build_time(internal)=1201678.992648 ms
[OUT] 
[OUT] 
[OUT] ========== GRAPH QUALITY ==========
[OUT] 
[OUT]   num_nodes: 1183514
[OUT] 
[OUT]   max_level (entry point): 3
[OUT] 
[OUT]   actual_max_layer: 3
[OUT] 
[OUT]   avg_degree_l0: 59.192212
[OUT] 
[OUT]   avg_degree_upper: 0.156754
[OUT] 
[OUT] 
[OUT]   Layer Distribution:
[OUT] 
[OUT]     L0: 1183514 nodes (100.00%)
[OUT] 
[OUT]     L1: 24671 nodes (2.08%)
[OUT] 
[OUT]     L2: 505 nodes (0.04%)
[OUT] 
[OUT]     L3: 10 nodes (0.00%)
[OUT] 
[OUT] 
[OUT] 
[OUT] Executing queries...
[OUT] 
[OUT]   Processed 1000 queries
[OUT] 
[OUT]   Processed 2000 queries
[OUT] 
[OUT]   Processed 3000 queries
[OUT] 
[OUT]   Processed 4000 queries
[OUT] 
[OUT]   Processed 5000 queries
[OUT] 
[OUT]   Processed 6000 queries
[OUT] 
[OUT]   Processed 7000 queries
[OUT] 
[OUT]   Processed 8000 queries
[OUT] 
[OUT]   Processed 9000 queries
[OUT] 
[OUT]   Processed 10000 queries
[OUT] 
[OUT] 
[OUT] ========== RESULTS ==========
[OUT] 
[OUT] Total queries: 10000
[OUT] 
[OUT] Average recall@10: 0.994230
[OUT] 
[OUT] Average query time: 4.255937 ms
[OUT] 
[OUT] Total query time: 42559.370139 ms
[OUT] 
[OUT] 
[OUT] ========== DISTANCE STATISTICS ==========
[OUT] 
[OUT] Total queries reported by index: 10000
[OUT] 
[OUT] Total distance computations: 368940467
[OUT] 
[OUT] Average distance ops per query: 36894.046700
[OUT] 
[OUT] Last query distance ops: 27891
[OUT] 
[OUT] 
[OUT] ========== PERFORMANCE SUMMARY ==========
[OUT] 
[OUT] Data loading time: 2316.292871 ms
[OUT] 
[OUT] Index build time: 1201678.992648 ms
[OUT] 
[OUT] Query execution time: 42559.370139 ms
[OUT] 
[OUT] Total elapsed time: 1335034.085389 ms
[OUT] 
[OUT] 
[OUT] ========== EFFICIENCY METRICS ==========
[OUT] 
[OUT] Queries per second: 234.965883
[OUT] 
[OUT] Distance ops per second: 8668842.273629
[OUT] 
[OUT] 
[OUT] ========== END OF LOG ==========
[OUT] 
[OUT] Log saved to: Log/run_20251127_093133_307.log
[OUT] 

Return Code: 0
   [PARSED] Build=1201678.99ms, Query=4.2559ms, Recall=0.9942
   [RESULT] m=48 ml=10 efc=772  efs=840  | Rec=0.9942 Time=4.2559ms Build=1201678.99ms
   [SUCCESS] Logged to Log/trial_m48_ml10_efc772_efs840_20251127_093133.log
