   [START] m=46, ml=9, efc=422, efs=1319
   [LOG] Log/trial_m46_ml9_efc422_efs1319_20251126_210510.log
   [RUN 1/1] Executing: ./hng --m 46 --max_layer 9 --efc 422 --efs 1319

============================================================
Trial: m=46, ml=9, efc=422, efs=1319, Run 1/1
Timestamp: 2025-11-26T21:05:10.369498
Command: ./hng --m 46 --max_layer 9 --efc 422 --efs 1319
============================================================

[OUT] ========== HNSW Search Test ==========
[ERR] Loaded base from binary cache: data_o/glove/base.txt.bin
[OUT] 
[OUT] Timestamp: Wed Nov 26 21:05:10 2025
[OUT] 
[OUT] Command line arguments:
[OUT]   argv[0]: ./hng
[OUT]   argv[1]: --m
[OUT]   argv[2]: 46
[OUT]   argv[3]: --max_layer
[OUT]   argv[4]: 9
[OUT]   argv[5]: --efc
[OUT]   argv[6]: 422
[OUT]   argv[7]: --efs
[OUT]   argv[8]: 1319
[OUT] 
[OUT] Configuration:
[OUT]   Base file: data_o/glove/base.txt
[OUT]   Query file: data_o/glove/query.txt
[OUT]   Truth file: data_o/glove/truth.txt
[OUT]   K: 10
[OUT]   M: 46
[OUT]   Max layer: 9
[OUT]   EFC: 422
[OUT]   EFS: 1319
[OUT]   Threads: -1
[OUT]   Debug: -1
[OUT] 
[OUT] HNSW parameters set.
[OUT] 
[OUT] Loading base vectors...
[OUT] ✓ Base loaded in 2144.185198 ms
[ERR] Loaded queries from binary cache: data_o/glove/query.txt.bin
[OUT] 
[OUT] Loading query vectors...
[OUT] ✓ Queries loaded in 72.836009 ms
[ERR] Loaded truth from binary cache: data_o/glove/truth.txt.bin
[OUT] 
[OUT] Loading ground truth...
[OUT] ✓ Truth loaded in 70.754658 ms
[OUT] 
[OUT] Data Summary:
[OUT]   Dimension d=100, Base vectors=1183514, Queries=10000
[OUT] 
[OUT] 
[OUT] Building HNSW index...
[OUT] [Progress] 123001/1183514 (10.4%) Time: 11337.08 ms
[OUT] [Progress] 242001/1183514 (20.4%) Time: 55941.39 ms
[OUT] [Progress] 361001/1183514 (30.5%) Time: 108048.43 ms
[OUT] [Progress] 481001/1183514 (40.6%) Time: 165637.16 ms
[OUT] [Progress] 602001/1183514 (50.9%) Time: 229148.78 ms
[OUT] [Progress] 721001/1183514 (60.9%) Time: 292810.64 ms
[OUT] [Progress] 840001/1183514 (71.0%) Time: 358871.06 ms
[OUT] [Progress] 961001/1183514 (81.2%) Time: 426456.21 ms
[OUT] [Progress] 1080001/1183514 (91.3%) Time: 496490.98 ms
[OUT] [Timing] Parallel Build: 554397.49 ms for 1183514 points.
[OUT] [FlatHNSW] Converted 1183514 nodes, L0 size: 429948 KB, Upper size: 3416 KB
[OUT] [Timing] Flat Conversion: 551.28 ms
[OUT] ✓ Index built.
[OUT]   build_time(local)=573755.834952 ms
[OUT]   build_time(internal)=554397.493500 ms
[OUT] 
[OUT] 
[OUT] ========== GRAPH QUALITY ==========
[OUT] 
[OUT]   num_nodes: 1183514
[OUT] 
[OUT]   max_level (entry point): 3
[OUT] 
[OUT]   actual_max_layer: 3
[OUT] 
[OUT]   avg_degree_l0: 46.802506
[OUT] 
[OUT]   avg_degree_upper: 0.201926
[OUT] 
[OUT] 
[OUT]   Layer Distribution:
[OUT] 
[OUT]     L0: 1183514 nodes (100.00%)
[OUT] 
[OUT]     L1: 25603 nodes (2.16%)
[OUT] 
[OUT]     L2: 561 nodes (0.05%)
[OUT] 
[OUT]     L3: 9 nodes (0.00%)
[OUT] 
[OUT] 
[OUT] 
[OUT] Executing queries...
[OUT] 
[OUT]   Processed 1000 queries
[OUT] 
[OUT]   Processed 2000 queries
[OUT] 
[OUT]   Processed 3000 queries
[OUT] 
[OUT]   Processed 4000 queries
[OUT] 
[OUT]   Processed 5000 queries
[OUT] 
[OUT]   Processed 6000 queries
[OUT] 
[OUT]   Processed 7000 queries
[OUT] 
[OUT]   Processed 8000 queries
[OUT] 
[OUT]   Processed 9000 queries
[OUT] 
[OUT]   Processed 10000 queries
[OUT] 
[OUT] 
[OUT] ========== RESULTS ==========
[OUT] 
[OUT] Total queries: 10000
[OUT] 
[OUT] Average recall@10: 0.995360
[OUT] 
[OUT] Average query time: 6.022703 ms
[OUT] 
[OUT] Total query time: 60227.028826 ms
[OUT] 
[OUT] 
[OUT] ========== DISTANCE STATISTICS ==========
[OUT] 
[OUT] Total queries reported by index: 10000
[OUT] 
[OUT] Total distance computations: 447578615
[OUT] 
[OUT] Average distance ops per query: 44757.861600
[OUT] 
[OUT] Last query distance ops: 32922
[OUT] 
[OUT] 
[OUT] ========== PERFORMANCE SUMMARY ==========
[OUT] 
[OUT] Data loading time: 2287.775865 ms
[OUT] 
[OUT] Index build time: 554397.493500 ms
[OUT] 
[OUT] Query execution time: 60227.028826 ms
[OUT] 
[OUT] Total elapsed time: 636270.639643 ms
[OUT] 
[OUT] 
[OUT] ========== EFFICIENCY METRICS ==========
[OUT] 
[OUT] Queries per second: 166.038408
[OUT] 
[OUT] Distance ops per second: 7431524.096815
[OUT] 
[OUT] 
[OUT] ========== END OF LOG ==========
[OUT] 
[OUT] Log saved to: Log/run_20251126_210510_373.log
[OUT] 

Return Code: 0
   [PARSED] Build=554397.49ms, Query=6.0227ms, Recall=0.9954
   [RESULT] m=46 ml=9  efc=422  efs=1319 | Rec=0.9954 Time=6.0227ms Build=554397.49ms
   [SUCCESS] Logged to Log/trial_m46_ml9_efc422_efs1319_20251126_210510.log
