   [START] m=31, efc=725, efs=503
   [LOG] Log/trial_m31_efc725_efs503_20251126_142300.log
   [RUN 1/1] Executing: ./hng --m 31 --efc 725 --efs 503

============================================================
Trial: m=31, efc=725, efs=503, Run 1/1
Timestamp: 2025-11-26T14:23:00.016915
Command: ./hng --m 31 --efc 725 --efs 503
============================================================

[OUT] ========== HNSW Search Test ==========
[ERR] Loaded base from binary cache: data_o/glove/base.txt.bin
[OUT] 
[OUT] Timestamp: Wed Nov 26 14:23:00 2025
[OUT] 
[OUT] Command line arguments:
[OUT]   argv[0]: ./hng
[OUT]   argv[1]: --m
[OUT]   argv[2]: 31
[OUT]   argv[3]: --efc
[OUT]   argv[4]: 725
[OUT]   argv[5]: --efs
[OUT]   argv[6]: 503
[OUT] 
[OUT] Configuration:
[OUT]   Base file: data_o/glove/base.txt
[OUT]   Query file: data_o/glove/query.txt
[OUT]   Truth file: data_o/glove/truth.txt
[OUT]   K: 10
[OUT]   M: 31
[OUT]   Max layer: -1
[OUT]   EFC: 725
[OUT]   EFS: 503
[OUT]   Threads: -1
[OUT]   Debug: -1
[OUT] 
[OUT] HNSW parameters set.
[OUT] 
[OUT] Loading base vectors...
[OUT] ✓ Base loaded in 2198.057148 ms
[ERR] Loaded queries from binary cache: data_o/glove/query.txt.bin
[OUT] 
[OUT] Loading query vectors...
[OUT] ✓ Queries loaded in 68.140232 ms
[ERR] Loaded truth from binary cache: data_o/glove/truth.txt.bin
[OUT] 
[OUT] Loading ground truth...
[OUT] ✓ Truth loaded in 66.229500 ms
[OUT] 
[OUT] Data Summary:
[OUT]   Dimension d=100, Base vectors=1183514, Queries=10000
[OUT] 
[OUT] 
[OUT] Building HNSW index...
[OUT] [Progress] 120001/1183514 (10.1%) Time: 15017.00 ms
[OUT] [Progress] 240001/1183514 (20.3%) Time: 58536.78 ms
[OUT] [Progress] 359001/1183514 (30.3%) Time: 121090.60 ms
[OUT] [Progress] 478001/1183514 (40.4%) Time: 196269.50 ms
[OUT] [Progress] 597001/1183514 (50.4%) Time: 273866.53 ms
[OUT] [Progress] 716001/1183514 (60.5%) Time: 357656.86 ms
[OUT] [Progress] 835001/1183514 (70.6%) Time: 446199.93 ms
[OUT] [Progress] 954001/1183514 (80.6%) Time: 536462.50 ms
[OUT] [Progress] 1073001/1183514 (90.7%) Time: 637019.69 ms
[OUT] [Timing] Parallel Build: 712591.46 ms for 1183514 points.
[OUT] ✓ Index built.
[OUT]   build_time(local)=722482.746148 ms
[OUT]   build_time(internal)=712591.456321 ms
[OUT] 
[OUT] 
[OUT] Executing queries...
[OUT] 
[OUT]   Processed 1000 queries
[OUT] 
[OUT]   Processed 2000 queries
[OUT] 
[OUT]   Processed 3000 queries
[OUT] 
[OUT]   Processed 4000 queries
[OUT] 
[OUT]   Processed 5000 queries
[OUT] 
[OUT]   Processed 6000 queries
[OUT] 
[OUT]   Processed 7000 queries
[OUT] 
[OUT]   Processed 8000 queries
[OUT] 
[OUT]   Processed 9000 queries
[OUT] 
[OUT]   Processed 10000 queries
[OUT] 
[OUT] 
[OUT] ========== RESULTS ==========
[OUT] 
[OUT] Total queries: 10000
[OUT] 
[OUT] Average recall@10: 0.977810
[OUT] 
[OUT] Average query time: 2.191680 ms
[OUT] 
[OUT] Total query time: 21916.803734 ms
[OUT] 
[OUT] 
[OUT] ========== DISTANCE STATISTICS ==========
[OUT] 
[OUT] Total queries reported by index: 10000
[OUT] 
[OUT] Total distance computations: 185345049
[OUT] 
[OUT] Average distance ops per query: 18534.504900
[OUT] 
[OUT] Last query distance ops: 16543
[OUT] 
[OUT] 
[OUT] ========== PERFORMANCE SUMMARY ==========
[OUT] 
[OUT] Data loading time: 2332.426880 ms
[OUT] 
[OUT] Index build time: 712591.456321 ms
[OUT] 
[OUT] Query execution time: 21916.803734 ms
[OUT] 
[OUT] Total elapsed time: 746731.976762 ms
[OUT] 
[OUT] 
[OUT] ========== EFFICIENCY METRICS ==========
[OUT] 
[OUT] Queries per second: 456.270911
[OUT] 
[OUT] Distance ops per second: 8456755.430650
[OUT] 
[OUT] 
[OUT] ========== END OF LOG ==========
[OUT] 
[OUT] Log saved to: Log/run_20251126_142300_020.log
[OUT] 

Return Code: 0
   [PARSED] Build=712591.46ms, Query=2.1917ms, Recall=0.9778
   [RESULT] m=31 efc=725  efs=503  | Rec=0.9778 Time=2.1917ms Build=712591.46ms
   [SUCCESS] Logged to Log/trial_m31_efc725_efs503_20251126_142300.log
