   [START] m=40, ml=9, efc=358, efs=759
   [LOG] Log/trial_m40_ml9_efc358_efs759_20251126_204648.log
   [RUN 1/1] Executing: ./hng --m 40 --max_layer 9 --efc 358 --efs 759

============================================================
Trial: m=40, ml=9, efc=358, efs=759, Run 1/1
Timestamp: 2025-11-26T20:46:48.588257
Command: ./hng --m 40 --max_layer 9 --efc 358 --efs 759
============================================================

[OUT] ========== HNSW Search Test ==========
[ERR] Loaded base from binary cache: data_o/glove/base.txt.bin
[OUT] 
[OUT] Timestamp: Wed Nov 26 20:46:48 2025
[OUT] 
[OUT] Command line arguments:
[OUT]   argv[0]: ./hng
[OUT]   argv[1]: --m
[OUT]   argv[2]: 40
[OUT]   argv[3]: --max_layer
[OUT]   argv[4]: 9
[OUT]   argv[5]: --efc
[OUT]   argv[6]: 358
[OUT]   argv[7]: --efs
[OUT]   argv[8]: 759
[OUT] 
[OUT] Configuration:
[OUT]   Base file: data_o/glove/base.txt
[OUT]   Query file: data_o/glove/query.txt
[OUT]   Truth file: data_o/glove/truth.txt
[OUT]   K: 10
[OUT]   M: 40
[OUT]   Max layer: 9
[OUT]   EFC: 358
[OUT]   EFS: 759
[OUT]   Threads: -1
[OUT]   Debug: -1
[OUT] 
[OUT] HNSW parameters set.
[OUT] 
[OUT] Loading base vectors...
[OUT] ✓ Base loaded in 2170.928880 ms
[ERR] Loaded queries from binary cache: data_o/glove/query.txt.bin
[OUT] 
[OUT] Loading query vectors...
[OUT] ✓ Queries loaded in 67.806521 ms
[ERR] Loaded truth from binary cache: data_o/glove/truth.txt.bin
[OUT] 
[OUT] Loading ground truth...
[OUT] ✓ Truth loaded in 67.814736 ms
[OUT] 
[OUT] Data Summary:
[OUT]   Dimension d=100, Base vectors=1183514, Queries=10000
[OUT] 
[OUT] 
[OUT] Building HNSW index...
[OUT] [Progress] 120001/1183514 (10.1%) Time: 8624.78 ms
[OUT] [Progress] 240001/1183514 (20.3%) Time: 41777.48 ms
[OUT] [Progress] 360001/1183514 (30.4%) Time: 84423.58 ms
[OUT] [Progress] 479001/1183514 (40.5%) Time: 132425.80 ms
[OUT] [Progress] 600001/1183514 (50.7%) Time: 181290.14 ms
[OUT] [Progress] 721001/1183514 (60.9%) Time: 233439.73 ms
[OUT] [Progress] 841001/1183514 (71.1%) Time: 290511.82 ms
[OUT] [Progress] 961001/1183514 (81.2%) Time: 341356.61 ms
[OUT] [Progress] 1081001/1183514 (91.3%) Time: 396454.99 ms
[OUT] [Timing] Parallel Build: 435076.43 ms for 1183514 points.
[OUT] [FlatHNSW] Converted 1183514 nodes, L0 size: 374471 KB, Upper size: 3768 KB
[OUT] [Timing] Flat Conversion: 479.88 ms
[OUT] ✓ Index built.
[OUT]   build_time(local)=450619.932765 ms
[OUT]   build_time(internal)=435076.427775 ms
[OUT] 
[OUT] 
[OUT] ========== GRAPH QUALITY ==========
[OUT] 
[OUT]   num_nodes: 1183514
[OUT] 
[OUT]   max_level (entry point): 3
[OUT] 
[OUT]   actual_max_layer: 3
[OUT] 
[OUT]   avg_degree_l0: 42.672104
[OUT] 
[OUT]   avg_degree_upper: 0.192275
[OUT] 
[OUT] 
[OUT]   Layer Distribution:
[OUT] 
[OUT]     L0: 1183514 nodes (100.00%)
[OUT] 
[OUT]     L1: 29350 nodes (2.48%)
[OUT] 
[OUT]     L2: 769 nodes (0.06%)
[OUT] 
[OUT]     L3: 15 nodes (0.00%)
[OUT] 
[OUT] 
[OUT] 
[OUT] Executing queries...
[OUT] 
[OUT]   Processed 1000 queries
[OUT] 
[OUT]   Processed 2000 queries
[OUT] 
[OUT]   Processed 3000 queries
[OUT] 
[OUT]   Processed 4000 queries
[OUT] 
[OUT]   Processed 5000 queries
[OUT] 
[OUT]   Processed 6000 queries
[OUT] 
[OUT]   Processed 7000 queries
[OUT] 
[OUT]   Processed 8000 queries
[OUT] 
[OUT]   Processed 9000 queries
[OUT] 
[OUT]   Processed 10000 queries
[OUT] 
[OUT] 
[OUT] ========== RESULTS ==========
[OUT] 
[OUT] Total queries: 10000
[OUT] 
[OUT] Average recall@10: 0.985860
[OUT] 
[OUT] Average query time: 2.805086 ms
[OUT] 
[OUT] Total query time: 28050.863096 ms
[OUT] 
[OUT] 
[OUT] ========== DISTANCE STATISTICS ==========
[OUT] 
[OUT] Total queries reported by index: 10000
[OUT] 
[OUT] Total distance computations: 252362072
[OUT] 
[OUT] Average distance ops per query: 25236.207300
[OUT] 
[OUT] Last query distance ops: 20061
[OUT] 
[OUT] 
[OUT] ========== PERFORMANCE SUMMARY ==========
[OUT] 
[OUT] Data loading time: 2306.550137 ms
[OUT] 
[OUT] Index build time: 435076.427775 ms
[OUT] 
[OUT] Query execution time: 28050.863096 ms
[OUT] 
[OUT] Total elapsed time: 480977.345998 ms
[OUT] 
[OUT] 
[OUT] ========== EFFICIENCY METRICS ==========
[OUT] 
[OUT] Queries per second: 356.495270
[OUT] 
[OUT] Distance ops per second: 8996588.523367
[OUT] 
[OUT] 
[OUT] ========== END OF LOG ==========
[OUT] 
[OUT] Log saved to: Log/run_20251126_204648_592.log
[OUT] 

Return Code: 0
   [PARSED] Build=435076.43ms, Query=2.8051ms, Recall=0.9859
   [RESULT] m=40 ml=9  efc=358  efs=759  | Rec=0.9859 Time=2.8051ms Build=435076.43ms
   [SUCCESS] Logged to Log/trial_m40_ml9_efc358_efs759_20251126_204648.log
