   [START] m=48, ml=20, efc=465, efs=623
   [LOG] Log/trial_m48_ml20_efc465_efs623_20251127_222218.log
   [RUN 1/1] Executing: ./hng --m 48 --max_layer 20 --efc 465 --efs 623

============================================================
Trial: m=48, ml=20, efc=465, efs=623, Run 1/1
Timestamp: 2025-11-27T22:22:18.922593
Command: ./hng --m 48 --max_layer 20 --efc 465 --efs 623
============================================================

[OUT] ========== HNSW Search Test ==========
[ERR] Loaded base from binary cache: data_o/glove/base.txt.bin
[OUT] 
[OUT] Timestamp: Thu Nov 27 22:22:18 2025
[OUT] 
[OUT] Command line arguments:
[OUT]   argv[0]: ./hng
[OUT]   argv[1]: --m
[OUT]   argv[2]: 48
[OUT]   argv[3]: --max_layer
[OUT]   argv[4]: 20
[OUT]   argv[5]: --efc
[OUT]   argv[6]: 465
[OUT]   argv[7]: --efs
[OUT]   argv[8]: 623
[OUT] 
[OUT] Configuration:
[OUT]   Base file: data_o/glove/base.txt
[OUT]   Query file: data_o/glove/query.txt
[OUT]   Truth file: data_o/glove/truth.txt
[OUT]   K: 10
[OUT]   M: 48
[OUT]   Max layer: 20
[OUT]   EFC: 465
[OUT]   EFS: 623
[OUT]   Threads: -1
[OUT]   Debug: -1
[OUT] 
[OUT] HNSW parameters set.
[OUT] 
[OUT] Loading base vectors...
[OUT] ✓ Base loaded in 2467.068095 ms
[ERR] Loaded queries from binary cache: data_o/glove/query.txt.bin
[OUT] 
[OUT] Loading query vectors...
[OUT] ✓ Queries loaded in 76.616194 ms
[ERR] Loaded truth from binary cache: data_o/glove/truth.txt.bin
[OUT] 
[OUT] Loading ground truth...
[OUT] ✓ Truth loaded in 77.767854 ms
[OUT] 
[OUT] Data Summary:
[OUT]   Dimension d=100, Base vectors=1183514, Queries=10000
[OUT] 
[OUT] 
[OUT] Building HNSW index...
[OUT] [Progress] 122001/1183514 (10.3%) Time: 12945.20 ms
[OUT] [Progress] 241001/1183514 (20.4%) Time: 62123.47 ms
[OUT] [Progress] 360001/1183514 (30.4%) Time: 122750.03 ms
[OUT] [Progress] 479001/1183514 (40.5%) Time: 195064.14 ms
[OUT] [Progress] 599001/1183514 (50.6%) Time: 268121.96 ms
[OUT] [Progress] 719001/1183514 (60.8%) Time: 346793.50 ms
[OUT] [Progress] 838001/1183514 (70.8%) Time: 430058.60 ms
[OUT] [Progress] 957001/1183514 (80.9%) Time: 513503.88 ms
[OUT] [Progress] 1076001/1183514 (90.9%) Time: 598003.58 ms
[OUT] [Timing] Parallel Build: 665038.53 ms for 1183514 points.
[OUT] [FlatHNSW] Converted 1183514 nodes, L0 size: 448440 KB, Upper size: 3323 KB
[OUT] [Timing] Flat Conversion: 555.81 ms
[OUT] ✓ Index built.
[OUT]   build_time(local)=706250.904960 ms
[OUT]   build_time(internal)=665038.527768 ms
[OUT] 
[OUT] 
[OUT] ========== GRAPH QUALITY ==========
[OUT] 
[OUT]   num_nodes: 1183514
[OUT] 
[OUT]   max_level (entry point): 3
[OUT] 
[OUT]   actual_max_layer: 3
[OUT] 
[OUT]   avg_degree_l0: 49.040442
[OUT] 
[OUT]   avg_degree_upper: 0.167132
[OUT] 
[OUT] 
[OUT]   Layer Distribution:
[OUT] 
[OUT]     L0: 1183514 nodes (100.00%)
[OUT] 
[OUT]     L1: 24560 nodes (2.08%)
[OUT] 
[OUT]     L2: 503 nodes (0.04%)
[OUT] 
[OUT]     L3: 7 nodes (0.00%)
[OUT] 
[OUT] 
[OUT] 
[OUT] Executing queries...
[OUT] 
[OUT]   Processed 1000 queries
[OUT] 
[OUT]   Processed 2000 queries
[OUT] 
[OUT]   Processed 3000 queries
[OUT] 
[OUT]   Processed 4000 queries
[OUT] 
[OUT]   Processed 5000 queries
[OUT] 
[OUT]   Processed 6000 queries
[OUT] 
[OUT]   Processed 7000 queries
[OUT] 
[OUT]   Processed 8000 queries
[OUT] 
[OUT]   Processed 9000 queries
[OUT] 
[OUT]   Processed 10000 queries
[OUT] 
[OUT] 
[OUT] ========== RESULTS ==========
[OUT] 
[OUT] Total queries: 10000
[OUT] 
[OUT] Average recall@10: 0.986320
[OUT] 
[OUT] Average query time: 2.756798 ms
[OUT] 
[OUT] Total query time: 27567.983918 ms
[OUT] 
[OUT] 
[OUT] ========== DISTANCE STATISTICS ==========
[OUT] 
[OUT] Total queries reported by index: 10000
[OUT] 
[OUT] Total distance computations: 242800210
[OUT] 
[OUT] Average distance ops per query: 24280.021000
[OUT] 
[OUT] Last query distance ops: 19063
[OUT] 
[OUT] 
[OUT] ========== PERFORMANCE SUMMARY ==========
[OUT] 
[OUT] Data loading time: 2621.452143 ms
[OUT] 
[OUT] Index build time: 665038.527768 ms
[OUT] 
[OUT] Query execution time: 27567.983918 ms
[OUT] 
[OUT] Total elapsed time: 736440.341021 ms
[OUT] 
[OUT] 
[OUT] ========== EFFICIENCY METRICS ==========
[OUT] 
[OUT] Queries per second: 362.739620
[OUT] 
[OUT] Distance ops per second: 8807325.581813
[OUT] 
[OUT] 
[OUT] ========== END OF LOG ==========
[OUT] 
[OUT] Log saved to: Log/run_20251127_222218_928.log
[OUT] 

Return Code: 0
   [PARSED] Build=665038.53ms, Query=2.7568ms, Recall=0.9863
   [RESULT] m=48 ml=20 efc=465  efs=623  | Rec=0.9863 Time=2.7568ms Build=665038.53ms
   [SUCCESS] Logged to Log/trial_m48_ml20_efc465_efs623_20251127_222218.log
