   [START] m=57, ml=11, efc=635, efs=819
   [LOG] Log/trial_m57_ml11_efc635_efs819_20251127_073236.log
   [RUN 1/1] Executing: ./hng --m 57 --max_layer 11 --efc 635 --efs 819

============================================================
Trial: m=57, ml=11, efc=635, efs=819, Run 1/1
Timestamp: 2025-11-27T07:32:36.806063
Command: ./hng --m 57 --max_layer 11 --efc 635 --efs 819
============================================================

[OUT] ========== HNSW Search Test ==========
[ERR] Loaded base from binary cache: data_o/glove/base.txt.bin
[OUT] 
[OUT] Timestamp: Thu Nov 27 07:32:36 2025
[OUT] 
[OUT] Command line arguments:
[OUT]   argv[0]: ./hng
[OUT]   argv[1]: --m
[OUT]   argv[2]: 57
[OUT]   argv[3]: --max_layer
[OUT]   argv[4]: 11
[OUT]   argv[5]: --efc
[OUT]   argv[6]: 635
[OUT]   argv[7]: --efs
[OUT]   argv[8]: 819
[OUT] 
[OUT] Configuration:
[OUT]   Base file: data_o/glove/base.txt
[OUT]   Query file: data_o/glove/query.txt
[OUT]   Truth file: data_o/glove/truth.txt
[OUT]   K: 10
[OUT]   M: 57
[OUT]   Max layer: 11
[OUT]   EFC: 635
[OUT]   EFS: 819
[OUT]   Threads: -1
[OUT]   Debug: -1
[OUT] 
[OUT] HNSW parameters set.
[OUT] 
[OUT] Loading base vectors...
[OUT] ✓ Base loaded in 2093.856037 ms
[ERR] Loaded queries from binary cache: data_o/glove/query.txt.bin
[OUT] 
[OUT] Loading query vectors...
[OUT] ✓ Queries loaded in 65.254656 ms
[ERR] Loaded truth from binary cache: data_o/glove/truth.txt.bin
[OUT] 
[OUT] Loading ground truth...
[OUT] ✓ Truth loaded in 66.440539 ms
[OUT] 
[OUT] Data Summary:
[OUT]   Dimension d=100, Base vectors=1183514, Queries=10000
[OUT] 
[OUT] 
[OUT] Building HNSW index...
[OUT] [Progress] 120001/1183514 (10.1%) Time: 17976.63 ms
[OUT] [Progress] 240001/1183514 (20.3%) Time: 83633.44 ms
[OUT] [Progress] 359001/1183514 (30.3%) Time: 175825.68 ms
[OUT] [Progress] 479001/1183514 (40.5%) Time: 280091.30 ms
[OUT] [Progress] 599001/1183514 (50.6%) Time: 390337.82 ms
[OUT] [Progress] 718001/1183514 (60.7%) Time: 506682.11 ms
[OUT] [Progress] 837001/1183514 (70.7%) Time: 622927.23 ms
[OUT] [Progress] 957001/1183514 (80.9%) Time: 750161.49 ms
[OUT] [Progress] 1077001/1183514 (91.0%) Time: 873804.58 ms
[OUT] [Timing] Parallel Build: 972858.80 ms for 1183514 points.
[OUT] [FlatHNSW] Converted 1183514 nodes, L0 size: 531656 KB, Upper size: 2882 KB
[OUT] [Timing] Flat Conversion: -454.03 ms
[OUT] ✓ Index built.
[OUT]   build_time(local)=1038899.889483 ms
[OUT]   build_time(internal)=972858.795659 ms
[OUT] 
[OUT] 
[OUT] ========== GRAPH QUALITY ==========
[OUT] 
[OUT]   num_nodes: 1183514
[OUT] 
[OUT]   max_level (entry point): 3
[OUT] 
[OUT]   actual_max_layer: 3
[OUT] 
[OUT]   avg_degree_l0: 56.357051
[OUT] 
[OUT]   avg_degree_upper: 0.142635
[OUT] 
[OUT] 
[OUT]   Layer Distribution:
[OUT] 
[OUT]     L0: 1183514 nodes (100.00%)
[OUT] 
[OUT]     L1: 20868 nodes (1.76%)
[OUT] 
[OUT]     L2: 384 nodes (0.03%)
[OUT] 
[OUT]     L3: 5 nodes (0.00%)
[OUT] 
[OUT] 
[OUT] 
[OUT] Executing queries...
[OUT] 
[OUT]   Processed 1000 queries
[OUT] 
[OUT]   Processed 2000 queries
[OUT] 
[OUT]   Processed 3000 queries
[OUT] 
[OUT]   Processed 4000 queries
[OUT] 
[OUT]   Processed 5000 queries
[OUT] 
[OUT]   Processed 6000 queries
[OUT] 
[OUT]   Processed 7000 queries
[OUT] 
[OUT]   Processed 8000 queries
[OUT] 
[OUT]   Processed 9000 queries
[OUT] 
[OUT]   Processed 10000 queries
[OUT] 
[OUT] 
[OUT] ========== RESULTS ==========
[OUT] 
[OUT] Total queries: 10000
[OUT] 
[OUT] Average recall@10: 0.993790
[OUT] 
[OUT] Average query time: 3.966036 ms
[OUT] 
[OUT] Total query time: 39660.355691 ms
[OUT] 
[OUT] 
[OUT] ========== DISTANCE STATISTICS ==========
[OUT] 
[OUT] Total queries reported by index: 10000
[OUT] 
[OUT] Total distance computations: 352683712
[OUT] 
[OUT] Average distance ops per query: 35268.371200
[OUT] 
[OUT] Last query distance ops: 26192
[OUT] 
[OUT] 
[OUT] ========== PERFORMANCE SUMMARY ==========
[OUT] 
[OUT] Data loading time: 2225.551232 ms
[OUT] 
[OUT] Index build time: 972858.795659 ms
[OUT] 
[OUT] Query execution time: 39660.355691 ms
[OUT] 
[OUT] Total elapsed time: 1080785.796406 ms
[OUT] 
[OUT] 
[OUT] ========== EFFICIENCY METRICS ==========
[OUT] 
[OUT] Queries per second: 252.140956
[OUT] 
[OUT] Distance ops per second: 8892600.831617
[OUT] 
[OUT] 
[OUT] ========== END OF LOG ==========
[OUT] 
[OUT] Log saved to: Log/run_20251127_073236_810.log
[OUT] 

Return Code: 0
   [PARSED] Build=972858.80ms, Query=3.9660ms, Recall=0.9938
   [RESULT] m=57 ml=11 efc=635  efs=819  | Rec=0.9938 Time=3.9660ms Build=972858.80ms
   [SUCCESS] Logged to Log/trial_m57_ml11_efc635_efs819_20251127_073236.log
