   [START] m=44, ml=19, efc=567, efs=552
   [LOG] Log/trial_m44_ml19_efc567_efs552_20251202_065819.log
   [RUN 1/1] Executing: ./hng --m 44 --max_layer 19 --efc 567 --efs 552

============================================================
Trial: m=44, ml=19, efc=567, efs=552, Run 1/1
Timestamp: 2025-12-02T06:58:19.905003
Command: ./hng --m 44 --max_layer 19 --efc 567 --efs 552
============================================================

[OUT] ========== HNSW Search Test ==========
[ERR] Loaded base from binary cache: data_o/glove/base.txt.bin
[OUT] 
[OUT] Timestamp: Tue Dec  2 06:58:19 2025
[OUT] 
[OUT] Command line arguments:
[OUT]   argv[0]: ./hng
[OUT]   argv[1]: --m
[OUT]   argv[2]: 44
[OUT]   argv[3]: --max_layer
[OUT]   argv[4]: 19
[OUT]   argv[5]: --efc
[OUT]   argv[6]: 567
[OUT]   argv[7]: --efs
[OUT]   argv[8]: 552
[OUT] 
[OUT] Configuration:
[OUT]   Base file: data_o/glove/base.txt
[OUT]   Query file: data_o/glove/query.txt
[OUT]   Truth file: data_o/glove/truth.txt
[OUT]   K: 10
[OUT]   M: 44
[OUT]   Max layer: 19
[OUT]   EFC: 567
[OUT]   EFS: 552
[OUT]   Threads: -1
[OUT]   Debug: -1
[OUT] 
[OUT] HNSW parameters set.
[OUT] 
[OUT] Loading base vectors...
[OUT] ✓ Base loaded in 3875.492872 ms
[ERR] Loaded queries from binary cache: data_o/glove/query.txt.bin
[OUT] 
[OUT] Loading query vectors...
[OUT] ✓ Queries loaded in 64.374520 ms
[ERR] Loaded truth from binary cache: data_o/glove/truth.txt.bin
[OUT] 
[OUT] Loading ground truth...
[OUT] ✓ Truth loaded in 63.760288 ms
[OUT] 
[OUT] Data Summary:
[OUT]   Dimension d=100, Base vectors=1183514, Queries=10000
[OUT] 
[OUT] 
[OUT] Building HNSW index...
[OUT] [Progress] 124001/1183514 (10.5%) Time: 11521.66 ms
[OUT] [Progress] 243001/1183514 (20.5%) Time: 62614.98 ms
[OUT] [Progress] 362001/1183514 (30.6%) Time: 129332.97 ms
[OUT] [Progress] 481001/1183514 (40.6%) Time: 200466.54 ms
[OUT] [Progress] 600001/1183514 (50.7%) Time: 287676.25 ms
[OUT] [Progress] 719001/1183514 (60.8%) Time: 374014.68 ms
[OUT] [Progress] 838001/1183514 (70.8%) Time: 465662.56 ms
[OUT] [Progress] 957001/1183514 (80.9%) Time: 559935.19 ms
[OUT] [Progress] 1078001/1183514 (91.1%) Time: 654431.59 ms
[OUT] [Timing] Parallel Build: 726230.10 ms for 1183514 points.
[OUT] [FlatHNSW] Converted 1183514 nodes, L0 size: 411456 KB, Upper size: 3666 KB
[OUT] [Timing] Flat Conversion: 1149.68 ms
[OUT] ✓ Index built.
[OUT]   build_time(local)=689489.101876 ms
[OUT]   build_time(internal)=726230.101418 ms
[OUT] 
[OUT] 
[OUT] ========== GRAPH QUALITY ==========
[OUT] 
[OUT]   num_nodes: 1183514
[OUT] 
[OUT]   max_level (entry point): 4
[OUT] 
[OUT]   actual_max_layer: 4
[OUT] 
[OUT]   avg_degree_l0: 50.803531
[OUT] 
[OUT]   avg_degree_upper: 0.156048
[OUT] 
[OUT] 
[OUT]   Layer Distribution:
[OUT] 
[OUT]     L0: 1183514 nodes (100.00%)
[OUT] 
[OUT]     L1: 26777 nodes (2.26%)
[OUT] 
[OUT]     L2: 596 nodes (0.05%)
[OUT] 
[OUT]     L3: 15 nodes (0.00%)
[OUT] 
[OUT]     L4: 1 nodes (0.00%)
[OUT] 
[OUT] 
[OUT] 
[OUT] Executing queries...
[OUT] 
[OUT]   Processed 1000 queries
[OUT] 
[OUT]   Processed 2000 queries
[OUT] 
[OUT]   Processed 3000 queries
[OUT] 
[OUT]   Processed 4000 queries
[OUT] 
[OUT]   Processed 5000 queries
[OUT] 
[OUT]   Processed 6000 queries
[OUT] 
[OUT]   Processed 7000 queries
[OUT] 
[OUT]   Processed 8000 queries
[OUT] 
[OUT]   Processed 9000 queries
[OUT] 
[OUT]   Processed 10000 queries
[OUT] 
[OUT] 
[OUT] ========== RESULTS ==========
[OUT] 
[OUT] Total queries: 10000
[OUT] 
[OUT] Average recall@10: 0.223890
[OUT] 
[OUT] Average query time: 1.466257 ms
[OUT] 
[OUT] Total query time: 14662.567590 ms
[OUT] 
[OUT] 
[OUT] ========== DISTANCE STATISTICS ==========
[OUT] 
[OUT] Total queries reported by index: 10000
[OUT] 
[OUT] Total distance computations: 0
[OUT] 
[OUT] Average distance ops per query: 0.000000
[OUT] 
[OUT] Last query distance ops: 0
[OUT] 
[OUT] 
[OUT] ========== PERFORMANCE SUMMARY ==========
[OUT] 
[OUT] Data loading time: 4003.627680 ms
[OUT] 
[OUT] Index build time: 726230.101418 ms
[OUT] 
[OUT] Query execution time: 14662.567590 ms
[OUT] 
[OUT] Total elapsed time: 708155.297146 ms
[OUT] 
[OUT] 
[OUT] ========== EFFICIENCY METRICS ==========
[OUT] 
[OUT] Queries per second: 682.008791
[OUT] 
[OUT] 
[OUT] ========== END OF LOG ==========
[OUT] 
[OUT] Log saved to: Log/run_20251202_065819_925.log
[OUT] 

Return Code: 0
   [PARSED] Build=726230.10ms, Query=1.4663ms, Recall=0.2239
   [RESULT] m=44 ml=19 efc=567  efs=552  | Rec=0.2239 Time=1.4663ms Build=726230.10ms
   [SUCCESS] Logged to Log/trial_m44_ml19_efc567_efs552_20251202_065819.log
