   [START] m=38, ml=14, efc=976, efs=723
   [LOG] Log/trial_m38_ml14_efc976_efs723_20251128_013007.log
   [RUN 1/1] Executing: ./hng --m 38 --max_layer 14 --efc 976 --efs 723

============================================================
Trial: m=38, ml=14, efc=976, efs=723, Run 1/1
Timestamp: 2025-11-28T01:30:07.249671
Command: ./hng --m 38 --max_layer 14 --efc 976 --efs 723
============================================================

[OUT] ========== HNSW Search Test ==========
[ERR] Loaded base from binary cache: data_o/glove/base.txt.bin
[OUT] 
[OUT] Timestamp: Fri Nov 28 01:30:07 2025
[OUT] 
[OUT] Command line arguments:
[OUT]   argv[0]: ./hng
[OUT]   argv[1]: --m
[OUT]   argv[2]: 38
[OUT]   argv[3]: --max_layer
[OUT]   argv[4]: 14
[OUT]   argv[5]: --efc
[OUT]   argv[6]: 976
[OUT]   argv[7]: --efs
[OUT]   argv[8]: 723
[OUT] 
[OUT] Configuration:
[OUT]   Base file: data_o/glove/base.txt
[OUT]   Query file: data_o/glove/query.txt
[OUT]   Truth file: data_o/glove/truth.txt
[OUT]   K: 10
[OUT]   M: 38
[OUT]   Max layer: 14
[OUT]   EFC: 976
[OUT]   EFS: 723
[OUT]   Threads: -1
[OUT]   Debug: -1
[OUT] 
[OUT] HNSW parameters set.
[OUT] 
[OUT] Loading base vectors...
[OUT] ✓ Base loaded in 2272.719907 ms
[ERR] Loaded queries from binary cache: data_o/glove/query.txt.bin
[OUT] 
[OUT] Loading query vectors...
[OUT] ✓ Queries loaded in 73.217329 ms
[ERR] Loaded truth from binary cache: data_o/glove/truth.txt.bin
[OUT] 
[OUT] Loading ground truth...
[OUT] ✓ Truth loaded in 72.889458 ms
[OUT] 
[OUT] Data Summary:
[OUT]   Dimension d=100, Base vectors=1183514, Queries=10000
[OUT] 
[OUT] 
[OUT] Building HNSW index...
[OUT] [Progress] 119001/1183514 (10.1%) Time: 29092.85 ms
[OUT] [Progress] 238001/1183514 (20.1%) Time: 130948.28 ms
[OUT] [Progress] 358001/1183514 (30.2%) Time: 266769.41 ms
[OUT] [Progress] 477001/1183514 (40.3%) Time: 430844.11 ms
[OUT] [Progress] 596001/1183514 (50.4%) Time: 592439.61 ms
[OUT] [Progress] 715001/1183514 (60.4%) Time: 764375.00 ms
[OUT] [Progress] 834001/1183514 (70.5%) Time: 935851.26 ms
[OUT] [Progress] 953001/1183514 (80.5%) Time: 1113309.02 ms
[OUT] [Progress] 1073001/1183514 (90.7%) Time: 1296802.22 ms
[OUT] [Timing] Parallel Build: 1447379.54 ms for 1183514 points.
[OUT] [FlatHNSW] Converted 1183514 nodes, L0 size: 355978 KB, Upper size: 4128 KB
[OUT] [Timing] Flat Conversion: 493.21 ms
[OUT] ✓ Index built.
[OUT]   build_time(local)=1596379.182345 ms
[OUT]   build_time(internal)=1447379.536221 ms
[OUT] 
[OUT] 
[OUT] ========== GRAPH QUALITY ==========
[OUT] 
[OUT]   num_nodes: 1183514
[OUT] 
[OUT]   max_level (entry point): 3
[OUT] 
[OUT]   actual_max_layer: 3
[OUT] 
[OUT]   avg_degree_l0: 57.927655
[OUT] 
[OUT]   avg_degree_upper: 0.217443
[OUT] 
[OUT] 
[OUT]   Layer Distribution:
[OUT] 
[OUT]     L0: 1183514 nodes (100.00%)
[OUT] 
[OUT]     L1: 30946 nodes (2.61%)
[OUT] 
[OUT]     L2: 811 nodes (0.07%)
[OUT] 
[OUT]     L3: 26 nodes (0.00%)
[OUT] 
[OUT] 
[OUT] 
[OUT] Executing queries...
[OUT] 
[OUT]   Processed 1000 queries
[OUT] 
[OUT]   Processed 2000 queries
[OUT] 
[OUT]   Processed 3000 queries
[OUT] 
[OUT]   Processed 4000 queries
[OUT] 
[OUT]   Processed 5000 queries
[OUT] 
[OUT]   Processed 6000 queries
[OUT] 
[OUT]   Processed 7000 queries
[OUT] 
[OUT]   Processed 8000 queries
[OUT] 
[OUT]   Processed 9000 queries
[OUT] 
[OUT]   Processed 10000 queries
[OUT] 
[OUT] 
[OUT] ========== RESULTS ==========
[OUT] 
[OUT] Total queries: 10000
[OUT] 
[OUT] Average recall@10: 0.991650
[OUT] 
[OUT] Average query time: 3.509815 ms
[OUT] 
[OUT] Total query time: 35098.152313 ms
[OUT] 
[OUT] 
[OUT] ========== DISTANCE STATISTICS ==========
[OUT] 
[OUT] Total queries reported by index: 10000
[OUT] 
[OUT] Total distance computations: 305041545
[OUT] 
[OUT] Average distance ops per query: 30504.154500
[OUT] 
[OUT] Last query distance ops: 25060
[OUT] 
[OUT] 
[OUT] ========== PERFORMANCE SUMMARY ==========
[OUT] 
[OUT] Data loading time: 2418.826694 ms
[OUT] 
[OUT] Index build time: 1447379.536221 ms
[OUT] 
[OUT] Query execution time: 35098.152313 ms
[OUT] 
[OUT] Total elapsed time: 1633896.161352 ms
[OUT] 
[OUT] 
[OUT] ========== EFFICIENCY METRICS ==========
[OUT] 
[OUT] Queries per second: 284.915283
[OUT] 
[OUT] Distance ops per second: 8691099.812881
[OUT] 
[OUT] 
[OUT] ========== END OF LOG ==========
[OUT] 
[OUT] Log saved to: Log/run_20251128_013007_256.log
[OUT] 

Return Code: 0
   [PARSED] Build=1447379.54ms, Query=3.5098ms, Recall=0.9917
   [RESULT] m=38 ml=14 efc=976  efs=723  | Rec=0.9917 Time=3.5098ms Build=1447379.54ms
   [SUCCESS] Logged to Log/trial_m38_ml14_efc976_efs723_20251128_013007.log
