   [START] m=51, ml=16, efc=869, efs=722
   [LOG] Log/trial_m51_ml16_efc869_efs722_20251127_155036.log
   [RUN 1/1] Executing: ./hng --m 51 --max_layer 16 --efc 869 --efs 722

============================================================
Trial: m=51, ml=16, efc=869, efs=722, Run 1/1
Timestamp: 2025-11-27T15:50:36.221042
Command: ./hng --m 51 --max_layer 16 --efc 869 --efs 722
============================================================

[OUT] ========== HNSW Search Test ==========
[ERR] Loaded base from binary cache: data_o/glove/base.txt.bin
[OUT] 
[OUT] Timestamp: Thu Nov 27 15:50:36 2025
[OUT] 
[OUT] Command line arguments:
[OUT]   argv[0]: ./hng
[OUT]   argv[1]: --m
[OUT]   argv[2]: 51
[OUT]   argv[3]: --max_layer
[OUT]   argv[4]: 16
[OUT]   argv[5]: --efc
[OUT]   argv[6]: 869
[OUT]   argv[7]: --efs
[OUT]   argv[8]: 722
[OUT] 
[OUT] Configuration:
[OUT]   Base file: data_o/glove/base.txt
[OUT]   Query file: data_o/glove/query.txt
[OUT]   Truth file: data_o/glove/truth.txt
[OUT]   K: 10
[OUT]   M: 51
[OUT]   Max layer: 16
[OUT]   EFC: 869
[OUT]   EFS: 722
[OUT]   Threads: -1
[OUT]   Debug: -1
[OUT] 
[OUT] HNSW parameters set.
[OUT] 
[OUT] Loading base vectors...
[ERR] Loaded queries from binary cache: data_o/glove/query.txt.bin
[OUT] ✓ Base loaded in 2211.702463 ms
[OUT] 
[OUT] Loading query vectors...
[OUT] ✓ Queries loaded in 68.015543 ms
[ERR] Loaded truth from binary cache: data_o/glove/truth.txt.bin
[OUT] 
[OUT] Loading ground truth...
[OUT] ✓ Truth loaded in 75.130239 ms
[OUT] 
[OUT] Data Summary:
[OUT]   Dimension d=100, Base vectors=1183514, Queries=10000
[OUT] 
[OUT] 
[OUT] Building HNSW index...
[OUT] [Progress] 119001/1183514 (10.1%) Time: 26799.73 ms
