   [START] m=54, ml=20, efc=626, efs=489
   [LOG] Log/trial_m54_ml20_efc626_efs489_20251127_054146.log
   [RUN 1/1] Executing: ./hng --m 54 --max_layer 20 --efc 626 --efs 489

============================================================
Trial: m=54, ml=20, efc=626, efs=489, Run 1/1
Timestamp: 2025-11-27T05:41:46.637004
Command: ./hng --m 54 --max_layer 20 --efc 626 --efs 489
============================================================

[OUT] ========== HNSW Search Test ==========
[ERR] Loaded base from binary cache: data_o/glove/base.txt.bin
[OUT] 
[OUT] Timestamp: Thu Nov 27 05:41:46 2025
[OUT] 
[OUT] Command line arguments:
[OUT]   argv[0]: ./hng
[OUT]   argv[1]: --m
[OUT]   argv[2]: 54
[OUT]   argv[3]: --max_layer
[OUT]   argv[4]: 20
[OUT]   argv[5]: --efc
[OUT]   argv[6]: 626
[OUT]   argv[7]: --efs
[OUT]   argv[8]: 489
[OUT] 
[OUT] Configuration:
[OUT]   Base file: data_o/glove/base.txt
[OUT]   Query file: data_o/glove/query.txt
[OUT]   Truth file: data_o/glove/truth.txt
[OUT]   K: 10
[OUT]   M: 54
[OUT]   Max layer: 20
[OUT]   EFC: 626
[OUT]   EFS: 489
[OUT]   Threads: -1
[OUT]   Debug: -1
[OUT] 
[OUT] HNSW parameters set.
[OUT] 
[OUT] Loading base vectors...
[OUT] ✓ Base loaded in 2130.798498 ms
[ERR] Loaded queries from binary cache: data_o/glove/query.txt.bin
[OUT] 
[OUT] Loading query vectors...
[OUT] ✓ Queries loaded in 67.585347 ms
[ERR] Loaded truth from binary cache: data_o/glove/truth.txt.bin
[OUT] 
[OUT] Loading ground truth...
[OUT] ✓ Truth loaded in 69.173083 ms
[OUT] 
[OUT] Data Summary:
[OUT]   Dimension d=100, Base vectors=1183514, Queries=10000
[OUT] 
[OUT] 
[OUT] Building HNSW index...
[OUT] [Progress] 119001/1183514 (10.1%) Time: 19023.78 ms
[OUT] [Progress] 238001/1183514 (20.1%) Time: 84753.39 ms
[OUT] [Progress] 357001/1183514 (30.2%) Time: 173579.75 ms
[OUT] [Progress] 476001/1183514 (40.2%) Time: 273360.66 ms
[OUT] [Progress] 595001/1183514 (50.3%) Time: 379261.61 ms
[OUT] [Progress] 714001/1183514 (60.3%) Time: 492633.48 ms
[OUT] [Progress] 834001/1183514 (70.5%) Time: 606541.84 ms
[OUT] [Progress] 954001/1183514 (80.6%) Time: 726352.32 ms
[OUT] [Progress] 1073001/1183514 (90.7%) Time: 848758.06 ms
[OUT] [Timing] Parallel Build: 946160.36 ms for 1183514 points.
[OUT] [FlatHNSW] Converted 1183514 nodes, L0 size: 503918 KB, Upper size: 3055 KB
[OUT] [Timing] Flat Conversion: 774.41 ms
[OUT] ✓ Index built.
[OUT]   build_time(local)=1008138.716909 ms
[OUT]   build_time(internal)=946160.356484 ms
[OUT] 
[OUT] 
[OUT] ========== GRAPH QUALITY ==========
[OUT] 
[OUT]   num_nodes: 1183514
[OUT] 
[OUT]   max_level (entry point): 3
[OUT] 
[OUT]   actual_max_layer: 3
[OUT] 
[OUT]   avg_degree_l0: 55.859431
[OUT] 
[OUT]   avg_degree_upper: 0.168986
[OUT] 
[OUT] 
[OUT]   Layer Distribution:
[OUT] 
[OUT]     L0: 1183514 nodes (100.00%)
[OUT] 
[OUT]     L1: 21947 nodes (1.85%)
[OUT] 
[OUT]     L2: 398 nodes (0.03%)
[OUT] 
[OUT]     L3: 6 nodes (0.00%)
[OUT] 
[OUT] 
[OUT] 
[OUT] Executing queries...
[OUT] 
[OUT]   Processed 1000 queries
[OUT] 
[OUT]   Processed 2000 queries
[OUT] 
[OUT]   Processed 3000 queries
[OUT] 
[OUT]   Processed 4000 queries
[OUT] 
[OUT]   Processed 5000 queries
[OUT] 
[OUT]   Processed 6000 queries
[OUT] 
[OUT]   Processed 7000 queries
[OUT] 
[OUT]   Processed 8000 queries
[OUT] 
[OUT]   Processed 9000 queries
[OUT] 
[OUT]   Processed 10000 queries
[OUT] 
[OUT] 
[OUT] ========== RESULTS ==========
[OUT] 
[OUT] Total queries: 10000
[OUT] 
[OUT] Average recall@10: 0.984520
[OUT] 
[OUT] Average query time: 2.355326 ms
[OUT] 
[OUT] Total query time: 23553.262049 ms
[OUT] 
[OUT] 
[OUT] ========== DISTANCE STATISTICS ==========
[OUT] 
[OUT] Total queries reported by index: 10000
[OUT] 
[OUT] Total distance computations: 221725505
[OUT] 
[OUT] Average distance ops per query: 22172.550500
[OUT] 
[OUT] Last query distance ops: 17602
[OUT] 
[OUT] 
[OUT] ========== PERFORMANCE SUMMARY ==========
[OUT] 
[OUT] Data loading time: 2267.556928 ms
[OUT] 
[OUT] Index build time: 946160.356484 ms
[OUT] 
[OUT] Query execution time: 23553.262049 ms
[OUT] 
[OUT] Total elapsed time: 1033959.535886 ms
[OUT] 
[OUT] 
[OUT] ========== EFFICIENCY METRICS ==========
[OUT] 
[OUT] Queries per second: 424.569640
[OUT] 
[OUT] Distance ops per second: 9413791.794051
[OUT] 
[OUT] 
[OUT] ========== END OF LOG ==========
[OUT] 
[OUT] Log saved to: Log/run_20251127_054146_642.log
[OUT] 

Return Code: 0
   [PARSED] Build=946160.36ms, Query=2.3553ms, Recall=0.9845
   [RESULT] m=54 ml=20 efc=626  efs=489  | Rec=0.9845 Time=2.3553ms Build=946160.36ms
   [SUCCESS] Logged to Log/trial_m54_ml20_efc626_efs489_20251127_054146.log
