   [START] m=32, ml=19, efc=396, efs=750
   [LOG] Log/trial_m32_ml19_efc396_efs750_20251128_025908.log
   [RUN 1/1] Executing: ./hng --m 32 --max_layer 19 --efc 396 --efs 750

============================================================
Trial: m=32, ml=19, efc=396, efs=750, Run 1/1
Timestamp: 2025-11-28T02:59:08.180080
Command: ./hng --m 32 --max_layer 19 --efc 396 --efs 750
============================================================

[OUT] ========== HNSW Search Test ==========
[ERR] Loaded base from binary cache: data_o/glove/base.txt.bin
[OUT] 
[OUT] Timestamp: Fri Nov 28 02:59:08 2025
[OUT] 
[OUT] Command line arguments:
[OUT]   argv[0]: ./hng
[OUT]   argv[1]: --m
[OUT]   argv[2]: 32
[OUT]   argv[3]: --max_layer
[OUT]   argv[4]: 19
[OUT]   argv[5]: --efc
[OUT]   argv[6]: 396
[OUT]   argv[7]: --efs
[OUT]   argv[8]: 750
[OUT] 
[OUT] Configuration:
[OUT]   Base file: data_o/glove/base.txt
[OUT]   Query file: data_o/glove/query.txt
[OUT]   Truth file: data_o/glove/truth.txt
[OUT]   K: 10
[OUT]   M: 32
[OUT]   Max layer: 19
[OUT]   EFC: 396
[OUT]   EFS: 750
[OUT]   Threads: -1
[OUT]   Debug: -1
[OUT] 
[OUT] HNSW parameters set.
[OUT] 
[OUT] Loading base vectors...
[OUT] ✓ Base loaded in 2373.853225 ms
[ERR] Loaded queries from binary cache: data_o/glove/query.txt.bin
[OUT] 
[OUT] Loading query vectors...
[OUT] ✓ Queries loaded in 93.446256 ms
[OUT] 
[ERR] Loaded truth from binary cache: data_o/glove/truth.txt.bin
[OUT] Loading ground truth...
[OUT] ✓ Truth loaded in 92.616965 ms
[OUT] 
[OUT] Data Summary:
[OUT]   Dimension d=100, Base vectors=1183514, Queries=10000
[OUT] 
[OUT] 
[OUT] Building HNSW index...
[OUT] [Progress] 122001/1183514 (10.3%) Time: 9597.01 ms
[OUT] [Progress] 241001/1183514 (20.4%) Time: 49207.42 ms
[OUT] [Progress] 360001/1183514 (30.4%) Time: 95306.86 ms
[OUT] [Progress] 479001/1183514 (40.5%) Time: 149466.54 ms
[OUT] [Progress] 600001/1183514 (50.7%) Time: 202673.27 ms
[OUT] [Progress] 721001/1183514 (60.9%) Time: 258827.33 ms
[OUT] [Progress] 840001/1183514 (71.0%) Time: 318526.01 ms
[OUT] [Progress] 959001/1183514 (81.0%) Time: 377714.07 ms
[OUT] [Progress] 1078001/1183514 (91.1%) Time: 438879.22 ms
[OUT] [Timing] Parallel Build: 486962.98 ms for 1183514 points.
[OUT] [FlatHNSW] Converted 1183514 nodes, L0 size: 300501 KB, Upper size: 4337 KB
[OUT] [Timing] Flat Conversion: 421.77 ms
[OUT] ✓ Index built.
[OUT]   build_time(local)=536523.189044 ms
[OUT]   build_time(internal)=486962.978865 ms
[OUT] 
[OUT] 
[OUT] ========== GRAPH QUALITY ==========
[OUT] 
[OUT]   num_nodes: 1183514
[OUT] 
[OUT]   max_level (entry point): 4
[OUT] 
[OUT]   actual_max_layer: 4
[OUT] 
[OUT]   avg_degree_l0: 42.168980
[OUT] 
[OUT]   avg_degree_upper: 0.177450
[OUT] 
[OUT] 
[OUT]   Layer Distribution:
[OUT] 
[OUT]     L0: 1183514 nodes (100.00%)
[OUT] 
[OUT]     L1: 37103 nodes (3.13%)
[OUT] 
[OUT]     L2: 1122 nodes (0.09%)
[OUT] 
[OUT]     L3: 27 nodes (0.00%)
[OUT] 
[OUT]     L4: 1 nodes (0.00%)
[OUT] 
[OUT] 
[OUT] 
[OUT] Executing queries...
[OUT] 
[OUT]   Processed 1000 queries
[OUT] 
[OUT]   Processed 2000 queries
[OUT] 
[OUT]   Processed 3000 queries
[OUT] 
[OUT]   Processed 4000 queries
[OUT] 
[OUT]   Processed 5000 queries
[OUT] 
[OUT]   Processed 6000 queries
[OUT] 
[OUT]   Processed 7000 queries
[OUT] 
[OUT]   Processed 8000 queries
[OUT] 
[OUT]   Processed 9000 queries
[OUT] 
[OUT]   Processed 10000 queries
[OUT] 
[OUT] 
[OUT] ========== RESULTS ==========
[OUT] 
[OUT] Total queries: 10000
[OUT] 
[OUT] Average recall@10: 0.983940
[OUT] 
[OUT] Average query time: 3.023853 ms
[OUT] 
[OUT] Total query time: 30238.530970 ms
[OUT] 
[OUT] 
[OUT] ========== DISTANCE STATISTICS ==========
[OUT] 
[OUT] Total queries reported by index: 10000
[OUT] 
[OUT] Total distance computations: 236683095
[OUT] 
[OUT] Average distance ops per query: 23668.309500
[OUT] 
[OUT] Last query distance ops: 19593
[OUT] 
[OUT] 
[OUT] ========== PERFORMANCE SUMMARY ==========
[OUT] 
[OUT] Data loading time: 2559.916446 ms
[OUT] 
[OUT] Index build time: 486962.978865 ms
[OUT] 
[OUT] Query execution time: 30238.530970 ms
[OUT] 
[OUT] Total elapsed time: 569321.636460 ms
[OUT] 
[OUT] 
[OUT] ========== EFFICIENCY METRICS ==========
[OUT] 
[OUT] Queries per second: 330.703896
[OUT] 
[OUT] Distance ops per second: 7827202.162526
[OUT] 
[OUT] 
[OUT] ========== END OF LOG ==========
[OUT] 
[OUT] Log saved to: Log/run_20251128_025908_193.log
[OUT] 

Return Code: 0
   [PARSED] Build=486962.98ms, Query=3.0239ms, Recall=0.9839
   [RESULT] m=32 ml=19 efc=396  efs=750  | Rec=0.9839 Time=3.0239ms Build=486962.98ms
   [SUCCESS] Logged to Log/trial_m32_ml19_efc396_efs750_20251128_025908.log
