   [START] m=25, ml=10, efc=832, efs=1184
   [LOG] Log/trial_m25_ml10_efc832_efs1184_20251127_101223.log
   [RUN 1/1] Executing: ./hng --m 25 --max_layer 10 --efc 832 --efs 1184

============================================================
Trial: m=25, ml=10, efc=832, efs=1184, Run 1/1
Timestamp: 2025-11-27T10:12:23.281845
Command: ./hng --m 25 --max_layer 10 --efc 832 --efs 1184
============================================================

[OUT] ========== HNSW Search Test ==========
[ERR] Loaded base from binary cache: data_o/glove/base.txt.bin
[OUT] 
[OUT] Timestamp: Thu Nov 27 10:12:23 2025
[OUT] 
[OUT] Command line arguments:
[OUT]   argv[0]: ./hng
[OUT]   argv[1]: --m
[OUT]   argv[2]: 25
[OUT]   argv[3]: --max_layer
[OUT]   argv[4]: 10
[OUT]   argv[5]: --efc
[OUT]   argv[6]: 832
[OUT]   argv[7]: --efs
[OUT]   argv[8]: 1184
[OUT] 
[OUT] Configuration:
[OUT]   Base file: data_o/glove/base.txt
[OUT]   Query file: data_o/glove/query.txt
[OUT]   Truth file: data_o/glove/truth.txt
[OUT]   K: 10
[OUT]   M: 25
[OUT]   Max layer: 10
[OUT]   EFC: 832
[OUT]   EFS: 1184
[OUT]   Threads: -1
[OUT]   Debug: -1
[OUT] 
[OUT] HNSW parameters set.
[OUT] 
[OUT] Loading base vectors...
[OUT] ✓ Base loaded in 2230.157292 ms
[ERR] Loaded queries from binary cache: data_o/glove/query.txt.bin
[OUT] 
[OUT] Loading query vectors...
[OUT] ✓ Queries loaded in 68.452113 ms
[ERR] Loaded truth from binary cache: data_o/glove/truth.txt.bin
[OUT] 
[OUT] Loading ground truth...
[OUT] ✓ Truth loaded in 69.918532 ms
[OUT] 
[OUT] Data Summary:
[OUT]   Dimension d=100, Base vectors=1183514, Queries=10000
[OUT] 
[OUT] 
[OUT] Building HNSW index...
[OUT] [Progress] 121001/1183514 (10.2%) Time: 19738.70 ms
[OUT] [Progress] 240001/1183514 (20.3%) Time: 83352.72 ms
[OUT] [Progress] 359001/1183514 (30.3%) Time: 169442.68 ms
[OUT] [Progress] 478001/1183514 (40.4%) Time: 270433.55 ms
[OUT] [Progress] 597001/1183514 (50.4%) Time: 367863.53 ms
[OUT] [Progress] 718001/1183514 (60.7%) Time: 469587.40 ms
[OUT] [Progress] 837001/1183514 (70.7%) Time: 572550.93 ms
[OUT] [Progress] 956001/1183514 (80.8%) Time: 684268.92 ms
[OUT] [Progress] 1075001/1183514 (90.8%) Time: 795473.40 ms
[OUT] [Timing] Parallel Build: 879484.39 ms for 1183514 points.
[OUT] [FlatHNSW] Converted 1183514 nodes, L0 size: 235778 KB, Upper size: 4744 KB
[OUT] [Timing] Flat Conversion: 335.34 ms
[OUT] ✓ Index built.
[OUT]   build_time(local)=946742.145604 ms
[OUT]   build_time(internal)=879484.394063 ms
[OUT] 
[OUT] 
[OUT] ========== GRAPH QUALITY ==========
[OUT] 
[OUT]   num_nodes: 1183514
[OUT] 
[OUT]   max_level (entry point): 4
[OUT] 
[OUT]   actual_max_layer: 4
[OUT] 
[OUT]   avg_degree_l0: 43.182975
[OUT] 
[OUT]   avg_degree_upper: 0.188414
[OUT] 
[OUT] 
[OUT]   Layer Distribution:
[OUT] 
[OUT]     L0: 1183514 nodes (100.00%)
[OUT] 
[OUT]     L1: 47536 nodes (4.02%)
[OUT] 
[OUT]     L2: 1877 nodes (0.16%)
[OUT] 
[OUT]     L3: 93 nodes (0.01%)
[OUT] 
[OUT]     L4: 2 nodes (0.00%)
[OUT] 
[OUT] 
[OUT] 
[OUT] Executing queries...
[OUT] 
[OUT]   Processed 1000 queries
[OUT] 
[OUT]   Processed 2000 queries
[OUT] 
[OUT]   Processed 3000 queries
[OUT] 
[OUT]   Processed 4000 queries
[OUT] 
[OUT]   Processed 5000 queries
[OUT] 
[OUT]   Processed 6000 queries
[OUT] 
[OUT]   Processed 7000 queries
[OUT] 
[OUT]   Processed 8000 queries
[OUT] 
[OUT]   Processed 9000 queries
[OUT] 
[OUT]   Processed 10000 queries
[OUT] 
[OUT] 
[OUT] ========== RESULTS ==========
[OUT] 
[OUT] Total queries: 10000
[OUT] 
[OUT] Average recall@10: 0.991140
[OUT] 
[OUT] Average query time: 4.465924 ms
[OUT] 
[OUT] Total query time: 44659.243204 ms
[OUT] 
[OUT] 
[OUT] ========== DISTANCE STATISTICS ==========
[OUT] 
[OUT] Total queries reported by index: 10000
[OUT] 
[OUT] Total distance computations: 338023125
[OUT] 
[OUT] Average distance ops per query: 33802.312500
[OUT] 
[OUT] Last query distance ops: 28224
[OUT] 
[OUT] 
[OUT] ========== PERFORMANCE SUMMARY ==========
[OUT] 
[OUT] Data loading time: 2368.527937 ms
[OUT] 
[OUT] Index build time: 879484.394063 ms
[OUT] 
[OUT] Query execution time: 44659.243204 ms
[OUT] 
[OUT] Total elapsed time: 993769.916745 ms
[OUT] 
[OUT] 
[OUT] ========== EFFICIENCY METRICS ==========
[OUT] 
[OUT] Queries per second: 223.917811
[OUT] 
[OUT] Distance ops per second: 7568939.837514
[OUT] 
[OUT] 
[OUT] ========== END OF LOG ==========
[OUT] 
[OUT] Log saved to: Log/run_20251127_101223_286.log
[OUT] 

Return Code: 0
   [PARSED] Build=879484.39ms, Query=4.4659ms, Recall=0.9911
   [RESULT] m=25 ml=10 efc=832  efs=1184 | Rec=0.9911 Time=4.4659ms Build=879484.39ms
   [SUCCESS] Logged to Log/trial_m25_ml10_efc832_efs1184_20251127_101223.log
