   [START] m=37, efc=525, efs=625
   [LOG] Log/trial_m37_efc525_efs625_20251126_151419.log
   [RUN 1/1] Executing: ./hng --m 37 --efc 525 --efs 625

============================================================
Trial: m=37, efc=525, efs=625, Run 1/1
Timestamp: 2025-11-26T15:14:19.953730
Command: ./hng --m 37 --efc 525 --efs 625
============================================================

[OUT] ========== HNSW Search Test ==========
[ERR] Loaded base from binary cache: data_o/glove/base.txt.bin
[OUT] 
[OUT] Timestamp: Wed Nov 26 15:14:19 2025
[OUT] 
[OUT] Command line arguments:
[OUT]   argv[0]: ./hng
[OUT]   argv[1]: --m
[OUT]   argv[2]: 37
[OUT]   argv[3]: --efc
[OUT]   argv[4]: 525
[OUT]   argv[5]: --efs
[OUT]   argv[6]: 625
[OUT] 
[OUT] Configuration:
[OUT]   Base file: data_o/glove/base.txt
[OUT]   Query file: data_o/glove/query.txt
[OUT]   Truth file: data_o/glove/truth.txt
[OUT]   K: 10
[OUT]   M: 37
[OUT]   Max layer: -1
[OUT]   EFC: 525
[OUT]   EFS: 625
[OUT]   Threads: -1
[OUT]   Debug: -1
[OUT] 
[OUT] HNSW parameters set.
[OUT] 
[OUT] Loading base vectors...
[OUT] ✓ Base loaded in 2221.952459 ms
[ERR] Loaded queries from binary cache: data_o/glove/query.txt.bin
[OUT] 
[OUT] Loading query vectors...
[OUT] ✓ Queries loaded in 76.506777 ms
[ERR] Loaded truth from binary cache: data_o/glove/truth.txt.bin
[OUT] 
[OUT] Loading ground truth...
[OUT] ✓ Truth loaded in 77.388853 ms
[OUT] 
[OUT] Data Summary:
[OUT]   Dimension d=100, Base vectors=1183514, Queries=10000
[OUT] 
[OUT] 
[OUT] Building HNSW index...
[OUT] [Progress] 121001/1183514 (10.2%) Time: 14884.56 ms
[OUT] [Progress] 240001/1183514 (20.3%) Time: 66783.89 ms
[OUT] [Progress] 360001/1183514 (30.4%) Time: 130605.40 ms
[OUT] [Progress] 479001/1183514 (40.5%) Time: 203853.14 ms
[OUT] [Progress] 598001/1183514 (50.5%) Time: 281755.67 ms
[OUT] [Progress] 717001/1183514 (60.6%) Time: 361061.79 ms
[OUT] [Progress] 836001/1183514 (70.6%) Time: 447444.03 ms
[OUT] [Progress] 955001/1183514 (80.7%) Time: 529446.65 ms
[OUT] [Progress] 1074001/1183514 (90.7%) Time: 614324.32 ms
[OUT] [Timing] Parallel Build: 682844.81 ms for 1183514 points.
[OUT] [FlatHNSW] Converted 1183514 nodes, L0 size: 346732 KB, Upper size: 4152 KB
[OUT] [Timing] Flat Conversion: 436.18 ms
[OUT] ✓ Index built.
[OUT]   build_time(local)=697275.764232 ms
[OUT]   build_time(internal)=682844.809726 ms
[OUT] 
[OUT] 
[OUT] Executing queries...
[OUT] 
[OUT]   Processed 1000 queries
[OUT] 
[OUT]   Processed 2000 queries
[OUT] 
[OUT]   Processed 3000 queries
[OUT] 
[OUT]   Processed 4000 queries
[OUT] 
[OUT]   Processed 5000 queries
[OUT] 
[OUT]   Processed 6000 queries
[OUT] 
[OUT]   Processed 7000 queries
[OUT] 
[OUT]   Processed 8000 queries
[OUT] 
[OUT]   Processed 9000 queries
[OUT] 
[OUT]   Processed 10000 queries
[OUT] 
[OUT] 
[OUT] ========== RESULTS ==========
[OUT] 
[OUT] Total queries: 10000
[OUT] 
[OUT] Average recall@10: 0.985110
[OUT] 
[OUT] Average query time: 2.361268 ms
[OUT] 
[OUT] Total query time: 23612.684490 ms
[OUT] 
[OUT] 
[OUT] ========== DISTANCE STATISTICS ==========
[OUT] 
[OUT] Total queries reported by index: 10000
[OUT] 
[OUT] Total distance computations: 232868095
[OUT] 
[OUT] Average distance ops per query: 23286.809500
[OUT] 
[OUT] Last query distance ops: 19116
[OUT] 
[OUT] 
[OUT] ========== PERFORMANCE SUMMARY ==========
[OUT] 
[OUT] Data loading time: 2375.848089 ms
[OUT] 
[OUT] Index build time: 682844.809726 ms
[OUT] 
[OUT] Query execution time: 23612.684490 ms
[OUT] 
[OUT] Total elapsed time: 723264.296811 ms
[OUT] 
[OUT] 
[OUT] ========== EFFICIENCY METRICS ==========
[OUT] 
[OUT] Queries per second: 423.501191
[OUT] 
[OUT] Distance ops per second: 9861991.553676
[OUT] 
[OUT] 
[OUT] ========== END OF LOG ==========
[OUT] 
[OUT] Log saved to: Log/run_20251126_151419_957.log
[OUT] 

Return Code: 0
   [PARSED] Build=682844.81ms, Query=2.3613ms, Recall=0.9851
   [RESULT] m=37 efc=525  efs=625  | Rec=0.9851 Time=2.3613ms Build=682844.81ms
   [SUCCESS] Logged to Log/trial_m37_efc525_efs625_20251126_151419.log
