   [START] m=50, ml=10, efc=828, efs=456
   [LOG] Log/trial_m50_ml10_efc828_efs456_20251127_080822.log
   [RUN 1/1] Executing: ./hng --m 50 --max_layer 10 --efc 828 --efs 456

============================================================
Trial: m=50, ml=10, efc=828, efs=456, Run 1/1
Timestamp: 2025-11-27T08:08:22.448856
Command: ./hng --m 50 --max_layer 10 --efc 828 --efs 456
============================================================

[OUT] ========== HNSW Search Test ==========
[ERR] Loaded base from binary cache: data_o/glove/base.txt.bin
[OUT] 
[OUT] Timestamp: Thu Nov 27 08:08:22 2025
[OUT] 
[OUT] Command line arguments:
[OUT]   argv[0]: ./hng
[OUT]   argv[1]: --m
[OUT]   argv[2]: 50
[OUT]   argv[3]: --max_layer
[OUT]   argv[4]: 10
[OUT]   argv[5]: --efc
[OUT]   argv[6]: 828
[OUT]   argv[7]: --efs
[OUT]   argv[8]: 456
[OUT] 
[OUT] Configuration:
[OUT]   Base file: data_o/glove/base.txt
[OUT]   Query file: data_o/glove/query.txt
[OUT]   Truth file: data_o/glove/truth.txt
[OUT]   K: 10
[OUT]   M: 50
[OUT]   Max layer: 10
[OUT]   EFC: 828
[OUT]   EFS: 456
[OUT]   Threads: -1
[OUT]   Debug: -1
[OUT] 
[OUT] HNSW parameters set.
[OUT] 
[OUT] Loading base vectors...
[OUT] ✓ Base loaded in 2167.523351 ms
[ERR] Loaded queries from binary cache: data_o/glove/query.txt.bin
[OUT] 
[OUT] Loading query vectors...
[OUT] ✓ Queries loaded in 82.265922 ms
[ERR] Loaded truth from binary cache: data_o/glove/truth.txt.bin
[OUT] 
[OUT] Loading ground truth...
[OUT] ✓ Truth loaded in 77.711589 ms
[OUT] 
[OUT] Data Summary:
[OUT]   Dimension d=100, Base vectors=1183514, Queries=10000
[OUT] 
[OUT] 
[OUT] Building HNSW index...
[OUT] [Progress] 119001/1183514 (10.1%) Time: 24554.56 ms
[OUT] [Progress] 238001/1183514 (20.1%) Time: 111220.67 ms
[OUT] [Progress] 357001/1183514 (30.2%) Time: 235455.34 ms
[OUT] [Progress] 476001/1183514 (40.2%) Time: 376640.18 ms
[OUT] [Progress] 595001/1183514 (50.3%) Time: 527179.60 ms
[OUT] [Progress] 715001/1183514 (60.4%) Time: 680220.64 ms
[OUT] [Progress] 834001/1183514 (70.5%) Time: 841703.49 ms
[OUT] [Progress] 955001/1183514 (80.7%) Time: 1009544.14 ms
[OUT] [Progress] 1075001/1183514 (90.8%) Time: 1179862.89 ms
[OUT] [Timing] Parallel Build: 1316739.02 ms for 1183514 points.
[OUT] [FlatHNSW] Converted 1183514 nodes, L0 size: 466933 KB, Upper size: 3381 KB
[OUT] [Timing] Flat Conversion: 854.52 ms
[OUT] ✓ Index built.
[OUT]   build_time(local)=1408543.240785 ms
[OUT]   build_time(internal)=1316739.015309 ms
[OUT] 
[OUT] 
[OUT] ========== GRAPH QUALITY ==========
[OUT] 
[OUT]   num_nodes: 1183514
[OUT] 
[OUT]   max_level (entry point): 3
[OUT] 
[OUT]   actual_max_layer: 3
[OUT] 
[OUT]   avg_degree_l0: 60.923793
[OUT] 
[OUT]   avg_degree_upper: 0.146935
[OUT] 
[OUT] 
[OUT]   Layer Distribution:
[OUT] 
[OUT]     L0: 1183514 nodes (100.00%)
[OUT] 
[OUT]     L1: 23787 nodes (2.01%)
[OUT] 
[OUT]     L2: 482 nodes (0.04%)
[OUT] 
[OUT]     L3: 7 nodes (0.00%)
[OUT] 
[OUT] 
[OUT] 
[OUT] Executing queries...
[OUT] 
[OUT]   Processed 1000 queries
[OUT] 
[OUT]   Processed 2000 queries
[OUT] 
[OUT]   Processed 3000 queries
[OUT] 
[OUT]   Processed 4000 queries
[OUT] 
[OUT]   Processed 5000 queries
[OUT] 
[OUT]   Processed 6000 queries
[OUT] 
[OUT]   Processed 7000 queries
[OUT] 
[OUT]   Processed 8000 queries
[OUT] 
[OUT]   Processed 9000 queries
[OUT] 
[OUT]   Processed 10000 queries
[OUT] 
[OUT] 
[OUT] ========== RESULTS ==========
[OUT] 
[OUT] Total queries: 10000
[OUT] 
[OUT] Average recall@10: 0.984500
[OUT] 
[OUT] Average query time: 2.338655 ms
[OUT] 
[OUT] Total query time: 23386.546344 ms
[OUT] 
[OUT] 
[OUT] ========== DISTANCE STATISTICS ==========
[OUT] 
[OUT] Total queries reported by index: 10000
[OUT] 
[OUT] Total distance computations: 222557621
[OUT] 
[OUT] Average distance ops per query: 22255.762100
[OUT] 
[OUT] Last query distance ops: 18147
[OUT] 
[OUT] 
[OUT] ========== PERFORMANCE SUMMARY ==========
[OUT] 
[OUT] Data loading time: 2327.500862 ms
[OUT] 
[OUT] Index build time: 1316739.015309 ms
[OUT] 
[OUT] Query execution time: 23386.546344 ms
[OUT] 
[OUT] Total elapsed time: 1434257.287991 ms
[OUT] 
[OUT] 
[OUT] ========== EFFICIENCY METRICS ==========
[OUT] 
[OUT] Queries per second: 427.596271
[OUT] 
[OUT] Distance ops per second: 9516480.874360
[OUT] 
[OUT] 
[OUT] ========== END OF LOG ==========
[OUT] 
[OUT] Log saved to: Log/run_20251127_080822_453.log
[OUT] 

Return Code: 0
   [PARSED] Build=1316739.02ms, Query=2.3387ms, Recall=0.9845
   [RESULT] m=50 ml=10 efc=828  efs=456  | Rec=0.9845 Time=2.3387ms Build=1316739.02ms
   [SUCCESS] Logged to Log/trial_m50_ml10_efc828_efs456_20251127_080822.log
