   [START] m=42, ml=4, efc=850, efs=546
   [LOG] Log/trial_m42_ml4_efc850_efs546_20251128_212633.log
   [RUN 1/1] Executing: ./hng --m 42 --max_layer 4 --efc 850 --efs 546

============================================================
Trial: m=42, ml=4, efc=850, efs=546, Run 1/1
Timestamp: 2025-11-28T21:26:33.246753
Command: ./hng --m 42 --max_layer 4 --efc 850 --efs 546
============================================================

[OUT] ========== HNSW Search Test ==========
[ERR] Loaded base from binary cache: data_o/glove/base.txt.bin
[OUT] 
[OUT] Timestamp: Fri Nov 28 21:26:33 2025
[OUT] 
[OUT] Command line arguments:
[OUT]   argv[0]: ./hng
[OUT]   argv[1]: --m
[OUT]   argv[2]: 42
[OUT]   argv[3]: --max_layer
[OUT]   argv[4]: 4
[OUT]   argv[5]: --efc
[OUT]   argv[6]: 850
[OUT]   argv[7]: --efs
[OUT]   argv[8]: 546
[OUT] 
[OUT] Configuration:
[OUT]   Base file: data_o/glove/base.txt
[OUT]   Query file: data_o/glove/query.txt
[OUT]   Truth file: data_o/glove/truth.txt
[OUT]   K: 10
[OUT]   M: 42
[OUT]   Max layer: 4
[OUT]   EFC: 850
[OUT]   EFS: 546
[OUT]   Threads: -1
[OUT]   Debug: -1
[OUT] 
[OUT] HNSW parameters set.
[OUT] 
[OUT] Loading base vectors...
[OUT] ✓ Base loaded in 3824.503773 ms
[ERR] Loaded queries from binary cache: data_o/glove/query.txt.bin
[OUT] 
[OUT] Loading query vectors...
[ERR] Loaded truth from binary cache: data_o/glove/truth.txt.bin
[OUT] ✓ Queries loaded in 132.271502 ms
[OUT] 
[OUT] Loading ground truth...
[OUT] ✓ Truth loaded in 98.636519 ms
[OUT] 
[OUT] Data Summary:
[OUT]   Dimension d=100, Base vectors=1183514, Queries=10000
[OUT] 
[OUT] 
[OUT] Building HNSW index...
[OUT] [Progress] 120001/1183514 (10.1%) Time: 26048.16 ms
[OUT] [Progress] 239001/1183514 (20.2%) Time: 123650.82 ms
[OUT] [Progress] 358001/1183514 (30.2%) Time: 245140.80 ms
[OUT] [Progress] 477001/1183514 (40.3%) Time: 398072.34 ms
