   [START] m=41, efc=645, efs=662
   [LOG] Log/trial_m41_efc645_efs662_20251126_074000.log
   [RUN 1/1] Executing: ./hng --m 41 --efc 645 --efs 662

============================================================
Trial: m=41, efc=645, efs=662, Run 1/1
Timestamp: 2025-11-26T07:40:00.439483
Command: ./hng --m 41 --efc 645 --efs 662
============================================================

[OUT] ========== HNSW Search Test ==========
[ERR] Loaded base from binary cache: data_o/glove/base.txt.bin
[OUT] 
[OUT] Timestamp: Wed Nov 26 07:40:00 2025
[OUT] 
[OUT] Command line arguments:
[OUT]   argv[0]: ./hng
[OUT]   argv[1]: --m
[OUT]   argv[2]: 41
[OUT]   argv[3]: --efc
[OUT]   argv[4]: 645
[OUT]   argv[5]: --efs
[OUT]   argv[6]: 662
[OUT] 
[OUT] Configuration:
[OUT]   Base file: data_o/glove/base.txt
[OUT]   Query file: data_o/glove/query.txt
[OUT]   Truth file: data_o/glove/truth.txt
[OUT]   K: 10
[OUT]   M: 41
[OUT]   Max layer: -1
[OUT]   EFC: 645
[OUT]   EFS: 662
[OUT]   Threads: -1
[OUT]   Debug: -1
[OUT] 
[OUT] HNSW parameters set.
[OUT] 
[OUT] Loading base vectors...
[OUT] ✓ Base loaded in 3808.003641 ms
[ERR] Loaded queries from binary cache: data_o/glove/query.txt.bin
[OUT] 
[OUT] Loading query vectors...
[OUT] ✓ Queries loaded in 96.760837 ms
[ERR] Loaded truth from binary cache: data_o/glove/truth.txt.bin
[OUT] 
[OUT] Loading ground truth...
[OUT] ✓ Truth loaded in 95.965135 ms
[OUT] 
[OUT] Data Summary:
[OUT]   Dimension d=100, Base vectors=1183514, Queries=10000
[OUT] 
[OUT] 
[OUT] Building HNSW index...
[OUT] [Progress] 119001/1183514 (10.1%) Time: 14018.47 ms
[OUT] [Progress] 238001/1183514 (20.1%) Time: 56541.41 ms
[OUT] [Progress] 360001/1183514 (30.4%) Time: 115070.90 ms
[OUT] [Progress] 479001/1183514 (40.5%) Time: 186612.80 ms
[OUT] [Progress] 598001/1183514 (50.5%) Time: 264706.05 ms
[OUT] [Progress] 718001/1183514 (60.7%) Time: 352292.49 ms
[OUT] [Progress] 837001/1183514 (70.7%) Time: 433837.54 ms
[OUT] [Progress] 956001/1183514 (80.8%) Time: 525188.37 ms
[OUT] [Progress] 1076001/1183514 (90.9%) Time: 614318.46 ms
[OUT] [Timing] Parallel Build: 682371.90 ms for 1183514 points.
[OUT] ✓ Index built.
[OUT]   build_time(local)=683963.598678 ms
[OUT]   build_time(internal)=682371.901967 ms
[OUT] 
[OUT] 
[OUT] Executing queries...
[OUT] 
[OUT]   Processed 1000 queries
[OUT] 
[OUT]   Processed 2000 queries
[OUT] 
[OUT]   Processed 3000 queries
[OUT] 
[OUT]   Processed 4000 queries
[OUT] 
[OUT]   Processed 5000 queries
[OUT] 
[OUT]   Processed 6000 queries
[OUT] 
[OUT]   Processed 7000 queries
[OUT] 
[OUT]   Processed 8000 queries
[OUT] 
[OUT]   Processed 9000 queries
[OUT] 
[OUT]   Processed 10000 queries
[OUT] 
[OUT] 
[OUT] ========== RESULTS ==========
[OUT] 
[OUT] Total queries: 10000
[OUT] 
[OUT] Average recall@10: 0.989380
[OUT] 
[OUT] Average query time: 3.287156 ms
[OUT] 
[OUT] Total query time: 32871.562845 ms
[OUT] 
[OUT] 
[OUT] ========== DISTANCE STATISTICS ==========
[OUT] 
[OUT] Total queries reported by index: 10000
[OUT] 
[OUT] Total distance computations: 270008756
[OUT] 
[OUT] Average distance ops per query: 27000.875600
[OUT] 
[OUT] Last query distance ops: 21511
[OUT] 
[OUT] 
[OUT] ========== PERFORMANCE SUMMARY ==========
[OUT] 
[OUT] Data loading time: 4000.729613 ms
[OUT] 
[OUT] Index build time: 682371.901967 ms
[OUT] 
[OUT] Query execution time: 32871.562845 ms
[OUT] 
[OUT] Total elapsed time: 720835.891136 ms
[OUT] 
[OUT] 
[OUT] ========== EFFICIENCY METRICS ==========
[OUT] 
[OUT] Queries per second: 304.214316
[OUT] 
[OUT] Distance ops per second: 8214052.896517
[OUT] 
[OUT] 
[OUT] ========== END OF LOG ==========
[OUT] 
[OUT] Log saved to: Log/run_20251126_074000_456.log
[OUT] 

Return Code: 0
   [PARSED] Build=682371.90ms, Query=3.2872ms, Recall=0.9894
   [RESULT] m=41 efc=645  efs=662  | Rec=0.9894 Time=3.2872ms Build=682371.90ms
   [SUCCESS] Logged to Log/trial_m41_efc645_efs662_20251126_074000.log
