   [START] m=33, ml=16, efc=659, efs=1013
   [LOG] Log/trial_m33_ml16_efc659_efs1013_20251202_080428.log
   [RUN 1/1] Executing: ./hng --m 33 --max_layer 16 --efc 659 --efs 1013

============================================================
Trial: m=33, ml=16, efc=659, efs=1013, Run 1/1
Timestamp: 2025-12-02T08:04:28.784388
Command: ./hng --m 33 --max_layer 16 --efc 659 --efs 1013
============================================================

[OUT] ========== HNSW Search Test ==========
[ERR] Loaded base from binary cache: data_o/glove/base.txt.bin
[OUT] 
[OUT] Timestamp: Tue Dec  2 08:04:28 2025
[OUT] 
[OUT] Command line arguments:
[OUT]   argv[0]: ./hng
[OUT]   argv[1]: --m
[OUT]   argv[2]: 33
[OUT]   argv[3]: --max_layer
[OUT]   argv[4]: 16
[OUT]   argv[5]: --efc
[OUT]   argv[6]: 659
[OUT]   argv[7]: --efs
[OUT]   argv[8]: 1013
[OUT] 
[OUT] Configuration:
[OUT]   Base file: data_o/glove/base.txt
[OUT]   Query file: data_o/glove/query.txt
[OUT]   Truth file: data_o/glove/truth.txt
[OUT]   K: 10
[OUT]   M: 33
[OUT]   Max layer: 16
[OUT]   EFC: 659
[OUT]   EFS: 1013
[OUT]   Threads: -1
[OUT]   Debug: -1
[OUT] 
[OUT] HNSW parameters set.
[OUT] 
[OUT] Loading base vectors...
[OUT] ✓ Base loaded in 2174.317883 ms
[ERR] Loaded queries from binary cache: data_o/glove/query.txt.bin
[OUT] 
[OUT] Loading query vectors...
[OUT] ✓ Queries loaded in 66.172151 ms
[ERR] Loaded truth from binary cache: data_o/glove/truth.txt.bin
[OUT] 
[OUT] Loading ground truth...
[OUT] ✓ Truth loaded in 65.633060 ms
[OUT] 
[OUT] Data Summary:
[OUT]   Dimension d=100, Base vectors=1183514, Queries=10000
[OUT] 
[OUT] 
[OUT] Building HNSW index...
[OUT] [Progress] 124001/1183514 (10.5%) Time: 15518.97 ms
[OUT] [Progress] 243001/1183514 (20.5%) Time: 77695.37 ms
[OUT] [Progress] 365001/1183514 (30.8%) Time: 154026.68 ms
[OUT] [Progress] 485001/1183514 (41.0%) Time: 240155.56 ms
[OUT] [Progress] 604001/1183514 (51.0%) Time: 329876.74 ms
[OUT] [Progress] 724001/1183514 (61.2%) Time: 425700.99 ms
[OUT] [Progress] 844001/1183514 (71.3%) Time: 523000.37 ms
[OUT] [Progress] 963001/1183514 (81.4%) Time: 618880.57 ms
[OUT] [Progress] 1082001/1183514 (91.4%) Time: 726500.02 ms
[OUT] [Timing] Parallel Build: 799707.49 ms for 1183514 points.
[OUT] [FlatHNSW] Converted 1183514 nodes, L0 size: 309747 KB, Upper size: 4346 KB
[OUT] [Timing] Flat Conversion: 459.39 ms
[OUT] ✓ Index built.
[OUT]   build_time(local)=760589.692611 ms
[OUT]   build_time(internal)=799707.492953 ms
[OUT] 
[OUT] 
[OUT] ========== GRAPH QUALITY ==========
[OUT] 
[OUT]   num_nodes: 1183514
[OUT] 
[OUT]   max_level (entry point): 4
[OUT] 
[OUT]   actual_max_layer: 4
[OUT] 
[OUT]   avg_degree_l0: 49.770711
[OUT] 
[OUT]   avg_degree_upper: 0.169955
[OUT] 
[OUT] 
[OUT]   Layer Distribution:
[OUT] 
[OUT]     L0: 1183514 nodes (100.00%)
[OUT] 
[OUT]     L1: 35670 nodes (3.01%)
[OUT] 
[OUT]     L2: 1033 nodes (0.09%)
[OUT] 
[OUT]     L3: 40 nodes (0.00%)
[OUT] 
[OUT]     L4: 2 nodes (0.00%)
[OUT] 
[OUT] 
[OUT] 
[OUT] Executing queries...
[OUT] 
[OUT]   Processed 1000 queries
[OUT] 
[OUT]   Processed 2000 queries
[OUT] 
[OUT]   Processed 3000 queries
[OUT] 
[OUT]   Processed 4000 queries
[OUT] 
[OUT]   Processed 5000 queries
[OUT] 
[OUT]   Processed 6000 queries
[OUT] 
[OUT]   Processed 7000 queries
[OUT] 
[OUT]   Processed 8000 queries
[OUT] 
[OUT]   Processed 9000 queries
[OUT] 
[OUT]   Processed 10000 queries
[OUT] 
[OUT] 
[OUT] ========== RESULTS ==========
[OUT] 
[OUT] Total queries: 10000
[OUT] 
[OUT] Average recall@10: 0.992650
[OUT] 
[OUT] Average query time: 2.769310 ms
[OUT] 
[OUT] Total query time: 27693.096881 ms
[OUT] 
[OUT] 
[OUT] ========== DISTANCE STATISTICS ==========
[OUT] 
[OUT] Total queries reported by index: 10000
[OUT] 
[OUT] Total distance computations: 0
[OUT] 
[OUT] Average distance ops per query: 0.000000
[OUT] 
[OUT] Last query distance ops: 0
[OUT] 
[OUT] 
[OUT] ========== PERFORMANCE SUMMARY ==========
[OUT] 
[OUT] Data loading time: 2306.123094 ms
[OUT] 
[OUT] Index build time: 799707.492953 ms
[OUT] 
[OUT] Query execution time: 27693.096881 ms
[OUT] 
[OUT] Total elapsed time: 790588.912586 ms
[OUT] 
[OUT] 
[OUT] ========== EFFICIENCY METRICS ==========
[OUT] 
[OUT] Queries per second: 361.100820
[OUT] 
[OUT] 
[OUT] ========== END OF LOG ==========
[OUT] 
[OUT] Log saved to: Log/run_20251202_080428_794.log
[OUT] 

Return Code: 0
   [PARSED] Build=799707.49ms, Query=2.7693ms, Recall=0.9927
   [RESULT] m=33 ml=16 efc=659  efs=1013 | Rec=0.9927 Time=2.7693ms Build=799707.49ms
   [SUCCESS] Logged to Log/trial_m33_ml16_efc659_efs1013_20251202_080428.log
