   [START] m=31, ml=11, efc=604, efs=572
[ERR] Loaded base from binary cache: data_o/glove/base.txt.bin
[OUT] ========== HNSW Search Test ==========
[OUT] 
[OUT] Timestamp: Tue Dec  2 09:43:59 2025
[OUT] 
[OUT] Command line arguments:
[OUT]   argv[0]: ./hng
[OUT]   argv[1]: --m
[OUT]   argv[2]: 31
[OUT]   argv[3]: --max_layer
[OUT]   argv[4]: 11
[OUT]   argv[5]: --efc
[OUT]   argv[6]: 604
[OUT]   argv[7]: --efs
[OUT]   argv[8]: 572
[OUT] 
[OUT] Configuration:
[OUT]   Base file: data_o/glove/base.txt
[OUT]   Query file: data_o/glove/query.txt
[OUT]   Truth file: data_o/glove/truth.txt
[OUT]   K: 10
[OUT]   M: 31
[OUT]   Max layer: 11
[OUT]   EFC: 604
[OUT]   EFS: 572
[OUT]   Threads: -1
[OUT]   Debug: -1
[OUT] 
[OUT] HNSW parameters set.
[OUT] 
[OUT] Loading base vectors...
[ERR] Loaded queries from binary cache: data_o/glove/query.txt.bin
[OUT] ✓ Base loaded in 3779.923738 ms
[OUT] 
[OUT] Loading query vectors...
[OUT] ✓ Queries loaded in 69.377755 ms
[OUT] 
[ERR] Loaded truth from binary cache: data_o/glove/truth.txt.bin
[OUT] Loading ground truth...
[OUT] ✓ Truth loaded in 69.105135 ms
[OUT] 
[OUT] Data Summary:
[OUT]   Dimension d=100, Base vectors=1183514, Queries=10000
[OUT] 
[OUT] 
[OUT] Building HNSW index...
[OUT] [Progress] 120001/1183514 (10.1%) Time: 16022.81 ms
[OUT] [Progress] 239001/1183514 (20.2%) Time: 69995.80 ms
[OUT] [Progress] 358001/1183514 (30.2%) Time: 138969.50 ms
[OUT] [Progress] 477001/1183514 (40.3%) Time: 212295.86 ms
[OUT] [Progress] 599001/1183514 (50.6%) Time: 292992.77 ms
[OUT] [Progress] 718001/1183514 (60.7%) Time: 378586.25 ms
[OUT] [Progress] 838001/1183514 (70.8%) Time: 465290.44 ms
[OUT] [Progress] 958001/1183514 (80.9%) Time: 551453.59 ms
[OUT] [Progress] 1077001/1183514 (91.0%) Time: 642219.33 ms
[OUT] [Timing] Parallel Build: 718522.94 ms for 1183514 points.
[OUT] [FlatHNSW] Converted 1183514 nodes, L0 size: 291255 KB, Upper size: 4461 KB
[OUT] [Timing] Flat Conversion: 349.75 ms
[OUT] ✓ Index built.
[OUT]   build_time(local)=690020.660573 ms
[OUT]   build_time(internal)=718522.941835 ms
[OUT] 
[OUT] 
[OUT] ========== GRAPH QUALITY ==========
[OUT] 
[OUT]   num_nodes: 1183514
[OUT] 
[OUT]   max_level (entry point): 3
[OUT] 
[OUT]   actual_max_layer: 3
[OUT] 
[OUT]   avg_degree_l0: 47.235157
[OUT] 
[OUT]   avg_degree_upper: 0.245518
[OUT] 
[OUT] 
[OUT]   Layer Distribution:
[OUT] 
[OUT]     L0: 1183514 nodes (100.00%)
[OUT] 
[OUT]     L1: 38174 nodes (3.23%)
[OUT] 
[OUT]     L2: 1216 nodes (0.10%)
[OUT] 
[OUT]     L3: 45 nodes (0.00%)
[OUT] 
[OUT] 
[OUT] 
[OUT] Executing queries...
[OUT] 
[OUT]   Processed 1000 queries
[OUT] 
[OUT]   Processed 2000 queries
[OUT] 
[OUT]   Processed 3000 queries
[OUT] 
[OUT]   Processed 4000 queries
[OUT] 
[OUT]   Processed 5000 queries
[OUT] 
[OUT]   Processed 6000 queries
[OUT] 
[OUT]   Processed 7000 queries
[OUT] 
[OUT]   Processed 8000 queries
[OUT] 
[OUT]   Processed 9000 queries
[OUT] 
[OUT]   Processed 10000 queries
[OUT] 
[OUT] 
[OUT] ========== RESULTS ==========
[OUT] 
[OUT] Total queries: 10000
[OUT] 
[OUT] Average recall@10: 0.980190
[OUT] 
[OUT] Average query time: 1.539140 ms
[OUT] 
[OUT] Total query time: 15391.397417 ms
[OUT] 
[OUT] 
[OUT] ========== DISTANCE STATISTICS ==========
[OUT] 
[OUT] Total queries reported by index: 10000
[OUT] 
[OUT] Total distance computations: 0
[OUT] 
[OUT] Average distance ops per query: 0.000000
[OUT] 
[OUT] Last query distance ops: 0
[OUT] 
[OUT] 
[OUT] ========== PERFORMANCE SUMMARY ==========
[OUT] 
[OUT] Data loading time: 3918.406628 ms
[OUT] 
[OUT] Index build time: 718522.941835 ms
[OUT] 
[OUT] Query execution time: 15391.397417 ms
[OUT] 
[OUT] Total elapsed time: 709330.464618 ms
[OUT] 
[OUT] 
[OUT] ========== EFFICIENCY METRICS ==========
[OUT] 
[OUT] Queries per second: 649.713585
[OUT] 
[OUT] 
[OUT] ========== END OF LOG ==========
[OUT] 
[OUT] Log saved to: Log/run_20251202_094359_744.log
[OUT] 
   [PARSED] Rec=0.9802, Time=1.5391ms, Build=718522.94ms
   [RESULT] Rec=0.9802 Time=1.5391ms
