   [START] m=62, efc=474, efs=268
   [LOG] Log/trial_m62_efc474_efs268_20251125_211607.log
   [RUN 1/1] Executing: ./hng --m 62 --efc 474 --efs 268

============================================================
Trial: m=62, efc=474, efs=268, Run 1/1
Timestamp: 2025-11-25T21:16:07.011356
Command: ./hng --m 62 --efc 474 --efs 268
============================================================

[OUT] ========== HNSW Search Test ==========
[ERR] Loaded base from binary cache: data_o/glove/base.txt.bin
[OUT] 
[OUT] Timestamp: Tue Nov 25 21:16:07 2025
[OUT] 
[OUT] Command line arguments:
[OUT]   argv[0]: ./hng
[OUT]   argv[1]: --m
[OUT]   argv[2]: 62
[OUT]   argv[3]: --efc
[OUT]   argv[4]: 474
[OUT]   argv[5]: --efs
[OUT]   argv[6]: 268
[OUT] 
[OUT] Configuration:
[OUT]   Base file: data_o/glove/base.txt
[OUT]   Query file: data_o/glove/query.txt
[OUT]   Truth file: data_o/glove/truth.txt
[OUT]   K: 10
[OUT]   M: 62
[OUT]   Max layer: -1
[OUT]   EFC: 474
[OUT]   EFS: 268
[OUT]   Threads: -1
[OUT]   Debug: -1
[OUT] 
[OUT] HNSW parameters set.
[OUT] 
[OUT] Loading base vectors...
[OUT] ✓ Base loaded in 3454.001215 ms
[ERR] Loaded queries from binary cache: data_o/glove/query.txt.bin
[OUT] 
[OUT] Loading query vectors...
[OUT] ✓ Queries loaded in 83.357635 ms
[ERR] Loaded truth from binary cache: data_o/glove/truth.txt.bin
[OUT] 
[OUT] Loading ground truth...
[OUT] ✓ Truth loaded in 78.013533 ms
[OUT] 
[OUT] Data Summary:
[OUT]   Dimension d=100, Base vectors=1183514, Queries=10000
[OUT] 
[OUT] 
[OUT] Building HNSW index...
[OUT] [Progress] 127001/1183514 (10.7%) Time: 9019.71 ms
[OUT] [Progress] 249001/1183514 (21.0%) Time: 40868.99 ms
[OUT] [Progress] 372001/1183514 (31.4%) Time: 85854.03 ms
[OUT] [Progress] 491001/1183514 (41.5%) Time: 134827.92 ms
