   [START] m=34, efc=469, efs=540
   [LOG] Log/trial_m34_efc469_efs540_20251126_021300.log
   [RUN 1/1] Executing: ./hng --m 34 --efc 469 --efs 540

============================================================
Trial: m=34, efc=469, efs=540, Run 1/1
Timestamp: 2025-11-26T02:13:00.014562
Command: ./hng --m 34 --efc 469 --efs 540
============================================================

[OUT] ========== HNSW Search Test ==========
[ERR] Loaded base from binary cache: data_o/glove/base.txt.bin
[OUT] 
[OUT] Timestamp: Wed Nov 26 02:13:00 2025
[OUT] 
[OUT] Command line arguments:
[OUT]   argv[0]: ./hng
[OUT]   argv[1]: --m
[OUT]   argv[2]: 34
[OUT]   argv[3]: --efc
[OUT]   argv[4]: 469
[OUT]   argv[5]: --efs
[OUT]   argv[6]: 540
[OUT] 
[OUT] Configuration:
[OUT]   Base file: data_o/glove/base.txt
[OUT]   Query file: data_o/glove/query.txt
[OUT]   Truth file: data_o/glove/truth.txt
[OUT]   K: 10
[OUT]   M: 34
[OUT]   Max layer: -1
[OUT]   EFC: 469
[OUT]   EFS: 540
[OUT]   Threads: -1
[OUT]   Debug: -1
[OUT] 
[OUT] HNSW parameters set.
[OUT] 
[OUT] Loading base vectors...
[OUT] ✓ Base loaded in 1947.340513 ms
[ERR] Loaded queries from binary cache: data_o/glove/query.txt.bin
[OUT] 
[OUT] Loading query vectors...
[OUT] ✓ Queries loaded in 70.584094 ms
[ERR] Loaded truth from binary cache: data_o/glove/truth.txt.bin
[OUT] 
[OUT] Loading ground truth...
[OUT] ✓ Truth loaded in 66.728965 ms
[OUT] 
[OUT] Data Summary:
[OUT]   Dimension d=100, Base vectors=1183514, Queries=10000
[OUT] 
[OUT] 
[OUT] Building HNSW index...
[OUT] [Progress] 120001/1183514 (10.1%) Time: 11451.46 ms
[OUT] [Progress] 240001/1183514 (20.3%) Time: 34958.46 ms
[OUT] [Progress] 359001/1183514 (30.3%) Time: 73431.81 ms
[OUT] [Progress] 479001/1183514 (40.5%) Time: 118848.08 ms
[OUT] [Progress] 601001/1183514 (50.8%) Time: 165308.46 ms
[OUT] [Progress] 722001/1183514 (61.0%) Time: 212758.85 ms
[OUT] [Progress] 842001/1183514 (71.1%) Time: 265179.38 ms
[OUT] [Progress] 963001/1183514 (81.4%) Time: 315640.45 ms
[OUT] [Progress] 1082001/1183514 (91.4%) Time: 370535.11 ms
[OUT] [Timing] Parallel Build: 406982.02 ms for 1183514 points.
[OUT] ✓ Index built.
[OUT]   build_time(local)=372419.982634 ms
[OUT]   build_time(internal)=406982.022508 ms
[OUT] 
[OUT] 
[OUT] Executing queries...
[OUT] 
[OUT]   Processed 1000 queries
[OUT] 
[OUT]   Processed 2000 queries
[OUT] 
[OUT]   Processed 3000 queries
[OUT] 
[OUT]   Processed 4000 queries
[OUT] 
[OUT]   Processed 5000 queries
[OUT] 
[OUT]   Processed 6000 queries
[OUT] 
[OUT]   Processed 7000 queries
[OUT] 
[OUT]   Processed 8000 queries
[OUT] 
[OUT]   Processed 9000 queries
[OUT] 
[OUT]   Processed 10000 queries
[OUT] 
[OUT] 
[OUT] ========== RESULTS ==========
[OUT] 
[OUT] Total queries: 10000
[OUT] 
[OUT] Average recall@10: 0.978730
[OUT] 
[OUT] Average query time: 2.019031 ms
[OUT] 
[OUT] Total query time: 20190.310197 ms
[OUT] 
[OUT] 
[OUT] ========== DISTANCE STATISTICS ==========
[OUT] 
[OUT] Total queries reported by index: 10000
[OUT] 
[OUT] Total distance computations: 191057615
[OUT] 
[OUT] Average distance ops per query: 19105.761500
[OUT] 
[OUT] Last query distance ops: 16266
[OUT] 
[OUT] 
[OUT] ========== PERFORMANCE SUMMARY ==========
[OUT] 
[OUT] Data loading time: 2084.653572 ms
[OUT] 
[OUT] Index build time: 406982.022508 ms
[OUT] 
[OUT] Query execution time: 20190.310197 ms
[OUT] 
[OUT] Total elapsed time: 394694.946403 ms
[OUT] 
[OUT] 
[OUT] ========== EFFICIENCY METRICS ==========
[OUT] 
[OUT] Queries per second: 495.287091
[OUT] 
[OUT] Distance ops per second: 9462837.031022
[OUT] 
[OUT] 
[OUT] ========== END OF LOG ==========
[OUT] 
[OUT] Log saved to: Log/run_20251126_021300_019.log
[OUT] 

Return Code: 0
   [PARSED] Build=406982.02ms, Query=2.0190ms, Recall=0.9787
   [RESULT] m=34 efc=469  efs=540  | Rec=0.9787 Time=2.0190ms Build=406982.02ms
   [SUCCESS] Logged to Log/trial_m34_efc469_efs540_20251126_021300.log
