   [START] m=60, ml=13, efc=317, efs=2000
[OUT] ========== HNSW Search Test ==========
[OUT] 
[OUT] Timestamp: Thu Dec  4 07:31:33 2025
[OUT] 
[OUT] Command line arguments:
[OUT]   argv[0]: ./hng1
[OUT]   argv[1]: --m
[OUT]   argv[2]: 60
[OUT]   argv[3]: --max_layer
[OUT]   argv[4]: 13
[OUT]   argv[5]: --efc
[OUT]   argv[6]: 317
[OUT]   argv[7]: --efs
[OUT]   argv[8]: 2000
[OUT] 
[OUT] Configuration:
[OUT]   Base file: data_o/glove/base.txt
[OUT]   Query file: data_o/glove/query.txt
[OUT]   Truth file: data_o/glove/truth.txt
[OUT]   K: 10
[OUT]   M: 60
[OUT]   Max layer: 13
[OUT]   EFC: 317
[OUT]   EFS: 2000
[OUT]   Threads: -1
[OUT]   Debug: -1
[OUT] 
[OUT] HNSW parameters set.
[OUT] 
[OUT] Ablation flags: csr=0, prefetch=0, simd=0, pruning=0, heap=0
[OUT] 
[OUT] Loading base vectors...
[ERR] Loaded base from binary cache: data_o/glove/base.txt.bin
[OUT] ✓ Base loaded in 2075.365785 ms
[OUT] 
[OUT] Loading query vectors...
[ERR] Loaded queries from binary cache: data_o/glove/query.txt.bin
[OUT] ✓ Queries loaded in 65.619616 ms
[OUT] 
[OUT] Loading ground truth...
[ERR] Loaded truth from binary cache: data_o/glove/truth.txt.bin
[OUT] ✓ Truth loaded in 63.687984 ms
[OUT] 
[OUT] Data Summary:
[OUT]   Dimension d=100, Base vectors=1183514, Queries=10000
[OUT] 
[OUT] 
[OUT] Building HNSW index...
[OUT] [Cache] Cache miss, building index...
[OUT] [Progress] 127001/1183514 (10.7%) Time: 7532.84 ms
[OUT] [Progress] 246001/1183514 (20.8%) Time: 27038.45 ms
[OUT] [Progress] 365001/1183514 (30.8%) Time: 52049.01 ms
[OUT] [Progress] 484001/1183514 (40.9%) Time: 82567.28 ms
[OUT] [Progress] 603001/1183514 (51.0%) Time: 115081.26 ms
[OUT] [Progress] 723001/1183514 (61.1%) Time: 151607.55 ms
[OUT] [Progress] 842001/1183514 (71.1%) Time: 190647.42 ms
[OUT] [Progress] 962001/1183514 (81.3%) Time: 228665.26 ms
[OUT] [Progress] 1082001/1183514 (91.4%) Time: 269198.65 ms
[OUT] [Timing] Parallel Build: 297215.48 ms for 1183514 points.
[OUT] [FlatConvert] Starting conversion for 1183514 nodes, dim=100
[OUT] [Reorder] Generated DFS mapping for 1183514 nodes.
[OUT] [FlatConvert] Reorder enabled, enter_point=0, max_level=4
[OUT] [FlatConvert] Allocating data array: 118351400 floats (451 MB)
[OUT] [FlatConvert] Copying vector data...
[OUT] [FlatConvert] Vector data copied.
[OUT] [FlatConvert] Building L0 CSR structure...
[OUT] [FlatConvert] Total L0 links: 48900888
[OUT] [FlatConvert] L0 CSR built, actual links: 48900888
[OUT] [FlatConvert] Building upper layer structure, max_level=4
[OUT] [FlatHNSW-CSR] Converted & Reordered 1183514 nodes.
[OUT] [Timing] Flat Conversion: 7196.06 ms
[OUT] [Cache] Saved index to: cache/hnsw_n1183514_d100_M60_L13_efc317.idx
[OUT] [Cache] Save time: 3048.56 ms
[OUT] ✓ Index built.
[OUT]   build_time(local)=309007.608764 ms
[OUT]   build_time(internal)=297215.475486 ms
[OUT] 
[OUT] 
[OUT] ========== GRAPH QUALITY ==========
[OUT] 
[OUT]   num_nodes: 1183514
[OUT] 
[OUT]   max_level (entry point): 4
[OUT] 
[OUT]   actual_max_layer: 4
[OUT] 
[OUT]   avg_degree_l0: 41.318386
[OUT] 
[OUT]   avg_degree_upper: 0.100706
[OUT] 
[OUT] 
[OUT]   Layer Distribution:
[OUT] 
[OUT]     L0: 1183514 nodes (100.00%)
[OUT] 
[OUT]     L1: 19472 nodes (1.65%)
[OUT] 
[OUT]     L2: 350 nodes (0.03%)
[OUT] 
[OUT]     L3: 7 nodes (0.00%)
[OUT] 
[OUT]     L4: 1 nodes (0.00%)
[OUT] 
[OUT] 
[OUT] 
[OUT] Executing queries...
[OUT] 
[OUT]   Processed 1000 queries
[OUT] 
[OUT]   Processed 2000 queries
[OUT] 
[OUT]   Processed 3000 queries
[OUT] 
[OUT]   Processed 4000 queries
[OUT] 
[OUT]   Processed 5000 queries
[OUT] 
[OUT]   Processed 6000 queries
[OUT] 
[OUT]   Processed 7000 queries
[OUT] 
[OUT]   Processed 8000 queries
[OUT] 
[OUT]   Processed 9000 queries
[OUT] 
[OUT]   Processed 10000 queries
[OUT] 
[OUT] 
[OUT] ========== RESULTS ==========
[OUT] 
[OUT] Total queries: 10000
[OUT] 
[OUT] Average recall@10: 0.997160
[OUT] 
[OUT] Average query time: 5.163594 ms
[OUT] 
[OUT] Total query time: 51635.944272 ms
[OUT] 
[OUT] 
[OUT] ========== DISTANCE STATISTICS ==========
[OUT] 
[OUT] Total queries reported by index: 10000
[OUT] 
[OUT] Total distance computations: 587731266
[OUT] 
[OUT] Average distance ops per query: 58773.126600
[OUT] 
[OUT] Last query distance ops: 41225
[OUT] 
[OUT] 
[OUT] ========== PERFORMANCE SUMMARY ==========
[OUT] 
[OUT] Data loading time: 2204.673385 ms
[OUT] 
[OUT] Index build time: 297215.475486 ms
[OUT] 
[OUT] Query execution time: 51635.944272 ms
[OUT] 
[OUT] Total elapsed time: 362848.226421 ms
[OUT] 
[OUT] 
[OUT] ========== EFFICIENCY METRICS ==========
[OUT] 
[OUT] Queries per second: 193.663545
[OUT] 
[OUT] Distance ops per second: 11382212.028583
[OUT] 
[OUT] 
[OUT] ========== END OF LOG ==========
[OUT] 
[OUT] Log saved to: Log/run_20251204_073133_067.log
[OUT] 
   [RESULT] Rec=0.9972 Time=5.1636ms
