   [START] m=58, ml=11, efc=564, efs=291
   [LOG] Log/trial_m58_ml11_efc564_efs291_20251127_083047.log
   [RUN 1/1] Executing: ./hng --m 58 --max_layer 11 --efc 564 --efs 291

============================================================
Trial: m=58, ml=11, efc=564, efs=291, Run 1/1
Timestamp: 2025-11-27T08:30:47.517995
Command: ./hng --m 58 --max_layer 11 --efc 564 --efs 291
============================================================

[OUT] ========== HNSW Search Test ==========
[OUT] 
[ERR] Loaded base from binary cache: data_o/glove/base.txt.bin
[OUT] Timestamp: Thu Nov 27 08:30:47 2025
[OUT] 
[OUT] Command line arguments:
[OUT]   argv[0]: ./hng
[OUT]   argv[1]: --m
[OUT]   argv[2]: 58
[OUT]   argv[3]: --max_layer
[OUT]   argv[4]: 11
[OUT]   argv[5]: --efc
[OUT]   argv[6]: 564
[OUT]   argv[7]: --efs
[OUT]   argv[8]: 291
[OUT] 
[OUT] Configuration:
[OUT]   Base file: data_o/glove/base.txt
[OUT]   Query file: data_o/glove/query.txt
[OUT]   Truth file: data_o/glove/truth.txt
[OUT]   K: 10
[OUT]   M: 58
[OUT]   Max layer: 11
[OUT]   EFC: 564
[OUT]   EFS: 291
[OUT]   Threads: -1
[OUT]   Debug: -1
[OUT] 
[OUT] HNSW parameters set.
[OUT] 
[OUT] Loading base vectors...
[OUT] ✓ Base loaded in 2147.605209 ms
[ERR] Loaded queries from binary cache: data_o/glove/query.txt.bin
[OUT] 
[OUT] Loading query vectors...
[OUT] ✓ Queries loaded in 67.467524 ms
[OUT] 
[ERR] Loaded truth from binary cache: data_o/glove/truth.txt.bin
[OUT] Loading ground truth...
[OUT] ✓ Truth loaded in 68.556406 ms
[OUT] 
[OUT] Data Summary:
[OUT]   Dimension d=100, Base vectors=1183514, Queries=10000
[OUT] 
[OUT] 
[OUT] Building HNSW index...
[OUT] [Progress] 122001/1183514 (10.3%) Time: 15899.97 ms
[OUT] [Progress] 241001/1183514 (20.4%) Time: 78822.06 ms
[OUT] [Progress] 361001/1183514 (30.5%) Time: 153575.80 ms
[OUT] [Progress] 481001/1183514 (40.6%) Time: 245288.45 ms
[OUT] [Progress] 601001/1183514 (50.8%) Time: 339549.74 ms
[OUT] [Progress] 720001/1183514 (60.8%) Time: 440776.54 ms
[OUT] [Progress] 839001/1183514 (70.9%) Time: 543458.51 ms
[OUT] [Progress] 958001/1183514 (80.9%) Time: 648565.64 ms
[OUT] [Progress] 1077001/1183514 (91.0%) Time: 758191.99 ms
[OUT] [Timing] Parallel Build: 844527.29 ms for 1183514 points.
[OUT] [FlatHNSW] Converted 1183514 nodes, L0 size: 540902 KB, Upper size: 2796 KB
[OUT] [Timing] Flat Conversion: 849.18 ms
[OUT] ✓ Index built.
[OUT]   build_time(local)=905955.916365 ms
[OUT]   build_time(internal)=844527.287704 ms
[OUT] 
[OUT] 
[OUT] ========== GRAPH QUALITY ==========
[OUT] 
[OUT]   num_nodes: 1183514
[OUT] 
[OUT]   max_level (entry point): 3
[OUT] 
[OUT]   actual_max_layer: 3
[OUT] 
[OUT]   avg_degree_l0: 53.836236
[OUT] 
[OUT]   avg_degree_upper: 0.133285
[OUT] 
[OUT] 
[OUT]   Layer Distribution:
[OUT] 
[OUT]     L0: 1183514 nodes (100.00%)
[OUT] 
[OUT]     L1: 20417 nodes (1.73%)
[OUT] 
[OUT]     L2: 394 nodes (0.03%)
[OUT] 
[OUT]     L3: 9 nodes (0.00%)
[OUT] 
[OUT] 
[OUT] 
[OUT] Executing queries...
[OUT] 
[OUT]   Processed 1000 queries
[OUT] 
[OUT]   Processed 2000 queries
[OUT] 
[OUT]   Processed 3000 queries
[OUT] 
[OUT]   Processed 4000 queries
[OUT] 
[OUT]   Processed 5000 queries
[OUT] 
[OUT]   Processed 6000 queries
[OUT] 
[OUT]   Processed 7000 queries
[OUT] 
[OUT]   Processed 8000 queries
[OUT] 
[OUT]   Processed 9000 queries
[OUT] 
[OUT]   Processed 10000 queries
[OUT] 
[OUT] 
[OUT] ========== RESULTS ==========
[OUT] 
[OUT] Total queries: 10000
[OUT] 
[OUT] Average recall@10: 0.966010
[OUT] 
[OUT] Average query time: 1.419201 ms
[OUT] 
[OUT] Total query time: 14192.014273 ms
[OUT] 
[OUT] 
[OUT] ========== DISTANCE STATISTICS ==========
[OUT] 
[OUT] Total queries reported by index: 10000
[OUT] 
[OUT] Total distance computations: 136507742
[OUT] 
[OUT] Average distance ops per query: 13650.774200
[OUT] 
[OUT] Last query distance ops: 11565
[OUT] 
[OUT] 
[OUT] ========== PERFORMANCE SUMMARY ==========
[OUT] 
[OUT] Data loading time: 2283.629139 ms
[OUT] 
[OUT] Index build time: 844527.287704 ms
[OUT] 
[OUT] Query execution time: 14192.014273 ms
[OUT] 
[OUT] Total elapsed time: 922431.559777 ms
[OUT] 
[OUT] 
[OUT] ========== EFFICIENCY METRICS ==========
[OUT] 
[OUT] Queries per second: 704.621614
[OUT] 
[OUT] Distance ops per second: 9618630.546314
[OUT] 
[OUT] 
[OUT] ========== END OF LOG ==========
[OUT] 
[OUT] Log saved to: Log/run_20251127_083047_522.log
[OUT] 

Return Code: 0
   [PARSED] Build=844527.29ms, Query=1.4192ms, Recall=0.9660
   [RESULT] m=58 ml=11 efc=564  efs=291  | Rec=0.9660 Time=1.4192ms Build=844527.29ms
   [SUCCESS] Logged to Log/trial_m58_ml11_efc564_efs291_20251127_083047.log
