   [START] m=56, ml=14, efc=884, efs=477
   [LOG] Log/trial_m56_ml14_efc884_efs477_20251127_141045.log
   [RUN 1/1] Executing: ./hng --m 56 --max_layer 14 --efc 884 --efs 477

============================================================
Trial: m=56, ml=14, efc=884, efs=477, Run 1/1
Timestamp: 2025-11-27T14:10:45.707796
Command: ./hng --m 56 --max_layer 14 --efc 884 --efs 477
============================================================

[OUT] ========== HNSW Search Test ==========
[ERR] Loaded base from binary cache: data_o/glove/base.txt.bin
[OUT] 
[OUT] Timestamp: Thu Nov 27 14:10:45 2025
[OUT] 
[OUT] Command line arguments:
[OUT]   argv[0]: ./hng
[OUT]   argv[1]: --m
[OUT]   argv[2]: 56
[OUT]   argv[3]: --max_layer
[OUT]   argv[4]: 14
[OUT]   argv[5]: --efc
[OUT]   argv[6]: 884
[OUT]   argv[7]: --efs
[OUT]   argv[8]: 477
[OUT] 
[OUT] Configuration:
[OUT]   Base file: data_o/glove/base.txt
[OUT]   Query file: data_o/glove/query.txt
[OUT]   Truth file: data_o/glove/truth.txt
[OUT]   K: 10
[OUT]   M: 56
[OUT]   Max layer: 14
[OUT]   EFC: 884
[OUT]   EFS: 477
[OUT]   Threads: -1
[OUT]   Debug: -1
[OUT] 
[OUT] HNSW parameters set.
[OUT] 
[OUT] Loading base vectors...
[OUT] ✓ Base loaded in 2259.477291 ms
[ERR] Loaded queries from binary cache: data_o/glove/query.txt.bin
[OUT] 
[OUT] Loading query vectors...
[OUT] ✓ Queries loaded in 69.293560 ms
[ERR] Loaded truth from binary cache: data_o/glove/truth.txt.bin
[OUT] 
[OUT] Loading ground truth...
[OUT] ✓ Truth loaded in 71.733687 ms
[OUT] 
[OUT] Data Summary:
[OUT]   Dimension d=100, Base vectors=1183514, Queries=10000
[OUT] 
[OUT] 
[OUT] Building HNSW index...
[OUT] [Progress] 119001/1183514 (10.1%) Time: 27039.68 ms
[OUT] [Progress] 238001/1183514 (20.1%) Time: 116786.02 ms
[OUT] [Progress] 358001/1183514 (30.2%) Time: 242725.21 ms
[OUT] [Progress] 477001/1183514 (40.3%) Time: 408223.65 ms
[OUT] [Progress] 596001/1183514 (50.4%) Time: 563458.07 ms
[OUT] [Progress] 715001/1183514 (60.4%) Time: 739695.33 ms
[OUT] [Progress] 834001/1183514 (70.5%) Time: 909739.66 ms
[OUT] [Progress] 953001/1183514 (80.5%) Time: 1095371.00 ms
[OUT] [Progress] 1072001/1183514 (90.6%) Time: 1275172.96 ms
[OUT] [Timing] Parallel Build: 1433264.22 ms for 1183514 points.
[OUT] [FlatHNSW] Converted 1183514 nodes, L0 size: 522410 KB, Upper size: 2949 KB
[OUT] [Timing] Flat Conversion: 642.47 ms
[OUT] ✓ Index built.
[OUT]   build_time(local)=1529642.774045 ms
[OUT]   build_time(internal)=1433264.217479 ms
[OUT] 
[OUT] 
[OUT] ========== GRAPH QUALITY ==========
[OUT] 
[OUT]   num_nodes: 1183514
[OUT] 
[OUT]   max_level (entry point): 3
[OUT] 
[OUT]   actual_max_layer: 3
[OUT] 
[OUT]   avg_degree_l0: 63.089768
[OUT] 
[OUT]   avg_degree_upper: 0.147702
[OUT] 
[OUT] 
[OUT]   Layer Distribution:
[OUT] 
[OUT]     L0: 1183514 nodes (100.00%)
[OUT] 
[OUT]     L1: 20848 nodes (1.76%)
[OUT] 
[OUT]     L2: 405 nodes (0.03%)
[OUT] 
[OUT]     L3: 6 nodes (0.00%)
[OUT] 
[OUT] 
[OUT] 
[OUT] Executing queries...
[OUT] 
[OUT]   Processed 1000 queries
[OUT] 
[OUT]   Processed 2000 queries
[OUT] 
[OUT]   Processed 3000 queries
[OUT] 
[OUT]   Processed 4000 queries
[OUT] 
[OUT]   Processed 5000 queries
[OUT] 
[OUT]   Processed 6000 queries
[OUT] 
[OUT]   Processed 7000 queries
[OUT] 
[OUT]   Processed 8000 queries
[OUT] 
[OUT]   Processed 9000 queries
[OUT] 
[OUT]   Processed 10000 queries
[OUT] 
[OUT] 
[OUT] ========== RESULTS ==========
[OUT] 
[OUT] Total queries: 10000
[OUT] 
[OUT] Average recall@10: 0.986690
[OUT] 
[OUT] Average query time: 2.511323 ms
[OUT] 
[OUT] Total query time: 25113.230273 ms
[OUT] 
[OUT] 
[OUT] ========== DISTANCE STATISTICS ==========
[OUT] 
[OUT] Total queries reported by index: 10000
[OUT] 
[OUT] Total distance computations: 242231415
[OUT] 
[OUT] Average distance ops per query: 24223.141500
[OUT] 
[OUT] Last query distance ops: 19355
[OUT] 
[OUT] 
[OUT] ========== PERFORMANCE SUMMARY ==========
[OUT] 
[OUT] Data loading time: 2400.504538 ms
[OUT] 
[OUT] Index build time: 1433264.217479 ms
[OUT] 
[OUT] Query execution time: 25113.230273 ms
[OUT] 
[OUT] Total elapsed time: 1557156.508856 ms
[OUT] 
[OUT] 
[OUT] ========== EFFICIENCY METRICS ==========
[OUT] 
[OUT] Queries per second: 398.196484
[OUT] 
[OUT] Distance ops per second: 9645569.780023
[OUT] 
[OUT] 
[OUT] ========== END OF LOG ==========
[OUT] 
[OUT] Log saved to: Log/run_20251127_141045_713.log
[OUT] 

Return Code: 0
   [PARSED] Build=1433264.22ms, Query=2.5113ms, Recall=0.9867
   [RESULT] m=56 ml=14 efc=884  efs=477  | Rec=0.9867 Time=2.5113ms Build=1433264.22ms
   [SUCCESS] Logged to Log/trial_m56_ml14_efc884_efs477_20251127_141045.log
