   [START] m=60, ml=12, efc=888, efs=289
   [LOG] Log/trial_m60_ml12_efc888_efs289_20251127_143506.log
   [RUN 1/1] Executing: ./hng --m 60 --max_layer 12 --efc 888 --efs 289

============================================================
Trial: m=60, ml=12, efc=888, efs=289, Run 1/1
Timestamp: 2025-11-27T14:35:06.515258
Command: ./hng --m 60 --max_layer 12 --efc 888 --efs 289
============================================================

[OUT] ========== HNSW Search Test ==========
[ERR] Loaded base from binary cache: data_o/glove/base.txt.bin
[OUT] 
[OUT] Timestamp: Thu Nov 27 14:35:06 2025
[OUT] 
[OUT] Command line arguments:
[OUT]   argv[0]: ./hng
[OUT]   argv[1]: --m
[OUT]   argv[2]: 60
[OUT]   argv[3]: --max_layer
[OUT]   argv[4]: 12
[OUT]   argv[5]: --efc
[OUT]   argv[6]: 888
[OUT]   argv[7]: --efs
[OUT]   argv[8]: 289
[OUT] 
[OUT] Configuration:
[OUT]   Base file: data_o/glove/base.txt
[OUT]   Query file: data_o/glove/query.txt
[OUT]   Truth file: data_o/glove/truth.txt
[OUT]   K: 10
[OUT]   M: 60
[OUT]   Max layer: 12
[OUT]   EFC: 888
[OUT]   EFS: 289
[OUT]   Threads: -1
[OUT]   Debug: -1
[OUT] 
[OUT] HNSW parameters set.
[OUT] 
[OUT] Loading base vectors...
[OUT] ✓ Base loaded in 2248.620368 ms
[ERR] Loaded queries from binary cache: data_o/glove/query.txt.bin
[OUT] 
[OUT] Loading query vectors...
[OUT] ✓ Queries loaded in 68.069577 ms
[ERR] Loaded truth from binary cache: data_o/glove/truth.txt.bin
[OUT] 
[OUT] Loading ground truth...
[OUT] ✓ Truth loaded in 68.971134 ms
[OUT] 
[OUT] Data Summary:
[OUT]   Dimension d=100, Base vectors=1183514, Queries=10000
[OUT] 
[OUT] 
[OUT] Building HNSW index...
[OUT] [Progress] 119001/1183514 (10.1%) Time: 26315.01 ms
[OUT] [Progress] 238001/1183514 (20.1%) Time: 116852.82 ms
[OUT] [Progress] 357001/1183514 (30.2%) Time: 252872.18 ms
[OUT] [Progress] 476001/1183514 (40.2%) Time: 404433.53 ms
[OUT] [Progress] 596001/1183514 (50.4%) Time: 564510.32 ms
[OUT] [Progress] 715001/1183514 (60.4%) Time: 743357.68 ms
[OUT] [Progress] 834001/1183514 (70.5%) Time: 930042.12 ms
[OUT] [Progress] 953001/1183514 (80.5%) Time: 1119437.31 ms
[OUT] [Progress] 1072001/1183514 (90.6%) Time: 1305726.27 ms
[OUT] [Timing] Parallel Build: 1459114.94 ms for 1183514 points.
[OUT] [FlatHNSW] Converted 1183514 nodes, L0 size: 559395 KB, Upper size: 2749 KB
[OUT] [Timing] Flat Conversion: 864.12 ms
[OUT] ✓ Index built.
[OUT]   build_time(local)=1557122.380655 ms
[OUT]   build_time(internal)=1459114.938689 ms
[OUT] 
[OUT] 
[OUT] ========== GRAPH QUALITY ==========
[OUT] 
[OUT]   num_nodes: 1183514
[OUT] 
[OUT]   max_level (entry point): 3
[OUT] 
[OUT]   actual_max_layer: 3
[OUT] 
[OUT]   avg_degree_l0: 63.522249
[OUT] 
[OUT]   avg_degree_upper: 0.152687
[OUT] 
[OUT] 
[OUT]   Layer Distribution:
[OUT] 
[OUT]     L0: 1183514 nodes (100.00%)
[OUT] 
[OUT]     L1: 19526 nodes (1.65%)
[OUT] 
[OUT]     L2: 306 nodes (0.03%)
[OUT] 
[OUT]     L3: 6 nodes (0.00%)
[OUT] 
[OUT] 
[OUT] 
[OUT] Executing queries...
[OUT] 
[OUT]   Processed 1000 queries
[OUT] 
[OUT]   Processed 2000 queries
[OUT] 
[OUT]   Processed 3000 queries
[OUT] 
[OUT]   Processed 4000 queries
[OUT] 
[OUT]   Processed 5000 queries
[OUT] 
[OUT]   Processed 6000 queries
[OUT] 
[OUT]   Processed 7000 queries
[OUT] 
[OUT]   Processed 8000 queries
[OUT] 
[OUT]   Processed 9000 queries
[OUT] 
[OUT]   Processed 10000 queries
[OUT] 
[OUT] 
[OUT] ========== RESULTS ==========
[OUT] 
[OUT] Total queries: 10000
[OUT] 
[OUT] Average recall@10: 0.972200
[OUT] 
[OUT] Average query time: 1.496051 ms
[OUT] 
[OUT] Total query time: 14960.508661 ms
[OUT] 
[OUT] 
[OUT] ========== DISTANCE STATISTICS ==========
[OUT] 
[OUT] Total queries reported by index: 10000
[OUT] 
[OUT] Total distance computations: 157633418
[OUT] 
[OUT] Average distance ops per query: 15763.341800
[OUT] 
[OUT] Last query distance ops: 12993
[OUT] 
[OUT] 
[OUT] ========== PERFORMANCE SUMMARY ==========
[OUT] 
[OUT] Data loading time: 2385.661079 ms
[OUT] 
[OUT] Index build time: 1459114.938689 ms
[OUT] 
[OUT] Query execution time: 14960.508661 ms
[OUT] 
[OUT] Total elapsed time: 1574468.550395 ms
[OUT] 
[OUT] 
[OUT] ========== EFFICIENCY METRICS ==========
[OUT] 
[OUT] Queries per second: 668.426470
[OUT] 
[OUT] Distance ops per second: 10536634.921440
[OUT] 
[OUT] 
[OUT] ========== END OF LOG ==========
[OUT] 
[OUT] Log saved to: Log/run_20251127_143506_519.log
[OUT] 

Return Code: 0
   [PARSED] Build=1459114.94ms, Query=1.4961ms, Recall=0.9722
   [RESULT] m=60 ml=12 efc=888  efs=289  | Rec=0.9722 Time=1.4961ms Build=1459114.94ms
   [SUCCESS] Logged to Log/trial_m60_ml12_efc888_efs289_20251127_143506.log
