   [START] m=47, efc=998, efs=1855
   [LOG] Log/trial_m47_efc998_efs1855_20251126_133208.log
   [RUN 1/1] Executing: ./hng --m 47 --efc 998 --efs 1855

============================================================
Trial: m=47, efc=998, efs=1855, Run 1/1
Timestamp: 2025-11-26T13:32:08.026600
Command: ./hng --m 47 --efc 998 --efs 1855
============================================================

[OUT] ========== HNSW Search Test ==========
[ERR] Loaded base from binary cache: data_o/glove/base.txt.bin
[OUT] 
[OUT] Timestamp: Wed Nov 26 13:32:08 2025
[OUT] 
[OUT] Command line arguments:
[OUT]   argv[0]: ./hng
[OUT]   argv[1]: --m
[OUT]   argv[2]: 47
[OUT]   argv[3]: --efc
[OUT]   argv[4]: 998
[OUT]   argv[5]: --efs
[OUT]   argv[6]: 1855
[OUT] 
[OUT] Configuration:
[OUT]   Base file: data_o/glove/base.txt
[OUT]   Query file: data_o/glove/query.txt
[OUT]   Truth file: data_o/glove/truth.txt
[OUT]   K: 10
[OUT]   M: 47
[OUT]   Max layer: -1
[OUT]   EFC: 998
[OUT]   EFS: 1855
[OUT]   Threads: -1
[OUT]   Debug: -1
[OUT] 
[OUT] HNSW parameters set.
[OUT] 
[OUT] Loading base vectors...
[OUT] ✓ Base loaded in 1888.674428 ms
[ERR] Loaded queries from binary cache: data_o/glove/query.txt.bin
[OUT] 
[OUT] Loading query vectors...
[OUT] ✓ Queries loaded in 63.375611 ms
[ERR] Loaded truth from binary cache: data_o/glove/truth.txt.bin
[OUT] 
[OUT] Loading ground truth...
[OUT] ✓ Truth loaded in 63.841400 ms
[OUT] 
[OUT] Data Summary:
[OUT]   Dimension d=100, Base vectors=1183514, Queries=10000
[OUT] 
[OUT] 
[OUT] Building HNSW index...
[OUT] [Progress] 125001/1183514 (10.6%) Time: 20520.65 ms
[OUT] [Progress] 244001/1183514 (20.6%) Time: 96057.44 ms
[OUT] [Progress] 363001/1183514 (30.7%) Time: 198115.39 ms
[OUT] [Progress] 482001/1183514 (40.7%) Time: 315722.89 ms
[OUT] [Progress] 601001/1183514 (50.8%) Time: 440436.28 ms
[OUT] [Progress] 721001/1183514 (60.9%) Time: 583092.34 ms
[OUT] [Progress] 840001/1183514 (71.0%) Time: 723780.43 ms
[OUT] [Progress] 959001/1183514 (81.0%) Time: 872462.29 ms
[OUT] [Progress] 1078001/1183514 (91.1%) Time: 1025622.76 ms
[OUT] [Timing] Parallel Build: 1141025.20 ms for 1183514 points.
[OUT] ✓ Index built.
[OUT]   build_time(local)=1145819.177575 ms
[OUT]   build_time(internal)=1141025.202417 ms
[OUT] 
[OUT] 
[OUT] Executing queries...
[OUT] 
[OUT]   Processed 1000 queries
[OUT] 
[OUT]   Processed 2000 queries
[OUT] 
[OUT]   Processed 3000 queries
[OUT] 
[OUT]   Processed 4000 queries
[OUT] 
[OUT]   Processed 5000 queries
[OUT] 
[OUT]   Processed 6000 queries
[OUT] 
[OUT]   Processed 7000 queries
[OUT] 
[OUT]   Processed 8000 queries
[OUT] 
[OUT]   Processed 9000 queries
[OUT] 
[OUT]   Processed 10000 queries
[OUT] 
[OUT] 
[OUT] ========== RESULTS ==========
[OUT] 
[OUT] Total queries: 10000
[OUT] 
[OUT] Average recall@10: 0.999050
[OUT] 
[OUT] Average query time: 10.064002 ms
[OUT] 
[OUT] Total query time: 100640.017687 ms
[OUT] 
[OUT] 
[OUT] ========== DISTANCE STATISTICS ==========
[OUT] 
[OUT] Total queries reported by index: 10000
[OUT] 
[OUT] Total distance computations: 765308313
[OUT] 
[OUT] Average distance ops per query: 76530.831300
[OUT] 
[OUT] Last query distance ops: 54474
[OUT] 
[OUT] 
[OUT] ========== PERFORMANCE SUMMARY ==========
[OUT] 
[OUT] Data loading time: 2015.891439 ms
[OUT] 
[OUT] Index build time: 1141025.202417 ms
[OUT] 
[OUT] Query execution time: 100640.017687 ms
[OUT] 
[OUT] Total elapsed time: 1248475.086701 ms
[OUT] 
[OUT] 
[OUT] ========== EFFICIENCY METRICS ==========
[OUT] 
[OUT] Queries per second: 99.364052
[OUT] 
[OUT] Distance ops per second: 7604413.538362
[OUT] 
[OUT] 
[OUT] ========== END OF LOG ==========
[OUT] 
[OUT] Log saved to: Log/run_20251126_133208_030.log
[OUT] 

Return Code: 0
   [PARSED] Build=1141025.20ms, Query=10.0640ms, Recall=0.9990
   [RESULT] m=47 efc=998  efs=1855 | Rec=0.9990 Time=10.0640ms Build=1141025.20ms
   [SUCCESS] Logged to Log/trial_m47_efc998_efs1855_20251126_133208.log
