   [START] m=18, ml=6, efc=196, efs=1516
   [LOG] Log/trial_m18_ml6_efc196_efs1516_20251127_020407.log
   [RUN 1/1] Executing: ./hng --m 18 --max_layer 6 --efc 196 --efs 1516

============================================================
Trial: m=18, ml=6, efc=196, efs=1516, Run 1/1
Timestamp: 2025-11-27T02:04:07.442473
Command: ./hng --m 18 --max_layer 6 --efc 196 --efs 1516
============================================================

[OUT] ========== HNSW Search Test ==========
[ERR] Loaded base from binary cache: data_o/glove/base.txt.bin
[OUT] 
[OUT] Timestamp: Thu Nov 27 02:04:07 2025
[OUT] 
[OUT] Command line arguments:
[OUT]   argv[0]: ./hng
[OUT]   argv[1]: --m
[OUT]   argv[2]: 18
[OUT]   argv[3]: --max_layer
[OUT]   argv[4]: 6
[OUT]   argv[5]: --efc
[OUT]   argv[6]: 196
[OUT]   argv[7]: --efs
[OUT]   argv[8]: 1516
[OUT] 
[OUT] Configuration:
[OUT]   Base file: data_o/glove/base.txt
[OUT]   Query file: data_o/glove/query.txt
[OUT]   Truth file: data_o/glove/truth.txt
[OUT]   K: 10
[OUT]   M: 18
[OUT]   Max layer: 6
[OUT]   EFC: 196
[OUT]   EFS: 1516
[OUT]   Threads: -1
[OUT]   Debug: -1
[OUT] 
[OUT] HNSW parameters set.
[OUT] 
[OUT] Loading base vectors...
[ERR] Loaded queries from binary cache: data_o/glove/query.txt.bin
[OUT] ✓ Base loaded in 2170.414830 ms
[OUT] 
[OUT] Loading query vectors...
[OUT] ✓ Queries loaded in 75.856125 ms
[ERR] Loaded truth from binary cache: data_o/glove/truth.txt.bin
[OUT] 
[OUT] Loading ground truth...
[OUT] ✓ Truth loaded in 73.670455 ms
[OUT] 
[OUT] Data Summary:
[OUT]   Dimension d=100, Base vectors=1183514, Queries=10000
[OUT] 
[OUT] 
[OUT] Building HNSW index...
[OUT] [Progress] 123001/1183514 (10.4%) Time: 4012.79 ms
[OUT] [Progress] 243001/1183514 (20.5%) Time: 14893.58 ms
[OUT] [Progress] 362001/1183514 (30.6%) Time: 29910.53 ms
[OUT] [Progress] 481001/1183514 (40.6%) Time: 45925.92 ms
[OUT] [Progress] 604001/1183514 (51.0%) Time: 61817.04 ms
[OUT] [Progress] 725001/1183514 (61.3%) Time: 78668.53 ms
[OUT] [Progress] 846001/1183514 (71.5%) Time: 97680.32 ms
[OUT] [Progress] 969001/1183514 (81.9%) Time: 115036.70 ms
[OUT] [Progress] 1088001/1183514 (91.9%) Time: 134551.21 ms
[OUT] [Timing] Parallel Build: 145950.51 ms for 1183514 points.
[OUT] [FlatHNSW] Converted 1183514 nodes, L0 size: 171054 KB, Upper size: 4850 KB
[OUT] [Timing] Flat Conversion: 263.57 ms
[OUT] ✓ Index built.
[OUT]   build_time(local)=155275.475729 ms
[OUT]   build_time(internal)=145950.511017 ms
[OUT] 
[OUT] 
[OUT] ========== GRAPH QUALITY ==========
[OUT] 
[OUT]   num_nodes: 1183514
[OUT] 
[OUT]   max_level (entry point): 4
[OUT] 
[OUT]   actual_max_layer: 4
[OUT] 
[OUT]   avg_degree_l0: 25.372093
[OUT] 
[OUT]   avg_degree_upper: 0.197888
[OUT] 
[OUT] 
[OUT]   Layer Distribution:
[OUT] 
[OUT]     L0: 1183514 nodes (100.00%)
[OUT] 
[OUT]     L1: 65761 nodes (5.56%)
[OUT] 
[OUT]     L2: 3793 nodes (0.32%)
[OUT] 
[OUT]     L3: 212 nodes (0.02%)
[OUT] 
[OUT]     L4: 16 nodes (0.00%)
[OUT] 
[OUT] 
[OUT] 
[OUT] Executing queries...
[OUT] 
[OUT]   Processed 1000 queries
[OUT] 
[OUT]   Processed 2000 queries
[OUT] 
[OUT]   Processed 3000 queries
[OUT] 
[OUT]   Processed 4000 queries
[OUT] 
[OUT]   Processed 5000 queries
[OUT] 
[OUT]   Processed 6000 queries
[OUT] 
[OUT]   Processed 7000 queries
[OUT] 
[OUT]   Processed 8000 queries
[OUT] 
[OUT]   Processed 9000 queries
[OUT] 
[OUT]   Processed 10000 queries
[OUT] 
[OUT] 
[OUT] ========== RESULTS ==========
[OUT] 
[OUT] Total queries: 10000
[OUT] 
[OUT] Average recall@10: 0.974280
[OUT] 
[OUT] Average query time: 4.264588 ms
[OUT] 
[OUT] Total query time: 42645.875562 ms
[OUT] 
[OUT] 
[OUT] ========== DISTANCE STATISTICS ==========
[OUT] 
[OUT] Total queries reported by index: 10000
[OUT] 
[OUT] Total distance computations: 262025456
[OUT] 
[OUT] Average distance ops per query: 26202.545600
[OUT] 
[OUT] Last query distance ops: 22342
[OUT] 
[OUT] 
[OUT] ========== PERFORMANCE SUMMARY ==========
[OUT] 
[OUT] Data loading time: 2319.941410 ms
[OUT] 
[OUT] Index build time: 145950.511017 ms
[OUT] 
[OUT] Query execution time: 42645.875562 ms
[OUT] 
[OUT] Total elapsed time: 200241.292701 ms
[OUT] 
[OUT] 
[OUT] ========== EFFICIENCY METRICS ==========
[OUT] 
[OUT] Queries per second: 234.489265
[OUT] 
[OUT] Distance ops per second: 6144215.649156
[OUT] 
[OUT] 
[OUT] ========== END OF LOG ==========
[OUT] 
[OUT] Log saved to: Log/run_20251127_020407_447.log
[OUT] 

Return Code: 0
   [PARSED] Build=145950.51ms, Query=4.2646ms, Recall=0.9743
   [RESULT] m=18 ml=6  efc=196  efs=1516 | Rec=0.9743 Time=4.2646ms Build=145950.51ms
   [SUCCESS] Logged to Log/trial_m18_ml6_efc196_efs1516_20251127_020407.log
