   [START] m=20, ml=10, efc=612, efs=1798
[OUT] ========== HNSW Search Test ==========
[OUT] 
[OUT] Timestamp: Thu Dec  4 00:26:54 2025
[OUT] 
[OUT] Command line arguments:
[OUT]   argv[0]: ./hng1
[OUT]   argv[1]: --m
[OUT]   argv[2]: 20
[OUT]   argv[3]: --max_layer
[OUT]   argv[4]: 10
[OUT]   argv[5]: --efc
[OUT]   argv[6]: 612
[OUT]   argv[7]: --efs
[OUT]   argv[8]: 1798
[OUT] 
[OUT] Configuration:
[OUT]   Base file: data_o/glove/base.txt
[OUT]   Query file: data_o/glove/query.txt
[OUT]   Truth file: data_o/glove/truth.txt
[OUT]   K: 10
[OUT]   M: 20
[OUT]   Max layer: 10
[OUT]   EFC: 612
[ERR] Loaded base from binary cache: data_o/glove/base.txt.bin
[OUT]   EFS: 1798
[OUT]   Threads: -1
[OUT]   Debug: -1
[OUT] 
[OUT] HNSW parameters set.
[OUT] 
[OUT] Ablation flags: csr=0, prefetch=0, simd=0, pruning=0, heap=0
[OUT] 
[OUT] Loading base vectors...
[OUT] ✓ Base loaded in 2098.033317 ms
[OUT] 
[OUT] Loading query vectors...
[ERR] Loaded queries from binary cache: data_o/glove/query.txt.bin
[OUT] ✓ Queries loaded in 67.593178 ms
[OUT] 
[OUT] Loading ground truth...
[ERR] Loaded truth from binary cache: data_o/glove/truth.txt.bin
[OUT] ✓ Truth loaded in 69.932702 ms
[OUT] 
[OUT] Data Summary:
[OUT]   Dimension d=100, Base vectors=1183514, Queries=10000
[OUT] 
[OUT] 
[OUT] Building HNSW index...
[OUT] [Cache] Loaded index from: cache/hnsw_n1183514_d100_M20_L10_efc612.idx
[OUT] [Cache] Load time: 3329.64 ms
[OUT] ✓ Index built.
[OUT]   build_time(local)=3334.380548 ms
[OUT]   build_time(internal)=3329.638440 ms
[OUT] 
[OUT] 
[OUT] ========== GRAPH QUALITY ==========
[OUT] 
[OUT]   num_nodes: 1183514
[OUT] 
[OUT]   max_level (entry point): 5
[OUT] 
[OUT]   actual_max_layer: 5
[OUT] 
[OUT]   avg_degree_l0: 35.180181
[OUT] 
[OUT]   avg_degree_upper: 0.164917
[OUT] 
[OUT] 
[OUT]   Layer Distribution:
[OUT] 
[OUT]     L0: 1183514 nodes (100.00%)
[OUT] 
[OUT]     L1: 58929 nodes (4.98%)
[OUT] 
[OUT]     L2: 2947 nodes (0.25%)
[OUT] 
[OUT]     L3: 143 nodes (0.01%)
[OUT] 
[OUT]     L4: 5 nodes (0.00%)
[OUT] 
[OUT]     L5: 1 nodes (0.00%)
[OUT] 
[OUT] 
[OUT] 
[OUT] Executing queries...
[OUT] 
[OUT]   Processed 1000 queries
[OUT] 
[OUT]   Processed 2000 queries
[OUT] 
[OUT]   Processed 3000 queries
[OUT] 
[OUT]   Processed 4000 queries
[OUT] 
[OUT]   Processed 5000 queries
[OUT] 
[OUT]   Processed 6000 queries
[OUT] 
[OUT]   Processed 7000 queries
[OUT] 
[OUT]   Processed 8000 queries
[OUT] 
[OUT]   Processed 9000 queries
[OUT] 
[OUT]   Processed 10000 queries
[OUT] 
[OUT] 
[OUT] ========== RESULTS ==========
[OUT] 
[OUT] Total queries: 10000
[OUT] 
[OUT] Average recall@10: 0.989960
[OUT] 
[OUT] Average query time: 3.508766 ms
[OUT] 
[OUT] Total query time: 35087.656828 ms
[OUT] 
[OUT] 
[OUT] ========== DISTANCE STATISTICS ==========
[OUT] 
[OUT] Total queries reported by index: 10000
[OUT] 
[OUT] Total distance computations: 390826274
[OUT] 
[OUT] Average distance ops per query: 39082.627400
[OUT] 
[OUT] Last query distance ops: 31857
[OUT] 
[OUT] 
[OUT] ========== PERFORMANCE SUMMARY ==========
[OUT] 
[OUT] Data loading time: 2235.559197 ms
[OUT] 
[OUT] Index build time: 3329.638440 ms
[OUT] 
[OUT] Query execution time: 35087.656828 ms
[OUT] 
[OUT] Total elapsed time: 40657.596573 ms
[OUT] 
[OUT] 
[OUT] ========== EFFICIENCY METRICS ==========
[OUT] 
[OUT] Queries per second: 285.000507
[OUT] 
[OUT] Distance ops per second: 11138568.640130
[OUT] 
[OUT] 
[OUT] ========== END OF LOG ==========
[OUT] 
[OUT] Log saved to: Log/run_20251204_002654_806.log
[OUT] 
   [RESULT] Rec=0.9900 Time=3.5088ms
