   [START] m=33, ml=13, efc=82, efs=987
   [LOG] Log/trial_m33_ml13_efc82_efs987_20251127_124454.log
   [RUN 1/1] Executing: ./hng --m 33 --max_layer 13 --efc 82 --efs 987

============================================================
Trial: m=33, ml=13, efc=82, efs=987, Run 1/1
Timestamp: 2025-11-27T12:44:54.682544
Command: ./hng --m 33 --max_layer 13 --efc 82 --efs 987
============================================================

[OUT] ========== HNSW Search Test ==========
[ERR] Loaded base from binary cache: data_o/glove/base.txt.bin
[OUT] 
[OUT] Timestamp: Thu Nov 27 12:44:54 2025
[OUT] 
[OUT] Command line arguments:
[OUT]   argv[0]: ./hng
[OUT]   argv[1]: --m
[OUT]   argv[2]: 33
[OUT]   argv[3]: --max_layer
[OUT]   argv[4]: 13
[OUT]   argv[5]: --efc
[OUT]   argv[6]: 82
[OUT]   argv[7]: --efs
[OUT]   argv[8]: 987
[OUT] 
[OUT] Configuration:
[OUT]   Base file: data_o/glove/base.txt
[OUT]   Query file: data_o/glove/query.txt
[OUT]   Truth file: data_o/glove/truth.txt
[OUT]   K: 10
[OUT]   M: 33
[OUT]   Max layer: 13
[OUT]   EFC: 82
[OUT]   EFS: 987
[OUT]   Threads: -1
[OUT]   Debug: -1
[OUT] 
[OUT] HNSW parameters set.
[OUT] 
[OUT] Loading base vectors...
[ERR] Loaded queries from binary cache: data_o/glove/query.txt.bin
[OUT] ✓ Base loaded in 2213.420750 ms
[OUT] 
[OUT] Loading query vectors...
[ERR] Loaded truth from binary cache: data_o/glove/truth.txt.bin
[OUT] ✓ Queries loaded in 76.617976 ms
[OUT] 
[OUT] Loading ground truth...
[OUT] ✓ Truth loaded in 72.933992 ms
[OUT] 
[OUT] Data Summary:
[OUT]   Dimension d=100, Base vectors=1183514, Queries=10000
[OUT] 
[OUT] 
[OUT] Building HNSW index...
[OUT] [Progress] 128001/1183514 (10.8%) Time: 2018.85 ms
[OUT] [Progress] 249001/1183514 (21.0%) Time: 7521.46 ms
[OUT] [Progress] 376001/1183514 (31.8%) Time: 14525.21 ms
[OUT] [Progress] 500001/1183514 (42.2%) Time: 20052.91 ms
[OUT] [Progress] 621001/1183514 (52.5%) Time: 27558.37 ms
[OUT] [Progress] 741001/1183514 (62.6%) Time: 35566.26 ms
[OUT] [Progress] 863001/1183514 (72.9%) Time: 44077.14 ms
[OUT] [Progress] 982001/1183514 (83.0%) Time: 50084.69 ms
[OUT] [Progress] 1105001/1183514 (93.4%) Time: 58602.60 ms
[OUT] [Timing] Parallel Build: 63202.02 ms for 1183514 points.
[OUT] [FlatHNSW] Converted 1183514 nodes, L0 size: 309747 KB, Upper size: 2843 KB
[OUT] [Timing] Flat Conversion: 717.80 ms
[OUT] ✓ Index built.
[OUT]   build_time(local)=69429.485837 ms
[OUT]   build_time(internal)=63202.022104 ms
[OUT] 
[OUT] 
[OUT] ========== GRAPH QUALITY ==========
[OUT] 
[OUT]   num_nodes: 1183514
[OUT] 
[OUT]   max_level (entry point): 4
[OUT] 
[OUT]   actual_max_layer: 4
[OUT] 
[OUT]   avg_degree_l0: 18.318545
[OUT] 
[OUT]   avg_degree_upper: 0.132699
[OUT] 
[OUT] 
[OUT]   Layer Distribution:
[OUT] 
[OUT]     L0: 1183514 nodes (100.00%)
[OUT] 
[OUT]     L1: 36106 nodes (3.05%)
[OUT] 
[OUT]     L2: 1078 nodes (0.09%)
[OUT] 
[OUT]     L3: 26 nodes (0.00%)
[OUT] 
[OUT]     L4: 2 nodes (0.00%)
[OUT] 
[OUT] 
[OUT] 
[OUT] Executing queries...
[OUT] 
[OUT]   Processed 1000 queries
[OUT] 
[OUT]   Processed 2000 queries
[OUT] 
[OUT]   Processed 3000 queries
[OUT] 
[OUT]   Processed 4000 queries
[OUT] 
[OUT]   Processed 5000 queries
[OUT] 
[OUT]   Processed 6000 queries
[OUT] 
[OUT]   Processed 7000 queries
[OUT] 
[OUT]   Processed 8000 queries
[OUT] 
[OUT]   Processed 9000 queries
[OUT] 
[OUT]   Processed 10000 queries
[OUT] 
[OUT] 
[OUT] ========== RESULTS ==========
[OUT] 
[OUT] Total queries: 10000
[OUT] 
[OUT] Average recall@10: 0.949490
[OUT] 
[OUT] Average query time: 2.545381 ms
[OUT] 
[OUT] Total query time: 25453.808070 ms
[OUT] 
[OUT] 
[OUT] ========== DISTANCE STATISTICS ==========
[OUT] 
[OUT] Total queries reported by index: 10000
[OUT] 
[OUT] Total distance computations: 162341530
[OUT] 
[OUT] Average distance ops per query: 16234.153000
[OUT] 
[OUT] Last query distance ops: 14750
[OUT] 
[OUT] 
[OUT] ========== PERFORMANCE SUMMARY ==========
[OUT] 
[OUT] Data loading time: 2362.972718 ms
[OUT] 
[OUT] Index build time: 63202.022104 ms
[OUT] 
[OUT] Query execution time: 25453.808070 ms
[OUT] 
[OUT] Total elapsed time: 97246.266625 ms
[OUT] 
[OUT] 
[OUT] ========== EFFICIENCY METRICS ==========
[OUT] 
[OUT] Queries per second: 392.868524
[OUT] 
[OUT] Distance ops per second: 6377887.723265
[OUT] 
[OUT] 
[OUT] ========== END OF LOG ==========
[OUT] 
[OUT] Log saved to: Log/run_20251127_124454_686.log
[OUT] 

Return Code: 0
   [PARSED] Build=63202.02ms, Query=2.5454ms, Recall=0.9495
   [RESULT] m=33 ml=13 efc=82   efs=987  | Rec=0.9495 Time=2.5454ms Build=63202.02ms
   [SUCCESS] Logged to Log/trial_m33_ml13_efc82_efs987_20251127_124454.log
