   [START] m=56, ml=19, efc=623, efs=615
   [LOG] Log/trial_m56_ml19_efc623_efs615_20251127_232135.log
   [RUN 1/1] Executing: ./hng --m 56 --max_layer 19 --efc 623 --efs 615

============================================================
Trial: m=56, ml=19, efc=623, efs=615, Run 1/1
Timestamp: 2025-11-27T23:21:35.558905
Command: ./hng --m 56 --max_layer 19 --efc 623 --efs 615
============================================================

[OUT] ========== HNSW Search Test ==========
[ERR] Loaded base from binary cache: data_o/glove/base.txt.bin
[OUT] 
[OUT] Timestamp: Thu Nov 27 23:21:35 2025
[OUT] 
[OUT] Command line arguments:
[OUT]   argv[0]: ./hng
[OUT]   argv[1]: --m
[OUT]   argv[2]: 56
[OUT]   argv[3]: --max_layer
[OUT]   argv[4]: 19
[OUT]   argv[5]: --efc
[OUT]   argv[6]: 623
[OUT]   argv[7]: --efs
[OUT]   argv[8]: 615
[OUT] 
[OUT] Configuration:
[OUT]   Base file: data_o/glove/base.txt
[OUT]   Query file: data_o/glove/query.txt
[OUT]   Truth file: data_o/glove/truth.txt
[OUT]   K: 10
[OUT]   M: 56
[OUT]   Max layer: 19
[OUT]   EFC: 623
[OUT]   EFS: 615
[OUT]   Threads: -1
[OUT]   Debug: -1
[OUT] 
[OUT] HNSW parameters set.
[OUT] 
[OUT] Loading base vectors...
[OUT] ✓ Base loaded in 2401.112533 ms
[ERR] Loaded queries from binary cache: data_o/glove/query.txt.bin
[OUT] 
[OUT] Loading query vectors...
[OUT] ✓ Queries loaded in 75.410597 ms
[ERR] Loaded truth from binary cache: data_o/glove/truth.txt.bin
[OUT] 
[OUT] Loading ground truth...
[OUT] ✓ Truth loaded in 78.729736 ms
[OUT] 
[OUT] Data Summary:
[OUT]   Dimension d=100, Base vectors=1183514, Queries=10000
[OUT] 
[OUT] 
[OUT] Building HNSW index...
[OUT] [Progress] 121001/1183514 (10.2%) Time: 21039.68 ms
[OUT] [Progress] 240001/1183514 (20.3%) Time: 87316.14 ms
[OUT] [Progress] 359001/1183514 (30.3%) Time: 177057.37 ms
[OUT] [Progress] 478001/1183514 (40.4%) Time: 287672.53 ms
[OUT] [Progress] 597001/1183514 (50.4%) Time: 400325.18 ms
[OUT] [Progress] 716001/1183514 (60.5%) Time: 515961.60 ms
[OUT] [Progress] 836001/1183514 (70.6%) Time: 634456.37 ms
[OUT] [Progress] 955001/1183514 (80.7%) Time: 760014.34 ms
[OUT] [Progress] 1074001/1183514 (90.7%) Time: 882613.57 ms
[OUT] [Timing] Parallel Build: 985182.18 ms for 1183514 points.
[OUT] [FlatHNSW] Converted 1183514 nodes, L0 size: 522410 KB, Upper size: 2920 KB
[OUT] [Timing] Flat Conversion: 1077.60 ms
[OUT] ✓ Index built.
[OUT]   build_time(local)=1063432.191272 ms
[OUT]   build_time(internal)=985182.176081 ms
[OUT] 
[OUT] 
[OUT] ========== GRAPH QUALITY ==========
[OUT] 
[OUT]   num_nodes: 1183514
[OUT] 
[OUT]   max_level (entry point): 3
[OUT] 
[OUT]   actual_max_layer: 3
[OUT] 
[OUT]   avg_degree_l0: 55.895368
[OUT] 
[OUT]   avg_degree_upper: 0.172170
[OUT] 
[OUT] 
[OUT]   Layer Distribution:
[OUT] 
[OUT]     L0: 1183514 nodes (100.00%)
[OUT] 
[OUT]     L1: 21128 nodes (1.79%)
[OUT] 
[OUT]     L2: 368 nodes (0.03%)
[OUT] 
[OUT]     L3: 6 nodes (0.00%)
[OUT] 
[OUT] 
[OUT] 
[OUT] Executing queries...
[OUT] 
[OUT]   Processed 1000 queries
[OUT] 
[OUT]   Processed 2000 queries
[OUT] 
[OUT]   Processed 3000 queries
[OUT] 
[OUT]   Processed 4000 queries
[OUT] 
[OUT]   Processed 5000 queries
[OUT] 
[OUT]   Processed 6000 queries
[OUT] 
[OUT]   Processed 7000 queries
[OUT] 
[OUT]   Processed 8000 queries
[OUT] 
[OUT]   Processed 9000 queries
[OUT] 
[OUT]   Processed 10000 queries
[OUT] 
[OUT] 
[OUT] ========== RESULTS ==========
[OUT] 
[OUT] Total queries: 10000
[OUT] 
[OUT] Average recall@10: 0.989380
[OUT] 
[OUT] Average query time: 3.057919 ms
[OUT] 
[OUT] Total query time: 30579.188050 ms
[OUT] 
[OUT] 
[OUT] ========== DISTANCE STATISTICS ==========
[OUT] 
[OUT] Total queries reported by index: 10000
[OUT] 
[OUT] Total distance computations: 272444632
[OUT] 
[OUT] Average distance ops per query: 27244.463200
[OUT] 
[OUT] Last query distance ops: 20861
[OUT] 
[OUT] 
[OUT] ========== PERFORMANCE SUMMARY ==========
[OUT] 
[OUT] Data loading time: 2555.252866 ms
[OUT] 
[OUT] Index build time: 985182.176081 ms
[OUT] 
[OUT] Query execution time: 30579.188050 ms
[OUT] 
[OUT] Total elapsed time: 1096566.632188 ms
[OUT] 
[OUT] 
[OUT] ========== EFFICIENCY METRICS ==========
[OUT] 
[OUT] Queries per second: 327.019801
[OUT] 
[OUT] Distance ops per second: 8909478.942166
[OUT] 
[OUT] 
[OUT] ========== END OF LOG ==========
[OUT] 
[OUT] Log saved to: Log/run_20251127_232135_564.log
[OUT] 

Return Code: 0
   [PARSED] Build=985182.18ms, Query=3.0579ms, Recall=0.9894
   [RESULT] m=56 ml=19 efc=623  efs=615  | Rec=0.9894 Time=3.0579ms Build=985182.18ms
   [SUCCESS] Logged to Log/trial_m56_ml19_efc623_efs615_20251127_232135.log
