   [START] m=38, efc=432, efs=298
   [LOG] Log/trial_m38_efc432_efs298_20251126_114530.log
   [RUN 1/1] Executing: ./hng --m 38 --efc 432 --efs 298

============================================================
Trial: m=38, efc=432, efs=298, Run 1/1
Timestamp: 2025-11-26T11:45:30.411901
Command: ./hng --m 38 --efc 432 --efs 298
============================================================

[OUT] ========== HNSW Search Test ==========
[ERR] Loaded base from binary cache: data_o/glove/base.txt.bin
[OUT] 
[OUT] Timestamp: Wed Nov 26 11:45:30 2025
[OUT] 
[OUT] Command line arguments:
[OUT]   argv[0]: ./hng
[OUT]   argv[1]: --m
[OUT]   argv[2]: 38
[OUT]   argv[3]: --efc
[OUT]   argv[4]: 432
[OUT]   argv[5]: --efs
[OUT]   argv[6]: 298
[OUT] 
[OUT] Configuration:
[OUT]   Base file: data_o/glove/base.txt
[OUT]   Query file: data_o/glove/query.txt
[OUT]   Truth file: data_o/glove/truth.txt
[OUT]   K: 10
[OUT]   M: 38
[OUT]   Max layer: -1
[OUT]   EFC: 432
[OUT]   EFS: 298
[OUT]   Threads: -1
[OUT]   Debug: -1
[OUT] 
[OUT] HNSW parameters set.
[OUT] 
[OUT] Loading base vectors...
[OUT] ✓ Base loaded in 7559.061961 ms
[ERR] Loaded queries from binary cache: data_o/glove/query.txt.bin
[OUT] 
[OUT] Loading query vectors...
[OUT] ✓ Queries loaded in 110.755119 ms
[ERR] Loaded truth from binary cache: data_o/glove/truth.txt.bin
[OUT] 
[OUT] Loading ground truth...
