   [START] m=43, efc=695, efs=1783
   [LOG] Log/trial_m43_efc695_efs1783_20251125_231552.log
   [RUN 1/1] Executing: ./hng --m 43 --efc 695 --efs 1783

============================================================
Trial: m=43, efc=695, efs=1783, Run 1/1
Timestamp: 2025-11-25T23:15:52.971030
Command: ./hng --m 43 --efc 695 --efs 1783
============================================================

[OUT] ========== HNSW Search Test ==========
[ERR] Loaded base from binary cache: data_o/glove/base.txt.bin
[OUT] 
[OUT] Timestamp: Tue Nov 25 23:15:52 2025
[OUT] 
[OUT] Command line arguments:
[OUT]   argv[0]: ./hng
[OUT]   argv[1]: --m
[OUT]   argv[2]: 43
[OUT]   argv[3]: --efc
[OUT]   argv[4]: 695
[OUT]   argv[5]: --efs
[OUT]   argv[6]: 1783
[OUT] 
[OUT] Configuration:
[OUT]   Base file: data_o/glove/base.txt
[OUT]   Query file: data_o/glove/query.txt
[OUT]   Truth file: data_o/glove/truth.txt
[OUT]   K: 10
[OUT]   M: 43
[OUT]   Max layer: -1
[OUT]   EFC: 695
[OUT]   EFS: 1783
[OUT]   Threads: -1
[OUT]   Debug: -1
[OUT] 
[OUT] HNSW parameters set.
[OUT] 
[OUT] Loading base vectors...
[OUT] ✓ Base loaded in 3588.127892 ms
[ERR] Loaded queries from binary cache: data_o/glove/query.txt.bin
[OUT] 
[OUT] Loading query vectors...
[OUT] ✓ Queries loaded in 81.686497 ms
[ERR] Loaded truth from binary cache: data_o/glove/truth.txt.bin
[OUT] 
[OUT] Loading ground truth...
[OUT] ✓ Truth loaded in 77.590245 ms
[OUT] 
[OUT] Data Summary:
[OUT]   Dimension d=100, Base vectors=1183514, Queries=10000
[OUT] 
[OUT] 
[OUT] Building HNSW index...
[OUT] [Progress] 119001/1183514 (10.1%) Time: 13010.39 ms
[OUT] [Progress] 240001/1183514 (20.3%) Time: 57972.92 ms
[OUT] [Progress] 359001/1183514 (30.3%) Time: 124377.88 ms
[OUT] [Progress] 478001/1183514 (40.4%) Time: 203576.95 ms
[OUT] [Progress] 597001/1183514 (50.4%) Time: 286706.19 ms
[OUT] [Progress] 717001/1183514 (60.6%) Time: 373000.17 ms
[OUT] [Progress] 836001/1183514 (70.6%) Time: 462923.92 ms
[OUT] [Progress] 955001/1183514 (80.7%) Time: 558298.32 ms
[OUT] [Progress] 1074001/1183514 (90.7%) Time: 657689.60 ms
[OUT] [Timing] Parallel Build: 741280.34 ms for 1183514 points.
[OUT] ✓ Index built.
[OUT]   build_time(local)=689432.984631 ms
[OUT]   build_time(internal)=741280.335454 ms
[OUT] 
[OUT] 
[OUT] Executing queries...
[OUT] 
[OUT]   Processed 1000 queries
[OUT] 
[OUT]   Processed 2000 queries
[OUT] 
[OUT]   Processed 3000 queries
[OUT] 
[OUT]   Processed 4000 queries
[OUT] 
[OUT]   Processed 5000 queries
[OUT] 
[OUT]   Processed 6000 queries
[OUT] 
[OUT]   Processed 7000 queries
[OUT] 
[OUT]   Processed 8000 queries
[OUT] 
[OUT]   Processed 9000 queries
[OUT] 
[OUT]   Processed 10000 queries
[OUT] 
[OUT] 
[OUT] ========== RESULTS ==========
[OUT] 
[OUT] Total queries: 10000
[OUT] 
[OUT] Average recall@10: 0.998390
[OUT] 
[OUT] Average query time: 9.019099 ms
[OUT] 
[OUT] Total query time: 90190.988010 ms
[OUT] 
[OUT] 
[OUT] ========== DISTANCE STATISTICS ==========
[OUT] 
[OUT] Total queries reported by index: 10000
[OUT] 
[OUT] Total distance computations: 660409715
[OUT] 
[OUT] Average distance ops per query: 66040.971500
[OUT] 
[OUT] Last query distance ops: 47458
[OUT] 
[OUT] 
[OUT] ========== PERFORMANCE SUMMARY ==========
[OUT] 
[OUT] Data loading time: 3747.404634 ms
[OUT] 
[OUT] Index build time: 741280.335454 ms
[OUT] 
[OUT] Query execution time: 90190.988010 ms
[OUT] 
[OUT] Total elapsed time: 783371.377275 ms
[OUT] 
[OUT] 
[OUT] ========== EFFICIENCY METRICS ==========
[OUT] 
[OUT] Queries per second: 110.875823
[OUT] 
[OUT] Distance ops per second: 7322347.050093
[OUT] 
[OUT] 
[OUT] ========== END OF LOG ==========
[OUT] 
[OUT] Log saved to: Log/run_20251125_231552_986.log
[OUT] 

Return Code: 0
   [PARSED] Build=741280.34ms, Query=9.0191ms, Recall=0.9984
   [RESULT] m=43 efc=695  efs=1783 | Rec=0.9984 Time=9.0191ms Build=741280.34ms
   [SUCCESS] Logged to Log/trial_m43_efc695_efs1783_20251125_231552.log
