   [START] m=52, ml=11, efc=871, efs=788
   [LOG] Log/trial_m52_ml11_efc871_efs788_20251127_110611.log
   [RUN 1/1] Executing: ./hng --m 52 --max_layer 11 --efc 871 --efs 788

============================================================
Trial: m=52, ml=11, efc=871, efs=788, Run 1/1
Timestamp: 2025-11-27T11:06:11.831023
Command: ./hng --m 52 --max_layer 11 --efc 871 --efs 788
============================================================

[OUT] ========== HNSW Search Test ==========
[ERR] Loaded base from binary cache: data_o/glove/base.txt.bin
[OUT] 
[OUT] Timestamp: Thu Nov 27 11:06:11 2025
[OUT] 
[OUT] Command line arguments:
[OUT]   argv[0]: ./hng
[OUT]   argv[1]: --m
[OUT]   argv[2]: 52
[OUT]   argv[3]: --max_layer
[OUT]   argv[4]: 11
[OUT]   argv[5]: --efc
[OUT]   argv[6]: 871
[OUT]   argv[7]: --efs
[OUT]   argv[8]: 788
[OUT] 
[OUT] Configuration:
[OUT]   Base file: data_o/glove/base.txt
[OUT]   Query file: data_o/glove/query.txt
[OUT]   Truth file: data_o/glove/truth.txt
[OUT]   K: 10
[OUT]   M: 52
[OUT]   Max layer: 11
[OUT]   EFC: 871
[OUT]   EFS: 788
[OUT]   Threads: -1
[OUT]   Debug: -1
[OUT] 
[OUT] HNSW parameters set.
[OUT] 
[OUT] Loading base vectors...
[OUT] ✓ Base loaded in 2173.432263 ms
[ERR] Loaded queries from binary cache: data_o/glove/query.txt.bin
[OUT] 
[OUT] Loading query vectors...
[OUT] ✓ Queries loaded in 67.826150 ms
[ERR] Loaded truth from binary cache: data_o/glove/truth.txt.bin
[OUT] 
[OUT] Loading ground truth...
[OUT] ✓ Truth loaded in 67.968543 ms
[OUT] 
[OUT] Data Summary:
[OUT]   Dimension d=100, Base vectors=1183514, Queries=10000
[OUT] 
[OUT] 
[OUT] Building HNSW index...
[OUT] [Progress] 119001/1183514 (10.1%) Time: 25785.40 ms
[OUT] [Progress] 238001/1183514 (20.1%) Time: 116976.20 ms
[OUT] [Progress] 357001/1183514 (30.2%) Time: 240709.89 ms
[OUT] [Progress] 476001/1183514 (40.2%) Time: 394958.71 ms
[OUT] [Progress] 595001/1183514 (50.3%) Time: 548617.18 ms
[OUT] [Progress] 714001/1183514 (60.3%) Time: 715428.37 ms
[OUT] [Progress] 833001/1183514 (70.4%) Time: 884757.99 ms
[OUT] [Progress] 952001/1183514 (80.4%) Time: 1063178.43 ms
[OUT] [Progress] 1071001/1183514 (90.5%) Time: 1247660.79 ms
[OUT] [Timing] Parallel Build: 1394293.03 ms for 1183514 points.
[OUT] [FlatHNSW] Converted 1183514 nodes, L0 size: 485425 KB, Upper size: 3285 KB
[OUT] [Timing] Flat Conversion: 1178.80 ms
[OUT] ✓ Index built.
[OUT]   build_time(local)=1502664.584594 ms
[OUT]   build_time(internal)=1394293.029428 ms
[OUT] 
[OUT] 
[OUT] ========== GRAPH QUALITY ==========
[OUT] 
[OUT]   num_nodes: 1183514
[OUT] 
[OUT]   max_level (entry point): 3
[OUT] 
[OUT]   actual_max_layer: 3
[OUT] 
[OUT]   avg_degree_l0: 62.247610
[OUT] 
[OUT]   avg_degree_upper: 0.156305
[OUT] 
[OUT] 
[OUT]   Layer Distribution:
[OUT] 
[OUT]     L0: 1183514 nodes (100.00%)
[OUT] 
[OUT]     L1: 22941 nodes (1.94%)
[OUT] 
[OUT]     L2: 452 nodes (0.04%)
[OUT] 
[OUT]     L3: 10 nodes (0.00%)
[OUT] 
[OUT] 
[OUT] 
[OUT] Executing queries...
[OUT] 
[OUT]   Processed 1000 queries
[OUT] 
[OUT]   Processed 2000 queries
[OUT] 
[OUT]   Processed 3000 queries
[OUT] 
[OUT]   Processed 4000 queries
[OUT] 
[OUT]   Processed 5000 queries
[OUT] 
[OUT]   Processed 6000 queries
[OUT] 
[OUT]   Processed 7000 queries
[OUT] 
[OUT]   Processed 8000 queries
[OUT] 
[OUT]   Processed 9000 queries
[OUT] 
[OUT]   Processed 10000 queries
[OUT] 
[OUT] 
[OUT] ========== RESULTS ==========
[OUT] 
[OUT] Total queries: 10000
[OUT] 
[OUT] Average recall@10: 0.994480
[OUT] 
[OUT] Average query time: 4.088333 ms
[OUT] 
[OUT] Total query time: 40883.332080 ms
[OUT] 
[OUT] 
[OUT] ========== DISTANCE STATISTICS ==========
[OUT] 
[OUT] Total queries reported by index: 10000
[OUT] 
[OUT] Total distance computations: 368490332
[OUT] 
[OUT] Average distance ops per query: 36849.033200
[OUT] 
[OUT] Last query distance ops: 27835
[OUT] 
[OUT] 
[OUT] ========== PERFORMANCE SUMMARY ==========
[OUT] 
[OUT] Data loading time: 2309.226956 ms
[OUT] 
[OUT] Index build time: 1394293.029428 ms
[OUT] 
[OUT] Query execution time: 40883.332080 ms
[OUT] 
[OUT] Total elapsed time: 1545857.143630 ms
[OUT] 
[OUT] 
[OUT] ========== EFFICIENCY METRICS ==========
[OUT] 
[OUT] Queries per second: 244.598458
[OUT] 
[OUT] Distance ops per second: 9013216.713328
[OUT] 
[OUT] 
[OUT] ========== END OF LOG ==========
[OUT] 
[OUT] Log saved to: Log/run_20251127_110611_835.log
[OUT] 

Return Code: 0
   [PARSED] Build=1394293.03ms, Query=4.0883ms, Recall=0.9945
   [RESULT] m=52 ml=11 efc=871  efs=788  | Rec=0.9945 Time=4.0883ms Build=1394293.03ms
   [SUCCESS] Logged to Log/trial_m52_ml11_efc871_efs788_20251127_110611.log
