   [START] m=34, efc=722, efs=1032
   [LOG] Log/trial_m34_efc722_efs1032_20251125_200348.log
   [RUN 1/1] Executing: ./hng --m 34 --efc 722 --efs 1032

============================================================
Trial: m=34, efc=722, efs=1032, Run 1/1
Timestamp: 2025-11-25T20:03:48.391166
Command: ./hng --m 34 --efc 722 --efs 1032
============================================================

[OUT] ========== HNSW Search Test ==========
[ERR] Loaded base from binary cache: data_o/glove/base.txt.bin
[OUT] 
[OUT] Timestamp: Tue Nov 25 20:03:48 2025
[OUT] 
[OUT] Command line arguments:
[OUT]   argv[0]: ./hng
[OUT]   argv[1]: --m
[OUT]   argv[2]: 34
[OUT]   argv[3]: --efc
[OUT]   argv[4]: 722
[OUT]   argv[5]: --efs
[OUT]   argv[6]: 1032
[OUT] 
[OUT] Configuration:
[OUT]   Base file: data_o/glove/base.txt
[OUT]   Query file: data_o/glove/query.txt
[OUT]   Truth file: data_o/glove/truth.txt
[OUT]   K: 10
[OUT]   M: 34
[OUT]   Max layer: -1
[OUT]   EFC: 722
[OUT]   EFS: 1032
[OUT]   Threads: -1
[OUT]   Debug: -1
[OUT] 
[OUT] HNSW parameters set.
[OUT] 
[OUT] Loading base vectors...
[OUT] ✓ Base loaded in 3313.428482 ms
[ERR] Loaded queries from binary cache: data_o/glove/query.txt.bin
[OUT] 
[OUT] Loading query vectors...
[OUT] ✓ Queries loaded in 67.150818 ms
[ERR] Loaded truth from binary cache: data_o/glove/truth.txt.bin
[OUT] 
[OUT] Loading ground truth...
[OUT] ✓ Truth loaded in 61.824048 ms
[OUT] 
[OUT] Data Summary:
[OUT]   Dimension d=100, Base vectors=1183514, Queries=10000
[OUT] 
[OUT] 
[OUT] Building HNSW index...
[OUT] [Progress] 122001/1183514 (10.3%) Time: 14013.57 ms
[OUT] [Progress] 242001/1183514 (20.4%) Time: 64896.78 ms
[OUT] [Progress] 361001/1183514 (30.5%) Time: 128363.01 ms
[OUT] [Progress] 480001/1183514 (40.6%) Time: 206690.89 ms
[OUT] [Progress] 599001/1183514 (50.6%) Time: 283603.27 ms
[OUT] [Progress] 718001/1183514 (60.7%) Time: 365012.41 ms
[OUT] [Progress] 837001/1183514 (70.7%) Time: 449922.21 ms
[OUT] [Progress] 956001/1183514 (80.8%) Time: 542651.10 ms
[OUT] [Progress] 1076001/1183514 (90.9%) Time: 630552.75 ms
[OUT] [Timing] Parallel Build: 702452.09 ms for 1183514 points.
[OUT] ✓ Index built.
[OUT]   build_time(local)=646172.200696 ms
[OUT]   build_time(internal)=702452.091739 ms
[OUT] 
[OUT] 
[OUT] Executing queries...
[OUT] 
[OUT]   Processed 1000 queries
[OUT] 
[OUT]   Processed 2000 queries
[OUT] 
[OUT]   Processed 3000 queries
[OUT] 
[OUT]   Processed 4000 queries
[OUT] 
[OUT]   Processed 5000 queries
[OUT] 
[OUT]   Processed 6000 queries
[OUT] 
[OUT]   Processed 7000 queries
[OUT] 
[OUT]   Processed 8000 queries
[OUT] 
[OUT]   Processed 9000 queries
[OUT] 
[OUT]   Processed 10000 queries
[OUT] 
[OUT] 
[OUT] ========== RESULTS ==========
[OUT] 
[OUT] Total queries: 10000
[OUT] 
[OUT] Average recall@10: 0.993900
[OUT] 
[OUT] Average query time: 4.384410 ms
[OUT] 
[OUT] Total query time: 43844.096912 ms
[OUT] 
[OUT] 
[OUT] ========== DISTANCE STATISTICS ==========
[OUT] 
[OUT] Total queries reported by index: 10000
[OUT] 
[OUT] Total distance computations: 369619997
[OUT] 
[OUT] Average distance ops per query: 36961.999700
[OUT] 
[OUT] Last query distance ops: 29613
[OUT] 
[OUT] 
[OUT] ========== PERFORMANCE SUMMARY ==========
[OUT] 
[OUT] Data loading time: 3442.403348 ms
[OUT] 
[OUT] Index build time: 702452.091739 ms
[OUT] 
[OUT] Query execution time: 43844.096912 ms
[OUT] 
[OUT] Total elapsed time: 693458.700956 ms
[OUT] 
[OUT] 
[OUT] ========== EFFICIENCY METRICS ==========
[OUT] 
[OUT] Queries per second: 228.080875
[OUT] 
[OUT] Distance ops per second: 8430325.244054
[OUT] 
[OUT] 
[OUT] ========== END OF LOG ==========
[OUT] 
[OUT] Log saved to: Log/run_20251125_200348_403.log
[OUT] 

Return Code: 0
   [PARSED] Build=702452.09ms, Query=4.3844ms, Recall=0.9939
   [RESULT] m=34 efc=722  efs=1032 | Rec=0.9939 Time=4.3844ms Build=702452.09ms
   [SUCCESS] Logged to Log/trial_m34_efc722_efs1032_20251125_200348.log
