   [START] m=56, efc=964, efs=1532
   [LOG] Log/trial_m56_efc964_efs1532_20251125_220423.log
   [RUN 1/1] Executing: ./hng --m 56 --efc 964 --efs 1532

============================================================
Trial: m=56, efc=964, efs=1532, Run 1/1
Timestamp: 2025-11-25T22:04:23.402813
Command: ./hng --m 56 --efc 964 --efs 1532
============================================================

[ERR] Loaded base from binary cache: data_o/glove/base.txt.bin
[OUT] ========== HNSW Search Test ==========
[OUT] 
[OUT] Timestamp: Tue Nov 25 22:04:23 2025
[OUT] 
[OUT] Command line arguments:
[OUT]   argv[0]: ./hng
[OUT]   argv[1]: --m
[OUT]   argv[2]: 56
[OUT]   argv[3]: --efc
[OUT]   argv[4]: 964
[OUT]   argv[5]: --efs
[OUT]   argv[6]: 1532
[OUT] 
[OUT] Configuration:
[OUT]   Base file: data_o/glove/base.txt
[OUT]   Query file: data_o/glove/query.txt
[OUT]   Truth file: data_o/glove/truth.txt
[OUT]   K: 10
[OUT]   M: 56
[OUT]   Max layer: -1
[OUT]   EFC: 964
[OUT]   EFS: 1532
[OUT]   Threads: -1
[OUT]   Debug: -1
[OUT] 
[OUT] HNSW parameters set.
[OUT] 
[OUT] Loading base vectors...
[OUT] ✓ Base loaded in 3184.547578 ms
[ERR] Loaded queries from binary cache: data_o/glove/query.txt.bin
[OUT] 
[OUT] Loading query vectors...
[OUT] ✓ Queries loaded in 72.231580 ms
[ERR] Loaded truth from binary cache: data_o/glove/truth.txt.bin
[OUT] 
[OUT] Loading ground truth...
[OUT] ✓ Truth loaded in 63.783711 ms
[OUT] 
[OUT] Data Summary:
[OUT]   Dimension d=100, Base vectors=1183514, Queries=10000
[OUT] 
[OUT] 
[OUT] Building HNSW index...
[OUT] [Progress] 119001/1183514 (10.1%) Time: 22462.04 ms
[OUT] [Progress] 239001/1183514 (20.2%) Time: 95862.22 ms
[OUT] [Progress] 358001/1183514 (30.2%) Time: 205189.34 ms
[OUT] [Progress] 477001/1183514 (40.3%) Time: 337344.64 ms
[OUT] [Progress] 596001/1183514 (50.4%) Time: 477204.64 ms
[OUT] [Progress] 716001/1183514 (60.5%) Time: 631884.67 ms
[OUT] [Progress] 836001/1183514 (70.6%) Time: 776668.44 ms
[OUT] [Progress] 955001/1183514 (80.7%) Time: 930577.49 ms
[OUT] [Progress] 1074001/1183514 (90.7%) Time: 1089631.48 ms
[OUT] [Timing] Parallel Build: 1214363.10 ms for 1183514 points.
[OUT] ✓ Index built.
[OUT]   build_time(local)=1122662.403466 ms
[OUT]   build_time(internal)=1214363.100070 ms
[OUT] 
[OUT] 
[OUT] Executing queries...
[OUT] 
[OUT]   Processed 1000 queries
[OUT] 
[OUT]   Processed 2000 queries
[OUT] 
[OUT]   Processed 3000 queries
[OUT] 
[OUT]   Processed 4000 queries
[OUT] 
[OUT]   Processed 5000 queries
[OUT] 
[OUT]   Processed 6000 queries
[OUT] 
[OUT]   Processed 7000 queries
[OUT] 
[OUT]   Processed 8000 queries
[OUT] 
[OUT]   Processed 9000 queries
[OUT] 
[OUT]   Processed 10000 queries
[OUT] 
[OUT] 
[OUT] ========== RESULTS ==========
[OUT] 
[OUT] Total queries: 10000
[OUT] 
[OUT] Average recall@10: 0.998790
[OUT] 
[OUT] Average query time: 7.893025 ms
[OUT] 
[OUT] Total query time: 78930.252663 ms
[OUT] 
[OUT] 
[OUT] ========== DISTANCE STATISTICS ==========
[OUT] 
[OUT] Total queries reported by index: 10000
[OUT] 
[OUT] Total distance computations: 680426595
[OUT] 
[OUT] Average distance ops per query: 68042.659500
[OUT] 
[OUT] Last query distance ops: 48084
[OUT] 
[OUT] 
[OUT] ========== PERFORMANCE SUMMARY ==========
[OUT] 
[OUT] Data loading time: 3320.562869 ms
[OUT] 
[OUT] Index build time: 1214363.100070 ms
[OUT] 
[OUT] Query execution time: 78930.252663 ms
[OUT] 
[OUT] Total elapsed time: 1204913.218998 ms
[OUT] 
[OUT] 
[OUT] ========== EFFICIENCY METRICS ==========
[OUT] 
[OUT] Queries per second: 126.694134
[OUT] 
[OUT] Distance ops per second: 8620605.813909
[OUT] 
[OUT] 
[OUT] ========== END OF LOG ==========
[OUT] 
[OUT] Log saved to: Log/run_20251125_220423_415.log
[OUT] 

Return Code: 0
   [PARSED] Build=1214363.10ms, Query=7.8930ms, Recall=0.9988
   [RESULT] m=56 efc=964  efs=1532 | Rec=0.9988 Time=7.8930ms Build=1214363.10ms
   [SUCCESS] Logged to Log/trial_m56_efc964_efs1532_20251125_220423.log
