   [START] m=49, ml=20, efc=696, efs=495
   [LOG] Log/trial_m49_ml20_efc696_efs495_20251128_053758.log
   [RUN 1/1] Executing: ./hng --m 49 --max_layer 20 --efc 696 --efs 495

============================================================
Trial: m=49, ml=20, efc=696, efs=495, Run 1/1
Timestamp: 2025-11-28T05:37:58.450805
Command: ./hng --m 49 --max_layer 20 --efc 696 --efs 495
============================================================

[ERR] Loaded base from binary cache: data_o/glove/base.txt.bin
[OUT] ========== HNSW Search Test ==========
[OUT] 
[OUT] Timestamp: Fri Nov 28 05:37:58 2025
[OUT] 
[OUT] Command line arguments:
[OUT]   argv[0]: ./hng
[OUT]   argv[1]: --m
[OUT]   argv[2]: 49
[OUT]   argv[3]: --max_layer
[OUT]   argv[4]: 20
[OUT]   argv[5]: --efc
[OUT]   argv[6]: 696
[OUT]   argv[7]: --efs
[OUT]   argv[8]: 495
[OUT] 
[OUT] Configuration:
[OUT]   Base file: data_o/glove/base.txt
[OUT]   Query file: data_o/glove/query.txt
[OUT]   Truth file: data_o/glove/truth.txt
[OUT]   K: 10
[OUT]   M: 49
[OUT]   Max layer: 20
[OUT]   EFC: 696
[OUT]   EFS: 495
[OUT]   Threads: -1
[OUT]   Debug: -1
[OUT] 
[OUT] HNSW parameters set.
[OUT] 
[OUT] Loading base vectors...
[OUT] ✓ Base loaded in 2300.323326 ms
[ERR] Loaded queries from binary cache: data_o/glove/query.txt.bin
[OUT] 
[OUT] Loading query vectors...
[OUT] ✓ Queries loaded in 77.576503 ms
[ERR] Loaded truth from binary cache: data_o/glove/truth.txt.bin
[OUT] 
[OUT] Loading ground truth...
[OUT] ✓ Truth loaded in 84.528504 ms
[OUT] 
[OUT] Data Summary:
[OUT]   Dimension d=100, Base vectors=1183514, Queries=10000
[OUT] 
[OUT] 
[OUT] Building HNSW index...
[OUT] [Progress] 121001/1183514 (10.2%) Time: 21560.62 ms
[OUT] [Progress] 240001/1183514 (20.3%) Time: 102725.14 ms
[OUT] [Progress] 359001/1183514 (30.3%) Time: 200549.17 ms
[OUT] [Progress] 478001/1183514 (40.4%) Time: 323899.45 ms
[OUT] [Progress] 598001/1183514 (50.5%) Time: 446902.88 ms
[OUT] [Progress] 717001/1183514 (60.6%) Time: 573351.16 ms
[OUT] [Progress] 837001/1183514 (70.7%) Time: 706732.78 ms
[OUT] [Progress] 956001/1183514 (80.8%) Time: 840671.11 ms
[OUT] [Progress] 1075001/1183514 (90.8%) Time: 987154.67 ms
[OUT] [Timing] Parallel Build: 1099231.22 ms for 1183514 points.
[OUT] [FlatHNSW] Converted 1183514 nodes, L0 size: 457687 KB, Upper size: 3436 KB
[OUT] [Timing] Flat Conversion: 805.08 ms
[OUT] ✓ Index built.
[OUT]   build_time(local)=1210340.363744 ms
[OUT]   build_time(internal)=1099231.220670 ms
[OUT] 
[OUT] 
[OUT] ========== GRAPH QUALITY ==========
[OUT] 
[OUT]   num_nodes: 1183514
[OUT] 
[OUT]   max_level (entry point): 3
[OUT] 
[OUT]   actual_max_layer: 3
[OUT] 
[OUT]   avg_degree_l0: 57.429188
[OUT] 
[OUT]   avg_degree_upper: 0.169567
[OUT] 
[OUT] 
[OUT]   Layer Distribution:
[OUT] 
[OUT]     L0: 1183514 nodes (100.00%)
[OUT] 
[OUT]     L1: 24379 nodes (2.06%)
[OUT] 
[OUT]     L2: 488 nodes (0.04%)
[OUT] 
[OUT]     L3: 14 nodes (0.00%)
[OUT] 
[OUT] 
[OUT] 
[OUT] Executing queries...
[OUT] 
[OUT]   Processed 1000 queries
[OUT] 
[OUT]   Processed 2000 queries
[OUT] 
[OUT]   Processed 3000 queries
[OUT] 
[OUT]   Processed 4000 queries
[OUT] 
[OUT]   Processed 5000 queries
[OUT] 
[OUT]   Processed 6000 queries
[OUT] 
[OUT]   Processed 7000 queries
[OUT] 
[OUT]   Processed 8000 queries
[OUT] 
[OUT]   Processed 9000 queries
[OUT] 
[OUT]   Processed 10000 queries
[OUT] 
[OUT] 
[OUT] ========== RESULTS ==========
[OUT] 
[OUT] Total queries: 10000
[OUT] 
[OUT] Average recall@10: 0.984800
[OUT] 
[OUT] Average query time: 2.504005 ms
[OUT] 
[OUT] Total query time: 25040.053782 ms
[OUT] 
[OUT] 
[OUT] ========== DISTANCE STATISTICS ==========
[OUT] 
[OUT] Total queries reported by index: 10000
[OUT] 
[OUT] Total distance computations: 227124987
[OUT] 
[OUT] Average distance ops per query: 22712.498700
[OUT] 
[OUT] Last query distance ops: 18331
[OUT] 
[OUT] 
[OUT] ========== PERFORMANCE SUMMARY ==========
[OUT] 
[OUT] Data loading time: 2462.428333 ms
[OUT] 
[OUT] Index build time: 1099231.220670 ms
[OUT] 
[OUT] Query execution time: 25040.053782 ms
[OUT] 
[OUT] Total elapsed time: 1237842.845859 ms
[OUT] 
[OUT] 
[OUT] ========== EFFICIENCY METRICS ==========
[OUT] 
[OUT] Queries per second: 399.360165
[OUT] 
[OUT] Distance ops per second: 9070467.219334
[OUT] 
[OUT] 
[OUT] ========== END OF LOG ==========
[OUT] 
[OUT] Log saved to: Log/run_20251128_053758_455.log
[OUT] 

Return Code: 0
   [PARSED] Build=1099231.22ms, Query=2.5040ms, Recall=0.9848
   [RESULT] m=49 ml=20 efc=696  efs=495  | Rec=0.9848 Time=2.5040ms Build=1099231.22ms
   [SUCCESS] Logged to Log/trial_m49_ml20_efc696_efs495_20251128_053758.log
