   [START] m=45, efc=677, efs=596
   [LOG] Log/trial_m45_efc677_efs596_20251126_000210.log
   [RUN 1/1] Executing: ./hng --m 45 --efc 677 --efs 596

============================================================
Trial: m=45, efc=677, efs=596, Run 1/1
Timestamp: 2025-11-26T00:02:10.148897
Command: ./hng --m 45 --efc 677 --efs 596
============================================================

[ERR] Loaded base from binary cache: data_o/glove/base.txt.bin
[OUT] ========== HNSW Search Test ==========
[OUT] 
[OUT] Timestamp: Wed Nov 26 00:02:10 2025
[OUT] 
[OUT] Command line arguments:
[OUT]   argv[0]: ./hng
[OUT]   argv[1]: --m
[OUT]   argv[2]: 45
[OUT]   argv[3]: --efc
[OUT]   argv[4]: 677
[OUT]   argv[5]: --efs
[OUT]   argv[6]: 596
[OUT] 
[OUT] Configuration:
[OUT]   Base file: data_o/glove/base.txt
[OUT]   Query file: data_o/glove/query.txt
[OUT]   Truth file: data_o/glove/truth.txt
[OUT]   K: 10
[OUT]   M: 45
[OUT]   Max layer: -1
[OUT]   EFC: 677
[OUT]   EFS: 596
[OUT]   Threads: -1
[OUT]   Debug: -1
[OUT] 
[OUT] HNSW parameters set.
[OUT] 
[OUT] Loading base vectors...
[OUT] ✓ Base loaded in 3379.265651 ms
[ERR] Loaded queries from binary cache: data_o/glove/query.txt.bin
[OUT] 
[OUT] Loading query vectors...
[OUT] ✓ Queries loaded in 77.380994 ms
[ERR] Loaded truth from binary cache: data_o/glove/truth.txt.bin
[OUT] 
[OUT] Loading ground truth...
[OUT] ✓ Truth loaded in 75.193569 ms
[OUT] 
[OUT] Data Summary:
[OUT]   Dimension d=100, Base vectors=1183514, Queries=10000
[OUT] 
[OUT] 
[OUT] Building HNSW index...
[OUT] [Progress] 124001/1183514 (10.5%) Time: 15452.53 ms
[OUT] [Progress] 246001/1183514 (20.8%) Time: 59408.84 ms
[OUT] [Progress] 366001/1183514 (30.9%) Time: 123800.54 ms
[OUT] [Progress] 485001/1183514 (41.0%) Time: 195702.00 ms
[OUT] [Progress] 604001/1183514 (51.0%) Time: 277145.98 ms
[OUT] [Progress] 723001/1183514 (61.1%) Time: 359070.34 ms
[OUT] [Progress] 842001/1183514 (71.1%) Time: 452945.22 ms
[OUT] [Progress] 962001/1183514 (81.3%) Time: 544259.49 ms
[OUT] [Progress] 1081001/1183514 (91.3%) Time: 642128.15 ms
[OUT] [Timing] Parallel Build: 713031.86 ms for 1183514 points.
[OUT] ✓ Index built.
[OUT]   build_time(local)=653967.539624 ms
[OUT]   build_time(internal)=713031.855700 ms
[OUT] 
[OUT] 
[OUT] Executing queries...
[OUT] 
[OUT]   Processed 1000 queries
[OUT] 
[OUT]   Processed 2000 queries
[OUT] 
[OUT]   Processed 3000 queries
[OUT] 
[OUT]   Processed 4000 queries
[OUT] 
[OUT]   Processed 5000 queries
[OUT] 
[OUT]   Processed 6000 queries
[OUT] 
[OUT]   Processed 7000 queries
[OUT] 
[OUT]   Processed 8000 queries
[OUT] 
[OUT]   Processed 9000 queries
[OUT] 
[OUT]   Processed 10000 queries
[OUT] 
[OUT] 
[OUT] ========== RESULTS ==========
[OUT] 
[OUT] Total queries: 10000
[OUT] 
[OUT] Average recall@10: 0.987970
[OUT] 
[OUT] Average query time: 2.821029 ms
[OUT] 
[OUT] Total query time: 28210.288716 ms
[OUT] 
[OUT] 
[OUT] ========== DISTANCE STATISTICS ==========
[OUT] 
[OUT] Total queries reported by index: 10000
[OUT] 
[OUT] Total distance computations: 258233532
[OUT] 
[OUT] Average distance ops per query: 25823.353200
[OUT] 
[OUT] Last query distance ops: 20537
[OUT] 
[OUT] 
[OUT] ========== PERFORMANCE SUMMARY ==========
[OUT] 
[OUT] Data loading time: 3531.840214 ms
[OUT] 
[OUT] Index build time: 713031.855700 ms
[OUT] 
[OUT] Query execution time: 28210.288716 ms
[OUT] 
[OUT] Total elapsed time: 685709.668554 ms
[OUT] 
[OUT] 
[OUT] ========== EFFICIENCY METRICS ==========
[OUT] 
[OUT] Queries per second: 354.480598
[OUT] 
[OUT] Distance ops per second: 9153877.672069
[OUT] 
[OUT] 
[OUT] ========== END OF LOG ==========
[OUT] 
[OUT] Log saved to: Log/run_20251126_000210_163.log
[OUT] 

Return Code: 0
   [PARSED] Build=713031.86ms, Query=2.8210ms, Recall=0.9880
   [RESULT] m=45 efc=677  efs=596  | Rec=0.9880 Time=2.8210ms Build=713031.86ms
   [SUCCESS] Logged to Log/trial_m45_efc677_efs596_20251126_000210.log
