   [START] m=37, ml=11, efc=350, efs=1304
   [LOG] Log/trial_m37_ml11_efc350_efs1304_20251202_000436.log
   [RUN 1/1] Executing: ./hng --m 37 --max_layer 11 --efc 350 --efs 1304

============================================================
Trial: m=37, ml=11, efc=350, efs=1304, Run 1/1
Timestamp: 2025-12-02T00:04:36.364534
Command: ./hng --m 37 --max_layer 11 --efc 350 --efs 1304
============================================================

[OUT] ========== HNSW Search Test ==========
[ERR] Loaded base from binary cache: data_o/glove/base.txt.bin
[OUT] 
[OUT] Timestamp: Tue Dec  2 00:04:36 2025
[OUT] 
[OUT] Command line arguments:
[OUT]   argv[0]: ./hng
[OUT]   argv[1]: --m
[OUT]   argv[2]: 37
[OUT]   argv[3]: --max_layer
[OUT]   argv[4]: 11
[OUT]   argv[5]: --efc
[OUT]   argv[6]: 350
[OUT]   argv[7]: --efs
[OUT]   argv[8]: 1304
[OUT] 
[OUT] Configuration:
[OUT]   Base file: data_o/glove/base.txt
[OUT]   Query file: data_o/glove/query.txt
[OUT]   Truth file: data_o/glove/truth.txt
[OUT]   K: 10
[OUT]   M: 37
[OUT]   Max layer: 11
[OUT]   EFC: 350
[OUT]   EFS: 1304
[OUT]   Threads: -1
[OUT]   Debug: -1
[OUT] 
[OUT] HNSW parameters set.
[OUT] 
[OUT] Loading base vectors...
[OUT] ✓ Base loaded in 2158.079362 ms
[ERR] Loaded queries from binary cache: data_o/glove/query.txt.bin
[OUT] 
[OUT] Loading query vectors...
[OUT] ✓ Queries loaded in 64.300301 ms
[ERR] Loaded truth from binary cache: data_o/glove/truth.txt.bin
[OUT] 
[OUT] Loading ground truth...
[OUT] ✓ Truth loaded in 66.405663 ms
[OUT] 
[OUT] Data Summary:
[OUT]   Dimension d=100, Base vectors=1183514, Queries=10000
[OUT] 
[OUT] 
[OUT] Building HNSW index...
[OUT] [Progress] 119001/1183514 (10.1%) Time: 14394.16 ms
[OUT] [Progress] 238001/1183514 (20.1%) Time: 46496.12 ms
[OUT] [Progress] 357001/1183514 (30.2%) Time: 85445.01 ms
[OUT] [Progress] 476001/1183514 (40.2%) Time: 125641.63 ms
[OUT] [Progress] 595001/1183514 (50.3%) Time: 177326.95 ms
