   [START] m=37, ml=20, efc=472, efs=579
   [LOG] Log/trial_m37_ml20_efc472_efs579_20251126_235523.log
   [RUN 1/1] Executing: ./hng --m 37 --max_layer 20 --efc 472 --efs 579

============================================================
Trial: m=37, ml=20, efc=472, efs=579, Run 1/1
Timestamp: 2025-11-26T23:55:23.762156
Command: ./hng --m 37 --max_layer 20 --efc 472 --efs 579
============================================================

[OUT] ========== HNSW Search Test ==========
[ERR] Loaded base from binary cache: data_o/glove/base.txt.bin
[OUT] 
[OUT] Timestamp: Wed Nov 26 23:55:23 2025
[OUT] 
[OUT] Command line arguments:
[OUT]   argv[0]: ./hng
[OUT]   argv[1]: --m
[OUT]   argv[2]: 37
[OUT]   argv[3]: --max_layer
[OUT]   argv[4]: 20
[OUT]   argv[5]: --efc
[OUT]   argv[6]: 472
[OUT]   argv[7]: --efs
[OUT]   argv[8]: 579
[OUT] 
[OUT] Configuration:
[OUT]   Base file: data_o/glove/base.txt
[OUT]   Query file: data_o/glove/query.txt
[OUT]   Truth file: data_o/glove/truth.txt
[OUT]   K: 10
[OUT]   M: 37
[OUT]   Max layer: 20
[OUT]   EFC: 472
[OUT]   EFS: 579
[OUT]   Threads: -1
[OUT]   Debug: -1
[OUT] 
[OUT] HNSW parameters set.
[OUT] 
[OUT] Loading base vectors...
[OUT] ✓ Base loaded in 2184.087253 ms
[ERR] Loaded queries from binary cache: data_o/glove/query.txt.bin
[OUT] 
[OUT] Loading query vectors...
[ERR] Loaded truth from binary cache: data_o/glove/truth.txt.bin
[OUT] ✓ Queries loaded in 67.392934 ms
[OUT] 
[OUT] Loading ground truth...
[OUT] ✓ Truth loaded in 66.668281 ms
[OUT] 
[OUT] Data Summary:
[OUT]   Dimension d=100, Base vectors=1183514, Queries=10000
[OUT] 
[OUT] 
[OUT] Building HNSW index...
[OUT] [Progress] 120001/1183514 (10.1%) Time: 14519.51 ms
[OUT] [Progress] 240001/1183514 (20.3%) Time: 64713.72 ms
[OUT] [Progress] 359001/1183514 (30.3%) Time: 123190.59 ms
[OUT] [Progress] 478001/1183514 (40.4%) Time: 192660.29 ms
[OUT] [Progress] 597001/1183514 (50.4%) Time: 262721.63 ms
[OUT] [Progress] 717001/1183514 (60.6%) Time: 339156.39 ms
[OUT] [Progress] 836001/1183514 (70.6%) Time: 414575.98 ms
[OUT] [Progress] 956001/1183514 (80.8%) Time: 497071.16 ms
[OUT] [Progress] 1075001/1183514 (90.8%) Time: 575675.04 ms
[OUT] [Timing] Parallel Build: 639160.67 ms for 1183514 points.
[OUT] [FlatHNSW] Converted 1183514 nodes, L0 size: 346732 KB, Upper size: 4089 KB
[OUT] [Timing] Flat Conversion: 663.91 ms
[OUT] ✓ Index built.
[OUT]   build_time(local)=668769.185374 ms
[OUT]   build_time(internal)=639160.667293 ms
[OUT] 
[OUT] 
[OUT] ========== GRAPH QUALITY ==========
[OUT] 
[OUT]   num_nodes: 1183514
[OUT] 
[OUT]   max_level (entry point): 3
[OUT] 
[OUT]   actual_max_layer: 3
[OUT] 
[OUT]   avg_degree_l0: 47.081052
[OUT] 
[OUT]   avg_degree_upper: 0.214769
[OUT] 
[OUT] 
[OUT]   Layer Distribution:
[OUT] 
[OUT]     L0: 1183514 nodes (100.00%)
[OUT] 
[OUT]     L1: 31955 nodes (2.70%)
[OUT] 
[OUT]     L2: 833 nodes (0.07%)
[OUT] 
[OUT]     L3: 24 nodes (0.00%)
[OUT] 
[OUT] 
[OUT] 
[OUT] Executing queries...
[OUT] 
[OUT]   Processed 1000 queries
[OUT] 
[OUT]   Processed 2000 queries
[OUT] 
[OUT]   Processed 3000 queries
[OUT] 
[OUT]   Processed 4000 queries
[OUT] 
[OUT]   Processed 5000 queries
[OUT] 
[OUT]   Processed 6000 queries
[OUT] 
[OUT]   Processed 7000 queries
[OUT] 
[OUT]   Processed 8000 queries
[OUT] 
[OUT]   Processed 9000 queries
[OUT] 
[OUT]   Processed 10000 queries
[OUT] 
[OUT] 
[OUT] ========== RESULTS ==========
[OUT] 
[OUT] Total queries: 10000
[OUT] 
[OUT] Average recall@10: 0.982180
[OUT] 
[OUT] Average query time: 2.356196 ms
[OUT] 
[OUT] Total query time: 23561.962781 ms
[OUT] 
[OUT] 
[OUT] ========== DISTANCE STATISTICS ==========
[OUT] 
[OUT] Total queries reported by index: 10000
[OUT] 
[OUT] Total distance computations: 211806605
[OUT] 
[OUT] Average distance ops per query: 21180.660500
[OUT] 
[OUT] Last query distance ops: 17727
[OUT] 
[OUT] 
[OUT] ========== PERFORMANCE SUMMARY ==========
[OUT] 
[OUT] Data loading time: 2318.148468 ms
[OUT] 
[OUT] Index build time: 639160.667293 ms
[OUT] 
[OUT] Query execution time: 23561.962781 ms
[OUT] 
[OUT] Total elapsed time: 694649.296623 ms
[OUT] 
[OUT] 
[OUT] ========== EFFICIENCY METRICS ==========
[OUT] 
[OUT] Queries per second: 424.412860
[OUT] 
[OUT] Distance ops per second: 8989344.689518
[OUT] 
[OUT] 
[OUT] ========== END OF LOG ==========
[OUT] 
[OUT] Log saved to: Log/run_20251126_235523_767.log
[OUT] 

Return Code: 0
   [PARSED] Build=639160.67ms, Query=2.3562ms, Recall=0.9822
   [RESULT] m=37 ml=20 efc=472  efs=579  | Rec=0.9822 Time=2.3562ms Build=639160.67ms
   [SUCCESS] Logged to Log/trial_m37_ml20_efc472_efs579_20251126_235523.log
