   [START] m=34, ml=15, efc=434, efs=552
   [LOG] Log/trial_m34_ml15_efc434_efs552_20251202_003452.log
   [RUN 1/1] Executing: ./hng --m 34 --max_layer 15 --efc 434 --efs 552

============================================================
Trial: m=34, ml=15, efc=434, efs=552, Run 1/1
Timestamp: 2025-12-02T00:34:52.429427
Command: ./hng --m 34 --max_layer 15 --efc 434 --efs 552
============================================================

[OUT] ========== HNSW Search Test ==========
[ERR] Loaded base from binary cache: data_o/glove/base.txt.bin
[OUT] 
[OUT] Timestamp: Tue Dec  2 00:34:52 2025
[OUT] 
[OUT] Command line arguments:
[OUT]   argv[0]: ./hng
[OUT]   argv[1]: --m
[OUT]   argv[2]: 34
[OUT]   argv[3]: --max_layer
[OUT]   argv[4]: 15
[OUT]   argv[5]: --efc
[OUT]   argv[6]: 434
[OUT]   argv[7]: --efs
[OUT]   argv[8]: 552
[OUT] 
[OUT] Configuration:
[OUT]   Base file: data_o/glove/base.txt
[OUT]   Query file: data_o/glove/query.txt
[OUT]   Truth file: data_o/glove/truth.txt
[OUT]   K: 10
[OUT]   M: 34
[OUT]   Max layer: 15
[OUT]   EFC: 434
[OUT]   EFS: 552
[OUT]   Threads: -1
[OUT]   Debug: -1
[OUT] 
[OUT] HNSW parameters set.
[OUT] 
[OUT] Loading base vectors...
[OUT] ✓ Base loaded in 2104.680948 ms
[ERR] Loaded queries from binary cache: data_o/glove/query.txt.bin
[OUT] 
[OUT] Loading query vectors...
[OUT] ✓ Queries loaded in 66.296012 ms
[ERR] Loaded truth from binary cache: data_o/glove/truth.txt.bin
[OUT] 
[OUT] Loading ground truth...
[OUT] ✓ Truth loaded in 65.472197 ms
[OUT] 
[OUT] Data Summary:
[OUT]   Dimension d=100, Base vectors=1183514, Queries=10000
[OUT] 
[OUT] 
[OUT] Building HNSW index...
[OUT] [Progress] 120001/1183514 (10.1%) Time: 11654.83 ms
[OUT] [Progress] 239001/1183514 (20.2%) Time: 50861.51 ms
[OUT] [Progress] 360001/1183514 (30.4%) Time: 100542.53 ms
[OUT] [Progress] 479001/1183514 (40.5%) Time: 156265.82 ms
[OUT] [Progress] 599001/1183514 (50.6%) Time: 213898.98 ms
[OUT] [Progress] 719001/1183514 (60.8%) Time: 277621.49 ms
[OUT] [Progress] 838001/1183514 (70.8%) Time: 339859.86 ms
[OUT] [Progress] 958001/1183514 (80.9%) Time: 400477.56 ms
[OUT] [Progress] 1077001/1183514 (91.0%) Time: 466427.11 ms
[OUT] [Timing] Parallel Build: 518402.40 ms for 1183514 points.
[OUT] [FlatHNSW] Converted 1183514 nodes, L0 size: 318994 KB, Upper size: 4245 KB
[OUT] [Timing] Flat Conversion: 399.78 ms
[OUT] ✓ Index built.
[OUT]   build_time(local)=490445.041926 ms
[OUT]   build_time(internal)=518402.402624 ms
[OUT] 
[OUT] 
[OUT] ========== GRAPH QUALITY ==========
[OUT] 
[OUT]   num_nodes: 1183514
[OUT] 
[OUT]   max_level (entry point): 3
[OUT] 
[OUT]   actual_max_layer: 3
[OUT] 
[OUT]   avg_degree_l0: 44.500266
[OUT] 
[OUT]   avg_degree_upper: 0.205089
[OUT] 
[OUT] 
[OUT]   Layer Distribution:
[OUT] 
[OUT]     L0: 1183514 nodes (100.00%)
[OUT] 
[OUT]     L1: 34802 nodes (2.94%)
[OUT] 
[OUT]     L2: 1056 nodes (0.09%)
[OUT] 
[OUT]     L3: 24 nodes (0.00%)
[OUT] 
[OUT] 
[OUT] 
[OUT] Executing queries...
[OUT] 
[OUT]   Processed 1000 queries
[OUT] 
[OUT]   Processed 2000 queries
[OUT] 
[OUT]   Processed 3000 queries
[OUT] 
[OUT]   Processed 4000 queries
[OUT] 
[OUT]   Processed 5000 queries
[OUT] 
[OUT]   Processed 6000 queries
[OUT] 
[OUT]   Processed 7000 queries
[OUT] 
[OUT]   Processed 8000 queries
[OUT] 
[OUT]   Processed 9000 queries
[OUT] 
[OUT]   Processed 10000 queries
[OUT] 
[OUT] 
[OUT] ========== RESULTS ==========
[OUT] 
[OUT] Total queries: 10000
[OUT] 
[OUT] Average recall@10: 0.978320
[OUT] 
[OUT] Average query time: 1.360583 ms
[OUT] 
[OUT] Total query time: 13605.827992 ms
[OUT] 
[OUT] 
[OUT] ========== DISTANCE STATISTICS ==========
[OUT] 
[OUT] Total queries reported by index: 10000
[OUT] 
[OUT] Total distance computations: 0
[OUT] 
[OUT] Average distance ops per query: 0.000000
[OUT] 
[OUT] Last query distance ops: 0
[OUT] 
[OUT] 
[OUT] ========== PERFORMANCE SUMMARY ==========
[OUT] 
[OUT] Data loading time: 2236.449157 ms
[OUT] 
[OUT] Index build time: 518402.402624 ms
[OUT] 
[OUT] Query execution time: 13605.827992 ms
[OUT] 
[OUT] Total elapsed time: 506287.319075 ms
[OUT] 
[OUT] 
[OUT] ========== EFFICIENCY METRICS ==========
[OUT] 
[OUT] Queries per second: 734.979158
[OUT] 
[OUT] 
[OUT] ========== END OF LOG ==========
[OUT] 
[OUT] Log saved to: Log/run_20251202_003452_441.log
[OUT] 

Return Code: 0
   [PARSED] Build=518402.40ms, Query=1.3606ms, Recall=0.9783
   [RESULT] m=34 ml=15 efc=434  efs=552  | Rec=0.9783 Time=1.3606ms Build=518402.40ms
   [SUCCESS] Logged to Log/trial_m34_ml15_efc434_efs552_20251202_003452.log
