   [START] m=63, ml=17, efc=577, efs=84
   [LOG] Log/trial_m63_ml17_efc577_efs84_20251128_105614.log
   [RUN 1/1] Executing: ./hng --m 63 --max_layer 17 --efc 577 --efs 84

============================================================
Trial: m=63, ml=17, efc=577, efs=84, Run 1/1
Timestamp: 2025-11-28T10:56:14.952021
Command: ./hng --m 63 --max_layer 17 --efc 577 --efs 84
============================================================

[OUT] ========== HNSW Search Test ==========
[ERR] Loaded base from binary cache: data_o/glove/base.txt.bin
[OUT] 
[OUT] Timestamp: Fri Nov 28 10:56:14 2025
[OUT] 
[OUT] Command line arguments:
[OUT]   argv[0]: ./hng
[OUT]   argv[1]: --m
[OUT]   argv[2]: 63
[OUT]   argv[3]: --max_layer
[OUT]   argv[4]: 17
[OUT]   argv[5]: --efc
[OUT]   argv[6]: 577
[OUT]   argv[7]: --efs
[OUT]   argv[8]: 84
[OUT] 
[OUT] Configuration:
[OUT]   Base file: data_o/glove/base.txt
[OUT]   Query file: data_o/glove/query.txt
[OUT]   Truth file: data_o/glove/truth.txt
[OUT]   K: 10
[OUT]   M: 63
[OUT]   Max layer: 17
[OUT]   EFC: 577
[OUT]   EFS: 84
[OUT]   Threads: -1
[OUT]   Debug: -1
[OUT] 
[OUT] HNSW parameters set.
[OUT] 
[OUT] Loading base vectors...
[OUT] ✓ Base loaded in 2420.943146 ms
[ERR] Loaded queries from binary cache: data_o/glove/query.txt.bin
[OUT] 
[OUT] Loading query vectors...
[OUT] ✓ Queries loaded in 71.449228 ms
[ERR] Loaded truth from binary cache: data_o/glove/truth.txt.bin
[OUT] 
[OUT] Loading ground truth...
[OUT] ✓ Truth loaded in 74.515490 ms
[OUT] 
[OUT] Data Summary:
[OUT]   Dimension d=100, Base vectors=1183514, Queries=10000
[OUT] 
[OUT] 
[OUT] Building HNSW index...
[OUT] ✓ Index built.
[OUT]   build_time(local)=824484.639186 ms
[OUT]   build_time(internal)=748335.790505 ms
[OUT] 
[OUT] 
[OUT] ========== GRAPH QUALITY ==========
[OUT] 
[OUT]   num_nodes: 1183514
[OUT] 
[OUT]   max_level (entry point): 3
[OUT] 
[OUT]   actual_max_layer: 3
[OUT] 
[OUT]   avg_degree_l0: 54.473568
[OUT] 
[OUT]   avg_degree_upper: 0.125608
[OUT] 
[OUT] 
[OUT]   Layer Distribution:
[OUT] 
[OUT]     L0: 1183514 nodes (100.00%)
[OUT] 
[OUT]     L1: 18815 nodes (1.59%)
[OUT] 
[OUT]     L2: 311 nodes (0.03%)
[OUT] 
[OUT]     L3: 5 nodes (0.00%)
[OUT] 
[OUT] 
[OUT] 
[OUT] Executing queries...
[OUT] 
[OUT]   Processed 1000 queries
[OUT] 
[OUT]   Processed 2000 queries
[OUT] 
[OUT]   Processed 3000 queries
[OUT] 
[OUT]   Processed 4000 queries
[OUT] 
[OUT]   Processed 5000 queries
[OUT] 
[OUT]   Processed 6000 queries
[OUT] 
[OUT]   Processed 7000 queries
[OUT] 
[OUT]   Processed 8000 queries
[OUT] 
[OUT]   Processed 9000 queries
[OUT] 
[OUT]   Processed 10000 queries
[OUT] 
[OUT] 
[OUT] ========== RESULTS ==========
[OUT] 
[OUT] Total queries: 10000
[OUT] 
[OUT] Average recall@10: 0.881850
[OUT] 
[OUT] Average query time: 0.469003 ms
[OUT] 
[OUT] Total query time: 4690.034083 ms
[OUT] 
[OUT] 
[OUT] ========== DISTANCE STATISTICS ==========
[OUT] 
[OUT] Total queries reported by index: 10000
[OUT] 
[OUT] Total distance computations: 47479020
[OUT] 
[OUT] Average distance ops per query: 4747.902000
[OUT] 
[OUT] Last query distance ops: 4323
[OUT] 
[OUT] 
[OUT] ========== PERFORMANCE SUMMARY ==========
[OUT] 
[OUT] Data loading time: 2566.907864 ms
[OUT] 
[OUT] Index build time: 748335.790505 ms
[OUT] 
[OUT] Query execution time: 4690.034083 ms
[OUT] 
[OUT] Total elapsed time: 831741.581133 ms
[OUT] 
[OUT] 
[OUT] ========== EFFICIENCY METRICS ==========
[OUT] 
[OUT] Queries per second: 2132.180667
[OUT] 
[OUT] Distance ops per second: 10123384.853875
[OUT] 
[OUT] 
[OUT] ========== END OF LOG ==========
[OUT] 
[OUT] Log saved to: Log/run_20251128_105614_957.log
[OUT] 

Return Code: 0
   [PARSED] Build=748335.79ms, Query=0.4690ms, Recall=0.8819
   [RESULT] m=63 ml=17 efc=577  efs=84   | Rec=0.8819 Time=0.4690ms Build=748335.79ms
   [SUCCESS] Logged to Log/trial_m63_ml17_efc577_efs84_20251128_105614.log
