   [START] m=31, ml=10, efc=800, efs=375
   [LOG] Log/trial_m31_ml10_efc800_efs375_20251127_010020.log
   [RUN 1/1] Executing: ./hng --m 31 --max_layer 10 --efc 800 --efs 375

============================================================
Trial: m=31, ml=10, efc=800, efs=375, Run 1/1
Timestamp: 2025-11-27T01:00:20.037996
Command: ./hng --m 31 --max_layer 10 --efc 800 --efs 375
============================================================

[ERR] Loaded base from binary cache: data_o/glove/base.txt.bin
[OUT] ========== HNSW Search Test ==========
[OUT] 
[OUT] Timestamp: Thu Nov 27 01:00:20 2025
[OUT] 
[OUT] Command line arguments:
[OUT]   argv[0]: ./hng
[OUT]   argv[1]: --m
[OUT]   argv[2]: 31
[OUT]   argv[3]: --max_layer
[OUT]   argv[4]: 10
[OUT]   argv[5]: --efc
[OUT]   argv[6]: 800
[OUT]   argv[7]: --efs
[OUT]   argv[8]: 375
[OUT] 
[OUT] Configuration:
[OUT]   Base file: data_o/glove/base.txt
[OUT]   Query file: data_o/glove/query.txt
[OUT]   Truth file: data_o/glove/truth.txt
[OUT]   K: 10
[OUT]   M: 31
[OUT]   Max layer: 10
[OUT]   EFC: 800
[OUT]   EFS: 375
[OUT]   Threads: -1
[OUT]   Debug: -1
[OUT] 
[OUT] HNSW parameters set.
[OUT] 
[OUT] Loading base vectors...
[OUT] ✓ Base loaded in 2151.946108 ms
[ERR] Loaded queries from binary cache: data_o/glove/query.txt.bin
[OUT] 
[OUT] Loading query vectors...
[OUT] ✓ Queries loaded in 71.643786 ms
[ERR] Loaded truth from binary cache: data_o/glove/truth.txt.bin
[OUT] 
[OUT] Loading ground truth...
[OUT] ✓ Truth loaded in 83.326606 ms
[OUT] 
[OUT] Data Summary:
[OUT]   Dimension d=100, Base vectors=1183514, Queries=10000
[OUT] 
[OUT] 
[OUT] Building HNSW index...
[OUT] [Progress] 119001/1183514 (10.1%) Time: 24027.98 ms
[OUT] [Progress] 238001/1183514 (20.1%) Time: 97974.06 ms
[OUT] [Progress] 357001/1183514 (30.2%) Time: 200585.62 ms
[OUT] [Progress] 476001/1183514 (40.2%) Time: 301615.91 ms
[OUT] [Progress] 595001/1183514 (50.3%) Time: 423699.64 ms
[OUT] [Progress] 714001/1183514 (60.3%) Time: 542166.14 ms
[OUT] [Progress] 834001/1183514 (70.5%) Time: 657758.27 ms
[OUT] [Progress] 955001/1183514 (80.7%) Time: 788269.84 ms
[OUT] [Progress] 1074001/1183514 (90.7%) Time: 918231.68 ms
[OUT] [Timing] Parallel Build: 1015089.74 ms for 1183514 points.
[OUT] [FlatHNSW] Converted 1183514 nodes, L0 size: 291255 KB, Upper size: 4496 KB
[OUT] [Timing] Flat Conversion: 383.75 ms
[OUT] ✓ Index built.
[OUT]   build_time(local)=1067659.555757 ms
[OUT]   build_time(internal)=1015089.742555 ms
[OUT] 
[OUT] 
[OUT] ========== GRAPH QUALITY ==========
[OUT] 
[OUT]   num_nodes: 1183514
[OUT] 
[OUT]   max_level (entry point): 3
[OUT] 
[OUT]   actual_max_layer: 3
[OUT] 
[OUT]   avg_degree_l0: 49.903367
[OUT] 
[OUT]   avg_degree_upper: 0.234266
[OUT] 
[OUT] 
[OUT]   Layer Distribution:
[OUT] 
[OUT]     L0: 1183514 nodes (100.00%)
[OUT] 
[OUT]     L1: 38189 nodes (3.23%)
[OUT] 
[OUT]     L2: 1205 nodes (0.10%)
[OUT] 
[OUT]     L3: 44 nodes (0.00%)
[OUT] 
[OUT] 
[OUT] 
[OUT] Executing queries...
[OUT] 
[OUT]   Processed 1000 queries
[OUT] 
[OUT]   Processed 2000 queries
[OUT] 
[OUT]   Processed 3000 queries
[OUT] 
[OUT]   Processed 4000 queries
[OUT] 
[OUT]   Processed 5000 queries
[OUT] 
[OUT]   Processed 6000 queries
[OUT] 
[OUT]   Processed 7000 queries
[OUT] 
[OUT]   Processed 8000 queries
[OUT] 
[OUT]   Processed 9000 queries
[OUT] 
[OUT]   Processed 10000 queries
[OUT] 
[OUT] 
[OUT] ========== RESULTS ==========
[OUT] 
[OUT] Total queries: 10000
[OUT] 
[OUT] Average recall@10: 0.968000
[OUT] 
[OUT] Average query time: 1.559467 ms
[OUT] 
[OUT] Total query time: 15594.668843 ms
[OUT] 
[OUT] 
[OUT] ========== DISTANCE STATISTICS ==========
[OUT] 
[OUT] Total queries reported by index: 10000
[OUT] 
[OUT] Total distance computations: 145236069
[OUT] 
[OUT] Average distance ops per query: 14523.606900
[OUT] 
[OUT] Last query distance ops: 13216
[OUT] 
[OUT] 
[OUT] ========== PERFORMANCE SUMMARY ==========
[OUT] 
[OUT] Data loading time: 2306.916500 ms
[OUT] 
[OUT] Index build time: 1015089.742555 ms
[OUT] 
[OUT] Query execution time: 15594.668843 ms
[OUT] 
[OUT] Total elapsed time: 1085561.141100 ms
[OUT] 
[OUT] 
[OUT] ========== EFFICIENCY METRICS ==========
[OUT] 
[OUT] Queries per second: 641.244781
[OUT] 
[OUT] Distance ops per second: 9313187.119404
[OUT] 
[OUT] 
[OUT] ========== END OF LOG ==========
[OUT] 
[OUT] Log saved to: Log/run_20251127_010020_042.log
[OUT] 

Return Code: 0
   [PARSED] Build=1015089.74ms, Query=1.5595ms, Recall=0.9680
   [RESULT] m=31 ml=10 efc=800  efs=375  | Rec=0.9680 Time=1.5595ms Build=1015089.74ms
   [SUCCESS] Logged to Log/trial_m31_ml10_efc800_efs375_20251127_010020.log
