   [START] m=40, efc=545, efs=897
   [LOG] Log/trial_m40_efc545_efs897_20251126_093957.log
   [RUN 1/1] Executing: ./hng --m 40 --efc 545 --efs 897

============================================================
Trial: m=40, efc=545, efs=897, Run 1/1
Timestamp: 2025-11-26T09:39:57.196891
Command: ./hng --m 40 --efc 545 --efs 897
============================================================

[OUT] ========== HNSW Search Test ==========
[ERR] Loaded base from binary cache: data_o/glove/base.txt.bin
[OUT] 
[OUT] Timestamp: Wed Nov 26 09:39:57 2025
[OUT] 
[OUT] Command line arguments:
[OUT]   argv[0]: ./hng
[OUT]   argv[1]: --m
[OUT]   argv[2]: 40
[OUT]   argv[3]: --efc
[OUT]   argv[4]: 545
[OUT]   argv[5]: --efs
[OUT]   argv[6]: 897
[OUT] 
[OUT] Configuration:
[OUT]   Base file: data_o/glove/base.txt
[OUT]   Query file: data_o/glove/query.txt
[OUT]   Truth file: data_o/glove/truth.txt
[OUT]   K: 10
[OUT]   M: 40
[OUT]   Max layer: -1
[OUT]   EFC: 545
[OUT]   EFS: 897
[OUT]   Threads: -1
[OUT]   Debug: -1
[OUT] 
[OUT] HNSW parameters set.
[OUT] 
[OUT] Loading base vectors...
[OUT] ✓ Base loaded in 4104.947210 ms
[ERR] Loaded queries from binary cache: data_o/glove/query.txt.bin
[OUT] 
[OUT] Loading query vectors...
[OUT] ✓ Queries loaded in 96.012823 ms
[ERR] Loaded truth from binary cache: data_o/glove/truth.txt.bin
[OUT] 
[OUT] Loading ground truth...
[OUT] ✓ Truth loaded in 94.945835 ms
[OUT] 
[OUT] Data Summary:
[OUT]   Dimension d=100, Base vectors=1183514, Queries=10000
[OUT] 
[OUT] 
[OUT] Building HNSW index...
[OUT] [Progress] 120001/1183514 (10.1%) Time: 11526.46 ms
[OUT] [Progress] 239001/1183514 (20.2%) Time: 46547.10 ms
[OUT] [Progress] 358001/1183514 (30.2%) Time: 100098.97 ms
[OUT] [Progress] 478001/1183514 (40.4%) Time: 160174.47 ms
[OUT] [Progress] 599001/1183514 (50.6%) Time: 224736.87 ms
[OUT] [Progress] 719001/1183514 (60.8%) Time: 299492.94 ms
[OUT] [Progress] 838001/1183514 (70.8%) Time: 372041.23 ms
[OUT] [Progress] 957001/1183514 (80.9%) Time: 447617.80 ms
[OUT] [Progress] 1076001/1183514 (90.9%) Time: 517155.70 ms
[OUT] [Timing] Parallel Build: 572181.39 ms for 1183514 points.
[OUT] ✓ Index built.
[OUT]   build_time(local)=574144.177608 ms
[OUT]   build_time(internal)=572181.389321 ms
[OUT] 
[OUT] 
[OUT] Executing queries...
[OUT] 
[OUT]   Processed 1000 queries
[OUT] 
[OUT]   Processed 2000 queries
[OUT] 
[OUT]   Processed 3000 queries
[OUT] 
[OUT]   Processed 4000 queries
[OUT] 
[OUT]   Processed 5000 queries
[OUT] 
[OUT]   Processed 6000 queries
[OUT] 
[OUT]   Processed 7000 queries
[OUT] 
[OUT]   Processed 8000 queries
[OUT] 
[OUT]   Processed 9000 queries
[OUT] 
[OUT]   Processed 10000 queries
[OUT] 
[OUT] 
[OUT] ========== RESULTS ==========
[OUT] 
[OUT] Total queries: 10000
[OUT] 
[OUT] Average recall@10: 0.992320
[OUT] 
[OUT] Average query time: 4.165190 ms
[OUT] 
[OUT] Total query time: 41651.898617 ms
[OUT] 
[OUT] 
[OUT] ========== DISTANCE STATISTICS ==========
[OUT] 
[OUT] Total queries reported by index: 10000
[OUT] 
[OUT] Total distance computations: 333668502
[OUT] 
[OUT] Average distance ops per query: 33366.850200
[OUT] 
[OUT] Last query distance ops: 25692
[OUT] 
[OUT] 
[OUT] ========== PERFORMANCE SUMMARY ==========
[OUT] 
[OUT] Data loading time: 4295.905868 ms
[OUT] 
[OUT] Index build time: 572181.389321 ms
[OUT] 
[OUT] Query execution time: 41651.898617 ms
[OUT] 
[OUT] Total elapsed time: 620091.982093 ms
[OUT] 
[OUT] 
[OUT] ========== EFFICIENCY METRICS ==========
[OUT] 
[OUT] Queries per second: 240.085094
[OUT] 
[OUT] Distance ops per second: 8010883.370964
[OUT] 
[OUT] 
[OUT] ========== END OF LOG ==========
[OUT] 
[OUT] Log saved to: Log/run_20251126_093957_213.log
[OUT] 

Return Code: 0
   [PARSED] Build=572181.39ms, Query=4.1652ms, Recall=0.9923
   [RESULT] m=40 efc=545  efs=897  | Rec=0.9923 Time=4.1652ms Build=572181.39ms
   [SUCCESS] Logged to Log/trial_m40_efc545_efs897_20251126_093957.log
