   [START] m=55, ml=6, efc=692, efs=615
[OUT] ========== HNSW Search Test ==========
[OUT] 
[OUT] Timestamp: Thu Dec  4 10:21:54 2025
[OUT] 
[OUT] Command line arguments:
[OUT]   argv[0]: ./hng1
[OUT]   argv[1]: --m
[OUT]   argv[2]: 55
[OUT]   argv[3]: --max_layer
[OUT]   argv[4]: 6
[OUT]   argv[5]: --efc
[OUT]   argv[6]: 692
[OUT]   argv[7]: --efs
[OUT]   argv[8]: 615
[OUT] 
[OUT] Configuration:
[OUT]   Base file: data_o/glove/base.txt
[OUT]   Query file: data_o/glove/query.txt
[OUT]   Truth file: data_o/glove/truth.txt
[OUT]   K: 10
[OUT]   M: 55
[OUT]   Max layer: 6
[OUT]   EFC: 692
[OUT]   EFS: 615
[OUT]   Threads: -1
[OUT]   Debug: -1
[OUT] 
[OUT] HNSW parameters set.
[OUT] 
[OUT] Ablation flags: csr=0, prefetch=0, simd=0, pruning=0, heap=0
[OUT] 
[OUT] Loading base vectors...
[ERR] Loaded base from binary cache: data_o/glove/base.txt.bin
[OUT] ✓ Base loaded in 2091.159609 ms
[ERR] Loaded queries from binary cache: data_o/glove/query.txt.bin
[OUT] 
[OUT] Loading query vectors...
[OUT] ✓ Queries loaded in 66.898525 ms
[OUT] 
[OUT] Loading ground truth...
[ERR] Loaded truth from binary cache: data_o/glove/truth.txt.bin
[OUT] ✓ Truth loaded in 67.828023 ms
[OUT] 
[OUT] Data Summary:
[OUT]   Dimension d=100, Base vectors=1183514, Queries=10000
[OUT] 
[OUT] 
[OUT] Building HNSW index...
[OUT] [Cache] Loaded index from: cache/hnsw_n1183514_d100_M55_L6_efc692.idx
[OUT] [Cache] Load time: 3657.20 ms
[OUT] ✓ Index built.
[OUT]   build_time(local)=3662.068246 ms
[OUT]   build_time(internal)=3657.200911 ms
[OUT] 
[OUT] 
[OUT] ========== GRAPH QUALITY ==========
[OUT] 
[OUT]   num_nodes: 1183514
[OUT] 
[OUT]   max_level (entry point): 3
[OUT] 
[OUT]   actual_max_layer: 3
[OUT] 
[OUT]   avg_degree_l0: 58.045576
[OUT] 
[OUT]   avg_degree_upper: 0.154970
[OUT] 
[OUT] 
[OUT]   Layer Distribution:
[OUT] 
[OUT]     L0: 1183514 nodes (100.00%)
[OUT] 
[OUT]     L1: 21646 nodes (1.83%)
[OUT] 
[OUT]     L2: 388 nodes (0.03%)
[OUT] 
[OUT]     L3: 9 nodes (0.00%)
[OUT] 
[OUT] 
[OUT] 
[OUT] Executing queries...
[OUT] 
[OUT]   Processed 1000 queries
[OUT] 
[OUT]   Processed 2000 queries
[OUT] 
[OUT]   Processed 3000 queries
[OUT] 
[OUT]   Processed 4000 queries
[OUT] 
[OUT]   Processed 5000 queries
[OUT] 
[OUT]   Processed 6000 queries
[OUT] 
[OUT]   Processed 7000 queries
[OUT] 
[OUT]   Processed 8000 queries
[OUT] 
[OUT]   Processed 9000 queries
[OUT] 
[OUT]   Processed 10000 queries
[OUT] 
[OUT] 
[OUT] ========== RESULTS ==========
[OUT] 
[OUT] Total queries: 10000
[OUT] 
[OUT] Average recall@10: 0.990010
[OUT] 
[OUT] Average query time: 1.997167 ms
[OUT] 
[OUT] Total query time: 19971.670141 ms
[OUT] 
[OUT] 
[OUT] ========== DISTANCE STATISTICS ==========
[OUT] 
[OUT] Total queries reported by index: 10000
[OUT] 
[OUT] Total distance computations: 280572523
[OUT] 
[OUT] Average distance ops per query: 28057.252300
[OUT] 
[OUT] Last query distance ops: 21466
[OUT] 
[OUT] 
[OUT] ========== PERFORMANCE SUMMARY ==========
[OUT] 
[OUT] Data loading time: 2225.886157 ms
[OUT] 
[OUT] Index build time: 3657.200911 ms
[OUT] 
[OUT] Query execution time: 19971.670141 ms
[OUT] 
[OUT] Total elapsed time: 25859.624544 ms
[OUT] 
[OUT] 
[OUT] ========== EFFICIENCY METRICS ==========
[OUT] 
[OUT] Queries per second: 500.709251
[OUT] 
[OUT] Distance ops per second: 14048525.787736
[OUT] 
[OUT] 
[OUT] ========== END OF LOG ==========
[OUT] 
[OUT] Log saved to: Log/run_20251204_102154_585.log
[OUT] 
   [RESULT] Rec=0.9900 Time=1.9972ms
