   [START] m=34, efc=541, efs=768
   [LOG] Log/trial_m34_efc541_efs768_20251126_091837.log
   [RUN 1/1] Executing: ./hng --m 34 --efc 541 --efs 768

============================================================
Trial: m=34, efc=541, efs=768, Run 1/1
Timestamp: 2025-11-26T09:18:37.643735
Command: ./hng --m 34 --efc 541 --efs 768
============================================================

[OUT] ========== HNSW Search Test ==========
[ERR] Loaded base from binary cache: data_o/glove/base.txt.bin
[OUT] 
[OUT] Timestamp: Wed Nov 26 09:18:37 2025
[OUT] 
[OUT] Command line arguments:
[OUT]   argv[0]: ./hng
[OUT]   argv[1]: --m
[OUT]   argv[2]: 34
[OUT]   argv[3]: --efc
[OUT]   argv[4]: 541
[OUT]   argv[5]: --efs
[OUT]   argv[6]: 768
[OUT] 
[OUT] Configuration:
[OUT]   Base file: data_o/glove/base.txt
[OUT]   Query file: data_o/glove/query.txt
[OUT]   Truth file: data_o/glove/truth.txt
[OUT]   K: 10
[OUT]   M: 34
[OUT]   Max layer: -1
[OUT]   EFC: 541
[OUT]   EFS: 768
[OUT]   Threads: -1
[OUT]   Debug: -1
[OUT] 
[OUT] HNSW parameters set.
[OUT] 
[OUT] Loading base vectors...
[OUT] ✓ Base loaded in 4316.782621 ms
[ERR] Loaded queries from binary cache: data_o/glove/query.txt.bin
[OUT] 
[OUT] Loading query vectors...
[OUT] ✓ Queries loaded in 104.263961 ms
[ERR] Loaded truth from binary cache: data_o/glove/truth.txt.bin
[OUT] 
[OUT] Loading ground truth...
[OUT] ✓ Truth loaded in 105.328516 ms
[OUT] 
[OUT] Data Summary:
[OUT]   Dimension d=100, Base vectors=1183514, Queries=10000
[OUT] 
[OUT] 
[OUT] Building HNSW index...
[OUT] [Progress] 119001/1183514 (10.1%) Time: 11018.47 ms
[OUT] [Progress] 240001/1183514 (20.3%) Time: 44568.24 ms
[OUT] [Progress] 359001/1183514 (30.3%) Time: 89620.29 ms
[OUT] [Progress] 479001/1183514 (40.5%) Time: 139215.46 ms
[OUT] [Progress] 598001/1183514 (50.5%) Time: 203374.35 ms
[OUT] [Progress] 717001/1183514 (60.6%) Time: 258928.00 ms
[OUT] [Progress] 836001/1183514 (70.6%) Time: 321494.70 ms
[OUT] [Progress] 955001/1183514 (80.7%) Time: 379528.06 ms
[OUT] [Progress] 1074001/1183514 (90.7%) Time: 447074.23 ms
[OUT] [Timing] Parallel Build: 499126.81 ms for 1183514 points.
[OUT] ✓ Index built.
[OUT]   build_time(local)=501050.685238 ms
[OUT]   build_time(internal)=499126.806838 ms
[OUT] 
[OUT] 
[OUT] Executing queries...
[OUT] 
[OUT]   Processed 1000 queries
[OUT] 
[OUT]   Processed 2000 queries
[OUT] 
[OUT]   Processed 3000 queries
[OUT] 
[OUT]   Processed 4000 queries
[OUT] 
[OUT]   Processed 5000 queries
[OUT] 
[OUT]   Processed 6000 queries
[OUT] 
[OUT]   Processed 7000 queries
[OUT] 
[OUT]   Processed 8000 queries
[OUT] 
[OUT]   Processed 9000 queries
[OUT] 
[OUT]   Processed 10000 queries
[OUT] 
[OUT] 
[OUT] ========== RESULTS ==========
[OUT] 
[OUT] Total queries: 10000
[OUT] 
[OUT] Average recall@10: 0.988120
[OUT] 
[OUT] Average query time: 3.473952 ms
[OUT] 
[OUT] Total query time: 34739.519870 ms
[OUT] 
[OUT] 
[OUT] ========== DISTANCE STATISTICS ==========
[OUT] 
[OUT] Total queries reported by index: 10000
[OUT] 
[OUT] Total distance computations: 269661644
[OUT] 
[OUT] Average distance ops per query: 26966.164400
[OUT] 
[OUT] Last query distance ops: 22127
[OUT] 
[OUT] 
[OUT] ========== PERFORMANCE SUMMARY ==========
[OUT] 
[OUT] Data loading time: 4526.375098 ms
[OUT] 
[OUT] Index build time: 499126.806838 ms
[OUT] 
[OUT] Query execution time: 34739.519870 ms
[OUT] 
[OUT] Total elapsed time: 540316.580206 ms
[OUT] 
[OUT] 
[OUT] ========== EFFICIENCY METRICS ==========
[OUT] 
[OUT] Queries per second: 287.856598
[OUT] 
[OUT] Distance ops per second: 7762388.340688
[OUT] 
[OUT] 
[OUT] ========== END OF LOG ==========
[OUT] 
[OUT] Log saved to: Log/run_20251126_091837_660.log
[OUT] 

Return Code: 0
   [PARSED] Build=499126.81ms, Query=3.4740ms, Recall=0.9881
   [RESULT] m=34 efc=541  efs=768  | Rec=0.9881 Time=3.4740ms Build=499126.81ms
   [SUCCESS] Logged to Log/trial_m34_efc541_efs768_20251126_091837.log
