   [START] m=44, ml=15, efc=649, efs=115
   [LOG] Log/trial_m44_ml15_efc649_efs115_20251202_062521.log
   [RUN 1/1] Executing: ./hng --m 44 --max_layer 15 --efc 649 --efs 115

============================================================
Trial: m=44, ml=15, efc=649, efs=115, Run 1/1
Timestamp: 2025-12-02T06:25:21.153129
Command: ./hng --m 44 --max_layer 15 --efc 649 --efs 115
============================================================

[OUT] ========== HNSW Search Test ==========
[ERR] Loaded base from binary cache: data_o/glove/base.txt.bin
[OUT] 
[OUT] Timestamp: Tue Dec  2 06:25:21 2025
[OUT] 
[OUT] Command line arguments:
[OUT]   argv[0]: ./hng
[OUT]   argv[1]: --m
[OUT]   argv[2]: 44
[OUT]   argv[3]: --max_layer
[OUT]   argv[4]: 15
[OUT]   argv[5]: --efc
[OUT]   argv[6]: 649
[OUT]   argv[7]: --efs
[OUT]   argv[8]: 115
[OUT] 
[OUT] Configuration:
[OUT]   Base file: data_o/glove/base.txt
[OUT]   Query file: data_o/glove/query.txt
[OUT]   Truth file: data_o/glove/truth.txt
[OUT]   K: 10
[OUT]   M: 44
[OUT]   Max layer: 15
[OUT]   EFC: 649
[OUT]   EFS: 115
[OUT]   Threads: -1
[OUT]   Debug: -1
[OUT] 
[OUT] HNSW parameters set.
[OUT] 
[OUT] Loading base vectors...
[OUT] ✓ Base loaded in 3540.259138 ms
[ERR] Loaded queries from binary cache: data_o/glove/query.txt.bin
[OUT] 
[OUT] Loading query vectors...
[OUT] ✓ Queries loaded in 63.459355 ms
[ERR] Loaded truth from binary cache: data_o/glove/truth.txt.bin
[OUT] 
[OUT] Loading ground truth...
[OUT] ✓ Truth loaded in 79.534612 ms
[OUT] 
[OUT] Data Summary:
[OUT]   Dimension d=100, Base vectors=1183514, Queries=10000
[OUT] 
[OUT] 
[OUT] Building HNSW index...
[OUT] [Progress] 125001/1183514 (10.6%) Time: 15516.45 ms
[OUT] [Progress] 245001/1183514 (20.7%) Time: 78904.92 ms
[OUT] [Progress] 364001/1183514 (30.8%) Time: 165259.36 ms
[OUT] [Progress] 483001/1183514 (40.8%) Time: 251700.13 ms
[OUT] [Progress] 602001/1183514 (50.9%) Time: 358042.38 ms
[OUT] [Progress] 721001/1183514 (60.9%) Time: 466606.16 ms
[OUT] [Progress] 840001/1183514 (71.0%) Time: 570097.38 ms
[OUT] [Progress] 959001/1183514 (81.0%) Time: 682138.65 ms
[OUT] [Progress] 1080001/1183514 (91.3%) Time: 797102.39 ms
[OUT] [Timing] Parallel Build: 880317.08 ms for 1183514 points.
[OUT] [FlatHNSW] Converted 1183514 nodes, L0 size: 411456 KB, Upper size: 3711 KB
[OUT] [Timing] Flat Conversion: 1113.52 ms
[OUT] ✓ Index built.
[OUT]   build_time(local)=833465.407559 ms
[OUT]   build_time(internal)=880317.075882 ms
[OUT] 
[OUT] 
[OUT] ========== GRAPH QUALITY ==========
[OUT] 
[OUT]   num_nodes: 1183514
[OUT] 
[OUT]   max_level (entry point): 3
[OUT] 
[OUT]   actual_max_layer: 3
[OUT] 
[OUT]   avg_degree_l0: 54.987948
[OUT] 
[OUT]   avg_degree_upper: 0.177415
[OUT] 
[OUT] 
[OUT]   Layer Distribution:
[OUT] 
[OUT]     L0: 1183514 nodes (100.00%)
[OUT] 
[OUT]     L1: 26833 nodes (2.27%)
[OUT] 
[OUT]     L2: 632 nodes (0.05%)
[OUT] 
[OUT]     L3: 13 nodes (0.00%)
[OUT] 
[OUT] 
[OUT] 
[OUT] Executing queries...
[OUT] 
[OUT]   Processed 1000 queries
[OUT] 
[OUT]   Processed 2000 queries
[OUT] 
[OUT]   Processed 3000 queries
[OUT] 
[OUT]   Processed 4000 queries
[OUT] 
[OUT]   Processed 5000 queries
[OUT] 
[OUT]   Processed 6000 queries
[OUT] 
[OUT]   Processed 7000 queries
[OUT] 
[OUT]   Processed 8000 queries
[OUT] 
[OUT]   Processed 9000 queries
[OUT] 
[OUT]   Processed 10000 queries
[OUT] 
[OUT] 
[OUT] ========== RESULTS ==========
[OUT] 
[OUT] Total queries: 10000
[OUT] 
[OUT] Average recall@10: 0.909320
[OUT] 
[OUT] Average query time: 0.420442 ms
[OUT] 
[OUT] Total query time: 4204.419641 ms
[OUT] 
[OUT] 
[OUT] ========== DISTANCE STATISTICS ==========
[OUT] 
[OUT] Total queries reported by index: 10000
[OUT] 
[OUT] Total distance computations: 0
[OUT] 
[OUT] Average distance ops per query: 0.000000
[OUT] 
[OUT] Last query distance ops: 0
[OUT] 
[OUT] 
[OUT] ========== PERFORMANCE SUMMARY ==========
[OUT] 
[OUT] Data loading time: 3683.253105 ms
[OUT] 
[OUT] Index build time: 880317.075882 ms
[OUT] 
[OUT] Query execution time: 4204.419641 ms
[OUT] 
[OUT] Total elapsed time: 841353.080305 ms
[OUT] 
[OUT] 
[OUT] ========== EFFICIENCY METRICS ==========
[OUT] 
[OUT] Queries per second: 2378.449549
[OUT] 
[OUT] 
[OUT] ========== END OF LOG ==========
[OUT] 
[OUT] Log saved to: Log/run_20251202_062521_168.log
[OUT] 

Return Code: 0
   [PARSED] Build=880317.08ms, Query=0.4204ms, Recall=0.9093
   [RESULT] m=44 ml=15 efc=649  efs=115  | Rec=0.9093 Time=0.4204ms Build=880317.08ms
   [SUCCESS] Logged to Log/trial_m44_ml15_efc649_efs115_20251202_062521.log
