   [START] m=36, ml=13, efc=569, efs=656
[ERR] Loaded base from binary cache: data_o/glove/base.txt.bin
[OUT] ========== HNSW Search Test ==========
[OUT] 
[OUT] Timestamp: Tue Dec  2 08:39:41 2025
[OUT] 
[OUT] Command line arguments:
[OUT]   argv[0]: ./hng
[OUT]   argv[1]: --m
[OUT]   argv[2]: 36
[OUT]   argv[3]: --max_layer
[OUT]   argv[4]: 13
[OUT]   argv[5]: --efc
[OUT]   argv[6]: 569
[OUT]   argv[7]: --efs
[OUT]   argv[8]: 656
[OUT] 
[OUT] Configuration:
[OUT]   Base file: data_o/glove/base.txt
[OUT]   Query file: data_o/glove/query.txt
[OUT]   Truth file: data_o/glove/truth.txt
[OUT]   K: 10
[OUT]   M: 36
[OUT]   Max layer: 13
[OUT]   EFC: 569
[OUT]   EFS: 656
[OUT]   Threads: -1
[OUT]   Debug: -1
[OUT] 
[OUT] HNSW parameters set.
[OUT] 
[OUT] Loading base vectors...
[ERR] Loaded queries from binary cache: data_o/glove/query.txt.bin
[OUT] ✓ Base loaded in 3708.019489 ms
[OUT] 
[OUT] Loading query vectors...
[OUT] ✓ Queries loaded in 90.569867 ms
[ERR] Loaded truth from binary cache: data_o/glove/truth.txt.bin
[OUT] 
[OUT] Loading ground truth...
[OUT] ✓ Truth loaded in 91.660436 ms
[OUT] 
[OUT] Data Summary:
[OUT]   Dimension d=100, Base vectors=1183514, Queries=10000
[OUT] 
[OUT] 
[OUT] Building HNSW index...
[OUT] [Progress] 119001/1183514 (10.1%) Time: 16047.81 ms
[OUT] [Progress] 240001/1183514 (20.3%) Time: 76395.47 ms
[OUT] [Progress] 359001/1183514 (30.3%) Time: 148750.66 ms
[OUT] [Progress] 481001/1183514 (40.6%) Time: 227750.89 ms
[OUT] [Progress] 601001/1183514 (50.8%) Time: 320550.96 ms
[OUT] [Progress] 721001/1183514 (60.9%) Time: 410831.24 ms
[OUT] [Progress] 840001/1183514 (71.0%) Time: 507991.67 ms
[OUT] [Progress] 960001/1183514 (81.1%) Time: 604423.86 ms
[OUT] [Progress] 1079001/1183514 (91.2%) Time: 698054.96 ms
[OUT] [Timing] Parallel Build: 767572.51 ms for 1183514 points.
[OUT] [FlatHNSW] Converted 1183514 nodes, L0 size: 337486 KB, Upper size: 4161 KB
[OUT] [Timing] Flat Conversion: 436.30 ms
[OUT] ✓ Index built.
[OUT]   build_time(local)=732364.028235 ms
[OUT]   build_time(internal)=767572.514838 ms
[OUT] 
[OUT] 
[OUT] ========== GRAPH QUALITY ==========
[OUT] 
[OUT]   num_nodes: 1183514
[OUT] 
[OUT]   max_level (entry point): 4
[OUT] 
[OUT]   actual_max_layer: 4
[OUT] 
[OUT]   avg_degree_l0: 49.701345
[OUT] 
[OUT]   avg_degree_upper: 0.164822
[OUT] 
[OUT] 
[OUT]   Layer Distribution:
[OUT] 
[OUT]     L0: 1183514 nodes (100.00%)
[OUT] 
[OUT]     L1: 32607 nodes (2.76%)
[OUT] 
[OUT]     L2: 895 nodes (0.08%)
[OUT] 
[OUT]     L3: 24 nodes (0.00%)
[OUT] 
[OUT]     L4: 1 nodes (0.00%)
[OUT] 
[OUT] 
[OUT] 
[OUT] Executing queries...
[OUT] 
[OUT]   Processed 1000 queries
[OUT] 
[OUT]   Processed 2000 queries
[OUT] 
[OUT]   Processed 3000 queries
[OUT] 
[OUT]   Processed 4000 queries
[OUT] 
[OUT]   Processed 5000 queries
[OUT] 
[OUT]   Processed 6000 queries
[OUT] 
[OUT]   Processed 7000 queries
[OUT] 
[OUT]   Processed 8000 queries
[OUT] 
[OUT]   Processed 9000 queries
[OUT] 
[OUT]   Processed 10000 queries
[OUT] 
[OUT] 
[OUT] ========== RESULTS ==========
[OUT] 
[OUT] Total queries: 10000
[OUT] 
[OUT] Average recall@10: 0.986550
[OUT] 
[OUT] Average query time: 1.842715 ms
[OUT] 
[OUT] Total query time: 18427.152418 ms
[OUT] 
[OUT] 
[OUT] ========== DISTANCE STATISTICS ==========
[OUT] 
[OUT] Total queries reported by index: 10000
[OUT] 
[OUT] Total distance computations: 0
[OUT] 
[OUT] Average distance ops per query: 0.000000
[OUT] 
[OUT] Last query distance ops: 0
[OUT] 
[OUT] 
[OUT] ========== PERFORMANCE SUMMARY ==========
[OUT] 
[OUT] Data loading time: 3890.249792 ms
[OUT] 
[OUT] Index build time: 767572.514838 ms
[OUT] 
[OUT] Query execution time: 18427.152418 ms
[OUT] 
[OUT] Total elapsed time: 754681.430445 ms
[OUT] 
[OUT] 
[OUT] ========== EFFICIENCY METRICS ==========
[OUT] 
[OUT] Queries per second: 542.677445
[OUT] 
[OUT] 
[OUT] ========== END OF LOG ==========
[OUT] 
[OUT] Log saved to: Log/run_20251202_083941_206.log
[OUT] 
   [PARSED] Rec=0.9866, Time=1.8427ms, Build=767572.51ms
   [RESULT] Rec=0.9866 Time=1.8427ms
