   [START] m=48, ml=8, efc=550, efs=120
   [LOG] Log/trial_m48_ml8_efc550_efs120_20251126_195244.log
   [RUN 1/1] Executing: ./hng --m 48 --max_layer 8 --efc 550 --efs 120

============================================================
Trial: m=48, ml=8, efc=550, efs=120, Run 1/1
Timestamp: 2025-11-26T19:52:44.281386
Command: ./hng --m 48 --max_layer 8 --efc 550 --efs 120
============================================================

[OUT] ========== HNSW Search Test ==========
[ERR] Loaded base from binary cache: data_o/glove/base.txt.bin
[OUT] 
[OUT] Timestamp: Wed Nov 26 19:52:44 2025
[OUT] 
[OUT] Command line arguments:
[OUT]   argv[0]: ./hng
[OUT]   argv[1]: --m
[OUT]   argv[2]: 48
[OUT]   argv[3]: --max_layer
[OUT]   argv[4]: 8
[OUT]   argv[5]: --efc
[OUT]   argv[6]: 550
[OUT]   argv[7]: --efs
[OUT]   argv[8]: 120
[OUT] 
[OUT] Configuration:
[OUT]   Base file: data_o/glove/base.txt
[OUT]   Query file: data_o/glove/query.txt
[OUT]   Truth file: data_o/glove/truth.txt
[OUT]   K: 10
[OUT]   M: 48
[OUT]   Max layer: 8
[OUT]   EFC: 550
[OUT]   EFS: 120
[OUT]   Threads: -1
[OUT]   Debug: -1
[OUT] 
[OUT] HNSW parameters set.
[OUT] 
[OUT] Loading base vectors...
[OUT] ✓ Base loaded in 2167.147107 ms
[ERR] Loaded queries from binary cache: data_o/glove/query.txt.bin
[OUT] 
[OUT] Loading query vectors...
[OUT] ✓ Queries loaded in 69.193592 ms
[OUT] 
[ERR] Loaded truth from binary cache: data_o/glove/truth.txt.bin
[OUT] Loading ground truth...
[OUT] ✓ Truth loaded in 67.327329 ms
[OUT] 
[OUT] Data Summary:
[OUT]   Dimension d=100, Base vectors=1183514, Queries=10000
[OUT] 
[OUT] 
[OUT] Building HNSW index...
[OUT] [Progress] 121001/1183514 (10.2%) Time: 14939.98 ms
[OUT] [Progress] 241001/1183514 (20.4%) Time: 70902.19 ms
[OUT] [Progress] 360001/1183514 (30.4%) Time: 143350.11 ms
[OUT] [Progress] 480001/1183514 (40.6%) Time: 223354.08 ms
[OUT] [Progress] 599001/1183514 (50.6%) Time: 309265.97 ms
[OUT] [Progress] 718001/1183514 (60.7%) Time: 402900.72 ms
[OUT] [Progress] 838001/1183514 (70.8%) Time: 498397.31 ms
[OUT] [Progress] 957001/1183514 (80.9%) Time: 594834.52 ms
[OUT] [Progress] 1076001/1183514 (90.9%) Time: 694256.12 ms
[OUT] [Timing] Parallel Build: 771016.77 ms for 1183514 points.
[OUT] [FlatHNSW] Converted 1183514 nodes, L0 size: 448440 KB, Upper size: 3436 KB
[OUT] [Timing] Flat Conversion: 517.54 ms
[OUT] ✓ Index built.
[OUT]   build_time(local)=791100.734307 ms
[OUT]   build_time(internal)=771016.767538 ms
[OUT] 
[OUT] 
[OUT] ========== GRAPH QUALITY ==========
[OUT] 
[OUT]   num_nodes: 1183514
[OUT] 
[OUT]   max_level (entry point): 3
[OUT] 
[OUT]   actual_max_layer: 3
[OUT] 
[OUT]   avg_degree_l0: 52.540181
[OUT] 
[OUT]   avg_degree_upper: 0.170456
[OUT] 
[OUT] 
[OUT]   Layer Distribution:
[OUT] 
[OUT]     L0: 1183514 nodes (100.00%)
[OUT] 
[OUT]     L1: 24833 nodes (2.10%)
[OUT] 
[OUT]     L2: 531 nodes (0.04%)
[OUT] 
[OUT]     L3: 15 nodes (0.00%)
[OUT] 
[OUT] 
[OUT] 
[OUT] Executing queries...
[OUT] 
[OUT]   Processed 1000 queries
[OUT] 
[OUT]   Processed 2000 queries
[OUT] 
[OUT]   Processed 3000 queries
[OUT] 
[OUT]   Processed 4000 queries
[OUT] 
[OUT]   Processed 5000 queries
[OUT] 
[OUT]   Processed 6000 queries
[OUT] 
[OUT]   Processed 7000 queries
[OUT] 
[OUT]   Processed 8000 queries
[OUT] 
[OUT]   Processed 9000 queries
[OUT] 
[OUT]   Processed 10000 queries
[OUT] 
[OUT] 
[OUT] ========== RESULTS ==========
[OUT] 
[OUT] Total queries: 10000
[OUT] 
[OUT] Average recall@10: 0.910470
[OUT] 
[OUT] Average query time: 0.524118 ms
[OUT] 
[OUT] Total query time: 5241.176156 ms
[OUT] 
[OUT] 
[OUT] ========== DISTANCE STATISTICS ==========
[OUT] 
[OUT] Total queries reported by index: 10000
[OUT] 
[OUT] Total distance computations: 61176851
[OUT] 
[OUT] Average distance ops per query: 6117.685100
[OUT] 
[OUT] Last query distance ops: 5612
[OUT] 
[OUT] 
[OUT] ========== PERFORMANCE SUMMARY ==========
[OUT] 
[OUT] Data loading time: 2303.668028 ms
[OUT] 
[OUT] Index build time: 771016.767538 ms
[OUT] 
[OUT] Query execution time: 5241.176156 ms
[OUT] 
[OUT] Total elapsed time: 798645.578491 ms
[OUT] 
[OUT] 
[OUT] ========== EFFICIENCY METRICS ==========
[OUT] 
[OUT] Queries per second: 1907.968689
[OUT] 
[OUT] Distance ops per second: 11672351.620917
[OUT] 
[OUT] 
[OUT] ========== END OF LOG ==========
[OUT] 
[OUT] Log saved to: Log/run_20251126_195244_285.log
[OUT] 

Return Code: 0
   [PARSED] Build=771016.77ms, Query=0.5241ms, Recall=0.9105
   [RESULT] m=48 ml=8  efc=550  efs=120  | Rec=0.9105 Time=0.5241ms Build=771016.77ms
   [SUCCESS] Logged to Log/trial_m48_ml8_efc550_efs120_20251126_195244.log
