   [START] m=54, ml=18, efc=526, efs=336
   [LOG] Log/trial_m54_ml18_efc526_efs336_20251127_233834.log
   [RUN 1/1] Executing: ./hng --m 54 --max_layer 18 --efc 526 --efs 336

============================================================
Trial: m=54, ml=18, efc=526, efs=336, Run 1/1
Timestamp: 2025-11-27T23:38:34.323278
Command: ./hng --m 54 --max_layer 18 --efc 526 --efs 336
============================================================

[OUT] ========== HNSW Search Test ==========
[ERR] Loaded base from binary cache: data_o/glove/base.txt.bin
[OUT] 
[OUT] Timestamp: Thu Nov 27 23:38:34 2025
[OUT] 
[OUT] Command line arguments:
[OUT]   argv[0]: ./hng
[OUT]   argv[1]: --m
[OUT]   argv[2]: 54
[OUT]   argv[3]: --max_layer
[OUT]   argv[4]: 18
[OUT]   argv[5]: --efc
[OUT]   argv[6]: 526
[OUT]   argv[7]: --efs
[OUT]   argv[8]: 336
[OUT] 
[OUT] Configuration:
[OUT]   Base file: data_o/glove/base.txt
[OUT]   Query file: data_o/glove/query.txt
[OUT]   Truth file: data_o/glove/truth.txt
[OUT]   K: 10
[OUT]   M: 54
[OUT]   Max layer: 18
[OUT]   EFC: 526
[OUT]   EFS: 336
[OUT]   Threads: -1
[OUT]   Debug: -1
[OUT] 
[OUT] HNSW parameters set.
[OUT] 
[OUT] Loading base vectors...
[OUT] ✓ Base loaded in 2305.178297 ms
[ERR] Loaded queries from binary cache: data_o/glove/query.txt.bin
[OUT] 
[OUT] Loading query vectors...
[OUT] ✓ Queries loaded in 73.925480 ms
[ERR] Loaded truth from binary cache: data_o/glove/truth.txt.bin
[OUT] 
[OUT] Loading ground truth...
[OUT] ✓ Truth loaded in 69.275707 ms
[OUT] 
[OUT] Data Summary:
[OUT]   Dimension d=100, Base vectors=1183514, Queries=10000
[OUT] 
[OUT] 
[OUT] Building HNSW index...
[OUT] [Progress] 119001/1183514 (10.1%) Time: 17031.29 ms
[OUT] [Progress] 238001/1183514 (20.1%) Time: 68809.36 ms
[OUT] [Progress] 357001/1183514 (30.2%) Time: 141913.08 ms
[OUT] [Progress] 476001/1183514 (40.2%) Time: 229548.55 ms
[OUT] [Progress] 595001/1183514 (50.3%) Time: 317151.85 ms
[OUT] [Progress] 715001/1183514 (60.4%) Time: 412843.25 ms
[OUT] [Progress] 834001/1183514 (70.5%) Time: 508054.04 ms
[OUT] [Progress] 953001/1183514 (80.5%) Time: 604533.11 ms
[OUT] [Progress] 1073001/1183514 (90.7%) Time: 705354.35 ms
[OUT] [Timing] Parallel Build: 787365.75 ms for 1183514 points.
[OUT] [FlatHNSW] Converted 1183514 nodes, L0 size: 503918 KB, Upper size: 2966 KB
[OUT] [Timing] Flat Conversion: 818.68 ms
[OUT] ✓ Index built.
[OUT]   build_time(local)=841257.804388 ms
[OUT]   build_time(internal)=787365.745596 ms
[OUT] 
[OUT] 
[OUT] ========== GRAPH QUALITY ==========
[OUT] 
[OUT]   num_nodes: 1183514
[OUT] 
[OUT]   max_level (entry point): 3
[OUT] 
[OUT]   actual_max_layer: 3
[OUT] 
[OUT]   avg_degree_l0: 52.132945
[OUT] 
[OUT]   avg_degree_upper: 0.168075
[OUT] 
[OUT] 
[OUT]   Layer Distribution:
[OUT] 
[OUT]     L0: 1183514 nodes (100.00%)
[OUT] 
[OUT]     L1: 21617 nodes (1.83%)
[OUT] 
[OUT]     L2: 392 nodes (0.03%)
[OUT] 
[OUT]     L3: 5 nodes (0.00%)
[OUT] 
[OUT] 
[OUT] 
[OUT] Executing queries...
[OUT] 
[OUT]   Processed 1000 queries
[OUT] 
[OUT]   Processed 2000 queries
[OUT] 
[OUT]   Processed 3000 queries
[OUT] 
[OUT]   Processed 4000 queries
[OUT] 
[OUT]   Processed 5000 queries
[OUT] 
[OUT]   Processed 6000 queries
[OUT] 
[OUT]   Processed 7000 queries
[OUT] 
[OUT]   Processed 8000 queries
[OUT] 
[OUT]   Processed 9000 queries
[OUT] 
[OUT]   Processed 10000 queries
[OUT] 
[OUT] 
[OUT] ========== RESULTS ==========
[OUT] 
[OUT] Total queries: 10000
[OUT] 
[OUT] Average recall@10: 0.970370
[OUT] 
[OUT] Average query time: 1.545718 ms
[OUT] 
[OUT] Total query time: 15457.177732 ms
[OUT] 
[OUT] 
[OUT] ========== DISTANCE STATISTICS ==========
[OUT] 
[OUT] Total queries reported by index: 10000
[OUT] 
[OUT] Total distance computations: 150063136
[OUT] 
[OUT] Average distance ops per query: 15006.313600
[OUT] 
[OUT] Last query distance ops: 12483
[OUT] 
[OUT] 
[OUT] ========== PERFORMANCE SUMMARY ==========
[OUT] 
[OUT] Data loading time: 2448.379484 ms
[OUT] 
[OUT] Index build time: 787365.745596 ms
[OUT] 
[OUT] Query execution time: 15457.177732 ms
[OUT] 
[OUT] Total elapsed time: 859163.361604 ms
[OUT] 
[OUT] 
[OUT] ========== EFFICIENCY METRICS ==========
[OUT] 
[OUT] Queries per second: 646.948633
[OUT] 
[OUT] Distance ops per second: 9708314.066243
[OUT] 
[OUT] 
[OUT] ========== END OF LOG ==========
[OUT] 
[OUT] Log saved to: Log/run_20251127_233834_329.log
[OUT] 

Return Code: 0
   [PARSED] Build=787365.75ms, Query=1.5457ms, Recall=0.9704
   [RESULT] m=54 ml=18 efc=526  efs=336  | Rec=0.9704 Time=1.5457ms Build=787365.75ms
   [SUCCESS] Logged to Log/trial_m54_ml18_efc526_efs336_20251127_233834.log
