   [START] m=39, efc=611, efs=743
   [LOG] Log/trial_m39_efc611_efs743_20251126_011538.log
   [RUN 1/1] Executing: ./hng --m 39 --efc 611 --efs 743

============================================================
Trial: m=39, efc=611, efs=743, Run 1/1
Timestamp: 2025-11-26T01:15:38.244690
Command: ./hng --m 39 --efc 611 --efs 743
============================================================

[OUT] ========== HNSW Search Test ==========
[ERR] Loaded base from binary cache: data_o/glove/base.txt.bin
[OUT] 
[OUT] Timestamp: Wed Nov 26 01:15:38 2025
[OUT] 
[OUT] Command line arguments:
[OUT]   argv[0]: ./hng
[OUT]   argv[1]: --m
[OUT]   argv[2]: 39
[OUT]   argv[3]: --efc
[OUT]   argv[4]: 611
[OUT]   argv[5]: --efs
[OUT]   argv[6]: 743
[OUT] 
[OUT] Configuration:
[OUT]   Base file: data_o/glove/base.txt
[OUT]   Query file: data_o/glove/query.txt
[OUT]   Truth file: data_o/glove/truth.txt
[OUT]   K: 10
[OUT]   M: 39
[OUT]   Max layer: -1
[OUT]   EFC: 611
[OUT]   EFS: 743
[OUT]   Threads: -1
[OUT]   Debug: -1
[OUT] 
[OUT] HNSW parameters set.
[OUT] 
[OUT] Loading base vectors...
[OUT] ✓ Base loaded in 3478.377999 ms
[ERR] Loaded queries from binary cache: data_o/glove/query.txt.bin
[OUT] 
[OUT] Loading query vectors...
[ERR] Loaded truth from binary cache: data_o/glove/truth.txt.bin
[OUT] ✓ Queries loaded in 121.397907 ms
[OUT] 
[OUT] Loading ground truth...
[OUT] ✓ Truth loaded in 66.989015 ms
[OUT] 
[OUT] Data Summary:
[OUT]   Dimension d=100, Base vectors=1183514, Queries=10000
[OUT] 
[OUT] 
[OUT] Building HNSW index...
[OUT] [Progress] 119001/1183514 (10.1%) Time: 11521.93 ms
[OUT] [Progress] 240001/1183514 (20.3%) Time: 47956.08 ms
[OUT] [Progress] 360001/1183514 (30.4%) Time: 102854.28 ms
[OUT] [Progress] 479001/1183514 (40.5%) Time: 162810.73 ms
[OUT] [Progress] 599001/1183514 (50.6%) Time: 228208.65 ms
[OUT] [Progress] 719001/1183514 (60.8%) Time: 298106.57 ms
[OUT] [Progress] 838001/1183514 (70.8%) Time: 370001.99 ms
[OUT] [Progress] 958001/1183514 (80.9%) Time: 444896.80 ms
[OUT] [Progress] 1077001/1183514 (91.0%) Time: 524771.28 ms
[OUT] [Timing] Parallel Build: 580734.06 ms for 1183514 points.
[OUT] ✓ Index built.
[OUT]   build_time(local)=534736.046142 ms
[OUT]   build_time(internal)=580734.059819 ms
[OUT] 
[OUT] 
[OUT] Executing queries...
[OUT] 
[OUT]   Processed 1000 queries
[OUT] 
[OUT]   Processed 2000 queries
[OUT] 
[OUT]   Processed 3000 queries
[OUT] 
[OUT]   Processed 4000 queries
[OUT] 
[OUT]   Processed 5000 queries
[OUT] 
[OUT]   Processed 6000 queries
[OUT] 
[OUT]   Processed 7000 queries
[OUT] 
[OUT]   Processed 8000 queries
[OUT] 
[OUT]   Processed 9000 queries
[OUT] 
[OUT]   Processed 10000 queries
[OUT] 
[OUT] 
[OUT] ========== RESULTS ==========
[OUT] 
[OUT] Total queries: 10000
[OUT] 
[OUT] Average recall@10: 0.990320
[OUT] 
[OUT] Average query time: 3.095767 ms
[OUT] 
[OUT] Total query time: 30957.674997 ms
[OUT] 
[OUT] 
[OUT] ========== DISTANCE STATISTICS ==========
[OUT] 
[OUT] Total queries reported by index: 10000
[OUT] 
[OUT] Total distance computations: 288453766
[OUT] 
[OUT] Average distance ops per query: 28845.376600
[OUT] 
[OUT] Last query distance ops: 23152
[OUT] 
[OUT] 
[OUT] ========== PERFORMANCE SUMMARY ==========
[OUT] 
[OUT] Data loading time: 3666.764921 ms
[OUT] 
[OUT] Index build time: 580734.059819 ms
[OUT] 
[OUT] Query execution time: 30957.674997 ms
[OUT] 
[OUT] Total elapsed time: 569360.486060 ms
[OUT] 
[OUT] 
[OUT] ========== EFFICIENCY METRICS ==========
[OUT] 
[OUT] Queries per second: 323.021674
[OUT] 
[OUT] Distance ops per second: 9317681.835860
[OUT] 
[OUT] 
[OUT] ========== END OF LOG ==========
[OUT] 
[OUT] Log saved to: Log/run_20251126_011538_259.log
[OUT] 

Return Code: 0
   [PARSED] Build=580734.06ms, Query=3.0958ms, Recall=0.9903
   [RESULT] m=39 efc=611  efs=743  | Rec=0.9903 Time=3.0958ms Build=580734.06ms
   [SUCCESS] Logged to Log/trial_m39_efc611_efs743_20251126_011538.log
