   [START] m=44, efc=856, efs=1010
   [LOG] Log/trial_m44_efc856_efs1010_20251126_012601.log
   [RUN 1/1] Executing: ./hng --m 44 --efc 856 --efs 1010

============================================================
Trial: m=44, efc=856, efs=1010, Run 1/1
Timestamp: 2025-11-26T01:26:01.036305
Command: ./hng --m 44 --efc 856 --efs 1010
============================================================

[OUT] ========== HNSW Search Test ==========
[ERR] Loaded base from binary cache: data_o/glove/base.txt.bin
[OUT] 
[OUT] Timestamp: Wed Nov 26 01:26:01 2025
[OUT] 
[OUT] Command line arguments:
[OUT]   argv[0]: ./hng
[OUT]   argv[1]: --m
[OUT]   argv[2]: 44
[OUT]   argv[3]: --efc
[OUT]   argv[4]: 856
[OUT]   argv[5]: --efs
[OUT]   argv[6]: 1010
[OUT] 
[OUT] Configuration:
[OUT]   Base file: data_o/glove/base.txt
[OUT]   Query file: data_o/glove/query.txt
[OUT]   Truth file: data_o/glove/truth.txt
[OUT]   K: 10
[OUT]   M: 44
[OUT]   Max layer: -1
[OUT]   EFC: 856
[OUT]   EFS: 1010
[OUT]   Threads: -1
[OUT]   Debug: -1
[OUT] 
[OUT] HNSW parameters set.
[OUT] 
[OUT] Loading base vectors...
[OUT] ✓ Base loaded in 3354.934102 ms
[ERR] Loaded queries from binary cache: data_o/glove/query.txt.bin
[OUT] 
[OUT] Loading query vectors...
[OUT] ✓ Queries loaded in 68.024642 ms
[ERR] Loaded truth from binary cache: data_o/glove/truth.txt.bin
[OUT] 
[OUT] Loading ground truth...
[OUT] ✓ Truth loaded in 65.824426 ms
[OUT] 
[OUT] Data Summary:
[OUT]   Dimension d=100, Base vectors=1183514, Queries=10000
[OUT] 
[OUT] 
[OUT] Building HNSW index...
[OUT] [Progress] 120001/1183514 (10.1%) Time: 18949.49 ms
[OUT] [Progress] 239001/1183514 (20.2%) Time: 70917.64 ms
[OUT] [Progress] 359001/1183514 (30.3%) Time: 152797.40 ms
[OUT] [Progress] 478001/1183514 (40.4%) Time: 246743.98 ms
[OUT] [Progress] 597001/1183514 (50.4%) Time: 348629.20 ms
[OUT] [Progress] 716001/1183514 (60.5%) Time: 457025.08 ms
[OUT] [Progress] 837001/1183514 (70.7%) Time: 568965.10 ms
[OUT] [Progress] 956001/1183514 (80.8%) Time: 689789.74 ms
[OUT] [Progress] 1075001/1183514 (90.8%) Time: 806699.29 ms
[OUT] [Timing] Parallel Build: 901071.28 ms for 1183514 points.
[OUT] ✓ Index built.
[OUT]   build_time(local)=825778.064557 ms
[OUT]   build_time(internal)=901071.276128 ms
[OUT] 
[OUT] 
[OUT] Executing queries...
[OUT] 
[OUT]   Processed 1000 queries
[OUT] 
[OUT]   Processed 2000 queries
[OUT] 
[OUT]   Processed 3000 queries
[OUT] 
[OUT]   Processed 4000 queries
[OUT] 
[OUT]   Processed 5000 queries
[OUT] 
[OUT]   Processed 6000 queries
[OUT] 
[OUT]   Processed 7000 queries
[OUT] 
[OUT]   Processed 8000 queries
[OUT] 
[OUT]   Processed 9000 queries
[OUT] 
[OUT]   Processed 10000 queries
[OUT] 
[OUT] 
[OUT] ========== RESULTS ==========
[OUT] 
[OUT] Total queries: 10000
[OUT] 
[OUT] Average recall@10: 0.995880
[OUT] 
[OUT] Average query time: 4.633266 ms
[OUT] 
[OUT] Total query time: 46332.663346 ms
[OUT] 
[OUT] 
[OUT] ========== DISTANCE STATISTICS ==========
[OUT] 
[OUT] Total queries reported by index: 10000
[OUT] 
[OUT] Total distance computations: 429586847
[OUT] 
[OUT] Average distance ops per query: 42958.684700
[OUT] 
[OUT] Last query distance ops: 32717
[OUT] 
[OUT] 
[OUT] ========== PERFORMANCE SUMMARY ==========
[OUT] 
[OUT] Data loading time: 3488.783170 ms
[OUT] 
[OUT] Index build time: 901071.276128 ms
[OUT] 
[OUT] Query execution time: 46332.663346 ms
[OUT] 
[OUT] Total elapsed time: 875599.511073 ms
[OUT] 
[OUT] 
[OUT] ========== EFFICIENCY METRICS ==========
[OUT] 
[OUT] Queries per second: 215.830459
[OUT] 
[OUT] Distance ops per second: 9271792.639934
[OUT] 
[OUT] 
[OUT] ========== END OF LOG ==========
[OUT] 
[OUT] Log saved to: Log/run_20251126_012601_049.log
[OUT] 

Return Code: 0
   [PARSED] Build=901071.28ms, Query=4.6333ms, Recall=0.9959
   [RESULT] m=44 efc=856  efs=1010 | Rec=0.9959 Time=4.6333ms Build=901071.28ms
   [SUCCESS] Logged to Log/trial_m44_efc856_efs1010_20251126_012601.log
