   [START] m=50, ml=9, efc=459, efs=940
   [LOG] Log/trial_m50_ml9_efc459_efs940_20251126_220041.log
   [RUN 1/1] Executing: ./hng --m 50 --max_layer 9 --efc 459 --efs 940

============================================================
Trial: m=50, ml=9, efc=459, efs=940, Run 1/1
Timestamp: 2025-11-26T22:00:41.676154
Command: ./hng --m 50 --max_layer 9 --efc 459 --efs 940
============================================================

[OUT] ========== HNSW Search Test ==========
[ERR] Loaded base from binary cache: data_o/glove/base.txt.bin
[OUT] 
[OUT] Timestamp: Wed Nov 26 22:00:41 2025
[OUT] 
[OUT] Command line arguments:
[OUT]   argv[0]: ./hng
[OUT]   argv[1]: --m
[OUT]   argv[2]: 50
[OUT]   argv[3]: --max_layer
[OUT]   argv[4]: 9
[OUT]   argv[5]: --efc
[OUT]   argv[6]: 459
[OUT]   argv[7]: --efs
[OUT]   argv[8]: 940
[OUT] 
[OUT] Configuration:
[OUT]   Base file: data_o/glove/base.txt
[OUT]   Query file: data_o/glove/query.txt
[OUT]   Truth file: data_o/glove/truth.txt
[OUT]   K: 10
[OUT]   M: 50
[OUT]   Max layer: 9
[OUT]   EFC: 459
[OUT]   EFS: 940
[OUT]   Threads: -1
[OUT]   Debug: -1
[OUT] 
[OUT] HNSW parameters set.
[OUT] 
[OUT] Loading base vectors...
[OUT] ✓ Base loaded in 2047.787158 ms
[ERR] Loaded queries from binary cache: data_o/glove/query.txt.bin
[OUT] 
[OUT] Loading query vectors...
[OUT] ✓ Queries loaded in 70.190474 ms
[ERR] Loaded truth from binary cache: data_o/glove/truth.txt.bin
[OUT] 
[OUT] Loading ground truth...
[OUT] ✓ Truth loaded in 68.952394 ms
[OUT] 
[OUT] Data Summary:
[OUT]   Dimension d=100, Base vectors=1183514, Queries=10000
[OUT] 
[OUT] 
[OUT] Building HNSW index...
[OUT] [Progress] 119001/1183514 (10.1%) Time: 12153.14 ms
[OUT] [Progress] 239001/1183514 (20.2%) Time: 55565.17 ms
[OUT] [Progress] 358001/1183514 (30.2%) Time: 115962.45 ms
[OUT] [Progress] 477001/1183514 (40.3%) Time: 186171.66 ms
[OUT] [Progress] 596001/1183514 (50.4%) Time: 257432.12 ms
[OUT] [Progress] 715001/1183514 (60.4%) Time: 340147.26 ms
[OUT] [Progress] 834001/1183514 (70.5%) Time: 415001.17 ms
[OUT] [Progress] 953001/1183514 (80.5%) Time: 496070.95 ms
[OUT] [Progress] 1072001/1183514 (90.6%) Time: 577110.22 ms
[OUT] [Timing] Parallel Build: 642452.67 ms for 1183514 points.
[OUT] [FlatHNSW] Converted 1183514 nodes, L0 size: 466933 KB, Upper size: 3229 KB
[OUT] [Timing] Flat Conversion: 549.30 ms
[OUT] ✓ Index built.
[OUT]   build_time(local)=667778.327812 ms
[OUT]   build_time(internal)=642452.667912 ms
[OUT] 
[OUT] 
[OUT] ========== GRAPH QUALITY ==========
[OUT] 
[OUT]   num_nodes: 1183514
[OUT] 
[OUT]   max_level (entry point): 3
[OUT] 
[OUT]   actual_max_layer: 3
[OUT] 
[OUT]   avg_degree_l0: 48.936433
[OUT] 
[OUT]   avg_degree_upper: 0.172468
[OUT] 
[OUT] 
[OUT]   Layer Distribution:
[OUT] 
[OUT]     L0: 1183514 nodes (100.00%)
[OUT] 
[OUT]     L1: 23774 nodes (2.01%)
[OUT] 
[OUT]     L2: 497 nodes (0.04%)
[OUT] 
[OUT]     L3: 6 nodes (0.00%)
[OUT] 
[OUT] 
[OUT] 
[OUT] Executing queries...
[OUT] 
[OUT]   Processed 1000 queries
[OUT] 
[OUT]   Processed 2000 queries
[OUT] 
[OUT]   Processed 3000 queries
[OUT] 
[OUT]   Processed 4000 queries
[OUT] 
[OUT]   Processed 5000 queries
[OUT] 
[OUT]   Processed 6000 queries
[OUT] 
[OUT]   Processed 7000 queries
[OUT] 
[OUT]   Processed 8000 queries
[OUT] 
[OUT]   Processed 9000 queries
[OUT] 
[OUT]   Processed 10000 queries
[OUT] 
[OUT] 
[OUT] ========== RESULTS ==========
[OUT] 
[OUT] Total queries: 10000
[OUT] 
[OUT] Average recall@10: 0.992710
[OUT] 
[OUT] Average query time: 4.110712 ms
[OUT] 
[OUT] Total query time: 41107.124992 ms
[OUT] 
[OUT] 
[OUT] ========== DISTANCE STATISTICS ==========
[OUT] 
[OUT] Total queries reported by index: 10000
[OUT] 
[OUT] Total distance computations: 349019997
[OUT] 
[OUT] Average distance ops per query: 34901.999700
[OUT] 
[OUT] Last query distance ops: 25946
[OUT] 
[OUT] 
[OUT] ========== PERFORMANCE SUMMARY ==========
[OUT] 
[OUT] Data loading time: 2186.930026 ms
[OUT] 
[OUT] Index build time: 642452.667912 ms
[OUT] 
[OUT] Query execution time: 41107.124992 ms
[OUT] 
[OUT] Total elapsed time: 711072.382830 ms
[OUT] 
[OUT] 
[OUT] ========== EFFICIENCY METRICS ==========
[OUT] 
[OUT] Queries per second: 243.266830
[OUT] 
[OUT] Distance ops per second: 8490498.838533
[OUT] 
[OUT] 
[OUT] ========== END OF LOG ==========
[OUT] 
[OUT] Log saved to: Log/run_20251126_220041_681.log
[OUT] 

Return Code: 0
   [PARSED] Build=642452.67ms, Query=4.1107ms, Recall=0.9927
   [RESULT] m=50 ml=9  efc=459  efs=940  | Rec=0.9927 Time=4.1107ms Build=642452.67ms
   [SUCCESS] Logged to Log/trial_m50_ml9_efc459_efs940_20251126_220041.log
