   [START] m=41, ml=11, efc=589, efs=2000
[OUT] ========== HNSW Search Test ==========
[OUT] 
[OUT] Timestamp: Thu Dec  4 01:19:41 2025
[OUT] 
[OUT] Command line arguments:
[OUT]   argv[0]: ./hng1
[OUT]   argv[1]: --m
[OUT]   argv[2]: 41
[OUT]   argv[3]: --max_layer
[OUT]   argv[4]: 11
[OUT]   argv[5]: --efc
[OUT]   argv[6]: 589
[OUT]   argv[7]: --efs
[OUT]   argv[8]: 2000
[OUT] 
[OUT] Configuration:
[OUT]   Base file: data_o/glove/base.txt
[OUT]   Query file: data_o/glove/query.txt
[OUT]   Truth file: data_o/glove/truth.txt
[OUT]   K: 10
[OUT]   M: 41
[OUT]   Max layer: 11
[OUT]   EFC: 589
[OUT]   EFS: 2000
[OUT]   Threads: -1
[OUT]   Debug: -1
[OUT] 
[OUT] HNSW parameters set.
[OUT] 
[OUT] Ablation flags: csr=0, prefetch=0, simd=0, pruning=0, heap=0
[OUT] 
[OUT] Loading base vectors...
[ERR] Loaded base from binary cache: data_o/glove/base.txt.bin
[OUT] ✓ Base loaded in 2106.582671 ms
[OUT] 
[OUT] Loading query vectors...
[ERR] Loaded queries from binary cache: data_o/glove/query.txt.bin
[OUT] ✓ Queries loaded in 71.907307 ms
[OUT] 
[OUT] Loading ground truth...
[ERR] Loaded truth from binary cache: data_o/glove/truth.txt.bin
[OUT] ✓ Truth loaded in 70.848585 ms
[OUT] 
[OUT] Data Summary:
[OUT]   Dimension d=100, Base vectors=1183514, Queries=10000
[OUT] 
[OUT] 
[OUT] Building HNSW index...
[OUT] [Cache] Cache miss, building index...
[OUT] [Progress] 120001/1183514 (10.1%) Time: 12021.89 ms
[OUT] [Progress] 240001/1183514 (20.3%) Time: 49041.08 ms
[OUT] [Progress] 362001/1183514 (30.6%) Time: 103569.04 ms
[OUT] [Progress] 481001/1183514 (40.6%) Time: 177642.80 ms
[OUT] [Progress] 600001/1183514 (50.7%) Time: 246753.99 ms
[OUT] [Progress] 719001/1183514 (60.8%) Time: 320307.10 ms
[OUT] [Progress] 838001/1183514 (70.8%) Time: 394851.55 ms
[OUT] [Progress] 958001/1183514 (80.9%) Time: 472903.76 ms
[OUT] [Progress] 1078001/1183514 (91.1%) Time: 551449.43 ms
[OUT] [Timing] Parallel Build: 613486.28 ms for 1183514 points.
[OUT] [FlatConvert] Starting conversion for 1183514 nodes, dim=100
[OUT] [Reorder] Generated DFS mapping for 1183514 nodes.
[OUT] [FlatConvert] Reorder enabled, enter_point=0, max_level=3
[OUT] [FlatConvert] Allocating data array: 118351400 floats (451 MB)
[OUT] [FlatConvert] Copying vector data...
[OUT] [FlatConvert] Vector data copied.
[OUT] [FlatConvert] Building L0 CSR structure...
[OUT] [FlatConvert] Total L0 links: 61062884
[OUT] [FlatConvert] L0 CSR built, actual links: 61062884
[OUT] [FlatConvert] Building upper layer structure, max_level=3
[OUT] [FlatHNSW-CSR] Converted & Reordered 1183514 nodes.
[OUT] [Timing] Flat Conversion: 8275.88 ms
[OUT] [Cache] Saved index to: cache/hnsw_n1183514_d100_M41_L11_efc589.idx
[OUT] [Cache] Save time: 3277.75 ms
[OUT] ✓ Index built.
[OUT]   build_time(local)=626593.386447 ms
[OUT]   build_time(internal)=613486.277473 ms
[OUT] 
[OUT] 
[OUT] ========== GRAPH QUALITY ==========
[OUT] 
[OUT]   num_nodes: 1183514
[OUT] 
[OUT]   max_level (entry point): 3
[OUT] 
[OUT]   actual_max_layer: 3
[OUT] 
[OUT]   avg_degree_l0: 51.594560
[OUT] 
[OUT]   avg_degree_upper: 0.230501
[OUT] 
[OUT] 
[OUT]   Layer Distribution:
[OUT] 
[OUT]     L0: 1183514 nodes (100.00%)
[OUT] 
[OUT]     L1: 29035 nodes (2.45%)
[OUT] 
[OUT]     L2: 754 nodes (0.06%)
[OUT] 
[OUT]     L3: 20 nodes (0.00%)
[OUT] 
[OUT] 
[OUT] 
[OUT] Executing queries...
[OUT] 
[OUT]   Processed 1000 queries
[OUT] 
[OUT]   Processed 2000 queries
[OUT] 
[OUT]   Processed 3000 queries
[OUT] 
[OUT]   Processed 4000 queries
[OUT] 
[OUT]   Processed 5000 queries
[OUT] 
[OUT]   Processed 6000 queries
[OUT] 
[OUT]   Processed 7000 queries
[OUT] 
[OUT]   Processed 8000 queries
[OUT] 
[OUT]   Processed 9000 queries
[OUT] 
[OUT]   Processed 10000 queries
[OUT] 
[OUT] 
[OUT] ========== RESULTS ==========
[OUT] 
[OUT] Total queries: 10000
[OUT] 
[OUT] Average recall@10: 0.965320
[OUT] 
[OUT] Average query time: 5.547810 ms
[OUT] 
[OUT] Total query time: 55478.099369 ms
[OUT] 
[OUT] 
[OUT] ========== DISTANCE STATISTICS ==========
[OUT] 
[OUT] Total queries reported by index: 10000
[OUT] 
[OUT] Total distance computations: 682266379
[OUT] 
[OUT] Average distance ops per query: 68226.637900
[OUT] 
[OUT] Last query distance ops: 48466
[OUT] 
[OUT] 
[OUT] ========== PERFORMANCE SUMMARY ==========
[OUT] 
[OUT] Data loading time: 2249.338563 ms
[OUT] 
[OUT] Index build time: 613486.277473 ms
[OUT] 
[OUT] Query execution time: 55478.099369 ms
[OUT] 
[OUT] Total elapsed time: 684320.824379 ms
[OUT] 
[OUT] 
[OUT] ========== EFFICIENCY METRICS ==========
[OUT] 
[OUT] Queries per second: 180.251308
[OUT] 
[OUT] Distance ops per second: 12297940.750675
[OUT] 
[OUT] 
[OUT] ========== END OF LOG ==========
[OUT] 
[OUT] Log saved to: Log/run_20251204_011941_532.log
[OUT] 
   [RESULT] Rec=0.9653 Time=5.5478ms
