   [START] m=62, efc=667, efs=1003
   [LOG] Log/trial_m62_efc667_efs1003_20251125_222608.log
   [RUN 1/1] Executing: ./hng --m 62 --efc 667 --efs 1003

============================================================
Trial: m=62, efc=667, efs=1003, Run 1/1
Timestamp: 2025-11-25T22:26:08.477830
Command: ./hng --m 62 --efc 667 --efs 1003
============================================================

[OUT] ========== HNSW Search Test ==========
[ERR] Loaded base from binary cache: data_o/glove/base.txt.bin
[OUT] 
[OUT] Timestamp: Tue Nov 25 22:26:08 2025
[OUT] 
[OUT] Command line arguments:
[OUT]   argv[0]: ./hng
[OUT]   argv[1]: --m
[OUT]   argv[2]: 62
[OUT]   argv[3]: --efc
[OUT]   argv[4]: 667
[OUT]   argv[5]: --efs
[OUT]   argv[6]: 1003
[OUT] 
[OUT] Configuration:
[OUT]   Base file: data_o/glove/base.txt
[OUT]   Query file: data_o/glove/query.txt
[OUT]   Truth file: data_o/glove/truth.txt
[OUT]   K: 10
[OUT]   M: 62
[OUT]   Max layer: -1
[OUT]   EFC: 667
[OUT]   EFS: 1003
[OUT]   Threads: -1
[OUT]   Debug: -1
[OUT] 
[OUT] HNSW parameters set.
[OUT] 
[OUT] Loading base vectors...
[OUT] ✓ Base loaded in 3796.451644 ms
[ERR] Loaded queries from binary cache: data_o/glove/query.txt.bin
[OUT] 
[OUT] Loading query vectors...
[OUT] ✓ Queries loaded in 73.567989 ms
[ERR] Loaded truth from binary cache: data_o/glove/truth.txt.bin
[OUT] 
[OUT] Loading ground truth...
[OUT] ✓ Truth loaded in 66.988227 ms
[OUT] 
[OUT] Data Summary:
[OUT]   Dimension d=100, Base vectors=1183514, Queries=10000
[OUT] 
[OUT] 
[OUT] Building HNSW index...
[OUT] [Progress] 126001/1183514 (10.6%) Time: 13016.30 ms
[OUT] [Progress] 247001/1183514 (20.9%) Time: 64410.84 ms
[OUT] [Progress] 366001/1183514 (30.9%) Time: 132294.90 ms
[OUT] [Progress] 485001/1183514 (41.0%) Time: 209694.69 ms
[OUT] [Progress] 604001/1183514 (51.0%) Time: 297858.42 ms
[OUT] [Progress] 723001/1183514 (61.1%) Time: 386014.16 ms
[OUT] [Progress] 842001/1183514 (71.1%) Time: 481093.59 ms
[OUT] [Progress] 961001/1183514 (81.2%) Time: 575158.29 ms
[OUT] [Progress] 1080001/1183514 (91.3%) Time: 673427.24 ms
[OUT] [Timing] Parallel Build: 749079.99 ms for 1183514 points.
[OUT] ✓ Index built.
[OUT]   build_time(local)=703514.193838 ms
[OUT]   build_time(internal)=749079.992681 ms
[OUT] 
[OUT] 
[OUT] Executing queries...
[OUT] 
[OUT]   Processed 1000 queries
[OUT] 
[OUT]   Processed 2000 queries
[OUT] 
[OUT]   Processed 3000 queries
[OUT] 
[OUT]   Processed 4000 queries
[OUT] 
[OUT]   Processed 5000 queries
[OUT] 
[OUT]   Processed 6000 queries
[OUT] 
[OUT]   Processed 7000 queries
[OUT] 
[OUT]   Processed 8000 queries
[OUT] 
[OUT]   Processed 9000 queries
[OUT] 
[OUT]   Processed 10000 queries
[OUT] 
[OUT] 
[OUT] ========== RESULTS ==========
[OUT] 
[OUT] Total queries: 10000
[OUT] 
[OUT] Average recall@10: 0.996030
[OUT] 
[OUT] Average query time: 5.114423 ms
[OUT] 
[OUT] Total query time: 51144.232895 ms
[OUT] 
[OUT] 
[OUT] ========== DISTANCE STATISTICS ==========
[OUT] 
[OUT] Total queries reported by index: 10000
[OUT] 
[OUT] Total distance computations: 431024793
[OUT] 
[OUT] Average distance ops per query: 43102.479400
[OUT] 
[OUT] Last query distance ops: 30818
[OUT] 
[OUT] 
[OUT] ========== PERFORMANCE SUMMARY ==========
[OUT] 
[OUT] Data loading time: 3937.007860 ms
[OUT] 
[OUT] Index build time: 749079.992681 ms
[OUT] 
[OUT] Query execution time: 51144.232895 ms
[OUT] 
[OUT] Total elapsed time: 758595.434593 ms
[OUT] 
[OUT] 
[OUT] ========== EFFICIENCY METRICS ==========
[OUT] 
[OUT] Queries per second: 195.525467
[OUT] 
[OUT] Distance ops per second: 8427632.395717
[OUT] 
[OUT] 
[OUT] ========== END OF LOG ==========
[OUT] 
[OUT] Log saved to: Log/run_20251125_222608_491.log
[OUT] 

Return Code: 0
   [PARSED] Build=749079.99ms, Query=5.1144ms, Recall=0.9960
   [RESULT] m=62 efc=667  efs=1003 | Rec=0.9960 Time=5.1144ms Build=749079.99ms
   [SUCCESS] Logged to Log/trial_m62_efc667_efs1003_20251125_222608.log
