   [START] m=44, ml=7, efc=1036, efs=2000
[OUT] ========== HNSW Search Test ==========
[ERR] Loaded base from binary cache: data_o/glove/base.txt.bin
[OUT] 
[OUT] Timestamp: Sun Dec  7 23:20:19 2025
[OUT] 
[OUT] Command line arguments:
[OUT]   argv[0]: ./hng3
[OUT]   argv[1]: --m
[OUT]   argv[2]: 44
[OUT]   argv[3]: --max_layer
[OUT]   argv[4]: 7
[OUT]   argv[5]: --efc
[OUT]   argv[6]: 1036
[OUT]   argv[7]: --efs
[OUT]   argv[8]: 2000
[OUT] 
[OUT] Configuration:
[OUT]   Base file: data_o/glove/base.txt
[OUT]   Query file: data_o/glove/query.txt
[OUT]   Truth file: data_o/glove/truth.txt
[OUT]   K: 10
[OUT]   M: 44
[OUT]   Max layer: 7
[OUT]   EFC: 1036
[OUT]   EFS: 2000
[OUT]   Threads: -1
[OUT]   Debug: -1
[OUT] 
[OUT] HNSW parameters set.
[OUT] 
[OUT] Ablation flags: csr=0, prefetch=0, simd=0, pruning=0, heap=0
[OUT] 
[OUT] Loading base vectors...
[OUT] ✓ Base loaded in 2160.489058 ms
[OUT] 
[OUT] Loading query vectors...
[ERR] Loaded queries from binary cache: data_o/glove/query.txt.bin
[OUT] ✓ Queries loaded in 70.651802 ms
[OUT] 
[OUT] Loading ground truth...
[ERR] Loaded truth from binary cache: data_o/glove/truth.txt.bin
[OUT] ✓ Truth loaded in 69.415555 ms
[OUT] 
[OUT] Data Summary:
[OUT]   Dimension d=100, Base vectors=1183514, Queries=10000
[OUT] 
[OUT] 
[OUT] Building HNSW index...
[OUT] [Progress] 52001/1183514 (4.4%) Time: 55518.15 ms
[OUT] [Progress] 102001/1183514 (8.6%) Time: 138065.64 ms
[OUT] [Progress] 152001/1183514 (12.8%) Time: 197447.26 ms
[OUT] [Progress] 202001/1183514 (17.1%) Time: 292205.98 ms
[OUT] [Progress] 252001/1183514 (21.3%) Time: 374437.51 ms
[OUT] [Progress] 302001/1183514 (25.5%) Time: 459594.00 ms
[OUT] [Progress] 353001/1183514 (29.8%) Time: 564133.58 ms
[OUT] [Progress] 403001/1183514 (34.1%) Time: 652315.62 ms
[OUT] [Progress] 453001/1183514 (38.3%) Time: 759682.11 ms
