   [START] m=63, ml=3, efc=661, efs=2000
[OUT] ========== HNSW Search Test ==========
[OUT] 
[OUT] Timestamp: Thu Dec  4 09:01:35 2025
[OUT] 
[OUT] Command line arguments:
[OUT]   argv[0]: ./hng1
[OUT]   argv[1]: --m
[OUT]   argv[2]: 63
[OUT]   argv[3]: --max_layer
[OUT]   argv[4]: 3
[OUT]   argv[5]: --efc
[OUT]   argv[6]: 661
[OUT]   argv[7]: --efs
[OUT]   argv[8]: 2000
[OUT] 
[OUT] Configuration:
[ERR] Loaded base from binary cache: data_o/glove/base.txt.bin
[OUT]   Base file: data_o/glove/base.txt
[OUT]   Query file: data_o/glove/query.txt
[OUT]   Truth file: data_o/glove/truth.txt
[OUT]   K: 10
[OUT]   M: 63
[OUT]   Max layer: 3
[OUT]   EFC: 661
[OUT]   EFS: 2000
[OUT]   Threads: -1
[OUT]   Debug: -1
[OUT] 
[OUT] HNSW parameters set.
[OUT] 
[OUT] Ablation flags: csr=0, prefetch=0, simd=0, pruning=0, heap=0
[OUT] 
[OUT] Loading base vectors...
[OUT] ✓ Base loaded in 2111.618159 ms
[OUT] 
[ERR] Loaded queries from binary cache: data_o/glove/query.txt.bin
[OUT] Loading query vectors...
[OUT] ✓ Queries loaded in 69.009765 ms
[OUT] 
[OUT] Loading ground truth...
[ERR] Loaded truth from binary cache: data_o/glove/truth.txt.bin
[OUT] ✓ Truth loaded in 63.984713 ms
[OUT] 
[OUT] Data Summary:
[OUT]   Dimension d=100, Base vectors=1183514, Queries=10000
[OUT] 
[OUT] 
[OUT] Building HNSW index...
[OUT] [Cache] Cache miss, building index...
[OUT] [Progress] 120001/1183514 (10.1%) Time: 14532.44 ms
[OUT] [Progress] 243001/1183514 (20.5%) Time: 60069.20 ms
[OUT] [Progress] 363001/1183514 (30.7%) Time: 130129.22 ms
[OUT] [Progress] 482001/1183514 (40.7%) Time: 213221.84 ms
[OUT] [Progress] 601001/1183514 (50.8%) Time: 304766.73 ms
[OUT] [Progress] 723001/1183514 (61.1%) Time: 403324.91 ms
[OUT] [Progress] 842001/1183514 (71.1%) Time: 509908.40 ms
[OUT] [Progress] 961001/1183514 (81.2%) Time: 611994.48 ms
[OUT] [Progress] 1080001/1183514 (91.3%) Time: 724594.21 ms
[OUT] [Timing] Parallel Build: 812173.45 ms for 1183514 points.
[OUT] [FlatConvert] Starting conversion for 1183514 nodes, dim=100
[OUT] [Reorder] Generated DFS mapping for 1183514 nodes.
[OUT] [FlatConvert] Reorder enabled, enter_point=0, max_level=3
[OUT] [FlatConvert] Allocating data array: 118351400 floats (451 MB)
[OUT] [FlatConvert] Copying vector data...
[OUT] [FlatConvert] Vector data copied.
[OUT] [FlatConvert] Building L0 CSR structure...
[OUT] [FlatConvert] Total L0 links: 67989771
[OUT] [FlatConvert] L0 CSR built, actual links: 67989771
[OUT] [FlatConvert] Building upper layer structure, max_level=3
[OUT] [FlatHNSW-CSR] Converted & Reordered 1183514 nodes.
[OUT] [Timing] Flat Conversion: 9442.92 ms
[OUT] [Cache] Saved index to: cache/hnsw_n1183514_d100_M63_L3_efc661.idx
[OUT] [Cache] Save time: 3350.62 ms
