   [START] m=61, efc=322, efs=1894
   [LOG] Log/trial_m61_efc322_efs1894_20251125_230947.log
   [RUN 1/1] Executing: ./hng --m 61 --efc 322 --efs 1894

============================================================
Trial: m=61, efc=322, efs=1894, Run 1/1
Timestamp: 2025-11-25T23:09:47.961364
Command: ./hng --m 61 --efc 322 --efs 1894
============================================================

[OUT] ========== HNSW Search Test ==========
[ERR] Loaded base from binary cache: data_o/glove/base.txt.bin
[OUT] 
[OUT] Timestamp: Tue Nov 25 23:09:47 2025
[OUT] 
[OUT] Command line arguments:
[OUT]   argv[0]: ./hng
[OUT]   argv[1]: --m
[OUT]   argv[2]: 61
[OUT]   argv[3]: --efc
[OUT]   argv[4]: 322
[OUT]   argv[5]: --efs
[OUT]   argv[6]: 1894
[OUT] 
[OUT] Configuration:
[OUT]   Base file: data_o/glove/base.txt
[OUT]   Query file: data_o/glove/query.txt
[OUT]   Truth file: data_o/glove/truth.txt
[OUT]   K: 10
[OUT]   M: 61
[OUT]   Max layer: -1
[OUT]   EFC: 322
[OUT]   EFS: 1894
[OUT]   Threads: -1
[OUT]   Debug: -1
[OUT] 
[OUT] HNSW parameters set.
[OUT] 
[OUT] Loading base vectors...
[OUT] ✓ Base loaded in 3640.196831 ms
[ERR] Loaded queries from binary cache: data_o/glove/query.txt.bin
[OUT] 
[OUT] Loading query vectors...
[OUT] ✓ Queries loaded in 72.906320 ms
[ERR] Loaded truth from binary cache: data_o/glove/truth.txt.bin
[OUT] 
[OUT] Loading ground truth...
[OUT] ✓ Truth loaded in 67.975821 ms
[OUT] 
[OUT] Data Summary:
[OUT]   Dimension d=100, Base vectors=1183514, Queries=10000
[OUT] 
[OUT] 
[OUT] Building HNSW index...
[OUT] [Progress] 122001/1183514 (10.3%) Time: 5513.82 ms
[OUT] [Progress] 243001/1183514 (20.5%) Time: 28348.89 ms
[OUT] [Progress] 365001/1183514 (30.8%) Time: 54814.00 ms
[OUT] [Progress] 485001/1183514 (41.0%) Time: 85247.76 ms
[OUT] [Progress] 605001/1183514 (51.1%) Time: 114264.65 ms
[OUT] [Progress] 725001/1183514 (61.3%) Time: 147748.43 ms
[OUT] [Progress] 846001/1183514 (71.5%) Time: 181717.18 ms
[OUT] [Progress] 966001/1183514 (81.6%) Time: 217669.29 ms
[OUT] [Progress] 1085001/1183514 (91.7%) Time: 254122.75 ms
[OUT] [Timing] Parallel Build: 280054.48 ms for 1183514 points.
[OUT] ✓ Index built.
[OUT]   build_time(local)=256679.415466 ms
[OUT]   build_time(internal)=280054.476289 ms
[OUT] 
[OUT] 
[OUT] Executing queries...
[OUT] 
[OUT]   Processed 1000 queries
[OUT] 
[OUT]   Processed 2000 queries
[OUT] 
[OUT]   Processed 3000 queries
[OUT] 
[OUT]   Processed 4000 queries
[OUT] 
[OUT]   Processed 5000 queries
[OUT] 
[OUT]   Processed 6000 queries
[OUT] 
[OUT]   Processed 7000 queries
[OUT] 
[OUT]   Processed 8000 queries
[OUT] 
[OUT]   Processed 9000 queries
[OUT] 
[OUT]   Processed 10000 queries
[OUT] 
[OUT] 
[OUT] ========== RESULTS ==========
[OUT] 
[OUT] Total queries: 10000
[OUT] 
[OUT] Average recall@10: 0.649150
[OUT] 
[OUT] Average query time: 7.320963 ms
[OUT] 
[OUT] Total query time: 73209.625468 ms
[OUT] 
[OUT] 
[OUT] ========== DISTANCE STATISTICS ==========
[OUT] 
[OUT] Total queries reported by index: 10000
[OUT] 
[OUT] Total distance computations: 525010463
[OUT] 
[OUT] Average distance ops per query: 52501.046300
[OUT] 
[OUT] Last query distance ops: 35759
[OUT] 
[OUT] 
[OUT] ========== PERFORMANCE SUMMARY ==========
[OUT] 
[OUT] Data loading time: 3781.078972 ms
[OUT] 
[OUT] Index build time: 280054.476289 ms
[OUT] 
[OUT] Query execution time: 73209.625468 ms
[OUT] 
[OUT] Total elapsed time: 333670.119906 ms
[OUT] 
[OUT] 
[OUT] ========== EFFICIENCY METRICS ==========
[OUT] 
[OUT] Queries per second: 136.594060
[OUT] 
[OUT] Distance ops per second: 7171331.087187
[OUT] 
[OUT] 
[OUT] ========== END OF LOG ==========
[OUT] 
[OUT] Log saved to: Log/run_20251125_230947_976.log
[OUT] 

Return Code: 0
   [PARSED] Build=280054.48ms, Query=7.3210ms, Recall=0.6492
   [RESULT] m=61 efc=322  efs=1894 | Rec=0.6492 Time=7.3210ms Build=280054.48ms
   [SUCCESS] Logged to Log/trial_m61_efc322_efs1894_20251125_230947.log
