   [START] m=51, ml=7, efc=603, efs=457
[ERR] Loaded base from binary cache: data_o/glove/base.txt.bin
[OUT] ========== HNSW Search Test ==========
[OUT] 
[OUT] Timestamp: Tue Dec  2 09:09:14 2025
[OUT] 
[OUT] Command line arguments:
[OUT]   argv[0]: ./hng
[OUT]   argv[1]: --m
[OUT]   argv[2]: 51
[OUT]   argv[3]: --max_layer
[OUT]   argv[4]: 7
[OUT]   argv[5]: --efc
[OUT]   argv[6]: 603
[OUT]   argv[7]: --efs
[OUT]   argv[8]: 457
[OUT] 
[OUT] Configuration:
[OUT]   Base file: data_o/glove/base.txt
[OUT]   Query file: data_o/glove/query.txt
[OUT]   Truth file: data_o/glove/truth.txt
[OUT]   K: 10
[OUT]   M: 51
[OUT]   Max layer: 7
[OUT]   EFC: 603
[OUT]   EFS: 457
[OUT]   Threads: -1
[OUT]   Debug: -1
[OUT] 
[OUT] HNSW parameters set.
[OUT] 
[OUT] Loading base vectors...
[OUT] ✓ Base loaded in 3767.163506 ms
[ERR] Loaded queries from binary cache: data_o/glove/query.txt.bin
[OUT] 
[OUT] Loading query vectors...
[OUT] ✓ Queries loaded in 77.154472 ms
[OUT] 
[ERR] Loaded truth from binary cache: data_o/glove/truth.txt.bin
[OUT] Loading ground truth...
[OUT] ✓ Truth loaded in 79.694973 ms
[OUT] 
[OUT] Data Summary:
[OUT]   Dimension d=100, Base vectors=1183514, Queries=10000
[OUT] 
[OUT] 
[OUT] Building HNSW index...
[OUT] [Progress] 122001/1183514 (10.3%) Time: 16515.48 ms
[OUT] [Progress] 242001/1183514 (20.4%) Time: 82379.79 ms
[OUT] [Progress] 361001/1183514 (30.5%) Time: 161509.32 ms
[OUT] [Progress] 480001/1183514 (40.6%) Time: 254650.64 ms
[OUT] [Progress] 599001/1183514 (50.6%) Time: 353412.33 ms
[OUT] [Progress] 718001/1183514 (60.7%) Time: 454085.45 ms
[OUT] [Progress] 837001/1183514 (70.7%) Time: 562420.62 ms
[OUT] [Progress] 956001/1183514 (80.8%) Time: 675065.75 ms
[OUT] [Progress] 1075001/1183514 (90.8%) Time: 786079.82 ms
[OUT] [Timing] Parallel Build: 868922.30 ms for 1183514 points.
[OUT] [FlatHNSW] Converted 1183514 nodes, L0 size: 476179 KB, Upper size: 3230 KB
[OUT] [Timing] Flat Conversion: 555.92 ms
[OUT] ✓ Index built.
[OUT]   build_time(local)=829751.025777 ms
[OUT]   build_time(internal)=868922.296256 ms
[OUT] 
[OUT] 
[OUT] ========== GRAPH QUALITY ==========
[OUT] 
[OUT]   num_nodes: 1183514
[OUT] 
[OUT]   max_level (entry point): 3
[OUT] 
[OUT]   actual_max_layer: 3
[OUT] 
[OUT]   avg_degree_l0: 54.804279
[OUT] 
[OUT]   avg_degree_upper: 0.160642
[OUT] 
[OUT] 
[OUT]   Layer Distribution:
[OUT] 
[OUT]     L0: 1183514 nodes (100.00%)
[OUT] 
[OUT]     L1: 23195 nodes (1.96%)
[OUT] 
[OUT]     L2: 424 nodes (0.04%)
[OUT] 
[OUT]     L3: 5 nodes (0.00%)
[OUT] 
[OUT] 
[OUT] 
[OUT] Executing queries...
[OUT] 
[OUT]   Processed 1000 queries
[OUT] 
[OUT]   Processed 2000 queries
[OUT] 
[OUT]   Processed 3000 queries
[OUT] 
[OUT]   Processed 4000 queries
[OUT] 
[OUT]   Processed 5000 queries
[OUT] 
[OUT]   Processed 6000 queries
[OUT] 
[OUT]   Processed 7000 queries
[OUT] 
[OUT]   Processed 8000 queries
[OUT] 
[OUT]   Processed 9000 queries
[OUT] 
[OUT]   Processed 10000 queries
[OUT] 
[OUT] 
[OUT] ========== RESULTS ==========
[OUT] 
[OUT] Total queries: 10000
[OUT] 
[OUT] Average recall@10: 0.981530
[OUT] 
[OUT] Average query time: 1.392388 ms
[OUT] 
[OUT] Total query time: 13923.882688 ms
[OUT] 
[OUT] 
[OUT] ========== DISTANCE STATISTICS ==========
[OUT] 
[OUT] Total queries reported by index: 10000
[OUT] 
[OUT] Total distance computations: 0
[OUT] 
[OUT] Average distance ops per query: 0.000000
[OUT] 
[OUT] Last query distance ops: 0
[OUT] 
[OUT] 
[OUT] ========== PERFORMANCE SUMMARY ==========
[OUT] 
[OUT] Data loading time: 3924.012951 ms
[OUT] 
[OUT] Index build time: 868922.296256 ms
[OUT] 
[OUT] Query execution time: 13923.882688 ms
[OUT] 
[OUT] Total elapsed time: 847598.921416 ms
[OUT] 
[OUT] 
[OUT] ========== EFFICIENCY METRICS ==========
[OUT] 
[OUT] Queries per second: 718.190481
[OUT] 
[OUT] 
[OUT] ========== END OF LOG ==========
[OUT] 
[OUT] Log saved to: Log/run_20251202_090914_667.log
[OUT] 
   [PARSED] Rec=0.9815, Time=1.3924ms, Build=868922.30ms
   [RESULT] Rec=0.9815 Time=1.3924ms
