   [START] m=29, ml=4, efc=405, efs=104
   [LOG] Log/trial_m29_ml4_efc405_efs104_20251128_105143.log
   [RUN 1/1] Executing: ./hng --m 29 --max_layer 4 --efc 405 --efs 104

============================================================
Trial: m=29, ml=4, efc=405, efs=104, Run 1/1
Timestamp: 2025-11-28T10:51:43.358519
Command: ./hng --m 29 --max_layer 4 --efc 405 --efs 104
============================================================

[OUT] ========== HNSW Search Test ==========
[ERR] Loaded base from binary cache: data_o/glove/base.txt.bin
[OUT] 
[OUT] Timestamp: Fri Nov 28 10:51:43 2025
[OUT] 
[OUT] Command line arguments:
[OUT]   argv[0]: ./hng
[OUT]   argv[1]: --m
[OUT]   argv[2]: 29
[OUT]   argv[3]: --max_layer
[OUT]   argv[4]: 4
[OUT]   argv[5]: --efc
[OUT]   argv[6]: 405
[OUT]   argv[7]: --efs
[OUT]   argv[8]: 104
[OUT] 
[OUT] Configuration:
[OUT]   Base file: data_o/glove/base.txt
[OUT]   Query file: data_o/glove/query.txt
[OUT]   Truth file: data_o/glove/truth.txt
[OUT]   K: 10
[OUT]   M: 29
[OUT]   Max layer: 4
[OUT]   EFC: 405
[OUT]   EFS: 104
[OUT]   Threads: -1
[OUT]   Debug: -1
[OUT] 
[OUT] HNSW parameters set.
[OUT] 
[OUT] Loading base vectors...
[OUT] ✓ Base loaded in 2353.751611 ms
[ERR] Loaded queries from binary cache: data_o/glove/query.txt.bin
[OUT] 
[OUT] Loading query vectors...
[OUT] ✓ Queries loaded in 72.566870 ms
[ERR] Loaded truth from binary cache: data_o/glove/truth.txt.bin
[OUT] 
[OUT] Loading ground truth...
