   [START] m=39, ml=13, efc=306, efs=542
   [LOG] Log/trial_m39_ml13_efc306_efs542_20251127_123814.log
   [RUN 1/1] Executing: ./hng --m 39 --max_layer 13 --efc 306 --efs 542

============================================================
Trial: m=39, ml=13, efc=306, efs=542, Run 1/1
Timestamp: 2025-11-27T12:38:14.662752
Command: ./hng --m 39 --max_layer 13 --efc 306 --efs 542
============================================================

[ERR] Loaded base from binary cache: data_o/glove/base.txt.bin
[OUT] ========== HNSW Search Test ==========
[OUT] 
[OUT] Timestamp: Thu Nov 27 12:38:14 2025
[OUT] 
[OUT] Command line arguments:
[OUT]   argv[0]: ./hng
[OUT]   argv[1]: --m
[OUT]   argv[2]: 39
[OUT]   argv[3]: --max_layer
[OUT]   argv[4]: 13
[OUT]   argv[5]: --efc
[OUT]   argv[6]: 306
[OUT]   argv[7]: --efs
[OUT]   argv[8]: 542
[OUT] 
[OUT] Configuration:
[OUT]   Base file: data_o/glove/base.txt
[OUT]   Query file: data_o/glove/query.txt
[OUT]   Truth file: data_o/glove/truth.txt
[OUT]   K: 10
[OUT]   M: 39
[OUT]   Max layer: 13
[OUT]   EFC: 306
[OUT]   EFS: 542
[OUT]   Threads: -1
[OUT]   Debug: -1
[OUT] 
[OUT] HNSW parameters set.
[OUT] 
[OUT] Loading base vectors...
[OUT] ✓ Base loaded in 2314.480513 ms
[ERR] Loaded queries from binary cache: data_o/glove/query.txt.bin
[OUT] 
[OUT] Loading query vectors...
[OUT] ✓ Queries loaded in 76.690545 ms
[ERR] Loaded truth from binary cache: data_o/glove/truth.txt.bin
[OUT] 
[OUT] Loading ground truth...
[OUT] ✓ Truth loaded in 83.941655 ms
[OUT] 
[OUT] Data Summary:
[OUT]   Dimension d=100, Base vectors=1183514, Queries=10000
[OUT] 
[OUT] 
[OUT] Building HNSW index...
[OUT] [Progress] 120001/1183514 (10.1%) Time: 9511.75 ms
[OUT] [Progress] 239001/1183514 (20.2%) Time: 38049.21 ms
[OUT] [Progress] 358001/1183514 (30.2%) Time: 72673.45 ms
[OUT] [Progress] 478001/1183514 (40.4%) Time: 115184.99 ms
[OUT] [Progress] 597001/1183514 (50.4%) Time: 160726.21 ms
[OUT] [Progress] 717001/1183514 (60.6%) Time: 202161.54 ms
[OUT] [Progress] 836001/1183514 (70.6%) Time: 247442.87 ms
[OUT] [Progress] 955001/1183514 (80.7%) Time: 293565.61 ms
[OUT] [Progress] 1074001/1183514 (90.7%) Time: 339634.73 ms
[OUT] [Timing] Parallel Build: 377084.94 ms for 1183514 points.
[OUT] [FlatHNSW] Converted 1183514 nodes, L0 size: 365225 KB, Upper size: 3796 KB
[OUT] [Timing] Flat Conversion: 619.75 ms
[OUT] ✓ Index built.
[OUT]   build_time(local)=403616.085504 ms
[OUT]   build_time(internal)=377084.944255 ms
[OUT] 
[OUT] 
[OUT] ========== GRAPH QUALITY ==========
[OUT] 
[OUT]   num_nodes: 1183514
[OUT] 
[OUT]   max_level (entry point): 3
[OUT] 
[OUT]   actual_max_layer: 3
[OUT] 
[OUT]   avg_degree_l0: 39.462042
[OUT] 
[OUT]   avg_degree_upper: 0.199629
[OUT] 
[OUT] 
[OUT]   Layer Distribution:
[OUT] 
[OUT]     L0: 1183514 nodes (100.00%)
[OUT] 
[OUT]     L1: 30457 nodes (2.57%)
[OUT] 
[OUT]     L2: 773 nodes (0.07%)
[OUT] 
[OUT]     L3: 13 nodes (0.00%)
[OUT] 
[OUT] 
[OUT] 
[OUT] Executing queries...
[OUT] 
[OUT]   Processed 1000 queries
[OUT] 
[OUT]   Processed 2000 queries
[OUT] 
[OUT]   Processed 3000 queries
[OUT] 
[OUT]   Processed 4000 queries
[OUT] 
[OUT]   Processed 5000 queries
[OUT] 
[OUT]   Processed 6000 queries
[OUT] 
[OUT]   Processed 7000 queries
[OUT] 
[OUT]   Processed 8000 queries
[OUT] 
[OUT]   Processed 9000 queries
[OUT] 
[OUT]   Processed 10000 queries
[OUT] 
[OUT] 
[OUT] ========== RESULTS ==========
[OUT] 
[OUT] Total queries: 10000
[OUT] 
[OUT] Average recall@10: 0.974210
[OUT] 
[OUT] Average query time: 2.023365 ms
[OUT] 
[OUT] Total query time: 20233.647303 ms
[OUT] 
[OUT] 
[OUT] ========== DISTANCE STATISTICS ==========
[OUT] 
[OUT] Total queries reported by index: 10000
[OUT] 
[OUT] Total distance computations: 175995336
[OUT] 
[OUT] Average distance ops per query: 17599.533600
[OUT] 
[OUT] Last query distance ops: 14940
[OUT] 
[OUT] 
[OUT] ========== PERFORMANCE SUMMARY ==========
[OUT] 
[OUT] Data loading time: 2475.112713 ms
[OUT] 
[OUT] Index build time: 377084.944255 ms
[OUT] 
[OUT] Query execution time: 20233.647303 ms
[OUT] 
[OUT] Total elapsed time: 426324.845520 ms
[OUT] 
[OUT] 
[OUT] ========== EFFICIENCY METRICS ==========
[OUT] 
[OUT] Queries per second: 494.226268
[OUT] 
[OUT] Distance ops per second: 8698151.814374
[OUT] 
[OUT] 
[OUT] ========== END OF LOG ==========
[OUT] 
[OUT] Log saved to: Log/run_20251127_123814_667.log
[OUT] 

Return Code: 0
   [PARSED] Build=377084.94ms, Query=2.0234ms, Recall=0.9742
   [RESULT] m=39 ml=13 efc=306  efs=542  | Rec=0.9742 Time=2.0234ms Build=377084.94ms
   [SUCCESS] Logged to Log/trial_m39_ml13_efc306_efs542_20251127_123814.log
