   [START] m=19, ml=16, efc=808, efs=898
   [LOG] Log/trial_m19_ml16_efc808_efs898_20251202_081824.log
   [RUN 1/1] Executing: ./hng --m 19 --max_layer 16 --efc 808 --efs 898

============================================================
Trial: m=19, ml=16, efc=808, efs=898, Run 1/1
Timestamp: 2025-12-02T08:18:24.452365
Command: ./hng --m 19 --max_layer 16 --efc 808 --efs 898
============================================================

[ERR] Loaded base from binary cache: data_o/glove/base.txt.bin
[OUT] ========== HNSW Search Test ==========
[OUT] 
[OUT] Timestamp: Tue Dec  2 08:18:24 2025
[OUT] 
[OUT] Command line arguments:
[OUT]   argv[0]: ./hng
[OUT]   argv[1]: --m
[OUT]   argv[2]: 19
[OUT]   argv[3]: --max_layer
[OUT]   argv[4]: 16
[OUT]   argv[5]: --efc
[OUT]   argv[6]: 808
[OUT]   argv[7]: --efs
[OUT]   argv[8]: 898
[OUT] 
[OUT] Configuration:
[OUT]   Base file: data_o/glove/base.txt
[OUT]   Query file: data_o/glove/query.txt
[OUT]   Truth file: data_o/glove/truth.txt
[OUT]   K: 10
[OUT]   M: 19
[OUT]   Max layer: 16
[OUT]   EFC: 808
[OUT]   EFS: 898
[OUT]   Threads: -1
[OUT]   Debug: -1
[OUT] 
[OUT] HNSW parameters set.
[OUT] 
[OUT] Loading base vectors...
[OUT] ✓ Base loaded in 3838.634986 ms
[ERR] Loaded queries from binary cache: data_o/glove/query.txt.bin
[OUT] 
[OUT] Loading query vectors...
[ERR] Loaded truth from binary cache: data_o/glove/truth.txt.bin
[OUT] ✓ Queries loaded in 81.360191 ms
[OUT] 
[OUT] Loading ground truth...
[OUT] ✓ Truth loaded in 79.309207 ms
[OUT] 
[OUT] Data Summary:
[OUT]   Dimension d=100, Base vectors=1183514, Queries=10000
[OUT] 
[OUT] 
[OUT] Building HNSW index...
[OUT] [Progress] 120001/1183514 (10.1%) Time: 13522.09 ms
[OUT] [Progress] 242001/1183514 (20.4%) Time: 61899.71 ms
[OUT] [Progress] 361001/1183514 (30.5%) Time: 123218.03 ms
[OUT] [Progress] 480001/1183514 (40.6%) Time: 193030.64 ms
[OUT] [Progress] 599001/1183514 (50.6%) Time: 265228.15 ms
[OUT] [Progress] 718001/1183514 (60.7%) Time: 337670.23 ms
[OUT] [Progress] 837001/1183514 (70.7%) Time: 413366.76 ms
[OUT] [Progress] 956001/1183514 (80.8%) Time: 488151.98 ms
[OUT] [Progress] 1077001/1183514 (91.0%) Time: 570068.22 ms
[OUT] [Timing] Parallel Build: 636476.66 ms for 1183514 points.
[OUT] [FlatHNSW] Converted 1183514 nodes, L0 size: 180300 KB, Upper size: 4983 KB
[OUT] [Timing] Flat Conversion: 285.39 ms
[OUT] ✓ Index built.
[OUT]   build_time(local)=607548.842229 ms
[OUT]   build_time(internal)=636476.655004 ms
[OUT] 
[OUT] 
[OUT] ========== GRAPH QUALITY ==========
[OUT] 
[OUT]   num_nodes: 1183514
[OUT] 
[OUT]   max_level (entry point): 4
[OUT] 
[OUT]   actual_max_layer: 4
[OUT] 
[OUT]   avg_degree_l0: 34.473525
[OUT] 
[OUT]   avg_degree_upper: 0.199171
[OUT] 
[OUT] 
[OUT]   Layer Distribution:
[OUT] 
[OUT]     L0: 1183514 nodes (100.00%)
[OUT] 
[OUT]     L1: 62681 nodes (5.30%)
[OUT] 
[OUT]     L2: 3268 nodes (0.28%)
[OUT] 
[OUT]     L3: 164 nodes (0.01%)
[OUT] 
[OUT]     L4: 6 nodes (0.00%)
[OUT] 
[OUT] 
[OUT] 
[OUT] Executing queries...
[OUT] 
[OUT]   Processed 1000 queries
[OUT] 
[OUT]   Processed 2000 queries
[OUT] 
[OUT]   Processed 3000 queries
[OUT] 
[OUT]   Processed 4000 queries
[OUT] 
[OUT]   Processed 5000 queries
[OUT] 
[OUT]   Processed 6000 queries
[OUT] 
[OUT]   Processed 7000 queries
[OUT] 
[OUT]   Processed 8000 queries
[OUT] 
[OUT]   Processed 9000 queries
[OUT] 
[OUT]   Processed 10000 queries
[OUT] 
[OUT] 
[OUT] ========== RESULTS ==========
[OUT] 
[OUT] Total queries: 10000
[OUT] 
[OUT] Average recall@10: 0.975250
[OUT] 
[OUT] Average query time: 1.768619 ms
[OUT] 
[OUT] Total query time: 17686.189500 ms
[OUT] 
[OUT] 
[OUT] ========== DISTANCE STATISTICS ==========
[OUT] 
[OUT] Total queries reported by index: 10000
[OUT] 
[OUT] Total distance computations: 0
[OUT] 
[OUT] Average distance ops per query: 0.000000
[OUT] 
[OUT] Last query distance ops: 0
[OUT] 
[OUT] 
[OUT] ========== PERFORMANCE SUMMARY ==========
[OUT] 
[OUT] Data loading time: 3999.304384 ms
[OUT] 
[OUT] Index build time: 636476.655004 ms
[OUT] 
[OUT] Query execution time: 17686.189500 ms
[OUT] 
[OUT] Total elapsed time: 629234.336113 ms
[OUT] 
[OUT] 
[OUT] ========== EFFICIENCY METRICS ==========
[OUT] 
[OUT] Queries per second: 565.412917
[OUT] 
[OUT] 
[OUT] ========== END OF LOG ==========
[OUT] 
[OUT] Log saved to: Log/run_20251202_081824_474.log
[OUT] 

Return Code: 0
   [PARSED] Build=636476.66ms, Query=1.7686ms, Recall=0.9752
   [RESULT] m=19 ml=16 efc=808  efs=898  | Rec=0.9752 Time=1.7686ms Build=636476.66ms
   [SUCCESS] Logged to Log/trial_m19_ml16_efc808_efs898_20251202_081824.log
