   [START] m=41, ml=12, efc=1160, efs=291
   [LOG] Log/trial_m41_ml12_efc1160_efs291_20251128_113003.log
   [RUN 1/1] Executing: ./hng --m 41 --max_layer 12 --efc 1160 --efs 291

============================================================
Trial: m=41, ml=12, efc=1160, efs=291, Run 1/1
Timestamp: 2025-11-28T11:30:03.988231
Command: ./hng --m 41 --max_layer 12 --efc 1160 --efs 291
============================================================

[OUT] ========== HNSW Search Test ==========
[ERR] Loaded base from binary cache: data_o/glove/base.txt.bin
[OUT] 
[OUT] Timestamp: Fri Nov 28 11:30:04 2025
[OUT] 
[OUT] Command line arguments:
[OUT]   argv[0]: ./hng
[OUT]   argv[1]: --m
[OUT]   argv[2]: 41
[OUT]   argv[3]: --max_layer
[OUT]   argv[4]: 12
[OUT]   argv[5]: --efc
[OUT]   argv[6]: 1160
[OUT]   argv[7]: --efs
[OUT]   argv[8]: 291
[OUT] 
[OUT] Configuration:
[OUT]   Base file: data_o/glove/base.txt
[OUT]   Query file: data_o/glove/query.txt
[OUT]   Truth file: data_o/glove/truth.txt
[OUT]   K: 10
[OUT]   M: 41
[OUT]   Max layer: 12
[OUT]   EFC: 1160
[OUT]   EFS: 291
[OUT]   Threads: -1
[OUT]   Debug: -1
[OUT] 
[OUT] HNSW parameters set.
[OUT] 
[OUT] Loading base vectors...
[OUT] ✓ Base loaded in 4255.724592 ms
[ERR] Loaded queries from binary cache: data_o/glove/query.txt.bin
[OUT] 
[OUT] Loading query vectors...
[OUT] ✓ Queries loaded in 76.048382 ms
[ERR] Loaded truth from binary cache: data_o/glove/truth.txt.bin
[OUT] 
[OUT] Loading ground truth...
[OUT] ✓ Truth loaded in 74.851206 ms
[OUT] 
[OUT] Data Summary:
[OUT]   Dimension d=100, Base vectors=1183514, Queries=10000
[OUT] 
[OUT] 
[OUT] Building HNSW index...
[OUT] ✓ Index built.
[OUT]   build_time(local)=1685697.848228 ms
[OUT]   build_time(internal)=1530068.816909 ms
[OUT] 
[OUT] 
[OUT] ========== GRAPH QUALITY ==========
[OUT] 
[OUT]   num_nodes: 1183514
[OUT] 
[OUT]   max_level (entry point): 4
[OUT] 
[OUT]   actual_max_layer: 4
[OUT] 
[OUT]   avg_degree_l0: 61.970242
[OUT] 
[OUT]   avg_degree_upper: 0.161762
[OUT] 
[OUT] 
[OUT]   Layer Distribution:
[OUT] 
[OUT]     L0: 1183514 nodes (100.00%)
[OUT] 
[OUT]     L1: 28727 nodes (2.43%)
[OUT] 
[OUT]     L2: 743 nodes (0.06%)
[OUT] 
[OUT]     L3: 23 nodes (0.00%)
[OUT] 
[OUT]     L4: 1 nodes (0.00%)
[OUT] 
[OUT] 
[OUT] 
[OUT] Executing queries...
[OUT] 
[OUT]   Processed 1000 queries
[OUT] 
[OUT]   Processed 2000 queries
[OUT] 
[OUT]   Processed 3000 queries
[OUT] 
[OUT]   Processed 4000 queries
[OUT] 
[OUT]   Processed 5000 queries
[OUT] 
[OUT]   Processed 6000 queries
[OUT] 
[OUT]   Processed 7000 queries
[OUT] 
[OUT]   Processed 8000 queries
[OUT] 
[OUT]   Processed 9000 queries
[OUT] 
[OUT]   Processed 10000 queries
[OUT] 
[OUT] 
[OUT] ========== RESULTS ==========
[OUT] 
[OUT] Total queries: 10000
[OUT] 
[OUT] Average recall@10: 0.969340
[OUT] 
[OUT] Average query time: 1.480016 ms
[OUT] 
[OUT] Total query time: 14800.158811 ms
[OUT] 
[OUT] 
[OUT] ========== DISTANCE STATISTICS ==========
[OUT] 
[OUT] Total queries reported by index: 10000
[OUT] 
[OUT] Total distance computations: 146979118
[OUT] 
[OUT] Average distance ops per query: 14697.911800
[OUT] 
[OUT] Last query distance ops: 13129
[OUT] 
[OUT] 
[OUT] ========== PERFORMANCE SUMMARY ==========
[OUT] 
[OUT] Data loading time: 4406.624180 ms
[OUT] 
[OUT] Index build time: 1530068.816909 ms
[OUT] 
[OUT] Query execution time: 14800.158811 ms
[OUT] 
[OUT] Total elapsed time: 1704904.631219 ms
[OUT] 
[OUT] 
[OUT] ========== EFFICIENCY METRICS ==========
[OUT] 
[OUT] Queries per second: 675.668425
[OUT] 
[OUT] Distance ops per second: 9930914.923072
[OUT] 
[OUT] 
[OUT] ========== END OF LOG ==========
[OUT] 
[OUT] Log saved to: Log/run_20251128_113004_006.log
[OUT] 

Return Code: 0
   [PARSED] Build=1530068.82ms, Query=1.4800ms, Recall=0.9693
   [RESULT] m=41 ml=12 efc=1160 efs=291  | Rec=0.9693 Time=1.4800ms Build=1530068.82ms
   [SUCCESS] Logged to Log/trial_m41_ml12_efc1160_efs291_20251128_113003.log
