   [START] m=33, ml=12, efc=512, efs=895
   [LOG] Log/trial_m33_ml12_efc512_efs895_20251127_025230.log
   [RUN 1/1] Executing: ./hng --m 33 --max_layer 12 --efc 512 --efs 895

============================================================
Trial: m=33, ml=12, efc=512, efs=895, Run 1/1
Timestamp: 2025-11-27T02:52:30.748624
Command: ./hng --m 33 --max_layer 12 --efc 512 --efs 895
============================================================

[OUT] ========== HNSW Search Test ==========
[OUT] 
[ERR] Loaded base from binary cache: data_o/glove/base.txt.bin
[OUT] Timestamp: Thu Nov 27 02:52:30 2025
[OUT] 
[OUT] Command line arguments:
[OUT]   argv[0]: ./hng
[OUT]   argv[1]: --m
[OUT]   argv[2]: 33
[OUT]   argv[3]: --max_layer
[OUT]   argv[4]: 12
[OUT]   argv[5]: --efc
[OUT]   argv[6]: 512
[OUT]   argv[7]: --efs
[OUT]   argv[8]: 895
[OUT] 
[OUT] Configuration:
[OUT]   Base file: data_o/glove/base.txt
[OUT]   Query file: data_o/glove/query.txt
[OUT]   Truth file: data_o/glove/truth.txt
[OUT]   K: 10
[OUT]   M: 33
[OUT]   Max layer: 12
[OUT]   EFC: 512
[OUT]   EFS: 895
[OUT]   Threads: -1
[OUT]   Debug: -1
[OUT] 
[OUT] HNSW parameters set.
[OUT] 
[OUT] Loading base vectors...
[OUT] ✓ Base loaded in 2111.270034 ms
[ERR] Loaded queries from binary cache: data_o/glove/query.txt.bin
[OUT] 
[OUT] Loading query vectors...
[OUT] ✓ Queries loaded in 72.696958 ms
[ERR] Loaded truth from binary cache: data_o/glove/truth.txt.bin
[OUT] 
[OUT] Loading ground truth...
[OUT] ✓ Truth loaded in 74.251331 ms
[OUT] 
[OUT] Data Summary:
[OUT]   Dimension d=100, Base vectors=1183514, Queries=10000
[OUT] 
[OUT] 
[OUT] Building HNSW index...
[OUT] [Progress] 123001/1183514 (10.4%) Time: 15527.46 ms
[OUT] [Progress] 243001/1183514 (20.5%) Time: 68915.76 ms
[OUT] [Progress] 362001/1183514 (30.6%) Time: 127360.73 ms
[OUT] [Progress] 481001/1183514 (40.6%) Time: 201348.10 ms
[OUT] [Progress] 600001/1183514 (50.7%) Time: 273136.89 ms
[OUT] [Progress] 719001/1183514 (60.8%) Time: 349097.33 ms
[OUT] [Progress] 839001/1183514 (70.9%) Time: 426045.97 ms
[OUT] [Progress] 958001/1183514 (80.9%) Time: 506375.40 ms
[OUT] [Progress] 1077001/1183514 (91.0%) Time: 586836.40 ms
[OUT] [Timing] Parallel Build: 648391.07 ms for 1183514 points.
[OUT] [FlatHNSW] Converted 1183514 nodes, L0 size: 309747 KB, Upper size: 4320 KB
[OUT] [Timing] Flat Conversion: 449.28 ms
[OUT] ✓ Index built.
[OUT]   build_time(local)=683904.174388 ms
[OUT]   build_time(internal)=648391.070118 ms
[OUT] 
[OUT] 
[OUT] ========== GRAPH QUALITY ==========
[OUT] 
[OUT]   num_nodes: 1183514
[OUT] 
[OUT]   max_level (entry point): 4
[OUT] 
[OUT]   actual_max_layer: 4
[OUT] 
[OUT]   avg_degree_l0: 46.525552
[OUT] 
[OUT]   avg_degree_upper: 0.166757
[OUT] 
[OUT] 
[OUT]   Layer Distribution:
[OUT] 
[OUT]     L0: 1183514 nodes (100.00%)
[OUT] 
[OUT]     L1: 35664 nodes (3.01%)
[OUT] 
[OUT]     L2: 1100 nodes (0.09%)
[OUT] 
[OUT]     L3: 29 nodes (0.00%)
[OUT] 
[OUT]     L4: 3 nodes (0.00%)
[OUT] 
[OUT] 
[OUT] 
[OUT] Executing queries...
[OUT] 
[OUT]   Processed 1000 queries
[OUT] 
[OUT]   Processed 2000 queries
[OUT] 
[OUT]   Processed 3000 queries
[OUT] 
[OUT]   Processed 4000 queries
[OUT] 
[OUT]   Processed 5000 queries
[OUT] 
[OUT]   Processed 6000 queries
[OUT] 
[OUT]   Processed 7000 queries
[OUT] 
[OUT]   Processed 8000 queries
[OUT] 
[OUT]   Processed 9000 queries
[OUT] 
[OUT]   Processed 10000 queries
[OUT] 
[OUT] 
[OUT] ========== RESULTS ==========
[OUT] 
[OUT] Total queries: 10000
[OUT] 
[OUT] Average recall@10: 0.990090
[OUT] 
[OUT] Average query time: 3.616257 ms
[OUT] 
[OUT] Total query time: 36162.567457 ms
[OUT] 
[OUT] 
[OUT] ========== DISTANCE STATISTICS ==========
[OUT] 
[OUT] Total queries reported by index: 10000
[OUT] 
[OUT] Total distance computations: 299726036
[OUT] 
[OUT] Average distance ops per query: 29972.603600
[OUT] 
[OUT] Last query distance ops: 24058
[OUT] 
[OUT] 
[OUT] ========== PERFORMANCE SUMMARY ==========
[OUT] 
[OUT] Data loading time: 2258.218323 ms
[OUT] 
[OUT] Index build time: 648391.070118 ms
[OUT] 
[OUT] Query execution time: 36162.567457 ms
[OUT] 
[OUT] Total elapsed time: 722324.960168 ms
[OUT] 
[OUT] 
[OUT] ========== EFFICIENCY METRICS ==========
[OUT] 
[OUT] Queries per second: 276.529038
[OUT] 
[OUT] Distance ops per second: 8288295.247742
[OUT] 
[OUT] 
[OUT] ========== END OF LOG ==========
[OUT] 
[OUT] Log saved to: Log/run_20251127_025230_760.log
[OUT] 

Return Code: 0
   [PARSED] Build=648391.07ms, Query=3.6163ms, Recall=0.9901
   [RESULT] m=33 ml=12 efc=512  efs=895  | Rec=0.9901 Time=3.6163ms Build=648391.07ms
   [SUCCESS] Logged to Log/trial_m33_ml12_efc512_efs895_20251127_025230.log
