   [START] m=59, ml=7, efc=987, efs=1836
   [LOG] Log/trial_m59_ml7_efc987_efs1836_20251127_032033.log
   [RUN 1/1] Executing: ./hng --m 59 --max_layer 7 --efc 987 --efs 1836

============================================================
Trial: m=59, ml=7, efc=987, efs=1836, Run 1/1
Timestamp: 2025-11-27T03:20:33.141136
Command: ./hng --m 59 --max_layer 7 --efc 987 --efs 1836
============================================================

[OUT] ========== HNSW Search Test ==========
[ERR] Loaded base from binary cache: data_o/glove/base.txt.bin
[OUT] 
[OUT] Timestamp: Thu Nov 27 03:20:33 2025
[OUT] 
[OUT] Command line arguments:
[OUT]   argv[0]: ./hng
[OUT]   argv[1]: --m
[OUT]   argv[2]: 59
[OUT]   argv[3]: --max_layer
[OUT]   argv[4]: 7
[OUT]   argv[5]: --efc
[OUT]   argv[6]: 987
[OUT]   argv[7]: --efs
[OUT]   argv[8]: 1836
[OUT] 
[OUT] Configuration:
[OUT]   Base file: data_o/glove/base.txt
[OUT]   Query file: data_o/glove/query.txt
[OUT]   Truth file: data_o/glove/truth.txt
[OUT]   K: 10
[OUT]   M: 59
[OUT]   Max layer: 7
[OUT]   EFC: 987
[OUT]   EFS: 1836
[OUT]   Threads: -1
[OUT]   Debug: -1
[OUT] 
[OUT] HNSW parameters set.
[OUT] 
[OUT] Loading base vectors...
[OUT] ✓ Base loaded in 2074.277991 ms
[ERR] Loaded queries from binary cache: data_o/glove/query.txt.bin
[OUT] 
[OUT] Loading query vectors...
[OUT] ✓ Queries loaded in 65.541875 ms
[ERR] Loaded truth from binary cache: data_o/glove/truth.txt.bin
[OUT] 
[OUT] Loading ground truth...
[OUT] ✓ Truth loaded in 66.188800 ms
[OUT] 
[OUT] Data Summary:
[OUT]   Dimension d=100, Base vectors=1183514, Queries=10000
[OUT] 
[OUT] 
[OUT] Building HNSW index...
[OUT] [Progress] 119001/1183514 (10.1%) Time: 23893.89 ms
[OUT] [Progress] 238001/1183514 (20.1%) Time: 108382.85 ms
[OUT] [Progress] 357001/1183514 (30.2%) Time: 237881.98 ms
[OUT] [Progress] 476001/1183514 (40.2%) Time: 401104.66 ms
[OUT] [Progress] 596001/1183514 (50.4%) Time: 560773.15 ms
[OUT] [Progress] 715001/1183514 (60.4%) Time: 739300.19 ms
[OUT] [Progress] 834001/1183514 (70.5%) Time: 916615.08 ms
[OUT] [Progress] 953001/1183514 (80.5%) Time: 1111345.54 ms
[OUT] [Progress] 1072001/1183514 (90.6%) Time: 1305401.34 ms
[OUT] [Timing] Parallel Build: 1470347.46 ms for 1183514 points.
[OUT] [FlatHNSW] Converted 1183514 nodes, L0 size: 550149 KB, Upper size: 2829 KB
[OUT] [Timing] Flat Conversion: 725.36 ms
[OUT] ✓ Index built.
[OUT]   build_time(local)=1554469.261554 ms
[OUT]   build_time(internal)=1470347.455213 ms
[OUT] 
[OUT] 
[OUT] ========== GRAPH QUALITY ==========
[OUT] 
[OUT]   num_nodes: 1183514
[OUT] 
[OUT]   max_level (entry point): 3
[OUT] 
[OUT]   actual_max_layer: 3
[OUT] 
[OUT]   avg_degree_l0: 61.344435
[OUT] 
[OUT]   avg_degree_upper: 0.136384
[OUT] 
[OUT] 
[OUT]   Layer Distribution:
[OUT] 
[OUT]     L0: 1183514 nodes (100.00%)
[OUT] 
[OUT]     L1: 19888 nodes (1.68%)
[OUT] 
[OUT]     L2: 347 nodes (0.03%)
[OUT] 
[OUT]     L3: 2 nodes (0.00%)
[OUT] 
[OUT] 
[OUT] 
[OUT] Executing queries...
[OUT] 
[OUT]   Processed 1000 queries
[OUT] 
[OUT]   Processed 2000 queries
[OUT] 
[OUT]   Processed 3000 queries
[OUT] 
[OUT]   Processed 4000 queries
[OUT] 
[OUT]   Processed 5000 queries
[OUT] 
[OUT]   Processed 6000 queries
[OUT] 
[OUT]   Processed 7000 queries
[OUT] 
[OUT]   Processed 8000 queries
[OUT] 
[OUT]   Processed 9000 queries
[OUT] 
[OUT]   Processed 10000 queries
[OUT] 
[OUT] 
[OUT] ========== RESULTS ==========
[OUT] 
[OUT] Total queries: 10000
[OUT] 
[OUT] Average recall@10: 0.520680
[OUT] 
[OUT] Average query time: 9.345649 ms
[OUT] 
[OUT] Total query time: 93456.485127 ms
[OUT] 
[OUT] 
[OUT] ========== DISTANCE STATISTICS ==========
[OUT] 
[OUT] Total queries reported by index: 10000
[OUT] 
[OUT] Total distance computations: 691607399
[OUT] 
[OUT] Average distance ops per query: 69160.739900
[OUT] 
[OUT] Last query distance ops: 44313
[OUT] 
[OUT] 
[OUT] ========== PERFORMANCE SUMMARY ==========
[OUT] 
[OUT] Data loading time: 2206.008666 ms
[OUT] 
[OUT] Index build time: 1470347.455213 ms
[OUT] 
[OUT] Query execution time: 93456.485127 ms
[OUT] 
[OUT] Total elapsed time: 1650131.755347 ms
[OUT] 
[OUT] 
[OUT] ========== EFFICIENCY METRICS ==========
[OUT] 
[OUT] Queries per second: 107.001670
[OUT] 
[OUT] Distance ops per second: 7400314.681856
[OUT] 
[OUT] 
[OUT] ========== END OF LOG ==========
[OUT] 
[OUT] Log saved to: Log/run_20251127_032033_145.log
[OUT] 

Return Code: 0
   [PARSED] Build=1470347.46ms, Query=9.3456ms, Recall=0.5207
   [RESULT] m=59 ml=7  efc=987  efs=1836 | Rec=0.5207 Time=9.3456ms Build=1470347.46ms
   [SUCCESS] Logged to Log/trial_m59_ml7_efc987_efs1836_20251127_032033.log
