   [START] m=37, ml=19, efc=305, efs=451
   [LOG] Log/trial_m37_ml19_efc305_efs451_20251127_160049.log
   [RUN 1/1] Executing: ./hng --m 37 --max_layer 19 --efc 305 --efs 451

============================================================
Trial: m=37, ml=19, efc=305, efs=451, Run 1/1
Timestamp: 2025-11-27T16:00:49.018237
Command: ./hng --m 37 --max_layer 19 --efc 305 --efs 451
============================================================

[OUT] ========== HNSW Search Test ==========
[ERR] Loaded base from binary cache: data_o/glove/base.txt.bin
[OUT] 
[OUT] Timestamp: Thu Nov 27 16:00:49 2025
[OUT] 
[OUT] Command line arguments:
[OUT]   argv[0]: ./hng
[OUT]   argv[1]: --m
[OUT]   argv[2]: 37
[OUT]   argv[3]: --max_layer
[OUT]   argv[4]: 19
[OUT]   argv[5]: --efc
[OUT]   argv[6]: 305
[OUT]   argv[7]: --efs
[OUT]   argv[8]: 451
[OUT] 
[OUT] Configuration:
[OUT]   Base file: data_o/glove/base.txt
[OUT]   Query file: data_o/glove/query.txt
[OUT]   Truth file: data_o/glove/truth.txt
[OUT]   K: 10
[OUT]   M: 37
[OUT]   Max layer: 19
[OUT]   EFC: 305
[OUT]   EFS: 451
[OUT]   Threads: -1
[OUT]   Debug: -1
[OUT] 
[OUT] HNSW parameters set.
[OUT] 
[OUT] Loading base vectors...
[OUT] ✓ Base loaded in 2295.641771 ms
[ERR] Loaded queries from binary cache: data_o/glove/query.txt.bin
[OUT] 
[OUT] Loading query vectors...
[OUT] ✓ Queries loaded in 75.498010 ms
[ERR] Loaded truth from binary cache: data_o/glove/truth.txt.bin
[OUT] 
[OUT] Loading ground truth...
[OUT] ✓ Truth loaded in 74.363853 ms
[OUT] 
[OUT] Data Summary:
[OUT]   Dimension d=100, Base vectors=1183514, Queries=10000
[OUT] 
[OUT] 
[OUT] Building HNSW index...
[OUT] [Progress] 120001/1183514 (10.1%) Time: 7804.23 ms
[OUT] [Progress] 240001/1183514 (20.3%) Time: 40115.51 ms
[OUT] [Progress] 359001/1183514 (30.3%) Time: 79522.67 ms
[OUT] [Progress] 478001/1183514 (40.4%) Time: 124880.63 ms
