   [START] m=52, ml=12, efc=573, efs=335
   [LOG] Log/trial_m52_ml12_efc573_efs335_20251127_114613.log
   [RUN 1/1] Executing: ./hng --m 52 --max_layer 12 --efc 573 --efs 335

============================================================
Trial: m=52, ml=12, efc=573, efs=335, Run 1/1
Timestamp: 2025-11-27T11:46:13.420762
Command: ./hng --m 52 --max_layer 12 --efc 573 --efs 335
============================================================

[OUT] ========== HNSW Search Test ==========
[ERR] Loaded base from binary cache: data_o/glove/base.txt.bin
[OUT] 
[OUT] Timestamp: Thu Nov 27 11:46:13 2025
[OUT] 
[OUT] Command line arguments:
[OUT]   argv[0]: ./hng
[OUT]   argv[1]: --m
[OUT]   argv[2]: 52
[OUT]   argv[3]: --max_layer
[OUT]   argv[4]: 12
[OUT]   argv[5]: --efc
[OUT]   argv[6]: 573
[OUT]   argv[7]: --efs
[OUT]   argv[8]: 335
[OUT] 
[OUT] Configuration:
[OUT]   Base file: data_o/glove/base.txt
[OUT]   Query file: data_o/glove/query.txt
[OUT]   Truth file: data_o/glove/truth.txt
[OUT]   K: 10
[OUT]   M: 52
[OUT]   Max layer: 12
[OUT]   EFC: 573
[OUT]   EFS: 335
[OUT]   Threads: -1
[OUT]   Debug: -1
[OUT] 
[OUT] HNSW parameters set.
[OUT] 
[OUT] Loading base vectors...
[OUT] ✓ Base loaded in 2138.026218 ms
[ERR] Loaded queries from binary cache: data_o/glove/query.txt.bin
[OUT] 
[OUT] Loading query vectors...
[OUT] ✓ Queries loaded in 69.625569 ms
[ERR] Loaded truth from binary cache: data_o/glove/truth.txt.bin
[OUT] 
[OUT] Loading ground truth...
[OUT] ✓ Truth loaded in 74.218762 ms
[OUT] 
[OUT] Data Summary:
[OUT]   Dimension d=100, Base vectors=1183514, Queries=10000
[OUT] 
[OUT] 
[OUT] Building HNSW index...
[OUT] [Progress] 120001/1183514 (10.1%) Time: 18529.16 ms
[OUT] [Progress] 239001/1183514 (20.2%) Time: 71702.51 ms
[OUT] [Progress] 358001/1183514 (30.2%) Time: 152415.77 ms
[OUT] [Progress] 478001/1183514 (40.4%) Time: 247987.40 ms
[OUT] [Progress] 598001/1183514 (50.5%) Time: 339709.66 ms
[OUT] [Progress] 717001/1183514 (60.6%) Time: 442607.11 ms
[OUT] [Progress] 836001/1183514 (70.6%) Time: 541542.95 ms
[OUT] [Progress] 956001/1183514 (80.8%) Time: 649575.63 ms
[OUT] [Progress] 1075001/1183514 (90.8%) Time: 756237.34 ms
[OUT] [Timing] Parallel Build: 844079.77 ms for 1183514 points.
[OUT] [FlatHNSW] Converted 1183514 nodes, L0 size: 485425 KB, Upper size: 3138 KB
[OUT] [Timing] Flat Conversion: 932.94 ms
[OUT] ✓ Index built.
[OUT]   build_time(local)=892145.401542 ms
[OUT]   build_time(internal)=844079.766350 ms
[OUT] 
[OUT] 
[OUT] ========== GRAPH QUALITY ==========
[OUT] 
[OUT]   num_nodes: 1183514
[OUT] 
[OUT]   max_level (entry point): 3
[OUT] 
[OUT]   actual_max_layer: 3
[OUT] 
[OUT]   avg_degree_l0: 53.826605
[OUT] 
[OUT]   avg_degree_upper: 0.170026
[OUT] 
[OUT] 
[OUT]   Layer Distribution:
[OUT] 
[OUT]     L0: 1183514 nodes (100.00%)
[OUT] 
[OUT]     L1: 22591 nodes (1.91%)
[OUT] 
[OUT]     L2: 468 nodes (0.04%)
[OUT] 
[OUT]     L3: 8 nodes (0.00%)
[OUT] 
[OUT] 
[OUT] 
[OUT] Executing queries...
[OUT] 
[OUT]   Processed 1000 queries
[OUT] 
[OUT]   Processed 2000 queries
[OUT] 
[OUT]   Processed 3000 queries
[OUT] 
[OUT]   Processed 4000 queries
[OUT] 
[OUT]   Processed 5000 queries
[OUT] 
[OUT]   Processed 6000 queries
[OUT] 
[OUT]   Processed 7000 queries
[OUT] 
[OUT]   Processed 8000 queries
[OUT] 
[OUT]   Processed 9000 queries
[OUT] 
[OUT]   Processed 10000 queries
[OUT] 
[OUT] 
[OUT] ========== RESULTS ==========
[OUT] 
[OUT] Total queries: 10000
[OUT] 
[OUT] Average recall@10: 0.970860
[OUT] 
[OUT] Average query time: 1.586366 ms
[OUT] 
[OUT] Total query time: 15863.661549 ms
[OUT] 
[OUT] 
[OUT] ========== DISTANCE STATISTICS ==========
[OUT] 
[OUT] Total queries reported by index: 10000
[OUT] 
[OUT] Total distance computations: 153269950
[OUT] 
[OUT] Average distance ops per query: 15326.995000
[OUT] 
[OUT] Last query distance ops: 12811
[OUT] 
[OUT] 
[OUT] ========== PERFORMANCE SUMMARY ==========
[OUT] 
[OUT] Data loading time: 2281.870549 ms
[OUT] 
[OUT] Index build time: 844079.766350 ms
[OUT] 
[OUT] Query execution time: 15863.661549 ms
[OUT] 
[OUT] Total elapsed time: 910290.933640 ms
[OUT] 
[OUT] 
[OUT] ========== EFFICIENCY METRICS ==========
[OUT] 
[OUT] Queries per second: 630.371492
[OUT] 
[OUT] Distance ops per second: 9661700.706774
[OUT] 
[OUT] 
[OUT] ========== END OF LOG ==========
[OUT] 
[OUT] Log saved to: Log/run_20251127_114613_425.log
[OUT] 

Return Code: 0
   [PARSED] Build=844079.77ms, Query=1.5864ms, Recall=0.9709
   [RESULT] m=52 ml=12 efc=573  efs=335  | Rec=0.9709 Time=1.5864ms Build=844079.77ms
   [SUCCESS] Logged to Log/trial_m52_ml12_efc573_efs335_20251127_114613.log
