   [START] m=45, ml=6, efc=435, efs=2000
[OUT] ========== HNSW Search Test ==========
[OUT] 
[OUT] Timestamp: Thu Dec  4 03:15:47 2025
[OUT] 
[OUT] Command line arguments:
[OUT]   argv[0]: ./hng1
[OUT]   argv[1]: --m
[OUT]   argv[2]: 45
[OUT]   argv[3]: --max_layer
[OUT]   argv[4]: 6
[OUT]   argv[5]: --efc
[OUT]   argv[6]: 435
[OUT]   argv[7]: --efs
[OUT]   argv[8]: 2000
[OUT] 
[OUT] Configuration:
[OUT]   Base file: data_o/glove/base.txt
[OUT]   Query file: data_o/glove/query.txt
[OUT]   Truth file: data_o/glove/truth.txt
[OUT]   K: 10
[OUT]   M: 45
[OUT]   Max layer: 6
[OUT]   EFC: 435
[OUT]   EFS: 2000
[OUT]   Threads: -1
[OUT]   Debug: -1
[OUT] 
[OUT] HNSW parameters set.
[OUT] 
[OUT] Ablation flags: csr=0, prefetch=0, simd=0, pruning=0, heap=0
[OUT] 
[OUT] Loading base vectors...
[ERR] Loaded base from binary cache: data_o/glove/base.txt.bin
[OUT] ✓ Base loaded in 2076.555196 ms
[OUT] 
[OUT] Loading query vectors...
[ERR] Loaded queries from binary cache: data_o/glove/query.txt.bin
[OUT] ✓ Queries loaded in 67.566279 ms
[OUT] 
[OUT] Loading ground truth...
[ERR] Loaded truth from binary cache: data_o/glove/truth.txt.bin
[OUT] ✓ Truth loaded in 68.579413 ms
[OUT] 
[OUT] Data Summary:
[OUT]   Dimension d=100, Base vectors=1183514, Queries=10000
[OUT] 
[OUT] 
[OUT] Building HNSW index...
[OUT] [Cache] Cache miss, building index...
[OUT] [Progress] 126001/1183514 (10.6%) Time: 9521.84 ms
[OUT] [Progress] 247001/1183514 (20.9%) Time: 37535.38 ms
[OUT] [Progress] 366001/1183514 (30.9%) Time: 78567.54 ms
[OUT] [Progress] 487001/1183514 (41.1%) Time: 122099.94 ms
[OUT] [Progress] 606001/1183514 (51.2%) Time: 171128.34 ms
[OUT] [Progress] 725001/1183514 (61.3%) Time: 221159.75 ms
[OUT] [Progress] 845001/1183514 (71.4%) Time: 276212.55 ms
[OUT] [Progress] 964001/1183514 (81.5%) Time: 331768.99 ms
[OUT] [Progress] 1086001/1183514 (91.8%) Time: 389317.89 ms
[OUT] [Timing] Parallel Build: 429849.45 ms for 1183514 points.
[OUT] [FlatConvert] Starting conversion for 1183514 nodes, dim=100
[OUT] [Reorder] Generated DFS mapping for 1183514 nodes.
[OUT] [FlatConvert] Reorder enabled, enter_point=0, max_level=3
[OUT] [FlatConvert] Allocating data array: 118351400 floats (451 MB)
[OUT] [FlatConvert] Copying vector data...
[OUT] [FlatConvert] Vector data copied.
[OUT] [FlatConvert] Building L0 CSR structure...
[OUT] [FlatConvert] Total L0 links: 55995968
[OUT] [FlatConvert] L0 CSR built, actual links: 55995968
[OUT] [FlatConvert] Building upper layer structure, max_level=3
[OUT] [FlatHNSW-CSR] Converted & Reordered 1183514 nodes.
[OUT] [Timing] Flat Conversion: 8291.67 ms
[OUT] [Cache] Saved index to: cache/hnsw_n1183514_d100_M45_L6_efc435.idx
[OUT] [Cache] Save time: 3198.52 ms
[OUT] ✓ Index built.
[OUT]   build_time(local)=442948.379120 ms
[OUT]   build_time(internal)=429849.451270 ms
[OUT] 
[OUT] 
[OUT] ========== GRAPH QUALITY ==========
[OUT] 
[OUT]   num_nodes: 1183514
[OUT] 
[OUT]   max_level (entry point): 3
[OUT] 
[OUT]   actual_max_layer: 3
[OUT] 
[OUT]   avg_degree_l0: 47.313313
[OUT] 
[OUT]   avg_degree_upper: 0.187777
[OUT] 
[OUT] 
[OUT]   Layer Distribution:
[OUT] 
[OUT]     L0: 1183514 nodes (100.00%)
[OUT] 
[OUT]     L1: 26445 nodes (2.23%)
[OUT] 
[OUT]     L2: 574 nodes (0.05%)
[OUT] 
[OUT]     L3: 13 nodes (0.00%)
[OUT] 
[OUT] 
[OUT] 
[OUT] Executing queries...
[OUT] 
[OUT]   Processed 1000 queries
[OUT] 
[OUT]   Processed 2000 queries
[OUT] 
[OUT]   Processed 3000 queries
[OUT] 
[OUT]   Processed 4000 queries
[OUT] 
[OUT]   Processed 5000 queries
[OUT] 
[OUT]   Processed 6000 queries
[OUT] 
[OUT]   Processed 7000 queries
[OUT] 
[OUT]   Processed 8000 queries
[OUT] 
[OUT]   Processed 9000 queries
[OUT] 
[OUT]   Processed 10000 queries
[OUT] 
[OUT] 
[OUT] ========== RESULTS ==========
[OUT] 
[OUT] Total queries: 10000
[OUT] 
[OUT] Average recall@10: 0.998080
[OUT] 
[OUT] Average query time: 5.279556 ms
[OUT] 
[OUT] Total query time: 52795.560948 ms
[OUT] 
[OUT] 
[OUT] ========== DISTANCE STATISTICS ==========
[OUT] 
[OUT] Total queries reported by index: 10000
[OUT] 
[OUT] Total distance computations: 642333635
[OUT] 
[OUT] Average distance ops per query: 64233.363500
[OUT] 
[OUT] Last query distance ops: 44986
[OUT] 
[OUT] 
[OUT] ========== PERFORMANCE SUMMARY ==========
[OUT] 
[OUT] Data loading time: 2212.700888 ms
[OUT] 
[OUT] Index build time: 429849.451270 ms
[OUT] 
[OUT] Query execution time: 52795.560948 ms
[OUT] 
[OUT] Total elapsed time: 497956.640956 ms
[OUT] 
[OUT] 
[OUT] ========== EFFICIENCY METRICS ==========
[OUT] 
[OUT] Queries per second: 189.409864
[OUT] 
[OUT] Distance ops per second: 12166432.621725
[OUT] 
[OUT] 
[OUT] ========== END OF LOG ==========
[OUT] 
[OUT] Log saved to: Log/run_20251204_031547_788.log
[OUT] 
   [RESULT] Rec=0.9981 Time=5.2796ms
