   [START] m=40, ml=5, efc=959, efs=457
   [LOG] Log/trial_m40_ml5_efc959_efs457_20251128_194510.log
   [RUN 1/1] Executing: ./hng --m 40 --max_layer 5 --efc 959 --efs 457

============================================================
Trial: m=40, ml=5, efc=959, efs=457, Run 1/1
Timestamp: 2025-11-28T19:45:10.848472
Command: ./hng --m 40 --max_layer 5 --efc 959 --efs 457
============================================================

[OUT] ========== HNSW Search Test ==========
[ERR] Loaded base from binary cache: data_o/glove/base.txt.bin
[OUT] 
[OUT] Timestamp: Fri Nov 28 19:45:10 2025
[OUT] 
[OUT] Command line arguments:
[OUT]   argv[0]: ./hng
[OUT]   argv[1]: --m
[OUT]   argv[2]: 40
[OUT]   argv[3]: --max_layer
[OUT]   argv[4]: 5
[OUT]   argv[5]: --efc
[OUT]   argv[6]: 959
[OUT]   argv[7]: --efs
[OUT]   argv[8]: 457
[OUT] 
[OUT] Configuration:
[OUT]   Base file: data_o/glove/base.txt
[OUT]   Query file: data_o/glove/query.txt
[OUT]   Truth file: data_o/glove/truth.txt
[OUT]   K: 10
[OUT]   M: 40
[OUT]   Max layer: 5
[OUT]   EFC: 959
[OUT]   EFS: 457
[OUT]   Threads: -1
[OUT]   Debug: -1
[OUT] 
[OUT] HNSW parameters set.
[OUT] 
[OUT] Loading base vectors...
[OUT] ✓ Base loaded in 2594.742908 ms
[ERR] Loaded queries from binary cache: data_o/glove/query.txt.bin
[OUT] 
[OUT] Loading query vectors...
[OUT] ✓ Queries loaded in 77.194483 ms
[ERR] Loaded truth from binary cache: data_o/glove/truth.txt.bin
[OUT] 
[OUT] Loading ground truth...
[OUT] ✓ Truth loaded in 73.037943 ms
[OUT] 
[OUT] Data Summary:
[OUT]   Dimension d=100, Base vectors=1183514, Queries=10000
[OUT] 
[OUT] 
[OUT] Building HNSW index...
[OUT] [Progress] 119001/1183514 (10.1%) Time: 32077.79 ms
[OUT] [Progress] 238001/1183514 (20.1%) Time: 139486.33 ms
[OUT] [Progress] 357001/1183514 (30.2%) Time: 275327.39 ms
[OUT] [Progress] 476001/1183514 (40.2%) Time: 440863.48 ms
[OUT] [Progress] 595001/1183514 (50.3%) Time: 605799.98 ms
[OUT] [Progress] 714001/1183514 (60.3%) Time: 779768.35 ms
[OUT] [Progress] 834001/1183514 (70.5%) Time: 961002.94 ms
[OUT] [Progress] 953001/1183514 (80.5%) Time: 1149109.67 ms
[OUT] [Progress] 1072001/1183514 (90.6%) Time: 1330872.78 ms
[OUT] [Timing] Parallel Build: 1491067.69 ms for 1183514 points.
[OUT] [FlatHNSW] Converted 1183514 nodes, L0 size: 374471 KB, Upper size: 4011 KB
[OUT] [Timing] Flat Conversion: 533.72 ms
[OUT] ✓ Index built.
[OUT]   build_time(local)=1611211.506775 ms
[OUT]   build_time(internal)=1491067.688594 ms
[OUT] 
[OUT] 
[OUT] ========== GRAPH QUALITY ==========
[OUT] 
[OUT]   num_nodes: 1183514
[OUT] 
[OUT]   max_level (entry point): 3
[OUT] 
[OUT]   actual_max_layer: 3
[OUT] 
[OUT]   avg_degree_l0: 59.147052
[OUT] 
[OUT]   avg_degree_upper: 0.203751
[OUT] 
[OUT] 
[OUT]   Layer Distribution:
[OUT] 
[OUT]     L0: 1183514 nodes (100.00%)
[OUT] 
[OUT]     L1: 29363 nodes (2.48%)
[OUT] 
[OUT]     L2: 748 nodes (0.06%)
[OUT] 
[OUT]     L3: 14 nodes (0.00%)
[OUT] 
[OUT] 
[OUT] 
[OUT] Executing queries...
[OUT] 
[OUT]   Processed 1000 queries
[OUT] 
[OUT]   Processed 2000 queries
[OUT] 
[OUT]   Processed 3000 queries
[OUT] 
[OUT]   Processed 4000 queries
[OUT] 
[OUT]   Processed 5000 queries
[OUT] 
[OUT]   Processed 6000 queries
[OUT] 
[OUT]   Processed 7000 queries
[OUT] 
[OUT]   Processed 8000 queries
[OUT] 
[OUT]   Processed 9000 queries
[OUT] 
[OUT]   Processed 10000 queries
[OUT] 
[OUT] 
[OUT] ========== RESULTS ==========
[OUT] 
[OUT] Total queries: 10000
[OUT] 
[OUT] Average recall@10: 0.982830
[OUT] 
[OUT] Average query time: 2.260803 ms
[OUT] 
[OUT] Total query time: 22608.025228 ms
[OUT] 
[OUT] 
[OUT] ========== DISTANCE STATISTICS ==========
[OUT] 
[OUT] Total queries reported by index: 10000
[OUT] 
[OUT] Total distance computations: 209276447
[OUT] 
[OUT] Average distance ops per query: 20927.644700
[OUT] 
[OUT] Last query distance ops: 18141
[OUT] 
[OUT] 
[OUT] ========== PERFORMANCE SUMMARY ==========
[OUT] 
[OUT] Data loading time: 2744.975334 ms
[OUT] 
[OUT] Index build time: 1491067.688594 ms
[OUT] 
[OUT] Query execution time: 22608.025228 ms
[OUT] 
[OUT] Total elapsed time: 1636564.507337 ms
[OUT] 
[OUT] 
[OUT] ========== EFFICIENCY METRICS ==========
[OUT] 
[OUT] Queries per second: 442.320809
[OUT] 
[OUT] Distance ops per second: 9256732.726077
[OUT] 
[OUT] 
[OUT] ========== END OF LOG ==========
[OUT] 
[OUT] Log saved to: Log/run_20251128_194510_854.log
[OUT] 

Return Code: 0
   [PARSED] Build=1491067.69ms, Query=2.2608ms, Recall=0.9828
   [RESULT] m=40 ml=5  efc=959  efs=457  | Rec=0.9828 Time=2.2608ms Build=1491067.69ms
   [SUCCESS] Logged to Log/trial_m40_ml5_efc959_efs457_20251128_194510.log
