   [START] m=41, ml=14, efc=311, efs=789
[OUT] ========== HNSW Search Test ==========
[ERR] Loaded base from binary cache: data_o/glove/base.txt.bin
[OUT] 
[OUT] Timestamp: Tue Dec  2 08:32:56 2025
[OUT] 
[OUT] Command line arguments:
[OUT]   argv[0]: ./hng
[OUT]   argv[1]: --m
[OUT]   argv[2]: 41
[OUT]   argv[3]: --max_layer
[OUT]   argv[4]: 14
[OUT]   argv[5]: --efc
[OUT]   argv[6]: 311
[OUT]   argv[7]: --efs
[OUT]   argv[8]: 789
[OUT] 
[OUT] Configuration:
[OUT]   Base file: data_o/glove/base.txt
[OUT]   Query file: data_o/glove/query.txt
[OUT]   Truth file: data_o/glove/truth.txt
[OUT]   K: 10
[OUT]   M: 41
[OUT]   Max layer: 14
[OUT]   EFC: 311
[OUT]   EFS: 789
[OUT]   Threads: -1
[OUT]   Debug: -1
[OUT] 
[OUT] HNSW parameters set.
[OUT] 
[OUT] Loading base vectors...
[OUT] ✓ Base loaded in 2145.752046 ms
[ERR] Loaded queries from binary cache: data_o/glove/query.txt.bin
[OUT] 
[OUT] Loading query vectors...
[OUT] ✓ Queries loaded in 65.170855 ms
[OUT] 
[ERR] Loaded truth from binary cache: data_o/glove/truth.txt.bin
[OUT] Loading ground truth...
[OUT] ✓ Truth loaded in 65.523269 ms
[OUT] 
[OUT] Data Summary:
[OUT]   Dimension d=100, Base vectors=1183514, Queries=10000
[OUT] 
[OUT] 
[OUT] Building HNSW index...
[OUT] [Progress] 123001/1183514 (10.4%) Time: 8021.98 ms
[OUT] [Progress] 243001/1183514 (20.5%) Time: 35794.48 ms
[OUT] [Progress] 362001/1183514 (30.6%) Time: 72492.89 ms
[OUT] [Progress] 481001/1183514 (40.6%) Time: 112807.12 ms
[OUT] [Progress] 600001/1183514 (50.7%) Time: 155952.07 ms
[OUT] [Progress] 719001/1183514 (60.8%) Time: 198255.35 ms
[OUT] [Progress] 840001/1183514 (71.0%) Time: 242577.42 ms
[OUT] [Progress] 960001/1183514 (81.1%) Time: 291949.78 ms
[OUT] [Progress] 1081001/1183514 (91.3%) Time: 338615.03 ms
[OUT] [Timing] Parallel Build: 376750.56 ms for 1183514 points.
[OUT] [FlatHNSW] Converted 1183514 nodes, L0 size: 383717 KB, Upper size: 3632 KB
[OUT] [Timing] Flat Conversion: 449.99 ms
[OUT] ✓ Index built.
[OUT]   build_time(local)=359736.432759 ms
[OUT]   build_time(internal)=376750.564041 ms
[OUT] 
[OUT] 
[OUT] ========== GRAPH QUALITY ==========
[OUT] 
[OUT]   num_nodes: 1183514
[OUT] 
[OUT]   max_level (entry point): 4
[OUT] 
[OUT]   actual_max_layer: 4
[OUT] 
[OUT]   avg_degree_l0: 40.037289
[OUT] 
[OUT]   avg_degree_upper: 0.155196
[OUT] 
[OUT] 
[OUT]   Layer Distribution:
[OUT] 
[OUT]     L0: 1183514 nodes (100.00%)
[OUT] 
[OUT]     L1: 28722 nodes (2.43%)
[OUT] 
[OUT]     L2: 726 nodes (0.06%)
[OUT] 
[OUT]     L3: 17 nodes (0.00%)
[OUT] 
[OUT]     L4: 1 nodes (0.00%)
[OUT] 
[OUT] 
[OUT] 
[OUT] Executing queries...
[OUT] 
[OUT]   Processed 1000 queries
[OUT] 
[OUT]   Processed 2000 queries
[OUT] 
[OUT]   Processed 3000 queries
[OUT] 
[OUT]   Processed 4000 queries
[OUT] 
[OUT]   Processed 5000 queries
[OUT] 
[OUT]   Processed 6000 queries
[OUT] 
[OUT]   Processed 7000 queries
[OUT] 
[OUT]   Processed 8000 queries
[OUT] 
[OUT]   Processed 9000 queries
[OUT] 
[OUT]   Processed 10000 queries
[OUT] 
[OUT] 
[OUT] ========== RESULTS ==========
[OUT] 
[OUT] Total queries: 10000
[OUT] 
[OUT] Average recall@10: 0.984650
[OUT] 
[OUT] Average query time: 2.104406 ms
[OUT] 
[OUT] Total query time: 21044.061634 ms
[OUT] 
[OUT] 
[OUT] ========== DISTANCE STATISTICS ==========
[OUT] 
[OUT] Total queries reported by index: 10000
[OUT] 
[OUT] Total distance computations: 0
[OUT] 
[OUT] Average distance ops per query: 0.000000
[OUT] 
[OUT] Last query distance ops: 0
[OUT] 
[OUT] 
[OUT] ========== PERFORMANCE SUMMARY ==========
[OUT] 
[OUT] Data loading time: 2276.446170 ms
[OUT] 
[OUT] Index build time: 376750.564041 ms
[OUT] 
[OUT] Query execution time: 21044.061634 ms
[OUT] 
[OUT] Total elapsed time: 383056.940563 ms
[OUT] 
[OUT] 
[OUT] ========== EFFICIENCY METRICS ==========
[OUT] 
[OUT] Queries per second: 475.193438
[OUT] 
[OUT] 
[OUT] ========== END OF LOG ==========
[OUT] 
[OUT] Log saved to: Log/run_20251202_083256_934.log
[OUT] 
   [PARSED] Rec=0.9847, Time=2.1044ms, Build=376750.56ms
   [RESULT] Rec=0.9847 Time=2.1044ms
