   [START] m=43, ml=12, efc=659, efs=391
   [LOG] Log/trial_m43_ml12_efc659_efs391_20251127_034636.log
   [RUN 1/1] Executing: ./hng --m 43 --max_layer 12 --efc 659 --efs 391

============================================================
Trial: m=43, ml=12, efc=659, efs=391, Run 1/1
Timestamp: 2025-11-27T03:46:36.244250
Command: ./hng --m 43 --max_layer 12 --efc 659 --efs 391
============================================================

[ERR] Loaded base from binary cache: data_o/glove/base.txt.bin
[OUT] ========== HNSW Search Test ==========
[OUT] 
[OUT] Timestamp: Thu Nov 27 03:46:36 2025
[OUT] 
[OUT] Command line arguments:
[OUT]   argv[0]: ./hng
[OUT]   argv[1]: --m
[OUT]   argv[2]: 43
[OUT]   argv[3]: --max_layer
[OUT]   argv[4]: 12
[OUT]   argv[5]: --efc
[OUT]   argv[6]: 659
[OUT]   argv[7]: --efs
[OUT]   argv[8]: 391
[OUT] 
[OUT] Configuration:
[OUT]   Base file: data_o/glove/base.txt
[OUT]   Query file: data_o/glove/query.txt
[OUT]   Truth file: data_o/glove/truth.txt
[OUT]   K: 10
[OUT]   M: 43
[OUT]   Max layer: 12
[OUT]   EFC: 659
[OUT]   EFS: 391
[OUT]   Threads: -1
[OUT]   Debug: -1
[OUT] 
[OUT] HNSW parameters set.
[OUT] 
[OUT] Loading base vectors...
[OUT] ✓ Base loaded in 2099.503929 ms
[ERR] Loaded queries from binary cache: data_o/glove/query.txt.bin
[OUT] 
[OUT] Loading query vectors...
[OUT] ✓ Queries loaded in 66.702572 ms
[ERR] Loaded truth from binary cache: data_o/glove/truth.txt.bin
[OUT] 
[OUT] Loading ground truth...
[OUT] ✓ Truth loaded in 66.276814 ms
[OUT] 
[OUT] Data Summary:
[OUT]   Dimension d=100, Base vectors=1183514, Queries=10000
[OUT] 
[OUT] 
[OUT] Building HNSW index...
[OUT] [Progress] 120001/1183514 (10.1%) Time: 19293.52 ms
[OUT] [Progress] 240001/1183514 (20.3%) Time: 89315.57 ms
[OUT] [Progress] 359001/1183514 (30.3%) Time: 182622.30 ms
[OUT] [Progress] 478001/1183514 (40.4%) Time: 286152.83 ms
[OUT] [Progress] 598001/1183514 (50.5%) Time: 397890.54 ms
[OUT] [Progress] 718001/1183514 (60.7%) Time: 512497.73 ms
[OUT] [Progress] 837001/1183514 (70.7%) Time: 626532.96 ms
[OUT] [Progress] 957001/1183514 (80.9%) Time: 754468.49 ms
[OUT] [Progress] 1076001/1183514 (90.9%) Time: 873362.68 ms
[OUT] [Timing] Parallel Build: 969623.33 ms for 1183514 points.
[OUT] [FlatHNSW] Converted 1183514 nodes, L0 size: 402209 KB, Upper size: 3757 KB
[OUT] [Timing] Flat Conversion: 482.20 ms
[OUT] ✓ Index built.
[OUT]   build_time(local)=1028028.114334 ms
[OUT]   build_time(internal)=969623.334062 ms
[OUT] 
[OUT] 
[OUT] ========== GRAPH QUALITY ==========
[OUT] 
[OUT]   num_nodes: 1183514
[OUT] 
[OUT]   max_level (entry point): 4
[OUT] 
[OUT]   actual_max_layer: 4
[OUT] 
[OUT]   avg_degree_l0: 54.967310
[OUT] 
[OUT]   avg_degree_upper: 0.153794
[OUT] 
[OUT] 
[OUT]   Layer Distribution:
[OUT] 
[OUT]     L0: 1183514 nodes (100.00%)
[OUT] 
[OUT]     L1: 27310 nodes (2.31%)
[OUT] 
[OUT]     L2: 583 nodes (0.05%)
[OUT] 
[OUT]     L3: 19 nodes (0.00%)
[OUT] 
[OUT]     L4: 2 nodes (0.00%)
[OUT] 
[OUT] 
[OUT] 
[OUT] Executing queries...
[OUT] 
[OUT]   Processed 1000 queries
[OUT] 
[OUT]   Processed 2000 queries
[OUT] 
[OUT]   Processed 3000 queries
[OUT] 
[OUT]   Processed 4000 queries
[OUT] 
[OUT]   Processed 5000 queries
[OUT] 
[OUT]   Processed 6000 queries
[OUT] 
[OUT]   Processed 7000 queries
[OUT] 
[OUT]   Processed 8000 queries
[OUT] 
[OUT]   Processed 9000 queries
[OUT] 
[OUT]   Processed 10000 queries
[OUT] 
[OUT] 
[OUT] ========== RESULTS ==========
[OUT] 
[OUT] Total queries: 10000
[OUT] 
[OUT] Average recall@10: 0.976290
[OUT] 
[OUT] Average query time: 1.828315 ms
[OUT] 
[OUT] Total query time: 18283.153399 ms
[OUT] 
[OUT] 
[OUT] ========== DISTANCE STATISTICS ==========
[OUT] 
[OUT] Total queries reported by index: 10000
[OUT] 
[OUT] Total distance computations: 174253054
[OUT] 
[OUT] Average distance ops per query: 17425.305400
[OUT] 
[OUT] Last query distance ops: 14660
[OUT] 
[OUT] 
[OUT] ========== PERFORMANCE SUMMARY ==========
[OUT] 
[OUT] Data loading time: 2232.483315 ms
[OUT] 
[OUT] Index build time: 969623.334062 ms
[OUT] 
[OUT] Query execution time: 18283.153399 ms
[OUT] 
[OUT] Total elapsed time: 1048543.751048 ms
[OUT] 
[OUT] 
[OUT] ========== EFFICIENCY METRICS ==========
[OUT] 
[OUT] Queries per second: 546.951600
[OUT] 
[OUT] Distance ops per second: 9530798.664607
[OUT] 
[OUT] 
[OUT] ========== END OF LOG ==========
[OUT] 
[OUT] Log saved to: Log/run_20251127_034636_249.log
[OUT] 

Return Code: 0
   [PARSED] Build=969623.33ms, Query=1.8283ms, Recall=0.9763
   [RESULT] m=43 ml=12 efc=659  efs=391  | Rec=0.9763 Time=1.8283ms Build=969623.33ms
   [SUCCESS] Logged to Log/trial_m43_ml12_efc659_efs391_20251127_034636.log
