   [START] m=42, efc=687, efs=646
   [LOG] Log/trial_m42_efc687_efs646_20251126_085435.log
   [RUN 1/1] Executing: ./hng --m 42 --efc 687 --efs 646

============================================================
Trial: m=42, efc=687, efs=646, Run 1/1
Timestamp: 2025-11-26T08:54:35.151746
Command: ./hng --m 42 --efc 687 --efs 646
============================================================

[OUT] ========== HNSW Search Test ==========
[ERR] Loaded base from binary cache: data_o/glove/base.txt.bin
[OUT] 
[OUT] Timestamp: Wed Nov 26 08:54:35 2025
[OUT] 
[OUT] Command line arguments:
[OUT]   argv[0]: ./hng
[OUT]   argv[1]: --m
[OUT]   argv[2]: 42
[OUT]   argv[3]: --efc
[OUT]   argv[4]: 687
[OUT]   argv[5]: --efs
[OUT]   argv[6]: 646
[OUT] 
[OUT] Configuration:
[OUT]   Base file: data_o/glove/base.txt
[OUT]   Query file: data_o/glove/query.txt
[OUT]   Truth file: data_o/glove/truth.txt
[OUT]   K: 10
[OUT]   M: 42
[OUT]   Max layer: -1
[OUT]   EFC: 687
[OUT]   EFS: 646
[OUT]   Threads: -1
[OUT]   Debug: -1
[OUT] 
[OUT] HNSW parameters set.
[OUT] 
[OUT] Loading base vectors...
[ERR] Loaded queries from binary cache: data_o/glove/query.txt.bin
[OUT] ✓ Base loaded in 2615.801594 ms
[OUT] 
[OUT] Loading query vectors...
[OUT] ✓ Queries loaded in 77.990379 ms
[ERR] Loaded truth from binary cache: data_o/glove/truth.txt.bin
[OUT] 
[OUT] Loading ground truth...
[OUT] ✓ Truth loaded in 78.042744 ms
[OUT] 
[OUT] Data Summary:
[OUT]   Dimension d=100, Base vectors=1183514, Queries=10000
[OUT] 
[OUT] 
[OUT] Building HNSW index...
[OUT] [Progress] 120001/1183514 (10.1%) Time: 19016.01 ms
[OUT] [Progress] 239001/1183514 (20.2%) Time: 65540.12 ms
[OUT] [Progress] 359001/1183514 (30.3%) Time: 129570.31 ms
[OUT] [Progress] 480001/1183514 (40.6%) Time: 212149.52 ms
[OUT] [Progress] 599001/1183514 (50.6%) Time: 293711.94 ms
[OUT] [Progress] 718001/1183514 (60.7%) Time: 376759.85 ms
[OUT] [Progress] 837001/1183514 (70.7%) Time: 462823.84 ms
[OUT] [Progress] 957001/1183514 (80.9%) Time: 552872.08 ms
[OUT] [Progress] 1076001/1183514 (90.9%) Time: 648445.64 ms
[OUT] [Timing] Parallel Build: 724986.59 ms for 1183514 points.
[OUT] ✓ Index built.
[OUT]   build_time(local)=725683.129131 ms
[OUT]   build_time(internal)=724986.588893 ms
[OUT] 
[OUT] 
[OUT] Executing queries...
[OUT] 
[OUT]   Processed 1000 queries
[OUT] 
[OUT]   Processed 2000 queries
[OUT] 
[OUT]   Processed 3000 queries
[OUT] 
[OUT]   Processed 4000 queries
[OUT] 
[OUT]   Processed 5000 queries
[OUT] 
[OUT]   Processed 6000 queries
[OUT] 
[OUT]   Processed 7000 queries
[OUT] 
[OUT]   Processed 8000 queries
[OUT] 
[OUT]   Processed 9000 queries
[OUT] 
[OUT]   Processed 10000 queries
[OUT] 
[OUT] 
[OUT] ========== RESULTS ==========
[OUT] 
[OUT] Total queries: 10000
[OUT] 
[OUT] Average recall@10: 0.989450
[OUT] 
[OUT] Average query time: 3.216929 ms
[OUT] 
[OUT] Total query time: 32169.289459 ms
[OUT] 
[OUT] 
[OUT] ========== DISTANCE STATISTICS ==========
[OUT] 
[OUT] Total queries reported by index: 10000
[OUT] 
[OUT] Total distance computations: 271130203
[OUT] 
[OUT] Average distance ops per query: 27113.020300
[OUT] 
[OUT] Last query distance ops: 21696
[OUT] 
[OUT] 
[OUT] ========== PERFORMANCE SUMMARY ==========
[OUT] 
[OUT] Data loading time: 2771.834717 ms
[OUT] 
[OUT] Index build time: 724986.588893 ms
[OUT] 
[OUT] Query execution time: 32169.289459 ms
[OUT] 
[OUT] Total elapsed time: 760624.253307 ms
[OUT] 
[OUT] 
[OUT] ========== EFFICIENCY METRICS ==========
[OUT] 
[OUT] Queries per second: 310.855483
[OUT] 
[OUT] Distance ops per second: 8428231.010373
[OUT] 
[OUT] 
[OUT] ========== END OF LOG ==========
[OUT] 
[OUT] Log saved to: Log/run_20251126_085435_158.log
[OUT] 

Return Code: 0
   [PARSED] Build=724986.59ms, Query=3.2169ms, Recall=0.9895
   [RESULT] m=42 efc=687  efs=646  | Rec=0.9895 Time=3.2169ms Build=724986.59ms
   [SUCCESS] Logged to Log/trial_m42_efc687_efs646_20251126_085435.log
