   [START] m=35, ml=12, efc=542, efs=1167
   [LOG] Log/trial_m35_ml12_efc542_efs1167_20251128_033331.log
   [RUN 1/1] Executing: ./hng --m 35 --max_layer 12 --efc 542 --efs 1167

============================================================
Trial: m=35, ml=12, efc=542, efs=1167, Run 1/1
Timestamp: 2025-11-28T03:33:31.725981
Command: ./hng --m 35 --max_layer 12 --efc 542 --efs 1167
============================================================

[ERR] Loaded base from binary cache: data_o/glove/base.txt.bin
[OUT] ========== HNSW Search Test ==========
[OUT] 
[OUT] Timestamp: Fri Nov 28 03:33:31 2025
[OUT] 
[OUT] Command line arguments:
[OUT]   argv[0]: ./hng
[OUT]   argv[1]: --m
[OUT]   argv[2]: 35
[OUT]   argv[3]: --max_layer
[OUT]   argv[4]: 12
[OUT]   argv[5]: --efc
[OUT]   argv[6]: 542
[OUT]   argv[7]: --efs
[OUT]   argv[8]: 1167
[OUT] 
[OUT] Configuration:
[OUT]   Base file: data_o/glove/base.txt
[OUT]   Query file: data_o/glove/query.txt
[OUT]   Truth file: data_o/glove/truth.txt
[OUT]   K: 10
[OUT]   M: 35
[OUT]   Max layer: 12
[OUT]   EFC: 542
[OUT]   EFS: 1167
[OUT]   Threads: -1
[OUT]   Debug: -1
[OUT] 
[OUT] HNSW parameters set.
[OUT] 
[OUT] Loading base vectors...
[OUT] ✓ Base loaded in 2453.222763 ms
[ERR] Loaded queries from binary cache: data_o/glove/query.txt.bin
[OUT] 
[OUT] Loading query vectors...
[OUT] ✓ Queries loaded in 78.611661 ms
[ERR] Loaded truth from binary cache: data_o/glove/truth.txt.bin
[OUT] 
[OUT] Loading ground truth...
[OUT] ✓ Truth loaded in 75.775495 ms
[OUT] 
[OUT] Data Summary:
[OUT]   Dimension d=100, Base vectors=1183514, Queries=10000
[OUT] 
[OUT] 
[OUT] Building HNSW index...
[OUT] [Progress] 122001/1183514 (10.3%) Time: 18540.35 ms
[OUT] [Progress] 243001/1183514 (20.5%) Time: 76244.87 ms
[OUT] [Progress] 362001/1183514 (30.6%) Time: 145541.62 ms
[OUT] [Progress] 482001/1183514 (40.7%) Time: 228810.53 ms
[OUT] [Progress] 601001/1183514 (50.8%) Time: 309068.39 ms
[OUT] [Progress] 720001/1183514 (60.8%) Time: 395892.48 ms
[OUT] [Progress] 840001/1183514 (71.0%) Time: 482664.58 ms
[OUT] [Progress] 959001/1183514 (81.0%) Time: 572953.42 ms
[OUT] [Progress] 1078001/1183514 (91.1%) Time: 666209.35 ms
[OUT] [Timing] Parallel Build: 733694.24 ms for 1183514 points.
[OUT] [FlatHNSW] Converted 1183514 nodes, L0 size: 328240 KB, Upper size: 4267 KB
[OUT] [Timing] Flat Conversion: 441.24 ms
[OUT] ✓ Index built.
[OUT]   build_time(local)=809359.419576 ms
[OUT]   build_time(internal)=733694.244684 ms
[OUT] 
[OUT] 
[OUT] ========== GRAPH QUALITY ==========
[OUT] 
[OUT]   num_nodes: 1183514
[OUT] 
[OUT]   max_level (entry point): 4
[OUT] 
[OUT]   actual_max_layer: 4
[OUT] 
[OUT]   avg_degree_l0: 48.454177
[OUT] 
[OUT]   avg_degree_upper: 0.172547
[OUT] 
[OUT] 
[OUT]   Layer Distribution:
[OUT] 
[OUT]     L0: 1183514 nodes (100.00%)
[OUT] 
[OUT]     L1: 33880 nodes (2.86%)
[OUT] 
[OUT]     L2: 1042 nodes (0.09%)
[OUT] 
[OUT]     L3: 24 nodes (0.00%)
[OUT] 
[OUT]     L4: 1 nodes (0.00%)
[OUT] 
[OUT] 
[OUT] 
[OUT] Executing queries...
[OUT] 
[OUT]   Processed 1000 queries
[OUT] 
[OUT]   Processed 2000 queries
[OUT] 
[OUT]   Processed 3000 queries
[OUT] 
[OUT]   Processed 4000 queries
[OUT] 
[OUT]   Processed 5000 queries
[OUT] 
[OUT]   Processed 6000 queries
[OUT] 
[OUT]   Processed 7000 queries
[OUT] 
[OUT]   Processed 8000 queries
[OUT] 
[OUT]   Processed 9000 queries
[OUT] 
[OUT]   Processed 10000 queries
[OUT] 
[OUT] 
[OUT] ========== RESULTS ==========
[OUT] 
[OUT] Total queries: 10000
[OUT] 
[OUT] Average recall@10: 0.994210
[OUT] 
[OUT] Average query time: 5.092855 ms
[OUT] 
[OUT] Total query time: 50928.547726 ms
[OUT] 
[OUT] 
[OUT] ========== DISTANCE STATISTICS ==========
[OUT] 
[OUT] Total queries reported by index: 10000
[OUT] 
[OUT] Total distance computations: 394453298
[OUT] 
[OUT] Average distance ops per query: 39445.329900
[OUT] 
[OUT] Last query distance ops: 30864
[OUT] 
[OUT] 
[OUT] ========== PERFORMANCE SUMMARY ==========
[OUT] 
[OUT] Data loading time: 2607.609919 ms
[OUT] 
[OUT] Index build time: 733694.244684 ms
[OUT] 
[OUT] Query execution time: 50928.547726 ms
[OUT] 
[OUT] Total elapsed time: 862895.577221 ms
[OUT] 
[OUT] 
[OUT] ========== EFFICIENCY METRICS ==========
[OUT] 
[OUT] Queries per second: 196.353528
[OUT] 
[OUT] Distance ops per second: 7745229.672014
[OUT] 
[OUT] 
[OUT] ========== END OF LOG ==========
[OUT] 
[OUT] Log saved to: Log/run_20251128_033331_731.log
[OUT] 

Return Code: 0
   [PARSED] Build=733694.24ms, Query=5.0929ms, Recall=0.9942
   [RESULT] m=35 ml=12 efc=542  efs=1167 | Rec=0.9942 Time=5.0929ms Build=733694.24ms
   [SUCCESS] Logged to Log/trial_m35_ml12_efc542_efs1167_20251128_033331.log
