   [START] m=41, ml=11, efc=530, efs=473
   [LOG] Log/trial_m41_ml11_efc530_efs473_20251127_013029.log
   [RUN 1/1] Executing: ./hng --m 41 --max_layer 11 --efc 530 --efs 473

============================================================
Trial: m=41, ml=11, efc=530, efs=473, Run 1/1
Timestamp: 2025-11-27T01:30:29.156870
Command: ./hng --m 41 --max_layer 11 --efc 530 --efs 473
============================================================

[OUT] ========== HNSW Search Test ==========
[ERR] Loaded base from binary cache: data_o/glove/base.txt.bin
[OUT] 
[OUT] Timestamp: Thu Nov 27 01:30:29 2025
[OUT] 
[OUT] Command line arguments:
[OUT]   argv[0]: ./hng
[OUT]   argv[1]: --m
[OUT]   argv[2]: 41
[OUT]   argv[3]: --max_layer
[OUT]   argv[4]: 11
[OUT]   argv[5]: --efc
[OUT]   argv[6]: 530
[OUT]   argv[7]: --efs
[OUT]   argv[8]: 473
[OUT] 
[OUT] Configuration:
[OUT]   Base file: data_o/glove/base.txt
[OUT]   Query file: data_o/glove/query.txt
[OUT]   Truth file: data_o/glove/truth.txt
[OUT]   K: 10
[OUT]   M: 41
[OUT]   Max layer: 11
[OUT]   EFC: 530
[OUT]   EFS: 473
[OUT]   Threads: -1
[OUT]   Debug: -1
[OUT] 
[OUT] HNSW parameters set.
[OUT] 
[OUT] Loading base vectors...
[OUT] ✓ Base loaded in 2203.288598 ms
[ERR] Loaded queries from binary cache: data_o/glove/query.txt.bin
[OUT] 
[OUT] Loading query vectors...
[OUT] ✓ Queries loaded in 78.848661 ms
[ERR] Loaded truth from binary cache: data_o/glove/truth.txt.bin
[OUT] 
[OUT] Loading ground truth...
[OUT] ✓ Truth loaded in 79.339280 ms
[OUT] 
[OUT] Data Summary:
[OUT]   Dimension d=100, Base vectors=1183514, Queries=10000
[OUT] 
[OUT] 
[OUT] Building HNSW index...
[OUT] [Progress] 120001/1183514 (10.1%) Time: 14961.58 ms
[OUT] [Progress] 240001/1183514 (20.3%) Time: 66348.88 ms
[OUT] [Progress] 359001/1183514 (30.3%) Time: 137271.75 ms
[OUT] [Progress] 478001/1183514 (40.4%) Time: 219512.22 ms
[OUT] [Progress] 597001/1183514 (50.4%) Time: 300883.68 ms
[OUT] [Progress] 716001/1183514 (60.5%) Time: 390751.46 ms
[OUT] [Progress] 835001/1183514 (70.6%) Time: 477997.57 ms
[OUT] [Progress] 954001/1183514 (80.6%) Time: 570266.95 ms
[OUT] [Progress] 1073001/1183514 (90.7%) Time: 659549.91 ms
[OUT] [Timing] Parallel Build: 739119.63 ms for 1183514 points.
[OUT] [FlatHNSW] Converted 1183514 nodes, L0 size: 383717 KB, Upper size: 3862 KB
[OUT] [Timing] Flat Conversion: 468.64 ms
[OUT] ✓ Index built.
[OUT]   build_time(local)=779247.663471 ms
[OUT]   build_time(internal)=739119.625775 ms
[OUT] 
[OUT] 
[OUT] ========== GRAPH QUALITY ==========
[OUT] 
[OUT]   num_nodes: 1183514
[OUT] 
[OUT]   max_level (entry point): 4
[OUT] 
[OUT]   actual_max_layer: 4
[OUT] 
[OUT]   avg_degree_l0: 50.426092
[OUT] 
[OUT]   avg_degree_upper: 0.161584
[OUT] 
[OUT] 
[OUT]   Layer Distribution:
[OUT] 
[OUT]     L0: 1183514 nodes (100.00%)
[OUT] 
[OUT]     L1: 28788 nodes (2.43%)
[OUT] 
[OUT]     L2: 738 nodes (0.06%)
[OUT] 
[OUT]     L3: 18 nodes (0.00%)
[OUT] 
[OUT]     L4: 1 nodes (0.00%)
[OUT] 
[OUT] 
[OUT] 
[OUT] Executing queries...
[OUT] 
[OUT]   Processed 1000 queries
[OUT] 
[OUT]   Processed 2000 queries
[OUT] 
[OUT]   Processed 3000 queries
[OUT] 
[OUT]   Processed 4000 queries
[OUT] 
[OUT]   Processed 5000 queries
[OUT] 
[OUT]   Processed 6000 queries
[OUT] 
[OUT]   Processed 7000 queries
[OUT] 
[OUT]   Processed 8000 queries
[OUT] 
[OUT]   Processed 9000 queries
[OUT] 
[OUT]   Processed 10000 queries
[OUT] 
[OUT] 
[OUT] ========== RESULTS ==========
[OUT] 
[OUT] Total queries: 10000
[OUT] 
[OUT] Average recall@10: 0.979200
[OUT] 
[OUT] Average query time: 2.009394 ms
[OUT] 
[OUT] Total query time: 20093.937273 ms
[OUT] 
[OUT] 
[OUT] ========== DISTANCE STATISTICS ==========
[OUT] 
[OUT] Total queries reported by index: 10000
[OUT] 
[OUT] Total distance computations: 190780939
[OUT] 
[OUT] Average distance ops per query: 19078.093900
[OUT] 
[OUT] Last query distance ops: 16109
[OUT] 
[OUT] 
[OUT] ========== PERFORMANCE SUMMARY ==========
[OUT] 
[OUT] Data loading time: 2361.476539 ms
[OUT] 
[OUT] Index build time: 739119.625775 ms
[OUT] 
[OUT] Query execution time: 20093.937273 ms
[OUT] 
[OUT] Total elapsed time: 801703.077283 ms
[OUT] 
[OUT] 
[OUT] ========== EFFICIENCY METRICS ==========
[OUT] 
[OUT] Queries per second: 497.662547
[OUT] 
[OUT] Distance ops per second: 9494452.799768
[OUT] 
[OUT] 
[OUT] ========== END OF LOG ==========
[OUT] 
[OUT] Log saved to: Log/run_20251127_013029_162.log
[OUT] 

Return Code: 0
   [PARSED] Build=739119.63ms, Query=2.0094ms, Recall=0.9792
   [RESULT] m=41 ml=11 efc=530  efs=473  | Rec=0.9792 Time=2.0094ms Build=739119.63ms
   [SUCCESS] Logged to Log/trial_m41_ml11_efc530_efs473_20251127_013029.log
