   [START] m=63, efc=208, efs=887
   [LOG] Log/trial_m63_efc208_efs887_20251126_085112.log
   [RUN 1/1] Executing: ./hng --m 63 --efc 208 --efs 887

============================================================
Trial: m=63, efc=208, efs=887, Run 1/1
Timestamp: 2025-11-26T08:51:12.532577
Command: ./hng --m 63 --efc 208 --efs 887
============================================================

[OUT] ========== HNSW Search Test ==========
[ERR] Loaded base from binary cache: data_o/glove/base.txt.bin
[OUT] 
[OUT] Timestamp: Wed Nov 26 08:51:12 2025
[OUT] 
[OUT] Command line arguments:
[OUT]   argv[0]: ./hng
[OUT]   argv[1]: --m
[OUT]   argv[2]: 63
[OUT]   argv[3]: --efc
[OUT]   argv[4]: 208
[OUT]   argv[5]: --efs
[OUT]   argv[6]: 887
[OUT] 
[OUT] Configuration:
[OUT]   Base file: data_o/glove/base.txt
[OUT]   Query file: data_o/glove/query.txt
[OUT]   Truth file: data_o/glove/truth.txt
[OUT]   K: 10
[OUT]   M: 63
[OUT]   Max layer: -1
[OUT]   EFC: 208
[OUT]   EFS: 887
[OUT]   Threads: -1
[OUT]   Debug: -1
[OUT] 
[OUT] HNSW parameters set.
[OUT] 
[OUT] Loading base vectors...
[OUT] ✓ Base loaded in 4199.041236 ms
[ERR] Loaded queries from binary cache: data_o/glove/query.txt.bin
[OUT] 
[OUT] Loading query vectors...
[ERR] Loaded truth from binary cache: data_o/glove/truth.txt.bin
[OUT] ✓ Queries loaded in 95.620468 ms
[OUT] 
[OUT] Loading ground truth...
[OUT] ✓ Truth loaded in 95.811329 ms
[OUT] 
[OUT] Data Summary:
[OUT]   Dimension d=100, Base vectors=1183514, Queries=10000
[OUT] 
[OUT] 
[OUT] Building HNSW index...
[OUT] [Progress] 121001/1183514 (10.2%) Time: 4511.21 ms
[OUT] [Progress] 240001/1183514 (20.3%) Time: 15013.88 ms
[OUT] [Progress] 361001/1183514 (30.5%) Time: 32031.71 ms
[OUT] [Progress] 481001/1183514 (40.6%) Time: 49044.68 ms
[OUT] [Progress] 600001/1183514 (50.7%) Time: 66054.87 ms
[OUT] [Progress] 719001/1183514 (60.8%) Time: 84571.72 ms
[OUT] [Progress] 839001/1183514 (70.9%) Time: 105586.29 ms
[OUT] [Progress] 960001/1183514 (81.1%) Time: 126608.90 ms
[OUT] [Progress] 1079001/1183514 (91.2%) Time: 146619.83 ms
[OUT] [Timing] Parallel Build: 161628.72 ms for 1183514 points.
[OUT] ✓ Index built.
[OUT]   build_time(local)=164893.906800 ms
[OUT]   build_time(internal)=161628.723645 ms
[OUT] 
[OUT] 
[OUT] Executing queries...
[OUT] 
[OUT]   Processed 1000 queries
[OUT] 
[OUT]   Processed 2000 queries
[OUT] 
[OUT]   Processed 3000 queries
[OUT] 
[OUT]   Processed 4000 queries
[OUT] 
[OUT]   Processed 5000 queries
[OUT] 
[OUT]   Processed 6000 queries
[OUT] 
[OUT]   Processed 7000 queries
[OUT] 
[OUT]   Processed 8000 queries
[OUT] 
[OUT]   Processed 9000 queries
[OUT] 
[OUT]   Processed 10000 queries
[OUT] 
[OUT] 
[OUT] ========== RESULTS ==========
[OUT] 
[OUT] Total queries: 10000
[OUT] 
[OUT] Average recall@10: 0.981360
[OUT] 
[OUT] Average query time: 3.293576 ms
[OUT] 
[OUT] Total query time: 32935.755192 ms
[OUT] 
[OUT] 
[OUT] ========== DISTANCE STATISTICS ==========
[OUT] 
[OUT] Total queries reported by index: 10000
[OUT] 
[OUT] Total distance computations: 241379155
[OUT] 
[OUT] Average distance ops per query: 24137.915500
[OUT] 
[OUT] Last query distance ops: 18823
[OUT] 
[OUT] 
[OUT] ========== PERFORMANCE SUMMARY ==========
[OUT] 
[OUT] Data loading time: 4390.473033 ms
[OUT] 
[OUT] Index build time: 161628.723645 ms
[OUT] 
[OUT] Query execution time: 32935.755192 ms
[OUT] 
[OUT] Total elapsed time: 202220.135025 ms
[OUT] 
[OUT] 
[OUT] ========== EFFICIENCY METRICS ==========
[OUT] 
[OUT] Queries per second: 303.621397
[OUT] 
[OUT] Distance ops per second: 7328787.622839
[OUT] 
[OUT] 
[OUT] ========== END OF LOG ==========
[OUT] 
[OUT] Log saved to: Log/run_20251126_085112_553.log
[OUT] 

Return Code: 0
   [PARSED] Build=161628.72ms, Query=3.2936ms, Recall=0.9814
   [RESULT] m=63 efc=208  efs=887  | Rec=0.9814 Time=3.2936ms Build=161628.72ms
   [SUCCESS] Logged to Log/trial_m63_efc208_efs887_20251126_085112.log
