   [START] m=50, ml=5, efc=630, efs=680
[OUT] ========== HNSW Search Test ==========
[OUT] 
[OUT] Timestamp: Thu Dec  4 07:27:55 2025
[OUT] 
[OUT] Command line arguments:
[OUT]   argv[0]: ./hng1
[OUT]   argv[1]: --m
[OUT]   argv[2]: 50
[OUT]   argv[3]: --max_layer
[OUT]   argv[4]: 5
[OUT]   argv[5]: --efc
[OUT]   argv[6]: 630
[OUT]   argv[7]: --efs
[OUT]   argv[8]: 680
[OUT] 
[OUT] Configuration:
[OUT]   Base file: data_o/glove/base.txt
[OUT]   Query file: data_o/glove/query.txt
[OUT]   Truth file: data_o/glove/truth.txt
[OUT]   K: 10
[OUT]   M: 50
[OUT]   Max layer: 5
[OUT]   EFC: 630
[OUT]   EFS: 680
[OUT]   Threads: -1
[ERR] Loaded base from binary cache: data_o/glove/base.txt.bin
[OUT]   Debug: -1
[OUT] 
[OUT] HNSW parameters set.
[OUT] 
[OUT] Ablation flags: csr=0, prefetch=0, simd=0, pruning=0, heap=0
[OUT] 
[OUT] Loading base vectors...
[OUT] ✓ Base loaded in 3957.714725 ms
[ERR] Loaded queries from binary cache: data_o/glove/query.txt.bin
[OUT] 
[OUT] Loading query vectors...
[OUT] ✓ Queries loaded in 76.466528 ms
[OUT] 
[OUT] Loading ground truth...
[ERR] Loaded truth from binary cache: data_o/glove/truth.txt.bin
[OUT] ✓ Truth loaded in 75.047706 ms
[OUT] 
[OUT] Data Summary:
[OUT]   Dimension d=100, Base vectors=1183514, Queries=10000
[OUT] 
[OUT] 
[OUT] Building HNSW index...
[OUT] [Cache] Loaded index from: cache/hnsw_n1183514_d100_M50_L5_efc630.idx
[OUT] [Cache] Load time: 3854.43 ms
[OUT] ✓ Index built.
[OUT]   build_time(local)=3859.505804 ms
[OUT]   build_time(internal)=3854.429875 ms
[OUT] 
[OUT] 
[OUT] ========== GRAPH QUALITY ==========
[OUT] 
[OUT]   num_nodes: 1183514
[OUT] 
[OUT]   max_level (entry point): 3
[OUT] 
[OUT]   actual_max_layer: 3
[OUT] 
[OUT]   avg_degree_l0: 55.584567
[OUT] 
[OUT]   avg_degree_upper: 0.182471
[OUT] 
[OUT] 
[OUT]   Layer Distribution:
[OUT] 
[OUT]     L0: 1183514 nodes (100.00%)
[OUT] 
[OUT]     L1: 23578 nodes (1.99%)
[OUT] 
[OUT]     L2: 485 nodes (0.04%)
[OUT] 
[OUT]     L3: 12 nodes (0.00%)
[OUT] 
[OUT] 
[OUT] 
[OUT] Executing queries...
[OUT] 
[OUT]   Processed 1000 queries
[OUT] 
[OUT]   Processed 2000 queries
[OUT] 
[OUT]   Processed 3000 queries
[OUT] 
[OUT]   Processed 4000 queries
[OUT] 
[OUT]   Processed 5000 queries
[OUT] 
[OUT]   Processed 6000 queries
[OUT] 
[OUT]   Processed 7000 queries
[OUT] 
[OUT]   Processed 8000 queries
[OUT] 
[OUT]   Processed 9000 queries
[OUT] 
[OUT]   Processed 10000 queries
[OUT] 
[OUT] 
[OUT] ========== RESULTS ==========
[OUT] 
[OUT] Total queries: 10000
[OUT] 
[OUT] Average recall@10: 0.990970
[OUT] 
[OUT] Average query time: 2.128151 ms
[OUT] 
[OUT] Total query time: 21281.505242 ms
[OUT] 
[OUT] 
[OUT] ========== DISTANCE STATISTICS ==========
[OUT] 
[OUT] Total queries reported by index: 10000
[OUT] 
[OUT] Total distance computations: 292144286
[OUT] 
[OUT] Average distance ops per query: 29214.428600
[OUT] 
[OUT] Last query distance ops: 22218
[OUT] 
[OUT] 
[OUT] ========== PERFORMANCE SUMMARY ==========
[OUT] 
[OUT] Data loading time: 4109.228959 ms
[OUT] 
[OUT] Index build time: 3854.429875 ms
[OUT] 
[OUT] Query execution time: 21281.505242 ms
[OUT] 
[OUT] Total elapsed time: 29250.240005 ms
[OUT] 
[OUT] 
[OUT] ========== EFFICIENCY METRICS ==========
[OUT] 
[OUT] Queries per second: 469.891574
[OUT] 
[OUT] Distance ops per second: 13727613.844882
[OUT] 
[OUT] 
[OUT] ========== END OF LOG ==========
[OUT] 
[OUT] Log saved to: Log/run_20251204_072755_695.log
[OUT] 
   [RESULT] Rec=0.9910 Time=2.1282ms
