   [START] m=56, ml=13, efc=416, efs=2000
[OUT] ========== HNSW Search Test ==========
[OUT] 
[OUT] Timestamp: Thu Dec  4 01:31:06 2025
[OUT] 
[OUT] Command line arguments:
[OUT]   argv[0]: ./hng1
[OUT]   argv[1]: --m
[OUT]   argv[2]: 56
[OUT]   argv[3]: --max_layer
[OUT]   argv[4]: 13
[OUT]   argv[5]: --efc
[OUT]   argv[6]: 416
[OUT]   argv[7]: --efs
[OUT]   argv[8]: 2000
[OUT] 
[OUT] Configuration:
[OUT]   Base file: data_o/glove/base.txt
[OUT]   Query file: data_o/glove/query.txt
[OUT]   Truth file: data_o/glove/truth.txt
[OUT]   K: 10
[OUT]   M: 56
[OUT]   Max layer: 13
[OUT]   EFC: 416
[OUT]   EFS: 2000
[OUT]   Threads: -1
[OUT]   Debug: -1
[OUT] 
[OUT] HNSW parameters set.
[OUT] 
[OUT] Ablation flags: csr=0, prefetch=0, simd=0, pruning=0, heap=0
[OUT] 
[OUT] Loading base vectors...
[ERR] Loaded base from binary cache: data_o/glove/base.txt.bin
[OUT] ✓ Base loaded in 3022.930451 ms
[OUT] 
[OUT] Loading query vectors...
[ERR] Loaded queries from binary cache: data_o/glove/query.txt.bin
[OUT] ✓ Queries loaded in 73.769904 ms
[OUT] 
[OUT] Loading ground truth...
[ERR] Loaded truth from binary cache: data_o/glove/truth.txt.bin
[OUT] ✓ Truth loaded in 75.682410 ms
[OUT] 
[OUT] Data Summary:
[OUT]   Dimension d=100, Base vectors=1183514, Queries=10000
[OUT] 
[OUT] 
[OUT] Building HNSW index...
[OUT] [Cache] Cache miss, building index...
[OUT] [Progress] 120001/1183514 (10.1%) Time: 9018.93 ms
[OUT] [Progress] 239001/1183514 (20.2%) Time: 35527.31 ms
[OUT] [Progress] 358001/1183514 (30.2%) Time: 72050.21 ms
[OUT] [Progress] 479001/1183514 (40.5%) Time: 112575.00 ms
[OUT] [Progress] 598001/1183514 (50.5%) Time: 159601.05 ms
[OUT] [Progress] 717001/1183514 (60.6%) Time: 205627.88 ms
[OUT] [Progress] 836001/1183514 (70.6%) Time: 259666.77 ms
[OUT] [Progress] 956001/1183514 (80.8%) Time: 312207.87 ms
[OUT] [Progress] 1075001/1183514 (90.8%) Time: 364745.19 ms
[OUT] [Timing] Parallel Build: 409272.42 ms for 1183514 points.
[OUT] [FlatConvert] Starting conversion for 1183514 nodes, dim=100
[OUT] [Reorder] Generated DFS mapping for 1183514 nodes.
[OUT] [FlatConvert] Reorder enabled, enter_point=0, max_level=3
[OUT] [FlatConvert] Allocating data array: 118351400 floats (451 MB)
[OUT] [FlatConvert] Copying vector data...
[OUT] [FlatConvert] Vector data copied.
[OUT] [FlatConvert] Building L0 CSR structure...
[OUT] [FlatConvert] Total L0 links: 55748491
[OUT] [FlatConvert] L0 CSR built, actual links: 55748491
[OUT] [FlatConvert] Building upper layer structure, max_level=3
[OUT] [FlatHNSW-CSR] Converted & Reordered 1183514 nodes.
[OUT] [Timing] Flat Conversion: 8481.66 ms
[OUT] [Cache] Saved index to: cache/hnsw_n1183514_d100_M56_L13_efc416.idx
[OUT] [Cache] Save time: 3199.78 ms
[OUT] ✓ Index built.
[OUT]   build_time(local)=422930.910636 ms
[OUT]   build_time(internal)=409272.421492 ms
[OUT] 
[OUT] 
[OUT] ========== GRAPH QUALITY ==========
[OUT] 
[OUT]   num_nodes: 1183514
[OUT] 
[OUT]   max_level (entry point): 3
[OUT] 
[OUT]   actual_max_layer: 3
[OUT] 
[OUT]   avg_degree_l0: 47.104209
[OUT] 
[OUT]   avg_degree_upper: 0.136393
[OUT] 
[OUT] 
[OUT]   Layer Distribution:
[OUT] 
[OUT]     L0: 1183514 nodes (100.00%)
[OUT] 
[OUT]     L1: 21152 nodes (1.79%)
[OUT] 
[OUT]     L2: 369 nodes (0.03%)
[OUT] 
[OUT]     L3: 5 nodes (0.00%)
[OUT] 
[OUT] 
[OUT] 
[OUT] Executing queries...
[OUT] 
[OUT]   Processed 1000 queries
[OUT] 
[OUT]   Processed 2000 queries
[OUT] 
[OUT]   Processed 3000 queries
[OUT] 
[OUT]   Processed 4000 queries
[OUT] 
[OUT]   Processed 5000 queries
[OUT] 
[OUT]   Processed 6000 queries
[OUT] 
[OUT]   Processed 7000 queries
[OUT] 
[OUT]   Processed 8000 queries
[OUT] 
[OUT]   Processed 9000 queries
[OUT] 
[OUT]   Processed 10000 queries
[OUT] 
[OUT] 
[OUT] ========== RESULTS ==========
[OUT] 
[OUT] Total queries: 10000
[OUT] 
[OUT] Average recall@10: 0.998240
[OUT] 
[OUT] Average query time: 5.310687 ms
[OUT] 
[OUT] Total query time: 53106.874531 ms
[OUT] 
[OUT] 
[OUT] ========== DISTANCE STATISTICS ==========
[OUT] 
[OUT] Total queries reported by index: 10000
[OUT] 
[OUT] Total distance computations: 652250384
[OUT] 
[OUT] Average distance ops per query: 65225.038400
[OUT] 
[OUT] Last query distance ops: 44840
[OUT] 
[OUT] 
[OUT] ========== PERFORMANCE SUMMARY ==========
[OUT] 
[OUT] Data loading time: 3172.382765 ms
[OUT] 
[OUT] Index build time: 409272.421492 ms
[OUT] 
[OUT] Query execution time: 53106.874531 ms
[OUT] 
[OUT] Total elapsed time: 479210.167932 ms
[OUT] 
[OUT] 
[OUT] ========== EFFICIENCY METRICS ==========
[OUT] 
[OUT] Queries per second: 188.299539
[OUT] 
[OUT] Distance ops per second: 12281844.671903
[OUT] 
[OUT] 
[OUT] ========== END OF LOG ==========
[OUT] 
[OUT] Log saved to: Log/run_20251204_013106_347.log
[OUT] 
   [RESULT] Rec=0.9982 Time=5.3107ms
