   [START] m=47, efc=655, efs=574
   [LOG] Log/trial_m47_efc655_efs574_20251126_103620.log
   [RUN 1/1] Executing: ./hng --m 47 --efc 655 --efs 574

============================================================
Trial: m=47, efc=655, efs=574, Run 1/1
Timestamp: 2025-11-26T10:36:20.253480
Command: ./hng --m 47 --efc 655 --efs 574
============================================================

[OUT] ========== HNSW Search Test ==========
[ERR] Loaded base from binary cache: data_o/glove/base.txt.bin
[OUT] 
[OUT] Timestamp: Wed Nov 26 10:36:20 2025
[OUT] 
[OUT] Command line arguments:
[OUT]   argv[0]: ./hng
[OUT]   argv[1]: --m
[OUT]   argv[2]: 47
[OUT]   argv[3]: --efc
[OUT]   argv[4]: 655
[OUT]   argv[5]: --efs
[OUT]   argv[6]: 574
[OUT] 
[OUT] Configuration:
[OUT]   Base file: data_o/glove/base.txt
[OUT]   Query file: data_o/glove/query.txt
[OUT]   Truth file: data_o/glove/truth.txt
[OUT]   K: 10
[OUT]   M: 47
[OUT]   Max layer: -1
[OUT]   EFC: 655
[OUT]   EFS: 574
[OUT]   Threads: -1
[OUT]   Debug: -1
[OUT] 
[OUT] HNSW parameters set.
[OUT] 
[OUT] Loading base vectors...
[OUT] ✓ Base loaded in 4333.809970 ms
[ERR] Loaded queries from binary cache: data_o/glove/query.txt.bin
[OUT] 
[OUT] Loading query vectors...
[OUT] ✓ Queries loaded in 81.889812 ms
[ERR] Loaded truth from binary cache: data_o/glove/truth.txt.bin
[OUT] 
[OUT] Loading ground truth...
[OUT] ✓ Truth loaded in 84.640401 ms
[OUT] 
[OUT] Data Summary:
[OUT]   Dimension d=100, Base vectors=1183514, Queries=10000
[OUT] 
[OUT] 
[OUT] Building HNSW index...
[OUT] [Progress] 120001/1183514 (10.1%) Time: 14019.18 ms
[OUT] [Progress] 239001/1183514 (20.2%) Time: 61564.45 ms
[OUT] [Progress] 358001/1183514 (30.2%) Time: 125090.79 ms
[OUT] [Progress] 477001/1183514 (40.3%) Time: 192633.80 ms
[OUT] [Progress] 596001/1183514 (50.4%) Time: 275210.62 ms
[OUT] [Progress] 716001/1183514 (60.5%) Time: 362267.22 ms
[OUT] [Progress] 835001/1183514 (70.6%) Time: 452839.01 ms
[OUT] [Progress] 954001/1183514 (80.6%) Time: 548917.76 ms
[OUT] [Progress] 1074001/1183514 (90.7%) Time: 649060.83 ms
[OUT] [Timing] Parallel Build: 733318.75 ms for 1183514 points.
[OUT] ✓ Index built.
[OUT]   build_time(local)=735572.485319 ms
[OUT]   build_time(internal)=733318.750114 ms
[OUT] 
[OUT] 
[OUT] Executing queries...
[OUT] 
[OUT]   Processed 1000 queries
[OUT] 
[OUT]   Processed 2000 queries
[OUT] 
[OUT]   Processed 3000 queries
[OUT] 
[OUT]   Processed 4000 queries
[OUT] 
[OUT]   Processed 5000 queries
[OUT] 
[OUT]   Processed 6000 queries
[OUT] 
[OUT]   Processed 7000 queries
[OUT] 
[OUT]   Processed 8000 queries
[OUT] 
[OUT]   Processed 9000 queries
[OUT] 
[OUT]   Processed 10000 queries
[OUT] 
[OUT] 
[OUT] ========== RESULTS ==========
[OUT] 
[OUT] Total queries: 10000
[OUT] 
[OUT] Average recall@10: 0.987300
[OUT] 
[OUT] Average query time: 2.922408 ms
[OUT] 
[OUT] Total query time: 29224.076306 ms
[OUT] 
[OUT] 
[OUT] ========== DISTANCE STATISTICS ==========
[OUT] 
[OUT] Total queries reported by index: 10000
[OUT] 
[OUT] Total distance computations: 250941380
[OUT] 
[OUT] Average distance ops per query: 25094.138000
[OUT] 
[OUT] Last query distance ops: 19847
[OUT] 
[OUT] 
[OUT] ========== PERFORMANCE SUMMARY ==========
[OUT] 
[OUT] Data loading time: 4500.340183 ms
[OUT] 
[OUT] Index build time: 733318.750114 ms
[OUT] 
[OUT] Query execution time: 29224.076306 ms
[OUT] 
[OUT] Total elapsed time: 769296.901808 ms
[OUT] 
[OUT] 
[OUT] ========== EFFICIENCY METRICS ==========
[OUT] 
[OUT] Queries per second: 342.183612
[OUT] 
[OUT] Distance ops per second: 8586802.791385
[OUT] 
[OUT] 
[OUT] ========== END OF LOG ==========
[OUT] 
[OUT] Log saved to: Log/run_20251126_103620_271.log
[OUT] 

Return Code: 0
   [PARSED] Build=733318.75ms, Query=2.9224ms, Recall=0.9873
   [RESULT] m=47 efc=655  efs=574  | Rec=0.9873 Time=2.9224ms Build=733318.75ms
   [SUCCESS] Logged to Log/trial_m47_efc655_efs574_20251126_103620.log
