   [START] m=35, efc=651, efs=595
   [LOG] Log/trial_m35_efc651_efs595_20251126_041033.log
   [RUN 1/1] Executing: ./hng --m 35 --efc 651 --efs 595

============================================================
Trial: m=35, efc=651, efs=595, Run 1/1
Timestamp: 2025-11-26T04:10:33.161840
Command: ./hng --m 35 --efc 651 --efs 595
============================================================

[OUT] ========== HNSW Search Test ==========
[ERR] Loaded base from binary cache: data_o/glove/base.txt.bin
[OUT] 
[OUT] Timestamp: Wed Nov 26 04:10:33 2025
[OUT] 
[OUT] Command line arguments:
[OUT]   argv[0]: ./hng
[OUT]   argv[1]: --m
[OUT]   argv[2]: 35
[OUT]   argv[3]: --efc
[OUT]   argv[4]: 651
[OUT]   argv[5]: --efs
[OUT]   argv[6]: 595
[OUT] 
[OUT] Configuration:
[OUT]   Base file: data_o/glove/base.txt
[OUT]   Query file: data_o/glove/query.txt
[OUT]   Truth file: data_o/glove/truth.txt
[OUT]   K: 10
[OUT]   M: 35
[OUT]   Max layer: -1
[OUT]   EFC: 651
[OUT]   EFS: 595
[OUT]   Threads: -1
[OUT]   Debug: -1
[OUT] 
[OUT] HNSW parameters set.
[OUT] 
[OUT] Loading base vectors...
[OUT] ✓ Base loaded in 3498.653107 ms
[ERR] Loaded queries from binary cache: data_o/glove/query.txt.bin
[OUT] 
[OUT] Loading query vectors...
[OUT] ✓ Queries loaded in 81.558739 ms
[ERR] Loaded truth from binary cache: data_o/glove/truth.txt.bin
[OUT] 
[OUT] Loading ground truth...
[OUT] ✓ Truth loaded in 80.670101 ms
[OUT] 
[OUT] Data Summary:
[OUT]   Dimension d=100, Base vectors=1183514, Queries=10000
[OUT] 
[OUT] 
[OUT] Building HNSW index...
[OUT] [Progress] 120001/1183514 (10.1%) Time: 14949.13 ms
[OUT] [Progress] 240001/1183514 (20.3%) Time: 52890.01 ms
[OUT] [Progress] 359001/1183514 (30.3%) Time: 107350.20 ms
[OUT] [Progress] 478001/1183514 (40.4%) Time: 172264.02 ms
[OUT] [Progress] 597001/1183514 (50.4%) Time: 242629.08 ms
[OUT] [Progress] 716001/1183514 (60.5%) Time: 311521.19 ms
[OUT] [Progress] 837001/1183514 (70.7%) Time: 387921.70 ms
[OUT] [Progress] 956001/1183514 (80.8%) Time: 468746.40 ms
[OUT] [Progress] 1075001/1183514 (90.8%) Time: 553666.33 ms
[OUT] [Timing] Parallel Build: 625587.66 ms for 1183514 points.
[OUT] ✓ Index built.
[OUT]   build_time(local)=573828.243650 ms
[OUT]   build_time(internal)=625587.658440 ms
[OUT] 
[OUT] 
[OUT] Executing queries...
[OUT] 
[OUT]   Processed 1000 queries
[OUT] 
[OUT]   Processed 2000 queries
[OUT] 
[OUT]   Processed 3000 queries
[OUT] 
[OUT]   Processed 4000 queries
[OUT] 
[OUT]   Processed 5000 queries
[OUT] 
[OUT]   Processed 6000 queries
[OUT] 
[OUT]   Processed 7000 queries
[OUT] 
[OUT]   Processed 8000 queries
[OUT] 
[OUT]   Processed 9000 queries
[OUT] 
[OUT]   Processed 10000 queries
[OUT] 
[OUT] 
[OUT] ========== RESULTS ==========
[OUT] 
[OUT] Total queries: 10000
[OUT] 
[OUT] Average recall@10: 0.984490
[OUT] 
[OUT] Average query time: 2.633804 ms
[OUT] 
[OUT] Total query time: 26338.036738 ms
[OUT] 
[OUT] 
[OUT] ========== DISTANCE STATISTICS ==========
[OUT] 
[OUT] Total queries reported by index: 10000
[OUT] 
[OUT] Total distance computations: 227782428
[OUT] 
[OUT] Average distance ops per query: 22778.242800
[OUT] 
[OUT] Last query distance ops: 19229
[OUT] 
[OUT] 
[OUT] ========== PERFORMANCE SUMMARY ==========
[OUT] 
[OUT] Data loading time: 3660.881947 ms
[OUT] 
[OUT] Index build time: 625587.658440 ms
[OUT] 
[OUT] Query execution time: 26338.036738 ms
[OUT] 
[OUT] Total elapsed time: 603827.162335 ms
[OUT] 
[OUT] 
[OUT] ========== EFFICIENCY METRICS ==========
[OUT] 
[OUT] Queries per second: 379.679021
[OUT] 
[OUT] Distance ops per second: 8648420.923165
[OUT] 
[OUT] 
[OUT] ========== END OF LOG ==========
[OUT] 
[OUT] Log saved to: Log/run_20251126_041033_175.log
[OUT] 

Return Code: 0
   [PARSED] Build=625587.66ms, Query=2.6338ms, Recall=0.9845
   [RESULT] m=35 efc=651  efs=595  | Rec=0.9845 Time=2.6338ms Build=625587.66ms
   [SUCCESS] Logged to Log/trial_m35_efc651_efs595_20251126_041033.log
