   [START] m=51, ml=13, efc=703, efs=612
   [LOG] Log/trial_m51_ml13_efc703_efs612_20251127_091247.log
   [RUN 1/1] Executing: ./hng --m 51 --max_layer 13 --efc 703 --efs 612

============================================================
Trial: m=51, ml=13, efc=703, efs=612, Run 1/1
Timestamp: 2025-11-27T09:12:47.918333
Command: ./hng --m 51 --max_layer 13 --efc 703 --efs 612
============================================================

[OUT] ========== HNSW Search Test ==========
[ERR] Loaded base from binary cache: data_o/glove/base.txt.bin
[OUT] 
[OUT] Timestamp: Thu Nov 27 09:12:47 2025
[OUT] 
[OUT] Command line arguments:
[OUT]   argv[0]: ./hng
[OUT]   argv[1]: --m
[OUT]   argv[2]: 51
[OUT]   argv[3]: --max_layer
[OUT]   argv[4]: 13
[OUT]   argv[5]: --efc
[OUT]   argv[6]: 703
[OUT]   argv[7]: --efs
[OUT]   argv[8]: 612
[OUT] 
[OUT] Configuration:
[OUT]   Base file: data_o/glove/base.txt
[OUT]   Query file: data_o/glove/query.txt
[OUT]   Truth file: data_o/glove/truth.txt
[OUT]   K: 10
[OUT]   M: 51
[OUT]   Max layer: 13
[OUT]   EFC: 703
[OUT]   EFS: 612
[OUT]   Threads: -1
[OUT]   Debug: -1
[OUT] 
[OUT] HNSW parameters set.
[OUT] 
[OUT] Loading base vectors...
[OUT] ✓ Base loaded in 2140.921826 ms
[ERR] Loaded queries from binary cache: data_o/glove/query.txt.bin
[OUT] 
[OUT] Loading query vectors...
[OUT] ✓ Queries loaded in 67.429679 ms
[ERR] Loaded truth from binary cache: data_o/glove/truth.txt.bin
[OUT] 
[OUT] Loading ground truth...
[OUT] ✓ Truth loaded in 67.148139 ms
[OUT] 
[OUT] Data Summary:
[OUT]   Dimension d=100, Base vectors=1183514, Queries=10000
[OUT] 
[OUT] 
[OUT] Building HNSW index...
[OUT] [Progress] 120001/1183514 (10.1%) Time: 20361.53 ms
[OUT] [Progress] 239001/1183514 (20.2%) Time: 100560.24 ms
[OUT] [Progress] 358001/1183514 (30.2%) Time: 206498.63 ms
[OUT] [Progress] 477001/1183514 (40.3%) Time: 321128.38 ms
[OUT] [Progress] 596001/1183514 (50.4%) Time: 440041.17 ms
[OUT] [Progress] 715001/1183514 (60.4%) Time: 565278.75 ms
[OUT] [Progress] 834001/1183514 (70.5%) Time: 700151.95 ms
[OUT] [Progress] 953001/1183514 (80.5%) Time: 838444.74 ms
[OUT] [Progress] 1072001/1183514 (90.6%) Time: 981358.15 ms
[OUT] [Timing] Parallel Build: 1092673.24 ms for 1183514 points.
[OUT] [FlatHNSW] Converted 1183514 nodes, L0 size: 476179 KB, Upper size: 3208 KB
[OUT] [Timing] Flat Conversion: 1050.09 ms
[OUT] ✓ Index built.
[OUT]   build_time(local)=1173623.232882 ms
[OUT]   build_time(internal)=1092673.243904 ms
[OUT] 
[OUT] 
[OUT] ========== GRAPH QUALITY ==========
[OUT] 
[OUT]   num_nodes: 1183514
[OUT] 
[OUT]   max_level (entry point): 3
[OUT] 
[OUT]   actual_max_layer: 3
[OUT] 
[OUT]   avg_degree_l0: 57.941227
[OUT] 
[OUT]   avg_degree_upper: 0.174511
[OUT] 
[OUT] 
[OUT]   Layer Distribution:
[OUT] 
[OUT]     L0: 1183514 nodes (100.00%)
[OUT] 
[OUT]     L1: 22854 nodes (1.93%)
[OUT] 
[OUT]     L2: 404 nodes (0.03%)
[OUT] 
[OUT]     L3: 7 nodes (0.00%)
[OUT] 
[OUT] 
[OUT] 
[OUT] Executing queries...
[OUT] 
[OUT]   Processed 1000 queries
[OUT] 
[OUT]   Processed 2000 queries
[OUT] 
[OUT]   Processed 3000 queries
[OUT] 
[OUT]   Processed 4000 queries
[OUT] 
[OUT]   Processed 5000 queries
[OUT] 
[OUT]   Processed 6000 queries
[OUT] 
[OUT]   Processed 7000 queries
[OUT] 
[OUT]   Processed 8000 queries
[OUT] 
[OUT]   Processed 9000 queries
[OUT] 
[OUT]   Processed 10000 queries
[OUT] 
[OUT] 
[OUT] ========== RESULTS ==========
[OUT] 
[OUT] Total queries: 10000
[OUT] 
[OUT] Average recall@10: 0.989600
[OUT] 
[OUT] Average query time: 2.981330 ms
[OUT] 
[OUT] Total query time: 29813.303399 ms
[OUT] 
[OUT] 
[OUT] ========== DISTANCE STATISTICS ==========
[OUT] 
[OUT] Total queries reported by index: 10000
[OUT] 
[OUT] Total distance computations: 276906616
[OUT] 
[OUT] Average distance ops per query: 27690.661600
[OUT] 
[OUT] Last query distance ops: 21490
[OUT] 
[OUT] 
[OUT] ========== PERFORMANCE SUMMARY ==========
[OUT] 
[OUT] Data loading time: 2275.499644 ms
[OUT] 
[OUT] Index build time: 1092673.243904 ms
[OUT] 
[OUT] Query execution time: 29813.303399 ms
[OUT] 
[OUT] Total elapsed time: 1205712.035925 ms
[OUT] 
[OUT] 
[OUT] ========== EFFICIENCY METRICS ==========
[OUT] 
[OUT] Queries per second: 335.420730
[OUT] 
[OUT] Distance ops per second: 9288021.937525
[OUT] 
[OUT] 
[OUT] ========== END OF LOG ==========
[OUT] 
[OUT] Log saved to: Log/run_20251127_091247_922.log
[OUT] 

Return Code: 0
   [PARSED] Build=1092673.24ms, Query=2.9813ms, Recall=0.9896
   [RESULT] m=51 ml=13 efc=703  efs=612  | Rec=0.9896 Time=2.9813ms Build=1092673.24ms
   [SUCCESS] Logged to Log/trial_m51_ml13_efc703_efs612_20251127_091247.log
