   [START] m=31, ml=14, efc=714, efs=764
   [LOG] Log/trial_m31_ml14_efc714_efs764_20251127_051401.log
   [RUN 1/1] Executing: ./hng --m 31 --max_layer 14 --efc 714 --efs 764

============================================================
Trial: m=31, ml=14, efc=714, efs=764, Run 1/1
Timestamp: 2025-11-27T05:14:01.823941
Command: ./hng --m 31 --max_layer 14 --efc 714 --efs 764
============================================================

[OUT] ========== HNSW Search Test ==========
[ERR] Loaded base from binary cache: data_o/glove/base.txt.bin
[OUT] 
[OUT] Timestamp: Thu Nov 27 05:14:01 2025
[OUT] 
[OUT] Command line arguments:
[OUT]   argv[0]: ./hng
[OUT]   argv[1]: --m
[OUT]   argv[2]: 31
[OUT]   argv[3]: --max_layer
[OUT]   argv[4]: 14
[OUT]   argv[5]: --efc
[OUT]   argv[6]: 714
[OUT]   argv[7]: --efs
[OUT]   argv[8]: 764
[OUT] 
[OUT] Configuration:
[OUT]   Base file: data_o/glove/base.txt
[OUT]   Query file: data_o/glove/query.txt
[OUT]   Truth file: data_o/glove/truth.txt
[OUT]   K: 10
[OUT]   M: 31
[OUT]   Max layer: 14
[OUT]   EFC: 714
[OUT]   EFS: 764
[OUT]   Threads: -1
[OUT]   Debug: -1
[OUT] 
[OUT] HNSW parameters set.
[OUT] 
[OUT] Loading base vectors...
[OUT] ✓ Base loaded in 2150.959505 ms
[ERR] Loaded queries from binary cache: data_o/glove/query.txt.bin
[OUT] 
[OUT] Loading query vectors...
[OUT] ✓ Queries loaded in 67.720278 ms
[ERR] Loaded truth from binary cache: data_o/glove/truth.txt.bin
[OUT] 
[OUT] Loading ground truth...
[OUT] ✓ Truth loaded in 66.569276 ms
[OUT] 
[OUT] Data Summary:
[OUT]   Dimension d=100, Base vectors=1183514, Queries=10000
[OUT] 
[OUT] 
[OUT] Building HNSW index...
[OUT] [Progress] 121001/1183514 (10.2%) Time: 20636.86 ms
[OUT] [Progress] 240001/1183514 (20.3%) Time: 88399.99 ms
[OUT] [Progress] 359001/1183514 (30.3%) Time: 176394.47 ms
[OUT] [Progress] 478001/1183514 (40.4%) Time: 269843.21 ms
[OUT] [Progress] 597001/1183514 (50.4%) Time: 374246.05 ms
[OUT] [Progress] 717001/1183514 (60.6%) Time: 481255.68 ms
[OUT] [Progress] 836001/1183514 (70.6%) Time: 585734.14 ms
[OUT] [Progress] 955001/1183514 (80.7%) Time: 698269.82 ms
[OUT] [Progress] 1074001/1183514 (90.7%) Time: 806174.47 ms
[OUT] [Timing] Parallel Build: 895691.57 ms for 1183514 points.
[OUT] [FlatHNSW] Converted 1183514 nodes, L0 size: 291255 KB, Upper size: 4432 KB
[OUT] [Timing] Flat Conversion: 388.41 ms
[OUT] ✓ Index built.
[OUT]   build_time(local)=952049.654304 ms
[OUT]   build_time(internal)=895691.565431 ms
[OUT] 
[OUT] 
[OUT] ========== GRAPH QUALITY ==========
[OUT] 
[OUT]   num_nodes: 1183514
[OUT] 
[OUT]   max_level (entry point): 4
[OUT] 
[OUT]   actual_max_layer: 4
[OUT] 
[OUT]   avg_degree_l0: 48.919890
[OUT] 
[OUT]   avg_degree_upper: 0.168605
[OUT] 
[OUT] 
[OUT]   Layer Distribution:
[OUT] 
[OUT]     L0: 1183514 nodes (100.00%)
[OUT] 
[OUT]     L1: 37775 nodes (3.19%)
[OUT] 
[OUT]     L2: 1228 nodes (0.10%)
[OUT] 
[OUT]     L3: 39 nodes (0.00%)
[OUT] 
[OUT]     L4: 2 nodes (0.00%)
[OUT] 
[OUT] 
[OUT] 
[OUT] Executing queries...
[OUT] 
[OUT]   Processed 1000 queries
[OUT] 
[OUT]   Processed 2000 queries
[OUT] 
[OUT]   Processed 3000 queries
[OUT] 
[OUT]   Processed 4000 queries
[OUT] 
[OUT]   Processed 5000 queries
[OUT] 
[OUT]   Processed 6000 queries
[OUT] 
[OUT]   Processed 7000 queries
[OUT] 
[OUT]   Processed 8000 queries
[OUT] 
[OUT]   Processed 9000 queries
[OUT] 
[OUT]   Processed 10000 queries
[OUT] 
[OUT] 
[OUT] ========== RESULTS ==========
[OUT] 
[OUT] Total queries: 10000
[OUT] 
[OUT] Average recall@10: 0.987820
[OUT] 
[OUT] Average query time: 3.147670 ms
[OUT] 
[OUT] Total query time: 31476.699276 ms
[OUT] 
[OUT] 
[OUT] ========== DISTANCE STATISTICS ==========
[OUT] 
[OUT] Total queries reported by index: 10000
[OUT] 
[OUT] Total distance computations: 267008888
[OUT] 
[OUT] Average distance ops per query: 26700.888800
[OUT] 
[OUT] Last query distance ops: 22691
[OUT] 
[OUT] 
[OUT] ========== PERFORMANCE SUMMARY ==========
[OUT] 
[OUT] Data loading time: 2285.249059 ms
[OUT] 
[OUT] Index build time: 895691.565431 ms
[OUT] 
[OUT] Query execution time: 31476.699276 ms
[OUT] 
[OUT] Total elapsed time: 985811.602639 ms
[OUT] 
[OUT] 
[OUT] ========== EFFICIENCY METRICS ==========
[OUT] 
[OUT] Queries per second: 317.695318
[OUT] 
[OUT] Distance ops per second: 8482747.370007
[OUT] 
[OUT] 
[OUT] ========== END OF LOG ==========
[OUT] 
[OUT] Log saved to: Log/run_20251127_051401_828.log
[OUT] 

Return Code: 0
   [PARSED] Build=895691.57ms, Query=3.1477ms, Recall=0.9878
   [RESULT] m=31 ml=14 efc=714  efs=764  | Rec=0.9878 Time=3.1477ms Build=895691.57ms
   [SUCCESS] Logged to Log/trial_m31_ml14_efc714_efs764_20251127_051401.log
