   [START] m=22, efc=957, efs=1444
   [LOG] Log/trial_m22_efc957_efs1444_20251126_171115.log
   [RUN 1/1] Executing: ./hng --m 22 --efc 957 --efs 1444

============================================================
Trial: m=22, efc=957, efs=1444, Run 1/1
Timestamp: 2025-11-26T17:11:15.021506
Command: ./hng --m 22 --efc 957 --efs 1444
============================================================

[ERR] Loaded base from binary cache: data_o/glove/base.txt.bin
[OUT] ========== HNSW Search Test ==========
[OUT] 
[OUT] Timestamp: Wed Nov 26 17:11:15 2025
[OUT] 
[OUT] Command line arguments:
[OUT]   argv[0]: ./hng
[OUT]   argv[1]: --m
[OUT]   argv[2]: 22
[OUT]   argv[3]: --efc
[OUT]   argv[4]: 957
[OUT]   argv[5]: --efs
[OUT]   argv[6]: 1444
[OUT] 
[OUT] Configuration:
[OUT]   Base file: data_o/glove/base.txt
[OUT]   Query file: data_o/glove/query.txt
[OUT]   Truth file: data_o/glove/truth.txt
[OUT]   K: 10
[OUT]   M: 22
[OUT]   Max layer: -1
[OUT]   EFC: 957
[OUT]   EFS: 1444
[OUT]   Threads: -1
[OUT]   Debug: -1
[OUT] 
[OUT] HNSW parameters set.
[OUT] 
[OUT] Loading base vectors...
[OUT] ✓ Base loaded in 1973.376214 ms
[ERR] Loaded queries from binary cache: data_o/glove/query.txt.bin
[OUT] 
[OUT] Loading query vectors...
[OUT] ✓ Queries loaded in 61.553611 ms
[ERR] Loaded truth from binary cache: data_o/glove/truth.txt.bin
[OUT] 
[OUT] Loading ground truth...
[OUT] ✓ Truth loaded in 62.753000 ms
[OUT] 
[OUT] Data Summary:
[OUT]   Dimension d=100, Base vectors=1183514, Queries=10000
[OUT] 
[OUT] 
[OUT] Building HNSW index...
[OUT] ✓ Index built.
[OUT]   build_time(local)=855011.485713 ms
[OUT]   build_time(internal)=839157.236457 ms
[OUT] 
[OUT] 
[OUT] Executing queries...
[OUT] 
[OUT]   Processed 1000 queries
[OUT] 
[OUT]   Processed 2000 queries
[OUT] 
[OUT]   Processed 3000 queries
[OUT] 
[OUT]   Processed 4000 queries
[OUT] 
[OUT]   Processed 5000 queries
[OUT] 
[OUT]   Processed 6000 queries
[OUT] 
[OUT]   Processed 7000 queries
[OUT] 
[OUT]   Processed 8000 queries
[OUT] 
[OUT]   Processed 9000 queries
[OUT] 
[OUT]   Processed 10000 queries
[OUT] 
[OUT] 
[OUT] ========== RESULTS ==========
[OUT] 
[OUT] Total queries: 10000
[OUT] 
[OUT] Average recall@10: 0.990790
[OUT] 
[OUT] Average query time: 4.465699 ms
[OUT] 
[OUT] Total query time: 44656.988235 ms
[OUT] 
[OUT] 
[OUT] ========== DISTANCE STATISTICS ==========
[OUT] 
[OUT] Total queries reported by index: 10000
[OUT] 
[OUT] Total distance computations: 362819815
[OUT] 
[OUT] Average distance ops per query: 36281.981500
[OUT] 
[OUT] Last query distance ops: 30262
[OUT] 
[OUT] 
[OUT] ========== PERFORMANCE SUMMARY ==========
[OUT] 
[OUT] Data loading time: 2097.682825 ms
[OUT] 
[OUT] Index build time: 839157.236457 ms
[OUT] 
[OUT] Query execution time: 44656.988235 ms
[OUT] 
[OUT] Total elapsed time: 901766.156773 ms
[OUT] 
[OUT] 
[OUT] ========== EFFICIENCY METRICS ==========
[OUT] 
[OUT] Queries per second: 223.929118
[OUT] 
[OUT] Distance ops per second: 8124592.126337
[OUT] 
[OUT] 
[OUT] ========== END OF LOG ==========
[OUT] 
[OUT] Log saved to: Log/run_20251126_171115_025.log
[OUT] 

Return Code: 0
   [PARSED] Build=839157.24ms, Query=4.4657ms, Recall=0.9908
   [RESULT] m=22 efc=957  efs=1444 | Rec=0.9908 Time=4.4657ms Build=839157.24ms
   [SUCCESS] Logged to Log/trial_m22_efc957_efs1444_20251126_171115.log
