   [START] m=41, efc=623, efs=1301
   [LOG] Log/trial_m41_efc623_efs1301_20251126_083856.log
   [RUN 1/1] Executing: ./hng --m 41 --efc 623 --efs 1301

============================================================
Trial: m=41, efc=623, efs=1301, Run 1/1
Timestamp: 2025-11-26T08:38:56.643362
Command: ./hng --m 41 --efc 623 --efs 1301
============================================================

[OUT] ========== HNSW Search Test ==========
[ERR] Loaded base from binary cache: data_o/glove/base.txt.bin
[OUT] 
[OUT] Timestamp: Wed Nov 26 08:38:56 2025
[OUT] 
[OUT] Command line arguments:
[OUT]   argv[0]: ./hng
[OUT]   argv[1]: --m
[OUT]   argv[2]: 41
[OUT]   argv[3]: --efc
[OUT]   argv[4]: 623
[OUT]   argv[5]: --efs
[OUT]   argv[6]: 1301
[OUT] 
[OUT] Configuration:
[OUT]   Base file: data_o/glove/base.txt
[OUT]   Query file: data_o/glove/query.txt
[OUT]   Truth file: data_o/glove/truth.txt
[OUT]   K: 10
[OUT]   M: 41
[OUT]   Max layer: -1
[OUT]   EFC: 623
[OUT]   EFS: 1301
[OUT]   Threads: -1
[OUT]   Debug: -1
[OUT] 
[OUT] HNSW parameters set.
[OUT] 
[OUT] Loading base vectors...
[ERR] Loaded queries from binary cache: data_o/glove/query.txt.bin
[OUT] ✓ Base loaded in 3857.553241 ms
[OUT] 
[OUT] Loading query vectors...
[OUT] ✓ Queries loaded in 98.643324 ms
[ERR] Loaded truth from binary cache: data_o/glove/truth.txt.bin
[OUT] 
[OUT] Loading ground truth...
[OUT] ✓ Truth loaded in 90.956229 ms
[OUT] 
[OUT] Data Summary:
[OUT]   Dimension d=100, Base vectors=1183514, Queries=10000
[OUT] 
[OUT] 
[OUT] Building HNSW index...
[OUT] [Progress] 120001/1183514 (10.1%) Time: 13526.97 ms
[OUT] [Progress] 239001/1183514 (20.2%) Time: 55572.06 ms
[OUT] [Progress] 358001/1183514 (30.2%) Time: 116641.61 ms
[OUT] [Progress] 478001/1183514 (40.4%) Time: 185203.47 ms
[OUT] [Progress] 598001/1183514 (50.5%) Time: 259316.62 ms
[OUT] [Progress] 718001/1183514 (60.7%) Time: 335907.57 ms
[OUT] [Progress] 837001/1183514 (70.7%) Time: 415969.20 ms
[OUT] [Progress] 956001/1183514 (80.8%) Time: 505541.02 ms
[OUT] [Progress] 1075001/1183514 (90.8%) Time: 588606.98 ms
[OUT] [Timing] Parallel Build: 661185.37 ms for 1183514 points.
[OUT] ✓ Index built.
[OUT]   build_time(local)=662739.721391 ms
[OUT]   build_time(internal)=661185.374392 ms
[OUT] 
[OUT] 
[OUT] Executing queries...
[OUT] 
[OUT]   Processed 1000 queries
[OUT] 
[OUT]   Processed 2000 queries
[OUT] 
[OUT]   Processed 3000 queries
[OUT] 
[OUT]   Processed 4000 queries
[OUT] 
[OUT]   Processed 5000 queries
[OUT] 
[OUT]   Processed 6000 queries
[OUT] 
[OUT]   Processed 7000 queries
[OUT] 
[OUT]   Processed 8000 queries
[OUT] 
[OUT]   Processed 9000 queries
[OUT] 
[OUT]   Processed 10000 queries
[OUT] 
[OUT] 
[OUT] ========== RESULTS ==========
[OUT] 
[OUT] Total queries: 10000
[OUT] 
[OUT] Average recall@10: 0.996730
[OUT] 
[OUT] Average query time: 6.841023 ms
[OUT] 
[OUT] Total query time: 68410.233872 ms
[OUT] 
[OUT] 
[OUT] ========== DISTANCE STATISTICS ==========
[OUT] 
[OUT] Total queries reported by index: 10000
[OUT] 
[OUT] Total distance computations: 481948025
[OUT] 
[OUT] Average distance ops per query: 48194.802500
[OUT] 
[OUT] Last query distance ops: 36090
[OUT] 
[OUT] 
[OUT] ========== PERFORMANCE SUMMARY ==========
[OUT] 
[OUT] Data loading time: 4047.152794 ms
[OUT] 
[OUT] Index build time: 661185.374392 ms
[OUT] 
[OUT] Query execution time: 68410.233872 ms
[OUT] 
[OUT] Total elapsed time: 735197.108057 ms
[OUT] 
[OUT] 
[OUT] ========== EFFICIENCY METRICS ==========
[OUT] 
[OUT] Queries per second: 146.176960
[OUT] 
[OUT] Distance ops per second: 7044969.702951
[OUT] 
[OUT] 
[OUT] ========== END OF LOG ==========
[OUT] 
[OUT] Log saved to: Log/run_20251126_083856_658.log
[OUT] 

Return Code: 0
   [PARSED] Build=661185.37ms, Query=6.8410ms, Recall=0.9967
   [RESULT] m=41 efc=623  efs=1301 | Rec=0.9967 Time=6.8410ms Build=661185.37ms
   [SUCCESS] Logged to Log/trial_m41_efc623_efs1301_20251126_083856.log
