   [START] m=45, ml=5, efc=623, efs=2000
[OUT] ========== HNSW Search Test ==========
[OUT] 
[OUT] Timestamp: Thu Dec  4 06:02:07 2025
[OUT] 
[OUT] Command line arguments:
[OUT]   argv[0]: ./hng1
[OUT]   argv[1]: --m
[OUT]   argv[2]: 45
[OUT]   argv[3]: --max_layer
[OUT]   argv[4]: 5
[OUT]   argv[5]: --efc
[OUT]   argv[6]: 623
[OUT]   argv[7]: --efs
[OUT]   argv[8]: 2000
[OUT] 
[OUT] Configuration:
[OUT]   Base file: data_o/glove/base.txt
[OUT]   Query file: data_o/glove/query.txt
[OUT]   Truth file: data_o/glove/truth.txt
[OUT]   K: 10
[OUT]   M: 45
[OUT]   Max layer: 5
[OUT]   EFC: 623
[OUT]   EFS: 2000
[OUT]   Threads: -1
[OUT]   Debug: -1
[OUT] 
[OUT] HNSW parameters set.
[OUT] 
[OUT] Ablation flags: csr=0, prefetch=0, simd=0, pruning=0, heap=0
[OUT] 
[OUT] Loading base vectors...
[ERR] Loaded base from binary cache: data_o/glove/base.txt.bin
[OUT] ✓ Base loaded in 3932.290989 ms
[OUT] 
[OUT] Loading query vectors...
[ERR] Loaded queries from binary cache: data_o/glove/query.txt.bin
[OUT] ✓ Queries loaded in 69.697548 ms
[OUT] 
[OUT] Loading ground truth...
[ERR] Loaded truth from binary cache: data_o/glove/truth.txt.bin
[OUT] ✓ Truth loaded in 70.195420 ms
[OUT] 
[OUT] Data Summary:
[OUT]   Dimension d=100, Base vectors=1183514, Queries=10000
[OUT] 
[OUT] 
[OUT] Building HNSW index...
[OUT] [Cache] Cache miss, building index...
[OUT] [Progress] 125001/1183514 (10.6%) Time: 14527.92 ms
[OUT] [Progress] 244001/1183514 (20.6%) Time: 58049.48 ms
[OUT] [Progress] 365001/1183514 (30.8%) Time: 120613.08 ms
[OUT] [Progress] 484001/1183514 (40.9%) Time: 193175.37 ms
[OUT] [Progress] 603001/1183514 (51.0%) Time: 276265.32 ms
[OUT] [Progress] 722001/1183514 (61.0%) Time: 362822.02 ms
[OUT] [Progress] 842001/1183514 (71.1%) Time: 446886.05 ms
[OUT] [Progress] 961001/1183514 (81.2%) Time: 540468.43 ms
[OUT] [Progress] 1080001/1183514 (91.3%) Time: 629077.49 ms
[OUT] [Timing] Parallel Build: 701138.32 ms for 1183514 points.
[OUT] [FlatConvert] Starting conversion for 1183514 nodes, dim=100
[OUT] [Reorder] Generated DFS mapping for 1183514 nodes.
[OUT] [FlatConvert] Reorder enabled, enter_point=0, max_level=4
[OUT] [FlatConvert] Allocating data array: 118351400 floats (451 MB)
[OUT] [FlatConvert] Copying vector data...
[OUT] [FlatConvert] Vector data copied.
[OUT] [FlatConvert] Building L0 CSR structure...
[OUT] [FlatConvert] Total L0 links: 64474913
[OUT] [FlatConvert] L0 CSR built, actual links: 64474913
[OUT] [FlatConvert] Building upper layer structure, max_level=4
[OUT] [FlatHNSW-CSR] Converted & Reordered 1183514 nodes.
[OUT] [Timing] Flat Conversion: 8762.95 ms
[OUT] [Cache] Saved index to: cache/hnsw_n1183514_d100_M45_L5_efc623.idx
[OUT] [Cache] Save time: 3303.42 ms
[OUT] ✓ Index built.
[OUT]   build_time(local)=714757.883136 ms
[OUT]   build_time(internal)=701138.321785 ms
[OUT] 
[OUT] 
[OUT] ========== GRAPH QUALITY ==========
[OUT] 
[OUT]   num_nodes: 1183514
[OUT] 
[OUT]   max_level (entry point): 4
[OUT] 
[OUT]   actual_max_layer: 4
[OUT] 
[OUT]   avg_degree_l0: 54.477525
[OUT] 
[OUT]   avg_degree_upper: 0.147550
[OUT] 
[OUT] 
[OUT]   Layer Distribution:
[OUT] 
[OUT]     L0: 1183514 nodes (100.00%)
[OUT] 
[OUT]     L1: 26354 nodes (2.23%)
[OUT] 
[OUT]     L2: 568 nodes (0.05%)
[OUT] 
[OUT]     L3: 17 nodes (0.00%)
[OUT] 
[OUT]     L4: 1 nodes (0.00%)
[OUT] 
[OUT] 
[OUT] 
[OUT] Executing queries...
[OUT] 
[OUT]   Processed 1000 queries
[OUT] 
[OUT]   Processed 2000 queries
[OUT] 
[OUT]   Processed 3000 queries
[OUT] 
[OUT]   Processed 4000 queries
[OUT] 
[OUT]   Processed 5000 queries
[OUT] 
[OUT]   Processed 6000 queries
[OUT] 
[OUT]   Processed 7000 queries
[OUT] 
[OUT]   Processed 8000 queries
[OUT] 
[OUT]   Processed 9000 queries
[OUT] 
[OUT]   Processed 10000 queries
[OUT] 
[OUT] 
[OUT] ========== RESULTS ==========
[OUT] 
[OUT] Total queries: 10000
[OUT] 
[OUT] Average recall@10: 0.998640
[OUT] 
[OUT] Average query time: 6.055927 ms
[OUT] 
[OUT] Total query time: 60559.273655 ms
[OUT] 
[OUT] 
[OUT] ========== DISTANCE STATISTICS ==========
[OUT] 
[OUT] Total queries reported by index: 10000
[OUT] 
[OUT] Total distance computations: 717976920
[OUT] 
[OUT] Average distance ops per query: 71797.692000
[OUT] 
[OUT] Last query distance ops: 50252
[OUT] 
[OUT] 
[OUT] ========== PERFORMANCE SUMMARY ==========
[OUT] 
[OUT] Data loading time: 4072.183957 ms
[OUT] 
[OUT] Index build time: 701138.321785 ms
[OUT] 
[OUT] Query execution time: 60559.273655 ms
[OUT] 
[OUT] Total elapsed time: 779389.340748 ms
[OUT] 
[OUT] 
[OUT] ========== EFFICIENCY METRICS ==========
[OUT] 
[OUT] Queries per second: 165.127476
[OUT] 
[OUT] Distance ops per second: 11855771.654235
[OUT] 
[OUT] 
[OUT] ========== END OF LOG ==========
[OUT] 
[OUT] Log saved to: Log/run_20251204_060207_069.log
[OUT] 
   [RESULT] Rec=0.9986 Time=6.0559ms
