   [START] m=42, ml=14, efc=624, efs=687
   [LOG] Log/trial_m42_ml14_efc624_efs687_20251127_060314.log
   [RUN 1/1] Executing: ./hng --m 42 --max_layer 14 --efc 624 --efs 687

============================================================
Trial: m=42, ml=14, efc=624, efs=687, Run 1/1
Timestamp: 2025-11-27T06:03:14.936325
Command: ./hng --m 42 --max_layer 14 --efc 624 --efs 687
============================================================

[OUT] ========== HNSW Search Test ==========
[ERR] Loaded base from binary cache: data_o/glove/base.txt.bin
[OUT] 
[OUT] Timestamp: Thu Nov 27 06:03:14 2025
[OUT] 
[OUT] Command line arguments:
[OUT]   argv[0]: ./hng
[OUT]   argv[1]: --m
[OUT]   argv[2]: 42
[OUT]   argv[3]: --max_layer
[OUT]   argv[4]: 14
[OUT]   argv[5]: --efc
[OUT]   argv[6]: 624
[OUT]   argv[7]: --efs
[OUT]   argv[8]: 687
[OUT] 
[OUT] Configuration:
[OUT]   Base file: data_o/glove/base.txt
[OUT]   Query file: data_o/glove/query.txt
[OUT]   Truth file: data_o/glove/truth.txt
[OUT]   K: 10
[OUT]   M: 42
[OUT]   Max layer: 14
[OUT]   EFC: 624
[OUT]   EFS: 687
[OUT]   Threads: -1
[OUT]   Debug: -1
[OUT] 
[OUT] HNSW parameters set.
[OUT] 
[OUT] Loading base vectors...
[OUT] ✓ Base loaded in 2113.292082 ms
[ERR] Loaded queries from binary cache: data_o/glove/query.txt.bin
[OUT] 
[OUT] Loading query vectors...
[OUT] ✓ Queries loaded in 66.880960 ms
[ERR] Loaded truth from binary cache: data_o/glove/truth.txt.bin
[OUT] 
[OUT] Loading ground truth...
[OUT] ✓ Truth loaded in 66.354221 ms
[OUT] 
[OUT] Data Summary:
[OUT]   Dimension d=100, Base vectors=1183514, Queries=10000
[OUT] 
[OUT] 
[OUT] Building HNSW index...
[OUT] [Progress] 121001/1183514 (10.2%) Time: 17554.05 ms
[OUT] [Progress] 240001/1183514 (20.3%) Time: 81799.05 ms
[OUT] [Progress] 359001/1183514 (30.3%) Time: 168071.69 ms
[OUT] [Progress] 479001/1183514 (40.5%) Time: 264891.18 ms
[OUT] [Progress] 598001/1183514 (50.5%) Time: 369236.84 ms
[OUT] [Progress] 717001/1183514 (60.6%) Time: 474687.68 ms
[OUT] [Progress] 836001/1183514 (70.6%) Time: 583015.76 ms
[OUT] [Progress] 956001/1183514 (80.8%) Time: 693857.42 ms
[OUT] [Progress] 1075001/1183514 (90.8%) Time: 809743.38 ms
[OUT] [Timing] Parallel Build: 900096.42 ms for 1183514 points.
[OUT] [FlatHNSW] Converted 1183514 nodes, L0 size: 392963 KB, Upper size: 3861 KB
[OUT] [Timing] Flat Conversion: 578.25 ms
[OUT] ✓ Index built.
[OUT]   build_time(local)=960552.572172 ms
[OUT]   build_time(internal)=900096.422911 ms
[OUT] 
[OUT] 
[OUT] ========== GRAPH QUALITY ==========
[OUT] 
[OUT]   num_nodes: 1183514
[OUT] 
[OUT]   max_level (entry point): 3
[OUT] 
[OUT]   actual_max_layer: 3
[OUT] 
[OUT]   avg_degree_l0: 53.684841
[OUT] 
[OUT]   avg_degree_upper: 0.191273
[OUT] 
[OUT] 
[OUT]   Layer Distribution:
[OUT] 
[OUT]     L0: 1183514 nodes (100.00%)
[OUT] 
[OUT]     L1: 28356 nodes (2.40%)
[OUT] 
[OUT]     L2: 666 nodes (0.06%)
[OUT] 
[OUT]     L3: 15 nodes (0.00%)
[OUT] 
[OUT] 
[OUT] 
[OUT] Executing queries...
[OUT] 
[OUT]   Processed 1000 queries
[OUT] 
[OUT]   Processed 2000 queries
[OUT] 
[OUT]   Processed 3000 queries
[OUT] 
[OUT]   Processed 4000 queries
[OUT] 
[OUT]   Processed 5000 queries
[OUT] 
[OUT]   Processed 6000 queries
[OUT] 
[OUT]   Processed 7000 queries
[OUT] 
[OUT]   Processed 8000 queries
[OUT] 
[OUT]   Processed 9000 queries
[OUT] 
[OUT]   Processed 10000 queries
[OUT] 
[OUT] 
[OUT] ========== RESULTS ==========
[OUT] 
[OUT] Total queries: 10000
[OUT] 
[OUT] Average recall@10: 0.990010
[OUT] 
[OUT] Average query time: 3.128415 ms
[OUT] 
[OUT] Total query time: 31284.148507 ms
[OUT] 
[OUT] 
[OUT] ========== DISTANCE STATISTICS ==========
[OUT] 
[OUT] Total queries reported by index: 10000
[OUT] 
[OUT] Total distance computations: 279145310
[OUT] 
[OUT] Average distance ops per query: 27914.531000
[OUT] 
[OUT] Last query distance ops: 22033
[OUT] 
[OUT] 
[OUT] ========== PERFORMANCE SUMMARY ==========
[OUT] 
[OUT] Data loading time: 2246.527263 ms
[OUT] 
[OUT] Index build time: 900096.422911 ms
[OUT] 
[OUT] Query execution time: 31284.148507 ms
[OUT] 
[OUT] Total elapsed time: 994083.247942 ms
[OUT] 
[OUT] 
[OUT] ========== EFFICIENCY METRICS ==========
[OUT] 
[OUT] Queries per second: 319.650701
[OUT] 
[OUT] Distance ops per second: 8922899.401834
[OUT] 
[OUT] 
[OUT] ========== END OF LOG ==========
[OUT] 
[OUT] Log saved to: Log/run_20251127_060314_941.log
[OUT] 

Return Code: 0
   [PARSED] Build=900096.42ms, Query=3.1284ms, Recall=0.9900
   [RESULT] m=42 ml=14 efc=624  efs=687  | Rec=0.9900 Time=3.1284ms Build=900096.42ms
   [SUCCESS] Logged to Log/trial_m42_ml14_efc624_efs687_20251127_060314.log
