   [START] m=32, ml=2, efc=101, efs=1479
   [LOG] Log/trial_m32_ml2_efc101_efs1479_20251202_080245.log
   [RUN 1/1] Executing: ./hng --m 32 --max_layer 2 --efc 101 --efs 1479

============================================================
Trial: m=32, ml=2, efc=101, efs=1479, Run 1/1
Timestamp: 2025-12-02T08:02:45.396205
Command: ./hng --m 32 --max_layer 2 --efc 101 --efs 1479
============================================================

[OUT] ========== HNSW Search Test ==========
[ERR] Loaded base from binary cache: data_o/glove/base.txt.bin
[OUT] 
[OUT] Timestamp: Tue Dec  2 08:02:45 2025
[OUT] 
[OUT] Command line arguments:
[OUT]   argv[0]: ./hng
[OUT]   argv[1]: --m
[OUT]   argv[2]: 32
[OUT]   argv[3]: --max_layer
[OUT]   argv[4]: 2
[OUT]   argv[5]: --efc
[OUT]   argv[6]: 101
[OUT]   argv[7]: --efs
[OUT]   argv[8]: 1479
[OUT] 
[OUT] Configuration:
[OUT]   Base file: data_o/glove/base.txt
[OUT]   Query file: data_o/glove/query.txt
[OUT]   Truth file: data_o/glove/truth.txt
[OUT]   K: 10
[OUT]   M: 32
[OUT]   Max layer: 2
[OUT]   EFC: 101
[OUT]   EFS: 1479
[OUT]   Threads: -1
[OUT]   Debug: -1
[OUT] 
[OUT] HNSW parameters set.
[OUT] 
[OUT] Loading base vectors...
[OUT] ✓ Base loaded in 4089.880408 ms
[ERR] Loaded queries from binary cache: data_o/glove/query.txt.bin
[OUT] 
[OUT] Loading query vectors...
[ERR] Loaded truth from binary cache: data_o/glove/truth.txt.bin
[OUT] ✓ Queries loaded in 82.426456 ms
[OUT] 
[OUT] Loading ground truth...
[OUT] ✓ Truth loaded in 84.618440 ms
[OUT] 
[OUT] Data Summary:
[OUT]   Dimension d=100, Base vectors=1183514, Queries=10000
[OUT] 
[OUT] 
[OUT] Building HNSW index...
[OUT] [Progress] 128001/1183514 (10.8%) Time: 2012.79 ms
[OUT] [Progress] 256001/1183514 (21.6%) Time: 7517.50 ms
[OUT] [Progress] 393001/1183514 (33.2%) Time: 15019.67 ms
[OUT] [Progress] 519001/1183514 (43.9%) Time: 23025.78 ms
[OUT] [Progress] 638001/1183514 (53.9%) Time: 32907.01 ms
[OUT] [Progress] 760001/1183514 (64.2%) Time: 41411.53 ms
[OUT] [Progress] 888001/1183514 (75.0%) Time: 50416.71 ms
[OUT] [Progress] 1010001/1183514 (85.3%) Time: 59423.54 ms
[OUT] [Progress] 1136001/1183514 (96.0%) Time: 70154.68 ms
[OUT] [Timing] Parallel Build: 72659.20 ms for 1183514 points.
[OUT] [FlatHNSW] Converted 1183514 nodes, L0 size: 300501 KB, Upper size: 3175 KB
[OUT] [Timing] Flat Conversion: 331.34 ms
[OUT] ✓ Index built.
[OUT]   build_time(local)=71460.510556 ms
[OUT]   build_time(internal)=72659.204080 ms
[OUT] 
[OUT] 
[OUT] ========== GRAPH QUALITY ==========
[OUT] 
[OUT]   num_nodes: 1183514
[OUT] 
[OUT]   max_level (entry point): 2
[OUT] 
[OUT]   actual_max_layer: 2
[OUT] 
[OUT]   avg_degree_l0: 20.798247
[OUT] 
[OUT]   avg_degree_upper: 0.227514
[OUT] 
[OUT] 
[OUT]   Layer Distribution:
[OUT] 
[OUT]     L0: 1183514 nodes (100.00%)
[OUT] 
[OUT]     L1: 37059 nodes (3.13%)
[OUT] 
[OUT]     L2: 1132 nodes (0.10%)
[OUT] 
[OUT] 
[OUT] 
[OUT] Executing queries...
[OUT] 
[OUT]   Processed 1000 queries
[OUT] 
[OUT]   Processed 2000 queries
[OUT] 
[OUT]   Processed 3000 queries
[OUT] 
[OUT]   Processed 4000 queries
[OUT] 
[OUT]   Processed 5000 queries
[OUT] 
[OUT]   Processed 6000 queries
[OUT] 
[OUT]   Processed 7000 queries
[OUT] 
[OUT]   Processed 8000 queries
[OUT] 
[OUT]   Processed 9000 queries
[OUT] 
[OUT]   Processed 10000 queries
[OUT] 
[OUT] 
[OUT] ========== RESULTS ==========
[OUT] 
[OUT] Total queries: 10000
[OUT] 
[OUT] Average recall@10: 0.972290
[OUT] 
[OUT] Average query time: 2.197643 ms
[OUT] 
[OUT] Total query time: 21976.434880 ms
[OUT] 
[OUT] 
[OUT] ========== DISTANCE STATISTICS ==========
[OUT] 
[OUT] Total queries reported by index: 10000
[OUT] 
[OUT] Total distance computations: 0
[OUT] 
[OUT] Average distance ops per query: 0.000000
[OUT] 
[OUT] Last query distance ops: 0
[OUT] 
[OUT] 
[OUT] ========== PERFORMANCE SUMMARY ==========
[OUT] 
[OUT] Data loading time: 4256.925304 ms
[OUT] 
[OUT] Index build time: 72659.204080 ms
[OUT] 
[OUT] Query execution time: 21976.434880 ms
[OUT] 
[OUT] Total elapsed time: 97693.870740 ms
[OUT] 
[OUT] 
[OUT] ========== EFFICIENCY METRICS ==========
[OUT] 
[OUT] Queries per second: 455.032859
[OUT] 
[OUT] 
[OUT] ========== END OF LOG ==========
[OUT] 
[OUT] Log saved to: Log/run_20251202_080245_419.log
[OUT] 

Return Code: 0
   [PARSED] Build=72659.20ms, Query=2.1976ms, Recall=0.9723
   [RESULT] m=32 ml=2  efc=101  efs=1479 | Rec=0.9723 Time=2.1976ms Build=72659.20ms
   [SUCCESS] Logged to Log/trial_m32_ml2_efc101_efs1479_20251202_080245.log
