   [START] m=25, ml=9, efc=501, efs=352
   [LOG] Log/trial_m25_ml9_efc501_efs352_20251126_225118.log
   [RUN 1/1] Executing: ./hng --m 25 --max_layer 9 --efc 501 --efs 352

============================================================
Trial: m=25, ml=9, efc=501, efs=352, Run 1/1
Timestamp: 2025-11-26T22:51:18.501600
Command: ./hng --m 25 --max_layer 9 --efc 501 --efs 352
============================================================

[OUT] ========== HNSW Search Test ==========
[ERR] Loaded base from binary cache: data_o/glove/base.txt.bin
[OUT] 
[OUT] Timestamp: Wed Nov 26 22:51:18 2025
[OUT] 
[OUT] Command line arguments:
[OUT]   argv[0]: ./hng
[OUT]   argv[1]: --m
[OUT]   argv[2]: 25
[OUT]   argv[3]: --max_layer
[OUT]   argv[4]: 9
[OUT]   argv[5]: --efc
[OUT]   argv[6]: 501
[OUT]   argv[7]: --efs
[OUT]   argv[8]: 352
[OUT] 
[OUT] Configuration:
[OUT]   Base file: data_o/glove/base.txt
[OUT]   Query file: data_o/glove/query.txt
[OUT]   Truth file: data_o/glove/truth.txt
[OUT]   K: 10
[OUT]   M: 25
[OUT]   Max layer: 9
[OUT]   EFC: 501
[OUT]   EFS: 352
[OUT]   Threads: -1
[OUT]   Debug: -1
[OUT] 
[OUT] HNSW parameters set.
[OUT] 
[OUT] Loading base vectors...
[OUT] ✓ Base loaded in 2094.901276 ms
[ERR] Loaded queries from binary cache: data_o/glove/query.txt.bin
[OUT] 
[OUT] Loading query vectors...
[OUT] ✓ Queries loaded in 66.766701 ms
[ERR] Loaded truth from binary cache: data_o/glove/truth.txt.bin
[OUT] 
[OUT] Loading ground truth...
[OUT] ✓ Truth loaded in 65.039649 ms
[OUT] 
[OUT] Data Summary:
[OUT]   Dimension d=100, Base vectors=1183514, Queries=10000
[OUT] 
[OUT] 
[OUT] Building HNSW index...
[OUT] [Progress] 125001/1183514 (10.6%) Time: 13026.70 ms
[OUT] [Progress] 247001/1183514 (20.9%) Time: 58132.73 ms
[OUT] [Progress] 367001/1183514 (31.0%) Time: 108690.23 ms
[OUT] [Progress] 486001/1183514 (41.1%) Time: 164789.97 ms
[OUT] [Progress] 605001/1183514 (51.1%) Time: 223375.28 ms
[OUT] [Progress] 724001/1183514 (61.2%) Time: 286472.78 ms
[OUT] [Progress] 843001/1183514 (71.2%) Time: 348486.26 ms
[OUT] [Progress] 962001/1183514 (81.3%) Time: 414224.99 ms
[OUT] [Progress] 1081001/1183514 (91.3%) Time: 477487.99 ms
[OUT] [Timing] Parallel Build: 526412.47 ms for 1183514 points.
[OUT] [FlatHNSW] Converted 1183514 nodes, L0 size: 235778 KB, Upper size: 4633 KB
[OUT] [Timing] Flat Conversion: 318.64 ms
[OUT] ✓ Index built.
[OUT]   build_time(local)=545157.911388 ms
[OUT]   build_time(internal)=526412.471286 ms
[OUT] 
[OUT] 
[OUT] ========== GRAPH QUALITY ==========
[OUT] 
[OUT]   num_nodes: 1183514
[OUT] 
[OUT]   max_level (entry point): 4
[OUT] 
[OUT]   actual_max_layer: 4
[OUT] 
[OUT]   avg_degree_l0: 40.045205
[OUT] 
[OUT]   avg_degree_upper: 0.193708
[OUT] 
[OUT] 
[OUT]   Layer Distribution:
[OUT] 
[OUT]     L0: 1183514 nodes (100.00%)
[OUT] 
[OUT]     L1: 46927 nodes (3.97%)
[OUT] 
[OUT]     L2: 1791 nodes (0.15%)
[OUT] 
[OUT]     L3: 70 nodes (0.01%)
[OUT] 
[OUT]     L4: 2 nodes (0.00%)
[OUT] 
[OUT] 
[OUT] 
[OUT] Executing queries...
[OUT] 
[OUT]   Processed 1000 queries
[OUT] 
[OUT]   Processed 2000 queries
[OUT] 
[OUT]   Processed 3000 queries
[OUT] 
[OUT]   Processed 4000 queries
[OUT] 
[OUT]   Processed 5000 queries
[OUT] 
[OUT]   Processed 6000 queries
[OUT] 
[OUT]   Processed 7000 queries
[OUT] 
[OUT]   Processed 8000 queries
[OUT] 
[OUT]   Processed 9000 queries
[OUT] 
[OUT]   Processed 10000 queries
[OUT] 
[OUT] 
[OUT] ========== RESULTS ==========
[OUT] 
[OUT] Total queries: 10000
[OUT] 
[OUT] Average recall@10: 0.952300
[OUT] 
[OUT] Average query time: 1.187346 ms
[OUT] 
[OUT] Total query time: 11873.462569 ms
[OUT] 
[OUT] 
[OUT] ========== DISTANCE STATISTICS ==========
[OUT] 
[OUT] Total queries reported by index: 10000
[OUT] 
[OUT] Total distance computations: 109953781
[OUT] 
[OUT] Average distance ops per query: 10995.378100
[OUT] 
[OUT] Last query distance ops: 10272
[OUT] 
[OUT] 
[OUT] ========== PERFORMANCE SUMMARY ==========
[OUT] 
[OUT] Data loading time: 2226.707626 ms
[OUT] 
[OUT] Index build time: 526412.471286 ms
[OUT] 
[OUT] Query execution time: 11873.462569 ms
[OUT] 
[OUT] Total elapsed time: 559258.081583 ms
[OUT] 
[OUT] 
[OUT] ========== EFFICIENCY METRICS ==========
[OUT] 
[OUT] Queries per second: 842.214303
[OUT] 
[OUT] Distance ops per second: 9260464.701095
[OUT] 
[OUT] 
[OUT] ========== END OF LOG ==========
[OUT] 
[OUT] Log saved to: Log/run_20251126_225118_507.log
[OUT] 

Return Code: 0
   [PARSED] Build=526412.47ms, Query=1.1873ms, Recall=0.9523
   [RESULT] m=25 ml=9  efc=501  efs=352  | Rec=0.9523 Time=1.1873ms Build=526412.47ms
   [SUCCESS] Logged to Log/trial_m25_ml9_efc501_efs352_20251126_225118.log
