   [START] m=38, ml=4, efc=523, efs=936
   [LOG] Log/trial_m38_ml4_efc523_efs936_20251126_221208.log
   [RUN 1/1] Executing: ./hng --m 38 --max_layer 4 --efc 523 --efs 936

============================================================
Trial: m=38, ml=4, efc=523, efs=936, Run 1/1
Timestamp: 2025-11-26T22:12:08.177025
Command: ./hng --m 38 --max_layer 4 --efc 523 --efs 936
============================================================

[OUT] ========== HNSW Search Test ==========
[ERR] Loaded base from binary cache: data_o/glove/base.txt.bin
[OUT] 
[OUT] Timestamp: Wed Nov 26 22:12:08 2025
[OUT] 
[OUT] Command line arguments:
[OUT]   argv[0]: ./hng
[OUT]   argv[1]: --m
[OUT]   argv[2]: 38
[OUT]   argv[3]: --max_layer
[OUT]   argv[4]: 4
[OUT]   argv[5]: --efc
[OUT]   argv[6]: 523
[OUT]   argv[7]: --efs
[OUT]   argv[8]: 936
[OUT] 
[OUT] Configuration:
[OUT]   Base file: data_o/glove/base.txt
[OUT]   Query file: data_o/glove/query.txt
[OUT]   Truth file: data_o/glove/truth.txt
[OUT]   K: 10
[OUT]   M: 38
[OUT]   Max layer: 4
[OUT]   EFC: 523
[OUT]   EFS: 936
[OUT]   Threads: -1
[OUT]   Debug: -1
[OUT] 
[OUT] HNSW parameters set.
[OUT] 
[OUT] Loading base vectors...
[OUT] ✓ Base loaded in 2098.422189 ms
[ERR] Loaded queries from binary cache: data_o/glove/query.txt.bin
[OUT] 
[OUT] Loading query vectors...
[ERR] Loaded truth from binary cache: data_o/glove/truth.txt.bin
[OUT] ✓ Queries loaded in 70.699848 ms
[OUT] 
[OUT] Loading ground truth...
[OUT] ✓ Truth loaded in 73.349231 ms
[OUT] 
[OUT] Data Summary:
[OUT]   Dimension d=100, Base vectors=1183514, Queries=10000
[OUT] 
[OUT] 
[OUT] Building HNSW index...
[OUT] [Progress] 121001/1183514 (10.2%) Time: 16016.81 ms
[OUT] [Progress] 240001/1183514 (20.3%) Time: 66692.93 ms
[OUT] [Progress] 359001/1183514 (30.3%) Time: 133969.41 ms
[OUT] [Progress] 478001/1183514 (40.4%) Time: 211253.78 ms
[OUT] [Progress] 597001/1183514 (50.4%) Time: 289203.51 ms
[OUT] [Progress] 716001/1183514 (60.5%) Time: 376757.78 ms
[OUT] [Progress] 835001/1183514 (70.6%) Time: 463862.32 ms
[OUT] [Progress] 955001/1183514 (80.7%) Time: 550663.21 ms
[OUT] [Progress] 1074001/1183514 (90.7%) Time: 641831.85 ms
[OUT] [Timing] Parallel Build: 713130.50 ms for 1183514 points.
[OUT] [FlatHNSW] Converted 1183514 nodes, L0 size: 355978 KB, Upper size: 4047 KB
[OUT] [Timing] Flat Conversion: 445.67 ms
[OUT] ✓ Index built.
[OUT]   build_time(local)=741366.441216 ms
[OUT]   build_time(internal)=713130.498668 ms
[OUT] 
[OUT] 
[OUT] ========== GRAPH QUALITY ==========
[OUT] 
[OUT]   num_nodes: 1183514
[OUT] 
[OUT]   max_level (entry point): 3
[OUT] 
[OUT]   actual_max_layer: 3
[OUT] 
[OUT]   avg_degree_l0: 49.211578
[OUT] 
[OUT]   avg_degree_upper: 0.220424
[OUT] 
[OUT] 
[OUT]   Layer Distribution:
[OUT] 
[OUT]     L0: 1183514 nodes (100.00%)
[OUT] 
[OUT]     L1: 31009 nodes (2.62%)
[OUT] 
[OUT]     L2: 785 nodes (0.07%)
[OUT] 
[OUT]     L3: 31 nodes (0.00%)
[OUT] 
[OUT] 
[OUT] 
[OUT] Executing queries...
[OUT] 
[OUT]   Processed 1000 queries
[OUT] 
[OUT]   Processed 2000 queries
[OUT] 
[OUT]   Processed 3000 queries
[OUT] 
[OUT]   Processed 4000 queries
[OUT] 
[OUT]   Processed 5000 queries
[OUT] 
[OUT]   Processed 6000 queries
[OUT] 
[OUT]   Processed 7000 queries
[OUT] 
[OUT]   Processed 8000 queries
[OUT] 
[OUT]   Processed 9000 queries
[OUT] 
[OUT]   Processed 10000 queries
[OUT] 
[OUT] 
[OUT] ========== RESULTS ==========
[OUT] 
[OUT] Total queries: 10000
[OUT] 
[OUT] Average recall@10: 0.992370
[OUT] 
[OUT] Average query time: 3.895431 ms
[OUT] 
[OUT] Total query time: 38954.312628 ms
[OUT] 
[OUT] 
[OUT] ========== DISTANCE STATISTICS ==========
[OUT] 
[OUT] Total queries reported by index: 10000
[OUT] 
[OUT] Total distance computations: 335539332
[OUT] 
[OUT] Average distance ops per query: 33553.933300
[OUT] 
[OUT] Last query distance ops: 26069
[OUT] 
[OUT] 
[OUT] ========== PERFORMANCE SUMMARY ==========
[OUT] 
[OUT] Data loading time: 2242.471268 ms
[OUT] 
[OUT] Index build time: 713130.498668 ms
[OUT] 
[OUT] Query execution time: 38954.312628 ms
[OUT] 
[OUT] Total elapsed time: 782563.225112 ms
[OUT] 
[OUT] 
[OUT] ========== EFFICIENCY METRICS ==========
[OUT] 
[OUT] Queries per second: 256.710986
[OUT] 
[OUT] Distance ops per second: 8613663.298446
[OUT] 
[OUT] 
[OUT] ========== END OF LOG ==========
[OUT] 
[OUT] Log saved to: Log/run_20251126_221208_182.log
[OUT] 

Return Code: 0
   [PARSED] Build=713130.50ms, Query=3.8954ms, Recall=0.9924
   [RESULT] m=38 ml=4  efc=523  efs=936  | Rec=0.9924 Time=3.8954ms Build=713130.50ms
   [SUCCESS] Logged to Log/trial_m38_ml4_efc523_efs936_20251126_221208.log
