   [START] m=31, efc=469, efs=704
   [LOG] Log/trial_m31_efc469_efs704_20251126_031739.log
   [RUN 1/1] Executing: ./hng --m 31 --efc 469 --efs 704

============================================================
Trial: m=31, efc=469, efs=704, Run 1/1
Timestamp: 2025-11-26T03:17:39.411674
Command: ./hng --m 31 --efc 469 --efs 704
============================================================

[OUT] ========== HNSW Search Test ==========
[OUT] 
[ERR] Loaded base from binary cache: data_o/glove/base.txt.bin
[OUT] Timestamp: Wed Nov 26 03:17:39 2025
[OUT] 
[OUT] Command line arguments:
[OUT]   argv[0]: ./hng
[OUT]   argv[1]: --m
[OUT]   argv[2]: 31
[OUT]   argv[3]: --efc
[OUT]   argv[4]: 469
[OUT]   argv[5]: --efs
[OUT]   argv[6]: 704
[OUT] 
[OUT] Configuration:
[OUT]   Base file: data_o/glove/base.txt
[OUT]   Query file: data_o/glove/query.txt
[OUT]   Truth file: data_o/glove/truth.txt
[OUT]   K: 10
[OUT]   M: 31
[OUT]   Max layer: -1
[OUT]   EFC: 469
[OUT]   EFS: 704
[OUT]   Threads: -1
[OUT]   Debug: -1
[OUT] 
[OUT] HNSW parameters set.
[OUT] 
[OUT] Loading base vectors...
[OUT] ✓ Base loaded in 3505.225094 ms
[ERR] Loaded queries from binary cache: data_o/glove/query.txt.bin
[OUT] 
[OUT] Loading query vectors...
[OUT] ✓ Queries loaded in 71.358590 ms
[ERR] Loaded truth from binary cache: data_o/glove/truth.txt.bin
[OUT] 
[OUT] Loading ground truth...
[OUT] ✓ Truth loaded in 75.719474 ms
[OUT] 
[OUT] Data Summary:
[OUT]   Dimension d=100, Base vectors=1183514, Queries=10000
[OUT] 
[OUT] 
[OUT] Building HNSW index...
[OUT] [Progress] 120001/1183514 (10.1%) Time: 8512.37 ms
[OUT] [Progress] 241001/1183514 (20.4%) Time: 34958.29 ms
[OUT] [Progress] 362001/1183514 (30.6%) Time: 71409.13 ms
[OUT] [Progress] 484001/1183514 (40.9%) Time: 113364.61 ms
[OUT] [Progress] 606001/1183514 (51.2%) Time: 157832.13 ms
[OUT] [Progress] 725001/1183514 (61.3%) Time: 203290.03 ms
[OUT] [Progress] 847001/1183514 (71.6%) Time: 254187.56 ms
[OUT] [Progress] 967001/1183514 (81.7%) Time: 300151.00 ms
[OUT] [Progress] 1086001/1183514 (91.8%) Time: 352039.12 ms
[OUT] [Timing] Parallel Build: 386996.41 ms for 1183514 points.
[OUT] ✓ Index built.
[OUT]   build_time(local)=356202.251700 ms
[OUT]   build_time(internal)=386996.410017 ms
[OUT] 
[OUT] 
[OUT] Executing queries...
[OUT] 
[OUT]   Processed 1000 queries
[OUT] 
[OUT]   Processed 2000 queries
[OUT] 
[OUT]   Processed 3000 queries
[OUT] 
[OUT]   Processed 4000 queries
[OUT] 
[OUT]   Processed 5000 queries
[OUT] 
[OUT]   Processed 6000 queries
[OUT] 
[OUT]   Processed 7000 queries
[OUT] 
[OUT]   Processed 8000 queries
[OUT] 
[OUT]   Processed 9000 queries
[OUT] 
[OUT]   Processed 10000 queries
[OUT] 
[OUT] 
[OUT] ========== RESULTS ==========
[OUT] 
[OUT] Total queries: 10000
[OUT] 
[OUT] Average recall@10: 0.983390
[OUT] 
[OUT] Average query time: 2.586261 ms
[OUT] 
[OUT] Total query time: 25862.605431 ms
[OUT] 
[OUT] 
[OUT] ========== DISTANCE STATISTICS ==========
[OUT] 
[OUT] Total queries reported by index: 10000
[OUT] 
[OUT] Total distance computations: 229780862
[OUT] 
[OUT] Average distance ops per query: 22978.086200
[OUT] 
[OUT] Last query distance ops: 19269
[OUT] 
[OUT] 
[OUT] ========== PERFORMANCE SUMMARY ==========
[OUT] 
[OUT] Data loading time: 3652.303158 ms
[OUT] 
[OUT] Index build time: 386996.410017 ms
[OUT] 
[OUT] Query execution time: 25862.605431 ms
[OUT] 
[OUT] Total elapsed time: 385717.160289 ms
[OUT] 
[OUT] 
[OUT] ========== EFFICIENCY METRICS ==========
[OUT] 
[OUT] Queries per second: 386.658646
[OUT] 
[OUT] Distance ops per second: 8884675.699556
[OUT] 
[OUT] 
[OUT] ========== END OF LOG ==========
[OUT] 
[OUT] Log saved to: Log/run_20251126_031739_423.log
[OUT] 

Return Code: 0
   [PARSED] Build=386996.41ms, Query=2.5863ms, Recall=0.9834
   [RESULT] m=31 efc=469  efs=704  | Rec=0.9834 Time=2.5863ms Build=386996.41ms
   [SUCCESS] Logged to Log/trial_m31_efc469_efs704_20251126_031739.log
