Timestamp: 2025-11-28T15:36:25.346256
Command: ./hng --m 48 --max_layer 4 --efc 600 --efs 300
Start Time: 1764315385.342534

Return Code: 0

=== STDOUT ===
========== HNSW Search Test ==========

Timestamp: Fri Nov 28 15:36:25 2025

Command line arguments:
  argv[0]: ./hng
  argv[1]: --m
  argv[2]: 48
  argv[3]: --max_layer
  argv[4]: 4
  argv[5]: --efc
  argv[6]: 600
  argv[7]: --efs
  argv[8]: 300

Configuration:
  Base file: data_o/glove/base.txt
  Query file: data_o/glove/query.txt
  Truth file: data_o/glove/truth.txt
  K: 10
  M: 48
  Max layer: 4
  EFC: 600
  EFS: 300
  Threads: -1
  Debug: -1

HNSW parameters set.

Loading base vectors...
✓ Base loaded in 2381.424544 ms

Loading query vectors...
✓ Queries loaded in 70.374566 ms

Loading ground truth...
✓ Truth loaded in 69.911464 ms

Data Summary:
  Dimension d=100, Base vectors=1183514, Queries=10000


Building HNSW index...
✓ Index built.
  build_time(local)=931560.411283 ms
  build_time(internal)=857473.786859 ms


========== GRAPH QUALITY ==========

  num_nodes: 1183514

  max_level (entry point): 3

  actual_max_layer: 3

  avg_degree_l0: 75.950918

  avg_degree_upper: 0.237068


  Layer Distribution:

    L0: 1183514 nodes (100.00%)

    L1: 24735 nodes (2.09%)

    L2: 519 nodes (0.04%)

    L3: 13 nodes (0.00%)



Executing queries...

  Processed 1000 queries

  Processed 2000 queries

  Processed 3000 queries

  Processed 4000 queries

  Processed 5000 queries

  Processed 6000 queries

  Processed 7000 queries

  Processed 8000 queries

  Processed 9000 queries

  Processed 10000 queries


========== RESULTS ==========

Total queries: 10000

Average recall@10: 0.973400

Average query time: 1.566525 ms

Total query time: 15665.245163 ms


========== DISTANCE STATISTICS ==========

Total queries reported by index: 10000

Total distance computations: 160648489

Average distance ops per query: 16064.848900

Last query distance ops: 13621


========== PERFORMANCE SUMMARY ==========

Data loading time: 2521.710574 ms

Index build time: 857473.786859 ms

Query execution time: 15665.245163 ms

Total elapsed time: 949747.367020 ms


========== EFFICIENCY METRICS ==========

Queries per second: 638.355793

Distance ops per second: 10255089.360455


========== END OF LOG ==========

Log saved to: Log/run_20251128_153625_355.log



=== STDERR ===
Loaded base from binary cache: data_o/glove/base.txt.bin
Loaded queries from binary cache: data_o/glove/query.txt.bin
Loaded truth from binary cache: data_o/glove/truth.txt.bin


=== PARSED METRICS ===
Recall: 0.9734
QueryTime(ms): 1.566525
BuildTime(ms): 857473.786859
