   [START] m=43, ml=10, efc=735, efs=2000
[OUT] ========== HNSW Search Test ==========
[OUT] 
[OUT] Timestamp: Thu Dec  4 21:42:36 2025
[OUT] 
[OUT] Command line arguments:
[OUT]   argv[0]: ./hng1
[OUT]   argv[1]: --m
[OUT]   argv[2]: 43
[OUT]   argv[3]: --max_layer
[OUT]   argv[4]: 10
[OUT]   argv[5]: --efc
[OUT]   argv[6]: 735
[OUT]   argv[7]: --efs
[OUT]   argv[8]: 2000
[OUT] 
[OUT] Configuration:
[OUT]   Base file: data_o/glove/base.txt
[OUT]   Query file: data_o/glove/query.txt
[OUT]   Truth file: data_o/glove/truth.txt
[OUT]   K: 10
[OUT]   M: 43
[OUT]   Max layer: 10
[OUT]   EFC: 735
[OUT]   EFS: 2000
[OUT]   Threads: -1
[OUT]   Debug: -1
[OUT] 
[OUT] HNSW parameters set.
[OUT] 
[OUT] Ablation flags: csr=0, prefetch=0, simd=0, pruning=0, heap=0
[OUT] 
[OUT] Loading base vectors...
[ERR] Loaded base from binary cache: data_o/glove/base.txt.bin
[OUT] ✓ Base loaded in 2206.550540 ms
[OUT] 
[OUT] Loading query vectors...
[ERR] Loaded queries from binary cache: data_o/glove/query.txt.bin
[OUT] ✓ Queries loaded in 72.666918 ms
[OUT] 
[OUT] Loading ground truth...
[ERR] Loaded truth from binary cache: data_o/glove/truth.txt.bin
[OUT] ✓ Truth loaded in 72.926359 ms
[OUT] 
[OUT] Data Summary:
[OUT]   Dimension d=100, Base vectors=1183514, Queries=10000
[OUT] 
[OUT] 
[OUT] Building HNSW index...
[OUT] [Cache] Loaded index from: cache/hnsw_n1183514_d100_M43_L10_efc735.idx
[OUT] [Cache] Load time: 5780.74 ms
