   [START] m=35, ml=19, efc=445, efs=603
   [LOG] Log/trial_m35_ml19_efc445_efs603_20251128_022510.log
   [RUN 1/1] Executing: ./hng --m 35 --max_layer 19 --efc 445 --efs 603

============================================================
Trial: m=35, ml=19, efc=445, efs=603, Run 1/1
Timestamp: 2025-11-28T02:25:10.864297
Command: ./hng --m 35 --max_layer 19 --efc 445 --efs 603
============================================================

[OUT] ========== HNSW Search Test ==========
[ERR] Loaded base from binary cache: data_o/glove/base.txt.bin
[OUT] 
[OUT] Timestamp: Fri Nov 28 02:25:10 2025
[OUT] 
[OUT] Command line arguments:
[OUT]   argv[0]: ./hng
[OUT]   argv[1]: --m
[OUT]   argv[2]: 35
[OUT]   argv[3]: --max_layer
[OUT]   argv[4]: 19
[OUT]   argv[5]: --efc
[OUT]   argv[6]: 445
[OUT]   argv[7]: --efs
[OUT]   argv[8]: 603
[OUT] 
[OUT] Configuration:
[OUT]   Base file: data_o/glove/base.txt
[OUT]   Query file: data_o/glove/query.txt
[OUT]   Truth file: data_o/glove/truth.txt
[OUT]   K: 10
[OUT]   M: 35
[OUT]   Max layer: 19
[OUT]   EFC: 445
[OUT]   EFS: 603
[OUT]   Threads: -1
[OUT]   Debug: -1
[OUT] 
[OUT] HNSW parameters set.
[OUT] 
[OUT] Loading base vectors...
[ERR] Loaded queries from binary cache: data_o/glove/query.txt.bin
[OUT] ✓ Base loaded in 2304.789622 ms
[OUT] 
[OUT] Loading query vectors...
[OUT] ✓ Queries loaded in 74.301352 ms
[OUT] 
[ERR] Loaded truth from binary cache: data_o/glove/truth.txt.bin
[OUT] Loading ground truth...
[OUT] ✓ Truth loaded in 71.654130 ms
[OUT] 
[OUT] Data Summary:
[OUT]   Dimension d=100, Base vectors=1183514, Queries=10000
[OUT] 
[OUT] 
[OUT] Building HNSW index...
[OUT] [Progress] 124001/1183514 (10.5%) Time: 12582.02 ms
[OUT] [Progress] 243001/1183514 (20.5%) Time: 57744.53 ms
[OUT] [Progress] 363001/1183514 (30.7%) Time: 115877.69 ms
[OUT] [Progress] 482001/1183514 (40.7%) Time: 177110.68 ms
[OUT] [Progress] 601001/1183514 (50.8%) Time: 243259.95 ms
[OUT] [Progress] 720001/1183514 (60.8%) Time: 310936.26 ms
[OUT] [Progress] 839001/1183514 (70.9%) Time: 381671.65 ms
[OUT] [Progress] 958001/1183514 (80.9%) Time: 453854.35 ms
[OUT] [Progress] 1078001/1183514 (91.1%) Time: 527029.63 ms
[OUT] [Timing] Parallel Build: 580438.38 ms for 1183514 points.
[OUT] [FlatHNSW] Converted 1183514 nodes, L0 size: 328240 KB, Upper size: 4219 KB
[OUT] [Timing] Flat Conversion: 434.91 ms
[OUT] ✓ Index built.
[OUT]   build_time(local)=642315.939457 ms
[OUT]   build_time(internal)=580438.382102 ms
[OUT] 
[OUT] 
[OUT] ========== GRAPH QUALITY ==========
[OUT] 
[OUT]   num_nodes: 1183514
[OUT] 
[OUT]   max_level (entry point): 3
[OUT] 
[OUT]   actual_max_layer: 3
[OUT] 
[OUT]   avg_degree_l0: 45.323221
[OUT] 
[OUT]   avg_degree_upper: 0.198529
[OUT] 
[OUT] 
[OUT]   Layer Distribution:
[OUT] 
[OUT]     L0: 1183514 nodes (100.00%)
[OUT] 
[OUT]     L1: 33974 nodes (2.87%)
[OUT] 
[OUT]     L2: 943 nodes (0.08%)
[OUT] 
[OUT]     L3: 20 nodes (0.00%)
[OUT] 
[OUT] 
[OUT] 
[OUT] Executing queries...
[OUT] 
[OUT]   Processed 1000 queries
[OUT] 
[OUT]   Processed 2000 queries
[OUT] 
[OUT]   Processed 3000 queries
[OUT] 
[OUT]   Processed 4000 queries
[OUT] 
[OUT]   Processed 5000 queries
[OUT] 
[OUT]   Processed 6000 queries
[OUT] 
[OUT]   Processed 7000 queries
[OUT] 
[OUT]   Processed 8000 queries
[OUT] 
[OUT]   Processed 9000 queries
[OUT] 
[OUT]   Processed 10000 queries
[OUT] 
[OUT] 
[OUT] ========== RESULTS ==========
[OUT] 
[OUT] Total queries: 10000
[OUT] 
[OUT] Average recall@10: 0.981670
[OUT] 
[OUT] Average query time: 2.546303 ms
[OUT] 
[OUT] Total query time: 25463.029787 ms
[OUT] 
[OUT] 
[OUT] ========== DISTANCE STATISTICS ==========
[OUT] 
[OUT] Total queries reported by index: 10000
[OUT] 
[OUT] Total distance computations: 210653235
[OUT] 
[OUT] Average distance ops per query: 21065.323500
[OUT] 
[OUT] Last query distance ops: 17578
[OUT] 
[OUT] 
[OUT] ========== PERFORMANCE SUMMARY ==========
[OUT] 
[OUT] Data loading time: 2450.745104 ms
[OUT] 
[OUT] Index build time: 580438.382102 ms
[OUT] 
[OUT] Query execution time: 25463.029787 ms
[OUT] 
[OUT] Total elapsed time: 670229.714348 ms
[OUT] 
[OUT] 
[OUT] ========== EFFICIENCY METRICS ==========
[OUT] 
[OUT] Queries per second: 392.726242
[OUT] 
[OUT] Distance ops per second: 8272905.336173
[OUT] 
[OUT] 
[OUT] ========== END OF LOG ==========
[OUT] 
[OUT] Log saved to: Log/run_20251128_022510_869.log
[OUT] 

Return Code: 0
   [PARSED] Build=580438.38ms, Query=2.5463ms, Recall=0.9817
   [RESULT] m=35 ml=19 efc=445  efs=603  | Rec=0.9817 Time=2.5463ms Build=580438.38ms
   [SUCCESS] Logged to Log/trial_m35_ml19_efc445_efs603_20251128_022510.log
