   [START] m=49, ml=12, efc=705, efs=625
   [LOG] Log/trial_m49_ml12_efc705_efs625_20251127_061848.log
   [RUN 1/1] Executing: ./hng --m 49 --max_layer 12 --efc 705 --efs 625

============================================================
Trial: m=49, ml=12, efc=705, efs=625, Run 1/1
Timestamp: 2025-11-27T06:18:48.890225
Command: ./hng --m 49 --max_layer 12 --efc 705 --efs 625
============================================================

[OUT] ========== HNSW Search Test ==========
[ERR] Loaded base from binary cache: data_o/glove/base.txt.bin
[OUT] 
[OUT] Timestamp: Thu Nov 27 06:18:48 2025
[OUT] 
[OUT] Command line arguments:
[OUT]   argv[0]: ./hng
[OUT]   argv[1]: --m
[OUT]   argv[2]: 49
[OUT]   argv[3]: --max_layer
[OUT]   argv[4]: 12
[OUT]   argv[5]: --efc
[OUT]   argv[6]: 705
[OUT]   argv[7]: --efs
[OUT]   argv[8]: 625
[OUT] 
[OUT] Configuration:
[OUT]   Base file: data_o/glove/base.txt
[OUT]   Query file: data_o/glove/query.txt
[OUT]   Truth file: data_o/glove/truth.txt
[OUT]   K: 10
[OUT]   M: 49
[OUT]   Max layer: 12
[OUT]   EFC: 705
[OUT]   EFS: 625
[OUT]   Threads: -1
[OUT]   Debug: -1
[OUT] 
[OUT] HNSW parameters set.
[OUT] 
[OUT] Loading base vectors...
[ERR] Loaded queries from binary cache: data_o/glove/query.txt.bin
[OUT] ✓ Base loaded in 2146.357312 ms
[OUT] 
[OUT] Loading query vectors...
[OUT] ✓ Queries loaded in 68.024999 ms
[ERR] Loaded truth from binary cache: data_o/glove/truth.txt.bin
[OUT] 
[OUT] Loading ground truth...
[OUT] ✓ Truth loaded in 66.647367 ms
[OUT] 
[OUT] Data Summary:
[OUT]   Dimension d=100, Base vectors=1183514, Queries=10000
[OUT] 
[OUT] 
[OUT] Building HNSW index...
[OUT] [Progress] 120001/1183514 (10.1%) Time: 22525.04 ms
[OUT] [Progress] 240001/1183514 (20.3%) Time: 92721.67 ms
[OUT] [Progress] 360001/1183514 (30.4%) Time: 195431.32 ms
[OUT] [Progress] 479001/1183514 (40.5%) Time: 313756.28 ms
[OUT] [Progress] 598001/1183514 (50.5%) Time: 431130.64 ms
[OUT] [Progress] 717001/1183514 (60.6%) Time: 560034.95 ms
[OUT] [Progress] 836001/1183514 (70.6%) Time: 691979.88 ms
[OUT] [Progress] 955001/1183514 (80.7%) Time: 832847.30 ms
[OUT] [Progress] 1074001/1183514 (90.7%) Time: 968620.23 ms
[OUT] [Timing] Parallel Build: 1081348.98 ms for 1183514 points.
[OUT] [FlatHNSW] Converted 1183514 nodes, L0 size: 457687 KB, Upper size: 3398 KB
[OUT] [Timing] Flat Conversion: 582.27 ms
[OUT] ✓ Index built.
[OUT]   build_time(local)=1151771.667264 ms
[OUT]   build_time(internal)=1081348.984810 ms
[OUT] 
[OUT] 
[OUT] ========== GRAPH QUALITY ==========
[OUT] 
[OUT]   num_nodes: 1183514
[OUT] 
[OUT]   max_level (entry point): 4
[OUT] 
[OUT]   actual_max_layer: 4
[OUT] 
[OUT]   avg_degree_l0: 57.683504
[OUT] 
[OUT]   avg_degree_upper: 0.134084
[OUT] 
[OUT] 
[OUT]   Layer Distribution:
[OUT] 
[OUT]     L0: 1183514 nodes (100.00%)
[OUT] 
[OUT]     L1: 24085 nodes (2.04%)
[OUT] 
[OUT]     L2: 490 nodes (0.04%)
[OUT] 
[OUT]     L3: 13 nodes (0.00%)
[OUT] 
[OUT]     L4: 1 nodes (0.00%)
[OUT] 
[OUT] 
[OUT] 
[OUT] Executing queries...
[OUT] 
[OUT]   Processed 1000 queries
[OUT] 
[OUT]   Processed 2000 queries
[OUT] 
[OUT]   Processed 3000 queries
[OUT] 
[OUT]   Processed 4000 queries
[OUT] 
[OUT]   Processed 5000 queries
[OUT] 
[OUT]   Processed 6000 queries
[OUT] 
[OUT]   Processed 7000 queries
[OUT] 
[OUT]   Processed 8000 queries
[OUT] 
[OUT]   Processed 9000 queries
[OUT] 
[OUT]   Processed 10000 queries
[OUT] 
[OUT] 
[OUT] ========== RESULTS ==========
[OUT] 
[OUT] Total queries: 10000
[OUT] 
[OUT] Average recall@10: 0.989740
[OUT] 
[OUT] Average query time: 2.996991 ms
[OUT] 
[OUT] Total query time: 29969.914141 ms
[OUT] 
[OUT] 
[OUT] ========== DISTANCE STATISTICS ==========
[OUT] 
[OUT] Total queries reported by index: 10000
[OUT] 
[OUT] Total distance computations: 279673293
[OUT] 
[OUT] Average distance ops per query: 27967.329300
[OUT] 
[OUT] Last query distance ops: 21714
[OUT] 
[OUT] 
[OUT] ========== PERFORMANCE SUMMARY ==========
[OUT] 
[OUT] Data loading time: 2281.029678 ms
[OUT] 
[OUT] Index build time: 1081348.984810 ms
[OUT] 
[OUT] Query execution time: 29969.914141 ms
[OUT] 
[OUT] Total elapsed time: 1184022.611083 ms
[OUT] 
[OUT] 
[OUT] ========== EFFICIENCY METRICS ==========
[OUT] 
[OUT] Queries per second: 333.667956
[OUT] 
[OUT] Distance ops per second: 9331801.608914
[OUT] 
[OUT] 
[OUT] ========== END OF LOG ==========
[OUT] 
[OUT] Log saved to: Log/run_20251127_061848_894.log
[OUT] 

Return Code: 0
   [PARSED] Build=1081348.98ms, Query=2.9970ms, Recall=0.9897
   [RESULT] m=49 ml=12 efc=705  efs=625  | Rec=0.9897 Time=2.9970ms Build=1081348.98ms
   [SUCCESS] Logged to Log/trial_m49_ml12_efc705_efs625_20251127_061848.log
