   [START] m=64, ml=19, efc=685, efs=635
   [LOG] Log/trial_m64_ml19_efc685_efs635_20251128_111407.log
   [RUN 1/1] Executing: ./hng --m 64 --max_layer 19 --efc 685 --efs 635

============================================================
Trial: m=64, ml=19, efc=685, efs=635, Run 1/1
Timestamp: 2025-11-28T11:14:07.800329
Command: ./hng --m 64 --max_layer 19 --efc 685 --efs 635
============================================================

[OUT] ========== HNSW Search Test ==========
[ERR] Loaded base from binary cache: data_o/glove/base.txt.bin
[OUT] 
[OUT] Timestamp: Fri Nov 28 11:14:07 2025
[OUT] 
[OUT] Command line arguments:
[OUT]   argv[0]: ./hng
[OUT]   argv[1]: --m
[OUT]   argv[2]: 64
[OUT]   argv[3]: --max_layer
[OUT]   argv[4]: 19
[OUT]   argv[5]: --efc
[OUT]   argv[6]: 685
[OUT]   argv[7]: --efs
[OUT]   argv[8]: 635
[OUT] 
[OUT] Configuration:
[OUT]   Base file: data_o/glove/base.txt
[OUT]   Query file: data_o/glove/query.txt
[OUT]   Truth file: data_o/glove/truth.txt
[OUT]   K: 10
[OUT]   M: 64
[OUT]   Max layer: 19
[OUT]   EFC: 685
[OUT]   EFS: 635
[OUT]   Threads: -1
[OUT]   Debug: -1
[OUT] 
[OUT] HNSW parameters set.
[OUT] 
[OUT] Loading base vectors...
[OUT] ✓ Base loaded in 4150.093920 ms
[ERR] Loaded queries from binary cache: data_o/glove/query.txt.bin
[OUT] 
[OUT] Loading query vectors...
[OUT] ✓ Queries loaded in 78.434987 ms
[OUT] 
[ERR] Loaded truth from binary cache: data_o/glove/truth.txt.bin
[OUT] Loading ground truth...
[OUT] ✓ Truth loaded in 76.892957 ms
[OUT] 
[OUT] Data Summary:
[OUT]   Dimension d=100, Base vectors=1183514, Queries=10000
[OUT] 
[OUT] 
[OUT] Building HNSW index...
[OUT] ✓ Index built.
[OUT]   build_time(local)=1017077.456055 ms
[OUT]   build_time(internal)=918715.323596 ms
[OUT] 
[OUT] 
[OUT] ========== GRAPH QUALITY ==========
[OUT] 
[OUT]   num_nodes: 1183514
[OUT] 
[OUT]   max_level (entry point): 3
[OUT] 
[OUT]   actual_max_layer: 3
[OUT] 
[OUT]   avg_degree_l0: 58.243851
[OUT] 
[OUT]   avg_degree_upper: 0.112860
[OUT] 
[OUT] 
[OUT]   Layer Distribution:
[OUT] 
[OUT]     L0: 1183514 nodes (100.00%)
[OUT] 
[OUT]     L1: 18509 nodes (1.56%)
[OUT] 
[OUT]     L2: 290 nodes (0.02%)
[OUT] 
[OUT]     L3: 3 nodes (0.00%)
[OUT] 
[OUT] 
[OUT] 
[OUT] Executing queries...
[OUT] 
[OUT]   Processed 1000 queries
[OUT] 
[OUT]   Processed 2000 queries
[OUT] 
[OUT]   Processed 3000 queries
[OUT] 
[OUT]   Processed 4000 queries
[OUT] 
[OUT]   Processed 5000 queries
[OUT] 
[OUT]   Processed 6000 queries
[OUT] 
[OUT]   Processed 7000 queries
[OUT] 
[OUT]   Processed 8000 queries
[OUT] 
[OUT]   Processed 9000 queries
[OUT] 
[OUT]   Processed 10000 queries
[OUT] 
[OUT] 
[OUT] ========== RESULTS ==========
[OUT] 
[OUT] Total queries: 10000
[OUT] 
[OUT] Average recall@10: 0.990590
[OUT] 
[OUT] Average query time: 3.155538 ms
[OUT] 
[OUT] Total query time: 31555.380618 ms
[OUT] 
[OUT] 
[OUT] ========== DISTANCE STATISTICS ==========
[OUT] 
[OUT] Total queries reported by index: 10000
[OUT] 
[OUT] Total distance computations: 293082191
[OUT] 
[OUT] Average distance ops per query: 29308.219100
[OUT] 
[OUT] Last query distance ops: 21973
[OUT] 
[OUT] 
[OUT] ========== PERFORMANCE SUMMARY ==========
[OUT] 
[OUT] Data loading time: 4305.421864 ms
[OUT] 
[OUT] Index build time: 918715.323596 ms
[OUT] 
[OUT] Query execution time: 31555.380618 ms
[OUT] 
[OUT] Total elapsed time: 1052938.258537 ms
[OUT] 
[OUT] 
[OUT] ========== EFFICIENCY METRICS ==========
[OUT] 
[OUT] Queries per second: 316.903165
[OUT] 
[OUT] Distance ops per second: 9287867.402012
[OUT] 
[OUT] 
[OUT] ========== END OF LOG ==========
[OUT] 
[OUT] Log saved to: Log/run_20251128_111407_818.log
[OUT] 

Return Code: 0
   [PARSED] Build=918715.32ms, Query=3.1555ms, Recall=0.9906
   [RESULT] m=64 ml=19 efc=685  efs=635  | Rec=0.9906 Time=3.1555ms Build=918715.32ms
   [SUCCESS] Logged to Log/trial_m64_ml19_efc685_efs635_20251128_111407.log
