   [START] m=49, efc=208, efs=687
   [LOG] Log/trial_m49_efc208_efs687_20251125_223940.log
   [RUN 1/1] Executing: ./hng --m 49 --efc 208 --efs 687

============================================================
Trial: m=49, efc=208, efs=687, Run 1/1
Timestamp: 2025-11-25T22:39:40.915916
Command: ./hng --m 49 --efc 208 --efs 687
============================================================

[OUT] ========== HNSW Search Test ==========
[ERR] Loaded base from binary cache: data_o/glove/base.txt.bin
[OUT] 
[OUT] Timestamp: Tue Nov 25 22:39:40 2025
[OUT] 
[OUT] Command line arguments:
[OUT]   argv[0]: ./hng
[OUT]   argv[1]: --m
[OUT]   argv[2]: 49
[OUT]   argv[3]: --efc
[OUT]   argv[4]: 208
[OUT]   argv[5]: --efs
[OUT]   argv[6]: 687
[OUT] 
[OUT] Configuration:
[OUT]   Base file: data_o/glove/base.txt
[OUT]   Query file: data_o/glove/query.txt
[OUT]   Truth file: data_o/glove/truth.txt
[OUT]   K: 10
[OUT]   M: 49
[OUT]   Max layer: -1
[OUT]   EFC: 208
[OUT]   EFS: 687
[OUT]   Threads: -1
[OUT]   Debug: -1
[OUT] 
[OUT] HNSW parameters set.
[OUT] 
[OUT] Loading base vectors...
[OUT] ✓ Base loaded in 3995.093615 ms
[ERR] Loaded queries from binary cache: data_o/glove/query.txt.bin
[OUT] 
[OUT] Loading query vectors...
[OUT] ✓ Queries loaded in 72.716471 ms
[ERR] Loaded truth from binary cache: data_o/glove/truth.txt.bin
[OUT] 
[OUT] Loading ground truth...
[OUT] ✓ Truth loaded in 71.656362 ms
[OUT] 
[OUT] Data Summary:
[OUT]   Dimension d=100, Base vectors=1183514, Queries=10000
[OUT] 
[OUT] 
[OUT] Building HNSW index...
[OUT] [Progress] 120001/1183514 (10.1%) Time: 4014.04 ms
[OUT] [Progress] 239001/1183514 (20.2%) Time: 14508.44 ms
[OUT] [Progress] 362001/1183514 (30.6%) Time: 29526.08 ms
[OUT] [Progress] 486001/1183514 (41.1%) Time: 48013.18 ms
[OUT] [Progress] 608001/1183514 (51.4%) Time: 66544.98 ms
[OUT] [Progress] 729001/1183514 (61.6%) Time: 88476.46 ms
[OUT] [Progress] 848001/1183514 (71.7%) Time: 106490.57 ms
[OUT] [Progress] 969001/1183514 (81.9%) Time: 129838.64 ms
[OUT] [Progress] 1091001/1183514 (92.2%) Time: 149846.12 ms
[OUT] [Timing] Parallel Build: 162350.77 ms for 1183514 points.
[OUT] ✓ Index built.
[OUT]   build_time(local)=155510.552764 ms
[OUT]   build_time(internal)=162350.771904 ms
[OUT] 
[OUT] 
[OUT] Executing queries...
[OUT] 
[OUT]   Processed 1000 queries
[OUT] 
[OUT]   Processed 2000 queries
[OUT] 
[OUT]   Processed 3000 queries
[OUT] 
[OUT]   Processed 4000 queries
[OUT] 
[OUT]   Processed 5000 queries
[OUT] 
[OUT]   Processed 6000 queries
[OUT] 
[OUT]   Processed 7000 queries
[OUT] 
[OUT]   Processed 8000 queries
[OUT] 
[OUT]   Processed 9000 queries
[OUT] 
[OUT]   Processed 10000 queries
[OUT] 
[OUT] 
[OUT] ========== RESULTS ==========
[OUT] 
[OUT] Total queries: 10000
[OUT] 
[OUT] Average recall@10: 0.974070
[OUT] 
[OUT] Average query time: 2.355632 ms
[OUT] 
[OUT] Total query time: 23556.316718 ms
[OUT] 
[OUT] 
[OUT] ========== DISTANCE STATISTICS ==========
[OUT] 
[OUT] Total queries reported by index: 10000
[OUT] 
[OUT] Total distance computations: 190430786
[OUT] 
[OUT] Average distance ops per query: 19043.078700
[OUT] 
[OUT] Last query distance ops: 15666
[OUT] 
[OUT] 
[OUT] ========== PERFORMANCE SUMMARY ==========
[OUT] 
[OUT] Data loading time: 4139.466448 ms
[OUT] 
[OUT] Index build time: 162350.771904 ms
[OUT] 
[OUT] Query execution time: 23556.316718 ms
[OUT] 
[OUT] Total elapsed time: 183206.335930 ms
[OUT] 
[OUT] 
[OUT] ========== EFFICIENCY METRICS ==========
[OUT] 
[OUT] Queries per second: 424.514584
[OUT] 
[OUT] Distance ops per second: 8084064.638785
[OUT] 
[OUT] 
[OUT] ========== END OF LOG ==========
[OUT] 
[OUT] Log saved to: Log/run_20251125_223940_931.log
[OUT] 

Return Code: 0
   [PARSED] Build=162350.77ms, Query=2.3556ms, Recall=0.9741
   [RESULT] m=49 efc=208  efs=687  | Rec=0.9741 Time=2.3556ms Build=162350.77ms
   [SUCCESS] Logged to Log/trial_m49_efc208_efs687_20251125_223940.log
