   [START] m=41, efc=557, efs=485
   [LOG] Log/trial_m41_efc557_efs485_20251126_042133.log
   [RUN 1/1] Executing: ./hng --m 41 --efc 557 --efs 485

============================================================
Trial: m=41, efc=557, efs=485, Run 1/1
Timestamp: 2025-11-26T04:21:33.225972
Command: ./hng --m 41 --efc 557 --efs 485
============================================================

[OUT] ========== HNSW Search Test ==========
[ERR] Loaded base from binary cache: data_o/glove/base.txt.bin
[OUT] 
[OUT] Timestamp: Wed Nov 26 04:21:33 2025
[OUT] 
[OUT] Command line arguments:
[OUT]   argv[0]: ./hng
[OUT]   argv[1]: --m
[OUT]   argv[2]: 41
[OUT]   argv[3]: --efc
[OUT]   argv[4]: 557
[OUT]   argv[5]: --efs
[OUT]   argv[6]: 485
[OUT] 
[OUT] Configuration:
[OUT]   Base file: data_o/glove/base.txt
[OUT]   Query file: data_o/glove/query.txt
[OUT]   Truth file: data_o/glove/truth.txt
[OUT]   K: 10
[OUT]   M: 41
[OUT]   Max layer: -1
[OUT]   EFC: 557
[OUT]   EFS: 485
[OUT]   Threads: -1
[OUT]   Debug: -1
[OUT] 
[OUT] HNSW parameters set.
[OUT] 
[OUT] Loading base vectors...
[OUT] ✓ Base loaded in 3759.169764 ms
[ERR] Loaded queries from binary cache: data_o/glove/query.txt.bin
[OUT] 
[OUT] Loading query vectors...
[OUT] ✓ Queries loaded in 90.803789 ms
[ERR] Loaded truth from binary cache: data_o/glove/truth.txt.bin
[OUT] 
[OUT] Loading ground truth...
[OUT] ✓ Truth loaded in 85.847141 ms
[OUT] 
[OUT] Data Summary:
[OUT]   Dimension d=100, Base vectors=1183514, Queries=10000
[OUT] 
[OUT] 
[OUT] Building HNSW index...
[OUT] [Progress] 120001/1183514 (10.1%) Time: 10520.52 ms
[OUT] [Progress] 240001/1183514 (20.3%) Time: 46460.81 ms
[OUT] [Progress] 359001/1183514 (30.3%) Time: 98340.37 ms
[OUT] [Progress] 478001/1183514 (40.4%) Time: 150299.51 ms
[OUT] [Progress] 597001/1183514 (50.4%) Time: 211685.62 ms
[OUT] [Progress] 716001/1183514 (60.5%) Time: 279574.67 ms
[OUT] [Progress] 835001/1183514 (70.6%) Time: 345968.03 ms
[OUT] [Progress] 954001/1183514 (80.6%) Time: 417392.77 ms
[OUT] [Progress] 1073001/1183514 (90.7%) Time: 493420.05 ms
[OUT] [Timing] Parallel Build: 551318.20 ms for 1183514 points.
[OUT] ✓ Index built.
[OUT]   build_time(local)=509515.253294 ms
[OUT]   build_time(internal)=551318.203833 ms
[OUT] 
[OUT] 
[OUT] Executing queries...
[OUT] 
[OUT]   Processed 1000 queries
[OUT] 
[OUT]   Processed 2000 queries
[OUT] 
[OUT]   Processed 3000 queries
[OUT] 
[OUT]   Processed 4000 queries
[OUT] 
[OUT]   Processed 5000 queries
[OUT] 
[OUT]   Processed 6000 queries
[OUT] 
[OUT]   Processed 7000 queries
[OUT] 
[OUT]   Processed 8000 queries
[OUT] 
[OUT]   Processed 9000 queries
[OUT] 
[OUT]   Processed 10000 queries
[OUT] 
[OUT] 
[OUT] ========== RESULTS ==========
[OUT] 
[OUT] Total queries: 10000
[OUT] 
[OUT] Average recall@10: 0.980470
[OUT] 
[OUT] Average query time: 2.078927 ms
[OUT] 
[OUT] Total query time: 20789.266230 ms
[OUT] 
[OUT] 
[OUT] ========== DISTANCE STATISTICS ==========
[OUT] 
[OUT] Total queries reported by index: 10000
[OUT] 
[OUT] Total distance computations: 197410261
[OUT] 
[OUT] Average distance ops per query: 19741.026100
[OUT] 
[OUT] Last query distance ops: 16532
[OUT] 
[OUT] 
[OUT] ========== PERFORMANCE SUMMARY ==========
[OUT] 
[OUT] Data loading time: 3935.820694 ms
[OUT] 
[OUT] Index build time: 551318.203833 ms
[OUT] 
[OUT] Query execution time: 20789.266230 ms
[OUT] 
[OUT] Total elapsed time: 534240.340218 ms
[OUT] 
[OUT] 
[OUT] ========== EFFICIENCY METRICS ==========
[OUT] 
[OUT] Queries per second: 481.017458
[OUT] 
[OUT] Distance ops per second: 9495778.197074
[OUT] 
[OUT] 
[OUT] ========== END OF LOG ==========
[OUT] 
[OUT] Log saved to: Log/run_20251126_042133_238.log
[OUT] 

Return Code: 0
   [PARSED] Build=551318.20ms, Query=2.0789ms, Recall=0.9805
   [RESULT] m=41 efc=557  efs=485  | Rec=0.9805 Time=2.0789ms Build=551318.20ms
   [SUCCESS] Logged to Log/trial_m41_efc557_efs485_20251126_042133.log
