========== HNSW Search Test ==========

Timestamp: Sat Dec  6 00:26:09 2025

Command line arguments:
  argv[0]: ./basic
  argv[1]: --base
  argv[2]: data_o/glove/base.txt
  argv[3]: --query
  argv[4]: data_o/glove/query.txt
  argv[5]: --truth
  argv[6]: data_o/glove/truth.txt
  argv[7]: --k
  argv[8]: 10
  argv[9]: --m
  argv[10]: 59
  argv[11]: --max_layer
  argv[12]: 7
  argv[13]: --efc
  argv[14]: 763
  argv[15]: --efs
  argv[16]: 60000
  argv[17]: --threads
  argv[18]: 16
  argv[19]: --debug
  argv[20]: 1

Configuration:
  Base file: data_o/glove/base.txt
  Query file: data_o/glove/query.txt
  Truth file: data_o/glove/truth.txt
  K: 10
  M: 59
  Max layer: 7
  EFC: 763
  EFS: 60000
  Threads: 16
  Debug: 1

HNSW parameters set.

Ablation flags: csr=0, prefetch=0, simd=0, pruning=0, heap=0

Loading base vectors...
Loaded base from binary cache: data_o/glove/base.txt.bin
✓ Base loaded in 16955.000690 ms

Loading query vectors...
Loaded queries from binary cache: data_o/glove/query.txt.bin
✓ Queries loaded in 231.811839 ms

Loading ground truth...
Loaded truth from binary cache: data_o/glove/truth.txt.bin
✓ Truth loaded in 219.201224 ms

Data Summary:
  Dimension d=100, Base vectors=1183514, Queries=10000


Building HNSW index...
[Cache] Loaded SimpleHNSW from: cache/hnsw_n1183514_d100_M59_L7_efc763.bin
[Cache] Load time: 33591.66 ms
✓ Index built.
  build_time(local)=34199.010404 ms
  build_time(internal)=33591.660670 ms

Executing queries...

  Processed 1000 queries

  Processed 2000 queries

  Processed 3000 queries

  Processed 4000 queries

  Processed 5000 queries

  Processed 6000 queries

  Processed 7000 queries

  Processed 8000 queries

  Processed 9000 queries

  Processed 10000 queries


========== RESULTS ==========

Total queries: 10000

Average recall@10: 0.996310

Average query time: 49.311641 ms

Total query time: 493116.406527 ms


========== DISTANCE STATISTICS ==========

Total queries reported by index: 10000

Total distance computations: 603688187

Average distance ops per query: 60368.818700

Last query distance ops: 60486


========== PERFORMANCE SUMMARY ==========

Data loading time: 17406.013753 ms

Index build time: 33591.660670 ms

Query execution time: 493116.406527 ms

Total elapsed time: 544721.430684 ms


========== EFFICIENCY METRICS ==========

Queries per second: 20.279187

Distance ops per second: 1224230.585333


========== END OF LOG ==========

Log saved to: Log/run_20251206_002609_077.log

