========== HNSW Search Test ==========

Timestamp: Wed Dec  3 16:08:09 2025

Command line arguments:
  argv[0]: ./hng
  argv[1]: --base
  argv[2]: data_o/glove/base.txt
  argv[3]: --query
  argv[4]: data_o/glove/query.txt
  argv[5]: --truth
  argv[6]: data_o/glove/truth.txt
  argv[7]: --k
  argv[8]: 10
  argv[9]: --m
  argv[10]: 43
  argv[11]: --max_layer
  argv[12]: 14
  argv[13]: --efc
  argv[14]: 130
  argv[15]: --efs
  argv[16]: 1355
  argv[17]: --threads
  argv[18]: 32
  argv[19]: --ablate_csr
  argv[20]: 0
  argv[21]: --ablate_prefetch
  argv[22]: 0
  argv[23]: --ablate_simd
  argv[24]: 0
  argv[25]: --ablate_pruning
  argv[26]: 0
  argv[27]: --ablate_heap
  argv[28]: 0
  argv[29]: --ablate_flat_index
  argv[30]: 0

Configuration:
  Base file: data_o/glove/base.txt
  Query file: data_o/glove/query.txt
  Truth file: data_o/glove/truth.txt
  K: 10
  M: 43
  Max layer: 14
  EFC: 130
  EFS: 1355
  Threads: 32
  Debug: -1

HNSW parameters set.

Ablation flags: csr=0, prefetch=0, simd=0, pruning=0, heap=0

Loading base vectors...
Loaded base from binary cache: data_o/glove/base.txt.bin
✓ Base loaded in 2198.817941 ms

Loading query vectors...
Loaded queries from binary cache: data_o/glove/query.txt.bin
✓ Queries loaded in 69.273281 ms

Loading ground truth...
Loaded truth from binary cache: data_o/glove/truth.txt.bin
✓ Truth loaded in 72.566559 ms

Data Summary:
  Dimension d=100, Base vectors=1183514, Queries=10000


Building HNSW index...
✓ Index built.
  build_time(local)=154462.524475 ms
  build_time(internal)=150018.508657 ms


========== GRAPH QUALITY ==========

  num_nodes: 1183514

  max_level (entry point): 4

  actual_max_layer: 4

  avg_degree_l0: 24.665366

  avg_degree_upper: 0.128245


  Layer Distribution:

    L0: 1183514 nodes (100.00%)

    L1: 27325 nodes (2.31%)

    L2: 633 nodes (0.05%)

    L3: 11 nodes (0.00%)

    L4: 1 nodes (0.00%)



Executing queries...

  Processed 1000 queries

  Processed 2000 queries

  Processed 3000 queries

  Processed 4000 queries

  Processed 5000 queries

  Processed 6000 queries

  Processed 7000 queries

  Processed 8000 queries

  Processed 9000 queries

  Processed 10000 queries


========== RESULTS ==========

Total queries: 10000

Average recall@10: 0.979280

Average query time: 2.929949 ms

Total query time: 29299.490046 ms


========== DISTANCE STATISTICS ==========

Total queries reported by index: 10000

Total distance computations: 272994330

Average distance ops per query: 27299.433000

Last query distance ops: 22455


========== PERFORMANCE SUMMARY ==========

Data loading time: 2340.657781 ms

Index build time: 150018.508657 ms

Query execution time: 29299.490046 ms

Total elapsed time: 186102.672302 ms


========== EFFICIENCY METRICS ==========

Queries per second: 341.302869

Distance ops per second: 9317374.792920


========== END OF LOG ==========

Log saved to: Log/run_20251203_160809_754.log

