========== HNSW Search Test ==========

Timestamp: Sat Dec  6 13:37:02 2025

Command line arguments:
  argv[0]: ./hng1
  argv[1]: --base
  argv[2]: data_o/glove/base.txt
  argv[3]: --query
  argv[4]: data_o/glove/query.txt
  argv[5]: --truth
  argv[6]: data_o/glove/truth.txt
  argv[7]: --k
  argv[8]: 10
  argv[9]: --m
  argv[10]: 80
  argv[11]: --max_layer
  argv[12]: 11
  argv[13]: --efc
  argv[14]: 1301
  argv[15]: --efs
  argv[16]: 580
  argv[17]: --threads
  argv[18]: 32
  argv[19]: --ablate_csr
  argv[20]: 0
  argv[21]: --ablate_prefetch
  argv[22]: 1
  argv[23]: --ablate_simd
  argv[24]: 0
  argv[25]: --ablate_pruning
  argv[26]: 0
  argv[27]: --ablate_heap
  argv[28]: 0
  argv[29]: --ablate_flat_index
  argv[30]: 0
  argv[31]: --ablate_reorder
  argv[32]: 0

Configuration:
  Base file: data_o/glove/base.txt
  Query file: data_o/glove/query.txt
  Truth file: data_o/glove/truth.txt
  K: 10
  M: 80
  Max layer: 11
  EFC: 1301
  EFS: 580
  Threads: 32
  Debug: -1

HNSW parameters set.

Ablation flags: csr=0, prefetch=1, simd=0, pruning=0, heap=0

Loading base vectors...
Loaded base from binary cache: data_o/glove/base.txt.bin
✓ Base loaded in 2213.687962 ms

Loading query vectors...
Loaded queries from binary cache: data_o/glove/query.txt.bin
✓ Queries loaded in 70.303400 ms

Loading ground truth...
Loaded truth from binary cache: data_o/glove/truth.txt.bin
✓ Truth loaded in 76.109781 ms

Data Summary:
  Dimension d=100, Base vectors=1183514, Queries=10000


Building HNSW index...
[Cache] Loaded index from: cache/hnsw_n1183514_d100_M80_L11_efc1301.idx
[Cache] Load time: 4329.98 ms
✓ Index built.
  build_time(local)=4335.295225 ms
  build_time(internal)=4329.978234 ms


========== GRAPH QUALITY ==========

  num_nodes: 1183514

  max_level (entry point): 3

  actual_max_layer: 3

  avg_degree_l0: 71.575383

  avg_degree_upper: 0.103061


  Layer Distribution:

    L0: 1183514 nodes (100.00%)

    L1: 14840 nodes (1.25%)

    L2: 186 nodes (0.02%)

    L3: 4 nodes (0.00%)



Executing queries...

  Processed 1000 queries

  Processed 2000 queries

  Processed 3000 queries

  Processed 4000 queries

  Processed 5000 queries

  Processed 6000 queries

  Processed 7000 queries

  Processed 8000 queries

  Processed 9000 queries

  Processed 10000 queries


========== RESULTS ==========

Total queries: 10000

Average recall@10: 0.993070

Average query time: 2.939531 ms

Total query time: 29395.308834 ms


========== DISTANCE STATISTICS ==========

Total queries reported by index: 10000

Total distance computations: 331399055

Average distance ops per query: 33139.905500

Last query distance ops: 24735


========== PERFORMANCE SUMMARY ==========

Data loading time: 2360.101143 ms

Index build time: 4329.978234 ms

Query execution time: 29395.308834 ms

Total elapsed time: 36090.705202 ms


========== EFFICIENCY METRICS ==========

Queries per second: 340.190336

Distance ops per second: 11273875.599384


========== END OF LOG ==========

Log saved to: Log/run_20251206_133702_036.log

