========== HNSW Search Test ==========

Timestamp: Sat Dec  6 02:25:56 2025

Command line arguments:
  argv[0]: ./hng1
  argv[1]: --base
  argv[2]: data_o/glove/base.txt
  argv[3]: --query
  argv[4]: data_o/glove/query.txt
  argv[5]: --truth
  argv[6]: data_o/glove/truth.txt
  argv[7]: --k
  argv[8]: 10
  argv[9]: --m
  argv[10]: 59
  argv[11]: --max_layer
  argv[12]: 5
  argv[13]: --efc
  argv[14]: 763
  argv[15]: --efs
  argv[16]: 25
  argv[17]: --threads
  argv[18]: 32
  argv[19]: --ablate_csr
  argv[20]: 0
  argv[21]: --ablate_prefetch
  argv[22]: 0
  argv[23]: --ablate_simd
  argv[24]: 0
  argv[25]: --ablate_pruning
  argv[26]: 0
  argv[27]: --ablate_heap
  argv[28]: 0
  argv[29]: --ablate_flat_index
  argv[30]: 0
  argv[31]: --ablate_reorder
  argv[32]: 0

Configuration:
  Base file: data_o/glove/base.txt
  Query file: data_o/glove/query.txt
  Truth file: data_o/glove/truth.txt
  K: 10
  M: 59
  Max layer: 5
  EFC: 763
  EFS: 25
  Threads: 32
  Debug: -1

HNSW parameters set.

Ablation flags: csr=0, prefetch=0, simd=0, pruning=0, heap=0

Loading base vectors...
Loaded base from binary cache: data_o/glove/base.txt.bin
✓ Base loaded in 2581.551962 ms

Loading query vectors...
Loaded queries from binary cache: data_o/glove/query.txt.bin
✓ Queries loaded in 80.342894 ms

Loading ground truth...
Loaded truth from binary cache: data_o/glove/truth.txt.bin
✓ Truth loaded in 88.179026 ms

Data Summary:
  Dimension d=100, Base vectors=1183514, Queries=10000


Building HNSW index...
[Cache] Cache miss, building index...
[Progress] 122001/1183514 (10.3%) Time: 20518.97 ms
[Progress] 241001/1183514 (20.4%) Time: 84936.19 ms
[Progress] 361001/1183514 (30.5%) Time: 185320.35 ms
[Progress] 481001/1183514 (40.6%) Time: 310719.68 ms
[Progress] 600001/1183514 (50.7%) Time: 438153.18 ms
[Progress] 719001/1183514 (60.8%) Time: 568101.79 ms
[Progress] 838001/1183514 (70.8%) Time: 704272.63 ms
[Progress] 957001/1183514 (80.9%) Time: 848162.94 ms
[Progress] 1076001/1183514 (90.9%) Time: 1001263.19 ms
[Timing] Parallel Build: 1119035.24 ms for 1183514 points.
[FlatConvert] Starting conversion for 1183514 nodes, dim=100
[Reorder] Generated DFS mapping for 1183514 nodes.
[FlatConvert] Reorder enabled, enter_point=0, max_level=3
[FlatConvert] Allocating data array: 118351400 floats (451 MB)
[FlatConvert] Copying vector data...
[FlatConvert] Vector data copied.
[FlatConvert] Building L0 CSR structure...
[FlatConvert] Total L0 links: 71427346
[FlatConvert] L0 CSR built, actual links: 71427346
[FlatConvert] Building upper layer structure, max_level=3
[FlatHNSW-CSR] Converted & Reordered 1183514 nodes.
[Timing] Flat Conversion: 18141.21 ms
[Cache] Saved index to: cache/hnsw_n1183514_d100_M59_L5_efc763.idx
[Cache] Save time: 9856.18 ms
✓ Index built.
  build_time(local)=1178126.846274 ms
  build_time(internal)=1119035.240674 ms


========== GRAPH QUALITY ==========

  num_nodes: 1183514

  max_level (entry point): 3

  actual_max_layer: 3

  avg_degree_l0: 60.351923

  avg_degree_upper: 0.135749


  Layer Distribution:

    L0: 1183514 nodes (100.00%)

    L1: 20159 nodes (1.70%)

    L2: 318 nodes (0.03%)

    L3: 2 nodes (0.00%)



Executing queries...

  Processed 1000 queries

  Processed 2000 queries

  Processed 3000 queries

  Processed 4000 queries

  Processed 5000 queries

  Processed 6000 queries

  Processed 7000 queries

  Processed 8000 queries

  Processed 9000 queries

  Processed 10000 queries


========== RESULTS ==========

Total queries: 10000

Average recall@10: 0.729740

Average query time: 0.371182 ms

Total query time: 3711.821363 ms


========== DISTANCE STATISTICS ==========

Total queries reported by index: 10000

Total distance computations: 19833219

Average distance ops per query: 1983.321900

Last query distance ops: 1639


========== PERFORMANCE SUMMARY ==========

Data loading time: 2750.073882 ms

Index build time: 1119035.240674 ms

Query execution time: 3711.821363 ms

Total elapsed time: 1184588.741519 ms


========== EFFICIENCY METRICS ==========

Queries per second: 2694.095168

Distance ops per second: 5343257.948160


========== END OF LOG ==========

Log saved to: Log/run_20251206_022556_884.log

