========== HNSW Search Test ==========

Timestamp: Thu Dec  4 13:53:39 2025

Command line arguments:
  argv[0]: ./hng1
  argv[1]: --m
  argv[2]: 38
  argv[3]: --max_layer
  argv[4]: 10
  argv[5]: --efc
  argv[6]: 393
  argv[7]: --efs
  argv[8]: 2000

Configuration:
  Base file: data_o/glove/base.txt
  Query file: data_o/glove/query.txt
  Truth file: data_o/glove/truth.txt
  K: 10
  M: 38
  Max layer: 10
  EFC: 393
  EFS: 2000
  Threads: -1
  Debug: -1

HNSW parameters set.

Ablation flags: csr=0, prefetch=0, simd=0, pruning=0, heap=0

Loading base vectors...
✓ Base loaded in 2364.691624 ms

Loading query vectors...
✓ Queries loaded in 140.062816 ms

Loading ground truth...
✓ Truth loaded in 141.547333 ms

Data Summary:
  Dimension d=100, Base vectors=1183514, Queries=10000


Building HNSW index...
✓ Index built.
  build_time(local)=5036.984721 ms
  build_time(internal)=5032.369954 ms


========== GRAPH QUALITY ==========

  num_nodes: 1183514

  max_level (entry point): 3

  actual_max_layer: 3

  avg_degree_l0: 44.056857

  avg_degree_upper: 0.195303


  Layer Distribution:

    L0: 1183514 nodes (100.00%)

    L1: 30815 nodes (2.60%)

    L2: 762 nodes (0.06%)

    L3: 15 nodes (0.00%)



Executing queries...

  Processed 1000 queries

  Processed 2000 queries

  Processed 3000 queries

  Processed 4000 queries

