========== HNSW Search Test ==========

Timestamp: Mon Dec 15 19:50:36 2025

Command line arguments:
  argv[0]: ./hnga
  argv[1]: --base
  argv[2]: data_o/glove/base.txt
  argv[3]: --query
  argv[4]: data_o/glove/query.txt
  argv[5]: --truth
  argv[6]: data_o/glove/truth.txt
  argv[7]: --k
  argv[8]: 10
  argv[9]: --m
  argv[10]: 20
  argv[11]: --max_layer
  argv[12]: 7
  argv[13]: --efc
  argv[14]: 600
  argv[15]: --efs
  argv[16]: 150
  argv[17]: --threads
  argv[18]: 32
  argv[19]: --ablate_csr
  argv[20]: 0
  argv[21]: --ablate_prefetch
  argv[22]: 0
  argv[23]: --ablate_simd
  argv[24]: 0
  argv[25]: --ablate_pruning
  argv[26]: 0
  argv[27]: --ablate_heap
  argv[28]: 0
  argv[29]: --ablate_flat_index
  argv[30]: 0
  argv[31]: --ablate_reorder
  argv[32]: 0
  argv[33]: --ablate_adaptive_ep
  argv[34]: 0
  argv[35]: --adaptive_ep_k
  argv[36]: 256

Configuration:
  Base file: data_o/glove/base.txt
  Query file: data_o/glove/query.txt
  Truth file: data_o/glove/truth.txt
  K: 10
  M: 20
  Max layer: 7
  EFC: 600
  EFS: 150
  Threads: 32
  Debug: -1
  Adaptive EP K: 256

HNSW parameters set.

[Ablation] Set flags: prefetch=0, simd=0, pruning=0, heap=0, reorder=0, adaptive_ep=0
Ablation flags: prefetch=0, simd=0, pruning=0, heap=0, reorder=0, adaptive_ep=0

Loading base vectors...
Loaded base from binary cache: data_o/glove/base.txt.bin
✓ Base loaded in 2371.493363 ms

Loading query vectors...
Loaded queries from binary cache: data_o/glove/query.txt.bin
✓ Queries loaded in 69.276635 ms

Loading ground truth...
Loaded truth from binary cache: data_o/glove/truth.txt.bin
✓ Truth loaded in 76.833554 ms

Data Summary:
  Dimension d=100, Base vectors=1183514, Queries=10000


Building HNSW index...
[Progress] 56001/1183514 (4.7%) Time: 10030.93 ms
[Progress] 115001/1183514 (9.7%) Time: 25044.41 ms
[Progress] 166001/1183514 (14.0%) Time: 44077.52 ms
[Progress] 216001/1183514 (18.3%) Time: 58082.60 ms
[Progress] 266001/1183514 (22.5%) Time: 79619.59 ms
[Progress] 318001/1183514 (26.9%) Time: 106195.99 ms
[Progress] 369001/1183514 (31.2%) Time: 125720.38 ms
[Progress] 422001/1183514 (35.7%) Time: 155307.56 ms
