========== HNSW Search Test ==========

Timestamp: Wed Dec  3 12:10:52 2025

Command line arguments:
  argv[0]: ./hng
  argv[1]: --base
  argv[2]: data_o/glove/base.txt
  argv[3]: --query
  argv[4]: data_o/glove/query.txt
  argv[5]: --truth
  argv[6]: data_o/glove/truth.txt
  argv[7]: --k
  argv[8]: 10
  argv[9]: --m
  argv[10]: 16
  argv[11]: --max_layer
  argv[12]: 16
  argv[13]: --efc
  argv[14]: 200
  argv[15]: --efs
  argv[16]: 200
  argv[17]: --threads
  argv[18]: 8
  argv[19]: --ablate_csr
  argv[20]: 0
  argv[21]: --ablate_prefetch
  argv[22]: 0
  argv[23]: --ablate_simd
  argv[24]: 0
  argv[25]: --ablate_pruning
  argv[26]: 0
  argv[27]: --ablate_heap
  argv[28]: 0

Configuration:
  Base file: data_o/glove/base.txt
  Query file: data_o/glove/query.txt
  Truth file: data_o/glove/truth.txt
  K: 10
  M: 16
  Max layer: 16
  EFC: 200
  EFS: 200
  Threads: 8
  Debug: -1

HNSW parameters set.

Ablation flags: csr=0, prefetch=0, simd=0, pruning=0, heap=0

Loading base vectors...
✓ Base loaded in 3854.034226 ms

Loading query vectors...
✓ Queries loaded in 184.967460 ms

Loading ground truth...
✓ Truth loaded in 105.471121 ms

Data Summary:
  Dimension d=100, Base vectors=1183514, Queries=10000


Building HNSW index...
✓ Index built.
  build_time(local)=161814.410206 ms
  build_time(internal)=157546.381943 ms


========== GRAPH QUALITY ==========

  num_nodes: 1183514

  max_level (entry point): 4

  actual_max_layer: 4

  avg_degree_l0: 23.991933

  avg_degree_upper: 0.209483


  Layer Distribution:

    L0: 1183514 nodes (100.00%)

    L1: 73907 nodes (6.24%)

    L2: 4660 nodes (0.39%)

    L3: 269 nodes (0.02%)

    L4: 20 nodes (0.00%)



Executing queries...

  Processed 1000 queries

  Processed 2000 queries

  Processed 3000 queries

  Processed 4000 queries

  Processed 5000 queries

  Processed 6000 queries

  Processed 7000 queries

  Processed 8000 queries

  Processed 9000 queries

  Processed 10000 queries


========== RESULTS ==========

Total queries: 10000

Average recall@10: 0.872960

Average query time: 0.448321 ms

Total query time: 4483.207001 ms


========== DISTANCE STATISTICS ==========

Total queries reported by index: 10000

Total distance computations: 0

Average distance ops per query: 0.000000

Last query distance ops: 0


========== PERFORMANCE SUMMARY ==========

Data loading time: 4144.472807 ms

Index build time: 157546.381943 ms

Query execution time: 4483.207001 ms

Total elapsed time: 170442.090014 ms


========== EFFICIENCY METRICS ==========

Queries per second: 2230.546124


========== END OF LOG ==========

Log saved to: Log/run_20251203_121052_023.log

