========== HNSW Search Test ==========

Timestamp: Mon Dec 15 21:47:59 2025

Command line arguments:
  argv[0]: ./hnga
  argv[1]: --base
  argv[2]: data_o/glove/base.txt
  argv[3]: --query
  argv[4]: data_o/glove/query.txt
  argv[5]: --truth
  argv[6]: data_o/glove/truth.txt
  argv[7]: --k
  argv[8]: 10
  argv[9]: --m
  argv[10]: 80
  argv[11]: --max_layer
  argv[12]: 7
  argv[13]: --efc
  argv[14]: 700
  argv[15]: --efs
  argv[16]: 1200
  argv[17]: --threads
  argv[18]: 32
  argv[19]: --ablate_csr
  argv[20]: 0
  argv[21]: --ablate_prefetch
  argv[22]: 0
  argv[23]: --ablate_simd
  argv[24]: 0
  argv[25]: --ablate_pruning
  argv[26]: 0
  argv[27]: --ablate_heap
  argv[28]: 0
  argv[29]: --ablate_flat_index
  argv[30]: 0
  argv[31]: --ablate_reorder
  argv[32]: 0
  argv[33]: --ablate_adaptive_ep
  argv[34]: 0
  argv[35]: --adaptive_ep_k
  argv[36]: 256

Configuration:
  Base file: data_o/glove/base.txt
  Query file: data_o/glove/query.txt
  Truth file: data_o/glove/truth.txt
  K: 10
  M: 80
  Max layer: 7
  EFC: 700
  EFS: 1200
  Threads: 32
  Debug: -1
  Adaptive EP K: 256

HNSW parameters set.

[Ablation] Set flags: prefetch=0, simd=0, pruning=0, heap=0, reorder=0, adaptive_ep=0
Ablation flags: prefetch=0, simd=0, pruning=0, heap=0, reorder=0, adaptive_ep=0

Loading base vectors...
Loaded base from binary cache: data_o/glove/base.txt.bin
✓ Base loaded in 2512.256034 ms

Loading query vectors...
Loaded queries from binary cache: data_o/glove/query.txt.bin
✓ Queries loaded in 67.888873 ms

Loading ground truth...
Loaded truth from binary cache: data_o/glove/truth.txt.bin
✓ Truth loaded in 68.253593 ms

Data Summary:
  Dimension d=100, Base vectors=1183514, Queries=10000


Building HNSW index...
[Progress] 52001/1183514 (4.4%) Time: 42529.21 ms
[Progress] 103001/1183514 (8.7%) Time: 122080.99 ms
[Progress] 153001/1183514 (12.9%) Time: 180621.94 ms
[Progress] 203001/1183514 (17.2%) Time: 281174.68 ms
[Progress] 253001/1183514 (21.4%) Time: 371220.86 ms
[Progress] 303001/1183514 (25.6%) Time: 466777.40 ms
[Progress] 353001/1183514 (29.8%) Time: 587846.23 ms
[Progress] 403001/1183514 (34.1%) Time: 672382.21 ms
[Progress] 455001/1183514 (38.4%) Time: 803470.79 ms
[Progress] 505001/1183514 (42.7%) Time: 924572.94 ms
[Progress] 555001/1183514 (46.9%) Time: 1042646.55 ms
[Progress] 605001/1183514 (51.1%) Time: 1162744.86 ms
