========== HNSW Search Test ==========

Timestamp: Thu Dec  4 13:51:02 2025

Command line arguments:
  argv[0]: ./hng1
  argv[1]: --m
  argv[2]: 55
  argv[3]: --max_layer
  argv[4]: 11
  argv[5]: --efc
  argv[6]: 598
  argv[7]: --efs
  argv[8]: 635

Configuration:
  Base file: data_o/glove/base.txt
  Query file: data_o/glove/query.txt
  Truth file: data_o/glove/truth.txt
  K: 10
  M: 55
  Max layer: 11
  EFC: 598
  EFS: 635
  Threads: -1
  Debug: -1

HNSW parameters set.

Ablation flags: csr=0, prefetch=0, simd=0, pruning=0, heap=0

Loading base vectors...
✓ Base loaded in 2203.648152 ms

Loading query vectors...
✓ Queries loaded in 67.179004 ms

Loading ground truth...
✓ Truth loaded in 70.423631 ms

Data Summary:
  Dimension d=100, Base vectors=1183514, Queries=10000


Building HNSW index...
✓ Index built.
  build_time(local)=3688.464754 ms
  build_time(internal)=3683.653465 ms


========== GRAPH QUALITY ==========

  num_nodes: 1183514

  max_level (entry point): 3

  actual_max_layer: 3

  avg_degree_l0: 54.957942

  avg_degree_upper: 0.174786


  Layer Distribution:

    L0: 1183514 nodes (100.00%)

    L1: 21583 nodes (1.82%)

    L2: 413 nodes (0.03%)

    L3: 8 nodes (0.00%)



Executing queries...

  Processed 1000 queries

  Processed 2000 queries

  Processed 3000 queries

