   [START] m=49, ml=1, efc=480, efs=680
[OUT] ========== HNSW Search Test ==========
[OUT] 
[OUT] Timestamp: Thu Dec  4 13:41:47 2025
[OUT] 
[OUT] Command line arguments:
[OUT]   argv[0]: ./hng1
[OUT]   argv[1]: --m
[OUT]   argv[2]: 49
[OUT]   argv[3]: --max_layer
[OUT]   argv[4]: 1
[OUT]   argv[5]: --efc
[OUT]   argv[6]: 480
[OUT]   argv[7]: --efs
[OUT]   argv[8]: 680
[OUT] 
[OUT] Configuration:
[OUT]   Base file: data_o/glove/base.txt
[OUT]   Query file: data_o/glove/query.txt
[OUT]   Truth file: data_o/glove/truth.txt
[OUT]   K: 10
[OUT]   M: 49
[OUT]   Max layer: 1
[OUT]   EFC: 480
[OUT]   EFS: 680
[OUT]   Threads: -1
[ERR] Loaded base from binary cache: data_o/glove/base.txt.bin
[OUT]   Debug: -1
[OUT] 
[OUT] HNSW parameters set.
[OUT] 
[OUT] Ablation flags: csr=0, prefetch=0, simd=0, pruning=0, heap=0
[OUT] 
[OUT] Loading base vectors...
[OUT] ✓ Base loaded in 4321.810462 ms
[ERR] Loaded queries from binary cache: data_o/glove/query.txt.bin
[OUT] 
[OUT] Loading query vectors...
[OUT] ✓ Queries loaded in 96.615845 ms
[OUT] 
[ERR] Loaded truth from binary cache: data_o/glove/truth.txt.bin
[OUT] Loading ground truth...
[OUT] ✓ Truth loaded in 92.251141 ms
[OUT] 
[OUT] Data Summary:
[OUT]   Dimension d=100, Base vectors=1183514, Queries=10000
[OUT] 
[OUT] 
[OUT] Building HNSW index...
[OUT] [Cache] Loaded index from: cache/hnsw_n1183514_d100_M49_L1_efc480.idx
[OUT] [Cache] Load time: 4472.38 ms
