========== HNSW Search Test ==========

Timestamp: Fri Dec  5 08:35:21 2025

Command line arguments:
  argv[0]: ./hng1
  argv[1]: --base
  argv[2]: data_o/glove/base.txt
  argv[3]: --query
  argv[4]: data_o/glove/query.txt
  argv[5]: --truth
  argv[6]: data_o/glove/truth.txt
  argv[7]: --k
  argv[8]: 10
  argv[9]: --m
  argv[10]: 59
  argv[11]: --max_layer
  argv[12]: 5
  argv[13]: --efc
  argv[14]: 763
  argv[15]: --efs
  argv[16]: 715
  argv[17]: --threads
  argv[18]: 32
  argv[19]: --ablate_csr
  argv[20]: 0
  argv[21]: --ablate_prefetch
  argv[22]: 0
  argv[23]: --ablate_simd
  argv[24]: 0
  argv[25]: --ablate_pruning
  argv[26]: 0
  argv[27]: --ablate_heap
  argv[28]: 0
  argv[29]: --ablate_flat_index
  argv[30]: 1
  argv[31]: --ablate_reorder
  argv[32]: 0

Configuration:
  Base file: data_o/glove/base.txt
  Query file: data_o/glove/query.txt
  Truth file: data_o/glove/truth.txt
  K: 10
  M: 59
  Max layer: 5
  EFC: 763
  EFS: 715
  Threads: 32
  Debug: -1

HNSW parameters set.

Ablation flags: csr=0, prefetch=0, simd=0, pruning=0, heap=0

Loading base vectors...
Loaded base from binary cache: data_o/glove/base.txt.bin
✓ Base loaded in 2255.563342 ms

Loading query vectors...
Loaded queries from binary cache: data_o/glove/query.txt.bin
✓ Queries loaded in 68.400507 ms

Loading ground truth...
Loaded truth from binary cache: data_o/glove/truth.txt.bin
✓ Truth loaded in 78.522458 ms

Data Summary:
  Dimension d=100, Base vectors=1183514, Queries=10000


Building HNSW index...
[Cache] Loaded index from: cache/hnsw_n1183514_d100_M59_L5_efc763.idx
[Cache] Load time: 3789.54 ms
✓ Index built.
  build_time(local)=3794.674869 ms
  build_time(internal)=3789.535109 ms


========== GRAPH QUALITY ==========

  num_nodes: 1183514

  max_level (entry point): 3

  actual_max_layer: 3

  avg_degree_l0: 60.350342

  avg_degree_upper: 0.146105


  Layer Distribution:

    L0: 1183514 nodes (100.00%)

    L1: 20263 nodes (1.71%)

    L2: 320 nodes (0.03%)

    L3: 5 nodes (0.00%)



Executing queries...

  Processed 1000 queries

  Processed 2000 queries

  Processed 3000 queries

  Processed 4000 queries

  Processed 5000 queries

  Processed 6000 queries

  Processed 7000 queries

  Processed 8000 queries

  Processed 9000 queries

  Processed 10000 queries


========== RESULTS ==========

Total queries: 10000

Average recall@10: 0.993060

Average query time: 2.559041 ms

Total query time: 25590.405085 ms


========== DISTANCE STATISTICS ==========

Total queries reported by index: 10000

Total distance computations: 333336903

Average distance ops per query: 33333.690300

Last query distance ops: 25037


========== PERFORMANCE SUMMARY ==========

Data loading time: 2402.486307 ms

Index build time: 3789.535109 ms

Query execution time: 25590.405085 ms

Total elapsed time: 31787.566261 ms


========== EFFICIENCY METRICS ==========

Queries per second: 390.771462

Distance ops per second: 13025854.881656


========== END OF LOG ==========

Log saved to: Log/run_20251205_083521_716.log

