========== HNSW Search Test ==========

Timestamp: Sat Dec  6 00:22:11 2025

Command line arguments:
  argv[0]: ./basic
  argv[1]: --base
  argv[2]: data_o/glove/base.txt
  argv[3]: --query
  argv[4]: data_o/glove/query.txt
  argv[5]: --truth
  argv[6]: data_o/glove/truth.txt
  argv[7]: --k
  argv[8]: 10
  argv[9]: --m
  argv[10]: 59
  argv[11]: --max_layer
  argv[12]: 7
  argv[13]: --efc
  argv[14]: 763
  argv[15]: --efs
  argv[16]: 30000
  argv[17]: --threads
  argv[18]: 32
  argv[19]: --debug
  argv[20]: 1

Configuration:
  Base file: data_o/glove/base.txt
  Query file: data_o/glove/query.txt
  Truth file: data_o/glove/truth.txt
  K: 10
  M: 59
  Max layer: 7
  EFC: 763
  EFS: 30000
  Threads: 32
  Debug: 1

HNSW parameters set.

Ablation flags: csr=0, prefetch=0, simd=0, pruning=0, heap=0

Loading base vectors...
Loaded base from binary cache: data_o/glove/base.txt.bin
✓ Base loaded in 7397.344352 ms

Loading query vectors...
Loaded queries from binary cache: data_o/glove/query.txt.bin
✓ Queries loaded in 100.705212 ms

Loading ground truth...
Loaded truth from binary cache: data_o/glove/truth.txt.bin
✓ Truth loaded in 101.960891 ms

Data Summary:
  Dimension d=100, Base vectors=1183514, Queries=10000


Building HNSW index...
[Cache] Loaded SimpleHNSW from: cache/hnsw_n1183514_d100_M59_L7_efc763.bin
[Cache] Load time: 14908.62 ms
✓ Index built.
  build_time(local)=15592.972765 ms
  build_time(internal)=14908.620356 ms

Executing queries...

  Processed 1000 queries

  Processed 2000 queries

  Processed 3000 queries

  Processed 4000 queries

  Processed 5000 queries

  Processed 6000 queries

  Processed 7000 queries

  Processed 8000 queries

  Processed 9000 queries

  Processed 10000 queries


========== RESULTS ==========

Total queries: 10000

Average recall@10: 0.984370

Average query time: 8.031665 ms

Total query time: 80316.650630 ms


========== DISTANCE STATISTICS ==========

Total queries reported by index: 10000

Total distance computations: 303711666

Average distance ops per query: 30371.166600

Last query distance ops: 30460


========== PERFORMANCE SUMMARY ==========

Data loading time: 7600.010455 ms

Index build time: 14908.620356 ms

Query execution time: 80316.650630 ms

Total elapsed time: 103509.633850 ms


========== EFFICIENCY METRICS ==========

Queries per second: 124.507184

Distance ops per second: 3781428.428821


========== END OF LOG ==========

Log saved to: Log/run_20251206_002211_331.log

