========== HNSW Search Test ==========

Timestamp: Wed Dec  3 16:01:44 2025

Command line arguments:
  argv[0]: ./hng
  argv[1]: --base
  argv[2]: data_o/glove/base.txt
  argv[3]: --query
  argv[4]: data_o/glove/query.txt
  argv[5]: --truth
  argv[6]: data_o/glove/truth.txt
  argv[7]: --k
  argv[8]: 10
  argv[9]: --m
  argv[10]: 61
  argv[11]: --max_layer
  argv[12]: 18
  argv[13]: --efc
  argv[14]: 165
  argv[15]: --efs
  argv[16]: 560
  argv[17]: --threads
  argv[18]: 32
  argv[19]: --ablate_csr
  argv[20]: 0
  argv[21]: --ablate_prefetch
  argv[22]: 0
  argv[23]: --ablate_simd
  argv[24]: 0
  argv[25]: --ablate_pruning
  argv[26]: 0
  argv[27]: --ablate_heap
  argv[28]: 0
  argv[29]: --ablate_flat_index
  argv[30]: 0

Configuration:
  Base file: data_o/glove/base.txt
  Query file: data_o/glove/query.txt
  Truth file: data_o/glove/truth.txt
  K: 10
  M: 61
  Max layer: 18
  EFC: 165
  EFS: 560
  Threads: 32
  Debug: -1

HNSW parameters set.

Ablation flags: csr=0, prefetch=0, simd=0, pruning=0, heap=0

Loading base vectors...
Loaded base from binary cache: data_o/glove/base.txt.bin
✓ Base loaded in 3625.063047 ms

Loading query vectors...
Loaded queries from binary cache: data_o/glove/query.txt.bin
✓ Queries loaded in 72.869899 ms

Loading ground truth...
Loaded truth from binary cache: data_o/glove/truth.txt.bin
✓ Truth loaded in 77.795975 ms

Data Summary:
  Dimension d=100, Base vectors=1183514, Queries=10000


Building HNSW index...
✓ Index built.
  build_time(local)=198940.618440 ms
  build_time(internal)=194247.564505 ms


========== GRAPH QUALITY ==========

  num_nodes: 1183514

  max_level (entry point): 3

  actual_max_layer: 3

  avg_degree_l0: 28.683991

  avg_degree_upper: 0.116766


  Layer Distribution:

    L0: 1183514 nodes (100.00%)

    L1: 19324 nodes (1.63%)

    L2: 304 nodes (0.03%)

    L3: 1 nodes (0.00%)



Executing queries...

  Processed 1000 queries

  Processed 2000 queries

  Processed 3000 queries

  Processed 4000 queries

  Processed 5000 queries

  Processed 6000 queries

  Processed 7000 queries

  Processed 8000 queries

  Processed 9000 queries

  Processed 10000 queries


========== RESULTS ==========

Total queries: 10000

Average recall@10: 0.960240

Average query time: 1.319358 ms

Total query time: 13193.581788 ms


========== DISTANCE STATISTICS ==========

Total queries reported by index: 10000

Total distance computations: 144913096

Average distance ops per query: 14491.309600

Last query distance ops: 12633


========== PERFORMANCE SUMMARY ==========

Data loading time: 3775.728921 ms

Index build time: 194247.564505 ms

Query execution time: 13193.581788 ms

Total elapsed time: 215909.929149 ms


========== EFFICIENCY METRICS ==========

Queries per second: 757.944291

Distance ops per second: 10983605.386962


========== END OF LOG ==========

Log saved to: Log/run_20251203_160144_459.log

