========== HNSW Search Test ==========

Timestamp: Fri Dec  5 05:30:55 2025

Command line arguments:
  argv[0]: ./hng1
  argv[1]: --base
  argv[2]: data_o/glove/base.txt
  argv[3]: --query
  argv[4]: data_o/glove/query.txt
  argv[5]: --truth
  argv[6]: data_o/glove/truth.txt
  argv[7]: --k
  argv[8]: 10
  argv[9]: --m
  argv[10]: 59
  argv[11]: --max_layer
  argv[12]: 5
  argv[13]: --efc
  argv[14]: 763
  argv[15]: --efs
  argv[16]: 540
  argv[17]: --threads
  argv[18]: 32
  argv[19]: --ablate_csr
  argv[20]: 1
  argv[21]: --ablate_prefetch
  argv[22]: 1
  argv[23]: --ablate_simd
  argv[24]: 1
  argv[25]: --ablate_pruning
  argv[26]: 1
  argv[27]: --ablate_heap
  argv[28]: 1
  argv[29]: --ablate_flat_index
  argv[30]: 1
  argv[31]: --ablate_reorder
  argv[32]: 1

Configuration:
  Base file: data_o/glove/base.txt
  Query file: data_o/glove/query.txt
  Truth file: data_o/glove/truth.txt
  K: 10
  M: 59
  Max layer: 5
  EFC: 763
  EFS: 540
  Threads: 32
  Debug: -1

HNSW parameters set.

Ablation flags: csr=1, prefetch=1, simd=1, pruning=1, heap=1

Loading base vectors...
Loaded base from binary cache: data_o/glove/base.txt.bin
✓ Base loaded in 2010.516656 ms

Loading query vectors...
Loaded queries from binary cache: data_o/glove/query.txt.bin
✓ Queries loaded in 63.392479 ms

Loading ground truth...
Loaded truth from binary cache: data_o/glove/truth.txt.bin
✓ Truth loaded in 63.585159 ms

Data Summary:
  Dimension d=100, Base vectors=1183514, Queries=10000


Building HNSW index...
[Cache] Loaded index from: cache/hnsw_n1183514_d100_M59_L5_efc763.idx
[Cache] Load time: 3717.17 ms
[Ablation] Converted cached FlatHNSW to SimpleHNSW for dynamic queries
✓ Index built.
  build_time(local)=4984.566677 ms
  build_time(internal)=3717.165911 ms


========== GRAPH QUALITY ==========

  num_nodes: 0

  max_level (entry point): 0

  actual_max_layer: 0

  avg_degree_l0: 0.000000

  avg_degree_upper: 0.000000


  Layer Distribution:

    L0: 0 nodes (0.00%)



Executing queries...

  Processed 1000 queries

  Processed 2000 queries

  Processed 3000 queries

  Processed 4000 queries

  Processed 5000 queries

  Processed 6000 queries

  Processed 7000 queries

  Processed 8000 queries

  Processed 9000 queries

  Processed 10000 queries


========== RESULTS ==========

Total queries: 10000

Average recall@10: 0.000000

Average query time: 3.183763 ms

Total query time: 31837.631721 ms


========== DISTANCE STATISTICS ==========

Total queries reported by index: 10000

Total distance computations: 260495430

Average distance ops per query: 26049.543000

Last query distance ops: 20040


========== PERFORMANCE SUMMARY ==========

Data loading time: 2137.494294 ms

Index build time: 3717.165911 ms

Query execution time: 31837.631721 ms

Total elapsed time: 38959.692692 ms


========== EFFICIENCY METRICS ==========

Queries per second: 314.093714

Distance ops per second: 8181997.715244


========== END OF LOG ==========

Log saved to: Log/run_20251205_053055_678.log

