========== HNSW Search Test ==========

Timestamp: Mon Dec 15 14:35:36 2025

Command line arguments:
  argv[0]: ./hnga
  argv[1]: --base
  argv[2]: data_o/glove/base.txt
  argv[3]: --query
  argv[4]: data_o/glove/query.txt
  argv[5]: --truth
  argv[6]: data_o/glove/truth.txt
  argv[7]: --k
  argv[8]: 10
  argv[9]: --m
  argv[10]: 57
  argv[11]: --max_layer
  argv[12]: 7
  argv[13]: --efc
  argv[14]: 1301
  argv[15]: --efs
  argv[16]: 340
  argv[17]: --threads
  argv[18]: 32
  argv[19]: --ablate_csr
  argv[20]: 0
  argv[21]: --ablate_prefetch
  argv[22]: 0
  argv[23]: --ablate_simd
  argv[24]: 0
  argv[25]: --ablate_pruning
  argv[26]: 0
  argv[27]: --ablate_heap
  argv[28]: 0
  argv[29]: --ablate_flat_index
  argv[30]: 0
  argv[31]: --ablate_reorder
  argv[32]: 0
  argv[33]: --ablate_adaptive_ep
  argv[34]: 0
  argv[35]: --adaptive_ep_k
  argv[36]: 64

Configuration:
  Base file: data_o/glove/base.txt
  Query file: data_o/glove/query.txt
  Truth file: data_o/glove/truth.txt
  K: 10
  M: 57
  Max layer: 7
  EFC: 1301
  EFS: 340
  Threads: 32
  Debug: -1
  Adaptive EP K: 64

HNSW parameters set.

Ablation flags: prefetch=0, simd=0, pruning=0, heap=0, reorder=0, adaptive_ep=0

Loading base vectors...
Loaded base from binary cache: data_o/glove/base.txt.bin
✓ Base loaded in 2215.271290 ms

Loading query vectors...
Loaded queries from binary cache: data_o/glove/query.txt.bin
✓ Queries loaded in 83.813066 ms

Loading ground truth...
Loaded truth from binary cache: data_o/glove/truth.txt.bin
✓ Truth loaded in 76.992482 ms

Data Summary:
  Dimension d=100, Base vectors=1183514, Queries=10000


Building HNSW index...
[Cache] Loaded index from: cache/hnsw_n1183514_d100_M57_L7_efc1301.idx
[Cache] Load time: 4761.40 ms
✓ Index built.
  build_time(local)=4766.432492 ms
  build_time(internal)=4761.396331 ms


========== GRAPH QUALITY ==========

  num_nodes: 1183514

  max_level (entry point): 3

  actual_max_layer: 3

  avg_degree_l0: 87.309067

  avg_degree_upper: 0.203218


  Layer Distribution:

    L0: 1183514 nodes (100.00%)

    L1: 20998 nodes (1.77%)

    L2: 378 nodes (0.03%)

    L3: 5 nodes (0.00%)



Executing queries...

  Processed 1000 queries

  Processed 2000 queries

  Processed 3000 queries

  Processed 4000 queries

  Processed 5000 queries

  Processed 6000 queries

  Processed 7000 queries

  Processed 8000 queries

  Processed 9000 queries

  Processed 10000 queries


========== RESULTS ==========

Total queries: 10000

Average recall@10: 0.986120

Average query time: 1.734778 ms

Total query time: 17347.781058 ms


========== DISTANCE STATISTICS ==========

Total queries reported by index: 10000

Total distance computations: 241377222

Average distance ops per query: 24137.722200

Last query distance ops: 23459


========== PERFORMANCE SUMMARY ==========

Data loading time: 2376.076838 ms

Index build time: 4761.396331 ms

Query execution time: 17347.781058 ms

Total elapsed time: 24490.290388 ms


========== EFFICIENCY METRICS ==========

Queries per second: 576.442599

Distance ops per second: 13914011.318969


========== END OF LOG ==========

Log saved to: Log/run_20251215_143536_465.log

