========== HNSW Search Test ==========

Timestamp: Fri Dec  5 05:23:59 2025

Command line arguments:
  argv[0]: ./hng1
  argv[1]: --base
  argv[2]: data_o/glove/base.txt
  argv[3]: --query
  argv[4]: data_o/glove/query.txt
  argv[5]: --truth
  argv[6]: data_o/glove/truth.txt
  argv[7]: --k
  argv[8]: 10
  argv[9]: --m
  argv[10]: 59
  argv[11]: --max_layer
  argv[12]: 5
  argv[13]: --efc
  argv[14]: 763
  argv[15]: --efs
  argv[16]: 535
  argv[17]: --threads
  argv[18]: 32
  argv[19]: --ablate_csr
  argv[20]: 0
  argv[21]: --ablate_prefetch
  argv[22]: 0
  argv[23]: --ablate_simd
  argv[24]: 1
  argv[25]: --ablate_pruning
  argv[26]: 0
  argv[27]: --ablate_heap
  argv[28]: 0
  argv[29]: --ablate_flat_index
  argv[30]: 0
  argv[31]: --ablate_reorder
  argv[32]: 0

Configuration:
  Base file: data_o/glove/base.txt
  Query file: data_o/glove/query.txt
  Truth file: data_o/glove/truth.txt
  K: 10
  M: 59
  Max layer: 5
  EFC: 763
  EFS: 535
  Threads: 32
  Debug: -1

HNSW parameters set.

Ablation flags: csr=0, prefetch=0, simd=1, pruning=0, heap=0

Loading base vectors...
Loaded base from binary cache: data_o/glove/base.txt.bin
✓ Base loaded in 2049.095089 ms

Loading query vectors...
Loaded queries from binary cache: data_o/glove/query.txt.bin
✓ Queries loaded in 63.636967 ms

Loading ground truth...
Loaded truth from binary cache: data_o/glove/truth.txt.bin
✓ Truth loaded in 64.779553 ms

Data Summary:
  Dimension d=100, Base vectors=1183514, Queries=10000


Building HNSW index...
[Cache] Loaded index from: cache/hnsw_n1183514_d100_M59_L5_efc763.idx
[Cache] Load time: 3759.11 ms
✓ Index built.
  build_time(local)=3763.995628 ms
  build_time(internal)=3759.109008 ms


========== GRAPH QUALITY ==========

  num_nodes: 1183514

  max_level (entry point): 3

  actual_max_layer: 3

  avg_degree_l0: 60.350342

  avg_degree_upper: 0.146105


  Layer Distribution:

    L0: 1183514 nodes (100.00%)

    L1: 20263 nodes (1.71%)

    L2: 320 nodes (0.03%)

    L3: 5 nodes (0.00%)



Executing queries...

  Processed 1000 queries

  Processed 2000 queries

  Processed 3000 queries

  Processed 4000 queries

  Processed 5000 queries

  Processed 6000 queries

  Processed 7000 queries

  Processed 8000 queries

  Processed 9000 queries

  Processed 10000 queries


========== RESULTS ==========

Total queries: 10000

Average recall@10: 0.988230

Average query time: 1.744583 ms

Total query time: 17445.827259 ms


========== DISTANCE STATISTICS ==========

Total queries reported by index: 10000

Total distance computations: 258423959

Average distance ops per query: 25842.395900

Last query distance ops: 19999


========== PERFORMANCE SUMMARY ==========

Data loading time: 2177.511609 ms

Index build time: 3759.109008 ms

Query execution time: 17445.827259 ms

Total elapsed time: 23387.334496 ms


========== EFFICIENCY METRICS ==========

Queries per second: 573.202970

Distance ops per second: 14812938.083328


========== END OF LOG ==========

Log saved to: Log/run_20251205_052359_571.log

