========== HNSW Search Test ==========

Timestamp: Wed Dec  3 15:59:43 2025

Command line arguments:
  argv[0]: ./hng
  argv[1]: --base
  argv[2]: data_o/glove/base.txt
  argv[3]: --query
  argv[4]: data_o/glove/query.txt
  argv[5]: --truth
  argv[6]: data_o/glove/truth.txt
  argv[7]: --k
  argv[8]: 10
  argv[9]: --m
  argv[10]: 35
  argv[11]: --max_layer
  argv[12]: 6
  argv[13]: --efc
  argv[14]: 749
  argv[15]: --efs
  argv[16]: 1955
  argv[17]: --threads
  argv[18]: 32
  argv[19]: --ablate_csr
  argv[20]: 1
  argv[21]: --ablate_prefetch
  argv[22]: 1
  argv[23]: --ablate_simd
  argv[24]: 1
  argv[25]: --ablate_pruning
  argv[26]: 1
  argv[27]: --ablate_heap
  argv[28]: 1
  argv[29]: --ablate_flat_index
  argv[30]: 0

Configuration:
  Base file: data_o/glove/base.txt
  Query file: data_o/glove/query.txt
  Truth file: data_o/glove/truth.txt
  K: 10
  M: 35
  Max layer: 6
  EFC: 749
  EFS: 1955
  Threads: 32
  Debug: -1

HNSW parameters set.

Ablation flags: csr=1, prefetch=1, simd=1, pruning=1, heap=1

Loading base vectors...
Loaded base from binary cache: data_o/glove/base.txt.bin
✓ Base loaded in 2195.936975 ms

Loading query vectors...
Loaded queries from binary cache: data_o/glove/query.txt.bin
✓ Queries loaded in 72.427329 ms

Loading ground truth...
Loaded truth from binary cache: data_o/glove/truth.txt.bin
✓ Truth loaded in 70.561049 ms

Data Summary:
  Dimension d=100, Base vectors=1183514, Queries=10000


Building HNSW index...
✓ Index built.
  build_time(local)=4632.420196 ms
  build_time(internal)=3613.818512 ms


========== GRAPH QUALITY ==========

  num_nodes: 0

  max_level (entry point): 0

  actual_max_layer: 0

  avg_degree_l0: 0.000000

  avg_degree_upper: 0.000000


  Layer Distribution:

    L0: 0 nodes (0.00%)



Executing queries...

  Processed 1000 queries

  Processed 2000 queries

  Processed 3000 queries

  Processed 4000 queries

  Processed 5000 queries

  Processed 6000 queries

  Processed 7000 queries

  Processed 8000 queries

  Processed 9000 queries

  Processed 10000 queries


========== RESULTS ==========

Total queries: 10000

Average recall@10: 0.998510

Average query time: 11.338579 ms

Total query time: 113385.789314 ms


========== DISTANCE STATISTICS ==========

Total queries reported by index: 10000

Total distance computations: 655841375

Average distance ops per query: 65584.137500

Last query distance ops: 48857


========== PERFORMANCE SUMMARY ==========

Data loading time: 2338.925353 ms

Index build time: 3613.818512 ms

Query execution time: 113385.789314 ms

Total elapsed time: 120357.134863 ms


========== EFFICIENCY METRICS ==========

Queries per second: 88.194474

Distance ops per second: 5784158.482010


========== END OF LOG ==========

Log saved to: Log/run_20251203_155943_243.log

