========== HNSW Search Test ==========

========== HNSW Search Test ==========

Timestamp: Thu Dec  4 14:45:52 2025

Command line arguments:
Timestamp: Thu Dec  4 14:45:52 2025

  argv[0]: ./hng1
Command line arguments:
  argv[1]: --base
  argv[0]: ./hng1
  argv[2]: data_o/glove/base.txt
  argv[1]: --base
  argv[3]: --query
  argv[2]: data_o/glove/base.txt
  argv[4]: data_o/glove/query.txt
  argv[3]: --query
========== HNSW Search Test ==========

  argv[5]: --truth
  argv[4]: data_o/glove/query.txt
  argv[6]: data_o/glove/truth.txt
  argv[5]: --truth
Timestamp: Thu Dec  4 14:45:52 2025

  argv[7]: --k
  argv[6]: data_o/glove/truth.txt
Command line arguments:
  argv[8]: 10
  argv[7]: --k
  argv[0]: ./hng1
  argv[9]: --m
  argv[8]: 10
  argv[1]: --base
  argv[10]: 43
  argv[9]: --m
  argv[2]: data_o/glove/base.txt
  argv[11]: --max_layer
  argv[10]: 43
  argv[3]: --query
  argv[12]: 10
  argv[11]: --max_layer
  argv[4]: data_o/glove/query.txt
  argv[13]: --efc
  argv[12]: 10
  argv[5]: --truth
  argv[14]: 735
  argv[13]: --efc
  argv[6]: data_o/glove/truth.txt
  argv[15]: --efs
  argv[14]: 735
  argv[7]: --k
  argv[16]: 425
  argv[15]: --efs
  argv[8]: 10
  argv[17]: --threads
  argv[16]: 425
  argv[9]: --m
  argv[18]: 32
  argv[17]: --threads
  argv[10]: 43
  argv[19]: --ablate_csr
  argv[18]: 32
  argv[11]: --max_layer
  argv[20]: 0
  argv[19]: --ablate_csr
  argv[12]: 10
  argv[21]: --ablate_prefetch
  argv[20]: 1
  argv[13]: --efc
  argv[22]: 0
  argv[21]: --ablate_prefetch
  argv[14]: 735
  argv[23]: --ablate_simd
  argv[22]: 0
  argv[15]: --efs
  argv[24]: 0
  argv[23]: --ablate_simd
  argv[16]: 425
  argv[25]: --ablate_pruning
  argv[24]: 0
  argv[17]: --threads
  argv[26]: 0
  argv[25]: --ablate_pruning
  argv[18]: 32
  argv[27]: --ablate_heap
  argv[26]: 0
  argv[19]: --ablate_csr
  argv[28]: 0
  argv[27]: --ablate_heap
  argv[20]: 0
  argv[29]: --ablate_flat_index
  argv[28]: 0
  argv[21]: --ablate_prefetch
  argv[30]: 1
  argv[29]: --ablate_flat_index
  argv[22]: 0
  argv[31]: --ablate_reorder
  argv[30]: 0
  argv[23]: --ablate_simd
  argv[32]: 0
  argv[31]: --ablate_reorder
  argv[24]: 0

Configuration:
  argv[32]: 0
  argv[25]: --ablate_pruning
  Base file: data_o/glove/base.txt

Configuration:
  argv[26]: 0
  Query file: data_o/glove/query.txt
  Base file: data_o/glove/base.txt
  argv[27]: --ablate_heap
  Truth file: data_o/glove/truth.txt
  Query file: data_o/glove/query.txt
  argv[28]: 0
  K: 10
  Truth file: data_o/glove/truth.txt
  argv[29]: --ablate_flat_index
  M: 43
  K: 10
  argv[30]: 0
  Max layer: 10
  M: 43
  argv[31]: --ablate_reorder
  EFC: 735
  Max layer: 10
  argv[32]: 1
  EFS: 425
  EFC: 735

Configuration:
  Threads: 32
  EFS: 425
  Base file: data_o/glove/base.txt
  Debug: -1
  Threads: 32
  Query file: data_o/glove/query.txt

  Debug: -1
  Truth file: data_o/glove/truth.txt
HNSW parameters set.


  K: 10
Ablation flags: csr=0, prefetch=0, simd=0, pruning=0, heap=0

HNSW parameters set.

  M: 43
Loading base vectors...
Ablation flags: csr=1, prefetch=0, simd=0, pruning=0, heap=0

  Max layer: 10
Loading base vectors...
  EFC: 735
  EFS: 425
  Threads: 32
  Debug: -1

HNSW parameters set.

Ablation flags: csr=0, prefetch=0, simd=0, pruning=0, heap=0

Loading base vectors...
