========== HNSW Search Test ==========

Timestamp: Thu Dec  4 14:33:57 2025

Command line arguments:
  argv[0]: ./hng1
  argv[1]: --m
  argv[2]: 34
  argv[3]: --max_layer
  argv[4]: 7
  argv[5]: --efc
  argv[6]: 445
  argv[7]: --efs
  argv[8]: 980

Configuration:
  Base file: data_o/glove/base.txt
  Query file: data_o/glove/query.txt
  Truth file: data_o/glove/truth.txt
  K: 10
  M: 34
  Max layer: 7
  EFC: 445
  EFS: 980
  Threads: -1
  Debug: -1

HNSW parameters set.

Ablation flags: csr=0, prefetch=0, simd=0, pruning=0, heap=0

Loading base vectors...
✓ Base loaded in 2256.213250 ms

Loading query vectors...
✓ Queries loaded in 70.132890 ms

Loading ground truth...
✓ Truth loaded in 68.193591 ms

Data Summary:
  Dimension d=100, Base vectors=1183514, Queries=10000


Building HNSW index...
✓ Index built.
  build_time(local)=3539.350787 ms
  build_time(internal)=3533.996141 ms


========== GRAPH QUALITY ==========

  num_nodes: 1183514

  max_level (entry point): 4

  actual_max_layer: 4

  avg_degree_l0: 44.902996

  avg_degree_upper: 0.185868


  Layer Distribution:

    L0: 1183514 nodes (100.00%)

    L1: 34698 nodes (2.93%)

    L2: 1051 nodes (0.09%)

    L3: 28 nodes (0.00%)

    L4: 1 nodes (0.00%)



Executing queries...

  Processed 1000 queries

  Processed 2000 queries

  Processed 3000 queries

