========== HNSW Search Test ==========

Timestamp: Wed Dec  3 13:28:16 2025

Command line arguments:
  argv[0]: ./hng
  argv[1]: --base
  argv[2]: data_o/glove/base.txt
  argv[3]: --query
  argv[4]: data_o/glove/query.txt
  argv[5]: --truth
  argv[6]: data_o/glove/truth.txt
  argv[7]: --k
  argv[8]: 10
  argv[9]: --m
  argv[10]: 51
  argv[11]: --max_layer
  argv[12]: 7
  argv[13]: --efc
  argv[14]: 603
  argv[15]: --efs
  argv[16]: 432
  argv[17]: --threads
  argv[18]: 32
  argv[19]: --ablate_csr
  argv[20]: 1
  argv[21]: --ablate_prefetch
  argv[22]: 0
  argv[23]: --ablate_simd
  argv[24]: 0
  argv[25]: --ablate_pruning
  argv[26]: 0
  argv[27]: --ablate_heap
  argv[28]: 0

Configuration:
  Base file: data_o/glove/base.txt
  Query file: data_o/glove/query.txt
  Truth file: data_o/glove/truth.txt
  K: 10
  M: 51
  Max layer: 7
  EFC: 603
  EFS: 432
  Threads: 32
  Debug: -1

HNSW parameters set.

Ablation flags: csr=1, prefetch=0, simd=0, pruning=0, heap=0

Loading base vectors...
✓ Base loaded in 2141.768210 ms

Loading query vectors...
✓ Queries loaded in 74.285174 ms

Loading ground truth...
✓ Truth loaded in 75.581536 ms

Data Summary:
  Dimension d=100, Base vectors=1183514, Queries=10000


Building HNSW index...
✓ Index built.
  build_time(local)=5033.166988 ms
  build_time(internal)=3743.052147 ms


========== GRAPH QUALITY ==========

  num_nodes: 0

  max_level (entry point): 0

  actual_max_layer: 0

  avg_degree_l0: 0.000000

  avg_degree_upper: 0.000000


  Layer Distribution:

    L0: 0 nodes (0.00%)



Executing queries...

  Processed 1000 queries

  Processed 2000 queries

  Processed 3000 queries

  Processed 4000 queries

  Processed 5000 queries

  Processed 6000 queries

  Processed 7000 queries

  Processed 8000 queries

  Processed 9000 queries

  Processed 10000 queries


========== RESULTS ==========

Total queries: 10000

Average recall@10: 0.980050

Average query time: 2.397331 ms

Total query time: 23973.312400 ms


========== DISTANCE STATISTICS ==========

Total queries reported by index: 10000

Total distance computations: 0

Average distance ops per query: 0.000000

Last query distance ops: 0


========== PERFORMANCE SUMMARY ==========

Data loading time: 2291.634920 ms

Index build time: 3743.052147 ms

Query execution time: 23973.312400 ms

Total elapsed time: 31298.114308 ms


========== EFFICIENCY METRICS ==========

Queries per second: 417.130509


========== END OF LOG ==========

Log saved to: Log/run_20251203_132816_411.log

